Info: *******************************************************************
Info: Running Quartus Prime SignalTap II
    Info: Version 17.0.0 Build 595 04/25/2017 SJ Standard Edition
    Info: Copyright (C) 2017  Intel Corporation. All rights reserved.
    Info: Your use of Intel Corporation's design tools, logic functions 
    Info: and other software and tools, and its AMPP partner logic 
    Info: functions, and any output files from any of the foregoing 
    Info: (including device programming or simulation files), and any 
    Info: associated documentation or information are expressly subject 
    Info: to the terms and conditions of the Intel Program License 
    Info: Subscription Agreement, the Intel Quartus Prime License Agreement,
    Info: the Intel MegaCore Function License Agreement, or other 
    Info: applicable license agreement, including, without limitation, 
    Info: that your use is for the sole purpose of programming logic 
    Info: devices manufactured by Intel and sold by Intel or its 
    Info: authorized distributors.  Please refer to the applicable 
    Info: agreement for further details.
    Info: Processing started: Tue Sep  1 01:40:44 2026
Info: Command: quartus_stp -t scripts/jtag/read_wb_runtime.tcl --raw
Info: Quartus(args): --raw
RAW mailbox completion toggle wb_sync_toggle=0

============================================================
White Rabbit Runtime 診斷：DE5 [1-11.1]
============================================================

## [Step 1] PHY / 光纖 Link
[pass] si_config_done           結果: 1/1
[pass] wr_ready                 結果: 1/1
[pass] core_tm_link_up          結果: 1/1
[pass] core_link_ok             結果: 1/1
[pass] wr_rx_ready              結果: 1/1
[pass] wr_tx_ready              結果: 1/1
[pass] core_phy_rst             結果: 0/0
[pass] si_id_error              結果: 0/0
[pass] wr_rx_enc_err            結果: 0/0
[pass] wr_tx_enc_err            結果: 0/0
[pass] CPU_RESET_n              結果: 1/1
[pass] wr_rx_locked_to_data     結果: 1/1
[info] wr_rx_locked_to_ref      結果: 0/NA
[info] MOD_PRS_n                結果: 0/NA
[info] INTERRUPT_n              結果: 1/NA
Step 1 pass

## [Step 2] Endpoint / MiniNIC / PTP
[pass] EP_MAC_H/EP_MAC_L        結果: 02:00:22:33:44:01/02:00:22:33:44:01
[pass] WDIAGS_MODE              結果: 2 MASTER/2 MASTER
[pass] WDIAGS_PTP               結果: 6 MASTER (raw=01014106)/6 MASTER
[pass] WDIAGS_PTP_RX            結果: Δ=13/Δ>0
RAW WDIAGS_PTP_RX            before=0x000000B6 after=0x000000C3 delta=13
[pass] WDIAGS_PTP_TX            結果: Δ=26/Δ>0
RAW WDIAGS_PTP_TX            before=0x00000199 after=0x000001B3 delta=26
[pass] WDIAGS_TX                結果: Δ=33/Δ>0
RAW WDIAGS_TX                before=0x00000224 after=0x00000245 delta=33
[pass] WDIAGS_RX                結果: Δ=18/Δ>0
RAW WDIAGS_RX                before=0x00000119 after=0x0000012B delta=18
[pass] WDIAGS_RXERR             結果: Δ=0/Δ=0
RAW WDIAGS_RXERR             before=0x00000000 after=0x00000000 delta=0
Step 2 pass

## [Step 3] WR Parent / Signaling
Step 3 NA

## [Step 4A] Master SoftPLL Event Chain
[pass] DMTD_REF_ACCEPT_EVENT    結果: Δ=23226/Δ>=0
RAW DMTD_REF_ACCEPT_EVENT    before=0x007B90A4 after=0x007BEB5E delta=23226
[pass] DMTD_FB_ACCEPT_EVENT     結果: Δ=22198/Δ>=0
RAW DMTD_FB_ACCEPT_EVENT     before=0x0047CB5A after=0x00482210 delta=22198
[pass] DMTD_ACCEPT              結果: Δ=45424/Δ>0
[pass] SPLL_TAG_VALID_COUNT     結果: Δ=22198/Δ>0
RAW SPLL_TAG_VALID_COUNT     before=0x000846AC after=0x00089D62 delta=22198
[pass] SPLL_TRR_WRITE_COUNT     結果: Δ=22198/Δ>0
RAW SPLL_TRR_WRITE_COUNT     before=0x000846C2 after=0x00089D78 delta=22198
[pass] WRPC_SPLL_TRR_POP_COUNT  結果: Δ=22396/Δ>0
RAW WRPC_SPLL_TRR_POP_COUNT  before=0x000845BC after=0x00089D38 delta=22396
[pass] WDIAGS_IRQ_COUNT         結果: Δ=22396/Δ>0
RAW WDIAGS_IRQ_COUNT         before=0x000845BC after=0x00089D38 delta=22396
[pass] WDIAGS_HELPER_UPDATE_COUNT 結果: Δ=22396/Δ>0
RAW WDIAGS_HELPER_UPDATE_COUNT before=0x000845BC after=0x00089D38 delta=22396
[pass] BOOT_GENERATION          結果: Δ=0/Δ=0
RAW BOOT_GENERATION          before=0x00000001 after=0x00000001 delta=0
[pass] CPU_RESET_COUNT          結果: Δ=0/Δ=0
RAW CPU_RESET_COUNT          before=0x00000001 after=0x00000001 delta=0
[pass] WR_CORE_RESET_COUNT      結果: Δ=0/Δ=0
RAW WR_CORE_RESET_COUNT      before=0x00000001 after=0x00000001 delta=0
[pass] SI_CONFIG_DROP_COUNT     結果: Δ=0/Δ=0
RAW SI_CONFIG_DROP_COUNT     before=0x00000001 after=0x00000001 delta=0
STEP4A_MASTER_EVENT_CHAIN = PASS
Step 4 pass

## [Step 5] Closed-loop Lock
STEP5_RESULT = NOT_APPLICABLE_MASTER
STEP5_FIRST_INACTIVE_BOUNDARY = SLAVE_ONLY
Step 5 NA (Step5 closed-loop gate is for Slave)

## [Step 6] Global Time
Step 6 NA

============================================================
White Rabbit Runtime 診斷：DE5 [1-11.1]
============================================================
Step 1 PHY / Link             pass
Step 2 Endpoint / PTP         pass
Step 3 WR Handshake           NA
Step 4 Step4A Master Event Chain pass
Step 5 Closed-loop Lock       NA
Step 6 Global Time            NA
STEP1_REGRESSION = PASS
STEP2_REGRESSION = PASS
STEP3_REGRESSION = PASS
STEP4A_RESULT = PASS
STEP5_RESULT = NOT_APPLICABLE_MASTER
STEP5_FIRST_INACTIVE_BOUNDARY = SLAVE_ONLY
FAILURE_CLASSIFICATION = NO_FAILURE_EVIDENCE
============================================================

================ RAW_SNAPSHOT ================
RAW_SNAPSHOT board=DE5 [1-11.1] label=before
  status           = D11E9CC121B482FF
  cpu              = 0000007C00000428
  marker           = 000000010000B004
  store            = 00083F290001DEA0
  store_count      = 00000000035E22FE
  exception        = 8000000B00001228
  clock            = 002A360673D3847A
  boot_generation  = 00000001
  cpu_reset_count  = 00000001
  wr_core_reset_count = 00000001
  si_config_drop_count = 00000001
  pps_cr           = 01312D06
  pps_escr         = 0000000C
  ep_mach          = 02000200
  ep_macl          = 22334401
  ep_dsr           = 22334401
  ptp              = 01014106
  ptp_rx           = 000000B6
  ptp_tx           = 00000199
  ptp_meta         = 02020406
  tx               = 00000224
  rx               = 00000119
  rxerr            = 00000000
  ptp_types        = 01010101
  foreign_meta     = 0000FF00
  filter_meta      = 00000000
  parse_meta       = 00010136
  wr_rx_signal     = 10000001
  wr_tx_signal     = 10010004
  wr_failure       = 01030001
  wr_state         = A0000064
  wr_reject        = 00000000
  pstat            = 00000001
  sstat            = 00000000
  sec_h            = 00000000
  sec_l            = 00000087
  ns               = 14B1E618
  lock_enable      = 00000000
  lock_result      = 00000000
  lock_polls       = 00000000
  lock_unlocked    = 00000000
  lock_calibration_fail = 00000000
  spll_state       = 00020004
  spll_ocer        = 19FBA001
  spll_rcer        = 00000000
  spll_occr        = F300015A
  spll_trr_csr     = 000A442C
  spll_dac_hpll    = EB5B10B7
  spll_dac_main    = 00000003
  spll_helper_state = 00000100
  spll_helper_limits = 271000C8
  spll_main_state  = 00000000
  spll_main_limits = 00320032
  spll_main_phase_limits = 03E804B0
  spll_state_visit_mask = 00000618
  spll_state_transitions = 00000003
  spll_last_state  = 00000004
  spll_init_count  = 00000001
  dmtd_ref         = 007B90A4
  dmtd_fb          = 0047CB5A
  dmtd_ref_high_qual_abort = 02201CD8
  dmtd_fb_high_qual_abort = 0041225A
  tag_valid        = 000846AC
  trr_write        = 000846C2
  irq              = 000845BC
  helper_update    = 000845BC
  spll_helper_error = FFFDB610
  spll_helper_output = 0000FFFB
  eic_isr          = FFFF0000
  current_tics     = 000216A9
RAW_SNAPSHOT board=DE5 [1-11.1] label=after
  status           = 011E4DE131FC82FF
  cpu              = 0000007C0000122C
  marker           = 000000010000B004
  store            = 000895BF0001DEA0
  store_count      = 0000000003831323
  exception        = 8000000B00001220
  clock            = 002880CCBDE4CF38
  boot_generation  = 00000001
  cpu_reset_count  = 00000001
  wr_core_reset_count = 00000001
  si_config_drop_count = 00000001
  pps_cr           = 01312D06
  pps_escr         = 0000000C
  ep_mach          = 02000200
  ep_macl          = 22334401
  ep_dsr           = 42000000
  ptp              = 01014106
  ptp_rx           = 000000C3
  ptp_tx           = 000001B3
  ptp_meta         = 02020406
  tx               = 00000245
  rx               = 0000012B
  rxerr            = 00000000
  ptp_types        = 01010101
  foreign_meta     = 0000FF00
  filter_meta      = 00000000
  parse_meta       = 00010149
  wr_rx_signal     = 10000001
  wr_tx_signal     = 10010004
  wr_failure       = 01030001
  wr_state         = A0000064
  wr_reject        = 00000000
  pstat            = 00000001
  sstat            = 00000000
  sec_h            = 00000000
  sec_l            = 0000008C
  ns               = 3287CBE0
  lock_enable      = 00000000
  lock_result      = 00000000
  lock_polls       = 00000000
  lock_unlocked    = 00000000
  lock_calibration_fail = 00000000
  spll_state       = 00020004
  spll_ocer        = EB8DFC01
  spll_rcer        = 00000000
  spll_occr        = 140001D5
  spll_trr_csr     = 000A9A1E
  spll_dac_hpll    = 145693AA
  spll_dac_main    = 00000004
  spll_helper_state = 00000100
  spll_helper_limits = 271000C8
  spll_main_state  = 00000000
  spll_main_limits = 00320032
  spll_main_phase_limits = 03E804B0
  spll_state_visit_mask = 00000618
  spll_state_transitions = 00000003
  spll_last_state  = 00000004
  spll_init_count  = 00000001
  dmtd_ref         = 007BEB5E
  dmtd_fb          = 00482210
  dmtd_ref_high_qual_abort = 02238C2B
  dmtd_fb_high_qual_abort = 0043CC8D
  tag_valid        = 00089D62
  trr_write        = 00089D78
  irq              = 00089D38
  helper_update    = 00089D38
  spll_helper_error = FFFDB610
  spll_helper_output = 0000FFFB
  eic_isr          = FFFF0000
  current_tics     = 00022C24
RAW mailbox completion toggle wb_sync_toggle=0

============================================================
White Rabbit Runtime 診斷：DE5 [1-11.2]
============================================================

## [Step 1] PHY / 光纖 Link
[pass] si_config_done           結果: 1/1
[pass] wr_ready                 結果: 1/1
[pass] core_tm_link_up          結果: 1/1
[pass] core_link_ok             結果: 1/1
[pass] wr_rx_ready              結果: 1/1
[pass] wr_tx_ready              結果: 1/1
[pass] core_phy_rst             結果: 0/0
[pass] si_id_error              結果: 0/0
[pass] wr_rx_enc_err            結果: 0/0
[pass] wr_tx_enc_err            結果: 0/0
[pass] CPU_RESET_n              結果: 1/1
[pass] wr_rx_locked_to_data     結果: 1/1
[info] wr_rx_locked_to_ref      結果: 0/NA
[info] MOD_PRS_n                結果: 0/NA
[info] INTERRUPT_n              結果: 1/NA
Step 1 pass

## [Step 2] Endpoint / MiniNIC / PTP
[pass] EP_MAC_H/EP_MAC_L        結果: 02:00:22:33:44:02/02:00:22:33:44:02
[pass] WDIAGS_MODE              結果: 3 SLAVE/3 SLAVE
[pass] WDIAGS_PTP               結果: 9 SLAVE (raw=00004109)/9 SLAVE
[pass] WDIAGS_PTP_RX            結果: Δ=25/Δ>0
RAW WDIAGS_PTP_RX            before=0x000001B7 after=0x000001D0 delta=25
[pass] WDIAGS_PTP_TX            結果: Δ=2/Δ>0
RAW WDIAGS_PTP_TX            before=0x00000090 after=0x00000092 delta=2
[pass] WDIAGS_TX                結果: Δ=19/Δ>0
RAW WDIAGS_TX                before=0x00000140 after=0x00000153 delta=19
[pass] WDIAGS_RX                結果: Δ=30/Δ>0
RAW WDIAGS_RX                before=0x00000221 after=0x0000023F delta=30
[pass] WDIAGS_RXERR             結果: Δ=0/Δ=0
RAW WDIAGS_RXERR             before=0x00000000 after=0x00000000 delta=0
Step 2 pass

## [Step 3] WR Parent / Signaling
[pass] WDIAGS_FOREIGN_META      結果: 1/1
[pass] WDIAGS_FOREIGN_META      結果: 0/0
[info] WDIAGS_FOREIGN_META      結果: detection=0 config=3/NA
[pass] parentIsWRnode           結果: 1/1
[info] parentWrModeOn           結果: 0/NA
[pass] parentCalibrated         結果: 1/1
[pass] WR_RX_SIGNAL_DEBUG       結果: LOCK count=1/LOCK 0x1001,count>0
[pass] WR_TX_SIGNAL_DEBUG       結果: SLAVE_PRESENT count=1/SLAVE_PRESENT 0x1000,count>0
[info] WDIAGS_TEMP              結果: WRS_IDLE next=WRS_IDLE POST_STEP3_TIMEOUT/NA
[pass] LOCK_ENABLE              結果: 4/> 0
[info] WR_FAILURE_DEBUG         結果: TIMEOUT last_fail_state=WRS_S_LOCK failure_count=1/NA
Step 3 pass

## [Step 4B] Slave SoftPLL Startup
[pass] LOCK_ENABLE_COUNT        結果: 4/> 0
[pass] SPLL_MODE                結果: 3 (SPLL_MODE_SLAVE)/3 SPLL_MODE_SLAVE
[pass] SPLL_SEQ_STATE           結果: 4 (SEQ_WAIT_HELPER)/active, not 0/7
[pass] SPLL_STATE_VISIT_MASK    結果: 0x00000618/> 0
[pass] SPLL_INIT_COUNT          結果: 1/> 0
[pass] RCER                     結果: 0x00000001/> 0
[pass] OCER                     結果: 0x00030004/> 0
[info] SPLL_ALIGN_STATE         結果: 0/NA
[info] SPLL_STATE_TRANSITIONS   結果: 0x00000003/NA
[info] SPLL_LAST_STATE          結果: 4 (SEQ_WAIT_HELPER)/NA
[info] OCCR                     結果: 0xED0001C2/NA
[pass] DMTD_REF_ACCEPT_EVENT    結果: Δ=21167/Δ>=0
RAW DMTD_REF_ACCEPT_EVENT    before=0x025152D9 after=0x0251A588 delta=21167
[pass] DMTD_FB_ACCEPT_EVENT     結果: Δ=22196/Δ>=0
RAW DMTD_FB_ACCEPT_EVENT     before=0x0281DF49 after=0x028235FD delta=22196
[pass] DMTD_ACCEPT              結果: Δ=43363/Δ>0
[pass] SPLL_TAG_VALID_COUNT     結果: Δ=43365/Δ>0
RAW SPLL_TAG_VALID_COUNT     before=0x000B3423 after=0x000BDD88 delta=43365
[pass] SPLL_TRR_WRITE_COUNT     結果: Δ=43365/Δ>0
RAW SPLL_TRR_WRITE_COUNT     before=0x000B3450 after=0x000BDDB5 delta=43365
[pass] WRPC_SPLL_TRR_POP_COUNT  結果: Δ=43756/Δ>0
RAW WRPC_SPLL_TRR_POP_COUNT  before=0x000B327E after=0x000BDD6A delta=43756
[pass] WDIAGS_IRQ_COUNT         結果: Δ=42857/Δ>0
RAW WDIAGS_IRQ_COUNT         before=0x000AF761 after=0x000B9ECA delta=42857
[pass] WDIAGS_HELPER_UPDATE_COUNT 結果: Δ=21359/Δ>0
RAW WDIAGS_HELPER_UPDATE_COUNT before=0x00057741 after=0x0005CAB0 delta=21359
[pass] BOOT_GENERATION          結果: Δ=0/Δ=0
RAW BOOT_GENERATION          before=0x00000001 after=0x00000001 delta=0
[pass] CPU_RESET_COUNT          結果: Δ=0/Δ=0
RAW CPU_RESET_COUNT          before=0x00000001 after=0x00000001 delta=0
[pass] WR_CORE_RESET_COUNT      結果: Δ=0/Δ=0
RAW WR_CORE_RESET_COUNT      before=0x00000001 after=0x00000001 delta=0
[pass] SI_CONFIG_DROP_COUNT     結果: Δ=0/Δ=0
RAW SI_CONFIG_DROP_COUNT     before=0x00000001 after=0x00000001 delta=0
STEP4B_ALLOWED = YES
STEP4B_RESULT = PASS
STEP4B_FIRST_INACTIVE_BOUNDARY = ACTIVE
Step 4B pass
Step 4 pass

## [Step 5] Closed-loop Lock
STEP5_LOCKDET_BEFORE: HELPER locked=0 changed=0 cnt=100/10000 threshold=200 ref_src=0 MAIN enabled=0 locked=0 freq=0 phase=0 freq_cnt=0/50 phase_cnt=0/1000 PSTAT_locked=0
STEP5_LOCKDET_AFTER: HELPER locked=0 changed=0 cnt=100/10000 threshold=200 ref_src=0 MAIN enabled=0 locked=0 freq=0 phase=0 freq_cnt=0/50 phase_cnt=0/1000 PSTAT_locked=0
[error] WDIAGS_PSTAT             結果: 0/1
STEP5_RESULT = NEVER_LOCKED
STEP5_FIRST_INACTIVE_BOUNDARY = HELPER_LOCK
Step 5 NA (single window is not stable-lock proof)

## [Step 6] Global Time
Step 6 NA

============================================================
White Rabbit Runtime 診斷：DE5 [1-11.2]
============================================================
Step 1 PHY / Link             pass
Step 2 Endpoint / PTP         pass
Step 3 WR Handshake           pass
Step 4 Step4B Slave SoftPLL Startup pass
Step 5 Closed-loop Lock       NA
Step 6 Global Time            NA
STEP1_REGRESSION = PASS
STEP2_REGRESSION = PASS
STEP3_REGRESSION = PASS
STEP4B_ALLOWED = YES
STEP4B_RESULT = PASS
STEP4B_FIRST_INACTIVE_BOUNDARY = ACTIVE
STEP5_RESULT = NEVER_LOCKED
STEP5_FIRST_INACTIVE_BOUNDARY = HELPER_LOCK
FAILURE_CLASSIFICATION = NO_FAILURE_EVIDENCE
============================================================

================ RAW_SNAPSHOT ================
RAW_SNAPSHOT board=DE5 [1-11.2] label=before
  status           = C110716138BC82CF
  cpu              = 0000007C00001228
  marker           = 000000010000B004
  store            = 000AEA440001DEA0
  store_count      = 000000000349F632
  exception        = 8000000B00001224
  clock            = 002B159E0C0B18F9
  boot_generation  = 00000001
  cpu_reset_count  = 00000001
  wr_core_reset_count = 00000001
  si_config_drop_count = 00000001
  pps_cr           = 01312D02
  pps_escr         = 00000000
  ep_mach          = 02000200
  ep_macl          = 22334402
  ep_dsr           = 42000000
  ptp              = 00004109
  ptp_rx           = 000001B7
  ptp_tx           = 00000090
  ptp_meta         = 03020409
  tx               = 00000140
  rx               = 00000221
  rxerr            = 00000000
  ptp_types        = 04623162
  foreign_meta     = 03000001
  filter_meta      = 00000000
  parse_meta       = 050131B0
  wr_rx_signal     = 10010001
  wr_tx_signal     = 10000001
  wr_failure       = 02020001
  wr_state         = A000035C
  wr_reject        = 00000000
  pstat            = 00000001
  sstat            = 00000001
  sec_h            = 00000000
  sec_l            = 0000008D
  ns               = 1D449020
  lock_enable      = 00000004
  lock_result      = 00000001
  lock_polls       = 00005B18
  lock_unlocked    = 00005B18
  lock_calibration_fail = 00000000
  spll_state       = 00030004
  spll_ocer        = E3EF5801
  spll_rcer        = 00000001
  spll_occr        = 440001A2
  spll_trr_csr     = 000A2E6C
  spll_dac_hpll    = 0F5B2C29
  spll_dac_main    = 00000003
  spll_helper_state = 00640000
  spll_helper_limits = 271000C8
  spll_main_state  = 00000000
  spll_main_limits = 00320032
  spll_main_phase_limits = 03E804B0
  spll_state_visit_mask = 00000618
  spll_state_transitions = 00000003
  spll_last_state  = 00000004
  spll_init_count  = 00000001
  dmtd_ref         = 025152D9
  dmtd_fb          = 0281DF49
  dmtd_ref_high_qual_abort = 000C322C
  dmtd_fb_high_qual_abort = 000529F2
  tag_valid        = 000B3423
  trr_write        = 000B3450
  irq              = 000AF761
  helper_update    = 00057741
  spll_helper_error = FFFFFF2C
  spll_helper_output = 00003760
  eic_isr          = FFFF0000
  current_tics     = 00019F7F
RAW_SNAPSHOT board=DE5 [1-11.2] label=after
  status           = C110A66138BC82CF
  cpu              = 0000007C00001228
  marker           = 000000010000B004
  store            = 000B905D0001DEA0
  store_count      = 000000000379BFAA
  exception        = 8000000B00001228
  clock            = 003A7A8C70537DEE
  boot_generation  = 00000001
  cpu_reset_count  = 00000001
  wr_core_reset_count = 00000001
  si_config_drop_count = 00000001
  pps_cr           = 01312D02
  pps_escr         = 00000000
  ep_mach          = 02000200
  ep_macl          = 22334402
  ep_dsr           = 42000000
  ptp              = 00004109
  ptp_rx           = 000001D0
  ptp_tx           = 00000092
  ptp_meta         = 03020409
  tx               = 00000153
  rx               = 0000023F
  rxerr            = 00000000
  ptp_types        = 04683368
  foreign_meta     = 03000001
  filter_meta      = 00000000
  parse_meta       = 050133C8
  wr_rx_signal     = 10010001
  wr_tx_signal     = 10000001
  wr_failure       = 02020001
  wr_state         = A000035C
  wr_reject        = 00000000
  pstat            = 00000001
  sstat            = 00000001
  sec_h            = 00000000
  sec_l            = 00000093
  ns               = 05745F98
  lock_enable      = 00000004
  lock_result      = 00000001
  lock_polls       = 00005B18
  lock_unlocked    = 00005B18
  lock_calibration_fail = 00000000
  spll_state       = 00030004
  spll_ocer        = 00030004
  spll_rcer        = 00000001
  spll_occr        = ED0001C2
  spll_trr_csr     = 000AD65A
  spll_dac_hpll    = 3857B158
  spll_dac_main    = 00000003
  spll_helper_state = 00640000
  spll_helper_limits = 271000C8
  spll_main_state  = 00000000
  spll_main_limits = 00320032
  spll_main_phase_limits = 03E804B0
  spll_state_visit_mask = 00000618
  spll_state_transitions = 00000003
  spll_last_state  = 00000004
  spll_init_count  = 00000001
  dmtd_ref         = 0251A588
  dmtd_fb          = 028235FD
  dmtd_ref_high_qual_abort = 000CE375
  dmtd_fb_high_qual_abort = 000577B0
  tag_valid        = 000BDD88
  trr_write        = 000BDDB5
  irq              = 000B9ECA
  helper_update    = 0005CAB0
  spll_helper_error = 000001FE
  spll_helper_output = 000036C2
  eic_isr          = FFFF0000
  current_tics     = 0001B4FB

============================================================
STEP4A_RESULT = PASS
STEP4B_ALLOWED = YES
STEP4B_RESULT = PASS
STEP4B_FIRST_INACTIVE_BOUNDARY = ACTIVE
STEP5_RESULT = NOT_APPLICABLE_MASTER
STEP5_FIRST_INACTIVE_BOUNDARY = SLAVE_ONLY
STEP5_RESULT = NEVER_LOCKED
STEP5_FIRST_INACTIVE_BOUNDARY = HELPER_LOCK
============================================================
Info (23030): Evaluation of Tcl script scripts/jtag/read_wb_runtime.tcl was successful
Info: Quartus Prime SignalTap II was successful. 0 errors, 0 warnings
    Info: Peak virtual memory: 776 megabytes
    Info: Processing ended: Tue Sep  1 01:40:57 2026
    Info: Elapsed time: 00:00:13
    Info: Total CPU time (on all processors): 00:00:00
