Info: *******************************************************************
Info: Running Quartus Prime SignalTap II
    Info: Version 17.0.0 Build 595 04/25/2017 SJ Standard Edition
    Info: Copyright (C) 2017  Intel Corporation. All rights reserved.
    Info: Your use of Intel Corporation's design tools, logic functions 
    Info: and other software and tools, and its AMPP partner logic 
    Info: functions, and any output files from any of the foregoing 
    Info: (including device programming or simulation files), and any 
    Info: associated documentation or information are expressly subject 
    Info: to the terms and conditions of the Intel Program License 
    Info: Subscription Agreement, the Intel Quartus Prime License Agreement,
    Info: the Intel MegaCore Function License Agreement, or other 
    Info: applicable license agreement, including, without limitation, 
    Info: that your use is for the sole purpose of programming logic 
    Info: devices manufactured by Intel and sold by Intel or its 
    Info: authorized distributors.  Please refer to the applicable 
    Info: agreement for further details.
    Info: Processing started: Tue Sep  1 00:30:01 2026
Info: Command: quartus_stp -t scripts/jtag/read_wb_runtime.tcl --raw
Info: Quartus(args): --raw
RAW mailbox completion toggle wb_sync_toggle=1

============================================================
White Rabbit Runtime 診斷：DE5 [1-11.1]
============================================================

## [Step 1] PHY / 光纖 Link
[pass] si_config_done           結果: 1/1
[pass] wr_ready                 結果: 1/1
[pass] core_tm_link_up          結果: 1/1
[pass] core_link_ok             結果: 1/1
[pass] wr_rx_ready              結果: 1/1
[pass] wr_tx_ready              結果: 1/1
[pass] core_phy_rst             結果: 0/0
[pass] si_id_error              結果: 0/0
[pass] wr_rx_enc_err            結果: 0/0
[pass] wr_tx_enc_err            結果: 0/0
[pass] CPU_RESET_n              結果: 1/1
[pass] wr_rx_locked_to_data     結果: 1/1
[info] wr_rx_locked_to_ref      結果: 0/NA
[info] MOD_PRS_n                結果: 0/NA
[info] INTERRUPT_n              結果: 1/NA
Step 1 pass

## [Step 2] Endpoint / MiniNIC / PTP
[pass] EP_MAC_H/EP_MAC_L        結果: 02:00:22:33:44:01/02:00:22:33:44:01
[pass] WDIAGS_MODE              結果: 2 MASTER/2 MASTER
[pass] WDIAGS_PTP               結果: 6 MASTER (raw=01014106)/6 MASTER
[pass] WDIAGS_PTP_RX            結果: Δ=14/Δ>0
RAW WDIAGS_PTP_RX            before=0x00000378 after=0x00000386 delta=14
[pass] WDIAGS_PTP_TX            結果: Δ=29/Δ>0
RAW WDIAGS_PTP_TX            before=0x000007BB after=0x000007D8 delta=29
[pass] WDIAGS_TX                結果: Δ=36/Δ>0
RAW WDIAGS_TX                before=0x000009D6 after=0x000009FA delta=36
[pass] WDIAGS_RX                結果: Δ=19/Δ>0
RAW WDIAGS_RX                before=0x0000052F after=0x00000542 delta=19
[pass] WDIAGS_RXERR             結果: Δ=0/Δ=0
RAW WDIAGS_RXERR             before=0x00000000 after=0x00000000 delta=0
Step 2 pass

## [Step 3] WR Parent / Signaling
Step 3 NA

## [Step 4A] Master SoftPLL Event Chain
[pass] DMTD_REF_ACCEPT_EVENT    結果: Δ=23208/Δ>=0
RAW DMTD_REF_ACCEPT_EVENT    before=0x0028B5B1 after=0x00291059 delta=23208
[pass] DMTD_FB_ACCEPT_EVENT     結果: Δ=22180/Δ>=0
RAW DMTD_FB_ACCEPT_EVENT     before=0x005C5505 after=0x005CABA9 delta=22180
[pass] DMTD_ACCEPT              結果: Δ=45388/Δ>0
[pass] SPLL_TAG_VALID_COUNT     結果: Δ=22179/Δ>0
RAW SPLL_TAG_VALID_COUNT     before=0x001CC10D after=0x001D17B0 delta=22179
[pass] SPLL_TRR_WRITE_COUNT     結果: Δ=22180/Δ>0
RAW SPLL_TRR_WRITE_COUNT     before=0x001CC123 after=0x001D17C7 delta=22180
[pass] WRPC_SPLL_TRR_POP_COUNT  結果: Δ=22400/Δ>0
RAW WRPC_SPLL_TRR_POP_COUNT  before=0x001CBFBE after=0x001D173E delta=22400
[pass] WDIAGS_IRQ_COUNT         結果: Δ=22000/Δ>0
RAW WDIAGS_IRQ_COUNT         before=0x001CC14E after=0x001D173E delta=22000
[pass] WDIAGS_HELPER_UPDATE_COUNT 結果: Δ=22001/Δ>0
RAW WDIAGS_HELPER_UPDATE_COUNT before=0x001CC14E after=0x001D173F delta=22001
[pass] BOOT_GENERATION          結果: Δ=0/Δ=0
RAW BOOT_GENERATION          before=0x00000001 after=0x00000001 delta=0
[pass] CPU_RESET_COUNT          結果: Δ=0/Δ=0
RAW CPU_RESET_COUNT          before=0x00000001 after=0x00000001 delta=0
[pass] WR_CORE_RESET_COUNT      結果: Δ=0/Δ=0
RAW WR_CORE_RESET_COUNT      before=0x00000001 after=0x00000001 delta=0
[pass] SI_CONFIG_DROP_COUNT     結果: Δ=0/Δ=0
RAW SI_CONFIG_DROP_COUNT     before=0x00000001 after=0x00000001 delta=0
STEP4A_MASTER_EVENT_CHAIN = PASS
Step 4 pass

## [Step 5] Closed-loop Lock
STEP5_RESULT = NOT_APPLICABLE_MASTER
STEP5_FIRST_INACTIVE_BOUNDARY = SLAVE_ONLY
Step 5 NA (Step5 closed-loop gate is for Slave)

## [Step 6] Global Time
Step 6 NA

============================================================
White Rabbit Runtime 診斷：DE5 [1-11.1]
============================================================
Step 1 PHY / Link             pass
Step 2 Endpoint / PTP         pass
Step 3 WR Handshake           NA
Step 4 Step4A Master Event Chain pass
Step 5 Closed-loop Lock       NA
Step 6 Global Time            NA
STEP1_REGRESSION = PASS
STEP2_REGRESSION = PASS
STEP3_REGRESSION = PASS
STEP4A_RESULT = PASS
STEP5_RESULT = NOT_APPLICABLE_MASTER
STEP5_FIRST_INACTIVE_BOUNDARY = SLAVE_ONLY
FAILURE_CLASSIFICATION = NO_FAILURE_EVIDENCE
============================================================

================ RAW_SNAPSHOT ================
RAW_SNAPSHOT board=DE5 [1-11.1] label=before
  status           = B110B06138BC82FF
  cpu              = 0000007C00000C1C
  marker           = 000000010000B004
  store            = 25F480280001DC90
  store_count      = 000000006E62DAC8
  exception        = 8000000B00004068
  clock            = 003A846E0A0543A2
  boot_generation  = 00000001
  cpu_reset_count  = 00000001
  wr_core_reset_count = 00000001
  si_config_drop_count = 00000001
  pps_cr           = 01312D06
  pps_escr         = 0000010C
  ep_mach          = 02000200
  ep_macl          = 22334401
  ep_dsr           = 42000000
  ptp              = 01014106
  ptp_rx           = 00000378
  ptp_tx           = 000007BB
  ptp_meta         = 02020406
  tx               = 000009D6
  rx               = 0000052F
  rxerr            = 00000000
  ptp_types        = 01010101
  foreign_meta     = 0000FF00
  filter_meta      = 00000000
  parse_meta       = 000101BC
  wr_rx_signal     = 10000001
  wr_tx_signal     = 10010004
  wr_failure       = 01030001
  wr_state         = A0000064
  wr_reject        = 00000000
  pstat            = 00000001
  sstat            = 00000000
  sec_h            = 00000000
  sec_l            = 000001D6
  ns               = 31C65308
  lock_enable      = 00000000
  lock_result      = 00000000
  lock_polls       = 00000000
  lock_unlocked    = 00000000
  lock_calibration_fail = 00000000
  spll_state       = 00020004
  spll_ocer        = 065E3E01
  spll_rcer        = 00000000
  spll_occr        = 7D000151
  spll_trr_csr     = 001EBE2E
  spll_dac_hpll    = C47E9745
  spll_dac_main    = 0000000D
  spll_helper_state = 00000100
  spll_helper_limits = 271000C8
  spll_main_state  = 00000000
  spll_main_limits = 00320032
  spll_main_phase_limits = 03E804B0
  spll_state_visit_mask = 00000618
  spll_state_transitions = 00000003
  spll_last_state  = 00000004
  spll_init_count  = 00000001
  dmtd_ref         = 0028B5B1
  dmtd_fb          = 005C5505
  dmtd_ref_high_qual_abort = 04863036
  dmtd_fb_high_qual_abort = 00E25483
  tag_valid        = 001CC10D
  trr_write        = 001CC123
  irq              = 001CC14E
  helper_update    = 001CC14E
  spll_helper_error = FFFDB610
  spll_helper_output = 0000FFFB
  eic_isr          = FFFF0000
  current_tics     = 00073525
RAW_SNAPSHOT board=DE5 [1-11.1] label=after
  status           = C110B041285082FF
  cpu              = 0000007C00018DB4
  marker           = 000000010000B004
  store            = 000001DC0001EAA8
  store_count      = 000000006FBE681C
  exception        = 8000000B00018E40
  clock            = 002DD1B9569C90E5
  boot_generation  = 00000001
  cpu_reset_count  = 00000001
  wr_core_reset_count = 00000001
  si_config_drop_count = 00000001
  pps_cr           = 01312D06
  pps_escr         = 0000010C
  ep_mach          = 02000200
  ep_macl          = 22334401
  ep_dsr           = 42000000
  ptp              = 01014106
  ptp_rx           = 00000386
  ptp_tx           = 000007D8
  ptp_meta         = 02020406
  tx               = 000009FA
  rx               = 00000542
  rxerr            = 00000000
  ptp_types        = 01010101
  foreign_meta     = 0000FF00
  filter_meta      = 00000000
  parse_meta       = 000101D1
  wr_rx_signal     = 10000001
  wr_tx_signal     = 10010004
  wr_failure       = 01030001
  wr_state         = A0000064
  wr_reject        = 00000000
  pstat            = 00000001
  sstat            = 00000000
  sec_h            = 00000000
  sec_l            = 000001DC
  ns               = 13F9BE28
  lock_enable      = 00000000
  lock_result      = 00000000
  lock_polls       = 00000000
  lock_unlocked    = 00000000
  lock_calibration_fail = 00000000
  spll_state       = 00020004
  spll_ocer        = CA2B9801
  spll_rcer        = 00000000
  spll_occr        = 96000153
  spll_trr_csr     = 001E141E
  spll_dac_hpll    = ED792422
  spll_dac_main    = 0000000D
  spll_helper_state = 00000100
  spll_helper_limits = 271000C8
  spll_main_state  = 00000000
  spll_main_limits = 00320032
  spll_main_phase_limits = 03E804B0
  spll_state_visit_mask = 00000618
  spll_state_transitions = 00000003
  spll_last_state  = 00000004
  spll_init_count  = 00000001
  dmtd_ref         = 00291059
  dmtd_fb          = 005CABA9
  dmtd_ref_high_qual_abort = 0489275B
  dmtd_fb_high_qual_abort = 00E4FED1
  tag_valid        = 001D17B0
  trr_write        = 001D17C7
  irq              = 001D173E
  helper_update    = 001D173F
  spll_helper_error = FFFDB610
  spll_helper_output = 0000FFFB
  eic_isr          = FFFF0000
  current_tics     = 00074AA1
RAW mailbox completion toggle wb_sync_toggle=1

============================================================
White Rabbit Runtime 診斷：DE5 [1-11.2]
============================================================

## [Step 1] PHY / 光纖 Link
[pass] si_config_done           結果: 1/1
[pass] wr_ready                 結果: 1/1
[pass] core_tm_link_up          結果: 1/1
[pass] core_link_ok             結果: 1/1
[pass] wr_rx_ready              結果: 1/1
[pass] wr_tx_ready              結果: 1/1
[pass] core_phy_rst             結果: 0/0
[pass] si_id_error              結果: 0/0
[pass] wr_rx_enc_err            結果: 0/0
[pass] wr_tx_enc_err            結果: 0/0
[pass] CPU_RESET_n              結果: 1/1
[pass] wr_rx_locked_to_data     結果: 1/1
[info] wr_rx_locked_to_ref      結果: 0/NA
[info] MOD_PRS_n                結果: 0/NA
[info] INTERRUPT_n              結果: 1/NA
Step 1 pass

## [Step 2] Endpoint / MiniNIC / PTP
[pass] EP_MAC_H/EP_MAC_L        結果: 02:00:22:33:44:02/02:00:22:33:44:02
[pass] WDIAGS_MODE              結果: 3 SLAVE/3 SLAVE
[pass] WDIAGS_PTP               結果: 9 SLAVE (raw=00004109)/9 SLAVE
[pass] WDIAGS_PTP_RX            結果: Δ=24/Δ>0
RAW WDIAGS_PTP_RX            before=0x000007CF after=0x000007E7 delta=24
[pass] WDIAGS_PTP_TX            結果: Δ=3/Δ>0
RAW WDIAGS_PTP_TX            before=0x0000015C after=0x0000015F delta=3
[pass] WDIAGS_TX                結果: Δ=18/Δ>0
RAW WDIAGS_TX                before=0x0000059E after=0x000005B0 delta=18
[pass] WDIAGS_RX                結果: Δ=30/Δ>0
RAW WDIAGS_RX                before=0x0000098C after=0x000009AA delta=30
[pass] WDIAGS_RXERR             結果: Δ=0/Δ=0
RAW WDIAGS_RXERR             before=0x00000000 after=0x00000000 delta=0
Step 2 pass

## [Step 3] WR Parent / Signaling
[pass] WDIAGS_FOREIGN_META      結果: 1/1
[pass] WDIAGS_FOREIGN_META      結果: 0/0
[info] WDIAGS_FOREIGN_META      結果: detection=0 config=3/NA
[pass] parentIsWRnode           結果: 1/1
[info] parentWrModeOn           結果: 0/NA
[pass] parentCalibrated         結果: 1/1
[pass] WR_RX_SIGNAL_DEBUG       結果: LOCK count=1/LOCK 0x1001,count>0
[pass] WR_TX_SIGNAL_DEBUG       結果: SLAVE_PRESENT count=1/SLAVE_PRESENT 0x1000,count>0
[info] WDIAGS_TEMP              結果: WRS_IDLE next=WRS_IDLE POST_STEP3_TIMEOUT/NA
[pass] LOCK_ENABLE              結果: 4/> 0
[info] WR_FAILURE_DEBUG         結果: TIMEOUT last_fail_state=WRS_S_LOCK failure_count=1/NA
Step 3 pass

## [Step 4B] Slave SoftPLL Startup
[pass] LOCK_ENABLE_COUNT        結果: 4/> 0
[pass] SPLL_MODE                結果: 3 (SPLL_MODE_SLAVE)/3 SPLL_MODE_SLAVE
[pass] SPLL_SEQ_STATE           結果: 4 (SEQ_WAIT_HELPER)/active, not 0/7
[pass] SPLL_STATE_VISIT_MASK    結果: 0x00000618/> 0
[pass] SPLL_INIT_COUNT          結果: 1/> 0
[pass] RCER                     結果: 0x00000001/> 0
[pass] OCER                     結果: 0xF9F19601/> 0
[info] SPLL_ALIGN_STATE         結果: 0/NA
[info] SPLL_STATE_TRANSITIONS   結果: 0x00000003/NA
[info] SPLL_LAST_STATE          結果: 4 (SEQ_WAIT_HELPER)/NA
[info] OCCR                     結果: 0xC60001DB/NA
[pass] DMTD_REF_ACCEPT_EVENT    結果: Δ=21187/Δ>=0
RAW DMTD_REF_ACCEPT_EVENT    before=0x019E6305 after=0x019EB5C8 delta=21187
[pass] DMTD_FB_ACCEPT_EVENT     結果: Δ=22217/Δ>=0
RAW DMTD_FB_ACCEPT_EVENT     before=0x01D0C7E8 after=0x01D11EB1 delta=22217
[pass] DMTD_ACCEPT              結果: Δ=43404/Δ>0
[pass] SPLL_TAG_VALID_COUNT     結果: Δ=43405/Δ>0
RAW SPLL_TAG_VALID_COUNT     before=0x00343386 after=0x0034DD13 delta=43405
[pass] SPLL_TRR_WRITE_COUNT     結果: Δ=43404/Δ>0
RAW SPLL_TRR_WRITE_COUNT     before=0x003433B3 after=0x0034DD3F delta=43404
[pass] WRPC_SPLL_TRR_POP_COUNT  結果: Δ=43762/Δ>0
RAW WRPC_SPLL_TRR_POP_COUNT  before=0x00343255 after=0x0034DD47 delta=43762
[pass] WDIAGS_IRQ_COUNT         結果: Δ=42857/Δ>0
RAW WDIAGS_IRQ_COUNT         before=0x00332032 after=0x0033C79B delta=42857
[pass] WDIAGS_HELPER_UPDATE_COUNT 結果: Δ=21361/Δ>0
RAW WDIAGS_HELPER_UPDATE_COUNT before=0x00197A8D after=0x0019CDFE delta=21361
[pass] BOOT_GENERATION          結果: Δ=0/Δ=0
RAW BOOT_GENERATION          before=0x00000001 after=0x00000001 delta=0
[pass] CPU_RESET_COUNT          結果: Δ=0/Δ=0
RAW CPU_RESET_COUNT          before=0x00000001 after=0x00000001 delta=0
[pass] WR_CORE_RESET_COUNT      結果: Δ=0/Δ=0
RAW WR_CORE_RESET_COUNT      before=0x00000001 after=0x00000001 delta=0
[pass] SI_CONFIG_DROP_COUNT     結果: Δ=0/Δ=0
RAW SI_CONFIG_DROP_COUNT     before=0x00000001 after=0x00000001 delta=0
STEP4B_ALLOWED = YES
STEP4B_RESULT = PASS
STEP4B_FIRST_INACTIVE_BOUNDARY = ACTIVE
Step 4B pass
Step 4 pass

## [Step 5] Closed-loop Lock
STEP5_LOCKDET_BEFORE: HELPER locked=0 changed=0 cnt=100/10000 threshold=200 ref_src=0 MAIN enabled=0 locked=0 freq=0 phase=0 freq_cnt=0/50 phase_cnt=0/1000 PSTAT_locked=0
STEP5_LOCKDET_AFTER: HELPER locked=0 changed=0 cnt=100/10000 threshold=200 ref_src=0 MAIN enabled=0 locked=0 freq=0 phase=0 freq_cnt=0/50 phase_cnt=0/1000 PSTAT_locked=0
[error] WDIAGS_PSTAT             結果: 0/1
STEP5_RESULT = NEVER_LOCKED
STEP5_FIRST_INACTIVE_BOUNDARY = HELPER_LOCK
Step 5 NA (single window is not stable-lock proof)

## [Step 6] Global Time
Step 6 NA

============================================================
White Rabbit Runtime 診斷：DE5 [1-11.2]
============================================================
Step 1 PHY / Link             pass
Step 2 Endpoint / PTP         pass
Step 3 WR Handshake           pass
Step 4 Step4B Slave SoftPLL Startup pass
Step 5 Closed-loop Lock       NA
Step 6 Global Time            NA
STEP1_REGRESSION = PASS
STEP2_REGRESSION = PASS
STEP3_REGRESSION = PASS
STEP4B_ALLOWED = YES
STEP4B_RESULT = PASS
STEP4B_FIRST_INACTIVE_BOUNDARY = ACTIVE
STEP5_RESULT = NEVER_LOCKED
STEP5_FIRST_INACTIVE_BOUNDARY = HELPER_LOCK
FAILURE_CLASSIFICATION = NO_FAILURE_EVIDENCE
============================================================

================ RAW_SNAPSHOT ================
RAW_SNAPSHOT board=DE5 [1-11.2] label=before
  status           = 0110C26135BC82EF
  cpu              = 0000007C00018E84
  marker           = 000000010000B004
  store            = 333928780001DC90
  store_count      = 000000006FAAED2F
  exception        = 8000000B000048D4
  clock            = 00293C420B1E418D
  boot_generation  = 00000001
  cpu_reset_count  = 00000001
  wr_core_reset_count = 00000001
  si_config_drop_count = 00000001
  pps_cr           = 01312D06
  pps_escr         = 00000100
  ep_mach          = 02000200
  ep_macl          = 22334402
  ep_dsr           = 42000000
  ptp              = 00004109
  ptp_rx           = 000007CF
  ptp_tx           = 0000015C
  ptp_meta         = 03020409
  tx               = 0000059E
  rx               = 0000098C
  rxerr            = 00000000
  ptp_types        = 04B6DBB6
  foreign_meta     = 03000001
  filter_meta      = 00000000
  parse_meta       = 0501DB1D
  wr_rx_signal     = 10010001
  wr_tx_signal     = 10000001
  wr_failure       = 02020001
  wr_state         = A000035C
  wr_reject        = 00000000
  pstat            = 00000001
  sstat            = 00000001
  sec_h            = 00000000
  sec_l            = 000001DD
  ns               = 0021C328
  lock_enable      = 00000004
  lock_result      = 00000001
  lock_polls       = 000D783F
  lock_unlocked    = 000D783F
  lock_calibration_fail = 00000000
  spll_state       = 00030004
  spll_ocer        = 9FF74201
  spll_rcer        = 00000001
  spll_occr        = 0E0001C4
  spll_trr_csr     = 00362E46
  spll_dac_hpll    = F48ACBE1
  spll_dac_main    = 0000000C
  spll_helper_state = 00640000
  spll_helper_limits = 271000C8
  spll_main_state  = 00000000
  spll_main_limits = 00320032
  spll_main_phase_limits = 03E804B0
  spll_state_visit_mask = 00000003
  spll_state_transitions = 00000003
  spll_last_state  = 00000004
  spll_init_count  = 00000001
  dmtd_ref         = 019E6305
  dmtd_fb          = 01D0C7E8
  dmtd_ref_high_qual_abort = 00786FF0
  dmtd_fb_high_qual_abort = 0017FE0D
  tag_valid        = 00343386
  trr_write        = 003433B3
  irq              = 00332032
  helper_update    = 00197A8D
  spll_helper_error = FFFFFDEB
  spll_helper_output = 0000476E
  eic_isr          = FFFF0000
  current_tics     = 0006CF37
RAW_SNAPSHOT board=DE5 [1-11.2] label=after
  status           = 1110C26135BC82CF
  cpu              = 0000007C00018EA4
  marker           = 000000010000B004
  store            = 000001C20001EAA8
  store_count      = 00000000710E13DF
  exception        = 8000000B0000405C
  clock            = 003B89AA57E18EFD
  boot_generation  = 00000001
  cpu_reset_count  = 00000001
  wr_core_reset_count = 00000001
  si_config_drop_count = 00000001
  pps_cr           = 01312D02
  pps_escr         = 00000100
  ep_mach          = 02000200
  ep_macl          = 22334402
  ep_dsr           = 42000000
  ptp              = 00004109
  ptp_rx           = 000007E7
  ptp_tx           = 0000015F
  ptp_meta         = 03020409
  tx               = 000005B0
  rx               = 000009AA
  rxerr            = 00000000
  ptp_types        = 04BCDDBC
  foreign_meta     = 03000001
  filter_meta      = 00000000
  parse_meta       = 0501DD34
  wr_rx_signal     = 10010001
  wr_tx_signal     = 10000001
  wr_failure       = 02020001
  wr_state         = A000035C
  wr_reject        = 00000000
  pstat            = 00000001
  sstat            = 00000001
  sec_h            = 00000000
  sec_l            = 000001E2
  ns               = 23E68268
  lock_enable      = 00000004
  lock_result      = 00000001
  lock_polls       = 000D783F
  lock_unlocked    = 000D783F
  lock_calibration_fail = 00000000
  spll_state       = 00030004
  spll_ocer        = F9F19601
  spll_rcer        = 00000001
  spll_occr        = C60001DB
  spll_trr_csr     = 0036D62C
  spll_dac_hpll    = 1D856375
  spll_dac_main    = 0000000D
  spll_helper_state = 00640000
  spll_helper_limits = 271000C8
  spll_main_state  = 00000000
  spll_main_limits = 00320032
  spll_main_phase_limits = 03E804B0
  spll_state_visit_mask = 00000618
  spll_state_transitions = 00000003
  spll_last_state  = 00000004
  spll_init_count  = 00000001
  dmtd_ref         = 019EB5C8
  dmtd_fb          = 01D11EB1
  dmtd_ref_high_qual_abort = 0079EC2A
  dmtd_fb_high_qual_abort = 00184B99
  tag_valid        = 0034DD13
  trr_write        = 0034DD3F
  irq              = 0033C79B
  helper_update    = 0019CDFE
  spll_helper_error = 0000008D
  spll_helper_output = 000046B2
  eic_isr          = FFFF0000
  current_tics     = 0006E517

============================================================
STEP4A_RESULT = PASS
STEP4B_ALLOWED = YES
STEP4B_RESULT = PASS
STEP4B_FIRST_INACTIVE_BOUNDARY = ACTIVE
STEP5_RESULT = NOT_APPLICABLE_MASTER
STEP5_FIRST_INACTIVE_BOUNDARY = SLAVE_ONLY
STEP5_RESULT = NEVER_LOCKED
STEP5_FIRST_INACTIVE_BOUNDARY = HELPER_LOCK
============================================================
Info (23030): Evaluation of Tcl script scripts/jtag/read_wb_runtime.tcl was successful
Info: Quartus Prime SignalTap II was successful. 0 errors, 0 warnings
    Info: Peak virtual memory: 776 megabytes
    Info: Processing ended: Tue Sep  1 00:30:14 2026
    Info: Elapsed time: 00:00:13
    Info: Total CPU time (on all processors): 00:00:00
