Info: *******************************************************************
Info: Running Quartus Prime SignalTap II
    Info: Version 17.0.0 Build 595 04/25/2017 SJ Standard Edition
    Info: Copyright (C) 2017  Intel Corporation. All rights reserved.
    Info: Your use of Intel Corporation's design tools, logic functions 
    Info: and other software and tools, and its AMPP partner logic 
    Info: functions, and any output files from any of the foregoing 
    Info: (including device programming or simulation files), and any 
    Info: associated documentation or information are expressly subject 
    Info: to the terms and conditions of the Intel Program License 
    Info: Subscription Agreement, the Intel Quartus Prime License Agreement,
    Info: the Intel MegaCore Function License Agreement, or other 
    Info: applicable license agreement, including, without limitation, 
    Info: that your use is for the sole purpose of programming logic 
    Info: devices manufactured by Intel and sold by Intel or its 
    Info: authorized distributors.  Please refer to the applicable 
    Info: agreement for further details.
    Info: Processing started: Tue Aug 25 04:47:52 2026
Info: Command: quartus_stp -t /home/b10504072/04_WR/scripts/jtag/read_step4_startup_focused.tcl 50 200 all
Info: Quartus(args): 50 200 all
STEP4_FOCUSED_CONFIG samples=50 gap_ms=200 group=all retries=5 trr_r0_read=disabled
=== STEP4_FOCUSED_BOARD DE5 [1-11.1] ===
STEP4_SERIES board=DE5 [1-11.1] register=WR_FAILURE_DEBUG samples=50 valid=50 timeout=0 invalid=0 decrease=0 first=01030001 last=01030001 delta=0
STEP4_SERIES board=DE5 [1-11.1] register=WR_LOCK_RESULT samples=50 valid=50 timeout=0 invalid=0 decrease=0 first=00000000 last=00000000 delta=0
STEP4_SERIES board=DE5 [1-11.1] register=WR_LOCK_POLL_COUNT samples=50 valid=50 timeout=0 invalid=0 decrease=0 first=00000000 last=00000000 delta=0
STEP4_SERIES board=DE5 [1-11.1] register=WR_LOCK_UNLOCKED_COUNT samples=50 valid=50 timeout=0 invalid=0 decrease=0 first=00000000 last=00000000 delta=0
STEP4_SERIES board=DE5 [1-11.1] register=WR_LOCK_CALIB_FAIL_COUNT samples=50 valid=50 timeout=0 invalid=0 decrease=0 first=00000000 last=00000000 delta=0
STEP4_SERIES board=DE5 [1-11.1] register=WR_LOCK_ENABLE_COUNT samples=50 valid=50 timeout=0 invalid=0 decrease=0 first=00000000 last=00000000 delta=0
STEP4_SERIES board=DE5 [1-11.1] register=SPLL_STATE samples=50 valid=50 timeout=0 invalid=0 decrease=0 first=00020009 last=00020009 delta=0
STEP4_SERIES board=DE5 [1-11.1] register=PSTAT_LOCKED samples=50 valid=50 timeout=0 invalid=0 decrease=0 first=00000001 last=00000001 delta=0
STEP4_GROUP board=DE5 [1-11.1] group=LOCK result=VALID
STEP4_LOCK_CLASS board=DE5 [1-11.1] result=TRANSITIONAL_OR_INCONSISTENT result_code=0 pstat_locked=0
STEP4_SERIES board=DE5 [1-11.1] register=SPLL_MODE_SEQUENCE samples=50 valid=50 timeout=0 invalid=0 decrease=0 first=00020009 last=00020009 delta=0
STEP4_SERIES board=DE5 [1-11.1] register=RCER samples=50 valid=50 timeout=0 invalid=0 decrease=0 first=00000000 last=00000000 delta=0
STEP4_SERIES board=DE5 [1-11.1] register=OCER samples=50 valid=50 timeout=0 invalid=0 decrease=0 first=0000E001 last=0000E001 delta=0
STEP4_SERIES board=DE5 [1-11.1] register=DMTD_REF_EVENTS samples=50 valid=50 timeout=0 invalid=0 decrease=0 first=00ACE0C8 last=00ACE0C8 delta=0
STEP4_SERIES board=DE5 [1-11.1] register=DMTD_FB_EVENTS samples=50 valid=50 timeout=0 invalid=0 decrease=0 first=009E7972 last=009E7972 delta=0
STEP4_SERIES board=DE5 [1-11.1] register=DMTD_REF_ACCEPT samples=50 valid=50 timeout=0 invalid=0 decrease=0 first=02E3E1F8 last=02E3E1F8 delta=0
STEP4_SERIES board=DE5 [1-11.1] register=DMTD_FB_ACCEPT samples=50 valid=50 timeout=0 invalid=0 decrease=0 first=024279A6 last=024279A6 delta=0
STEP4_SERIES board=DE5 [1-11.1] register=DMTD_REF_SAMPLED samples=50 valid=50 timeout=0 invalid=0 decrease=0 first=5EB24FBB last=CE41B335 delta=1871668090
STEP4_SERIES board=DE5 [1-11.1] register=DMTD_FB_SAMPLED samples=50 valid=50 timeout=0 invalid=0 decrease=0 first=756D6017 last=E4F86C79 delta=1871383650
STEP4_SERIES board=DE5 [1-11.1] register=DMTD_HIGH_QUAL_MAX_STAB samples=50 valid=50 timeout=0 invalid=0 decrease=0 first=00070008 last=00070008 delta=0
STEP4_SERIES board=DE5 [1-11.1] register=DMTD_D0_LOW_RUN_MAX samples=50 valid=50 timeout=0 invalid=0 decrease=0 first=0007FFFF last=0007FFFF delta=0
STEP4_SERIES board=DE5 [1-11.1] register=DMTD_REF_WAIT_EDGE_ENTRY samples=50 valid=50 timeout=0 invalid=0 decrease=0 first=02E3E1F9 last=02E3E1F9 delta=0
STEP4_SERIES board=DE5 [1-11.1] register=DMTD_FB_WAIT_EDGE_ENTRY samples=50 valid=50 timeout=0 invalid=0 decrease=0 first=024279A7 last=024279A7 delta=0
STEP4_SERIES board=DE5 [1-11.1] register=DMTD_REF_GOT_EDGE_ENTRY samples=50 valid=50 timeout=0 invalid=0 decrease=0 first=02E3E1F9 last=02E3E1F9 delta=0
STEP4_SERIES board=DE5 [1-11.1] register=DMTD_FB_GOT_EDGE_ENTRY samples=50 valid=50 timeout=0 invalid=0 decrease=0 first=024279A7 last=024279A7 delta=0
STEP4_SERIES board=DE5 [1-11.1] register=DMTD_REF_QUAL_REACHED_8 samples=50 valid=50 timeout=0 invalid=0 decrease=0 first=00010001 last=00010001 delta=0
STEP4_SERIES board=DE5 [1-11.1] register=DMTD_FB_QUAL_REACHED_8 samples=50 valid=50 timeout=0 invalid=0 decrease=0 first=00000000 last=00000000 delta=0
STEP4_SERIES board=DE5 [1-11.1] register=SPLL_DMTD_STATE samples=50 valid=50 timeout=0 invalid=0 decrease=0 first=FC00000A last=FC00000A delta=0
STEP4_GROUP board=DE5 [1-11.1] group=DMTD_BOUNDARY result=VALID
STEP4_SERIES64 board=DE5 [1-11.1] register=DMTD_NATIVE_EDGE_COUNT64 samples=50 valid=50 timeout=0 invalid=0 decrease=0 first=00000006F238DECB last=00000007736EA3BC delta=2167784689 delta_mode=MODULO64
STEP4_SERIES board=DE5 [1-11.1] register=DEGLITCH_THRESHOLD samples=50 valid=50 timeout=0 invalid=0 decrease=0 first=000003E8 last=000003E8 delta=0
STEP4_SERIES board=DE5 [1-11.1] register=WAIT_STABLE0_REF_MAX_STAB samples=50 valid=50 timeout=0 invalid=0 decrease=0 first=00000000 last=00000000 delta=0
STEP4_SERIES board=DE5 [1-11.1] register=WAIT_STABLE0_FB_MAX_STAB samples=50 valid=50 timeout=0 invalid=0 decrease=0 first=00000000 last=00000000 delta=0
STEP4_SERIES64 board=DE5 [1-11.1] register=REF_D0_STABLE_HIT_COUNT64 samples=50 valid=50 timeout=0 invalid=0 decrease=0 first=00000006DB3E98BA last=000000075C754351 delta=2167843479 delta_mode=MODULO64
STEP4_SERIES64 board=DE5 [1-11.1] register=REF_D0_TRANSITION_COUNT64 samples=50 valid=50 timeout=0 invalid=0 decrease=0 first=00000006CF2E9683 last=000000074F79339A delta=2152373527 delta_mode=MODULO64
STEP4_SERIES board=DE5 [1-11.1] register=DMTD_REF_WAIT_EDGE_ENTRY samples=50 valid=50 timeout=0 invalid=0 decrease=0 first=02E3E1F9 last=02E3E1F9 delta=0
STEP4_SERIES board=DE5 [1-11.1] register=DMTD_REF_GOT_EDGE_ENTRY samples=50 valid=50 timeout=0 invalid=0 decrease=0 first=02E3E1F9 last=02E3E1F9 delta=0
STEP4_SERIES board=DE5 [1-11.1] register=NATIVE_REF_SAMPLED samples=50 valid=50 timeout=0 invalid=0 decrease=1 first=CF443C4B last=4F8EADBD delta=2152362354
STEP4_SERIES board=DE5 [1-11.1] register=NATIVE_REF_ACCEPT samples=50 valid=50 timeout=0 invalid=0 decrease=0 first=02E3E1F8 last=02E3E1F8 delta=0
STEP4_SERIES64 board=DE5 [1-11.1] register=FB_D0_STABLE_HIT_COUNT64 samples=50 valid=50 timeout=0 invalid=0 decrease=0 first=00000006F3066A83 last=00000007743CCBED delta=2167824746 delta_mode=MODULO64
STEP4_SERIES64 board=DE5 [1-11.1] register=FB_D0_TRANSITION_COUNT64 samples=50 valid=50 timeout=0 invalid=0 decrease=0 first=00000006E64B828C last=00000007668E76A8 delta=2151871516 delta_mode=MODULO64
STEP4_SERIES board=DE5 [1-11.1] register=DMTD_FB_WAIT_EDGE_ENTRY samples=50 valid=50 timeout=0 invalid=0 decrease=0 first=024279A7 last=024279A7 delta=0
STEP4_SERIES board=DE5 [1-11.1] register=DMTD_FB_GOT_EDGE_ENTRY samples=50 valid=50 timeout=0 invalid=0 decrease=0 first=024279A7 last=024279A7 delta=0
STEP4_SERIES board=DE5 [1-11.1] register=NATIVE_FB_SAMPLED samples=50 valid=50 timeout=0 invalid=0 decrease=1 first=E661F0C3 last=66A40BFD delta=2151815994
STEP4_SERIES board=DE5 [1-11.1] register=NATIVE_FB_ACCEPT samples=50 valid=50 timeout=0 invalid=0 decrease=0 first=024279A6 last=024279A6 delta=0
STEP4_DMTD_CLOCK board=DE5 [1-11.1] dmtd_native_delta=2167784689 dmtd_elapsed_ms=17343 dmtd_frequency_hz=124994792.654 result=VALID
STEP4_D0_STABLE_THRESHOLD board=DE5 [1-11.1] threshold=1000 threshold_delta=0 hit_length=1001 wait_stable0_ref_max=0 wait_stable0_fb_max=0 ref_hit_delta=2167843479 ref_hit_per_million_d0=1007187.391875 ref_d0_delta=2152373527 ref_d0_to_dmtd_ratio=0.992890824 ref_sampled_delta=2152362354 ref_sampled_to_dmtd_ratio=0.992885670 ref_sampled_to_d0_ratio=0.999994809 ref_accept_delta=0 fb_hit_delta=2167824746 fb_hit_per_million_d0=1007413.653595 fb_d0_delta=2151871516 fb_d0_to_dmtd_ratio=0.992659247 fb_sampled_delta=2151815994 fb_sampled_to_dmtd_ratio=0.992633634 fb_sampled_to_d0_ratio=0.999974198 fb_accept_delta=0 result=VALID counter_cdc=GRAY2_HI_LO_HI
STEP4_WAIT_STABLE0_MAX_STAB board=DE5 [1-11.1] ref_max=0 fb_max=0 threshold=1000 ref_ge=0 fb_ge=0 source=functional_stab_cntr_state_gated
STEP4_SERIES board=DE5 [1-11.1] register=TAG_PENDING_COUNT samples=50 valid=50 timeout=0 invalid=0 decrease=0 first=00000000 last=00000000 delta=0
STEP4_SERIES board=DE5 [1-11.1] register=TAG_PENDING_REF_COUNT samples=50 valid=50 timeout=0 invalid=0 decrease=0 first=00000000 last=00000000 delta=0
STEP4_SERIES board=DE5 [1-11.1] register=TAG_PENDING_FB_COUNT samples=50 valid=50 timeout=0 invalid=0 decrease=0 first=00000000 last=00000000 delta=0
STEP4_SERIES board=DE5 [1-11.1] register=TAG_GRANT_COUNT samples=50 valid=50 timeout=0 invalid=0 decrease=0 first=00000000 last=00000000 delta=0
STEP4_SERIES board=DE5 [1-11.1] register=TAG_VALID_COUNT samples=50 valid=50 timeout=0 invalid=0 decrease=0 first=00000000 last=00000000 delta=0
STEP4_SERIES board=DE5 [1-11.1] register=TRR_WRITE_COUNT samples=50 valid=50 timeout=0 invalid=0 decrease=0 first=00000000 last=00000000 delta=0
STEP4_GROUP board=DE5 [1-11.1] group=TAG_ARBITRATION result=VALID
STEP4_SERIES board=DE5 [1-11.1] register=IRQ_COUNT samples=50 valid=50 timeout=0 invalid=0 decrease=0 first=00000000 last=00000000 delta=0
STEP4_SERIES board=DE5 [1-11.1] register=HELPER_UPDATE_COUNT samples=50 valid=50 timeout=0 invalid=0 decrease=0 first=00000000 last=00000000 delta=0
STEP4_SERIES board=DE5 [1-11.1] register=TRR_POP_COUNT samples=50 valid=50 timeout=0 invalid=0 decrease=0 first=00000000 last=00000000 delta=0
STEP4_SERIES board=DE5 [1-11.1] register=STATE_TRANSITION_COUNT samples=50 valid=50 timeout=0 invalid=0 decrease=0 first=00000000 last=00000000 delta=0
STEP4_GROUP board=DE5 [1-11.1] group=DOWNSTREAM result=VALID
STEP4_SERIES board=DE5 [1-11.1] register=CURRENT_TICS samples=50 valid=50 timeout=0 invalid=0 decrease=0 first=0F8052C9 last=3E29A543 delta=782848634
STEP4_SERIES board=DE5 [1-11.1] register=DMTD_REF_LAST_TICS samples=50 valid=50 timeout=0 invalid=0 decrease=0 first=048A9AB7 last=048A9AB7 delta=0
STEP4_SERIES board=DE5 [1-11.1] register=DMTD_FB_LAST_TICS samples=50 valid=50 timeout=0 invalid=0 decrease=0 first=048A9AB3 last=048A9AB3 delta=0
STEP4_SERIES board=DE5 [1-11.1] register=TAG_REF_LAST_TICS samples=50 valid=50 timeout=0 invalid=0 decrease=0 first=048A9AB8 last=048A9AB8 delta=0
STEP4_SERIES board=DE5 [1-11.1] register=TAG_FB_LAST_TICS samples=50 valid=50 timeout=0 invalid=0 decrease=0 first=048A9AB4 last=048A9AB4 delta=0
STEP4_SERIES board=DE5 [1-11.1] register=TAG_PENDING_LAST_TICS samples=50 valid=50 timeout=0 invalid=0 decrease=0 first=00000000 last=00000000 delta=0
STEP4_SERIES board=DE5 [1-11.1] register=TAG_GRANT_LAST_TICS samples=50 valid=50 timeout=0 invalid=0 decrease=0 first=00000000 last=00000000 delta=0
STEP4_SERIES board=DE5 [1-11.1] register=TAG_VALID_LAST_TICS samples=50 valid=50 timeout=0 invalid=0 decrease=0 first=00000000 last=00000000 delta=0
STEP4_SERIES board=DE5 [1-11.1] register=TRR_WRITE_LAST_TICS samples=50 valid=50 timeout=0 invalid=0 decrease=0 first=00000000 last=00000000 delta=0
STEP4_GROUP board=DE5 [1-11.1] group=EVENT_TIMING result=VALID
STEP4_HIGH_QUAL_MAX_STAB board=DE5 [1-11.1] ref_max_before_abort=8 fb_max_before_abort=7
STEP4_INPUT_D0_LOW_RUN_MAX board=DE5 [1-11.1] ref_max_d0_low_run=65535 fb_max_d0_low_run=7
STEP4_INPUT_D0_LOW_RUN_VS_THRESHOLD board=DE5 [1-11.1] threshold=1000 ref=65535 fb=7 ref_ge=1 fb_ge=0 domain=clk_i_d0
STEP4_DEGLITCH_STATE board=DE5 [1-11.1] ref_state=2 fb_state=2 ref_stab_bucket=0 fb_stab_bucket=0 ref_threshold_reached=1 fb_threshold_reached=1 ref_high_abort_seen=1 fb_high_abort_seen=1 ref_got_edge_seen=1 fb_got_edge_seen=1
STEP4_WAIT_STABLE0_BUCKET_MAX board=DE5 [1-11.1] ref_max=0 fb_max=0 ref_samples=0 fb_samples=0 source=SPLL_DMTD_STATE_bucket_coarse_proxy
STEP4_QUALIFICATION_ABORT_CAUSE board=DE5 [1-11.1] ref=GOT_EDGE_HIGH_ABORT(clk_sampled=0) fb=GOT_EDGE_HIGH_ABORT(clk_sampled=0) evidence=SPLL_DMTD_STATE_STICKY
STEP4_DMTD_BOUNDARY board=DE5 [1-11.1] sampled_ref=1871668090 pre_accept_ref=0 accept_ref=0 sampled_fb=1871383650 pre_accept_fb=0 accept_fb=0
STEP4_QUALIFICATION_ENTRY board=DE5 [1-11.1] ref=0 fb=0
STEP4_PRE_ACCEPT board=DE5 [1-11.1] ref=0 fb=0
STEP4_GOT_EDGE_ENTRY board=DE5 [1-11.1] ref=0 fb=0
STEP4_QUALIFICATION_PROGRESS board=DE5 [1-11.1] ref=0 fb=0
STEP4_EVENT_ACTIVITY board=DE5 [1-11.1] dmtd=0 pending=0 grant=0 tag_valid=0 trr_write=0 trr_pop=0 irq=0 state_transition=0 helper_update=0
STEP4_EVENT_BOUNDARY board=DE5 [1-11.1] result=QUALIFICATION_ABORT_AFTER_GOT_EDGE
STEP4_MAPPING_SAMPLE board=DE5 [1-11.1] sample=001 REF_GOT_EDGE_ENTRY_MAPPING=02E3E1F9 REF_QUAL8_MAPPING=00000001 REF_ACCEPT_MAPPING=02E3E1F8 FB_GOT_EDGE_ENTRY_MAPPING=024279A7 FB_QUAL8_MAPPING=00000000 FB_ACCEPT_MAPPING=024279A6
STEP4_MAPPING_SAMPLE board=DE5 [1-11.1] sample=002 REF_GOT_EDGE_ENTRY_MAPPING=02E3E1F9 REF_QUAL8_MAPPING=00000001 REF_ACCEPT_MAPPING=02E3E1F8 FB_GOT_EDGE_ENTRY_MAPPING=024279A7 FB_QUAL8_MAPPING=00000000 FB_ACCEPT_MAPPING=024279A6
STEP4_MAPPING_SAMPLE board=DE5 [1-11.1] sample=003 REF_GOT_EDGE_ENTRY_MAPPING=02E3E1F9 REF_QUAL8_MAPPING=00000001 REF_ACCEPT_MAPPING=02E3E1F8 FB_GOT_EDGE_ENTRY_MAPPING=024279A7 FB_QUAL8_MAPPING=00000000 FB_ACCEPT_MAPPING=024279A6
STEP4_MAPPING_SAMPLE board=DE5 [1-11.1] sample=004 REF_GOT_EDGE_ENTRY_MAPPING=02E3E1F9 REF_QUAL8_MAPPING=00000001 REF_ACCEPT_MAPPING=02E3E1F8 FB_GOT_EDGE_ENTRY_MAPPING=024279A7 FB_QUAL8_MAPPING=00000000 FB_ACCEPT_MAPPING=024279A6
STEP4_MAPPING_SAMPLE board=DE5 [1-11.1] sample=005 REF_GOT_EDGE_ENTRY_MAPPING=02E3E1F9 REF_QUAL8_MAPPING=00000001 REF_ACCEPT_MAPPING=02E3E1F8 FB_GOT_EDGE_ENTRY_MAPPING=024279A7 FB_QUAL8_MAPPING=00000000 FB_ACCEPT_MAPPING=024279A6
STEP4_MAPPING_SAMPLE board=DE5 [1-11.1] sample=006 REF_GOT_EDGE_ENTRY_MAPPING=02E3E1F9 REF_QUAL8_MAPPING=00000001 REF_ACCEPT_MAPPING=02E3E1F8 FB_GOT_EDGE_ENTRY_MAPPING=024279A7 FB_QUAL8_MAPPING=00000000 FB_ACCEPT_MAPPING=024279A6
STEP4_MAPPING_SAMPLE board=DE5 [1-11.1] sample=007 REF_GOT_EDGE_ENTRY_MAPPING=02E3E1F9 REF_QUAL8_MAPPING=00000001 REF_ACCEPT_MAPPING=02E3E1F8 FB_GOT_EDGE_ENTRY_MAPPING=024279A7 FB_QUAL8_MAPPING=00000000 FB_ACCEPT_MAPPING=024279A6
STEP4_MAPPING_SAMPLE board=DE5 [1-11.1] sample=008 REF_GOT_EDGE_ENTRY_MAPPING=02E3E1F9 REF_QUAL8_MAPPING=00000001 REF_ACCEPT_MAPPING=02E3E1F8 FB_GOT_EDGE_ENTRY_MAPPING=024279A7 FB_QUAL8_MAPPING=00000000 FB_ACCEPT_MAPPING=024279A6
STEP4_MAPPING_SAMPLE board=DE5 [1-11.1] sample=009 REF_GOT_EDGE_ENTRY_MAPPING=02E3E1F9 REF_QUAL8_MAPPING=00000001 REF_ACCEPT_MAPPING=02E3E1F8 FB_GOT_EDGE_ENTRY_MAPPING=024279A7 FB_QUAL8_MAPPING=00000000 FB_ACCEPT_MAPPING=024279A6
STEP4_MAPPING_SAMPLE board=DE5 [1-11.1] sample=010 REF_GOT_EDGE_ENTRY_MAPPING=02E3E1F9 REF_QUAL8_MAPPING=00000001 REF_ACCEPT_MAPPING=02E3E1F8 FB_GOT_EDGE_ENTRY_MAPPING=024279A7 FB_QUAL8_MAPPING=00000000 FB_ACCEPT_MAPPING=024279A6
STEP4_MAPPING_SAMPLE board=DE5 [1-11.1] sample=011 REF_GOT_EDGE_ENTRY_MAPPING=02E3E1F9 REF_QUAL8_MAPPING=00000001 REF_ACCEPT_MAPPING=02E3E1F8 FB_GOT_EDGE_ENTRY_MAPPING=024279A7 FB_QUAL8_MAPPING=00000000 FB_ACCEPT_MAPPING=024279A6
STEP4_MAPPING_SAMPLE board=DE5 [1-11.1] sample=012 REF_GOT_EDGE_ENTRY_MAPPING=02E3E1F9 REF_QUAL8_MAPPING=00000001 REF_ACCEPT_MAPPING=02E3E1F8 FB_GOT_EDGE_ENTRY_MAPPING=024279A7 FB_QUAL8_MAPPING=00000000 FB_ACCEPT_MAPPING=024279A6
STEP4_MAPPING_SAMPLE board=DE5 [1-11.1] sample=013 REF_GOT_EDGE_ENTRY_MAPPING=02E3E1F9 REF_QUAL8_MAPPING=00000001 REF_ACCEPT_MAPPING=02E3E1F8 FB_GOT_EDGE_ENTRY_MAPPING=024279A7 FB_QUAL8_MAPPING=00000000 FB_ACCEPT_MAPPING=024279A6
STEP4_MAPPING_SAMPLE board=DE5 [1-11.1] sample=014 REF_GOT_EDGE_ENTRY_MAPPING=02E3E1F9 REF_QUAL8_MAPPING=00000001 REF_ACCEPT_MAPPING=02E3E1F8 FB_GOT_EDGE_ENTRY_MAPPING=024279A7 FB_QUAL8_MAPPING=00000000 FB_ACCEPT_MAPPING=024279A6
STEP4_MAPPING_SAMPLE board=DE5 [1-11.1] sample=015 REF_GOT_EDGE_ENTRY_MAPPING=02E3E1F9 REF_QUAL8_MAPPING=00000001 REF_ACCEPT_MAPPING=02E3E1F8 FB_GOT_EDGE_ENTRY_MAPPING=024279A7 FB_QUAL8_MAPPING=00000000 FB_ACCEPT_MAPPING=024279A6
STEP4_MAPPING_SAMPLE board=DE5 [1-11.1] sample=016 REF_GOT_EDGE_ENTRY_MAPPING=02E3E1F9 REF_QUAL8_MAPPING=00000001 REF_ACCEPT_MAPPING=02E3E1F8 FB_GOT_EDGE_ENTRY_MAPPING=024279A7 FB_QUAL8_MAPPING=00000000 FB_ACCEPT_MAPPING=024279A6
STEP4_MAPPING_SAMPLE board=DE5 [1-11.1] sample=017 REF_GOT_EDGE_ENTRY_MAPPING=02E3E1F9 REF_QUAL8_MAPPING=00000001 REF_ACCEPT_MAPPING=02E3E1F8 FB_GOT_EDGE_ENTRY_MAPPING=024279A7 FB_QUAL8_MAPPING=00000000 FB_ACCEPT_MAPPING=024279A6
STEP4_MAPPING_SAMPLE board=DE5 [1-11.1] sample=018 REF_GOT_EDGE_ENTRY_MAPPING=02E3E1F9 REF_QUAL8_MAPPING=00000001 REF_ACCEPT_MAPPING=02E3E1F8 FB_GOT_EDGE_ENTRY_MAPPING=024279A7 FB_QUAL8_MAPPING=00000000 FB_ACCEPT_MAPPING=024279A6
STEP4_MAPPING_SAMPLE board=DE5 [1-11.1] sample=019 REF_GOT_EDGE_ENTRY_MAPPING=02E3E1F9 REF_QUAL8_MAPPING=00000001 REF_ACCEPT_MAPPING=02E3E1F8 FB_GOT_EDGE_ENTRY_MAPPING=024279A7 FB_QUAL8_MAPPING=00000000 FB_ACCEPT_MAPPING=024279A6
STEP4_MAPPING_SAMPLE board=DE5 [1-11.1] sample=020 REF_GOT_EDGE_ENTRY_MAPPING=02E3E1F9 REF_QUAL8_MAPPING=00000001 REF_ACCEPT_MAPPING=02E3E1F8 FB_GOT_EDGE_ENTRY_MAPPING=024279A7 FB_QUAL8_MAPPING=00000000 FB_ACCEPT_MAPPING=024279A6
STEP4_MAPPING_SAMPLE board=DE5 [1-11.1] sample=021 REF_GOT_EDGE_ENTRY_MAPPING=02E3E1F9 REF_QUAL8_MAPPING=00000001 REF_ACCEPT_MAPPING=02E3E1F8 FB_GOT_EDGE_ENTRY_MAPPING=024279A7 FB_QUAL8_MAPPING=00000000 FB_ACCEPT_MAPPING=024279A6
STEP4_MAPPING_SAMPLE board=DE5 [1-11.1] sample=022 REF_GOT_EDGE_ENTRY_MAPPING=02E3E1F9 REF_QUAL8_MAPPING=00000001 REF_ACCEPT_MAPPING=02E3E1F8 FB_GOT_EDGE_ENTRY_MAPPING=024279A7 FB_QUAL8_MAPPING=00000000 FB_ACCEPT_MAPPING=024279A6
STEP4_MAPPING_SAMPLE board=DE5 [1-11.1] sample=023 REF_GOT_EDGE_ENTRY_MAPPING=02E3E1F9 REF_QUAL8_MAPPING=00000001 REF_ACCEPT_MAPPING=02E3E1F8 FB_GOT_EDGE_ENTRY_MAPPING=024279A7 FB_QUAL8_MAPPING=00000000 FB_ACCEPT_MAPPING=024279A6
STEP4_MAPPING_SAMPLE board=DE5 [1-11.1] sample=024 REF_GOT_EDGE_ENTRY_MAPPING=02E3E1F9 REF_QUAL8_MAPPING=00000001 REF_ACCEPT_MAPPING=02E3E1F8 FB_GOT_EDGE_ENTRY_MAPPING=024279A7 FB_QUAL8_MAPPING=00000000 FB_ACCEPT_MAPPING=024279A6
STEP4_MAPPING_SAMPLE board=DE5 [1-11.1] sample=025 REF_GOT_EDGE_ENTRY_MAPPING=02E3E1F9 REF_QUAL8_MAPPING=00000001 REF_ACCEPT_MAPPING=02E3E1F8 FB_GOT_EDGE_ENTRY_MAPPING=024279A7 FB_QUAL8_MAPPING=00000000 FB_ACCEPT_MAPPING=024279A6
STEP4_MAPPING_SAMPLE board=DE5 [1-11.1] sample=026 REF_GOT_EDGE_ENTRY_MAPPING=02E3E1F9 REF_QUAL8_MAPPING=00000001 REF_ACCEPT_MAPPING=02E3E1F8 FB_GOT_EDGE_ENTRY_MAPPING=024279A7 FB_QUAL8_MAPPING=00000000 FB_ACCEPT_MAPPING=024279A6
STEP4_MAPPING_SAMPLE board=DE5 [1-11.1] sample=027 REF_GOT_EDGE_ENTRY_MAPPING=02E3E1F9 REF_QUAL8_MAPPING=00000001 REF_ACCEPT_MAPPING=02E3E1F8 FB_GOT_EDGE_ENTRY_MAPPING=024279A7 FB_QUAL8_MAPPING=00000000 FB_ACCEPT_MAPPING=024279A6
STEP4_MAPPING_SAMPLE board=DE5 [1-11.1] sample=028 REF_GOT_EDGE_ENTRY_MAPPING=02E3E1F9 REF_QUAL8_MAPPING=00000001 REF_ACCEPT_MAPPING=02E3E1F8 FB_GOT_EDGE_ENTRY_MAPPING=024279A7 FB_QUAL8_MAPPING=00000000 FB_ACCEPT_MAPPING=024279A6
STEP4_MAPPING_SAMPLE board=DE5 [1-11.1] sample=029 REF_GOT_EDGE_ENTRY_MAPPING=02E3E1F9 REF_QUAL8_MAPPING=00000001 REF_ACCEPT_MAPPING=02E3E1F8 FB_GOT_EDGE_ENTRY_MAPPING=024279A7 FB_QUAL8_MAPPING=00000000 FB_ACCEPT_MAPPING=024279A6
STEP4_MAPPING_SAMPLE board=DE5 [1-11.1] sample=030 REF_GOT_EDGE_ENTRY_MAPPING=02E3E1F9 REF_QUAL8_MAPPING=00000001 REF_ACCEPT_MAPPING=02E3E1F8 FB_GOT_EDGE_ENTRY_MAPPING=024279A7 FB_QUAL8_MAPPING=00000000 FB_ACCEPT_MAPPING=024279A6
STEP4_MAPPING_SAMPLE board=DE5 [1-11.1] sample=031 REF_GOT_EDGE_ENTRY_MAPPING=02E3E1F9 REF_QUAL8_MAPPING=00000001 REF_ACCEPT_MAPPING=02E3E1F8 FB_GOT_EDGE_ENTRY_MAPPING=024279A7 FB_QUAL8_MAPPING=00000000 FB_ACCEPT_MAPPING=024279A6
STEP4_MAPPING_SAMPLE board=DE5 [1-11.1] sample=032 REF_GOT_EDGE_ENTRY_MAPPING=02E3E1F9 REF_QUAL8_MAPPING=00000001 REF_ACCEPT_MAPPING=02E3E1F8 FB_GOT_EDGE_ENTRY_MAPPING=024279A7 FB_QUAL8_MAPPING=00000000 FB_ACCEPT_MAPPING=024279A6
STEP4_MAPPING_SAMPLE board=DE5 [1-11.1] sample=033 REF_GOT_EDGE_ENTRY_MAPPING=02E3E1F9 REF_QUAL8_MAPPING=00000001 REF_ACCEPT_MAPPING=02E3E1F8 FB_GOT_EDGE_ENTRY_MAPPING=024279A7 FB_QUAL8_MAPPING=00000000 FB_ACCEPT_MAPPING=024279A6
STEP4_MAPPING_SAMPLE board=DE5 [1-11.1] sample=034 REF_GOT_EDGE_ENTRY_MAPPING=02E3E1F9 REF_QUAL8_MAPPING=00000001 REF_ACCEPT_MAPPING=02E3E1F8 FB_GOT_EDGE_ENTRY_MAPPING=024279A7 FB_QUAL8_MAPPING=00000000 FB_ACCEPT_MAPPING=024279A6
STEP4_MAPPING_SAMPLE board=DE5 [1-11.1] sample=035 REF_GOT_EDGE_ENTRY_MAPPING=02E3E1F9 REF_QUAL8_MAPPING=00000001 REF_ACCEPT_MAPPING=02E3E1F8 FB_GOT_EDGE_ENTRY_MAPPING=024279A7 FB_QUAL8_MAPPING=00000000 FB_ACCEPT_MAPPING=024279A6
STEP4_MAPPING_SAMPLE board=DE5 [1-11.1] sample=036 REF_GOT_EDGE_ENTRY_MAPPING=02E3E1F9 REF_QUAL8_MAPPING=00000001 REF_ACCEPT_MAPPING=02E3E1F8 FB_GOT_EDGE_ENTRY_MAPPING=024279A7 FB_QUAL8_MAPPING=00000000 FB_ACCEPT_MAPPING=024279A6
STEP4_MAPPING_SAMPLE board=DE5 [1-11.1] sample=037 REF_GOT_EDGE_ENTRY_MAPPING=02E3E1F9 REF_QUAL8_MAPPING=00000001 REF_ACCEPT_MAPPING=02E3E1F8 FB_GOT_EDGE_ENTRY_MAPPING=024279A7 FB_QUAL8_MAPPING=00000000 FB_ACCEPT_MAPPING=024279A6
STEP4_MAPPING_SAMPLE board=DE5 [1-11.1] sample=038 REF_GOT_EDGE_ENTRY_MAPPING=02E3E1F9 REF_QUAL8_MAPPING=00000001 REF_ACCEPT_MAPPING=02E3E1F8 FB_GOT_EDGE_ENTRY_MAPPING=024279A7 FB_QUAL8_MAPPING=00000000 FB_ACCEPT_MAPPING=024279A6
STEP4_MAPPING_SAMPLE board=DE5 [1-11.1] sample=039 REF_GOT_EDGE_ENTRY_MAPPING=02E3E1F9 REF_QUAL8_MAPPING=00000001 REF_ACCEPT_MAPPING=02E3E1F8 FB_GOT_EDGE_ENTRY_MAPPING=024279A7 FB_QUAL8_MAPPING=00000000 FB_ACCEPT_MAPPING=024279A6
STEP4_MAPPING_SAMPLE board=DE5 [1-11.1] sample=040 REF_GOT_EDGE_ENTRY_MAPPING=02E3E1F9 REF_QUAL8_MAPPING=00000001 REF_ACCEPT_MAPPING=02E3E1F8 FB_GOT_EDGE_ENTRY_MAPPING=024279A7 FB_QUAL8_MAPPING=00000000 FB_ACCEPT_MAPPING=024279A6
STEP4_MAPPING_SAMPLE board=DE5 [1-11.1] sample=041 REF_GOT_EDGE_ENTRY_MAPPING=02E3E1F9 REF_QUAL8_MAPPING=00000001 REF_ACCEPT_MAPPING=02E3E1F8 FB_GOT_EDGE_ENTRY_MAPPING=024279A7 FB_QUAL8_MAPPING=00000000 FB_ACCEPT_MAPPING=024279A6
STEP4_MAPPING_SAMPLE board=DE5 [1-11.1] sample=042 REF_GOT_EDGE_ENTRY_MAPPING=02E3E1F9 REF_QUAL8_MAPPING=00000001 REF_ACCEPT_MAPPING=02E3E1F8 FB_GOT_EDGE_ENTRY_MAPPING=024279A7 FB_QUAL8_MAPPING=00000000 FB_ACCEPT_MAPPING=024279A6
STEP4_MAPPING_SAMPLE board=DE5 [1-11.1] sample=043 REF_GOT_EDGE_ENTRY_MAPPING=02E3E1F9 REF_QUAL8_MAPPING=00000001 REF_ACCEPT_MAPPING=02E3E1F8 FB_GOT_EDGE_ENTRY_MAPPING=024279A7 FB_QUAL8_MAPPING=00000000 FB_ACCEPT_MAPPING=024279A6
STEP4_MAPPING_SAMPLE board=DE5 [1-11.1] sample=044 REF_GOT_EDGE_ENTRY_MAPPING=02E3E1F9 REF_QUAL8_MAPPING=00000001 REF_ACCEPT_MAPPING=02E3E1F8 FB_GOT_EDGE_ENTRY_MAPPING=024279A7 FB_QUAL8_MAPPING=00000000 FB_ACCEPT_MAPPING=024279A6
STEP4_MAPPING_SAMPLE board=DE5 [1-11.1] sample=045 REF_GOT_EDGE_ENTRY_MAPPING=02E3E1F9 REF_QUAL8_MAPPING=00000001 REF_ACCEPT_MAPPING=02E3E1F8 FB_GOT_EDGE_ENTRY_MAPPING=024279A7 FB_QUAL8_MAPPING=00000000 FB_ACCEPT_MAPPING=024279A6
STEP4_MAPPING_SAMPLE board=DE5 [1-11.1] sample=046 REF_GOT_EDGE_ENTRY_MAPPING=02E3E1F9 REF_QUAL8_MAPPING=00000001 REF_ACCEPT_MAPPING=02E3E1F8 FB_GOT_EDGE_ENTRY_MAPPING=024279A7 FB_QUAL8_MAPPING=00000000 FB_ACCEPT_MAPPING=024279A6
STEP4_MAPPING_SAMPLE board=DE5 [1-11.1] sample=047 REF_GOT_EDGE_ENTRY_MAPPING=02E3E1F9 REF_QUAL8_MAPPING=00000001 REF_ACCEPT_MAPPING=02E3E1F8 FB_GOT_EDGE_ENTRY_MAPPING=024279A7 FB_QUAL8_MAPPING=00000000 FB_ACCEPT_MAPPING=024279A6
STEP4_MAPPING_SAMPLE board=DE5 [1-11.1] sample=048 REF_GOT_EDGE_ENTRY_MAPPING=02E3E1F9 REF_QUAL8_MAPPING=00000001 REF_ACCEPT_MAPPING=02E3E1F8 FB_GOT_EDGE_ENTRY_MAPPING=024279A7 FB_QUAL8_MAPPING=00000000 FB_ACCEPT_MAPPING=024279A6
STEP4_MAPPING_SAMPLE board=DE5 [1-11.1] sample=049 REF_GOT_EDGE_ENTRY_MAPPING=02E3E1F9 REF_QUAL8_MAPPING=00000001 REF_ACCEPT_MAPPING=02E3E1F8 FB_GOT_EDGE_ENTRY_MAPPING=024279A7 FB_QUAL8_MAPPING=00000000 FB_ACCEPT_MAPPING=024279A6
STEP4_MAPPING_SAMPLE board=DE5 [1-11.1] sample=050 REF_GOT_EDGE_ENTRY_MAPPING=02E3E1F9 REF_QUAL8_MAPPING=00000001 REF_ACCEPT_MAPPING=02E3E1F8 FB_GOT_EDGE_ENTRY_MAPPING=024279A7 FB_QUAL8_MAPPING=00000000 FB_ACCEPT_MAPPING=024279A6
STEP4_SERIES board=DE5 [1-11.1] register=REF_GOT_EDGE_ENTRY_MAPPING samples=50 valid=50 timeout=0 invalid=0 decrease=0 first=02E3E1F9 last=02E3E1F9 delta=0
STEP4_SERIES board=DE5 [1-11.1] register=REF_QUAL8_MAPPING samples=50 valid=50 timeout=0 invalid=0 decrease=0 first=00000001 last=00000001 delta=0
STEP4_SERIES board=DE5 [1-11.1] register=REF_ACCEPT_MAPPING samples=50 valid=50 timeout=0 invalid=0 decrease=0 first=02E3E1F8 last=02E3E1F8 delta=0
STEP4_SERIES board=DE5 [1-11.1] register=FB_GOT_EDGE_ENTRY_MAPPING samples=50 valid=50 timeout=0 invalid=0 decrease=0 first=024279A7 last=024279A7 delta=0
STEP4_SERIES board=DE5 [1-11.1] register=FB_QUAL8_MAPPING samples=50 valid=50 timeout=0 invalid=0 decrease=0 first=00000000 last=00000000 delta=0
STEP4_SERIES board=DE5 [1-11.1] register=FB_ACCEPT_MAPPING samples=50 valid=50 timeout=0 invalid=0 decrease=0 first=024279A6 last=024279A6 delta=0
STEP4_MAPPING_SUMMARY board=DE5 [1-11.1] ref_got_edge_delta=0 ref_qual8_field_delta=0 ref_accept_delta=0 fb_got_edge_delta=0 fb_qual8_field_delta=0 fb_accept_delta=0
STEP4_LOW_QUAL_ABORT board=DE5 [1-11.1] samples=50 ref_delta=0 fb_delta=0 ref_valid=50 fb_valid=50 result=VALID source=existing_dbg_low_qual_abort_count
=== STEP4_FOCUSED_BOARD DE5 [1-11.2] ===
STEP4_SERIES board=DE5 [1-11.2] register=WR_FAILURE_DEBUG samples=50 valid=50 timeout=0 invalid=0 decrease=0 first=02020001 last=02020001 delta=0
STEP4_SERIES board=DE5 [1-11.2] register=WR_LOCK_RESULT samples=50 valid=50 timeout=0 invalid=0 decrease=0 first=00000001 last=00000001 delta=0
STEP4_SERIES board=DE5 [1-11.2] register=WR_LOCK_POLL_COUNT samples=50 valid=50 timeout=0 invalid=0 decrease=0 first=000E8B61 last=000E8B61 delta=0
STEP4_SERIES board=DE5 [1-11.2] register=WR_LOCK_UNLOCKED_COUNT samples=50 valid=50 timeout=0 invalid=0 decrease=0 first=000E8B61 last=000E8B61 delta=0
STEP4_SERIES board=DE5 [1-11.2] register=WR_LOCK_CALIB_FAIL_COUNT samples=50 valid=50 timeout=0 invalid=0 decrease=0 first=00000000 last=00000000 delta=0
STEP4_SERIES board=DE5 [1-11.2] register=WR_LOCK_ENABLE_COUNT samples=50 valid=50 timeout=0 invalid=0 decrease=0 first=00000004 last=00000004 delta=0
STEP4_SERIES board=DE5 [1-11.2] register=SPLL_STATE samples=50 valid=50 timeout=0 invalid=0 decrease=0 first=00030009 last=00030009 delta=0
STEP4_SERIES board=DE5 [1-11.2] register=PSTAT_LOCKED samples=50 valid=50 timeout=0 invalid=0 decrease=0 first=00000001 last=00000001 delta=0
STEP4_GROUP board=DE5 [1-11.2] group=LOCK result=VALID
STEP4_LOCK_CLASS board=DE5 [1-11.2] result=SPLL_UNLOCKED result_code=1 unlocked_delta=0 pstat_locked=0
STEP4_SERIES board=DE5 [1-11.2] register=SPLL_MODE_SEQUENCE samples=50 valid=50 timeout=0 invalid=0 decrease=0 first=00030009 last=00030009 delta=0
STEP4_SERIES board=DE5 [1-11.2] register=RCER samples=50 valid=50 timeout=0 invalid=0 decrease=0 first=00000001 last=00000001 delta=0
STEP4_SERIES board=DE5 [1-11.2] register=OCER samples=50 valid=50 timeout=0 invalid=0 decrease=0 first=00009001 last=00009001 delta=0
STEP4_SERIES board=DE5 [1-11.2] register=DMTD_REF_EVENTS samples=50 valid=50 timeout=0 invalid=0 decrease=0 first=06590E7D last=06590E7D delta=0
STEP4_SERIES board=DE5 [1-11.2] register=DMTD_FB_EVENTS samples=50 valid=50 timeout=0 invalid=0 decrease=0 first=0642B065 last=0642B065 delta=0
STEP4_SERIES board=DE5 [1-11.2] register=DMTD_REF_ACCEPT samples=50 valid=50 timeout=0 invalid=0 decrease=0 first=17A7900E last=17A7900E delta=0
STEP4_SERIES board=DE5 [1-11.2] register=DMTD_FB_ACCEPT samples=50 valid=50 timeout=0 invalid=0 decrease=0 first=16CEBC0E last=16CEBC0E delta=0
STEP4_SERIES board=DE5 [1-11.2] register=DMTD_REF_SAMPLED samples=50 valid=50 timeout=0 invalid=0 decrease=1 first=E8B5CD50 last=58E7E370 delta=DECREASED_OR_RESET
STEP4_SERIES board=DE5 [1-11.2] register=DMTD_FB_SAMPLED samples=50 valid=50 timeout=0 invalid=0 decrease=1 first=DE080056 last=4D55C503 delta=DECREASED_OR_RESET
STEP4_SERIES board=DE5 [1-11.2] register=DMTD_HIGH_QUAL_MAX_STAB samples=50 valid=50 timeout=0 invalid=0 decrease=0 first=00010028 last=00010028 delta=0
STEP4_SERIES board=DE5 [1-11.2] register=DMTD_D0_LOW_RUN_MAX samples=50 valid=50 timeout=0 invalid=0 decrease=0 first=0001FFFF last=0001FFFF delta=0
STEP4_SERIES board=DE5 [1-11.2] register=DMTD_REF_WAIT_EDGE_ENTRY samples=50 valid=50 timeout=0 invalid=0 decrease=0 first=17A7900F last=17A7900F delta=0
STEP4_SERIES board=DE5 [1-11.2] register=DMTD_FB_WAIT_EDGE_ENTRY samples=50 valid=50 timeout=0 invalid=0 decrease=0 first=16CEBC0F last=16CEBC0F delta=0
STEP4_SERIES board=DE5 [1-11.2] register=DMTD_REF_GOT_EDGE_ENTRY samples=50 valid=50 timeout=0 invalid=0 decrease=0 first=17A7900F last=17A7900F delta=0
STEP4_SERIES board=DE5 [1-11.2] register=DMTD_FB_GOT_EDGE_ENTRY samples=50 valid=50 timeout=0 invalid=0 decrease=0 first=16CEBC0F last=16CEBC0F delta=0
STEP4_SERIES board=DE5 [1-11.2] register=DMTD_REF_QUAL_REACHED_8 samples=50 valid=50 timeout=0 invalid=0 decrease=0 first=FFFF0001 last=FFFF0001 delta=0
STEP4_SERIES board=DE5 [1-11.2] register=DMTD_FB_QUAL_REACHED_8 samples=50 valid=50 timeout=0 invalid=0 decrease=0 first=00000000 last=00000000 delta=0
STEP4_SERIES board=DE5 [1-11.2] register=SPLL_DMTD_STATE samples=50 valid=50 timeout=0 invalid=0 decrease=0 first=FC00000A last=FC00000A delta=0
STEP4_GROUP board=DE5 [1-11.2] group=DMTD_BOUNDARY result=VALID
STEP4_SERIES64 board=DE5 [1-11.2] register=DMTD_NATIVE_EDGE_COUNT64 samples=50 valid=50 timeout=0 invalid=0 decrease=0 first=0000000964926F03 last=00000009E5FB47D1 delta=2171132110 delta_mode=MODULO64
STEP4_SERIES board=DE5 [1-11.2] register=DEGLITCH_THRESHOLD samples=50 valid=50 timeout=0 invalid=0 decrease=0 first=000003E8 last=000003E8 delta=0
STEP4_SERIES board=DE5 [1-11.2] register=WAIT_STABLE0_REF_MAX_STAB samples=50 valid=50 timeout=0 invalid=0 decrease=0 first=00000000 last=00000000 delta=0
STEP4_SERIES board=DE5 [1-11.2] register=WAIT_STABLE0_FB_MAX_STAB samples=50 valid=50 timeout=0 invalid=0 decrease=0 first=00000000 last=00000000 delta=0
STEP4_SERIES64 board=DE5 [1-11.2] register=REF_D0_STABLE_HIT_COUNT64 samples=50 valid=50 timeout=0 invalid=0 decrease=0 first=000000095D890DD1 last=00000009DEF3A06B delta=2171245210 delta_mode=MODULO64
STEP4_SERIES64 board=DE5 [1-11.2] register=REF_D0_TRANSITION_COUNT64 samples=50 valid=50 timeout=0 invalid=0 decrease=0 first=0000000959CE24B1 last=00000009DB03D212 delta=2167778657 delta_mode=MODULO64
STEP4_SERIES board=DE5 [1-11.2] register=DMTD_REF_WAIT_EDGE_ENTRY samples=50 valid=50 timeout=0 invalid=0 decrease=0 first=17A7900F last=17A7900F delta=0
STEP4_SERIES board=DE5 [1-11.2] register=DMTD_REF_GOT_EDGE_ENTRY samples=50 valid=50 timeout=0 invalid=0 decrease=0 first=17A7900F last=17A7900F delta=0
STEP4_SERIES board=DE5 [1-11.2] register=NATIVE_REF_SAMPLED samples=50 valid=50 timeout=0 invalid=0 decrease=0 first=59E3EE0E last=DB1974E3 delta=2167768789
STEP4_SERIES board=DE5 [1-11.2] register=NATIVE_REF_ACCEPT samples=50 valid=50 timeout=0 invalid=0 decrease=0 first=17A7900E last=17A7900E delta=0
STEP4_SERIES64 board=DE5 [1-11.2] register=FB_D0_STABLE_HIT_COUNT64 samples=50 valid=50 timeout=0 invalid=0 decrease=0 first=00000009656A5738 last=00000009E6D291E8 delta=2171091632 delta_mode=MODULO64
STEP4_SERIES64 board=DE5 [1-11.2] register=FB_D0_TRANSITION_COUNT64 samples=50 valid=50 timeout=0 invalid=0 decrease=0 first=000000094E9D21CE last=00000009CECB4724 delta=2150507862 delta_mode=MODULO64
STEP4_SERIES board=DE5 [1-11.2] register=DMTD_FB_WAIT_EDGE_ENTRY samples=50 valid=50 timeout=0 invalid=0 decrease=0 first=16CEBC0F last=16CEBC0F delta=0
STEP4_SERIES board=DE5 [1-11.2] register=DMTD_FB_GOT_EDGE_ENTRY samples=50 valid=50 timeout=0 invalid=0 decrease=0 first=16CEBC0F last=16CEBC0F delta=0
STEP4_SERIES board=DE5 [1-11.2] register=NATIVE_FB_SAMPLED samples=50 valid=50 timeout=0 invalid=0 decrease=0 first=4EB2AF13 last=CEE0C688 delta=2150504309
STEP4_SERIES board=DE5 [1-11.2] register=NATIVE_FB_ACCEPT samples=50 valid=50 timeout=0 invalid=0 decrease=0 first=16CEBC0E last=16CEBC0E delta=0
STEP4_DMTD_CLOCK board=DE5 [1-11.2] dmtd_native_delta=2171132110 dmtd_elapsed_ms=17370 dmtd_frequency_hz=124993213.011 result=VALID
STEP4_D0_STABLE_THRESHOLD board=DE5 [1-11.2] threshold=1000 threshold_delta=0 hit_length=1001 wait_stable0_ref_max=0 wait_stable0_fb_max=0 ref_hit_delta=2171245210 ref_hit_per_million_d0=1001599.126825 ref_d0_delta=2167778657 ref_d0_to_dmtd_ratio=0.998455436 ref_sampled_delta=2167768789 ref_sampled_to_dmtd_ratio=0.998450891 ref_sampled_to_d0_ratio=0.999995448 ref_accept_delta=0 fb_hit_delta=2171091632 fb_hit_per_million_d0=1009571.585561 fb_d0_delta=2150507862 fb_d0_to_dmtd_ratio=0.990500694 fb_sampled_delta=2150504309 fb_sampled_to_dmtd_ratio=0.990499058 fb_sampled_to_d0_ratio=0.999998348 fb_accept_delta=0 result=VALID counter_cdc=GRAY2_HI_LO_HI
STEP4_WAIT_STABLE0_MAX_STAB board=DE5 [1-11.2] ref_max=0 fb_max=0 threshold=1000 ref_ge=0 fb_ge=0 source=functional_stab_cntr_state_gated
STEP4_SERIES board=DE5 [1-11.2] register=TAG_PENDING_COUNT samples=50 valid=50 timeout=0 invalid=0 decrease=0 first=00000000 last=00000000 delta=0
STEP4_SERIES board=DE5 [1-11.2] register=TAG_PENDING_REF_COUNT samples=50 valid=50 timeout=0 invalid=0 decrease=0 first=00000000 last=00000000 delta=0
STEP4_SERIES board=DE5 [1-11.2] register=TAG_PENDING_FB_COUNT samples=50 valid=50 timeout=0 invalid=0 decrease=0 first=00000000 last=00000000 delta=0
STEP4_SERIES board=DE5 [1-11.2] register=TAG_GRANT_COUNT samples=50 valid=50 timeout=0 invalid=0 decrease=0 first=00000000 last=00000000 delta=0
STEP4_SERIES board=DE5 [1-11.2] register=TAG_VALID_COUNT samples=50 valid=50 timeout=0 invalid=0 decrease=0 first=00000000 last=00000000 delta=0
STEP4_SERIES board=DE5 [1-11.2] register=TRR_WRITE_COUNT samples=50 valid=50 timeout=0 invalid=0 decrease=0 first=00000000 last=00000000 delta=0
STEP4_GROUP board=DE5 [1-11.2] group=TAG_ARBITRATION result=VALID
STEP4_SERIES board=DE5 [1-11.2] register=IRQ_COUNT samples=50 valid=50 timeout=0 invalid=0 decrease=0 first=00000000 last=00000000 delta=0
STEP4_SERIES board=DE5 [1-11.2] register=HELPER_UPDATE_COUNT samples=50 valid=50 timeout=0 invalid=0 decrease=0 first=00000000 last=00000000 delta=0
STEP4_SERIES board=DE5 [1-11.2] register=TRR_POP_COUNT samples=50 valid=50 timeout=0 invalid=0 decrease=0 first=00000000 last=00000000 delta=0
STEP4_SERIES board=DE5 [1-11.2] register=STATE_TRANSITION_COUNT samples=50 valid=50 timeout=0 invalid=0 decrease=0 first=00000000 last=00000000 delta=0
STEP4_GROUP board=DE5 [1-11.2] group=DOWNSTREAM result=VALID
STEP4_SERIES board=DE5 [1-11.2] register=CURRENT_TICS samples=50 valid=50 timeout=0 invalid=0 decrease=0 first=48D2DA96 last=777B39DE delta=782786376
STEP4_SERIES board=DE5 [1-11.2] register=DMTD_REF_LAST_TICS samples=50 valid=50 timeout=0 invalid=0 decrease=0 first=2E0A8326 last=2E0A8326 delta=0
STEP4_SERIES board=DE5 [1-11.2] register=DMTD_FB_LAST_TICS samples=50 valid=50 timeout=0 invalid=0 decrease=0 first=2E0A8322 last=2E0A8322 delta=0
STEP4_SERIES board=DE5 [1-11.2] register=TAG_REF_LAST_TICS samples=50 valid=50 timeout=0 invalid=0 decrease=0 first=2E0A8327 last=2E0A8327 delta=0
STEP4_SERIES board=DE5 [1-11.2] register=TAG_FB_LAST_TICS samples=50 valid=50 timeout=0 invalid=0 decrease=0 first=2E0A8323 last=2E0A8323 delta=0
STEP4_SERIES board=DE5 [1-11.2] register=TAG_PENDING_LAST_TICS samples=50 valid=50 timeout=0 invalid=0 decrease=0 first=00000000 last=00000000 delta=0
STEP4_SERIES board=DE5 [1-11.2] register=TAG_GRANT_LAST_TICS samples=50 valid=50 timeout=0 invalid=0 decrease=0 first=00000000 last=00000000 delta=0
STEP4_SERIES board=DE5 [1-11.2] register=TAG_VALID_LAST_TICS samples=50 valid=50 timeout=0 invalid=0 decrease=0 first=00000000 last=00000000 delta=0
STEP4_SERIES board=DE5 [1-11.2] register=TRR_WRITE_LAST_TICS samples=50 valid=50 timeout=0 invalid=0 decrease=0 first=00000000 last=00000000 delta=0
STEP4_GROUP board=DE5 [1-11.2] group=EVENT_TIMING result=VALID
STEP4_HIGH_QUAL_MAX_STAB board=DE5 [1-11.2] ref_max_before_abort=40 fb_max_before_abort=1
STEP4_INPUT_D0_LOW_RUN_MAX board=DE5 [1-11.2] ref_max_d0_low_run=65535 fb_max_d0_low_run=1
STEP4_INPUT_D0_LOW_RUN_VS_THRESHOLD board=DE5 [1-11.2] threshold=1000 ref=65535 fb=1 ref_ge=1 fb_ge=0 domain=clk_i_d0
STEP4_DEGLITCH_STATE board=DE5 [1-11.2] ref_state=2 fb_state=2 ref_stab_bucket=0 fb_stab_bucket=0 ref_threshold_reached=1 fb_threshold_reached=1 ref_high_abort_seen=1 fb_high_abort_seen=1 ref_got_edge_seen=1 fb_got_edge_seen=1
STEP4_WAIT_STABLE0_BUCKET_MAX board=DE5 [1-11.2] ref_max=0 fb_max=0 ref_samples=0 fb_samples=0 source=SPLL_DMTD_STATE_bucket_coarse_proxy
STEP4_QUALIFICATION_ABORT_CAUSE board=DE5 [1-11.2] ref=GOT_EDGE_HIGH_ABORT(clk_sampled=0) fb=GOT_EDGE_HIGH_ABORT(clk_sampled=0) evidence=SPLL_DMTD_STATE_STICKY
STEP4_DMTD_BOUNDARY board=DE5 [1-11.2] sampled_ref=DECREASED_OR_RESET pre_accept_ref=0 accept_ref=0 sampled_fb=DECREASED_OR_RESET pre_accept_fb=0 accept_fb=0
STEP4_QUALIFICATION_ENTRY board=DE5 [1-11.2] ref=0 fb=0
STEP4_PRE_ACCEPT board=DE5 [1-11.2] ref=0 fb=0
STEP4_GOT_EDGE_ENTRY board=DE5 [1-11.2] ref=0 fb=0
STEP4_QUALIFICATION_PROGRESS board=DE5 [1-11.2] ref=0 fb=0
STEP4_EVENT_ACTIVITY board=DE5 [1-11.2] dmtd=0 pending=0 grant=0 tag_valid=0 trr_write=0 trr_pop=0 irq=0 state_transition=0 helper_update=0
STEP4_EVENT_BOUNDARY board=DE5 [1-11.2] result=QUALIFICATION_ABORT_AFTER_GOT_EDGE
STEP4_MAPPING_SAMPLE board=DE5 [1-11.2] sample=001 REF_GOT_EDGE_ENTRY_MAPPING=17A7900F REF_QUAL8_MAPPING=0000FFFF REF_ACCEPT_MAPPING=17A7900E FB_GOT_EDGE_ENTRY_MAPPING=16CEBC0F FB_QUAL8_MAPPING=00000000 FB_ACCEPT_MAPPING=16CEBC0E
STEP4_MAPPING_SAMPLE board=DE5 [1-11.2] sample=002 REF_GOT_EDGE_ENTRY_MAPPING=17A7900F REF_QUAL8_MAPPING=0000FFFF REF_ACCEPT_MAPPING=17A7900E FB_GOT_EDGE_ENTRY_MAPPING=16CEBC0F FB_QUAL8_MAPPING=00000000 FB_ACCEPT_MAPPING=16CEBC0E
STEP4_MAPPING_SAMPLE board=DE5 [1-11.2] sample=003 REF_GOT_EDGE_ENTRY_MAPPING=17A7900F REF_QUAL8_MAPPING=0000FFFF REF_ACCEPT_MAPPING=17A7900E FB_GOT_EDGE_ENTRY_MAPPING=16CEBC0F FB_QUAL8_MAPPING=00000000 FB_ACCEPT_MAPPING=16CEBC0E
STEP4_MAPPING_SAMPLE board=DE5 [1-11.2] sample=004 REF_GOT_EDGE_ENTRY_MAPPING=17A7900F REF_QUAL8_MAPPING=0000FFFF REF_ACCEPT_MAPPING=17A7900E FB_GOT_EDGE_ENTRY_MAPPING=16CEBC0F FB_QUAL8_MAPPING=00000000 FB_ACCEPT_MAPPING=16CEBC0E
STEP4_MAPPING_SAMPLE board=DE5 [1-11.2] sample=005 REF_GOT_EDGE_ENTRY_MAPPING=17A7900F REF_QUAL8_MAPPING=0000FFFF REF_ACCEPT_MAPPING=17A7900E FB_GOT_EDGE_ENTRY_MAPPING=16CEBC0F FB_QUAL8_MAPPING=00000000 FB_ACCEPT_MAPPING=16CEBC0E
STEP4_MAPPING_SAMPLE board=DE5 [1-11.2] sample=006 REF_GOT_EDGE_ENTRY_MAPPING=17A7900F REF_QUAL8_MAPPING=0000FFFF REF_ACCEPT_MAPPING=17A7900E FB_GOT_EDGE_ENTRY_MAPPING=16CEBC0F FB_QUAL8_MAPPING=00000000 FB_ACCEPT_MAPPING=16CEBC0E
STEP4_MAPPING_SAMPLE board=DE5 [1-11.2] sample=007 REF_GOT_EDGE_ENTRY_MAPPING=17A7900F REF_QUAL8_MAPPING=0000FFFF REF_ACCEPT_MAPPING=17A7900E FB_GOT_EDGE_ENTRY_MAPPING=16CEBC0F FB_QUAL8_MAPPING=00000000 FB_ACCEPT_MAPPING=16CEBC0E
STEP4_MAPPING_SAMPLE board=DE5 [1-11.2] sample=008 REF_GOT_EDGE_ENTRY_MAPPING=17A7900F REF_QUAL8_MAPPING=0000FFFF REF_ACCEPT_MAPPING=17A7900E FB_GOT_EDGE_ENTRY_MAPPING=16CEBC0F FB_QUAL8_MAPPING=00000000 FB_ACCEPT_MAPPING=16CEBC0E
STEP4_MAPPING_SAMPLE board=DE5 [1-11.2] sample=009 REF_GOT_EDGE_ENTRY_MAPPING=17A7900F REF_QUAL8_MAPPING=0000FFFF REF_ACCEPT_MAPPING=17A7900E FB_GOT_EDGE_ENTRY_MAPPING=16CEBC0F FB_QUAL8_MAPPING=00000000 FB_ACCEPT_MAPPING=16CEBC0E
STEP4_MAPPING_SAMPLE board=DE5 [1-11.2] sample=010 REF_GOT_EDGE_ENTRY_MAPPING=17A7900F REF_QUAL8_MAPPING=0000FFFF REF_ACCEPT_MAPPING=17A7900E FB_GOT_EDGE_ENTRY_MAPPING=16CEBC0F FB_QUAL8_MAPPING=00000000 FB_ACCEPT_MAPPING=16CEBC0E
STEP4_MAPPING_SAMPLE board=DE5 [1-11.2] sample=011 REF_GOT_EDGE_ENTRY_MAPPING=17A7900F REF_QUAL8_MAPPING=0000FFFF REF_ACCEPT_MAPPING=17A7900E FB_GOT_EDGE_ENTRY_MAPPING=16CEBC0F FB_QUAL8_MAPPING=00000000 FB_ACCEPT_MAPPING=16CEBC0E
STEP4_MAPPING_SAMPLE board=DE5 [1-11.2] sample=012 REF_GOT_EDGE_ENTRY_MAPPING=17A7900F REF_QUAL8_MAPPING=0000FFFF REF_ACCEPT_MAPPING=17A7900E FB_GOT_EDGE_ENTRY_MAPPING=16CEBC0F FB_QUAL8_MAPPING=00000000 FB_ACCEPT_MAPPING=16CEBC0E
STEP4_MAPPING_SAMPLE board=DE5 [1-11.2] sample=013 REF_GOT_EDGE_ENTRY_MAPPING=17A7900F REF_QUAL8_MAPPING=0000FFFF REF_ACCEPT_MAPPING=17A7900E FB_GOT_EDGE_ENTRY_MAPPING=16CEBC0F FB_QUAL8_MAPPING=00000000 FB_ACCEPT_MAPPING=16CEBC0E
STEP4_MAPPING_SAMPLE board=DE5 [1-11.2] sample=014 REF_GOT_EDGE_ENTRY_MAPPING=17A7900F REF_QUAL8_MAPPING=0000FFFF REF_ACCEPT_MAPPING=17A7900E FB_GOT_EDGE_ENTRY_MAPPING=16CEBC0F FB_QUAL8_MAPPING=00000000 FB_ACCEPT_MAPPING=16CEBC0E
STEP4_MAPPING_SAMPLE board=DE5 [1-11.2] sample=015 REF_GOT_EDGE_ENTRY_MAPPING=17A7900F REF_QUAL8_MAPPING=0000FFFF REF_ACCEPT_MAPPING=17A7900E FB_GOT_EDGE_ENTRY_MAPPING=16CEBC0F FB_QUAL8_MAPPING=00000000 FB_ACCEPT_MAPPING=16CEBC0E
STEP4_MAPPING_SAMPLE board=DE5 [1-11.2] sample=016 REF_GOT_EDGE_ENTRY_MAPPING=17A7900F REF_QUAL8_MAPPING=0000FFFF REF_ACCEPT_MAPPING=17A7900E FB_GOT_EDGE_ENTRY_MAPPING=16CEBC0F FB_QUAL8_MAPPING=00000000 FB_ACCEPT_MAPPING=16CEBC0E
STEP4_MAPPING_SAMPLE board=DE5 [1-11.2] sample=017 REF_GOT_EDGE_ENTRY_MAPPING=17A7900F REF_QUAL8_MAPPING=0000FFFF REF_ACCEPT_MAPPING=17A7900E FB_GOT_EDGE_ENTRY_MAPPING=16CEBC0F FB_QUAL8_MAPPING=00000000 FB_ACCEPT_MAPPING=16CEBC0E
STEP4_MAPPING_SAMPLE board=DE5 [1-11.2] sample=018 REF_GOT_EDGE_ENTRY_MAPPING=17A7900F REF_QUAL8_MAPPING=0000FFFF REF_ACCEPT_MAPPING=17A7900E FB_GOT_EDGE_ENTRY_MAPPING=16CEBC0F FB_QUAL8_MAPPING=00000000 FB_ACCEPT_MAPPING=16CEBC0E
STEP4_MAPPING_SAMPLE board=DE5 [1-11.2] sample=019 REF_GOT_EDGE_ENTRY_MAPPING=17A7900F REF_QUAL8_MAPPING=0000FFFF REF_ACCEPT_MAPPING=17A7900E FB_GOT_EDGE_ENTRY_MAPPING=16CEBC0F FB_QUAL8_MAPPING=00000000 FB_ACCEPT_MAPPING=16CEBC0E
STEP4_MAPPING_SAMPLE board=DE5 [1-11.2] sample=020 REF_GOT_EDGE_ENTRY_MAPPING=17A7900F REF_QUAL8_MAPPING=0000FFFF REF_ACCEPT_MAPPING=17A7900E FB_GOT_EDGE_ENTRY_MAPPING=16CEBC0F FB_QUAL8_MAPPING=00000000 FB_ACCEPT_MAPPING=16CEBC0E
STEP4_MAPPING_SAMPLE board=DE5 [1-11.2] sample=021 REF_GOT_EDGE_ENTRY_MAPPING=17A7900F REF_QUAL8_MAPPING=0000FFFF REF_ACCEPT_MAPPING=17A7900E FB_GOT_EDGE_ENTRY_MAPPING=16CEBC0F FB_QUAL8_MAPPING=00000000 FB_ACCEPT_MAPPING=16CEBC0E
STEP4_MAPPING_SAMPLE board=DE5 [1-11.2] sample=022 REF_GOT_EDGE_ENTRY_MAPPING=17A7900F REF_QUAL8_MAPPING=0000FFFF REF_ACCEPT_MAPPING=17A7900E FB_GOT_EDGE_ENTRY_MAPPING=16CEBC0F FB_QUAL8_MAPPING=00000000 FB_ACCEPT_MAPPING=16CEBC0E
STEP4_MAPPING_SAMPLE board=DE5 [1-11.2] sample=023 REF_GOT_EDGE_ENTRY_MAPPING=17A7900F REF_QUAL8_MAPPING=0000FFFF REF_ACCEPT_MAPPING=17A7900E FB_GOT_EDGE_ENTRY_MAPPING=16CEBC0F FB_QUAL8_MAPPING=00000000 FB_ACCEPT_MAPPING=16CEBC0E
STEP4_MAPPING_SAMPLE board=DE5 [1-11.2] sample=024 REF_GOT_EDGE_ENTRY_MAPPING=17A7900F REF_QUAL8_MAPPING=0000FFFF REF_ACCEPT_MAPPING=17A7900E FB_GOT_EDGE_ENTRY_MAPPING=16CEBC0F FB_QUAL8_MAPPING=00000000 FB_ACCEPT_MAPPING=16CEBC0E
STEP4_MAPPING_SAMPLE board=DE5 [1-11.2] sample=025 REF_GOT_EDGE_ENTRY_MAPPING=17A7900F REF_QUAL8_MAPPING=0000FFFF REF_ACCEPT_MAPPING=17A7900E FB_GOT_EDGE_ENTRY_MAPPING=16CEBC0F FB_QUAL8_MAPPING=00000000 FB_ACCEPT_MAPPING=16CEBC0E
STEP4_MAPPING_SAMPLE board=DE5 [1-11.2] sample=026 REF_GOT_EDGE_ENTRY_MAPPING=17A7900F REF_QUAL8_MAPPING=0000FFFF REF_ACCEPT_MAPPING=17A7900E FB_GOT_EDGE_ENTRY_MAPPING=16CEBC0F FB_QUAL8_MAPPING=00000000 FB_ACCEPT_MAPPING=16CEBC0E
STEP4_MAPPING_SAMPLE board=DE5 [1-11.2] sample=027 REF_GOT_EDGE_ENTRY_MAPPING=17A7900F REF_QUAL8_MAPPING=0000FFFF REF_ACCEPT_MAPPING=17A7900E FB_GOT_EDGE_ENTRY_MAPPING=16CEBC0F FB_QUAL8_MAPPING=00000000 FB_ACCEPT_MAPPING=16CEBC0E
STEP4_MAPPING_SAMPLE board=DE5 [1-11.2] sample=028 REF_GOT_EDGE_ENTRY_MAPPING=17A7900F REF_QUAL8_MAPPING=0000FFFF REF_ACCEPT_MAPPING=17A7900E FB_GOT_EDGE_ENTRY_MAPPING=16CEBC0F FB_QUAL8_MAPPING=00000000 FB_ACCEPT_MAPPING=16CEBC0E
STEP4_MAPPING_SAMPLE board=DE5 [1-11.2] sample=029 REF_GOT_EDGE_ENTRY_MAPPING=17A7900F REF_QUAL8_MAPPING=0000FFFF REF_ACCEPT_MAPPING=17A7900E FB_GOT_EDGE_ENTRY_MAPPING=16CEBC0F FB_QUAL8_MAPPING=00000000 FB_ACCEPT_MAPPING=16CEBC0E
STEP4_MAPPING_SAMPLE board=DE5 [1-11.2] sample=030 REF_GOT_EDGE_ENTRY_MAPPING=17A7900F REF_QUAL8_MAPPING=0000FFFF REF_ACCEPT_MAPPING=17A7900E FB_GOT_EDGE_ENTRY_MAPPING=16CEBC0F FB_QUAL8_MAPPING=00000000 FB_ACCEPT_MAPPING=16CEBC0E
STEP4_MAPPING_SAMPLE board=DE5 [1-11.2] sample=031 REF_GOT_EDGE_ENTRY_MAPPING=17A7900F REF_QUAL8_MAPPING=0000FFFF REF_ACCEPT_MAPPING=17A7900E FB_GOT_EDGE_ENTRY_MAPPING=16CEBC0F FB_QUAL8_MAPPING=00000000 FB_ACCEPT_MAPPING=16CEBC0E
STEP4_MAPPING_SAMPLE board=DE5 [1-11.2] sample=032 REF_GOT_EDGE_ENTRY_MAPPING=17A7900F REF_QUAL8_MAPPING=0000FFFF REF_ACCEPT_MAPPING=17A7900E FB_GOT_EDGE_ENTRY_MAPPING=16CEBC0F FB_QUAL8_MAPPING=00000000 FB_ACCEPT_MAPPING=16CEBC0E
STEP4_MAPPING_SAMPLE board=DE5 [1-11.2] sample=033 REF_GOT_EDGE_ENTRY_MAPPING=17A7900F REF_QUAL8_MAPPING=0000FFFF REF_ACCEPT_MAPPING=17A7900E FB_GOT_EDGE_ENTRY_MAPPING=16CEBC0F FB_QUAL8_MAPPING=00000000 FB_ACCEPT_MAPPING=16CEBC0E
STEP4_MAPPING_SAMPLE board=DE5 [1-11.2] sample=034 REF_GOT_EDGE_ENTRY_MAPPING=17A7900F REF_QUAL8_MAPPING=0000FFFF REF_ACCEPT_MAPPING=17A7900E FB_GOT_EDGE_ENTRY_MAPPING=16CEBC0F FB_QUAL8_MAPPING=00000000 FB_ACCEPT_MAPPING=16CEBC0E
STEP4_MAPPING_SAMPLE board=DE5 [1-11.2] sample=035 REF_GOT_EDGE_ENTRY_MAPPING=17A7900F REF_QUAL8_MAPPING=0000FFFF REF_ACCEPT_MAPPING=17A7900E FB_GOT_EDGE_ENTRY_MAPPING=16CEBC0F FB_QUAL8_MAPPING=00000000 FB_ACCEPT_MAPPING=16CEBC0E
STEP4_MAPPING_SAMPLE board=DE5 [1-11.2] sample=036 REF_GOT_EDGE_ENTRY_MAPPING=17A7900F REF_QUAL8_MAPPING=0000FFFF REF_ACCEPT_MAPPING=17A7900E FB_GOT_EDGE_ENTRY_MAPPING=16CEBC0F FB_QUAL8_MAPPING=00000000 FB_ACCEPT_MAPPING=16CEBC0E
STEP4_MAPPING_SAMPLE board=DE5 [1-11.2] sample=037 REF_GOT_EDGE_ENTRY_MAPPING=17A7900F REF_QUAL8_MAPPING=0000FFFF REF_ACCEPT_MAPPING=17A7900E FB_GOT_EDGE_ENTRY_MAPPING=16CEBC0F FB_QUAL8_MAPPING=00000000 FB_ACCEPT_MAPPING=16CEBC0E
STEP4_MAPPING_SAMPLE board=DE5 [1-11.2] sample=038 REF_GOT_EDGE_ENTRY_MAPPING=17A7900F REF_QUAL8_MAPPING=0000FFFF REF_ACCEPT_MAPPING=17A7900E FB_GOT_EDGE_ENTRY_MAPPING=16CEBC0F FB_QUAL8_MAPPING=00000000 FB_ACCEPT_MAPPING=16CEBC0E
STEP4_MAPPING_SAMPLE board=DE5 [1-11.2] sample=039 REF_GOT_EDGE_ENTRY_MAPPING=17A7900F REF_QUAL8_MAPPING=0000FFFF REF_ACCEPT_MAPPING=17A7900E FB_GOT_EDGE_ENTRY_MAPPING=16CEBC0F FB_QUAL8_MAPPING=00000000 FB_ACCEPT_MAPPING=16CEBC0E
STEP4_MAPPING_SAMPLE board=DE5 [1-11.2] sample=040 REF_GOT_EDGE_ENTRY_MAPPING=17A7900F REF_QUAL8_MAPPING=0000FFFF REF_ACCEPT_MAPPING=17A7900E FB_GOT_EDGE_ENTRY_MAPPING=16CEBC0F FB_QUAL8_MAPPING=00000000 FB_ACCEPT_MAPPING=16CEBC0E
STEP4_MAPPING_SAMPLE board=DE5 [1-11.2] sample=041 REF_GOT_EDGE_ENTRY_MAPPING=17A7900F REF_QUAL8_MAPPING=0000FFFF REF_ACCEPT_MAPPING=17A7900E FB_GOT_EDGE_ENTRY_MAPPING=16CEBC0F FB_QUAL8_MAPPING=00000000 FB_ACCEPT_MAPPING=16CEBC0E
STEP4_MAPPING_SAMPLE board=DE5 [1-11.2] sample=042 REF_GOT_EDGE_ENTRY_MAPPING=17A7900F REF_QUAL8_MAPPING=0000FFFF REF_ACCEPT_MAPPING=17A7900E FB_GOT_EDGE_ENTRY_MAPPING=16CEBC0F FB_QUAL8_MAPPING=00000000 FB_ACCEPT_MAPPING=16CEBC0E
STEP4_MAPPING_SAMPLE board=DE5 [1-11.2] sample=043 REF_GOT_EDGE_ENTRY_MAPPING=17A7900F REF_QUAL8_MAPPING=0000FFFF REF_ACCEPT_MAPPING=17A7900E FB_GOT_EDGE_ENTRY_MAPPING=16CEBC0F FB_QUAL8_MAPPING=00000000 FB_ACCEPT_MAPPING=16CEBC0E
STEP4_MAPPING_SAMPLE board=DE5 [1-11.2] sample=044 REF_GOT_EDGE_ENTRY_MAPPING=17A7900F REF_QUAL8_MAPPING=0000FFFF REF_ACCEPT_MAPPING=17A7900E FB_GOT_EDGE_ENTRY_MAPPING=16CEBC0F FB_QUAL8_MAPPING=00000000 FB_ACCEPT_MAPPING=16CEBC0E
STEP4_MAPPING_SAMPLE board=DE5 [1-11.2] sample=045 REF_GOT_EDGE_ENTRY_MAPPING=17A7900F REF_QUAL8_MAPPING=0000FFFF REF_ACCEPT_MAPPING=17A7900E FB_GOT_EDGE_ENTRY_MAPPING=16CEBC0F FB_QUAL8_MAPPING=00000000 FB_ACCEPT_MAPPING=16CEBC0E
STEP4_MAPPING_SAMPLE board=DE5 [1-11.2] sample=046 REF_GOT_EDGE_ENTRY_MAPPING=17A7900F REF_QUAL8_MAPPING=0000FFFF REF_ACCEPT_MAPPING=17A7900E FB_GOT_EDGE_ENTRY_MAPPING=16CEBC0F FB_QUAL8_MAPPING=00000000 FB_ACCEPT_MAPPING=16CEBC0E
STEP4_MAPPING_SAMPLE board=DE5 [1-11.2] sample=047 REF_GOT_EDGE_ENTRY_MAPPING=17A7900F REF_QUAL8_MAPPING=0000FFFF REF_ACCEPT_MAPPING=17A7900E FB_GOT_EDGE_ENTRY_MAPPING=16CEBC0F FB_QUAL8_MAPPING=00000000 FB_ACCEPT_MAPPING=16CEBC0E
STEP4_MAPPING_SAMPLE board=DE5 [1-11.2] sample=048 REF_GOT_EDGE_ENTRY_MAPPING=17A7900F REF_QUAL8_MAPPING=0000FFFF REF_ACCEPT_MAPPING=17A7900E FB_GOT_EDGE_ENTRY_MAPPING=16CEBC0F FB_QUAL8_MAPPING=00000000 FB_ACCEPT_MAPPING=16CEBC0E
STEP4_MAPPING_SAMPLE board=DE5 [1-11.2] sample=049 REF_GOT_EDGE_ENTRY_MAPPING=17A7900F REF_QUAL8_MAPPING=0000FFFF REF_ACCEPT_MAPPING=17A7900E FB_GOT_EDGE_ENTRY_MAPPING=16CEBC0F FB_QUAL8_MAPPING=00000000 FB_ACCEPT_MAPPING=16CEBC0E
STEP4_MAPPING_SAMPLE board=DE5 [1-11.2] sample=050 REF_GOT_EDGE_ENTRY_MAPPING=17A7900F REF_QUAL8_MAPPING=0000FFFF REF_ACCEPT_MAPPING=17A7900E FB_GOT_EDGE_ENTRY_MAPPING=16CEBC0F FB_QUAL8_MAPPING=00000000 FB_ACCEPT_MAPPING=16CEBC0E
STEP4_SERIES board=DE5 [1-11.2] register=REF_GOT_EDGE_ENTRY_MAPPING samples=50 valid=50 timeout=0 invalid=0 decrease=0 first=17A7900F last=17A7900F delta=0
STEP4_SERIES board=DE5 [1-11.2] register=REF_QUAL8_MAPPING samples=50 valid=50 timeout=0 invalid=0 decrease=0 first=0000FFFF last=0000FFFF delta=0
STEP4_SERIES board=DE5 [1-11.2] register=REF_ACCEPT_MAPPING samples=50 valid=50 timeout=0 invalid=0 decrease=0 first=17A7900E last=17A7900E delta=0
STEP4_SERIES board=DE5 [1-11.2] register=FB_GOT_EDGE_ENTRY_MAPPING samples=50 valid=50 timeout=0 invalid=0 decrease=0 first=16CEBC0F last=16CEBC0F delta=0
STEP4_SERIES board=DE5 [1-11.2] register=FB_QUAL8_MAPPING samples=50 valid=50 timeout=0 invalid=0 decrease=0 first=00000000 last=00000000 delta=0
STEP4_SERIES board=DE5 [1-11.2] register=FB_ACCEPT_MAPPING samples=50 valid=50 timeout=0 invalid=0 decrease=0 first=16CEBC0E last=16CEBC0E delta=0
STEP4_MAPPING_SUMMARY board=DE5 [1-11.2] ref_got_edge_delta=0 ref_qual8_field_delta=0 ref_accept_delta=0 fb_got_edge_delta=0 fb_qual8_field_delta=0 fb_accept_delta=0
STEP4_LOW_QUAL_ABORT board=DE5 [1-11.2] samples=50 ref_delta=0 fb_delta=0 ref_valid=50 fb_valid=50 result=VALID source=existing_dbg_low_qual_abort_count
STEP4_FOCUSED_DONE
Info (23030): Evaluation of Tcl script /home/b10504072/04_WR/scripts/jtag/read_step4_startup_focused.tcl was successful
Info: Quartus Prime SignalTap II was successful. 0 errors, 0 warnings
    Info: Peak virtual memory: 776 megabytes
    Info: Processing ended: Tue Aug 25 04:51:18 2026
    Info: Elapsed time: 00:03:26
    Info: Total CPU time (on all processors): 00:00:03
