Info: *******************************************************************
Info: Running Quartus Prime SignalTap II
    Info: Version 17.0.0 Build 595 04/25/2017 SJ Standard Edition
    Info: Copyright (C) 2017  Intel Corporation. All rights reserved.
    Info: Your use of Intel Corporation's design tools, logic functions 
    Info: and other software and tools, and its AMPP partner logic 
    Info: functions, and any output files from any of the foregoing 
    Info: (including device programming or simulation files), and any 
    Info: associated documentation or information are expressly subject 
    Info: to the terms and conditions of the Intel Program License 
    Info: Subscription Agreement, the Intel Quartus Prime License Agreement,
    Info: the Intel MegaCore Function License Agreement, or other 
    Info: applicable license agreement, including, without limitation, 
    Info: that your use is for the sole purpose of programming logic 
    Info: devices manufactured by Intel and sold by Intel or its 
    Info: authorized distributors.  Please refer to the applicable 
    Info: agreement for further details.
    Info: Processing started: Wed Sep  2 17:51:44 2026
Info: Command: quartus_stp -t /home/b10504072/04_WR/scripts/jtag/read_wb_runtime.tcl --raw
Info: Quartus(args): --raw
RAW mailbox completion toggle wb_sync_toggle=0

============================================================
White Rabbit Runtime 診斷：DE5 [1-11.1]
============================================================

## [Step 1] PHY / 光纖 Link
[pass] si_config_done           結果: 1/1
[pass] wr_ready                 結果: 1/1
[error] core_tm_link_up          結果: 0/1
[error] core_link_ok             結果: 0/1
[pass] wr_rx_ready              結果: 1/1
[pass] wr_tx_ready              結果: 1/1
[pass] core_phy_rst             結果: 0/0
[pass] si_id_error              結果: 0/0
[pass] wr_rx_enc_err            結果: 0/0
[pass] wr_tx_enc_err            結果: 0/0
[pass] CPU_RESET_n              結果: 1/1
[pass] wr_rx_locked_to_data     結果: 1/1
[info] wr_rx_locked_to_ref      結果: 0/NA
[info] MOD_PRS_n                結果: 0/NA
[info] INTERRUPT_n              結果: 1/NA
Step 1 error

## [Step 2] Endpoint / MiniNIC / PTP
[pass] EP_MAC_H/EP_MAC_L        結果: 02:00:22:33:44:01/02:00:22:33:44:01
[pass] WDIAGS_MODE              結果: 2 MASTER/2 MASTER
[pass] WDIAGS_PTP               結果: 6 MASTER (raw=01014106)/6 MASTER
[info] WDIAGS_PTP_RX            結果: Δ=0/NA
RAW WDIAGS_PTP_RX            before=0x00000000 after=0x00000000 delta=0
[pass] WDIAGS_PTP_TX            結果: Δ=2/Δ>0
RAW WDIAGS_PTP_TX            before=0x00000044 after=0x00000046 delta=2
[pass] WDIAGS_TX                結果: Δ=6/Δ>0
RAW WDIAGS_TX                before=0x000000D4 after=0x000000DA delta=6
[info] WDIAGS_RX                結果: Δ=0/NA
RAW WDIAGS_RX                before=0x00000000 after=0x00000000 delta=0
[pass] WDIAGS_RXERR             結果: Δ=0/Δ=0
RAW WDIAGS_RXERR             before=0x00000000 after=0x00000000 delta=0
Step 2 NA

## [Step 3] WR Parent / Signaling
Step 3 NA

## [Step 4A] Master SoftPLL Event Chain
[pass] DMTD_REF_ACCEPT_EVENT    結果: Δ=25233/Δ>=0
RAW DMTD_REF_ACCEPT_EVENT    before=0x0083965C after=0x0083F8ED delta=25233
[pass] DMTD_FB_ACCEPT_EVENT     結果: Δ=24226/Δ>=0
RAW DMTD_FB_ACCEPT_EVENT     before=0x004EE916 after=0x004F47B8 delta=24226
[pass] DMTD_ACCEPT              結果: Δ=49459/Δ>0
[pass] SPLL_TAG_VALID_COUNT     結果: Δ=24234/Δ>0
RAW SPLL_TAG_VALID_COUNT     before=0x000FC4A2 after=0x0010234C delta=24234
[pass] SPLL_TRR_WRITE_COUNT     結果: Δ=24235/Δ>0
RAW SPLL_TRR_WRITE_COUNT     before=0x000FC4CF after=0x0010237A delta=24235
[pass] WRPC_SPLL_TRR_POP_COUNT  結果: Δ=26656/Δ>0
RAW WRPC_SPLL_TRR_POP_COUNT  before=0x000F9852 after=0x00100072 delta=26656
[pass] WDIAGS_IRQ_COUNT         結果: Δ=26656/Δ>0
RAW WDIAGS_IRQ_COUNT         before=0x000F9852 after=0x00100072 delta=26656
[pass] WDIAGS_HELPER_UPDATE_COUNT 結果: Δ=26656/Δ>0
RAW WDIAGS_HELPER_UPDATE_COUNT before=0x000F9852 after=0x00100072 delta=26656
[pass] BOOT_GENERATION          結果: Δ=0/Δ=0
RAW BOOT_GENERATION          before=0x00000001 after=0x00000001 delta=0
[pass] CPU_RESET_COUNT          結果: Δ=0/Δ=0
RAW CPU_RESET_COUNT          before=0x00000001 after=0x00000001 delta=0
[pass] WR_CORE_RESET_COUNT      結果: Δ=0/Δ=0
RAW WR_CORE_RESET_COUNT      before=0x00000001 after=0x00000001 delta=0
[pass] SI_CONFIG_DROP_COUNT     結果: Δ=0/Δ=0
RAW SI_CONFIG_DROP_COUNT     before=0x00000001 after=0x00000001 delta=0
STEP4A_MASTER_EVENT_CHAIN = PASS
Step 4 pass

## [Step 5] Closed-loop Lock
STEP5_RESULT = NOT_APPLICABLE_MASTER
STEP5_FIRST_INACTIVE_BOUNDARY = SLAVE_ONLY
Step 5 NA (Step5 closed-loop gate is for Slave)

## [Step 6] Global Time
Step 6 NA

============================================================
White Rabbit Runtime 診斷：DE5 [1-11.1]
============================================================
Step 1 PHY / Link             error
Step 2 Endpoint / PTP         NA
Step 3 WR Handshake           NA
Step 4 Step4A Master Event Chain pass
Step 5 Closed-loop Lock       NA
Step 6 Global Time            NA
STEP1_REGRESSION = FAIL
STEP2_REGRESSION = INVALID
STEP3_REGRESSION = PASS
STEP4A_RESULT = PASS
STEP5_RESULT = NOT_APPLICABLE_MASTER
STEP5_FIRST_INACTIVE_BOUNDARY = SLAVE_ONLY
FAILURE_CLASSIFICATION = JTAG/DASHBOARD_MEASUREMENT_FAILURE
============================================================

================ RAW_SNAPSHOT ================
RAW_SNAPSHOT board=DE5 [1-11.1] label=before
  status           = F1026243232082F3
  cpu              = 0000007C00005948
  marker           = 000000010000B004
  store            = 000FB65E0001DFB0
  store_count      = 00000000051E01C9
  exception        = 8000000B00005948
  clock            = 002CD8FBBA4ED9E4
  boot_generation  = 00000001
  cpu_reset_count  = 00000001
  wr_core_reset_count = 00000001
  si_config_drop_count = 00000001
  pps_cr           = 01312D06
  pps_escr         = 01312D0C
  ep_mach          = 02000200
  ep_macl          = 22334401
  ep_dsr           = 42000000
  ptp              = 01014106
  ptp_rx           = 00000000
  ptp_tx           = 00000044
  ptp_meta         = 02010106
  tx               = 000000D4
  rx               = 00000000
  rxerr            = 00000000
  ptp_types        = 00000000
  foreign_meta     = 0000FF00
  filter_meta      = 00000000
  parse_meta       = 0000004C
  wr_rx_signal     = 00000000
  wr_tx_signal     = 00000000
  wr_failure       = 00000000
  wr_state         = A0200064
  wr_reject        = 00000000
  pstat            = 00000000
  sstat            = 00000000
  sec_h            = 00000000
  sec_l            = 000000FF
  ns               = 1F0649C8
  lock_enable      = 00000000
  lock_result      = 00000000
  lock_polls       = 00000000
  lock_unlocked    = 00000000
  lock_calibration_fail = 00000000
  spll_state       = 00020004
  spll_ocer        = 47D0E001
  spll_rcer        = 00000000
  spll_occr        = 17000172
  spll_trr_csr     = 000E9852
  spll_dac_hpll    = 714504CE
  spll_dac_main    = 00000007
  spll_helper_state = 00000100
  spll_helper_limits = 271000C8
  spll_main_state  = 00000000
  spll_main_limits = 00320032
  spll_main_phase_limits = 03E804B0
  spll_state_visit_mask = 00000618
  spll_state_transitions = 00000003
  spll_last_state  = 00000004
  spll_init_count  = 00000001
  dmtd_ref         = 0083965C
  dmtd_fb          = 004EE916
  dmtd_ref_high_qual_abort = 00DAEA6E
  dmtd_fb_high_qual_abort = 007C20BA
  tag_valid        = 000FC4A2
  trr_write        = 000FC4CF
  irq              = 000F9852
  helper_update    = 000F9852
  spll_helper_error = FFFDB610
  spll_helper_output = 0000FFFB
  eic_isr          = FFFF0000
  current_tics     = 0003EAE9
RAW_SNAPSHOT board=DE5 [1-11.1] label=after
  status           = 0102C241230082F3
  cpu              = 0000007C00005948
  marker           = 000000010000B004
  store            = 0010148E0001DFB0
  store_count      = 00000000053CAF8E
  exception        = 8000000B00005944
  clock            = 002FC36DA3FDC44F
  boot_generation  = 00000001
  cpu_reset_count  = 00000001
  wr_core_reset_count = 00000001
  si_config_drop_count = 00000001
  pps_cr           = 01312D06
  pps_escr         = 01312D0C
  ep_mach          = 02000200
  ep_macl          = 22334401
  ep_dsr           = 42000000
  ptp              = 01014106
  ptp_rx           = 00000000
  ptp_tx           = 00000046
  ptp_meta         = 02010106
  tx               = 000000DA
  rx               = 00000000
  rxerr            = 00000000
  ptp_types        = 00000000
  foreign_meta     = 0000FF00
  filter_meta      = 00000000
  parse_meta       = 0000004E
  wr_rx_signal     = 00000000
  wr_tx_signal     = 00000000
  wr_failure       = 00000000
  wr_state         = A0200064
  wr_reject        = 00000000
  pstat            = 00000000
  sstat            = 00000000
  sec_h            = 00000000
  sec_l            = 00000106
  ns               = 0B00AFA0
  lock_enable      = 00000000
  lock_result      = 00000000
  lock_polls       = 00000000
  lock_unlocked    = 00000000
  lock_calibration_fail = 00000000
  spll_state       = 00020004
  spll_ocer        = 0D404C01
  spll_rcer        = 00000000
  spll_occr        = 5400018B
  spll_trr_csr     = 00120072
  spll_dac_hpll    = A2EBCAF5
  spll_dac_main    = 00000007
  spll_helper_state = 00000100
  spll_helper_limits = 271000C8
  spll_main_state  = 00000000
  spll_main_limits = 00320032
  spll_main_phase_limits = 03E804B0
  spll_state_visit_mask = 00000618
  spll_state_transitions = 00000003
  spll_last_state  = 00000004
  spll_init_count  = 00000001
  dmtd_ref         = 0083F8ED
  dmtd_fb          = 004F47B8
  dmtd_ref_high_qual_abort = 00E00E91
  dmtd_fb_high_qual_abort = 007F09E6
  tag_valid        = 0010234C
  trr_write        = 0010237A
  irq              = 00100072
  helper_update    = 00100072
  spll_helper_error = FFFDB610
  spll_helper_output = 0000FFFB
  eic_isr          = FFFF0000
  current_tics     = 000404F1
RAW mailbox completion toggle wb_sync_toggle=0

============================================================
White Rabbit Runtime 診斷：DE5 [1-11.2]
============================================================

## [Step 1] PHY / 光纖 Link
[pass] si_config_done           結果: 1/1
[pass] wr_ready                 結果: 1/1
[error] core_tm_link_up          結果: 0/1
[error] core_link_ok             結果: 0/1
[pass] wr_rx_ready              結果: 1/1
[pass] wr_tx_ready              結果: 1/1
[pass] core_phy_rst             結果: 0/0
[pass] si_id_error              結果: 0/0
[pass] wr_rx_enc_err            結果: 0/0
[pass] wr_tx_enc_err            結果: 0/0
[pass] CPU_RESET_n              結果: 1/1
[pass] wr_rx_locked_to_data     結果: 1/1
[info] wr_rx_locked_to_ref      結果: 0/NA
[info] MOD_PRS_n                結果: 0/NA
[info] INTERRUPT_n              結果: 1/NA
Step 1 error

## [Step 2] Endpoint / MiniNIC / PTP
[pass] EP_MAC_H/EP_MAC_L        結果: 02:00:22:33:44:02/02:00:22:33:44:02
[pass] WDIAGS_MODE              結果: 3 SLAVE/3 SLAVE
[error] WDIAGS_PTP               結果: 3 DISABLED (raw=00004103)/9 SLAVE
[info] WDIAGS_PTP_RX            結果: Δ=0/NA
RAW WDIAGS_PTP_RX            before=0x00000148 after=0x00000148 delta=0
[info] WDIAGS_PTP_TX            結果: Δ=0/NA
RAW WDIAGS_PTP_TX            before=0x0000007D after=0x0000007D delta=0
[pass] WDIAGS_TX                結果: Δ=5/Δ>0
RAW WDIAGS_TX                before=0x000001EE after=0x000001F3 delta=5
[info] WDIAGS_RX                結果: Δ=0/NA
RAW WDIAGS_RX                before=0x0000019B after=0x0000019B delta=0
[pass] WDIAGS_RXERR             結果: Δ=0/Δ=0
RAW WDIAGS_RXERR             before=0x00000000 after=0x00000000 delta=0
Step 2 NA

## [Step 3] WR Parent / Signaling
[error] WDIAGS_FOREIGN_META      結果: 0/1
[error] WDIAGS_FOREIGN_META      結果: 255/0
[info] WDIAGS_FOREIGN_META      結果: detection=0 config=0/NA
[error] parentIsWRnode           結果: 0/1
[info] parentWrModeOn           結果: 0/NA
[error] parentCalibrated         結果: 0/1
[pass] WR_RX_SIGNAL_DEBUG       結果: LOCK count=1/LOCK 0x1001,count>0
[pass] WR_TX_SIGNAL_DEBUG       結果: SLAVE_PRESENT count=1/SLAVE_PRESENT 0x1000,count>0
[info] WDIAGS_TEMP              結果: WRS_IDLE next=WRS_IDLE POST_STEP3_TIMEOUT/NA
[pass] LOCK_ENABLE              結果: 4/> 0
[info] WR_FAILURE_DEBUG         結果: TIMEOUT last_fail_state=WRS_S_LOCK failure_count=1/NA
Step 3 NA

## [Step 4B] Slave SoftPLL Startup
[info] STEP4B_UPSTREAM_GATE     結果: BLOCKED/NA
STEP4B_ALLOWED = NO
STEP4B_RESULT = BLOCKED_BY_STEP1
STEP4B_FIRST_INACTIVE_BOUNDARY = UPSTREAM_PREREQUISITE
Step 4B BLOCKED (upstream prerequisite)
Step 4 NA

## [Step 5] Closed-loop Lock
STEP5_RESULT = UPSTREAM_NOT_READY
STEP5_FIRST_INACTIVE_BOUNDARY = UPSTREAM_STEP4B
Step 5 NA

## [Step 6] Global Time
Step 6 NA

============================================================
White Rabbit Runtime 診斷：DE5 [1-11.2]
============================================================
Step 1 PHY / Link             error
Step 2 Endpoint / PTP         NA
Step 3 WR Handshake           NA
Step 4 Step4B Slave SoftPLL Startup blocked
Step 5 Closed-loop Lock       NA
Step 6 Global Time            NA
STEP1_REGRESSION = FAIL
STEP2_REGRESSION = INVALID
STEP3_REGRESSION = INVALID
STEP4B_ALLOWED = NO
STEP4B_RESULT = BLOCKED_BY_STEP1
STEP4B_FIRST_INACTIVE_BOUNDARY = UPSTREAM_PREREQUISITE
STEP5_RESULT = UPSTREAM_NOT_READY
STEP5_FIRST_INACTIVE_BOUNDARY = UPSTREAM_STEP4B
FAILURE_CLASSIFICATION = JTAG/DASHBOARD_MEASUREMENT_FAILURE
============================================================

================ RAW_SNAPSHOT ================
RAW_SNAPSHOT board=DE5 [1-11.2] label=before
  status           = E110D24121A082E3
  cpu              = 0000007C00005954
  marker           = 000000010000B004
  store            = 0028839F0001DFB0
  store_count      = 0000000009ED371E
  exception        = 8000000B00005948
  clock            = 002A891410F33D2C
  boot_generation  = 00000001
  cpu_reset_count  = 00000001
  wr_core_reset_count = 00000001
  si_config_drop_count = 00000001
  pps_cr           = 01312D06
  pps_escr         = 01312D00
  ep_mach          = 02000200
  ep_macl          = 22334402
  ep_dsr           = 42000000
  ptp              = 00004103
  ptp_rx           = 00000148
  ptp_tx           = 0000007D
  ptp_meta         = 03000003
  tx               = 000001EE
  rx               = 0000019B
  rxerr            = 00000000
  ptp_types        = 044A264A
  foreign_meta     = 0000FF00
  filter_meta      = 00000000
  parse_meta       = 00012639
  wr_rx_signal     = 10010001
  wr_tx_signal     = 10000001
  wr_failure       = 02020001
  wr_state         = A0000044
  wr_reject        = 00000000
  pstat            = 00000000
  sstat            = 00000001
  sec_h            = 00000000
  sec_l            = 000010D9
  ns               = 0FE1E240
  lock_enable      = 00000004
  lock_result      = 00000001
  lock_polls       = 00005B1A
  lock_unlocked    = 00005B1A
  lock_calibration_fail = 00000000
  spll_state       = 00030004
  spll_ocer        = 7A67EE01
  spll_rcer        = 00000001
  spll_occr        = DC00016D
  spll_trr_csr     = 002A56BE
  spll_dac_hpll    = 83A4C730
  spll_dac_main    = 0000000A
  spll_helper_state = 00010000
  spll_helper_limits = 271000C8
  spll_main_state  = 00000000
  spll_main_limits = 00320032
  spll_main_phase_limits = 03E804B0
  spll_state_visit_mask = 00000618
  spll_state_transitions = 00000003
  spll_last_state  = 00000004
  spll_init_count  = 00000001
  dmtd_ref         = 025B3553
  dmtd_fb          = 029106AE
  dmtd_ref_high_qual_abort = 015AAF09
  dmtd_fb_high_qual_abort = 0015B1AB
  tag_valid        = 00296E42
  trr_write        = 00296E99
  irq              = 00288912
  helper_update    = 0013F9DF
  spll_helper_error = 000249F0
  spll_helper_output = 00000005
  eic_isr          = FFFF0000
  current_tics     = 0005878F
RAW_SNAPSHOT board=DE5 [1-11.2] label=after
  status           = 8110DEC1214482E3
  cpu              = 0000007C00005948
  marker           = 000000010000B004
  store            = 002938800001DFB0
  store_count      = 000000000A16C0A3
  exception        = 8000000B00005940
  clock            = 00387B5A02842F7A
  boot_generation  = 00000001
  cpu_reset_count  = 00000001
  wr_core_reset_count = 00000001
  si_config_drop_count = 00000001
  pps_cr           = 01312D06
  pps_escr         = 01312D00
  ep_mach          = 02000200
  ep_macl          = 22334402
  ep_dsr           = 42000000
  ptp              = 00004103
  ptp_rx           = 00000148
  ptp_tx           = 0000007D
  ptp_meta         = 03000003
  tx               = 000001F3
  rx               = 0000019B
  rxerr            = 00000000
  ptp_types        = 044A264A
  foreign_meta     = 0000FF00
  filter_meta      = 00000000
  parse_meta       = 00012639
  wr_rx_signal     = 10010001
  wr_tx_signal     = 10000001
  wr_failure       = 02020001
  wr_state         = A0000044
  wr_reject        = 00000000
  pstat            = 00000000
  sstat            = 00000001
  sec_h            = 00000000
  sec_l            = 000010DE
  ns               = 31DC6838
  lock_enable      = 00000004
  lock_result      = 00000001
  lock_polls       = 00005B1A
  lock_unlocked    = 00005B1A
  lock_calibration_fail = 00000000
  spll_state       = 00030004
  spll_ocer        = DA354201
  spll_rcer        = 00000001
  spll_occr        = D30001AB
  spll_trr_csr     = 002A022E
  spll_dac_hpll    = AD24CEEE
  spll_dac_main    = 0000000A
  spll_helper_state = 00010000
  spll_helper_limits = 271000C8
  spll_main_state  = 00000000
  spll_main_limits = 00320032
  spll_main_phase_limits = 03E804B0
  spll_state_visit_mask = 00000618
  spll_state_transitions = 00000003
  spll_last_state  = 00000004
  spll_init_count  = 00000001
  dmtd_ref         = 025B900A
  dmtd_fb          = 02916559
  dmtd_ref_high_qual_abort = 0161583E
  dmtd_fb_high_qual_abort = 001611E6
  tag_valid        = 002A27B8
  trr_write        = 002A2814
  irq              = 00295180
  helper_update    = 00145DF5
  spll_helper_error = 000249F0
  spll_helper_output = 00000005
  eic_isr          = FFFF0000
  current_tics     = 0005A1AB

============================================================
JTAG/WB transport health summary
============================================================
WB_TRANSPORT_PROTOCOL = PRELOAD_THEN_TOGGLE_COMMIT
WB_REQUEST_COUNT = 352
PRELOAD_COUNT = 352
COMMIT_COUNT = 352
WB_PROBE_READ_COUNT = 1760
PRELOAD_UNEXPECTED_TRIGGER_COUNT = 0
PROBE_3WAY_MATCH_COUNT = 352
STABLE_RESPONSE_WRONG_COUNT = 0
ADDRESS_CROSS_CONTAMINATION_COUNT = 0
TIMEOUT_COUNT = 0
INVALID_COUNT = 0
STALE_A5A5_COUNT = 0
UNSTABLE_TRANSACTION_COUNT = 0
DMTD_REF_DECREASE_COUNT = 0
DMTD_FB_DECREASE_COUNT = 0
PRELOAD_PROTOCOL_RUNTIME_REVALIDATION = PASS
JTAG_WB_DIAGNOSTIC_PATH = TRUSTED
============================================================

============================================================
STEP4A_RESULT = PASS
STEP4B_ALLOWED = NO
STEP4B_RESULT = BLOCKED_BY_STEP1
STEP4B_FIRST_INACTIVE_BOUNDARY = UPSTREAM_PREREQUISITE
STEP5_RESULT = NOT_APPLICABLE_MASTER
STEP5_FIRST_INACTIVE_BOUNDARY = SLAVE_ONLY
STEP5_RESULT = UPSTREAM_NOT_READY
STEP5_FIRST_INACTIVE_BOUNDARY = UPSTREAM_STEP4B
============================================================
Info (23030): Evaluation of Tcl script /home/b10504072/04_WR/scripts/jtag/read_wb_runtime.tcl was successful
Info: Quartus Prime SignalTap II was successful. 0 errors, 0 warnings
    Info: Peak virtual memory: 776 megabytes
    Info: Processing ended: Wed Sep  2 17:51:59 2026
    Info: Elapsed time: 00:00:15
    Info: Total CPU time (on all processors): 00:00:00
