Info: *******************************************************************
Info: Running Quartus Prime Signal Tap
    Info: Version 21.3.0 Build 170 09/23/2021 SC Pro Edition
    Info: Copyright (C) 2021  Intel Corporation. All rights reserved.
    Info: Your use of Intel Corporation's design tools, logic functions 
    Info: and other software and tools, and any partner logic 
    Info: functions, and any output files from any of the foregoing 
    Info: (including device programming or simulation files), and any 
    Info: associated documentation or information are expressly subject 
    Info: to the terms and conditions of the Intel Program License 
    Info: Subscription Agreement, the Intel Quartus Prime License Agreement,
    Info: the Intel FPGA IP License Agreement, or other applicable license
    Info: agreement, including, without limitation, that your use is for
    Info: the sole purpose of programming logic devices manufactured by
    Info: Intel and sold by Intel or its authorized distributors.  Please
    Info: refer to the applicable agreement for further details, at
    Info: https://fpgasoftware.intel.com/eula.
    Info: Processing started: Wed Sep  9 04:05:32 2026
    Info: System process ID: 2785
Info: Command: quartus_stp -t /home/b10504072/04_WR/artifacts/source-0b32c62/scripts/jtag/read_wb_runtime.tcl --raw
Info: Quartus(args): --raw
RAW mailbox completion toggle wb_sync_toggle=0

============================================================
White Rabbit Runtime 診斷：DE5 [1-11.1]
============================================================

## [Step 1] PHY / 光纖 Link
[pass] si_config_done           結果: 1/1
[pass] wr_ready                 結果: 1/1
[pass] core_tm_link_up          結果: 1/1
[pass] core_link_ok             結果: 1/1
[pass] wr_rx_ready              結果: 1/1
[pass] wr_tx_ready              結果: 1/1
[pass] core_phy_rst             結果: 0/0
[pass] si_id_error              結果: 0/0
[pass] wr_rx_enc_err            結果: 0/0
[pass] wr_tx_enc_err            結果: 0/0
[pass] CPU_RESET_n              結果: 1/1
[pass] wr_rx_locked_to_data     結果: 1/1
[info] wr_rx_locked_to_ref      結果: 0/NA
[info] MOD_PRS_n                結果: 0/NA
[info] INTERRUPT_n              結果: 1/NA
Step 1 pass

## [Step 2] Endpoint / MiniNIC / PTP
[pass] EP_MAC_H/EP_MAC_L        結果: 02:00:22:33:44:01/02:00:22:33:44:01
[pass] WDIAGS_MODE              結果: 2 MASTER/2 MASTER
[pass] WDIAGS_PTP               結果: 6 MASTER (raw=01014106)/6 MASTER
[pass] WDIAGS_PTP_RX            結果: Δ=14/Δ>0
RAW WDIAGS_PTP_RX            before=0x00000064 after=0x00000072 delta=14
[pass] WDIAGS_PTP_TX            結果: Δ=29/Δ>0
RAW WDIAGS_PTP_TX            before=0x000000E6 after=0x00000103 delta=29
[pass] WDIAGS_TX                結果: Δ=36/Δ>0
RAW WDIAGS_TX                before=0x0000012C after=0x00000150 delta=36
[pass] WDIAGS_RX                結果: Δ=20/Δ>0
RAW WDIAGS_RX                before=0x0000009D after=0x000000B1 delta=20
[pass] WDIAGS_RXERR             結果: Δ=0/Δ=0
RAW WDIAGS_RXERR             before=0x00000000 after=0x00000000 delta=0
Step 2 pass

## [Step 3] WR Parent / Signaling
Step 3 NA

## [Step 4A] Master SoftPLL Event Chain
[pass] DMTD_REF_ACCEPT_EVENT    結果: Δ=22944/Δ>=0
RAW DMTD_REF_ACCEPT_EVENT    before=0x00794BF6 after=0x0079A596 delta=22944
[pass] DMTD_FB_ACCEPT_EVENT     結果: Δ=23550/Δ>=0
RAW DMTD_FB_ACCEPT_EVENT     before=0x00443C37 after=0x00449835 delta=23550
[pass] DMTD_ACCEPT              結果: Δ=46494/Δ>0
[pass] SPLL_TAG_VALID_COUNT     結果: Δ=23554/Δ>0
RAW SPLL_TAG_VALID_COUNT     before=0x0004A27A after=0x0004FE7C delta=23554
[pass] SPLL_TRR_WRITE_COUNT     結果: Δ=23555/Δ>0
RAW SPLL_TRR_WRITE_COUNT     before=0x0004A2A7 after=0x0004FEAA delta=23555
[pass] WRPC_SPLL_TRR_POP_COUNT  結果: Δ=23637/Δ>0
RAW WRPC_SPLL_TRR_POP_COUNT  before=0x0004A1DA after=0x0004FE2F delta=23637
[pass] WDIAGS_IRQ_COUNT         結果: Δ=23637/Δ>0
RAW WDIAGS_IRQ_COUNT         before=0x0004A1DA after=0x0004FE2F delta=23637
[pass] WDIAGS_HELPER_UPDATE_COUNT 結果: Δ=23637/Δ>0
RAW WDIAGS_HELPER_UPDATE_COUNT before=0x0004A1DA after=0x0004FE2F delta=23637
[pass] BOOT_GENERATION          結果: Δ=0/Δ=0
RAW BOOT_GENERATION          before=0x00000001 after=0x00000001 delta=0
[pass] CPU_RESET_COUNT          結果: Δ=0/Δ=0
RAW CPU_RESET_COUNT          before=0x00000001 after=0x00000001 delta=0
[pass] WR_CORE_RESET_COUNT      結果: Δ=0/Δ=0
RAW WR_CORE_RESET_COUNT      before=0x00000001 after=0x00000001 delta=0
[pass] SI_CONFIG_DROP_COUNT     結果: Δ=0/Δ=0
RAW SI_CONFIG_DROP_COUNT     before=0x00000001 after=0x00000001 delta=0
STEP4A_MASTER_EVENT_CHAIN = PASS
Step 4 pass

## [Step 5] Closed-loop Lock
STEP5_RESULT = NOT_APPLICABLE_MASTER
STEP5_FIRST_INACTIVE_BOUNDARY = SLAVE_ONLY
Step 5 NA (Step5 closed-loop gate is for Slave)

## [Step 6] Global Time
Step 6 NA

============================================================
White Rabbit Runtime 診斷：DE5 [1-11.1]
============================================================
Step 1 PHY / Link             pass
Step 2 Endpoint / PTP         pass
Step 3 WR Handshake           NA
Step 4 Step4A Master Event Chain pass
Step 5 Closed-loop Lock       NA
Step 6 Global Time            NA
STEP1_REGRESSION = PASS
STEP2_REGRESSION = PASS
STEP3_REGRESSION = PASS
STEP4A_RESULT = PASS
STEP5_RESULT = NOT_APPLICABLE_MASTER
STEP5_FIRST_INACTIVE_BOUNDARY = SLAVE_ONLY
FAILURE_CLASSIFICATION = NO_FAILURE_EVIDENCE
============================================================

================ RAW_SNAPSHOT ================
RAW_SNAPSHOT board=DE5 [1-11.1] label=before
  status           = C1108A61355C82FF
  cpu              = 0000007C000012C4
  marker           = 000000010000B004
  store            = 000494370001E5F0
  store_count      = 0000000002268749
  exception        = 8000000B000012C4
  clock            = 002D771BB7E0C131
  boot_generation  = 00000001
  cpu_reset_count  = 00000001
  wr_core_reset_count = 00000001
  si_config_drop_count = 00000001
  pps_cr           = 01312D06
  pps_escr         = 0000000C
  ep_mach          = 02000200
  ep_macl          = 22334401
  ep_dsr           = 42000000
  ptp              = 01014106
  ptp_rx           = 00000064
  ptp_tx           = 000000E6
  ptp_meta         = 02010306
  tx               = 0000012C
  rx               = 0000009D
  rxerr            = 00000000
  ptp_types        = 01010101
  foreign_meta     = 0000FF00
  filter_meta      = 00000000
  parse_meta       = 000101B0
  wr_rx_signal     = 10000001
  wr_tx_signal     = 10010004
  wr_failure       = 00000000
  wr_state         = A0219864
  wr_reject        = 00000000
  pstat            = 00000001
  sstat            = 00000000
  sec_h            = 00000000
  sec_l            = 0000004D
  ns               = 3280F350
  lock_enable      = 00000000
  lock_result      = 00000000
  lock_polls       = 00000000
  lock_unlocked    = 00000000
  lock_calibration_fail = 00000000
  spll_state       = 00020004
  spll_ocer        = 5233BA01
  spll_rcer        = 00000000
  spll_occr        = D30001B0
  spll_trr_csr     = 00069C56
  spll_dac_hpll    = 47B3E239
  spll_dac_main    = 00000002
  spll_helper_state = 00000100
  spll_helper_limits = 271000C8
  spll_main_state  = 00000000
  spll_main_limits = 00320032
  spll_main_phase_limits = 03E804B0
  spll_state_visit_mask = 00000618
  spll_state_transitions = 00000003
  spll_last_state  = 00000004
  spll_init_count  = 00000001
  dmtd_ref         = 00794BF6
  dmtd_fb          = 00443C37
  dmtd_ref_high_qual_abort = 0053D744
  dmtd_fb_high_qual_abort = 00262666
  tag_valid        = 0004A27A
  trr_write        = 0004A2A7
  irq              = 0004A1DA
  helper_update    = 0004A1DA
  spll_helper_error = FFFDB610
  spll_helper_output = 0000FFFB
  eic_isr          = FFFF0000
  current_tics     = 00013739
RAW_SNAPSHOT board=DE5 [1-11.1] label=after
  status           = 3110A5C1255082FF
  cpu              = 0000007C000012C0
  marker           = 000000010000B004
  store            = 0004EFF20001E5F0
  store_count      = 00000000025424E9
  exception        = 8000000B000012C0
  clock            = 002DA379E38CED95
  boot_generation  = 00000001
  cpu_reset_count  = 00000001
  wr_core_reset_count = 00000001
  si_config_drop_count = 00000001
  pps_cr           = 01312D06
  pps_escr         = 0000000C
  ep_mach          = 02000200
  ep_macl          = 22334401
  ep_dsr           = 42000000
  ptp              = 01014106
  ptp_rx           = 00000072
  ptp_tx           = 00000103
  ptp_meta         = 02010306
  tx               = 00000150
  rx               = 000000B1
  rxerr            = 00000000
  ptp_types        = 01010101
  foreign_meta     = 0000FF00
  filter_meta      = 00000000
  parse_meta       = 000101C5
  wr_rx_signal     = 10000001
  wr_tx_signal     = 10010004
  wr_failure       = 00000000
  wr_state         = A0219864
  wr_reject        = 00000000
  pstat            = 00000001
  sstat            = 00000000
  sec_h            = 00000000
  sec_l            = 00000053
  ns               = 38624768
  lock_enable      = 00000000
  lock_result      = 00000000
  lock_polls       = 00000000
  lock_unlocked    = 00000000
  lock_calibration_fail = 00000000
  spll_state       = 00020004
  spll_ocer        = 57271201
  spll_rcer        = 00000000
  spll_occr        = 820001DC
  spll_trr_csr     = 0006F8A2
  spll_dac_hpll    = 75268664
  spll_dac_main    = 00000002
  spll_helper_state = 00000100
  spll_helper_limits = 271000C8
  spll_main_state  = 00000000
  spll_main_limits = 00320032
  spll_main_phase_limits = 03E804B0
  spll_state_visit_mask = 00000618
  spll_state_transitions = 00000003
  spll_last_state  = 00000004
  spll_init_count  = 00000001
  dmtd_ref         = 0079A596
  dmtd_fb          = 00449835
  dmtd_ref_high_qual_abort = 00577E39
  dmtd_fb_high_qual_abort = 00291B8F
  tag_valid        = 0004FE7C
  trr_write        = 0004FEAA
  irq              = 0004FE2F
  helper_update    = 0004FE2F
  spll_helper_error = FFFDB610
  spll_helper_output = 0000FFFB
  eic_isr          = FFFF0000
  current_tics     = 00014F0E
RAW mailbox completion toggle wb_sync_toggle=0

============================================================
White Rabbit Runtime 診斷：DE5 [1-11.2]
============================================================

## [Step 1] PHY / 光纖 Link
[pass] si_config_done           結果: 1/1
[pass] wr_ready                 結果: 1/1
[pass] core_tm_link_up          結果: 1/1
[pass] core_link_ok             結果: 1/1
[pass] wr_rx_ready              結果: 1/1
[pass] wr_tx_ready              結果: 1/1
[pass] core_phy_rst             結果: 0/0
[pass] si_id_error              結果: 0/0
[pass] wr_rx_enc_err            結果: 0/0
[pass] wr_tx_enc_err            結果: 0/0
[pass] CPU_RESET_n              結果: 1/1
[pass] wr_rx_locked_to_data     結果: 1/1
[info] wr_rx_locked_to_ref      結果: 1/NA
[info] MOD_PRS_n                結果: 0/NA
[info] INTERRUPT_n              結果: 1/NA
Step 1 pass

## [Step 2] Endpoint / MiniNIC / PTP
[pass] EP_MAC_H/EP_MAC_L        結果: 02:00:22:33:44:02/02:00:22:33:44:02
[pass] WDIAGS_MODE              結果: 3 SLAVE/3 SLAVE
[pass] WDIAGS_PTP               結果: 9 SLAVE (raw=00004109)/9 SLAVE
[pass] WDIAGS_PTP_RX            結果: Δ=29/Δ>0
RAW WDIAGS_PTP_RX            before=0x00000109 after=0x00000126 delta=29
[pass] WDIAGS_PTP_TX            結果: Δ=14/Δ>0
RAW WDIAGS_PTP_TX            before=0x0000006E after=0x0000007C delta=14
[pass] WDIAGS_TX                結果: Δ=21/Δ>0
RAW WDIAGS_TX                before=0x000000C7 after=0x000000DC delta=21
[pass] WDIAGS_RX                結果: Δ=35/Δ>0
RAW WDIAGS_RX                before=0x0000014A after=0x0000016D delta=35
[pass] WDIAGS_RXERR             結果: Δ=0/Δ=0
RAW WDIAGS_RXERR             before=0x00000000 after=0x00000000 delta=0
Step 2 pass

## [Step 3] WR Parent / Signaling
[pass] WDIAGS_FOREIGN_META      結果: 1/1
[pass] WDIAGS_FOREIGN_META      結果: 0/0
[info] WDIAGS_FOREIGN_META      結果: detection=0 config=3/NA
[pass] parentIsWRnode           結果: 1/1
[info] parentWrModeOn           結果: 0/NA
[pass] parentCalibrated         結果: 1/1
[pass] WR_RX_SIGNAL_DEBUG       結果: LOCK count=1/LOCK 0x1001,count>0
[pass] WR_TX_SIGNAL_DEBUG       結果: SLAVE_PRESENT count=1/SLAVE_PRESENT 0x1000,count>0
[info] WDIAGS_TEMP              結果: WRS_IDLE next=WRS_IDLE POST_STEP3_TIMEOUT/NA
[pass] LOCK_ENABLE              結果: 4/> 0
[info] WR_FAILURE_DEBUG         結果: TIMEOUT last_fail_state=WRS_S_LOCK failure_count=1/NA
Step 3 pass

## [Step 4B] Slave SoftPLL Startup
[pass] LOCK_ENABLE_COUNT        結果: 4/> 0
[pass] SPLL_MODE                結果: 3 (SPLL_MODE_SLAVE)/3 SPLL_MODE_SLAVE
[pass] SPLL_SEQ_STATE           結果: 4 (SEQ_WAIT_HELPER)/active, not 0/7
[pass] SPLL_STATE_VISIT_MASK    結果: 0x00000618/> 0
[pass] SPLL_INIT_COUNT          結果: 1/> 0
[pass] RCER                     結果: 0x00000001/> 0
[pass] OCER                     結果: 0xD0733601/> 0
[info] SPLL_ALIGN_STATE         結果: 0/NA
[info] SPLL_STATE_TRANSITIONS   結果: 0x00000003/NA
[info] SPLL_LAST_STATE          結果: 4 (SEQ_WAIT_HELPER)/NA
[info] OCCR                     結果: 0xB300013C/NA
[pass] DMTD_REF_ACCEPT_EVENT    結果: Δ=23850/Δ>=0
RAW DMTD_REF_ACCEPT_EVENT    before=0x02C5C2BF after=0x02C61FE9 delta=23850
[pass] DMTD_FB_ACCEPT_EVENT     結果: Δ=23250/Δ>=0
RAW DMTD_FB_ACCEPT_EVENT     before=0x0281416F after=0x02819C41 delta=23250
[pass] DMTD_ACCEPT              結果: Δ=47100/Δ>0
[pass] SPLL_TAG_VALID_COUNT     結果: Δ=47104/Δ>0
RAW SPLL_TAG_VALID_COUNT     before=0x0006B905 after=0x00077105 delta=47104
[pass] SPLL_TRR_WRITE_COUNT     結果: Δ=47106/Δ>0
RAW SPLL_TRR_WRITE_COUNT     before=0x0006B95F after=0x00077161 delta=47106
[pass] WRPC_SPLL_TRR_POP_COUNT  結果: Δ=47255/Δ>0
RAW WRPC_SPLL_TRR_POP_COUNT  before=0x0006B762 after=0x00076FF9 delta=47255
[pass] WDIAGS_IRQ_COUNT         結果: Δ=46037/Δ>0
RAW WDIAGS_IRQ_COUNT         before=0x00068B1D after=0x00073EF2 delta=46037
[pass] WDIAGS_HELPER_UPDATE_COUNT 結果: Δ=23533/Δ>0
RAW WDIAGS_HELPER_UPDATE_COUNT before=0x00036834 after=0x0003C421 delta=23533
[pass] BOOT_GENERATION          結果: Δ=0/Δ=0
RAW BOOT_GENERATION          before=0x00000001 after=0x00000001 delta=0
[pass] CPU_RESET_COUNT          結果: Δ=0/Δ=0
RAW CPU_RESET_COUNT          before=0x00000001 after=0x00000001 delta=0
[pass] WR_CORE_RESET_COUNT      結果: Δ=0/Δ=0
RAW WR_CORE_RESET_COUNT      before=0x00000001 after=0x00000001 delta=0
[pass] SI_CONFIG_DROP_COUNT     結果: Δ=0/Δ=0
RAW SI_CONFIG_DROP_COUNT     before=0x00000001 after=0x00000001 delta=0
STEP4B_ALLOWED = YES
STEP4B_RESULT = PASS
STEP4B_FIRST_INACTIVE_BOUNDARY = ACTIVE
Step 4B pass
Step 4 pass

## [Step 5] Closed-loop Lock
STEP5_LOCKDET_BEFORE: HELPER locked=0 changed=0 cnt=0/10000 threshold=200 ref_src=0 MAIN enabled=0 locked=0 freq=0 phase=0 freq_cnt=0/50 phase_cnt=0/1000 PSTAT_locked=0
STEP5_LOCKDET_AFTER: HELPER locked=0 changed=0 cnt=0/10000 threshold=200 ref_src=0 MAIN enabled=0 locked=0 freq=0 phase=0 freq_cnt=0/50 phase_cnt=0/1000 PSTAT_locked=0
[error] WDIAGS_PSTAT             結果: 0/1
STEP5_RESULT = NEVER_LOCKED
STEP5_FIRST_INACTIVE_BOUNDARY = HELPER_LOCK
Step 5 NA (single window is not stable-lock proof)

## [Step 6] Global Time
Step 6 NA

============================================================
White Rabbit Runtime 診斷：DE5 [1-11.2]
============================================================
Step 1 PHY / Link             pass
Step 2 Endpoint / PTP         pass
Step 3 WR Handshake           pass
Step 4 Step4B Slave SoftPLL Startup pass
Step 5 Closed-loop Lock       NA
Step 6 Global Time            NA
STEP1_REGRESSION = PASS
STEP2_REGRESSION = PASS
STEP3_REGRESSION = PASS
STEP4B_ALLOWED = YES
STEP4B_RESULT = PASS
STEP4B_FIRST_INACTIVE_BOUNDARY = ACTIVE
STEP5_RESULT = NEVER_LOCKED
STEP5_FIRST_INACTIVE_BOUNDARY = HELPER_LOCK
FAILURE_CLASSIFICATION = NO_FAILURE_EVIDENCE
============================================================

================ RAW_SNAPSHOT ================
RAW_SNAPSHOT board=DE5 [1-11.2] label=before
  status           = 41105DE1303C82EF
  cpu              = 0000007C000012BC
  marker           = 000000010000B004
  store            = 000670A70001E5F0
  store_count      = 0000000002406410
  exception        = 8000000B000012BC
  clock            = 00393A90354A3D57
  boot_generation  = 00000001
  cpu_reset_count  = 00000001
  wr_core_reset_count = 00000001
  si_config_drop_count = 00000001
  pps_cr           = 01312D06
  pps_escr         = 00000000
  ep_mach          = 02000200
  ep_macl          = 22334402
  ep_dsr           = 42000000
  ptp              = 00004108
  ptp_rx           = 00000109
  ptp_tx           = 0000006E
  ptp_meta         = 03010308
  tx               = 000000C7
  rx               = 0000014A
  rxerr            = 00000000
  ptp_types        = 043B1E3B
  foreign_meta     = 03000001
  filter_meta      = 00000000
  parse_meta       = 05011E41
  wr_rx_signal     = 10010001
  wr_tx_signal     = 10000001
  wr_failure       = 00000000
  wr_state         = A041135C
  wr_reject        = 00000000
  pstat            = 00000001
  sstat            = 00000101
  sec_h            = 00000000
  sec_l            = 00000043
  ns               = 1A3D8AA0
  lock_enable      = 00000004
  lock_result      = 00000001
  lock_polls       = 0000557C
  lock_unlocked    = 0000557C
  lock_calibration_fail = 00000000
  spll_state       = 00030004
  spll_ocer        = B613DA01
  spll_rcer        = 00000001
  spll_occr        = 0A0001EA
  spll_trr_csr     = 0006AE5C
  spll_dac_hpll    = F9733A8B
  spll_dac_main    = 00000001
  spll_helper_state = 00000000
  spll_helper_limits = 271000C8
  spll_main_state  = 00000000
  spll_main_limits = 00320032
  spll_main_phase_limits = 03E804B0
  spll_state_visit_mask = 00000618
  spll_state_transitions = 00000003
  spll_last_state  = 00000004
  spll_init_count  = 00000001
  dmtd_ref         = 02C5C2BF
  dmtd_fb          = 0281416F
  dmtd_ref_high_qual_abort = 0022D6CF
  dmtd_fb_high_qual_abort = 001CEE9F
  tag_valid        = 0006B905
  trr_write        = 0006B95F
  irq              = 00068B1D
  helper_update    = 00036834
  spll_helper_error = FFFDB610
  spll_helper_output = 0000FFFB
  eic_isr          = FFFF0000
  current_tics     = 00010E92
RAW_SNAPSHOT board=DE5 [1-11.2] label=after
  status           = F11040C3205082EF
  cpu              = 0000007C000012C4
  marker           = 000000010000B004
  store            = FFFDB6100001E640
  store_count      = 00000000027C39F7
  exception        = 8000000B000012BC
  clock            = 002E758B6F8B784E
  boot_generation  = 00000001
  cpu_reset_count  = 00000001
  wr_core_reset_count = 00000001
  si_config_drop_count = 00000001
  pps_cr           = 01312D06
  pps_escr         = 00000000
  ep_mach          = 02000200
  ep_macl          = 22334402
  ep_dsr           = 42000000
  ptp              = 00004109
  ptp_rx           = 00000126
  ptp_tx           = 0000007C
  ptp_meta         = 03020409
  tx               = 000000DC
  rx               = 0000016D
  rxerr            = 00000000
  ptp_types        = 04412141
  foreign_meta     = 03000001
  filter_meta      = 00000000
  parse_meta       = 0501210D
  wr_rx_signal     = 10010001
  wr_tx_signal     = 10000001
  wr_failure       = 02020001
  wr_state         = A000035C
  wr_reject        = 00000000
  pstat            = 00000001
  sstat            = 00000001
  sec_h            = 00000000
  sec_l            = 0000005B
  ns               = 153B43A8
  lock_enable      = 00000004
  lock_result      = 00000001
  lock_polls       = 00005B05
  lock_unlocked    = 00005B05
  lock_calibration_fail = 00000000
  spll_state       = 00030004
  spll_ocer        = D0733601
  spll_rcer        = 00000001
  spll_occr        = B300013C
  spll_trr_csr     = 000666E0
  spll_dac_hpll    = 26E2CB7F
  spll_dac_main    = 00000002
  spll_helper_state = 00000000
  spll_helper_limits = 271000C8
  spll_main_state  = 00000000
  spll_main_limits = 00320032
  spll_main_phase_limits = 03E804B0
  spll_state_visit_mask = 00000618
  spll_state_transitions = 00000003
  spll_last_state  = 00000004
  spll_init_count  = 00000001
  dmtd_ref         = 02C61FE9
  dmtd_fb          = 02819C41
  dmtd_ref_high_qual_abort = 00269090
  dmtd_fb_high_qual_abort = 002007E2
  tag_valid        = 00077105
  trr_write        = 00077161
  irq              = 00073EF2
  helper_update    = 0003C421
  spll_helper_error = FFFDB610
  spll_helper_output = 0000FFFB
  eic_isr          = FFFF0000
  current_tics     = 00012667

============================================================
JTAG/WB transport health summary
============================================================
WB_TRANSPORT_PROTOCOL = PRELOAD_THEN_TOGGLE_COMMIT
WB_REQUEST_COUNT = 352
PRELOAD_COUNT = 352
COMMIT_COUNT = 352
WB_PROBE_READ_COUNT = 1760
PRELOAD_UNEXPECTED_TRIGGER_COUNT = 0
PROBE_3WAY_MATCH_COUNT = 352
STABLE_RESPONSE_WRONG_COUNT = 0
ADDRESS_CROSS_CONTAMINATION_COUNT = 0
TIMEOUT_COUNT = 0
INVALID_COUNT = 0
STALE_A5A5_COUNT = 0
UNSTABLE_TRANSACTION_COUNT = 0
DMTD_REF_DECREASE_COUNT = 0
DMTD_FB_DECREASE_COUNT = 0
PRELOAD_PROTOCOL_RUNTIME_REVALIDATION = PASS
JTAG_WB_DIAGNOSTIC_PATH = TRUSTED
============================================================

============================================================
STEP4A_RESULT = PASS
STEP4B_ALLOWED = YES
STEP4B_RESULT = PASS
STEP4B_FIRST_INACTIVE_BOUNDARY = ACTIVE
STEP5_RESULT = NOT_APPLICABLE_MASTER
STEP5_FIRST_INACTIVE_BOUNDARY = SLAVE_ONLY
STEP5_RESULT = NEVER_LOCKED
STEP5_FIRST_INACTIVE_BOUNDARY = HELPER_LOCK
============================================================
Info (23030): Evaluation of Tcl script /home/b10504072/04_WR/artifacts/source-0b32c62/scripts/jtag/read_wb_runtime.tcl was successful
Info: Quartus Prime Signal Tap was successful. 0 errors, 0 warnings
    Info: Peak virtual memory: 677 megabytes
    Info: Processing ended: Wed Sep  9 04:05:47 2026
    Info: Elapsed time: 00:00:15
    Info: System process ID: 2785
