rm: cannot remove '/home/b10504072/04_WR/build/firmware/work/master/include/config/auto.conf.cmd': Permission denied
rm: cannot remove '/home/b10504072/04_WR/build/firmware/work/master/include/config/snmp/set.h': Permission denied
rm: cannot remove '/home/b10504072/04_WR/build/firmware/work/master/include/config/snmp/init.h': Permission denied
rm: cannot remove '/home/b10504072/04_WR/build/firmware/work/master/include/config/snmp/cmd.h': Permission denied
rm: cannot remove '/home/b10504072/04_WR/build/firmware/work/master/include/config/snmp/sdb.h': Permission denied
rm: cannot remove '/home/b10504072/04_WR/build/firmware/work/master/include/config/has/codeopt/mo/force/disabled.h': Permission denied
rm: cannot remove '/home/b10504072/04_WR/build/firmware/work/master/include/config/has/codeopt/so/enabled.h': Permission denied
rm: cannot remove '/home/b10504072/04_WR/build/firmware/work/master/include/config/has/codeopt/so/force/disabled.h': Permission denied
rm: cannot remove '/home/b10504072/04_WR/build/firmware/work/master/include/config/has/codeopt/single/port.h': Permission denied
rm: cannot remove '/home/b10504072/04_WR/build/firmware/work/master/include/config/has/codeopt/single/instance/per/port.h': Permission denied
rm: cannot remove '/home/b10504072/04_WR/build/firmware/work/master/include/config/has/codeopt/single/fmaster.h': Permission denied
rm: cannot remove '/home/b10504072/04_WR/build/firmware/work/master/include/config/has/codeopt/codeopt/wrpc/size.h': Permission denied
rm: cannot remove '/home/b10504072/04_WR/build/firmware/work/master/include/config/has/codeopt/epc/enabled.h': Permission denied
rm: cannot remove '/home/b10504072/04_WR/build/firmware/work/master/include/config/has/codeopt/ext/port/conf/force/disabled.h': Permission denied
rm: cannot remove '/home/b10504072/04_WR/build/firmware/work/master/include/config/has/profile/ptp.h': Permission denied
rm: cannot remove '/home/b10504072/04_WR/build/firmware/work/master/include/config/has/profile/wr.h': Permission denied
rm: cannot remove '/home/b10504072/04_WR/build/firmware/work/master/include/config/has/profile/custom.h': Permission denied
rm: cannot remove '/home/b10504072/04_WR/build/firmware/work/master/include/config/has/profile/ha.h': Permission denied
rm: cannot remove '/home/b10504072/04_WR/build/firmware/work/master/include/config/has/p2p.h': Permission denied
rm: cannot remove '/home/b10504072/04_WR/build/firmware/work/master/include/config/has/flash/init.h': Permission denied
rm: cannot remove '/home/b10504072/04_WR/build/firmware/work/master/include/config/has/ext/l1sync.h': Permission denied
rm: cannot remove '/home/b10504072/04_WR/build/firmware/work/master/include/config/has/ext/wr.h': Permission denied
rm: cannot remove '/home/b10504072/04_WR/build/firmware/work/master/include/config/has/ext/none.h': Permission denied
rm: cannot remove '/home/b10504072/04_WR/build/firmware/work/master/include/config/has/wrpc/faults.h': Permission denied
rm: cannot remove '/home/b10504072/04_WR/build/firmware/work/master/include/config/has/ppsi/assert.h': Permission denied
rm: cannot remove '/home/b10504072/04_WR/build/firmware/work/master/include/config/has/fault/injection/mechanism.h': Permission denied
rm: cannot remove '/home/b10504072/04_WR/build/firmware/work/master/include/config/step2/disable/persistent/init.h': Permission denied
rm: cannot remove '/home/b10504072/04_WR/build/firmware/work/master/include/config/arch/is/wrpc.h': Permission denied
rm: cannot remove '/home/b10504072/04_WR/build/firmware/work/master/include/config/arch/is/wrs.h': Permission denied
rm: cannot remove '/home/b10504072/04_WR/build/firmware/work/master/include/config/arch/ldflags.h': Permission denied
rm: cannot remove '/home/b10504072/04_WR/build/firmware/work/master/include/config/arch/riscv.h': Permission denied
rm: cannot remove '/home/b10504072/04_WR/build/firmware/work/master/include/config/arch/cflags.h': Permission denied
rm: cannot remove '/home/b10504072/04_WR/build/firmware/work/master/include/config/trace/mac.h': Permission denied
rm: cannot remove '/home/b10504072/04_WR/build/firmware/work/master/include/config/trace/devices.h': Permission denied
rm: cannot remove '/home/b10504072/04_WR/build/firmware/work/master/include/config/trace/phy.h': Permission denied
rm: cannot remove '/home/b10504072/04_WR/build/firmware/work/master/include/config/trace/all.h': Permission denied
rm: cannot remove '/home/b10504072/04_WR/build/firmware/work/master/include/config/trace/storage.h': Permission denied
rm: cannot remove '/home/b10504072/04_WR/build/firmware/work/master/include/config/trace/board.h': Permission denied
rm: cannot remove '/home/b10504072/04_WR/build/firmware/work/master/include/config/trace/main.h': Permission denied
rm: cannot remove '/home/b10504072/04_WR/build/firmware/work/master/include/config/custom/print/bufsize.h': Permission denied
rm: cannot remove '/home/b10504072/04_WR/build/firmware/work/master/include/config/custom/ramsize.h': Permission denied
rm: cannot remove '/home/b10504072/04_WR/build/firmware/work/master/include/config/custom/stacksize.h': Permission denied
rm: cannot remove '/home/b10504072/04_WR/build/firmware/work/master/include/config/vlan/nr.h': Permission denied
rm: cannot remove '/home/b10504072/04_WR/build/firmware/work/master/include/config/vlan/array/size.h': Permission denied
rm: cannot remove '/home/b10504072/04_WR/build/firmware/work/master/include/config/vlan/2/for/class7.h': Permission denied
rm: cannot remove '/home/b10504072/04_WR/build/firmware/work/master/include/config/vlan/for/class6.h': Permission denied
rm: cannot remove '/home/b10504072/04_WR/build/firmware/work/master/include/config/vlan/1/for/class7.h': Permission denied
rm: cannot remove '/home/b10504072/04_WR/build/firmware/work/master/include/config/arch.h': Permission denied
rm: cannot remove '/home/b10504072/04_WR/build/firmware/work/master/include/config/nr/instances/per/port.h': Permission denied
rm: cannot remove '/home/b10504072/04_WR/build/firmware/work/master/include/config/nr/ports.h': Permission denied
rm: cannot remove '/home/b10504072/04_WR/build/firmware/work/master/include/config/nr/foreign/records.h': Permission denied
rm: cannot remove '/home/b10504072/04_WR/build/firmware/work/master/include/config/lto.h': Permission denied
rm: cannot remove '/home/b10504072/04_WR/build/firmware/work/master/include/config/temp/poll/interval.h': Permission denied
rm: cannot remove '/home/b10504072/04_WR/build/firmware/work/master/include/config/temp/high/rappel.h': Permission denied
rm: cannot remove '/home/b10504072/04_WR/build/firmware/work/master/include/config/temp/high/threshold.h': Permission denied
rm: cannot remove '/home/b10504072/04_WR/build/firmware/work/master/include/config/developer.h': Permission denied
rm: cannot remove '/home/b10504072/04_WR/build/firmware/work/master/include/config/optimization.h': Permission denied
rm: cannot remove '/home/b10504072/04_WR/build/firmware/work/master/include/config/profile/wr.h': Permission denied
rm: cannot remove '/home/b10504072/04_WR/build/firmware/work/master/include/config/profile/ptp.h': Permission denied
rm: cannot remove '/home/b10504072/04_WR/build/firmware/work/master/include/config/leap/seconds/val.h': Permission denied
rm: cannot remove '/home/b10504072/04_WR/build/firmware/work/master/include/config/stacksize.h': Permission denied
rm: cannot remove '/home/b10504072/04_WR/build/firmware/work/master/include/config/flash/init.h': Permission denied
rm: cannot remove '/home/b10504072/04_WR/build/firmware/work/master/include/config/wrpc/ppsi.h': Permission denied
rm: cannot remove '/home/b10504072/04_WR/build/firmware/work/master/include/config/single/fmaster.h': Permission denied
rm: cannot remove '/home/b10504072/04_WR/build/firmware/work/master/include/config/single/instance.h': Permission denied
rm: cannot remove '/home/b10504072/04_WR/build/firmware/work/master/include/config/single/port.h': Permission denied
rm: cannot remove '/home/b10504072/04_WR/build/firmware/work/master/include/config/single/instance/per/port.h': Permission denied
rm: cannot remove '/home/b10504072/04_WR/build/firmware/work/master/include/config/ip.h': Permission denied
rm: cannot remove '/home/b10504072/04_WR/build/firmware/work/master/include/config/embedded/node.h': Permission denied
rm: cannot remove '/home/b10504072/04_WR/build/firmware/work/master/include/config/print/bufsize.h': Permission denied
rm: cannot remove '/home/b10504072/04_WR/build/firmware/work/master/include/config/codeopt/ext/port/conf/force/disabled.h': Permission denied
rm: cannot remove '/home/b10504072/04_WR/build/firmware/work/master/include/config/codeopt/so/force/disabled.h': Permission denied
rm: cannot remove '/home/b10504072/04_WR/build/firmware/work/master/include/config/codeopt/wrpc/size.h': Permission denied
rm: cannot remove '/home/b10504072/04_WR/build/firmware/work/master/include/config/codeopt/epc/so/disabled.h': Permission denied
rm: cannot remove '/home/b10504072/04_WR/build/firmware/work/master/include/config/codeopt/mo/force/disabled.h': Permission denied
rm: cannot remove '/home/b10504072/04_WR/build/firmware/work/master/include/config/codeopt/enabled.h': Permission denied
rm: cannot remove '/home/b10504072/04_WR/build/firmware/work/master/include/config/ramsize.h': Permission denied
rm: cannot remove '/home/b10504072/04_WR/build/firmware/work/master/include/config/init/command.h': Permission denied
rm: cannot remove '/home/b10504072/04_WR/build/firmware/work/master/include/config/wr/node.h': Permission denied
rm: cannot remove '/home/b10504072/04_WR/build/firmware/work/master/include/config/wr/diag.h': Permission denied
rm: cannot remove '/home/b10504072/04_WR/build/firmware/work/master/include/config/deterministic/binary.h': Permission denied
rm: cannot remove '/home/b10504072/04_WR/build/firmware/work/master/include/config/e2e.h': Permission denied
rm: cannot remove '/home/b10504072/04_WR/build/firmware/work/master/include/config/build/init.h': Permission denied
rm: cannot remove '/home/b10504072/04_WR/build/firmware/work/master/include/config/cmd/monitor/servo/err.h': Permission denied
rm: cannot remove '/home/b10504072/04_WR/build/firmware/work/master/include/config/default/print/task/time/threshold.h': Permission denied
rm: cannot remove '/home/b10504072/04_WR/build/firmware/work/master/include/config/printf/is/full.h': Permission denied
rm: cannot remove '/home/b10504072/04_WR/build/firmware/work/master/include/config/printf/full.h': Permission denied
rm: cannot remove '/home/b10504072/04_WR/build/firmware/work/master/include/config/ppsi/vlan.h': Permission denied
rm: cannot remove '/home/b10504072/04_WR/build/firmware/work/master/include/config/vlan.h': Permission denied
rm: cannot remove '/home/b10504072/04_WR/build/firmware/work/master/include/config/snmp.h': Permission denied
rm: cannot remove '/home/b10504072/04_WR/build/firmware/work/master/include/config/abscal.h': Permission denied
rm: cannot remove '/home/b10504072/04_WR/build/firmware/work/master/include/config/target/generic/phy/8bit.h': Permission denied
rm: cannot remove '/home/b10504072/04_WR/build/firmware/work/master/include/config/datasize.h': Permission denied
rm: cannot remove '/home/b10504072/04_WR/build/firmware/work/master/include/config/latency/ethtype.h': Permission denied
rm: cannot remove '/home/b10504072/04_WR/build/firmware/work/master/include/config/e2e/only.h': Permission denied
rm: cannot remove '/home/b10504072/04_WR/build/firmware/work/master/include/config/lldp.h': Permission denied
rm: cannot remove '/home/b10504072/04_WR/build/firmware/work/master/include/config/tristate.conf': Permission denied
rm: cannot remove '/home/b10504072/04_WR/build/firmware/work/master/include/config/auto.conf': Permission denied
rm: cannot remove '/home/b10504072/04_WR/build/firmware/work/master/include/generated/autoconf.h': Permission denied
rm: cannot remove '/home/b10504072/04_WR/build/firmware/work/master/include/generated/pfilter-rules-novlan.h': Permission denied
rm: cannot remove '/home/b10504072/04_WR/build/firmware/work/master/include/generated/pfilter-rules-vlan.h': Permission denied
rm: cannot remove '/home/b10504072/04_WR/build/firmware/work/master/include/generated/sdbfs-default.h': Permission denied
rm: cannot remove '/home/b10504072/04_WR/build/firmware/work/master/.toolchain/riscv32-elf-gcc': Permission denied
rm: cannot remove '/home/b10504072/04_WR/build/firmware/work/master/.toolchain/riscv32-elf-g++': Permission denied
rm: cannot remove '/home/b10504072/04_WR/build/firmware/work/master/.toolchain/riscv32-elf-as': Permission denied
rm: cannot remove '/home/b10504072/04_WR/build/firmware/work/master/.toolchain/riscv32-elf-ld': Permission denied
rm: cannot remove '/home/b10504072/04_WR/build/firmware/work/master/.toolchain/riscv32-elf-objcopy': Permission denied
rm: cannot remove '/home/b10504072/04_WR/build/firmware/work/master/.toolchain/riscv32-elf-objdump': Permission denied
rm: cannot remove '/home/b10504072/04_WR/build/firmware/work/master/.toolchain/riscv32-elf-ar': Permission denied
rm: cannot remove '/home/b10504072/04_WR/build/firmware/work/master/.toolchain/riscv32-elf-ranlib': Permission denied
rm: cannot remove '/home/b10504072/04_WR/build/firmware/work/master/.toolchain/riscv32-elf-strip': Permission denied
rm: cannot remove '/home/b10504072/04_WR/build/firmware/work/master/.toolchain/riscv32-elf-nm': Permission denied
rm: cannot remove '/home/b10504072/04_WR/build/firmware/work/master/.toolchain/riscv32-elf-size': Permission denied
