Info: *******************************************************************
Info: Running Quartus Prime SignalTap II
    Info: Version 17.0.0 Build 595 04/25/2017 SJ Standard Edition
    Info: Copyright (C) 2017  Intel Corporation. All rights reserved.
    Info: Your use of Intel Corporation's design tools, logic functions 
    Info: and other software and tools, and its AMPP partner logic 
    Info: functions, and any output files from any of the foregoing 
    Info: (including device programming or simulation files), and any 
    Info: associated documentation or information are expressly subject 
    Info: to the terms and conditions of the Intel Program License 
    Info: Subscription Agreement, the Intel Quartus Prime License Agreement,
    Info: the Intel MegaCore Function License Agreement, or other 
    Info: applicable license agreement, including, without limitation, 
    Info: that your use is for the sole purpose of programming logic 
    Info: devices manufactured by Intel and sold by Intel or its 
    Info: authorized distributors.  Please refer to the applicable 
    Info: agreement for further details.
    Info: Processing started: Sun Aug 30 02:12:02 2026
Info: Command: quartus_stp -t scripts/jtag/read_step5_jtag_hpll_bounded_burst_ab.tcl 5 500 60 100 80
Info: Quartus(args): 5 500 60 100 80
STEP5_JTAG_HPLL_BOUNDED_BURST_AB_CONFIG a_seconds=5 poll_ms=500 max_polls=60 helper_poll_ms=100 max_helper_polls=80 experiment=EXP-WRPC-STEP5-JTAG-HPLL-BOUNDED-BURST-AB-20260830 fixed_sof=1 burst_size=8
STEP5_BURST_SKIP board=DE5 [1-11.1] reason=probe37_unavailable
STEP5_BURST_SAMPLE board=DE5 [1-11.2] tag=A0 DCO_RAW=FF6000000EB02A20 BURST_RAW=00EB36C1EB000000 STEP=235 BURST_TRIGGER_COUNT=0 FORCED_HPLL_PENDING_COUNT=0 FORCED_HPLL_COMPLETED_COUNT=0 RT_STATE_ENTER_COUNT=235 RUNTIME_START_COUNT=193 BUS_DONE_COUNT=54 PRECLAMP_ERROR=FF294AB3 PRECLAMP_ERROR_SIGNED=-14071117 RAW_TAG=000BDD33 RAW_TAG_SIGNED=777523 EXPECTED_TAG=05ECB180 EXPECTED_TAG_SIGNED=99398016 TAG_DELTA=00003B67 TAG_DELTA_SIGNED=15207 EXPECTED_DELTA=00004000 EXPECTED_DELTA_SIGNED=16384 HELPER_UPDATE_COUNT=00002FBE HELPER_ERROR=FFFDB610 HELPER_OUTPUT=0000FFFB
STEP5_BURST_SAMPLE board=DE5 [1-11.2] tag=A01 DCO_RAW=FF6000000EB02A20 BURST_RAW=00EB36C1EB000000 STEP=235 BURST_TRIGGER_COUNT=0 FORCED_HPLL_PENDING_COUNT=0 FORCED_HPLL_COMPLETED_COUNT=0 RT_STATE_ENTER_COUNT=235 RUNTIME_START_COUNT=193 BUS_DONE_COUNT=54 PRECLAMP_ERROR=FEDFEEBD PRECLAMP_ERROR_SIGNED=-18878787 RAW_TAG=0005813D RAW_TAG_SIGNED=360765 EXPECTED_TAG=03F9D080 EXPECTED_TAG_SIGNED=66703488 TAG_DELTA=00003B6A TAG_DELTA_SIGNED=15210 EXPECTED_DELTA=00004000 EXPECTED_DELTA_SIGNED=16384 HELPER_UPDATE_COUNT=00003FCA HELPER_ERROR=FFFDB610 HELPER_OUTPUT=0000FFFB
STEP5_BURST_SAMPLE board=DE5 [1-11.2] tag=A02 DCO_RAW=FF6000000EB02A20 BURST_RAW=00EB36C1EB000000 STEP=235 BURST_TRIGGER_COUNT=0 FORCED_HPLL_PENDING_COUNT=0 FORCED_HPLL_COMPLETED_COUNT=0 RT_STATE_ENTER_COUNT=235 RUNTIME_START_COUNT=193 BUS_DONE_COUNT=54 PRECLAMP_ERROR=FE96893E PRECLAMP_ERROR_SIGNED=-23688898 RAW_TAG=003F1BBE RAW_TAG_SIGNED=4135870 EXPECTED_TAG=0206EF80 EXPECTED_TAG_SIGNED=34008960 TAG_DELTA=00003B68 TAG_DELTA_SIGNED=15208 EXPECTED_DELTA=00004000 EXPECTED_DELTA_SIGNED=16384 HELPER_UPDATE_COUNT=00004FD6 HELPER_ERROR=FFFDB610 HELPER_OUTPUT=0000FFFB
STEP5_BURST_SAMPLE board=DE5 [1-11.2] tag=A03 DCO_RAW=FF6000000EB02A20 BURST_RAW=00EB36C1EB000000 STEP=235 BURST_TRIGGER_COUNT=0 FORCED_HPLL_PENDING_COUNT=0 FORCED_HPLL_COMPLETED_COUNT=0 RT_STATE_ENTER_COUNT=235 RUNTIME_START_COUNT=193 BUS_DONE_COUNT=54 PRECLAMP_ERROR=FE4D28A5 PRECLAMP_ERROR_SIGNED=-28497755 RAW_TAG=0038BB25 RAW_TAG_SIGNED=3717925 EXPECTED_TAG=0609EF80 EXPECTED_TAG_SIGNED=101314432 TAG_DELTA=00003B6E TAG_DELTA_SIGNED=15214 EXPECTED_DELTA=00004000 EXPECTED_DELTA_SIGNED=16384 HELPER_UPDATE_COUNT=00005FE2 HELPER_ERROR=FFFDB610 HELPER_OUTPUT=0000FFFB
STEP5_BURST_SAMPLE board=DE5 [1-11.2] tag=A04 DCO_RAW=FF6000000EB02A20 BURST_RAW=00EB36C1EB000000 STEP=235 BURST_TRIGGER_COUNT=0 FORCED_HPLL_PENDING_COUNT=0 FORCED_HPLL_COMPLETED_COUNT=0 RT_STATE_ENTER_COUNT=235 RUNTIME_START_COUNT=193 BUS_DONE_COUNT=54 PRECLAMP_ERROR=FE03CD99 PRECLAMP_ERROR_SIGNED=-33305191 RAW_TAG=00326019 RAW_TAG_SIGNED=3301401 EXPECTED_TAG=04170E80 EXPECTED_TAG_SIGNED=68619904 TAG_DELTA=00003B70 TAG_DELTA_SIGNED=15216 EXPECTED_DELTA=00004000 EXPECTED_DELTA_SIGNED=16384 HELPER_UPDATE_COUNT=00006FEE HELPER_ERROR=FFFDB610 HELPER_OUTPUT=0000FFFB
STEP5_BURST_SAMPLE board=DE5 [1-11.2] tag=A05 DCO_RAW=FF6000000EB02A20 BURST_RAW=00EB36C1EB000000 STEP=235 BURST_TRIGGER_COUNT=0 FORCED_HPLL_PENDING_COUNT=0 FORCED_HPLL_COMPLETED_COUNT=0 RT_STATE_ENTER_COUNT=235 RUNTIME_START_COUNT=193 BUS_DONE_COUNT=54 PRECLAMP_ERROR=FDBA7024 PRECLAMP_ERROR_SIGNED=-38113244 RAW_TAG=002C02A4 RAW_TAG_SIGNED=2884260 EXPECTED_TAG=081A0E80 EXPECTED_TAG_SIGNED=135925376 TAG_DELTA=00003B67 TAG_DELTA_SIGNED=15207 EXPECTED_DELTA=00004000 EXPECTED_DELTA_SIGNED=16384 HELPER_UPDATE_COUNT=00007FFA HELPER_ERROR=FFFDB610 HELPER_OUTPUT=0000FFFB
STEP5_BURST_DELTA board=DE5 [1-11.2] before=A0 after=A05 STEP_BEFORE=235 STEP_AFTER=235 DELTA_STEP=0 DELTA_BURST_TRIGGER_COUNT=0 DELTA_FORCED_HPLL_PENDING_COUNT=0 DELTA_FORCED_HPLL_COMPLETED_COUNT=0 DELTA_RT_STATE_ENTER_COUNT=0 DELTA_RUNTIME_START_COUNT=0 DELTA_BUS_DONE_COUNT=0 PRECLAMP_ERROR_BEFORE=-14071117 PRECLAMP_ERROR_AFTER=-38113244 DELTA_PRECLAMP_ERROR=-24042127 RAW_TAG_BEFORE=777523 RAW_TAG_AFTER=2884260 DELTA_RAW_TAG=2106737 EXPECTED_TAG_BEFORE=99398016 EXPECTED_TAG_AFTER=135925376 DELTA_EXPECTED_TAG=36527360 TAG_DELTA_BEFORE=15207 TAG_DELTA_AFTER=15207 DELTA_TAG_DELTA=0 EXPECTED_DELTA_BEFORE=16384 EXPECTED_DELTA_AFTER=16384 DELTA_EXPECTED_DELTA=0 DELTA_HELPER_UPDATE_COUNT=20540
STEP5_BURST_SAMPLE board=DE5 [1-11.2] tag=B_BEFORE DCO_RAW=FF6000000EB02A20 BURST_RAW=00EB36C1EB000000 STEP=235 BURST_TRIGGER_COUNT=0 FORCED_HPLL_PENDING_COUNT=0 FORCED_HPLL_COMPLETED_COUNT=0 RT_STATE_ENTER_COUNT=235 RUNTIME_START_COUNT=193 BUS_DONE_COUNT=54 PRECLAMP_ERROR=FDBA7024 PRECLAMP_ERROR_SIGNED=-38113244 RAW_TAG=002C02A4 RAW_TAG_SIGNED=2884260 EXPECTED_TAG=081A0E80 EXPECTED_TAG_SIGNED=135925376 TAG_DELTA=00003B67 TAG_DELTA_SIGNED=15207 EXPECTED_DELTA=00004000 EXPECTED_DELTA_SIGNED=16384 HELPER_UPDATE_COUNT=00007FFA HELPER_ERROR=FFFDB610 HELPER_OUTPUT=0000FFFB
STEP5_BURST_TRIGGER board=DE5 [1-11.2] source=FORCE_HPLL_ONE_STEP transition=0->1->0 controller_burst_size=8
STEP5_BURST_SAMPLE board=DE5 [1-11.2] tag=B001 DCO_RAW=FF6000000F302A20 BURST_RAW=00F34ED9F3080801 STEP=243 BURST_TRIGGER_COUNT=1 FORCED_HPLL_PENDING_COUNT=8 FORCED_HPLL_COMPLETED_COUNT=8 RT_STATE_ENTER_COUNT=243 RUNTIME_START_COUNT=217 BUS_DONE_COUNT=78 PRECLAMP_ERROR=FD711688 PRECLAMP_ERROR_SIGNED=-42920312 RAW_TAG=0025A908 RAW_TAG_SIGNED=2468104 EXPECTED_TAG=06272D80 EXPECTED_TAG_SIGNED=103230848 TAG_DELTA=00003B70 TAG_DELTA_SIGNED=15216 EXPECTED_DELTA=00004000 EXPECTED_DELTA_SIGNED=16384 HELPER_UPDATE_COUNT=00009006 HELPER_ERROR=FFFDB610 HELPER_OUTPUT=0000FFFB
STEP5_BURST_DELTA board=DE5 [1-11.2] before=B_BEFORE after=B001 STEP_BEFORE=235 STEP_AFTER=243 DELTA_STEP=8 DELTA_BURST_TRIGGER_COUNT=1 DELTA_FORCED_HPLL_PENDING_COUNT=8 DELTA_FORCED_HPLL_COMPLETED_COUNT=8 DELTA_RT_STATE_ENTER_COUNT=8 DELTA_RUNTIME_START_COUNT=24 DELTA_BUS_DONE_COUNT=24 PRECLAMP_ERROR_BEFORE=-38113244 PRECLAMP_ERROR_AFTER=-42920312 DELTA_PRECLAMP_ERROR=-4807068 RAW_TAG_BEFORE=2884260 RAW_TAG_AFTER=2468104 DELTA_RAW_TAG=-416156 EXPECTED_TAG_BEFORE=135925376 EXPECTED_TAG_AFTER=103230848 DELTA_EXPECTED_TAG=-32694528 TAG_DELTA_BEFORE=15207 TAG_DELTA_AFTER=15216 DELTA_TAG_DELTA=9 EXPECTED_DELTA_BEFORE=16384 EXPECTED_DELTA_AFTER=16384 DELTA_EXPECTED_DELTA=0 DELTA_HELPER_UPDATE_COUNT=4108
STEP5_BURST_SAMPLE board=DE5 [1-11.2] tag=H001 DCO_RAW=FF6000000F302A20 BURST_RAW=00F34ED9F3080801 STEP=243 BURST_TRIGGER_COUNT=1 FORCED_HPLL_PENDING_COUNT=8 FORCED_HPLL_COMPLETED_COUNT=8 RT_STATE_ENTER_COUNT=243 RUNTIME_START_COUNT=217 BUS_DONE_COUNT=78 PRECLAMP_ERROR=FD711688 PRECLAMP_ERROR_SIGNED=-42920312 RAW_TAG=0025A908 RAW_TAG_SIGNED=2468104 EXPECTED_TAG=06272D80 EXPECTED_TAG_SIGNED=103230848 TAG_DELTA=00003B70 TAG_DELTA_SIGNED=15216 EXPECTED_DELTA=00004000 EXPECTED_DELTA_SIGNED=16384 HELPER_UPDATE_COUNT=00009006 HELPER_ERROR=FFFDB610 HELPER_OUTPUT=0000FFFB
STEP5_BURST_SAMPLE board=DE5 [1-11.2] tag=H002 DCO_RAW=FF6000000F302A20 BURST_RAW=00F34ED9F3080801 STEP=243 BURST_TRIGGER_COUNT=1 FORCED_HPLL_PENDING_COUNT=8 FORCED_HPLL_COMPLETED_COUNT=8 RT_STATE_ENTER_COUNT=243 RUNTIME_START_COUNT=217 BUS_DONE_COUNT=78 PRECLAMP_ERROR=FD711688 PRECLAMP_ERROR_SIGNED=-42920312 RAW_TAG=0025A908 RAW_TAG_SIGNED=2468104 EXPECTED_TAG=06272D80 EXPECTED_TAG_SIGNED=103230848 TAG_DELTA=00003B70 TAG_DELTA_SIGNED=15216 EXPECTED_DELTA=00004000 EXPECTED_DELTA_SIGNED=16384 HELPER_UPDATE_COUNT=00009006 HELPER_ERROR=FFFDB610 HELPER_OUTPUT=FFFDB610
STEP5_BURST_SAMPLE board=DE5 [1-11.2] tag=H003 DCO_RAW=FF6000000F302A20 BURST_RAW=00F34ED9F3080801 STEP=243 BURST_TRIGGER_COUNT=1 FORCED_HPLL_PENDING_COUNT=8 FORCED_HPLL_COMPLETED_COUNT=8 RT_STATE_ENTER_COUNT=243 RUNTIME_START_COUNT=217 BUS_DONE_COUNT=78 PRECLAMP_ERROR=FD711688 PRECLAMP_ERROR_SIGNED=-42920312 RAW_TAG=0025A908 RAW_TAG_SIGNED=2468104 EXPECTED_TAG=06272D80 EXPECTED_TAG_SIGNED=103230848 TAG_DELTA=00003B70 TAG_DELTA_SIGNED=15216 EXPECTED_DELTA=00004000 EXPECTED_DELTA_SIGNED=16384 HELPER_UPDATE_COUNT=00009006 HELPER_ERROR=FFFDB610 HELPER_OUTPUT=0000FFFB
STEP5_BURST_SAMPLE board=DE5 [1-11.2] tag=H004 DCO_RAW=FF6000000F302A20 BURST_RAW=00F34ED9F3080801 STEP=243 BURST_TRIGGER_COUNT=1 FORCED_HPLL_PENDING_COUNT=8 FORCED_HPLL_COMPLETED_COUNT=8 RT_STATE_ENTER_COUNT=243 RUNTIME_START_COUNT=217 BUS_DONE_COUNT=78 PRECLAMP_ERROR=FD711688 PRECLAMP_ERROR_SIGNED=-42920312 RAW_TAG=0025A908 RAW_TAG_SIGNED=2468104 EXPECTED_TAG=06272D80 EXPECTED_TAG_SIGNED=103230848 TAG_DELTA=00003B70 TAG_DELTA_SIGNED=15216 EXPECTED_DELTA=00004000 EXPECTED_DELTA_SIGNED=16384 HELPER_UPDATE_COUNT=00009006 HELPER_ERROR=FFFDB610 HELPER_OUTPUT=0000FFFB
STEP5_BURST_SAMPLE board=DE5 [1-11.2] tag=H005 DCO_RAW=FF6000000F302A20 BURST_RAW=00F34ED9F3080801 STEP=243 BURST_TRIGGER_COUNT=1 FORCED_HPLL_PENDING_COUNT=8 FORCED_HPLL_COMPLETED_COUNT=8 RT_STATE_ENTER_COUNT=243 RUNTIME_START_COUNT=217 BUS_DONE_COUNT=78 PRECLAMP_ERROR=FD27E0A6 PRECLAMP_ERROR_SIGNED=-47718234 RAW_TAG=001F3326 RAW_TAG_SIGNED=2044710 EXPECTED_TAG=04340C80 EXPECTED_TAG_SIGNED=70519936 TAG_DELTA=00003B73 TAG_DELTA_SIGNED=15219 EXPECTED_DELTA=00004000 EXPECTED_DELTA_SIGNED=16384 HELPER_UPDATE_COUNT=0000A011 HELPER_ERROR=FFFDB610 HELPER_OUTPUT=0000FFFB
STEP5_BURST_DELTA board=DE5 [1-11.2] before=B001 after=H005 STEP_BEFORE=243 STEP_AFTER=243 DELTA_STEP=0 DELTA_BURST_TRIGGER_COUNT=0 DELTA_FORCED_HPLL_PENDING_COUNT=0 DELTA_FORCED_HPLL_COMPLETED_COUNT=0 DELTA_RT_STATE_ENTER_COUNT=0 DELTA_RUNTIME_START_COUNT=0 DELTA_BUS_DONE_COUNT=0 PRECLAMP_ERROR_BEFORE=-42920312 PRECLAMP_ERROR_AFTER=-47718234 DELTA_PRECLAMP_ERROR=-4797922 RAW_TAG_BEFORE=2468104 RAW_TAG_AFTER=2044710 DELTA_RAW_TAG=-423394 EXPECTED_TAG_BEFORE=103230848 EXPECTED_TAG_AFTER=70519936 DELTA_EXPECTED_TAG=-32710912 TAG_DELTA_BEFORE=15216 TAG_DELTA_AFTER=15219 DELTA_TAG_DELTA=3 EXPECTED_DELTA_BEFORE=16384 EXPECTED_DELTA_AFTER=16384 DELTA_EXPECTED_DELTA=0 DELTA_HELPER_UPDATE_COUNT=4107
STEP5_HELPER_CORRELATION board=DE5 [1-11.2] COMPLETION_TAG=B001 FIRST_HELPER_TAG=H005 HELPER_UPDATE_SEEN=1 DELTA_HELPER_UPDATE_COUNT=4107
STEP5_BURST_RESULT board=DE5 [1-11.2] BURST_COMPLETED=1 POLL_TAG=B001
STEP5_BURST_EXPECTED board=DE5 [1-11.2] DELTA_BURST_TRIGGER_COUNT=1 DELTA_FORCED_HPLL_PENDING_COUNT=8 DELTA_FORCED_HPLL_COMPLETED_COUNT=8 DELTA_STEP>=8
STEP5_BURST_DONE board=DE5 [1-11.2]
STEP5_JTAG_HPLL_BOUNDED_BURST_AB_DONE
Info (23030): Evaluation of Tcl script scripts/jtag/read_step5_jtag_hpll_bounded_burst_ab.tcl was successful
Info: Quartus Prime SignalTap II was successful. 0 errors, 0 warnings
    Info: Peak virtual memory: 772 megabytes
    Info: Processing ended: Sun Aug 30 02:12:09 2026
    Info: Elapsed time: 00:00:07
    Info: Total CPU time (on all processors): 00:00:00
