Info: *******************************************************************
Info: Running Quartus Prime SignalTap II
    Info: Version 17.0.0 Build 595 04/25/2017 SJ Standard Edition
    Info: Copyright (C) 2017  Intel Corporation. All rights reserved.
    Info: Your use of Intel Corporation's design tools, logic functions 
    Info: and other software and tools, and its AMPP partner logic 
    Info: functions, and any output files from any of the foregoing 
    Info: (including device programming or simulation files), and any 
    Info: associated documentation or information are expressly subject 
    Info: to the terms and conditions of the Intel Program License 
    Info: Subscription Agreement, the Intel Quartus Prime License Agreement,
    Info: the Intel MegaCore Function License Agreement, or other 
    Info: applicable license agreement, including, without limitation, 
    Info: that your use is for the sole purpose of programming logic 
    Info: devices manufactured by Intel and sold by Intel or its 
    Info: authorized distributors.  Please refer to the applicable 
    Info: agreement for further details.
    Info: Processing started: Sat Sep 12 10:53:02 2026
Info: Command: quartus_stp -t scripts/jtag/read_wb_runtime.tcl --raw
Info: Quartus(args): --raw
RAW mailbox completion toggle wb_sync_toggle=1

============================================================
White Rabbit Runtime 診斷：DE5 [1-11.1]
============================================================

## [Step 1] PHY / 光纖 Link
[pass] si_config_done           結果: 1/1
[pass] wr_ready                 結果: 1/1
[pass] core_tm_link_up          結果: 1/1
[pass] core_link_ok             結果: 1/1
[pass] wr_rx_ready              結果: 1/1
[pass] wr_tx_ready              結果: 1/1
[pass] core_phy_rst             結果: 0/0
[pass] si_id_error              結果: 0/0
[pass] wr_rx_enc_err            結果: 0/0
[pass] wr_tx_enc_err            結果: 0/0
[pass] CPU_RESET_n              結果: 1/1
[pass] wr_rx_locked_to_data     結果: 1/1
[info] wr_rx_locked_to_ref      結果: 0/NA
[info] MOD_PRS_n                結果: 0/NA
[info] INTERRUPT_n              結果: 1/NA
Step 1 pass

## [Step 2] Endpoint / MiniNIC / PTP
[pass] EP_MAC_H/EP_MAC_L        結果: 02:00:22:33:44:01/02:00:22:33:44:01
[pass] WDIAGS_MODE              結果: 2 MASTER/2 MASTER
[pass] WDIAGS_PTP               結果: 6 MASTER (raw=01014106)/6 MASTER
[pass] WDIAGS_PTP_RX            結果: Δ=12/Δ>0
RAW WDIAGS_PTP_RX            before=0x000002F0 after=0x000002FC delta=12
[pass] WDIAGS_PTP_TX            結果: Δ=26/Δ>0
RAW WDIAGS_PTP_TX            before=0x000006A5 after=0x000006BF delta=26
[pass] WDIAGS_TX                結果: Δ=35/Δ>0
RAW WDIAGS_TX                before=0x000008AF after=0x000008D2 delta=35
[pass] WDIAGS_RX                結果: Δ=18/Δ>0
RAW WDIAGS_RX                before=0x00000483 after=0x00000495 delta=18
[pass] WDIAGS_RXERR             結果: Δ=0/Δ=0
RAW WDIAGS_RXERR             before=0x00000000 after=0x00000000 delta=0
Step 2 pass

## [Step 3] WR Parent / Signaling
Step 3 NA

## [Step 4A] Master SoftPLL Event Chain
[pass] DMTD_REF_ACCEPT_EVENT    結果: Δ=22837/Δ>=0
RAW DMTD_REF_ACCEPT_EVENT    before=0x008B9CD9 after=0x008BF60E delta=22837
[pass] DMTD_FB_ACCEPT_EVENT     結果: Δ=23470/Δ>=0
RAW DMTD_FB_ACCEPT_EVENT     before=0x0059BD46 after=0x005A18F4 delta=23470
[pass] DMTD_ACCEPT              結果: Δ=46307/Δ>0
[pass] SPLL_TAG_VALID_COUNT     結果: Δ=23477/Δ>0
RAW SPLL_TAG_VALID_COUNT     before=0x001AE6FD after=0x001B42B2 delta=23477
[pass] SPLL_TRR_WRITE_COUNT     結果: Δ=23479/Δ>0
RAW SPLL_TRR_WRITE_COUNT     before=0x001AE728 after=0x001B42DF delta=23479
[pass] WRPC_SPLL_TRR_POP_COUNT  結果: Δ=23241/Δ>0
RAW WRPC_SPLL_TRR_POP_COUNT  before=0x001AE727 after=0x001B41F0 delta=23241
[pass] WDIAGS_IRQ_COUNT         結果: Δ=23241/Δ>0
RAW WDIAGS_IRQ_COUNT         before=0x001AE727 after=0x001B41F0 delta=23241
[pass] WDIAGS_HELPER_UPDATE_COUNT 結果: Δ=23241/Δ>0
RAW WDIAGS_HELPER_UPDATE_COUNT before=0x001AE727 after=0x001B41F0 delta=23241
[pass] BOOT_GENERATION          結果: Δ=0/Δ=0
RAW BOOT_GENERATION          before=0x00000001 after=0x00000001 delta=0
[pass] CPU_RESET_COUNT          結果: Δ=0/Δ=0
RAW CPU_RESET_COUNT          before=0x00000001 after=0x00000001 delta=0
[pass] WR_CORE_RESET_COUNT      結果: Δ=0/Δ=0
RAW WR_CORE_RESET_COUNT      before=0x00000001 after=0x00000001 delta=0
[pass] SI_CONFIG_DROP_COUNT     結果: Δ=0/Δ=0
RAW SI_CONFIG_DROP_COUNT     before=0x00000001 after=0x00000001 delta=0
STEP4A_MASTER_EVENT_CHAIN = PASS
Step 4 pass

## [Step 5] Closed-loop Lock
STEP5_RESULT = NOT_APPLICABLE_MASTER
STEP5_FIRST_INACTIVE_BOUNDARY = SLAVE_ONLY
Step 5 NA (Step5 closed-loop gate is for Slave)

## [Step 6] Global Time
Step 6 NA

============================================================
White Rabbit Runtime 診斷：DE5 [1-11.1]
============================================================
Step 1 PHY / Link             pass
Step 2 Endpoint / PTP         pass
Step 3 WR Handshake           NA
Step 4 Step4A Master Event Chain pass
Step 5 Closed-loop Lock       NA
Step 6 Global Time            NA
STEP1_REGRESSION = PASS
STEP2_REGRESSION = PASS
STEP3_REGRESSION = PASS
STEP4A_RESULT = PASS
STEP5_RESULT = NOT_APPLICABLE_MASTER
STEP5_FIRST_INACTIVE_BOUNDARY = SLAVE_ONLY
FAILURE_CLASSIFICATION = NO_FAILURE_EVIDENCE
============================================================

================ RAW_SNAPSHOT ================
RAW_SNAPSHOT board=DE5 [1-11.1] label=before
  status           = 412C13E139BC82FF
  cpu              = 0000007C000012A4
  marker           = 000000010000B004
  store            = 001AD9330001E718
  store_count      = 000000000D29EB11
  exception        = 8000000B000012A0
  clock            = 002B7CDACCF902D4
  boot_generation  = 00000001
  cpu_reset_count  = 00000001
  wr_core_reset_count = 00000001
  si_config_drop_count = 00000001
  pps_cr           = 01312D06
  pps_escr         = 0000010C
  ep_mach          = 02000200
  ep_macl          = 22334401
  ep_dsr           = 42000000
  ptp              = 01014106
  ptp_rx           = 000002F0
  ptp_tx           = 000006A5
  ptp_meta         = 02020406
  tx               = 000008AF
  rx               = 00000483
  rxerr            = 00000000
  ptp_types        = 01010101
  foreign_meta     = 0000FF00
  filter_meta      = 00000000
  parse_meta       = 000101BD
  wr_rx_signal     = 10000001
  wr_tx_signal     = 10010004
  wr_failure       = 01030001
  wr_state         = A0000064
  wr_reject        = 00000000
  pstat            = 00000001
  sstat            = 00000000
  sec_h            = 00000000
  sec_l            = 000001C6
  ns               = 26D0AD90
  lock_enable      = 00000000
  lock_result      = 00000000
  lock_polls       = 00000000
  lock_unlocked    = 00000000
  lock_calibration_fail = 00000000
  spll_state       = 00020004
  spll_ocer        = 761CAC01
  spll_rcer        = 00000000
  spll_occr        = 5C000161
  spll_trr_csr     = 001AE2A2
  spll_dac_hpll    = 3EE1A56E
  spll_dac_main    = 0000000D
  spll_helper_state = 00060100
  spll_helper_limits = 03E807D0
  spll_main_state  = 00000000
  spll_main_limits = 00320032
  spll_main_phase_limits = 03E804B0
  spll_state_visit_mask = 00000618
  spll_state_transitions = 00000003
  spll_last_state  = 00000004
  spll_init_count  = 00000001
  dmtd_ref         = 008B9CD9
  dmtd_fb          = 0059BD46
  dmtd_ref_high_qual_abort = 0097891E
  dmtd_fb_high_qual_abort = 00151CC6
  tag_valid        = 001AE6FD
  trr_write        = 001AE728
  irq              = 001AE727
  helper_update    = 001AE727
  spll_helper_error = FFFDB610
  spll_helper_output = 0000FFFB
  eic_isr          = FFFF0000
  current_tics     = 0006F6B5
RAW_SNAPSHOT board=DE5 [1-11.1] label=after
  status           = E12C71E139BC82FF
  cpu              = 0000007C000012A8
  marker           = 000000010000B004
  store            = 001B345F0001E718
  store_count      = 000000000D5739C5
  exception        = 8000000B0000129C
  clock            = 002C6245B1B2E844
  boot_generation  = 00000001
  cpu_reset_count  = 00000001
  wr_core_reset_count = 00000001
  si_config_drop_count = 00000001
  pps_cr           = 01312D06
  pps_escr         = 0000010C
  ep_mach          = 02000200
  ep_macl          = 22334401
  ep_dsr           = 42000000
  ptp              = 01014106
  ptp_rx           = 000002FC
  ptp_tx           = 000006BF
  ptp_meta         = 02020406
  tx               = 000008D2
  rx               = 00000495
  rxerr            = 00000000
  ptp_types        = 01010101
  foreign_meta     = 0000FF00
  filter_meta      = 00000000
  parse_meta       = 000101CF
  wr_rx_signal     = 10000001
  wr_tx_signal     = 10010004
  wr_failure       = 01030001
  wr_state         = A0000064
  wr_reject        = 00000000
  pstat            = 00000001
  sstat            = 00000000
  sec_h            = 00000000
  sec_l            = 000001CC
  ns               = 26D53CE8
  lock_enable      = 00000000
  lock_result      = 00000000
  lock_polls       = 00000000
  lock_unlocked    = 00000000
  lock_calibration_fail = 00000000
  spll_state       = 00020004
  spll_ocer        = C0060601
  spll_rcer        = 00000000
  spll_occr        = F1000186
  spll_trr_csr     = 001A3C6A
  spll_dac_hpll    = 6B9648B2
  spll_dac_main    = 0000000D
  spll_helper_state = 00060100
  spll_helper_limits = 03E807D0
  spll_main_state  = 00000000
  spll_main_limits = 00320032
  spll_main_phase_limits = 03E804B0
  spll_state_visit_mask = 00000618
  spll_state_transitions = 00000003
  spll_last_state  = 00000004
  spll_init_count  = 00000001
  dmtd_ref         = 008BF60E
  dmtd_fb          = 005A18F4
  dmtd_ref_high_qual_abort = 009948D0
  dmtd_fb_high_qual_abort = 001564D3
  tag_valid        = 001B42B2
  trr_write        = 001B42DF
  irq              = 001B41F0
  helper_update    = 001B41F0
  spll_helper_error = FFFDB610
  spll_helper_output = 0000FFFB
  eic_isr          = FFFF0000
  current_tics     = 00070E89
RAW mailbox completion toggle wb_sync_toggle=0

============================================================
White Rabbit Runtime 診斷：DE5 [1-11.2]
============================================================

## [Step 1] PHY / 光纖 Link
[pass] si_config_done           結果: 1/1
[pass] wr_ready                 結果: 1/1
[pass] core_tm_link_up          結果: 1/1
[pass] core_link_ok             結果: 1/1
[pass] wr_rx_ready              結果: 1/1
[pass] wr_tx_ready              結果: 1/1
[pass] core_phy_rst             結果: 0/0
[pass] si_id_error              結果: 0/0
[pass] wr_rx_enc_err            結果: 0/0
[pass] wr_tx_enc_err            結果: 0/0
[pass] CPU_RESET_n              結果: 1/1
[pass] wr_rx_locked_to_data     結果: 1/1
[info] wr_rx_locked_to_ref      結果: 0/NA
[info] MOD_PRS_n                結果: 0/NA
[info] INTERRUPT_n              結果: 1/NA
Step 1 pass

## [Step 2] Endpoint / MiniNIC / PTP
[pass] EP_MAC_H/EP_MAC_L        結果: 02:00:22:33:44:02/02:00:22:33:44:02
[pass] WDIAGS_MODE              結果: 3 SLAVE/3 SLAVE
[pass] WDIAGS_PTP               結果: 9 SLAVE (raw=00004109)/9 SLAVE
[pass] WDIAGS_PTP_RX            結果: Δ=26/Δ>0
RAW WDIAGS_PTP_RX            before=0x0000026F after=0x00000289 delta=26
[pass] WDIAGS_PTP_TX            結果: Δ=1/Δ>0
RAW WDIAGS_PTP_TX            before=0x000000AC after=0x000000AD delta=1
[pass] WDIAGS_TX                結果: Δ=19/Δ>0
RAW WDIAGS_TX                before=0x000001C4 after=0x000001D7 delta=19
[pass] WDIAGS_RX                結果: Δ=33/Δ>0
RAW WDIAGS_RX                before=0x00000303 after=0x00000324 delta=33
[pass] WDIAGS_RXERR             結果: Δ=0/Δ=0
RAW WDIAGS_RXERR             before=0x00000000 after=0x00000000 delta=0
Step 2 pass

## [Step 3] WR Parent / Signaling
[pass] WDIAGS_FOREIGN_META      結果: 1/1
[pass] WDIAGS_FOREIGN_META      結果: 0/0
[info] WDIAGS_FOREIGN_META      結果: detection=0 config=3/NA
[pass] parentIsWRnode           結果: 1/1
[info] parentWrModeOn           結果: 0/NA
[pass] parentCalibrated         結果: 1/1
[pass] WR_RX_SIGNAL_DEBUG       結果: LOCK count=1/LOCK 0x1001,count>0
[pass] WR_TX_SIGNAL_DEBUG       結果: SLAVE_PRESENT count=1/SLAVE_PRESENT 0x1000,count>0
[info] WDIAGS_TEMP              結果: WRS_IDLE next=WRS_IDLE POST_STEP3_TIMEOUT/NA
[pass] LOCK_ENABLE              結果: 4/> 0
[info] WR_FAILURE_DEBUG         結果: TIMEOUT last_fail_state=WRS_S_LOCK failure_count=1/NA
Step 3 pass

## [Step 4B] Slave SoftPLL Startup
[pass] LOCK_ENABLE_COUNT        結果: 4/> 0
[pass] SPLL_MODE                結果: 3 (SPLL_MODE_SLAVE)/3 SPLL_MODE_SLAVE
[pass] SPLL_SEQ_STATE           結果: 4 (SEQ_WAIT_HELPER)/active, not 0/7
[pass] SPLL_STATE_VISIT_MASK    結果: 0x00000618/> 0
[pass] SPLL_INIT_COUNT          結果: 1/> 0
[pass] RCER                     結果: 0x00000001/> 0
[pass] OCER                     結果: 0x7D725C01/> 0
[info] SPLL_ALIGN_STATE         結果: 0/NA
[info] SPLL_STATE_TRANSITIONS   結果: 0x00000003/NA
[info] SPLL_LAST_STATE          結果: 4 (SEQ_WAIT_HELPER)/NA
[info] OCCR                     結果: 0xBD0001CF/NA
[pass] DMTD_REF_ACCEPT_EVENT    結果: Δ=23101/Δ>=0
RAW DMTD_REF_ACCEPT_EVENT    before=0x02545D0F after=0x0254B74C delta=23101
[pass] DMTD_FB_ACCEPT_EVENT     結果: Δ=22473/Δ>=0
RAW DMTD_FB_ACCEPT_EVENT     before=0x02863163 after=0x0286892C delta=22473
[pass] DMTD_ACCEPT              結果: Δ=45574/Δ>0
[pass] SPLL_TAG_VALID_COUNT     結果: Δ=45594/Δ>0
RAW SPLL_TAG_VALID_COUNT     before=0x000FDC5D after=0x00108E77 delta=45594
[pass] SPLL_TRR_WRITE_COUNT     結果: Δ=45597/Δ>0
RAW SPLL_TRR_WRITE_COUNT     before=0x000FDCB1 after=0x00108ECE delta=45597
[pass] WRPC_SPLL_TRR_POP_COUNT  結果: Δ=45138/Δ>0
RAW WRPC_SPLL_TRR_POP_COUNT  before=0x000FDC86 after=0x00108CD8 delta=45138
[pass] WDIAGS_IRQ_COUNT         結果: Δ=43979/Δ>0
RAW WDIAGS_IRQ_COUNT         before=0x000F8F53 after=0x00103B1E delta=43979
[pass] WDIAGS_HELPER_UPDATE_COUNT 結果: Δ=23266/Δ>0
RAW WDIAGS_HELPER_UPDATE_COUNT before=0x00047AAB after=0x0004D58D delta=23266
[pass] BOOT_GENERATION          結果: Δ=0/Δ=0
RAW BOOT_GENERATION          before=0x00000001 after=0x00000001 delta=0
[pass] CPU_RESET_COUNT          結果: Δ=0/Δ=0
RAW CPU_RESET_COUNT          before=0x00000001 after=0x00000001 delta=0
[pass] WR_CORE_RESET_COUNT      結果: Δ=0/Δ=0
RAW WR_CORE_RESET_COUNT      before=0x00000001 after=0x00000001 delta=0
[pass] SI_CONFIG_DROP_COUNT     結果: Δ=0/Δ=0
RAW SI_CONFIG_DROP_COUNT     before=0x00000001 after=0x00000001 delta=0
STEP4B_ALLOWED = YES
STEP4B_RESULT = PASS
STEP4B_FIRST_INACTIVE_BOUNDARY = ACTIVE
Step 4B pass
Step 4 pass

## [Step 5] Closed-loop Lock
STEP5_LOCKDET_BEFORE: HELPER locked=0 changed=0 cnt=14/1000 threshold=2000 ref_src=0 MAIN enabled=0 locked=0 freq=0 phase=0 freq_cnt=0/50 phase_cnt=0/1000 PSTAT_locked=0
STEP5_LOCKDET_AFTER: HELPER locked=0 changed=0 cnt=14/1000 threshold=2000 ref_src=0 MAIN enabled=0 locked=0 freq=0 phase=0 freq_cnt=0/50 phase_cnt=0/1000 PSTAT_locked=0
[error] WDIAGS_PSTAT             結果: 0/1
STEP5_RESULT = NEVER_LOCKED
STEP5_FIRST_INACTIVE_BOUNDARY = HELPER_LOCK
Step 5 NA (single window is not stable-lock proof)

## [Step 6] Global Time
Step 6 NA

============================================================
White Rabbit Runtime 診斷：DE5 [1-11.2]
============================================================
Step 1 PHY / Link             pass
Step 2 Endpoint / PTP         pass
Step 3 WR Handshake           pass
Step 4 Step4B Slave SoftPLL Startup pass
Step 5 Closed-loop Lock       NA
Step 6 Global Time            NA
STEP1_REGRESSION = PASS
STEP2_REGRESSION = PASS
STEP3_REGRESSION = PASS
STEP4B_ALLOWED = YES
STEP4B_RESULT = PASS
STEP4B_FIRST_INACTIVE_BOUNDARY = ACTIVE
STEP5_RESULT = NEVER_LOCKED
STEP5_FIRST_INACTIVE_BOUNDARY = HELPER_LOCK
FAILURE_CLASSIFICATION = NO_FAILURE_EVIDENCE
============================================================

================ RAW_SNAPSHOT ================
RAW_SNAPSHOT board=DE5 [1-11.2] label=before
  status           = 3110D96136BC82CF
  cpu              = 0000007C0000129C
  marker           = 000000010000B004
  store            = 000F752F0001E718
  store_count      = 000000000448376F
  exception        = 8000000B00001298
  clock            = 002EAACF9C39AD4A
  boot_generation  = 00000001
  cpu_reset_count  = 00000001
  wr_core_reset_count = 00000001
  si_config_drop_count = 00000001
  pps_cr           = 01312D02
  pps_escr         = 00000100
  ep_mach          = 02000200
  ep_macl          = 22334402
  ep_dsr           = 42000000
  ptp              = 00004109
  ptp_rx           = 0000026F
  ptp_tx           = 000000AC
  ptp_meta         = 03020409
  tx               = 000001C4
  rx               = 00000303
  rxerr            = 00000000
  ptp_types        = 048C458C
  foreign_meta     = 03000001
  filter_meta      = 00000000
  parse_meta       = 0501455A
  wr_rx_signal     = 10010001
  wr_tx_signal     = 10000001
  wr_failure       = 02020001
  wr_state         = A000035C
  wr_reject        = 00000000
  pstat            = 00000001
  sstat            = 00000001
  sec_h            = 00000000
  sec_l            = 000001CD
  ns               = 34203828
  lock_enable      = 00000004
  lock_result      = 00000001
  lock_polls       = 00005B1F
  lock_unlocked    = 00005B1F
  lock_calibration_fail = 00000000
  spll_state       = 00030004
  spll_ocer        = 296F0001
  spll_rcer        = 00000001
  spll_occr        = 060001CE
  spll_trr_csr     = 000ED2AE
  spll_dac_hpll    = 4EFB0384
  spll_dac_main    = 00000004
  spll_helper_state = 000E0000
  spll_helper_limits = 03E807D0
  spll_main_state  = 00000000
  spll_main_limits = 00320032
  spll_main_phase_limits = 03E804B0
  spll_state_visit_mask = 00000618
  spll_state_transitions = 00000003
  spll_last_state  = 00000004
  spll_init_count  = 00000001
  dmtd_ref         = 02545D0F
  dmtd_fb          = 02863163
  dmtd_ref_high_qual_abort = 0018C00F
  dmtd_fb_high_qual_abort = 00076590
  tag_valid        = 000FDC5D
  trr_write        = 000FDCB1
  irq              = 000F8F53
  helper_update    = 00047AAB
  spll_helper_error = FFFDB610
  spll_helper_output = 0000FFFB
  eic_isr          = FFFF0000
  current_tics     = 00024777
RAW_SNAPSHOT board=DE5 [1-11.2] label=after
  status           = D11051E136BC82EF
  cpu              = 0000007C000012AC
  marker           = 000000010000B004
  store            = 001021990001E718
  store_count      = 0000000004808137
  exception        = 8000000B0000129C
  clock            = 002C85D5768C884C
  boot_generation  = 00000001
  cpu_reset_count  = 00000001
  wr_core_reset_count = 00000001
  si_config_drop_count = 00000001
  pps_cr           = 01312D06
  pps_escr         = 00000100
  ep_mach          = 02000200
  ep_macl          = 22334402
  ep_dsr           = 42000000
  ptp              = 00004109
  ptp_rx           = 00000289
  ptp_tx           = 000000AD
  ptp_meta         = 03020409
  tx               = 000001D7
  rx               = 00000324
  rxerr            = 00000000
  ptp_types        = 04924892
  foreign_meta     = 03000001
  filter_meta      = 00000000
  parse_meta       = 05014872
  wr_rx_signal     = 10010001
  wr_tx_signal     = 10000001
  wr_failure       = 02020001
  wr_state         = A000035C
  wr_reject        = 00000000
  pstat            = 00000001
  sstat            = 00000001
  sec_h            = 00000000
  sec_l            = 000001D3
  ns               = 341D0770
  lock_enable      = 00000004
  lock_result      = 00000001
  lock_polls       = 00005B1F
  lock_unlocked    = 00005B1F
  lock_calibration_fail = 00000000
  spll_state       = 00030004
  spll_ocer        = 7D725C01
  spll_rcer        = 00000001
  spll_occr        = BD0001CF
  spll_trr_csr     = 00128408
  spll_dac_hpll    = 7C6E83B8
  spll_dac_main    = 00000004
  spll_helper_state = 000E0000
  spll_helper_limits = 03E807D0
  spll_main_state  = 00000000
  spll_main_limits = 00320032
  spll_main_phase_limits = 03E804B0
  spll_state_visit_mask = 00000618
  spll_state_transitions = 00000003
  spll_last_state  = 00000004
  spll_init_count  = 00000001
  dmtd_ref         = 0254B74C
  dmtd_fb          = 0286892C
  dmtd_ref_high_qual_abort = 0019D94E
  dmtd_fb_high_qual_abort = 0007B988
  tag_valid        = 00108E77
  trr_write        = 00108ECE
  irq              = 00103B1E
  helper_update    = 0004D58D
  spll_helper_error = FFFDB610
  spll_helper_output = 0000FFFB
  eic_isr          = FFFF0000
  current_tics     = 00025F4A

============================================================
JTAG/WB transport health summary
============================================================
WB_TRANSPORT_PROTOCOL = PRELOAD_THEN_TOGGLE_COMMIT
WB_REQUEST_COUNT = 352
PRELOAD_COUNT = 352
COMMIT_COUNT = 352
WB_PROBE_READ_COUNT = 1760
PRELOAD_UNEXPECTED_TRIGGER_COUNT = 0
PROBE_3WAY_MATCH_COUNT = 352
STABLE_RESPONSE_WRONG_COUNT = 0
ADDRESS_CROSS_CONTAMINATION_COUNT = 0
TIMEOUT_COUNT = 0
INVALID_COUNT = 0
STALE_A5A5_COUNT = 0
UNSTABLE_TRANSACTION_COUNT = 0
DMTD_REF_DECREASE_COUNT = 0
DMTD_FB_DECREASE_COUNT = 0
PRELOAD_PROTOCOL_RUNTIME_REVALIDATION = PASS
JTAG_WB_DIAGNOSTIC_PATH = TRUSTED
============================================================

============================================================
STEP4A_RESULT = PASS
STEP4B_ALLOWED = YES
STEP4B_RESULT = PASS
STEP4B_FIRST_INACTIVE_BOUNDARY = ACTIVE
STEP5_RESULT = NOT_APPLICABLE_MASTER
STEP5_FIRST_INACTIVE_BOUNDARY = SLAVE_ONLY
STEP5_RESULT = NEVER_LOCKED
STEP5_FIRST_INACTIVE_BOUNDARY = HELPER_LOCK
============================================================
Info (23030): Evaluation of Tcl script scripts/jtag/read_wb_runtime.tcl was successful
Info: Quartus Prime SignalTap II was successful. 0 errors, 0 warnings
    Info: Peak virtual memory: 776 megabytes
    Info: Processing ended: Sat Sep 12 10:53:17 2026
    Info: Elapsed time: 00:00:15
    Info: Total CPU time (on all processors): 00:00:00
