Info: *******************************************************************
Info: Running Quartus Prime SignalTap II
    Info: Version 17.0.0 Build 595 04/25/2017 SJ Standard Edition
    Info: Copyright (C) 2017  Intel Corporation. All rights reserved.
    Info: Your use of Intel Corporation's design tools, logic functions 
    Info: and other software and tools, and its AMPP partner logic 
    Info: functions, and any output files from any of the foregoing 
    Info: (including device programming or simulation files), and any 
    Info: associated documentation or information are expressly subject 
    Info: to the terms and conditions of the Intel Program License 
    Info: Subscription Agreement, the Intel Quartus Prime License Agreement,
    Info: the Intel MegaCore Function License Agreement, or other 
    Info: applicable license agreement, including, without limitation, 
    Info: that your use is for the sole purpose of programming logic 
    Info: devices manufactured by Intel and sold by Intel or its 
    Info: authorized distributors.  Please refer to the applicable 
    Info: agreement for further details.
    Info: Processing started: Mon Aug 31 04:07:39 2026
Info: Command: quartus_stp -t /home/b10504072/04_WR/scripts/jtag/read_wb_runtime.tcl --raw
Info: Quartus(args): --raw
RAW mailbox completion toggle wb_sync_toggle=1

============================================================
White Rabbit Runtime 診斷：DE5 [1-11.1]
============================================================

## [Step 1] PHY / 光纖 Link
[pass] si_config_done           結果: 1/1
[pass] wr_ready                 結果: 1/1
[pass] core_tm_link_up          結果: 1/1
[pass] core_link_ok             結果: 1/1
[pass] wr_rx_ready              結果: 1/1
[pass] wr_tx_ready              結果: 1/1
[pass] core_phy_rst             結果: 0/0
[pass] si_id_error              結果: 0/0
[pass] wr_rx_enc_err            結果: 0/0
[pass] wr_tx_enc_err            結果: 0/0
[pass] CPU_RESET_n              結果: 1/1
[pass] wr_rx_locked_to_data     結果: 1/1
[info] wr_rx_locked_to_ref      結果: 0/NA
[info] MOD_PRS_n                結果: 0/NA
[info] INTERRUPT_n              結果: 1/NA
Step 1 pass

## [Step 2] Endpoint / MiniNIC / PTP
[pass] EP_MAC_H/EP_MAC_L        結果: 02:00:22:33:44:01/02:00:22:33:44:01
[pass] WDIAGS_MODE              結果: 2 MASTER/2 MASTER
[pass] WDIAGS_PTP               結果: 6 MASTER (raw=01014106)/6 MASTER
[pass] WDIAGS_PTP_RX            結果: Δ=14/Δ>0
RAW WDIAGS_PTP_RX            before=0x00004C99 after=0x00004CA7 delta=14
[pass] WDIAGS_PTP_TX            結果: Δ=29/Δ>0
RAW WDIAGS_PTP_TX            before=0x0000ACC6 after=0x0000ACE3 delta=29
[pass] WDIAGS_TX                結果: Δ=35/Δ>0
RAW WDIAGS_TX                before=0x0000DAF7 after=0x0000DB1A delta=35
[pass] WDIAGS_RX                結果: Δ=20/Δ>0
RAW WDIAGS_RX                before=0x00007316 after=0x0000732A delta=20
[pass] WDIAGS_RXERR             結果: Δ=0/Δ=0
RAW WDIAGS_RXERR             before=0x00000000 after=0x00000000 delta=0
Step 2 pass

## [Step 3] WR Parent / Signaling
Step 3 NA

## [Step 4A] Master SoftPLL Event Chain
[pass] DMTD_REF_ACCEPT_EVENT    結果: Δ=23819/Δ>=0
RAW DMTD_REF_ACCEPT_EVENT    before=0x02F2E855 after=0x02F34560 delta=23819
[pass] DMTD_FB_ACCEPT_EVENT     結果: Δ=22209/Δ>=0
RAW DMTD_FB_ACCEPT_EVENT     before=0x0299F273 after=0x029A4934 delta=22209
[pass] DMTD_ACCEPT              結果: Δ=46028/Δ>0
[pass] SPLL_TAG_VALID_COUNT     結果: Δ=22209/Δ>0
RAW SPLL_TAG_VALID_COUNT     before=0x025AA707 after=0x025AFDC8 delta=22209
[pass] SPLL_TRR_WRITE_COUNT     結果: Δ=22209/Δ>0
RAW SPLL_TRR_WRITE_COUNT     before=0x025AA71E after=0x025AFDDF delta=22209
[pass] WRPC_SPLL_TRR_POP_COUNT  結果: Δ=22000/Δ>0
RAW WRPC_SPLL_TRR_POP_COUNT  before=0x025AA6FE after=0x025AFCEE delta=22000
[pass] WDIAGS_IRQ_COUNT         結果: Δ=22000/Δ>0
RAW WDIAGS_IRQ_COUNT         before=0x025AA6FE after=0x025AFCEE delta=22000
[pass] WDIAGS_HELPER_UPDATE_COUNT 結果: Δ=22000/Δ>0
RAW WDIAGS_HELPER_UPDATE_COUNT before=0x025AA6FE after=0x025AFCEE delta=22000
[pass] BOOT_GENERATION          結果: Δ=0/Δ=0
RAW BOOT_GENERATION          before=0x00000001 after=0x00000001 delta=0
[pass] CPU_RESET_COUNT          結果: Δ=0/Δ=0
RAW CPU_RESET_COUNT          before=0x00000001 after=0x00000001 delta=0
[pass] WR_CORE_RESET_COUNT      結果: Δ=0/Δ=0
RAW WR_CORE_RESET_COUNT      before=0x00000001 after=0x00000001 delta=0
[pass] SI_CONFIG_DROP_COUNT     結果: Δ=0/Δ=0
RAW SI_CONFIG_DROP_COUNT     before=0x00000001 after=0x00000001 delta=0
STEP4A_MASTER_EVENT_CHAIN = PASS
Step 4 pass

## [Step 5] Closed-loop Lock
STEP5_RESULT = NOT_APPLICABLE_MASTER
STEP5_FIRST_INACTIVE_BOUNDARY = SLAVE_ONLY
Step 5 NA (Step5 closed-loop gate is for Slave)

## [Step 6] Global Time
Step 6 NA

============================================================
White Rabbit Runtime 診斷：DE5 [1-11.1]
============================================================
Step 1 PHY / Link             pass
Step 2 Endpoint / PTP         pass
Step 3 WR Handshake           NA
Step 4 Step4A Master Event Chain pass
Step 5 Closed-loop Lock       NA
Step 6 Global Time            NA
STEP1_REGRESSION = PASS
STEP2_REGRESSION = PASS
STEP3_REGRESSION = PASS
STEP4A_RESULT = PASS
STEP5_RESULT = NOT_APPLICABLE_MASTER
STEP5_FIRST_INACTIVE_BOUNDARY = SLAVE_ONLY
FAILURE_CLASSIFICATION = NO_FAILURE_EVIDENCE
============================================================

================ RAW_SNAPSHOT ================
RAW_SNAPSHOT board=DE5 [1-11.1] label=before
  status           = 911092C324D082FF
  cpu              = 0000007C0000A778
  marker           = 000000010000B004
  store            = 000000000001EC88
  store_count      = 000000006FC5C4A4
  exception        = 8000000B00018F00
  clock            = 002C69596E14237C
  boot_generation  = 00000001
  cpu_reset_count  = 00000001
  wr_core_reset_count = 00000001
  si_config_drop_count = 00000001
  pps_cr           = 01312D06
  pps_escr         = 0000260C
  ep_mach          = 02000200
  ep_macl          = 22334401
  ep_dsr           = 42000000
  ptp              = 01014106
  ptp_rx           = 00004C99
  ptp_tx           = 0000ACC6
  ptp_meta         = 02020406
  tx               = 0000DAF7
  rx               = 00007316
  rxerr            = 00000000
  ptp_types        = 01020202
  foreign_meta     = 00000001
  filter_meta      = 00000000
  parse_meta       = 000102E5
  wr_rx_signal     = 10000001
  wr_tx_signal     = 10010004
  wr_failure       = 01030001
  wr_state         = A0000064
  wr_reject        = 00000000
  pstat            = 00000001
  sstat            = 00000000
  sec_h            = 00000000
  sec_l            = 00002691
  ns               = 21381108
  lock_enable      = 00000000
  lock_result      = 00000000
  lock_polls       = 00000000
  lock_unlocked    = 00000000
  lock_calibration_fail = 00000000
  spll_state       = 00020004
  spll_ocer        = 9A9D9401
  spll_rcer        = 00000000
  spll_occr        = FF0001FF
  spll_trr_csr     = 021AA2DE
  spll_dac_hpll    = 5E412A85
  spll_dac_main    = 0000011F
  spll_helper_state = 00030100
  spll_helper_limits = 271000C8
  spll_main_state  = 00000000
  spll_main_limits = 00320032
  spll_main_phase_limits = 03E804B0
  spll_state_visit_mask = 00000618
  spll_state_transitions = 00000003
  spll_last_state  = 00000004
  spll_init_count  = 00000001
  dmtd_ref         = 02F2E855
  dmtd_fb          = 0299F273
  dmtd_ref_high_qual_abort = 1528EC8A
  dmtd_fb_high_qual_abort = 12EF296D
  tag_valid        = 025AA707
  trr_write        = 025AA71E
  irq              = 025AA6FE
  helper_update    = 025AA6FE
  spll_helper_error = 000249F0
  spll_helper_output = 00000005
  eic_isr          = FFFF0000
  current_tics     = 0096AE18
RAW_SNAPSHOT board=DE5 [1-11.1] label=after
  status           = A110926134FC82FF
  cpu              = 0000007C00018DB0
  marker           = 000000010000B004
  store            = 370933980001DC90
  store_count      = 000000007121F185
  exception        = 8000000B00018E50
  clock            = 002CBCFFC1007716
  boot_generation  = 00000001
  cpu_reset_count  = 00000001
  wr_core_reset_count = 00000001
  si_config_drop_count = 00000001
  pps_cr           = 01312D06
  pps_escr         = 0000260C
  ep_mach          = 02000200
  ep_macl          = 22334401
  ep_dsr           = 42000000
  ptp              = 01014106
  ptp_rx           = 00004CA7
  ptp_tx           = 0000ACE3
  ptp_meta         = 02020406
  tx               = 0000DB1A
  rx               = 0000732A
  rxerr            = 00000000
  ptp_types        = 01020202
  foreign_meta     = 00000001
  filter_meta      = 00000000
  parse_meta       = 000102FA
  wr_rx_signal     = 10000001
  wr_tx_signal     = 10010004
  wr_failure       = 01030001
  wr_state         = A0000064
  wr_reject        = 00000000
  pstat            = 00000001
  sstat            = 00000000
  sec_h            = 00000000
  sec_l            = 00002697
  ns               = 09620748
  lock_enable      = 00000000
  lock_result      = 00000000
  lock_polls       = 00000000
  lock_unlocked    = 00000000
  lock_calibration_fail = 00000000
  spll_state       = 00020004
  spll_ocer        = 4EEEF001
  spll_rcer        = 00000000
  spll_occr        = FF0001FF
  spll_trr_csr     = 021AFA5E
  spll_dac_hpll    = 87FA72E3
  spll_dac_main    = 0000011F
  spll_helper_state = 00030100
  spll_helper_limits = 271000C8
  spll_main_state  = 00000000
  spll_main_limits = 00320032
  spll_main_phase_limits = 03E804B0
  spll_state_visit_mask = 00000618
  spll_state_transitions = 00000003
  spll_last_state  = 00000004
  spll_init_count  = 00000001
  dmtd_ref         = 02F34560
  dmtd_fb          = 029A4934
  dmtd_ref_high_qual_abort = 152BF642
  dmtd_fb_high_qual_abort = 12F1E2C1
  tag_valid        = 025AFDC8
  trr_write        = 025AFDDF
  irq              = 025AFCEE
  helper_update    = 025AFCEE
  spll_helper_error = 000249F0
  spll_helper_output = 00000005
  eic_isr          = FFFF0000
  current_tics     = 0096C3F8
RAW mailbox completion toggle wb_sync_toggle=1

============================================================
White Rabbit Runtime 診斷：DE5 [1-11.2]
============================================================

## [Step 1] PHY / 光纖 Link
[pass] si_config_done           結果: 1/1
[pass] wr_ready                 結果: 1/1
[pass] core_tm_link_up          結果: 1/1
[pass] core_link_ok             結果: 1/1
[pass] wr_rx_ready              結果: 1/1
[pass] wr_tx_ready              結果: 1/1
[pass] core_phy_rst             結果: 0/0
[pass] si_id_error              結果: 0/0
[pass] wr_rx_enc_err            結果: 0/0
[pass] wr_tx_enc_err            結果: 0/0
[pass] CPU_RESET_n              結果: 1/1
[pass] wr_rx_locked_to_data     結果: 1/1
[info] wr_rx_locked_to_ref      結果: 0/NA
[info] MOD_PRS_n                結果: 0/NA
[info] INTERRUPT_n              結果: 1/NA
Step 1 pass

## [Step 2] Endpoint / MiniNIC / PTP
[pass] EP_MAC_H/EP_MAC_L        結果: 02:00:22:33:44:02/02:00:22:33:44:02
[pass] WDIAGS_MODE              結果: 3 SLAVE/3 SLAVE
[pass] WDIAGS_PTP               結果: 9 SLAVE (raw=00004109)/9 SLAVE
[pass] WDIAGS_PTP_RX            結果: Δ=27/Δ>0
RAW WDIAGS_PTP_RX            before=0x0000AD11 after=0x0000AD2C delta=27
[pass] WDIAGS_PTP_TX            結果: Δ=1/Δ>0
RAW WDIAGS_PTP_TX            before=0x00001747 after=0x00001748 delta=1
[pass] WDIAGS_TX                結果: Δ=18/Δ>0
RAW WDIAGS_TX                before=0x00007B3C after=0x00007B4E delta=18
[pass] WDIAGS_RX                結果: Δ=32/Δ>0
RAW WDIAGS_RX                before=0x0000D3A8 after=0x0000D3C8 delta=32
[pass] WDIAGS_RXERR             結果: Δ=0/Δ=0
RAW WDIAGS_RXERR             before=0x00000000 after=0x00000000 delta=0
Step 2 pass

## [Step 3] WR Parent / Signaling
[pass] WDIAGS_FOREIGN_META      結果: 1/1
[pass] WDIAGS_FOREIGN_META      結果: 0/0
[info] WDIAGS_FOREIGN_META      結果: detection=0 config=3/NA
[pass] parentIsWRnode           結果: 1/1
[info] parentWrModeOn           結果: 0/NA
[pass] parentCalibrated         結果: 1/1
[pass] WR_RX_SIGNAL_DEBUG       結果: LOCK count=1/LOCK 0x1001,count>0
[pass] WR_TX_SIGNAL_DEBUG       結果: SLAVE_PRESENT count=1/SLAVE_PRESENT 0x1000,count>0
[info] WDIAGS_TEMP              結果: WRS_IDLE next=WRS_IDLE POST_STEP3_TIMEOUT/NA
[pass] LOCK_ENABLE              結果: 4/> 0
[info] WR_FAILURE_DEBUG         結果: TIMEOUT last_fail_state=WRS_S_LOCK failure_count=1/NA
Step 3 pass

## [Step 4B] Slave SoftPLL Startup
[pass] LOCK_ENABLE_COUNT        結果: 4/> 0
[pass] SPLL_MODE                結果: 3 (SPLL_MODE_SLAVE)/3 SPLL_MODE_SLAVE
[pass] SPLL_SEQ_STATE           結果: 4 (SEQ_WAIT_HELPER)/active, not 0/7
[pass] SPLL_STATE_VISIT_MASK    結果: 0x00000618/> 0
[pass] SPLL_INIT_COUNT          結果: 1/> 0
[pass] RCER                     結果: 0x00000001/> 0
[pass] OCER                     結果: 0xF4539601/> 0
[info] SPLL_ALIGN_STATE         結果: 0/NA
[info] SPLL_STATE_TRANSITIONS   結果: 0x00000003/NA
[info] SPLL_LAST_STATE          結果: 4 (SEQ_WAIT_HELPER)/NA
[info] OCCR                     結果: 0xFF0001FF/NA
[pass] DMTD_REF_ACCEPT_EVENT    結果: Δ=20577/Δ>=0
RAW DMTD_REF_ACCEPT_EVENT    before=0x048A9D06 after=0x048AED67 delta=20577
[pass] DMTD_FB_ACCEPT_EVENT     結果: Δ=22185/Δ>=0
RAW DMTD_FB_ACCEPT_EVENT     before=0x04D727DA after=0x04D77E83 delta=22185
[pass] DMTD_ACCEPT              結果: Δ=42762/Δ>0
[pass] SPLL_TAG_VALID_COUNT     結果: Δ=42763/Δ>0
RAW SPLL_TAG_VALID_COUNT     before=0x04938494 after=0x04942B9F delta=42763
[pass] SPLL_TRR_WRITE_COUNT     結果: Δ=42763/Δ>0
RAW SPLL_TRR_WRITE_COUNT     before=0x049384BF after=0x04942BCA delta=42763
[pass] WRPC_SPLL_TRR_POP_COUNT  結果: Δ=43176/Δ>0
RAW WRPC_SPLL_TRR_POP_COUNT  before=0x04938246 after=0x04942AEE delta=43176
[pass] WDIAGS_IRQ_COUNT         結果: Δ=42311/Δ>0
RAW WDIAGS_IRQ_COUNT         before=0x047BCC79 after=0x047C71C0 delta=42311
[pass] WDIAGS_HELPER_UPDATE_COUNT 結果: Δ=20776/Δ>0
RAW WDIAGS_HELPER_UPDATE_COUNT before=0x02371BB1 after=0x02376CD9 delta=20776
[pass] BOOT_GENERATION          結果: Δ=0/Δ=0
RAW BOOT_GENERATION          before=0x00000001 after=0x00000001 delta=0
[pass] CPU_RESET_COUNT          結果: Δ=0/Δ=0
RAW CPU_RESET_COUNT          before=0x00000001 after=0x00000001 delta=0
[pass] WR_CORE_RESET_COUNT      結果: Δ=0/Δ=0
RAW WR_CORE_RESET_COUNT      before=0x00000001 after=0x00000001 delta=0
[pass] SI_CONFIG_DROP_COUNT     結果: Δ=0/Δ=0
RAW SI_CONFIG_DROP_COUNT     before=0x00000001 after=0x00000001 delta=0
STEP4B_ALLOWED = YES
STEP4B_RESULT = PASS
STEP4B_FIRST_INACTIVE_BOUNDARY = ACTIVE
Step 4B pass
Step 4 pass

## [Step 5] Closed-loop Lock
STEP5_LOCKDET_BEFORE: HELPER locked=0 changed=0 cnt=3/10000 threshold=200 ref_src=0 MAIN enabled=0 locked=0 freq=0 phase=0 freq_cnt=0/50 phase_cnt=0/1000 PSTAT_locked=0
STEP5_LOCKDET_AFTER: HELPER locked=0 changed=0 cnt=3/10000 threshold=200 ref_src=0 MAIN enabled=0 locked=0 freq=0 phase=0 freq_cnt=0/50 phase_cnt=0/1000 PSTAT_locked=0
[error] WDIAGS_PSTAT             結果: 0/1
STEP5_RESULT = NEVER_LOCKED
STEP5_FIRST_INACTIVE_BOUNDARY = HELPER_LOCK
Step 5 NA (single window is not stable-lock proof)

## [Step 6] Global Time
Step 6 NA

============================================================
White Rabbit Runtime 診斷：DE5 [1-11.2]
============================================================
Step 1 PHY / Link             pass
Step 2 Endpoint / PTP         pass
Step 3 WR Handshake           pass
Step 4 Step4B Slave SoftPLL Startup pass
Step 5 Closed-loop Lock       NA
Step 6 Global Time            NA
STEP1_REGRESSION = PASS
STEP2_REGRESSION = PASS
STEP3_REGRESSION = PASS
STEP4B_ALLOWED = YES
STEP4B_RESULT = PASS
STEP4B_FIRST_INACTIVE_BOUNDARY = ACTIVE
STEP5_RESULT = NEVER_LOCKED
STEP5_FIRST_INACTIVE_BOUNDARY = HELPER_LOCK
FAILURE_CLASSIFICATION = NO_FAILURE_EVIDENCE
============================================================

================ RAW_SNAPSHOT ================
RAW_SNAPSHOT board=DE5 [1-11.2] label=before
  status           = 511E48E332BC82CF
  cpu              = 0000007C00018EFC
  marker           = 000000010000B004
  store            = 000013550001EB08
  store_count      = 00000000A96F573C
  exception        = 8000000B0000A0A8
  clock            = 002D7523BC127657
  boot_generation  = 00000001
  cpu_reset_count  = 00000001
  wr_core_reset_count = 00000001
  si_config_drop_count = 00000001
  pps_cr           = 01312D02
  pps_escr         = 00002600
  ep_mach          = 02000200
  ep_macl          = 22334402
  ep_dsr           = 42000000
  ptp              = 00004109
  ptp_rx           = 0000AD11
  ptp_tx           = 00001747
  ptp_meta         = 03020409
  tx               = 00007B3C
  rx               = 0000D3A8
  rxerr            = 00000000
  ptp_types        = 04804080
  foreign_meta     = 03000001
  filter_meta      = 00000000
  parse_meta       = 0501406E
  wr_rx_signal     = 10010001
  wr_tx_signal     = 10000001
  wr_failure       = 02020001
  wr_state         = A000035C
  wr_reject        = 00000000
  pstat            = 00000001
  sstat            = 00000001
  sec_h            = 00000000
  sec_l            = 00002697
  ns               = 30355A78
  lock_enable      = 00000004
  lock_result      = 00000001
  lock_polls       = 000D783A
  lock_unlocked    = 000D783A
  lock_calibration_fail = 00000000
  spll_state       = 00030004
  spll_ocer        = 97524601
  spll_rcer        = 00000001
  spll_occr        = FF0001FF
  spll_trr_csr     = 04927E42
  spll_dac_hpll    = 5E78BBE2
  spll_dac_main    = 00000120
  spll_helper_state = 00030000
  spll_helper_limits = 271000C8
  spll_main_state  = 00000000
  spll_main_limits = 00320032
  spll_main_phase_limits = 03E804B0
  spll_state_visit_mask = 00000618
  spll_state_transitions = 00000003
  spll_last_state  = 00000004
  spll_init_count  = 00000001
  dmtd_ref         = 048A9D06
  dmtd_fb          = 04D727DA
  dmtd_ref_high_qual_abort = 0E01CEA2
  dmtd_fb_high_qual_abort = 026D89E5
  tag_valid        = 04938494
  trr_write        = 049384BF
  irq              = 047BCC79
  helper_update    = 02371BB1
  spll_helper_error = 000249F0
  spll_helper_output = 00000005
  eic_isr          = FFFF0000
  current_tics     = 0097498A
RAW_SNAPSHOT board=DE5 [1-11.2] label=after
  status           = 511E48E132BC82EF
  cpu              = 0000007C00018E88
  marker           = 000000010000B004
  store            = 0001E0000002FF7C
  store_count      = 00000000AAD12ACA
  exception        = 8000000B0000A10C
  clock            = 0038BF1C056AC05C
  boot_generation  = 00000001
  cpu_reset_count  = 00000001
  wr_core_reset_count = 00000001
  si_config_drop_count = 00000001
  pps_cr           = 01312D06
  pps_escr         = 00002600
  ep_mach          = 02000200
  ep_macl          = 22334402
  ep_dsr           = 42000000
  ptp              = 00004109
  ptp_rx           = 0000AD2C
  ptp_tx           = 00001748
  ptp_meta         = 03020409
  tx               = 00007B4E
  rx               = 0000D3C8
  rxerr            = 00000000
  ptp_types        = 04864386
  foreign_meta     = 03000001
  filter_meta      = 00000000
  parse_meta       = 0501438A
  wr_rx_signal     = 10010001
  wr_tx_signal     = 10000001
  wr_failure       = 02020001
  wr_state         = A000035C
  wr_reject        = 00000000
  pstat            = 00000001
  sstat            = 00000001
  sec_h            = 00000000
  sec_l            = 0000269D
  ns               = 1268F268
  lock_enable      = 00000004
  lock_result      = 00000001
  lock_polls       = 000D783A
  lock_unlocked    = 000D783A
  lock_calibration_fail = 00000000
  spll_state       = 00030004
  spll_ocer        = F4539601
  spll_rcer        = 00000001
  spll_occr        = FF0001FF
  spll_trr_csr     = 049624E8
  spll_dac_hpll    = 87732E0C
  spll_dac_main    = 00000120
  spll_helper_state = 00030000
  spll_helper_limits = 271000C8
  spll_main_state  = 00000000
  spll_main_limits = 00320032
  spll_main_phase_limits = 03E804B0
  spll_state_visit_mask = 00000618
  spll_state_transitions = 00000003
  spll_last_state  = 00000004
  spll_init_count  = 00000001
  dmtd_ref         = 048AED67
  dmtd_fb          = 04D77E83
  dmtd_ref_high_qual_abort = 0E02755F
  dmtd_fb_high_qual_abort = 026DE296
  tag_valid        = 04942B9F
  trr_write        = 04942BCA
  irq              = 047C71C0
  helper_update    = 02376CD9
  spll_helper_error = 000249F0
  spll_helper_output = 00000005
  eic_isr          = FFFF0000
  current_tics     = 00975F06

============================================================
STEP4A_RESULT = PASS
STEP4B_ALLOWED = YES
STEP4B_RESULT = PASS
STEP4B_FIRST_INACTIVE_BOUNDARY = ACTIVE
STEP5_RESULT = NOT_APPLICABLE_MASTER
STEP5_FIRST_INACTIVE_BOUNDARY = SLAVE_ONLY
STEP5_RESULT = NEVER_LOCKED
STEP5_FIRST_INACTIVE_BOUNDARY = HELPER_LOCK
============================================================
Info (23030): Evaluation of Tcl script /home/b10504072/04_WR/scripts/jtag/read_wb_runtime.tcl was successful
Info: Quartus Prime SignalTap II was successful. 0 errors, 0 warnings
    Info: Peak virtual memory: 776 megabytes
    Info: Processing ended: Mon Aug 31 04:07:52 2026
    Info: Elapsed time: 00:00:13
    Info: Total CPU time (on all processors): 00:00:00
