nohup: ignoring input
Info: *******************************************************************
Info: Running Quartus Prime Signal Tap
    Info: Version 21.3.0 Build 170 09/23/2021 SC Pro Edition
    Info: Copyright (C) 2021  Intel Corporation. All rights reserved.
    Info: Your use of Intel Corporation's design tools, logic functions 
    Info: and other software and tools, and any partner logic 
    Info: functions, and any output files from any of the foregoing 
    Info: (including device programming or simulation files), and any 
    Info: associated documentation or information are expressly subject 
    Info: to the terms and conditions of the Intel Program License 
    Info: Subscription Agreement, the Intel Quartus Prime License Agreement,
    Info: the Intel FPGA IP License Agreement, or other applicable license
    Info: agreement, including, without limitation, that your use is for
    Info: the sole purpose of programming logic devices manufactured by
    Info: Intel and sold by Intel or its authorized distributors.  Please
    Info: refer to the applicable agreement for further details, at
    Info: https://fpgasoftware.intel.com/eula.
    Info: Processing started: Wed Sep  2 08:47:14 2026
    Info: System process ID: 3185620
Info: Command: quartus_stp -t scripts/jtag/read_wb_runtime.tcl --raw
Info: Quartus(args): --raw
RAW mailbox completion toggle wb_sync_toggle=0

============================================================
White Rabbit Runtime 診斷：DE5 [1-11.1]
============================================================

## [Step 1] PHY / 光纖 Link
[pass] si_config_done           結果: 1/1
[pass] wr_ready                 結果: 1/1
[pass] core_tm_link_up          結果: 1/1
[pass] core_link_ok             結果: 1/1
[pass] wr_rx_ready              結果: 1/1
[pass] wr_tx_ready              結果: 1/1
[pass] core_phy_rst             結果: 0/0
[pass] si_id_error              結果: 0/0
[pass] wr_rx_enc_err            結果: 0/0
[pass] wr_tx_enc_err            結果: 0/0
[pass] CPU_RESET_n              結果: 1/1
[pass] wr_rx_locked_to_data     結果: 1/1
[info] wr_rx_locked_to_ref      結果: 0/NA
[info] MOD_PRS_n                結果: 0/NA
[info] INTERRUPT_n              結果: 1/NA
Step 1 pass

## [Step 2] Endpoint / MiniNIC / PTP
[pass] EP_MAC_H/EP_MAC_L        結果: 02:00:22:33:44:01/02:00:22:33:44:01
[pass] WDIAGS_MODE              結果: 2 MASTER/2 MASTER
[pass] WDIAGS_PTP               結果: 6 MASTER (raw=01014106)/6 MASTER
[pass] WDIAGS_PTP_RX            結果: Δ=15/Δ>0
RAW WDIAGS_PTP_RX            before=0x000002F8 after=0x00000307 delta=15
[pass] WDIAGS_PTP_TX            結果: Δ=30/Δ>0
RAW WDIAGS_PTP_TX            before=0x0000069E after=0x000006BC delta=30
[pass] WDIAGS_TX                結果: Δ=38/Δ>0
RAW WDIAGS_TX                before=0x00000869 after=0x0000088F delta=38
[pass] WDIAGS_RX                結果: Δ=22/Δ>0
RAW WDIAGS_RX                before=0x00000476 after=0x0000048C delta=22
[pass] WDIAGS_RXERR             結果: Δ=0/Δ=0
RAW WDIAGS_RXERR             before=0x00000000 after=0x00000000 delta=0
Step 2 pass

## [Step 3] WR Parent / Signaling
Step 3 NA

## [Step 4A] Master SoftPLL Event Chain
[pass] DMTD_REF_ACCEPT_EVENT    結果: Δ=25428/Δ>=0
RAW DMTD_REF_ACCEPT_EVENT    before=0x0024B6F7 after=0x00251A4B delta=25428
[pass] DMTD_FB_ACCEPT_EVENT     結果: Δ=24394/Δ>=0
RAW DMTD_FB_ACCEPT_EVENT     before=0x0057AEB5 after=0x00580DFF delta=24394
[pass] DMTD_ACCEPT              結果: Δ=49822/Δ>0
[pass] SPLL_TAG_VALID_COUNT     結果: Δ=24392/Δ>0
RAW SPLL_TAG_VALID_COUNT     before=0x00188D11 after=0x0018EC59 delta=24392
[pass] SPLL_TRR_WRITE_COUNT     結果: Δ=24394/Δ>0
RAW SPLL_TRR_WRITE_COUNT     before=0x00188D3F after=0x0018EC89 delta=24394
[pass] WRPC_SPLL_TRR_POP_COUNT  結果: Δ=24402/Δ>0
RAW WRPC_SPLL_TRR_POP_COUNT  before=0x00188CFE after=0x0018EC50 delta=24402
[pass] WDIAGS_IRQ_COUNT         結果: Δ=24402/Δ>0
RAW WDIAGS_IRQ_COUNT         before=0x00188CFE after=0x0018EC50 delta=24402
[pass] WDIAGS_HELPER_UPDATE_COUNT 結果: Δ=24402/Δ>0
RAW WDIAGS_HELPER_UPDATE_COUNT before=0x00188CFE after=0x0018EC50 delta=24402
[pass] BOOT_GENERATION          結果: Δ=0/Δ=0
RAW BOOT_GENERATION          before=0x00000001 after=0x00000001 delta=0
[pass] CPU_RESET_COUNT          結果: Δ=0/Δ=0
RAW CPU_RESET_COUNT          before=0x00000001 after=0x00000001 delta=0
[pass] WR_CORE_RESET_COUNT      結果: Δ=0/Δ=0
RAW WR_CORE_RESET_COUNT      before=0x00000001 after=0x00000001 delta=0
[pass] SI_CONFIG_DROP_COUNT     結果: Δ=0/Δ=0
RAW SI_CONFIG_DROP_COUNT     before=0x00000001 after=0x00000001 delta=0
STEP4A_MASTER_EVENT_CHAIN = PASS
Step 4 pass

## [Step 5] Closed-loop Lock
STEP5_RESULT = NOT_APPLICABLE_MASTER
STEP5_FIRST_INACTIVE_BOUNDARY = SLAVE_ONLY
Step 5 NA (Step5 closed-loop gate is for Slave)

## [Step 6] Global Time
Step 6 NA

============================================================
White Rabbit Runtime 診斷：DE5 [1-11.1]
============================================================
Step 1 PHY / Link             pass
Step 2 Endpoint / PTP         pass
Step 3 WR Handshake           NA
Step 4 Step4A Master Event Chain pass
Step 5 Closed-loop Lock       NA
Step 6 Global Time            NA
STEP1_REGRESSION = PASS
STEP2_REGRESSION = PASS
STEP3_REGRESSION = PASS
STEP4A_RESULT = PASS
STEP5_RESULT = NOT_APPLICABLE_MASTER
STEP5_FIRST_INACTIVE_BOUNDARY = SLAVE_ONLY
FAILURE_CLASSIFICATION = NO_FAILURE_EVIDENCE
============================================================

================ RAW_SNAPSHOT ================
RAW_SNAPSHOT board=DE5 [1-11.1] label=before
  status           = D1105B41225082FF
  cpu              = 0000007C00001228
  marker           = 000000010000B004
  store            = 00187E490001DFB0
  store_count      = 000000000A550539
  exception        = 8000000B00001224
  clock            = 002ABCCE8BADBCD2
  boot_generation  = 00000001
  cpu_reset_count  = 00000001
  wr_core_reset_count = 00000001
  si_config_drop_count = 00000001
  pps_cr           = 01312D06
  pps_escr         = 0000010C
  ep_mach          = 02000200
  ep_macl          = 22334401
  ep_dsr           = 42000000
  ptp              = 01014106
  ptp_rx           = 000002F8
  ptp_tx           = 0000069E
  ptp_meta         = 02020406
  tx               = 00000869
  rx               = 00000476
  rxerr            = 00000000
  ptp_types        = 01020202
  foreign_meta     = 00000001
  filter_meta      = 00000000
  parse_meta       = 000102D4
  wr_rx_signal     = 10000001
  wr_tx_signal     = 10010004
  wr_failure       = 01030001
  wr_state         = A0000064
  wr_reject        = 00000000
  pstat            = 00000001
  sstat            = 00000000
  sec_h            = 00000000
  sec_l            = 00000191
  ns               = 2CC59460
  lock_enable      = 00000000
  lock_result      = 00000000
  lock_polls       = 00000000
  lock_unlocked    = 00000000
  lock_calibration_fail = 00000000
  spll_state       = 00020004
  spll_ocer        = 530A5201
  spll_rcer        = 00000000
  spll_occr        = 390001CD
  spll_trr_csr     = 001A884E
  spll_dac_hpll    = B44440FD
  spll_dac_main    = 0000000B
  spll_helper_state = 00000100
  spll_helper_limits = 271000C8
  spll_main_state  = 00000000
  spll_main_limits = 00320032
  spll_main_phase_limits = 03E804B0
  spll_state_visit_mask = 00000618
  spll_state_transitions = 00000003
  spll_last_state  = 00000004
  spll_init_count  = 00000001
  dmtd_ref         = 0024B6F7
  dmtd_fb          = 0057AEB5
  dmtd_ref_high_qual_abort = 00E09345
  dmtd_fb_high_qual_abort = 00C1128A
  tag_valid        = 00188D11
  trr_write        = 00188D3F
  irq              = 00188CFE
  helper_update    = 00188CFE
  spll_helper_error = FFFDB610
  spll_helper_output = 0000FFFB
  eic_isr          = FFFF0000
  current_tics     = 00062876
RAW_SNAPSHOT board=DE5 [1-11.1] label=after
  status           = F1100EE132BC82FF
  cpu              = 0000007C00001228
  marker           = 000000010000B004
  store            = 0001E0000002FF94
  store_count      = 000000000A7D7F1C
  exception        = 8000000B00001228
  clock            = 002CEC2BBA44EC28
  boot_generation  = 00000001
  cpu_reset_count  = 00000001
  wr_core_reset_count = 00000001
  si_config_drop_count = 00000001
  pps_cr           = 01312D06
  pps_escr         = 0000010C
  ep_mach          = 02000200
  ep_macl          = 22334401
  ep_dsr           = 42000000
  ptp              = 01014106
  ptp_rx           = 00000307
  ptp_tx           = 000006BC
  ptp_meta         = 02020406
  tx               = 0000088F
  rx               = 0000048C
  rxerr            = 00000000
  ptp_types        = 01020202
  foreign_meta     = 00000001
  filter_meta      = 00000000
  parse_meta       = 000102E8
  wr_rx_signal     = 10000001
  wr_tx_signal     = 10010004
  wr_failure       = 01030001
  wr_state         = A0000064
  wr_reject        = 00000000
  pstat            = 00000001
  sstat            = 00000000
  sec_h            = 00000000
  sec_l            = 00000197
  ns               = 2CCE0B68
  lock_enable      = 00000000
  lock_result      = 00000000
  lock_polls       = 00000000
  lock_unlocked    = 00000000
  lock_calibration_fail = 00000000
  spll_state       = 00020004
  spll_ocer        = C244B601
  spll_rcer        = 00000000
  spll_occr        = 380001D5
  spll_trr_csr     = 001AE69A
  spll_dac_hpll    = E1B53B1E
  spll_dac_main    = 0000000B
  spll_helper_state = 00000100
  spll_helper_limits = 271000C8
  spll_main_state  = 00000000
  spll_main_limits = 00320032
  spll_main_phase_limits = 03E804B0
  spll_state_visit_mask = 00000618
  spll_state_transitions = 00000003
  spll_last_state  = 00000004
  spll_init_count  = 00000001
  dmtd_ref         = 00251A4B
  dmtd_fb          = 00580DFF
  dmtd_ref_high_qual_abort = 00E3FB70
  dmtd_fb_high_qual_abort = 00C3FFBE
  tag_valid        = 0018EC59
  trr_write        = 0018EC89
  irq              = 0018EC50
  helper_update    = 0018EC50
  spll_helper_error = FFFDB610
  spll_helper_output = 0000FFFB
  eic_isr          = FFFF0000
  current_tics     = 0006404A
RAW mailbox completion toggle wb_sync_toggle=0

============================================================
White Rabbit Runtime 診斷：DE5 [1-11.2]
============================================================

## [Step 1] PHY / 光纖 Link
[pass] si_config_done           結果: 1/1
[pass] wr_ready                 結果: 1/1
[pass] core_tm_link_up          結果: 1/1
[pass] core_link_ok             結果: 1/1
[pass] wr_rx_ready              結果: 1/1
[pass] wr_tx_ready              結果: 1/1
[pass] core_phy_rst             結果: 0/0
[pass] si_id_error              結果: 0/0
[pass] wr_rx_enc_err            結果: 0/0
[pass] wr_tx_enc_err            結果: 0/0
[pass] CPU_RESET_n              結果: 1/1
[pass] wr_rx_locked_to_data     結果: 1/1
[info] wr_rx_locked_to_ref      結果: 0/NA
[info] MOD_PRS_n                結果: 0/NA
[info] INTERRUPT_n              結果: 1/NA
Step 1 pass

## [Step 2] Endpoint / MiniNIC / PTP
[pass] EP_MAC_H/EP_MAC_L        結果: 02:00:22:33:44:02/02:00:22:33:44:02
[pass] WDIAGS_MODE              結果: 3 SLAVE/3 SLAVE
[pass] WDIAGS_PTP               結果: 9 SLAVE (raw=00004109)/9 SLAVE
[pass] WDIAGS_PTP_RX            結果: Δ=32/Δ>0
RAW WDIAGS_PTP_RX            before=0x00000710 after=0x00000730 delta=32
[pass] WDIAGS_PTP_TX            結果: Δ=4/Δ>0
RAW WDIAGS_PTP_TX            before=0x00000158 after=0x0000015C delta=4
[pass] WDIAGS_TX                結果: Δ=23/Δ>0
RAW WDIAGS_TX                before=0x0000054E after=0x00000565 delta=23
[pass] WDIAGS_RX                結果: Δ=37/Δ>0
RAW WDIAGS_RX                before=0x000008AF after=0x000008D4 delta=37
[pass] WDIAGS_RXERR             結果: Δ=0/Δ=0
RAW WDIAGS_RXERR             before=0x00000000 after=0x00000000 delta=0
Step 2 pass

## [Step 3] WR Parent / Signaling
[pass] WDIAGS_FOREIGN_META      結果: 1/1
[pass] WDIAGS_FOREIGN_META      結果: 0/0
[info] WDIAGS_FOREIGN_META      結果: detection=0 config=3/NA
[pass] parentIsWRnode           結果: 1/1
[info] parentWrModeOn           結果: 0/NA
[pass] parentCalibrated         結果: 1/1
[pass] WR_RX_SIGNAL_DEBUG       結果: LOCK count=1/LOCK 0x1001,count>0
[pass] WR_TX_SIGNAL_DEBUG       結果: SLAVE_PRESENT count=1/SLAVE_PRESENT 0x1000,count>0
[info] WDIAGS_TEMP              結果: WRS_IDLE next=WRS_IDLE POST_STEP3_TIMEOUT/NA
[pass] LOCK_ENABLE              結果: 4/> 0
[info] WR_FAILURE_DEBUG         結果: TIMEOUT last_fail_state=WRS_S_LOCK failure_count=1/NA
Step 3 pass

## [Step 4B] Slave SoftPLL Startup
[pass] LOCK_ENABLE_COUNT        結果: 4/> 0
[pass] SPLL_MODE                結果: 3 (SPLL_MODE_SLAVE)/3 SPLL_MODE_SLAVE
[pass] SPLL_SEQ_STATE           結果: 4 (SEQ_WAIT_HELPER)/active, not 0/7
[pass] SPLL_STATE_VISIT_MASK    結果: 0x00000618/> 0
[pass] SPLL_INIT_COUNT          結果: 1/> 0
[pass] RCER                     結果: 0x00000001/> 0
[pass] OCER                     結果: 0xE5F0D001/> 0
[info] SPLL_ALIGN_STATE         結果: 0/NA
[info] SPLL_STATE_TRANSITIONS   結果: 0x00000003/NA
[info] SPLL_LAST_STATE          結果: 4 (SEQ_WAIT_HELPER)/NA
[info] OCCR                     結果: 0xEF000175/NA
[pass] DMTD_REF_ACCEPT_EVENT    結果: Δ=23351/Δ>=0
RAW DMTD_REF_ACCEPT_EVENT    before=0x025F3502 after=0x025F9039 delta=23351
[pass] DMTD_FB_ACCEPT_EVENT     結果: Δ=24386/Δ>=0
RAW DMTD_FB_ACCEPT_EVENT     before=0x028D0C45 after=0x028D6B87 delta=24386
[pass] DMTD_ACCEPT              結果: Δ=47737/Δ>0
[pass] SPLL_TAG_VALID_COUNT     結果: Δ=47725/Δ>0
RAW SPLL_TAG_VALID_COUNT     before=0x0033FEF2 after=0x0034B95F delta=47725
[pass] SPLL_TRR_WRITE_COUNT     結果: Δ=47724/Δ>0
RAW SPLL_TRR_WRITE_COUNT     before=0x0033FF4E after=0x0034B9BA delta=47724
[pass] WRPC_SPLL_TRR_POP_COUNT  結果: Δ=47774/Δ>0
RAW WRPC_SPLL_TRR_POP_COUNT  before=0x0033FEBA after=0x0034B958 delta=47774
[pass] WDIAGS_IRQ_COUNT         結果: Δ=46804/Δ>0
RAW WDIAGS_IRQ_COUNT         before=0x0032F5C9 after=0x0033AC9D delta=46804
[pass] WDIAGS_HELPER_UPDATE_COUNT 結果: Δ=23369/Δ>0
RAW WDIAGS_HELPER_UPDATE_COUNT before=0x00193729 after=0x00199272 delta=23369
[pass] BOOT_GENERATION          結果: Δ=0/Δ=0
RAW BOOT_GENERATION          before=0x00000001 after=0x00000001 delta=0
[pass] CPU_RESET_COUNT          結果: Δ=0/Δ=0
RAW CPU_RESET_COUNT          before=0x00000001 after=0x00000001 delta=0
[pass] WR_CORE_RESET_COUNT      結果: Δ=0/Δ=0
RAW WR_CORE_RESET_COUNT      before=0x00000001 after=0x00000001 delta=0
[pass] SI_CONFIG_DROP_COUNT     結果: Δ=0/Δ=0
RAW SI_CONFIG_DROP_COUNT     before=0x00000001 after=0x00000001 delta=0
STEP4B_ALLOWED = YES
STEP4B_RESULT = PASS
STEP4B_FIRST_INACTIVE_BOUNDARY = ACTIVE
Step 4B pass
Step 4 pass

## [Step 5] Closed-loop Lock
STEP5_LOCKDET_BEFORE: HELPER locked=0 changed=0 cnt=0/10000 threshold=200 ref_src=0 MAIN enabled=0 locked=0 freq=0 phase=0 freq_cnt=0/50 phase_cnt=0/1000 PSTAT_locked=0
STEP5_LOCKDET_AFTER: HELPER locked=0 changed=0 cnt=0/10000 threshold=200 ref_src=0 MAIN enabled=0 locked=0 freq=0 phase=0 freq_cnt=0/50 phase_cnt=0/1000 PSTAT_locked=0
[error] WDIAGS_PSTAT             結果: 0/1
STEP5_RESULT = NEVER_LOCKED
STEP5_FIRST_INACTIVE_BOUNDARY = HELPER_LOCK
Step 5 NA (single window is not stable-lock proof)

## [Step 6] Global Time
Step 6 NA

============================================================
White Rabbit Runtime 診斷：DE5 [1-11.2]
============================================================
Step 1 PHY / Link             pass
Step 2 Endpoint / PTP         pass
Step 3 WR Handshake           pass
Step 4 Step4B Slave SoftPLL Startup pass
Step 5 Closed-loop Lock       NA
Step 6 Global Time            NA
STEP1_REGRESSION = PASS
STEP2_REGRESSION = PASS
STEP3_REGRESSION = PASS
STEP4B_ALLOWED = YES
STEP4B_RESULT = PASS
STEP4B_FIRST_INACTIVE_BOUNDARY = ACTIVE
STEP5_RESULT = NEVER_LOCKED
STEP5_FIRST_INACTIVE_BOUNDARY = HELPER_LOCK
FAILURE_CLASSIFICATION = NO_FAILURE_EVIDENCE
============================================================

================ RAW_SNAPSHOT ================
RAW_SNAPSHOT board=DE5 [1-11.2] label=before
  status           = A11EB4E134BC82CF
  cpu              = 0000007C00001228
  marker           = 000000010000B004
  store            = 0032D9760001DFB0
  store_count      = 000000000E883B4E
  exception        = 8000000B00001220
  clock            = 0039C61C991CD00B
  boot_generation  = 00000001
  cpu_reset_count  = 00000001
  wr_core_reset_count = 00000001
  si_config_drop_count = 00000001
  pps_cr           = 01312D02
  pps_escr         = 00000100
  ep_mach          = 02000200
  ep_macl          = 22334402
  ep_dsr           = 42000000
  ptp              = 00004109
  ptp_rx           = 00000710
  ptp_tx           = 00000158
  ptp_meta         = 03020409
  tx               = 0000054E
  rx               = 000008AF
  rxerr            = 00000000
  ptp_types        = 047FBF7F
  foreign_meta     = 03000001
  filter_meta      = 00000000
  parse_meta       = 0501BF80
  wr_rx_signal     = 10010001
  wr_tx_signal     = 10000001
  wr_failure       = 02020001
  wr_state         = A000035C
  wr_reject        = 00000000
  pstat            = 00000001
  sstat            = 00000001
  sec_h            = 00000000
  sec_l            = 00000199
  ns               = 0CC94878
  lock_enable      = 00000004
  lock_result      = 00000001
  lock_polls       = 00005B1F
  lock_unlocked    = 00005B1F
  lock_calibration_fail = 00000000
  spll_state       = 00030004
  spll_ocer        = 72DA7401
  spll_rcer        = 00000001
  spll_occr        = 640001B3
  spll_trr_csr     = 0032F48A
  spll_dac_hpll    = 105551C5
  spll_dac_main    = 0000000D
  spll_helper_state = 00000000
  spll_helper_limits = 271000C8
  spll_main_state  = 00000000
  spll_main_limits = 00320032
  spll_main_phase_limits = 03E804B0
  spll_state_visit_mask = 00000618
  spll_state_transitions = 00000003
  spll_last_state  = 00000004
  spll_init_count  = 00000001
  dmtd_ref         = 025F3502
  dmtd_fb          = 028D0C45
  dmtd_ref_high_qual_abort = 017FBA21
  dmtd_fb_high_qual_abort = 00158A35
  tag_valid        = 0033FEF2
  trr_write        = 0033FF4E
  irq              = 0032F5C9
  helper_update    = 00193729
  spll_helper_error = 000249F0
  spll_helper_output = 00000005
  eic_isr          = FFFF0000
  current_tics     = 0006E196
RAW_SNAPSHOT board=DE5 [1-11.2] label=after
  status           = 911E5EE134BC82CF
  cpu              = 0000007C00003AB4
  marker           = 000000010000B004
  store            = 000006180001DE10
  store_count      = 000000000EBBD6DA
  exception        = 8000000B00001220
  clock            = 002E0497D6E10E8E
  boot_generation  = 00000001
  cpu_reset_count  = 00000001
  wr_core_reset_count = 00000001
  si_config_drop_count = 00000001
  pps_cr           = 01312D02
  pps_escr         = 00000100
  ep_mach          = 02000200
  ep_macl          = 22334402
  ep_dsr           = 42000000
  ptp              = 00004109
  ptp_rx           = 00000730
  ptp_tx           = 0000015C
  ptp_meta         = 03020409
  tx               = 00000565
  rx               = 000008D4
  rxerr            = 00000000
  ptp_types        = 0485C285
  foreign_meta     = 03000001
  filter_meta      = 00000000
  parse_meta       = 0501C29F
  wr_rx_signal     = 10010001
  wr_tx_signal     = 10000001
  wr_failure       = 02020001
  wr_state         = A000035C
  wr_reject        = 00000000
  pstat            = 00000001
  sstat            = 00000001
  sec_h            = 00000000
  sec_l            = 0000019F
  ns               = 0CCA0EA0
  lock_enable      = 00000004
  lock_result      = 00000001
  lock_polls       = 00005B1F
  lock_unlocked    = 00005B1F
  lock_calibration_fail = 00000000
  spll_state       = 00030004
  spll_ocer        = E5F0D001
  spll_rcer        = 00000001
  spll_occr        = EF000175
  spll_trr_csr     = 0036B020
  spll_dac_hpll    = 3DC83962
  spll_dac_main    = 0000000D
  spll_helper_state = 00000000
  spll_helper_limits = 271000C8
  spll_main_state  = 00000000
  spll_main_limits = 00320032
  spll_main_phase_limits = 03E804B0
  spll_state_visit_mask = 00000618
  spll_state_transitions = 00000003
  spll_last_state  = 00000004
  spll_init_count  = 00000001
  dmtd_ref         = 025F9039
  dmtd_fb          = 028D6B87
  dmtd_ref_high_qual_abort = 01809176
  dmtd_fb_high_qual_abort = 0015D6FB
  tag_valid        = 0034B95F
  trr_write        = 0034B9BA
  irq              = 0033AC9D
  helper_update    = 00199272
  spll_helper_error = 000249F0
  spll_helper_output = 00000005
  eic_isr          = FFFF0000
  current_tics     = 0006F96B

============================================================
JTAG/WB transport health summary
============================================================
WB_TRANSPORT_PROTOCOL = PRELOAD_THEN_TOGGLE_COMMIT
WB_REQUEST_COUNT = 354
PRELOAD_COUNT = 354
COMMIT_COUNT = 354
WB_PROBE_READ_COUNT = 1770
PRELOAD_UNEXPECTED_TRIGGER_COUNT = 0
PROBE_3WAY_MATCH_COUNT = 354
STABLE_RESPONSE_WRONG_COUNT = 0
ADDRESS_CROSS_CONTAMINATION_COUNT = 0
TIMEOUT_COUNT = 0
INVALID_COUNT = 0
STALE_A5A5_COUNT = 0
UNSTABLE_TRANSACTION_COUNT = 0
DMTD_REF_DECREASE_COUNT = 0
DMTD_FB_DECREASE_COUNT = 0
PRELOAD_PROTOCOL_RUNTIME_REVALIDATION = PASS
JTAG_WB_DIAGNOSTIC_PATH = TRUSTED
============================================================

============================================================
STEP4A_RESULT = PASS
STEP4B_ALLOWED = YES
STEP4B_RESULT = PASS
STEP4B_FIRST_INACTIVE_BOUNDARY = ACTIVE
STEP5_RESULT = NOT_APPLICABLE_MASTER
STEP5_FIRST_INACTIVE_BOUNDARY = SLAVE_ONLY
STEP5_RESULT = NEVER_LOCKED
STEP5_FIRST_INACTIVE_BOUNDARY = HELPER_LOCK
============================================================
Info (23030): Evaluation of Tcl script scripts/jtag/read_wb_runtime.tcl was successful
Info: Quartus Prime Signal Tap was successful. 0 errors, 0 warnings
    Info: Peak virtual memory: 677 megabytes
    Info: Processing ended: Wed Sep  2 08:47:29 2026
    Info: Elapsed time: 00:00:15
    Info: System process ID: 3185620
