Info: *******************************************************************
Info: Running Quartus Prime SignalTap II
    Info: Version 17.0.0 Build 595 04/25/2017 SJ Standard Edition
    Info: Copyright (C) 2017  Intel Corporation. All rights reserved.
    Info: Your use of Intel Corporation's design tools, logic functions 
    Info: and other software and tools, and its AMPP partner logic 
    Info: functions, and any output files from any of the foregoing 
    Info: (including device programming or simulation files), and any 
    Info: associated documentation or information are expressly subject 
    Info: to the terms and conditions of the Intel Program License 
    Info: Subscription Agreement, the Intel Quartus Prime License Agreement,
    Info: the Intel MegaCore Function License Agreement, or other 
    Info: applicable license agreement, including, without limitation, 
    Info: that your use is for the sole purpose of programming logic 
    Info: devices manufactured by Intel and sold by Intel or its 
    Info: authorized distributors.  Please refer to the applicable 
    Info: agreement for further details.
    Info: Processing started: Tue Sep  1 23:01:54 2026
Info: Command: quartus_stp -t scripts/jtag/read_wb_runtime.tcl --raw
Info: Quartus(args): --raw
RAW mailbox completion toggle wb_sync_toggle=0

============================================================
White Rabbit Runtime 診斷：DE5 [1-11.1]
============================================================

## [Step 1] PHY / 光纖 Link
[pass] si_config_done           結果: 1/1
[pass] wr_ready                 結果: 1/1
[pass] core_tm_link_up          結果: 1/1
[pass] core_link_ok             結果: 1/1
[pass] wr_rx_ready              結果: 1/1
[pass] wr_tx_ready              結果: 1/1
[pass] core_phy_rst             結果: 0/0
[pass] si_id_error              結果: 0/0
[pass] wr_rx_enc_err            結果: 0/0
[pass] wr_tx_enc_err            結果: 0/0
[pass] CPU_RESET_n              結果: 1/1
[pass] wr_rx_locked_to_data     結果: 1/1
[info] wr_rx_locked_to_ref      結果: 1/NA
[info] MOD_PRS_n                結果: 0/NA
[info] INTERRUPT_n              結果: 1/NA
Step 1 pass

## [Step 2] Endpoint / MiniNIC / PTP
[pass] EP_MAC_H/EP_MAC_L        結果: 02:00:22:33:44:01/02:00:22:33:44:01
[pass] WDIAGS_MODE              結果: 2 MASTER/2 MASTER
[pass] WDIAGS_PTP               結果: 6 MASTER (raw=01014106)/6 MASTER
[pass] WDIAGS_PTP_RX            結果: Δ=14/Δ>0
RAW WDIAGS_PTP_RX            before=0x0000AEA6 after=0x0000AEB4 delta=14
[pass] WDIAGS_PTP_TX            結果: Δ=29/Δ>0
RAW WDIAGS_PTP_TX            before=0x000189A5 after=0x000189C2 delta=29
[pass] WDIAGS_TX                結果: Δ=37/Δ>0
RAW WDIAGS_TX                before=0x0001F3C6 after=0x0001F3EB delta=37
[pass] WDIAGS_RX                結果: Δ=20/Δ>0
RAW WDIAGS_RX                before=0x00010689 after=0x0001069D delta=20
[pass] WDIAGS_RXERR             結果: Δ=0/Δ=0
RAW WDIAGS_RXERR             before=0x00000000 after=0x00000000 delta=0
Step 2 pass

## [Step 3] WR Parent / Signaling
Step 3 NA

## [Step 4A] Master SoftPLL Event Chain
[pass] DMTD_REF_ACCEPT_EVENT    結果: Δ=25203/Δ>=0
RAW DMTD_REF_ACCEPT_EVENT    before=0x0629303E after=0x062992B1 delta=25203
[pass] DMTD_FB_ACCEPT_EVENT     結果: Δ=24094/Δ>=0
RAW DMTD_FB_ACCEPT_EVENT     before=0x05A6437A after=0x05A6A198 delta=24094
[pass] DMTD_ACCEPT              結果: Δ=49297/Δ>0
[pass] SPLL_TAG_VALID_COUNT     結果: Δ=24095/Δ>0
RAW SPLL_TAG_VALID_COUNT     before=0x05672129 after=0x05677F48 delta=24095
[pass] SPLL_TRR_WRITE_COUNT     結果: Δ=24096/Δ>0
RAW SPLL_TRR_WRITE_COUNT     before=0x05672155 after=0x05677F75 delta=24096
[pass] WRPC_SPLL_TRR_POP_COUNT  結果: Δ=24405/Δ>0
RAW WRPC_SPLL_TRR_POP_COUNT  before=0x05672015 after=0x05677F6A delta=24405
[pass] WDIAGS_IRQ_COUNT         結果: Δ=24005/Δ>0
RAW WDIAGS_IRQ_COUNT         before=0x056721A5 after=0x05677F6A delta=24005
[pass] WDIAGS_HELPER_UPDATE_COUNT 結果: Δ=24005/Δ>0
RAW WDIAGS_HELPER_UPDATE_COUNT before=0x056721A5 after=0x05677F6A delta=24005
[pass] BOOT_GENERATION          結果: Δ=0/Δ=0
RAW BOOT_GENERATION          before=0x00000001 after=0x00000001 delta=0
[pass] CPU_RESET_COUNT          結果: Δ=0/Δ=0
RAW CPU_RESET_COUNT          before=0x00000001 after=0x00000001 delta=0
[pass] WR_CORE_RESET_COUNT      結果: Δ=0/Δ=0
RAW WR_CORE_RESET_COUNT      before=0x00000001 after=0x00000001 delta=0
[pass] SI_CONFIG_DROP_COUNT     結果: Δ=0/Δ=0
RAW SI_CONFIG_DROP_COUNT     before=0x00000001 after=0x00000001 delta=0
STEP4A_MASTER_EVENT_CHAIN = PASS
Step 4 pass

## [Step 5] Closed-loop Lock
STEP5_RESULT = NOT_APPLICABLE_MASTER
STEP5_FIRST_INACTIVE_BOUNDARY = SLAVE_ONLY
Step 5 NA (Step5 closed-loop gate is for Slave)

## [Step 6] Global Time
Step 6 NA

============================================================
White Rabbit Runtime 診斷：DE5 [1-11.1]
============================================================
Step 1 PHY / Link             pass
Step 2 Endpoint / PTP         pass
Step 3 WR Handshake           NA
Step 4 Step4A Master Event Chain pass
Step 5 Closed-loop Lock       NA
Step 6 Global Time            NA
STEP1_REGRESSION = PASS
STEP2_REGRESSION = PASS
STEP3_REGRESSION = PASS
STEP4A_RESULT = PASS
STEP5_RESULT = NOT_APPLICABLE_MASTER
STEP5_FIRST_INACTIVE_BOUNDARY = SLAVE_ONLY
FAILURE_CLASSIFICATION = NO_FAILURE_EVIDENCE
============================================================

================ RAW_SNAPSHOT ================
RAW_SNAPSHOT board=DE5 [1-11.1] label=before
  status           = B18EFFE331BC82FF
  cpu              = 0000007C00001228
  marker           = 000000010000B004
  store            = 056712EF0001DFB0
  store_count      = 000000004D60A664
  exception        = 8000000B00001224
  clock            = 002BC0A62059EEA9
  boot_generation  = 00000001
  cpu_reset_count  = 00000001
  wr_core_reset_count = 00000001
  si_config_drop_count = 00000001
  pps_cr           = 01312D06
  pps_escr         = 0000580C
  ep_mach          = 02000200
  ep_macl          = 22334401
  ep_dsr           = 42000000
  ptp              = 01014106
  ptp_rx           = 0000AEA6
  ptp_tx           = 000189A5
  ptp_meta         = 02020406
  tx               = 0001F3C6
  rx               = 00010689
  rxerr            = 00000000
  ptp_types        = 01010101
  foreign_meta     = 0000FF00
  filter_meta      = 00000000
  parse_meta       = 00010104
  wr_rx_signal     = 10000001
  wr_tx_signal     = 10010004
  wr_failure       = 01030001
  wr_state         = A0000064
  wr_reject        = 00000000
  pstat            = 00000001
  sstat            = 00000000
  sec_h            = 00000000
  sec_l            = 00005884
  ns               = 2A826748
  lock_enable      = 00000000
  lock_result      = 00000000
  lock_polls       = 00000000
  lock_unlocked    = 00000000
  lock_calibration_fail = 00000000
  spll_state       = 00020004
  spll_ocer        = 2D34A001
  spll_rcer        = 00000000
  spll_occr        = FF0001FF
  spll_trr_csr     = 05261CFE
  spll_dac_hpll    = 894BC57B
  spll_dac_main    = 00000293
  spll_helper_state = 00090100
  spll_helper_limits = 271000C8
  spll_main_state  = 00000000
  spll_main_limits = 00320032
  spll_main_phase_limits = 03E804B0
  spll_state_visit_mask = 00000618
  spll_state_transitions = 00000003
  spll_last_state  = 00000004
  spll_init_count  = 00000001
  dmtd_ref         = 0629303E
  dmtd_fb          = 05A6437A
  dmtd_ref_high_qual_abort = 3996B6C6
  dmtd_fb_high_qual_abort = 2A6AC4AF
  tag_valid        = 05672129
  trr_write        = 05672155
  irq              = 056721A5
  helper_update    = 056721A5
  spll_helper_error = FFFDB610
  spll_helper_output = 0000FFFB
  eic_isr          = FFFF0000
  current_tics     = 0159CC1C
RAW_SNAPSHOT board=DE5 [1-11.1] label=after
  status           = 718E77C3215082FF
  cpu              = 0000007C00001214
  marker           = 000000010000B004
  store            = 0567710F0001DFB0
  store_count      = 000000004D88D16C
  exception        = 8000000B00001220
  clock            = 003DA2AB019AD0A5
  boot_generation  = 00000001
  cpu_reset_count  = 00000001
  wr_core_reset_count = 00000001
  si_config_drop_count = 00000001
  pps_cr           = 01312D06
  pps_escr         = 0000580C
  ep_mach          = 02000200
  ep_macl          = 22334401
  ep_dsr           = 42000000
  ptp              = 01014106
  ptp_rx           = 0000AEB4
  ptp_tx           = 000189C2
  ptp_meta         = 02020406
  tx               = 0001F3EB
  rx               = 0001069D
  rxerr            = 00000000
  ptp_types        = 01010101
  foreign_meta     = 0000FF00
  filter_meta      = 00000000
  parse_meta       = 00010119
  wr_rx_signal     = 10000001
  wr_tx_signal     = 10010004
  wr_failure       = 01030001
  wr_state         = A0000064
  wr_reject        = 00000000
  pstat            = 00000001
  sstat            = 00000000
  sec_h            = 00000000
  sec_l            = 0000588A
  ns               = 2A8B9C68
  lock_enable      = 00000000
  lock_result      = 00000000
  lock_polls       = 00000000
  lock_unlocked    = 00000000
  lock_calibration_fail = 00000000
  spll_state       = 00020004
  spll_ocer        = 8E370201
  spll_rcer        = 00000000
  spll_occr        = FF0001FF
  spll_trr_csr     = 05267AB6
  spll_dac_hpll    = B5FC770D
  spll_dac_main    = 00000293
  spll_helper_state = 00090100
  spll_helper_limits = 271000C8
  spll_main_state  = 00000000
  spll_main_limits = 00320032
  spll_main_phase_limits = 03E804B0
  spll_state_visit_mask = 00000618
  spll_state_transitions = 00000003
  spll_last_state  = 00000004
  spll_init_count  = 00000001
  dmtd_ref         = 062992B1
  dmtd_fb          = 05A6A198
  dmtd_ref_high_qual_abort = 399AA601
  dmtd_fb_high_qual_abort = 2A6DA8FB
  tag_valid        = 05677F48
  trr_write        = 05677F75
  irq              = 05677F6A
  helper_update    = 05677F6A
  spll_helper_error = FFFDB610
  spll_helper_output = 0000FFFB
  eic_isr          = FFFF0000
  current_tics     = 0159E38D
RAW mailbox completion toggle wb_sync_toggle=0

============================================================
White Rabbit Runtime 診斷：DE5 [1-11.2]
============================================================

## [Step 1] PHY / 光纖 Link
[pass] si_config_done           結果: 1/1
[pass] wr_ready                 結果: 1/1
[pass] core_tm_link_up          結果: 1/1
[pass] core_link_ok             結果: 1/1
[pass] wr_rx_ready              結果: 1/1
[pass] wr_tx_ready              結果: 1/1
[pass] core_phy_rst             結果: 0/0
[pass] si_id_error              結果: 0/0
[pass] wr_rx_enc_err            結果: 0/0
[pass] wr_tx_enc_err            結果: 0/0
[pass] CPU_RESET_n              結果: 1/1
[pass] wr_rx_locked_to_data     結果: 1/1
[info] wr_rx_locked_to_ref      結果: 0/NA
[info] MOD_PRS_n                結果: 0/NA
[info] INTERRUPT_n              結果: 1/NA
Step 1 pass

## [Step 2] Endpoint / MiniNIC / PTP
[pass] EP_MAC_H/EP_MAC_L        結果: 02:00:22:33:44:02/02:00:22:33:44:02
[pass] WDIAGS_MODE              結果: 3 SLAVE/3 SLAVE
[pass] WDIAGS_PTP               結果: 9 SLAVE (raw=00004109)/9 SLAVE
[pass] WDIAGS_PTP_RX            結果: Δ=25/Δ>0
RAW WDIAGS_PTP_RX            before=0x00000175 after=0x0000018E delta=25
[pass] WDIAGS_PTP_TX            結果: Δ=3/Δ>0
RAW WDIAGS_PTP_TX            before=0x0000008A after=0x0000008D delta=3
[pass] WDIAGS_TX                結果: Δ=19/Δ>0
RAW WDIAGS_TX                before=0x0000010F after=0x00000122 delta=19
[pass] WDIAGS_RX                結果: Δ=32/Δ>0
RAW WDIAGS_RX                before=0x000001D0 after=0x000001F0 delta=32
[pass] WDIAGS_RXERR             結果: Δ=0/Δ=0
RAW WDIAGS_RXERR             before=0x00000000 after=0x00000000 delta=0
Step 2 pass

## [Step 3] WR Parent / Signaling
[pass] WDIAGS_FOREIGN_META      結果: 1/1
[pass] WDIAGS_FOREIGN_META      結果: 0/0
[info] WDIAGS_FOREIGN_META      結果: detection=0 config=3/NA
[pass] parentIsWRnode           結果: 1/1
[info] parentWrModeOn           結果: 0/NA
[pass] parentCalibrated         結果: 1/1
[pass] WR_RX_SIGNAL_DEBUG       結果: LOCK count=1/LOCK 0x1001,count>0
[pass] WR_TX_SIGNAL_DEBUG       結果: SLAVE_PRESENT count=1/SLAVE_PRESENT 0x1000,count>0
[info] WDIAGS_TEMP              結果: WRS_IDLE next=WRS_IDLE POST_STEP3_TIMEOUT/NA
[pass] LOCK_ENABLE              結果: 4/> 0
[info] WR_FAILURE_DEBUG         結果: TIMEOUT last_fail_state=WRS_S_LOCK failure_count=1/NA
Step 3 pass

## [Step 4B] Slave SoftPLL Startup
[pass] LOCK_ENABLE_COUNT        結果: 4/> 0
[pass] SPLL_MODE                結果: 3 (SPLL_MODE_SLAVE)/3 SPLL_MODE_SLAVE
[pass] SPLL_SEQ_STATE           結果: 4 (SEQ_WAIT_HELPER)/active, not 0/7
[pass] SPLL_STATE_VISIT_MASK    結果: 0x00000618/> 0
[pass] SPLL_INIT_COUNT          結果: 1/> 0
[pass] RCER                     結果: 0x00000001/> 0
[pass] OCER                     結果: 0xF9548E01/> 0
[info] SPLL_ALIGN_STATE         結果: 0/NA
[info] SPLL_STATE_TRANSITIONS   結果: 0x00000003/NA
[info] SPLL_LAST_STATE          結果: 4 (SEQ_WAIT_HELPER)/NA
[info] OCCR                     結果: 0xBA0001E8/NA
[pass] DMTD_REF_ACCEPT_EVENT    結果: Δ=22998/Δ>=0
RAW DMTD_REF_ACCEPT_EVENT    before=0x0246E360 after=0x02473D36 delta=22998
[pass] DMTD_FB_ACCEPT_EVENT     結果: Δ=24107/Δ>=0
RAW DMTD_FB_ACCEPT_EVENT     before=0x0278FEC8 after=0x02795CF3 delta=24107
[pass] DMTD_ACCEPT              結果: Δ=47105/Δ>0
[pass] SPLL_TAG_VALID_COUNT     結果: Δ=47107/Δ>0
RAW SPLL_TAG_VALID_COUNT     before=0x0009750A after=0x000A2D0D delta=47107
[pass] SPLL_TRR_WRITE_COUNT     結果: Δ=47109/Δ>0
RAW SPLL_TRR_WRITE_COUNT     before=0x00097560 after=0x000A2D65 delta=47109
[pass] WRPC_SPLL_TRR_POP_COUNT  結果: Δ=46892/Δ>0
RAW WRPC_SPLL_TRR_POP_COUNT  before=0x000974DB after=0x000A2C07 delta=46892
[pass] WDIAGS_IRQ_COUNT         結果: Δ=45943/Δ>0
RAW WDIAGS_IRQ_COUNT         before=0x00094484 after=0x0009F7FB delta=45943
[pass] WDIAGS_HELPER_UPDATE_COUNT 結果: Δ=22894/Δ>0
RAW WDIAGS_HELPER_UPDATE_COUNT before=0x00049BA3 after=0x0004F511 delta=22894
[pass] BOOT_GENERATION          結果: Δ=0/Δ=0
RAW BOOT_GENERATION          before=0x00000001 after=0x00000001 delta=0
[pass] CPU_RESET_COUNT          結果: Δ=0/Δ=0
RAW CPU_RESET_COUNT          before=0x00000001 after=0x00000001 delta=0
[pass] WR_CORE_RESET_COUNT      結果: Δ=0/Δ=0
RAW WR_CORE_RESET_COUNT      before=0x00000001 after=0x00000001 delta=0
[pass] SI_CONFIG_DROP_COUNT     結果: Δ=0/Δ=0
RAW SI_CONFIG_DROP_COUNT     before=0x00000001 after=0x00000001 delta=0
STEP4B_ALLOWED = YES
STEP4B_RESULT = PASS
STEP4B_FIRST_INACTIVE_BOUNDARY = ACTIVE
Step 4B pass
Step 4 pass

## [Step 5] Closed-loop Lock
STEP5_LOCKDET_BEFORE: HELPER locked=0 changed=0 cnt=1/10000 threshold=200 ref_src=0 MAIN enabled=0 locked=0 freq=0 phase=0 freq_cnt=0/50 phase_cnt=0/1000 PSTAT_locked=0
STEP5_LOCKDET_AFTER: HELPER locked=0 changed=0 cnt=1/10000 threshold=200 ref_src=0 MAIN enabled=0 locked=0 freq=0 phase=0 freq_cnt=0/50 phase_cnt=0/1000 PSTAT_locked=0
[error] WDIAGS_PSTAT             結果: 0/1
STEP5_RESULT = NEVER_LOCKED
STEP5_FIRST_INACTIVE_BOUNDARY = HELPER_LOCK
Step 5 NA (single window is not stable-lock proof)

## [Step 6] Global Time
Step 6 NA

============================================================
White Rabbit Runtime 診斷：DE5 [1-11.2]
============================================================
Step 1 PHY / Link             pass
Step 2 Endpoint / PTP         pass
Step 3 WR Handshake           pass
Step 4 Step4B Slave SoftPLL Startup pass
Step 5 Closed-loop Lock       NA
Step 6 Global Time            NA
STEP1_REGRESSION = PASS
STEP2_REGRESSION = PASS
STEP3_REGRESSION = PASS
STEP4B_ALLOWED = YES
STEP4B_RESULT = PASS
STEP4B_FIRST_INACTIVE_BOUNDARY = ACTIVE
STEP5_RESULT = NEVER_LOCKED
STEP5_FIRST_INACTIVE_BOUNDARY = HELPER_LOCK
FAILURE_CLASSIFICATION = NO_FAILURE_EVIDENCE
============================================================

================ RAW_SNAPSHOT ================
RAW_SNAPSHOT board=DE5 [1-11.2] label=before
  status           = 3110D0C1255082CF
  cpu              = 0000007C00001230
  marker           = 000000010000B004
  store            = 0009296D0001DFB0
  store_count      = 0000000002C1EE2A
  exception        = 8000000B00001220
  clock            = 002ED3B9CBFFD716
  boot_generation  = 00000001
  cpu_reset_count  = 00000001
  wr_core_reset_count = 00000001
  si_config_drop_count = 00000001
  pps_cr           = 01312D02
  pps_escr         = 00005800
  ep_mach          = 02000200
  ep_macl          = 22334402
  ep_dsr           = 42000000
  ptp              = 00004109
  ptp_rx           = 00000175
  ptp_tx           = 0000008A
  ptp_meta         = 03020409
  tx               = 0000010F
  rx               = 000001D0
  rxerr            = 00000000
  ptp_types        = 04542A54
  foreign_meta     = 03000001
  filter_meta      = 00000000
  parse_meta       = 05012A6A
  wr_rx_signal     = 10010001
  wr_tx_signal     = 10000001
  wr_failure       = 02020001
  wr_state         = A000035C
  wr_reject        = 00000000
  pstat            = 00000001
  sstat            = 00000001
  sec_h            = 00000000
  sec_l            = 0000588B
  ns               = 33AF50E0
  lock_enable      = 00000004
  lock_result      = 00000001
  lock_polls       = 00005B1C
  lock_unlocked    = 00005B1C
  lock_calibration_fail = 00000000
  spll_state       = 00030004
  spll_ocer        = 8B243401
  spll_rcer        = 00000001
  spll_occr        = 780001D3
  spll_trr_csr     = 000A6AB0
  spll_dac_hpll    = A1164D5C
  spll_dac_main    = 00000002
  spll_helper_state = 00010000
  spll_helper_limits = 271000C8
  spll_main_state  = 00000000
  spll_main_limits = 00320032
  spll_main_phase_limits = 03E804B0
  spll_state_visit_mask = 00000618
  spll_state_transitions = 00000003
  spll_last_state  = 00000004
  spll_init_count  = 00000001
  dmtd_ref         = 0246E360
  dmtd_fb          = 0278FEC8
  dmtd_ref_high_qual_abort = 0010DD52
  dmtd_fb_high_qual_abort = 0004CFB7
  tag_valid        = 0009750A
  trr_write        = 00097560
  irq              = 00094484
  helper_update    = 00049BA3
  spll_helper_error = 000249F0
  spll_helper_output = 00000005
  eic_isr          = FFFF0000
  current_tics     = 00016678
RAW_SNAPSHOT board=DE5 [1-11.2] label=after
  status           = 711056E135BC82CF
  cpu              = 0000007C0000122C
  marker           = 000000010000B004
  store            = 0009DD990001DFB0
  store_count      = 0000000002F4E9FF
  exception        = 8000000B00001228
  clock            = 002DB4E1AC74B847
  boot_generation  = 00000001
  cpu_reset_count  = 00000001
  wr_core_reset_count = 00000001
  si_config_drop_count = 00000001
  pps_cr           = 01312D02
  pps_escr         = 00005800
  ep_mach          = 02000200
  ep_macl          = 22334402
  ep_dsr           = 42000000
  ptp              = 00004109
  ptp_rx           = 0000018E
  ptp_tx           = 0000008D
  ptp_meta         = 03020409
  tx               = 00000122
  rx               = 000001F0
  rxerr            = 00000000
  ptp_types        = 045A2D5A
  foreign_meta     = 03000001
  filter_meta      = 00000000
  parse_meta       = 05012D81
  wr_rx_signal     = 10010001
  wr_tx_signal     = 10000001
  wr_failure       = 02020001
  wr_state         = A000035C
  wr_reject        = 00000000
  pstat            = 00000001
  sstat            = 00000001
  sec_h            = 00000000
  sec_l            = 00005891
  ns               = 33B7CD08
  lock_enable      = 00000004
  lock_result      = 00000001
  lock_polls       = 00005B1C
  lock_unlocked    = 00005B1C
  lock_calibration_fail = 00000000
  spll_state       = 00030004
  spll_ocer        = F9548E01
  spll_rcer        = 00000001
  spll_occr        = BA0001E8
  spll_trr_csr     = 000A22D6
  spll_dac_hpll    = CDC81A4F
  spll_dac_main    = 00000002
  spll_helper_state = 00010000
  spll_helper_limits = 271000C8
  spll_main_state  = 00000000
  spll_main_limits = 00320032
  spll_main_phase_limits = 03E804B0
  spll_state_visit_mask = 00000618
  spll_state_transitions = 00000003
  spll_last_state  = 00000004
  spll_init_count  = 00000001
  dmtd_ref         = 02473D36
  dmtd_fb          = 02795CF3
  dmtd_ref_high_qual_abort = 00122797
  dmtd_fb_high_qual_abort = 00052D5F
  tag_valid        = 000A2D0D
  trr_write        = 000A2D65
  irq              = 0009F7FB
  helper_update    = 0004F511
  spll_helper_error = 000249F0
  spll_helper_output = 00000005
  eic_isr          = FFFF0000
  current_tics     = 00017DE7

============================================================
JTAG/WB transport health summary
============================================================
WB_TRANSPORT_PROTOCOL = PRELOAD_THEN_TOGGLE_COMMIT
WB_REQUEST_COUNT = 352
PRELOAD_COUNT = 352
COMMIT_COUNT = 352
WB_PROBE_READ_COUNT = 1760
PRELOAD_UNEXPECTED_TRIGGER_COUNT = 0
PROBE_3WAY_MATCH_COUNT = 352
STABLE_RESPONSE_WRONG_COUNT = 0
ADDRESS_CROSS_CONTAMINATION_COUNT = 0
TIMEOUT_COUNT = 0
INVALID_COUNT = 0
STALE_A5A5_COUNT = 0
UNSTABLE_TRANSACTION_COUNT = 0
DMTD_REF_DECREASE_COUNT = 0
DMTD_FB_DECREASE_COUNT = 0
PRELOAD_PROTOCOL_RUNTIME_REVALIDATION = PASS
JTAG_WB_DIAGNOSTIC_PATH = TRUSTED
============================================================

============================================================
STEP4A_RESULT = PASS
STEP4B_ALLOWED = YES
STEP4B_RESULT = PASS
STEP4B_FIRST_INACTIVE_BOUNDARY = ACTIVE
STEP5_RESULT = NOT_APPLICABLE_MASTER
STEP5_FIRST_INACTIVE_BOUNDARY = SLAVE_ONLY
STEP5_RESULT = NEVER_LOCKED
STEP5_FIRST_INACTIVE_BOUNDARY = HELPER_LOCK
============================================================
Info (23030): Evaluation of Tcl script scripts/jtag/read_wb_runtime.tcl was successful
Info: Quartus Prime SignalTap II was successful. 0 errors, 0 warnings
    Info: Peak virtual memory: 776 megabytes
    Info: Processing ended: Tue Sep  1 23:02:08 2026
    Info: Elapsed time: 00:00:14
    Info: Total CPU time (on all processors): 00:00:00
