Info: *******************************************************************
Info: Running Quartus Prime SignalTap II
    Info: Version 17.0.0 Build 595 04/25/2017 SJ Standard Edition
    Info: Copyright (C) 2017  Intel Corporation. All rights reserved.
    Info: Your use of Intel Corporation's design tools, logic functions 
    Info: and other software and tools, and its AMPP partner logic 
    Info: functions, and any output files from any of the foregoing 
    Info: (including device programming or simulation files), and any 
    Info: associated documentation or information are expressly subject 
    Info: to the terms and conditions of the Intel Program License 
    Info: Subscription Agreement, the Intel Quartus Prime License Agreement,
    Info: the Intel MegaCore Function License Agreement, or other 
    Info: applicable license agreement, including, without limitation, 
    Info: that your use is for the sole purpose of programming logic 
    Info: devices manufactured by Intel and sold by Intel or its 
    Info: authorized distributors.  Please refer to the applicable 
    Info: agreement for further details.
    Info: Processing started: Wed Sep  2 03:40:13 2026
Info: Command: quartus_stp -t scripts/jtag/read_wb_runtime.tcl --raw
Info: Quartus(args): --raw
RAW mailbox completion toggle wb_sync_toggle=0

============================================================
White Rabbit Runtime 診斷：DE5 [1-11.1]
============================================================

## [Step 1] PHY / 光纖 Link
[pass] si_config_done           結果: 1/1
[pass] wr_ready                 結果: 1/1
[error] core_tm_link_up          結果: 0/1
[error] core_link_ok             結果: 0/1
[pass] wr_rx_ready              結果: 1/1
[pass] wr_tx_ready              結果: 1/1
[pass] core_phy_rst             結果: 0/0
[pass] si_id_error              結果: 0/0
[pass] wr_rx_enc_err            結果: 0/0
[pass] wr_tx_enc_err            結果: 0/0
[pass] CPU_RESET_n              結果: 1/1
[pass] wr_rx_locked_to_data     結果: 1/1
[info] wr_rx_locked_to_ref      結果: 0/NA
[info] MOD_PRS_n                結果: 0/NA
[info] INTERRUPT_n              結果: 1/NA
Step 1 error

## [Step 2] Endpoint / MiniNIC / PTP
[pass] EP_MAC_H/EP_MAC_L        結果: 02:00:22:33:44:01/02:00:22:33:44:01
[pass] WDIAGS_MODE              結果: 2 MASTER/2 MASTER
[pass] WDIAGS_PTP               結果: 6 MASTER (raw=01014106)/6 MASTER
[info] WDIAGS_PTP_RX            結果: Δ=0/NA
RAW WDIAGS_PTP_RX            before=0x00000000 after=0x00000000 delta=0
[pass] WDIAGS_PTP_TX            結果: Δ=1/Δ>0
RAW WDIAGS_PTP_TX            before=0x0000004C after=0x0000004D delta=1
[pass] WDIAGS_TX                結果: Δ=3/Δ>0
RAW WDIAGS_TX                before=0x000000EC after=0x000000EF delta=3
[info] WDIAGS_RX                結果: Δ=0/NA
RAW WDIAGS_RX                before=0x00000000 after=0x00000000 delta=0
[pass] WDIAGS_RXERR             結果: Δ=0/Δ=0
RAW WDIAGS_RXERR             before=0x00000000 after=0x00000000 delta=0
Step 2 NA

## [Step 3] WR Parent / Signaling
Step 3 NA

## [Step 4A] Master SoftPLL Event Chain
[pass] DMTD_REF_ACCEPT_EVENT    結果: Δ=25247/Δ>=0
RAW DMTD_REF_ACCEPT_EVENT    before=0x0085311A after=0x008593B9 delta=25247
[pass] DMTD_FB_ACCEPT_EVENT     結果: Δ=24210/Δ>=0
RAW DMTD_FB_ACCEPT_EVENT     before=0x00506DA7 after=0x0050CC39 delta=24210
[pass] DMTD_ACCEPT              結果: Δ=49457/Δ>0
[pass] SPLL_TAG_VALID_COUNT     結果: Δ=24220/Δ>0
RAW SPLL_TAG_VALID_COUNT     before=0x00114A6B after=0x0011A907 delta=24220
[pass] SPLL_TRR_WRITE_COUNT     結果: Δ=24220/Δ>0
RAW SPLL_TRR_WRITE_COUNT     before=0x00114A98 after=0x0011A934 delta=24220
[pass] WRPC_SPLL_TRR_POP_COUNT  結果: Δ=26657/Δ>0
RAW WRPC_SPLL_TRR_POP_COUNT  before=0x001138D3 after=0x0011A0F4 delta=26657
[pass] WDIAGS_IRQ_COUNT         結果: Δ=26657/Δ>0
RAW WDIAGS_IRQ_COUNT         before=0x001138D3 after=0x0011A0F4 delta=26657
[pass] WDIAGS_HELPER_UPDATE_COUNT 結果: Δ=26657/Δ>0
RAW WDIAGS_HELPER_UPDATE_COUNT before=0x001138D3 after=0x0011A0F4 delta=26657
[pass] BOOT_GENERATION          結果: Δ=0/Δ=0
RAW BOOT_GENERATION          before=0x00000001 after=0x00000001 delta=0
[pass] CPU_RESET_COUNT          結果: Δ=0/Δ=0
RAW CPU_RESET_COUNT          before=0x00000001 after=0x00000001 delta=0
[pass] WR_CORE_RESET_COUNT      結果: Δ=0/Δ=0
RAW WR_CORE_RESET_COUNT      before=0x00000001 after=0x00000001 delta=0
[pass] SI_CONFIG_DROP_COUNT     結果: Δ=0/Δ=0
RAW SI_CONFIG_DROP_COUNT     before=0x00000001 after=0x00000001 delta=0
STEP4A_MASTER_EVENT_CHAIN = PASS
Step 4 pass

## [Step 5] Closed-loop Lock
STEP5_RESULT = NOT_APPLICABLE_MASTER
STEP5_FIRST_INACTIVE_BOUNDARY = SLAVE_ONLY
Step 5 NA (Step5 closed-loop gate is for Slave)

## [Step 6] Global Time
Step 6 NA

============================================================
White Rabbit Runtime 診斷：DE5 [1-11.1]
============================================================
Step 1 PHY / Link             error
Step 2 Endpoint / PTP         NA
Step 3 WR Handshake           NA
Step 4 Step4A Master Event Chain pass
Step 5 Closed-loop Lock       NA
Step 6 Global Time            NA
STEP1_REGRESSION = FAIL
STEP2_REGRESSION = INVALID
STEP3_REGRESSION = PASS
STEP4A_RESULT = PASS
STEP5_RESULT = NOT_APPLICABLE_MASTER
STEP5_FIRST_INACTIVE_BOUNDARY = SLAVE_ONLY
FAILURE_CLASSIFICATION = JTAG/DASHBOARD_MEASUREMENT_FAILURE
============================================================

================ RAW_SNAPSHOT ================
RAW_SNAPSHOT board=DE5 [1-11.1] label=before
  status           = 31028A41282082F3
  cpu              = 0000007C00005948
  marker           = 000000010000B004
  store            = 00113C150001DFB0
  store_count      = 00000000059CEF30
  exception        = 8000000B00005940
  clock            = 003BAE408C41AEE3
  boot_generation  = 00000001
  cpu_reset_count  = 00000001
  wr_core_reset_count = 00000001
  si_config_drop_count = 00000001
  pps_cr           = 01312D06
  pps_escr         = 01312D0C
  ep_mach          = 02000200
  ep_macl          = 22334401
  ep_dsr           = 42000000
  ptp              = 01014106
  ptp_rx           = 00000000
  ptp_tx           = 0000004C
  ptp_meta         = 02010106
  tx               = 000000EC
  rx               = 00000000
  rxerr            = 00000000
  ptp_types        = 00000000
  foreign_meta     = 0000FF00
  filter_meta      = 00000000
  parse_meta       = 00000054
  wr_rx_signal     = 00000000
  wr_tx_signal     = 00000000
  wr_failure       = 00000000
  wr_state         = A0200064
  wr_reject        = 00000000
  pstat            = 00000000
  sstat            = 00000000
  sec_h            = 00000000
  sec_l            = 0000011A
  ns               = 0A89E3C8
  lock_enable      = 00000000
  lock_result      = 00000000
  lock_polls       = 00000000
  lock_unlocked    = 00000000
  lock_calibration_fail = 00000000
  spll_state       = 00020004
  spll_ocer        = 18AA8A01
  spll_rcer        = 00000000
  spll_occr        = FF000182
  spll_trr_csr     = 001238D2
  spll_dac_hpll    = 37E014B3
  spll_dac_main    = 00000008
  spll_helper_state = 00000100
  spll_helper_limits = 271000C8
  spll_main_state  = 00000000
  spll_main_limits = 00320032
  spll_main_phase_limits = 03E804B0
  spll_state_visit_mask = 00000618
  spll_state_transitions = 00000003
  spll_last_state  = 00000004
  spll_init_count  = 00000001
  dmtd_ref         = 0085311A
  dmtd_fb          = 00506DA7
  dmtd_ref_high_qual_abort = 00D9B025
  dmtd_fb_high_qual_abort = 00881FFF
  tag_valid        = 00114A6B
  trr_write        = 00114A98
  irq              = 001138D3
  helper_update    = 001138D3
  spll_helper_error = FFFDB610
  spll_helper_output = 0000FFFB
  eic_isr          = FFFF0000
  current_tics     = 00045309
RAW_SNAPSHOT board=DE5 [1-11.1] label=after
  status           = 21026AE1380C82F3
  cpu              = 0000007C00005940
  marker           = 000000010000B004
  store            = 00119A520001DFB0
  store_count      = 0000000005BB9F7C
  exception        = 8000000B00005944
  clock            = 00289E9C7BDA9F38
  boot_generation  = 00000001
  cpu_reset_count  = 00000001
  wr_core_reset_count = 00000001
  si_config_drop_count = 00000001
  pps_cr           = 01312D06
  pps_escr         = 01312D0C
  ep_mach          = 02000200
  ep_macl          = 22334401
  ep_dsr           = 42000000
  ptp              = 01014106
  ptp_rx           = 00000000
  ptp_tx           = 0000004D
  ptp_meta         = 02010106
  tx               = 000000EF
  rx               = 00000000
  rxerr            = 00000000
  ptp_types        = 00000000
  foreign_meta     = 0000FF00
  filter_meta      = 00000000
  parse_meta       = 00000055
  wr_rx_signal     = 00000000
  wr_tx_signal     = 00000000
  wr_failure       = 00000000
  wr_state         = A0200064
  wr_reject        = 00000000
  pstat            = 00000000
  sstat            = 00000000
  sec_h            = 00000000
  sec_l            = 00000120
  ns               = 321F27D8
  lock_enable      = 00000000
  lock_result      = 00000000
  lock_polls       = 00000000
  lock_unlocked    = 00000000
  lock_calibration_fail = 00000000
  spll_state       = 00020004
  spll_ocer        = DBB5F601
  spll_rcer        = 00000000
  spll_occr        = 3800016C
  spll_trr_csr     = 0012A0F4
  spll_dac_hpll    = 6986DDA3
  spll_dac_main    = 00000008
  spll_helper_state = 00000100
  spll_helper_limits = 271000C8
  spll_main_state  = 00000000
  spll_main_limits = 00320032
  spll_main_phase_limits = 03E804B0
  spll_state_visit_mask = 00000618
  spll_state_transitions = 00000003
  spll_last_state  = 00000004
  spll_init_count  = 00000001
  dmtd_ref         = 008593B9
  dmtd_fb          = 0050CC39
  dmtd_ref_high_qual_abort = 00DE58A6
  dmtd_fb_high_qual_abort = 008B0832
  tag_valid        = 0011A907
  trr_write        = 0011A934
  irq              = 0011A0F4
  helper_update    = 0011A0F4
  spll_helper_error = FFFDB610
  spll_helper_output = 0000FFFB
  eic_isr          = FFFF0000
  current_tics     = 00046D11
RAW mailbox completion toggle wb_sync_toggle=0

============================================================
White Rabbit Runtime 診斷：DE5 [1-11.2]
============================================================

## [Step 1] PHY / 光纖 Link
[pass] si_config_done           結果: 1/1
[pass] wr_ready                 結果: 1/1
[error] core_tm_link_up          結果: 0/1
[error] core_link_ok             結果: 0/1
[pass] wr_rx_ready              結果: 1/1
[pass] wr_tx_ready              結果: 1/1
[pass] core_phy_rst             結果: 0/0
[pass] si_id_error              結果: 0/0
[pass] wr_rx_enc_err            結果: 0/0
[pass] wr_tx_enc_err            結果: 0/0
[pass] CPU_RESET_n              結果: 1/1
[pass] wr_rx_locked_to_data     結果: 1/1
[info] wr_rx_locked_to_ref      結果: 0/NA
[info] MOD_PRS_n                結果: 0/NA
[info] INTERRUPT_n              結果: 1/NA
Step 1 error

## [Step 2] Endpoint / MiniNIC / PTP
[pass] EP_MAC_H/EP_MAC_L        結果: 02:00:22:33:44:02/02:00:22:33:44:02
[pass] WDIAGS_MODE              結果: 3 SLAVE/3 SLAVE
[error] WDIAGS_PTP               結果: 3 DISABLED (raw=00004103)/9 SLAVE
[info] WDIAGS_PTP_RX            結果: Δ=0/NA
RAW WDIAGS_PTP_RX            before=0x0000002D after=0x0000002D delta=0
[info] WDIAGS_PTP_TX            結果: Δ=0/NA
RAW WDIAGS_PTP_TX            before=0x0000000F after=0x0000000F delta=0
[pass] WDIAGS_TX                結果: Δ=5/Δ>0
RAW WDIAGS_TX                before=0x0000013E after=0x00000143 delta=5
[info] WDIAGS_RX                結果: Δ=0/NA
RAW WDIAGS_RX                before=0x0000003E after=0x0000003E delta=0
[pass] WDIAGS_RXERR             結果: Δ=0/Δ=0
RAW WDIAGS_RXERR             before=0x00000000 after=0x00000000 delta=0
Step 2 NA

## [Step 3] WR Parent / Signaling
[error] WDIAGS_FOREIGN_META      結果: 0/1
[error] WDIAGS_FOREIGN_META      結果: 255/0
[info] WDIAGS_FOREIGN_META      結果: detection=0 config=0/NA
[pass] parentIsWRnode           結果: 1/1
[info] parentWrModeOn           結果: 0/NA
[pass] parentCalibrated         結果: 1/1
[pass] WR_RX_SIGNAL_DEBUG       結果: LOCK count=1/LOCK 0x1001,count>0
[pass] WR_TX_SIGNAL_DEBUG       結果: SLAVE_PRESENT count=1/SLAVE_PRESENT 0x1000,count>0
[pass] WDIAGS_TEMP              結果: WRS_S_LOCK next=WRS_S_LOCK/WRS_S_LOCK=2
[pass] LOCK_ENABLE              結果: 1/> 0
Step 3 NA

## [Step 4B] Slave SoftPLL Startup
[info] STEP4B_UPSTREAM_GATE     結果: BLOCKED/NA
STEP4B_ALLOWED = NO
STEP4B_RESULT = BLOCKED_BY_STEP1
STEP4B_FIRST_INACTIVE_BOUNDARY = UPSTREAM_PREREQUISITE
Step 4B BLOCKED (upstream prerequisite)
Step 4 NA

## [Step 5] Closed-loop Lock
STEP5_RESULT = UPSTREAM_NOT_READY
STEP5_FIRST_INACTIVE_BOUNDARY = UPSTREAM_STEP4B
Step 5 NA

## [Step 6] Global Time
Step 6 NA

============================================================
White Rabbit Runtime 診斷：DE5 [1-11.2]
============================================================
Step 1 PHY / Link             error
Step 2 Endpoint / PTP         NA
Step 3 WR Handshake           NA
Step 4 Step4B Slave SoftPLL Startup blocked
Step 5 Closed-loop Lock       NA
Step 6 Global Time            NA
STEP1_REGRESSION = FAIL
STEP2_REGRESSION = INVALID
STEP3_REGRESSION = INVALID
STEP4B_ALLOWED = NO
STEP4B_RESULT = BLOCKED_BY_STEP1
STEP4B_FIRST_INACTIVE_BOUNDARY = UPSTREAM_PREREQUISITE
STEP5_RESULT = UPSTREAM_NOT_READY
STEP5_FIRST_INACTIVE_BOUNDARY = UPSTREAM_STEP4B
FAILURE_CLASSIFICATION = JTAG/DASHBOARD_MEASUREMENT_FAILURE
============================================================

================ RAW_SNAPSHOT ================
RAW_SNAPSHOT board=DE5 [1-11.2] label=before
  status           = A010388B2F7AA2E3
  cpu              = 0000007C00005948
  marker           = 000000010000B004
  store            = 00243FE50001DFB0
  store_count      = 000000000878593F
  exception        = 8000000B00005940
  clock            = 002DB3F784B4AC2F
  boot_generation  = 00000001
  cpu_reset_count  = 00000001
  wr_core_reset_count = 00000001
  si_config_drop_count = 00000001
  pps_cr           = 01312D06
  pps_escr         = 01312D00
  ep_mach          = 02000200
  ep_macl          = 22334402
  ep_dsr           = 42000000
  ptp              = 00004103
  ptp_rx           = 0000002D
  ptp_tx           = 0000000F
  ptp_meta         = 03000003
  tx               = 0000013E
  rx               = 0000003E
  rxerr            = 00000000
  ptp_types        = 010A060A
  foreign_meta     = 0000FF00
  filter_meta      = 00000000
  parse_meta       = 05010601
  wr_rx_signal     = 10010001
  wr_tx_signal     = 10000001
  wr_failure       = 00000000
  wr_state         = A041105C
  wr_reject        = 00000000
  pstat            = 00000000
  sstat            = 00000101
  sec_h            = 00000000
  sec_l            = 00000141
  ns               = 27B081F0
  lock_enable      = 00000001
  lock_result      = 00000001
  lock_polls       = 00000B13
  lock_unlocked    = 00000B13
  lock_calibration_fail = 00000000
  spll_state       = 00030004
  spll_ocer        = 3D95AE01
  spll_rcer        = 00000001
  spll_occr        = EB00019C
  spll_trr_csr     = 0026EC02
  spll_dac_hpll    = 5B20D18D
  spll_dac_main    = 00000009
  spll_helper_state = 00000000
  spll_helper_limits = 271000C8
  spll_main_state  = 00000000
  spll_main_limits = 00320032
  spll_main_phase_limits = 03E804B0
  spll_state_visit_mask = 00000618
  spll_state_transitions = 00000003
  spll_last_state  = 00000004
  spll_init_count  = 00000001
  dmtd_ref         = 01FF3756
  dmtd_fb          = 022D2513
  dmtd_ref_high_qual_abort = 01D75712
  dmtd_fb_high_qual_abort = 000F9B88
  tag_valid        = 00251588
  trr_write        = 002515DE
  irq              = 002453E3
  helper_update    = 0011EA2B
  spll_helper_error = 000249F0
  spll_helper_output = 00000005
  eic_isr          = FFFF0000
  current_tics     = 0004F1A4
RAW_SNAPSHOT board=DE5 [1-11.2] label=after
  status           = F010C2010F6782E3
  cpu              = 0000007C00018010
  marker           = 000000010000B004
  store            = 0024F4720001DFB0
  store_count      = 0000000008A1CA83
  exception        = 8000000B00005944
  clock            = 003B9946694F9187
  boot_generation  = 00000001
  cpu_reset_count  = 00000001
  wr_core_reset_count = 00000001
  si_config_drop_count = 00000001
  pps_cr           = 01312D06
  pps_escr         = 01312D00
  ep_mach          = 02000200
  ep_macl          = 22334402
  ep_dsr           = 42000000
  ptp              = 00004103
  ptp_rx           = 0000002D
  ptp_tx           = 0000000F
  ptp_meta         = 03000003
  tx               = 00000143
  rx               = 0000003E
  rxerr            = 00000000
  ptp_types        = 010A060A
  foreign_meta     = 0000FF00
  filter_meta      = 00000000
  parse_meta       = 05010601
  wr_rx_signal     = 10010001
  wr_tx_signal     = 10000001
  wr_failure       = 00000000
  wr_state         = A041105C
  wr_reject        = 00000000
  pstat            = 00000000
  sstat            = 00000101
  sec_h            = 00000000
  sec_l            = 00000148
  ns               = 14DBF260
  lock_enable      = 00000001
  lock_result      = 00000001
  lock_polls       = 00000B13
  lock_unlocked    = 00000B13
  lock_calibration_fail = 00000000
  spll_state       = 00030004
  spll_ocer        = BCAE1201
  spll_rcer        = 00000001
  spll_occr        = 3F000112
  spll_trr_csr     = 0026B868
  spll_dac_hpll    = 8CEDA767
  spll_dac_main    = 00000009
  spll_helper_state = 00000000
  spll_helper_limits = 271000C8
  spll_main_state  = 00000000
  spll_main_limits = 00320032
  spll_main_phase_limits = 03E804B0
  spll_state_visit_mask = 00000618
  spll_state_transitions = 00000003
  spll_last_state  = 00000004
  spll_init_count  = 00000001
  dmtd_ref         = 01FF91FC
  dmtd_fb          = 022D83CA
  dmtd_ref_high_qual_abort = 01DD2565
  dmtd_fb_high_qual_abort = 000FE84E
  tag_valid        = 0025CEFC
  trr_write        = 0025CF58
  irq              = 0024FACA
  helper_update    = 00123D79
  spll_helper_error = 000249F0
  spll_helper_output = 00000005
  eic_isr          = FFFF0000
  current_tics     = 00050766

============================================================
JTAG/WB transport health summary
============================================================
WB_TRANSPORT_PROTOCOL = PRELOAD_THEN_TOGGLE_COMMIT
WB_REQUEST_COUNT = 352
PRELOAD_COUNT = 352
COMMIT_COUNT = 352
WB_PROBE_READ_COUNT = 1760
PRELOAD_UNEXPECTED_TRIGGER_COUNT = 0
PROBE_3WAY_MATCH_COUNT = 352
STABLE_RESPONSE_WRONG_COUNT = 0
ADDRESS_CROSS_CONTAMINATION_COUNT = 0
TIMEOUT_COUNT = 0
INVALID_COUNT = 0
STALE_A5A5_COUNT = 0
UNSTABLE_TRANSACTION_COUNT = 0
DMTD_REF_DECREASE_COUNT = 0
DMTD_FB_DECREASE_COUNT = 0
PRELOAD_PROTOCOL_RUNTIME_REVALIDATION = PASS
JTAG_WB_DIAGNOSTIC_PATH = TRUSTED
============================================================

============================================================
STEP4A_RESULT = PASS
STEP4B_ALLOWED = NO
STEP4B_RESULT = BLOCKED_BY_STEP1
STEP4B_FIRST_INACTIVE_BOUNDARY = UPSTREAM_PREREQUISITE
STEP5_RESULT = NOT_APPLICABLE_MASTER
STEP5_FIRST_INACTIVE_BOUNDARY = SLAVE_ONLY
STEP5_RESULT = UPSTREAM_NOT_READY
STEP5_FIRST_INACTIVE_BOUNDARY = UPSTREAM_STEP4B
============================================================
Info (23030): Evaluation of Tcl script scripts/jtag/read_wb_runtime.tcl was successful
Info: Quartus Prime SignalTap II was successful. 0 errors, 0 warnings
    Info: Peak virtual memory: 776 megabytes
    Info: Processing ended: Wed Sep  2 03:40:28 2026
    Info: Elapsed time: 00:00:15
    Info: Total CPU time (on all processors): 00:00:00
