Info: *******************************************************************
Info: Running Quartus Prime SignalTap II
    Info: Version 17.0.0 Build 595 04/25/2017 SJ Standard Edition
    Info: Copyright (C) 2017  Intel Corporation. All rights reserved.
    Info: Your use of Intel Corporation's design tools, logic functions 
    Info: and other software and tools, and its AMPP partner logic 
    Info: functions, and any output files from any of the foregoing 
    Info: (including device programming or simulation files), and any 
    Info: associated documentation or information are expressly subject 
    Info: to the terms and conditions of the Intel Program License 
    Info: Subscription Agreement, the Intel Quartus Prime License Agreement,
    Info: the Intel MegaCore Function License Agreement, or other 
    Info: applicable license agreement, including, without limitation, 
    Info: that your use is for the sole purpose of programming logic 
    Info: devices manufactured by Intel and sold by Intel or its 
    Info: authorized distributors.  Please refer to the applicable 
    Info: agreement for further details.
    Info: Processing started: Tue Sep  1 16:43:02 2026
Info: Command: quartus_stp -t scripts/jtag/read_wb_runtime.tcl --raw
Info: Quartus(args): --raw
RAW mailbox completion toggle wb_sync_toggle=0

============================================================
White Rabbit Runtime 診斷：DE5 [1-11.1]
============================================================

## [Step 1] PHY / 光纖 Link
[pass] si_config_done           結果: 1/1
[pass] wr_ready                 結果: 1/1
[pass] core_tm_link_up          結果: 1/1
[pass] core_link_ok             結果: 1/1
[pass] wr_rx_ready              結果: 1/1
[pass] wr_tx_ready              結果: 1/1
[pass] core_phy_rst             結果: 0/0
[pass] si_id_error              結果: 0/0
[pass] wr_rx_enc_err            結果: 0/0
[pass] wr_tx_enc_err            結果: 0/0
[pass] CPU_RESET_n              結果: 1/1
[pass] wr_rx_locked_to_data     結果: 1/1
[info] wr_rx_locked_to_ref      結果: 0/NA
[info] MOD_PRS_n                結果: 0/NA
[info] INTERRUPT_n              結果: 1/NA
Step 1 pass

## [Step 2] Endpoint / MiniNIC / PTP
[pass] EP_MAC_H/EP_MAC_L        結果: 02:00:22:33:44:01/02:00:22:33:44:01
[pass] WDIAGS_MODE              結果: 2 MASTER/2 MASTER
[pass] WDIAGS_PTP               結果: 6 MASTER (raw=01014106)/6 MASTER
[pass] WDIAGS_PTP_RX            結果: Δ=9/Δ>0
RAW WDIAGS_PTP_RX            before=0x00000191 after=0x0000019A delta=9
[pass] WDIAGS_PTP_TX            結果: Δ=22/Δ>0
RAW WDIAGS_PTP_TX            before=0x00000392 after=0x000003A8 delta=22
[pass] WDIAGS_TX                結果: Δ=30/Δ>0
RAW WDIAGS_TX                before=0x000004AC after=0x000004CA delta=30
[pass] WDIAGS_RX                結果: Δ=14/Δ>0
RAW WDIAGS_RX                before=0x0000026D after=0x0000027B delta=14
[pass] WDIAGS_RXERR             結果: Δ=0/Δ=0
RAW WDIAGS_RXERR             before=0x00000000 after=0x00000000 delta=0
Step 2 pass

## [Step 3] WR Parent / Signaling
Step 3 NA

## [Step 4A] Master SoftPLL Event Chain
[pass] DMTD_REF_ACCEPT_EVENT    結果: Δ=23224/Δ>=0
RAW DMTD_REF_ACCEPT_EVENT    before=0x0082EB2F after=0x008345E7 delta=23224
[pass] DMTD_FB_ACCEPT_EVENT     結果: Δ=22194/Δ>=0
RAW DMTD_FB_ACCEPT_EVENT     before=0x004EB412 after=0x004F0AC4 delta=22194
[pass] DMTD_ACCEPT              結果: Δ=45418/Δ>0
[pass] SPLL_TAG_VALID_COUNT     結果: Δ=22195/Δ>0
RAW SPLL_TAG_VALID_COUNT     before=0x000F934F after=0x000FEA02 delta=22195
[pass] SPLL_TRR_WRITE_COUNT     結果: Δ=22196/Δ>0
RAW SPLL_TRR_WRITE_COUNT     before=0x000F9365 after=0x000FEA19 delta=22196
[pass] WRPC_SPLL_TRR_POP_COUNT  結果: Δ=22397/Δ>0
RAW WRPC_SPLL_TRR_POP_COUNT  before=0x000F9284 after=0x000FEA01 delta=22397
[pass] WDIAGS_IRQ_COUNT         結果: Δ=22397/Δ>0
RAW WDIAGS_IRQ_COUNT         before=0x000F9284 after=0x000FEA01 delta=22397
[pass] WDIAGS_HELPER_UPDATE_COUNT 結果: Δ=22397/Δ>0
RAW WDIAGS_HELPER_UPDATE_COUNT before=0x000F9284 after=0x000FEA01 delta=22397
[pass] BOOT_GENERATION          結果: Δ=0/Δ=0
RAW BOOT_GENERATION          before=0x00000001 after=0x00000001 delta=0
[pass] CPU_RESET_COUNT          結果: Δ=0/Δ=0
RAW CPU_RESET_COUNT          before=0x00000001 after=0x00000001 delta=0
[pass] WR_CORE_RESET_COUNT      結果: Δ=0/Δ=0
RAW WR_CORE_RESET_COUNT      before=0x00000001 after=0x00000001 delta=0
[pass] SI_CONFIG_DROP_COUNT     結果: Δ=0/Δ=0
RAW SI_CONFIG_DROP_COUNT     before=0x00000001 after=0x00000001 delta=0
STEP4A_MASTER_EVENT_CHAIN = PASS
Step 4 pass

## [Step 5] Closed-loop Lock
STEP5_RESULT = NOT_APPLICABLE_MASTER
STEP5_FIRST_INACTIVE_BOUNDARY = SLAVE_ONLY
Step 5 NA (Step5 closed-loop gate is for Slave)

## [Step 6] Global Time
Step 6 NA

============================================================
White Rabbit Runtime 診斷：DE5 [1-11.1]
============================================================
Step 1 PHY / Link             pass
Step 2 Endpoint / PTP         pass
Step 3 WR Handshake           NA
Step 4 Step4A Master Event Chain pass
Step 5 Closed-loop Lock       NA
Step 6 Global Time            NA
STEP1_REGRESSION = PASS
STEP2_REGRESSION = PASS
STEP3_REGRESSION = PASS
STEP4A_RESULT = PASS
STEP5_RESULT = NOT_APPLICABLE_MASTER
STEP5_FIRST_INACTIVE_BOUNDARY = SLAVE_ONLY
FAILURE_CLASSIFICATION = NO_FAILURE_EVIDENCE
============================================================

================ RAW_SNAPSHOT ================
RAW_SNAPSHOT board=DE5 [1-11.1] label=before
  status           = 001E2D61393C82FF
  cpu              = 0000007C00001228
  marker           = 000000010000B004
  store            = 000F8BB30001DFB0
  store_count      = 00000000067B70BD
  exception        = 8000000B00001220
  clock            = 003DB8E9624C818D
  boot_generation  = 00000001
  cpu_reset_count  = 00000001
  wr_core_reset_count = 00000001
  si_config_drop_count = 00000001
  pps_cr           = 01312D06
  pps_escr         = 0000000C
  ep_mach          = 02000200
  ep_macl          = 22334401
  ep_dsr           = 42000000
  ptp              = 01014106
  ptp_rx           = 00000191
  ptp_tx           = 00000392
  ptp_meta         = 02020406
  tx               = 000004AC
  rx               = 0000026D
  rxerr            = 00000000
  ptp_types        = 01010101
  foreign_meta     = 0000FF00
  filter_meta      = 00000000
  parse_meta       = 00010108
  wr_rx_signal     = 10000001
  wr_tx_signal     = 10010004
  wr_failure       = 01030001
  wr_state         = A0000064
  wr_reject        = 00000000
  pstat            = 00000001
  sstat            = 00000000
  sec_h            = 00000000
  sec_l            = 000000FE
  ns               = 3885A058
  lock_enable      = 00000000
  lock_result      = 00000000
  lock_polls       = 00000000
  lock_unlocked    = 00000000
  lock_calibration_fail = 00000000
  spll_state       = 00020004
  spll_ocer        = A5F05601
  spll_rcer        = 00000000
  spll_occr        = FA00016C
  spll_trr_csr     = 000E90F0
  spll_dac_hpll    = 6DF8D2A3
  spll_dac_main    = 00000007
  spll_helper_state = 00000100
  spll_helper_limits = 271000C8
  spll_main_state  = 00000000
  spll_main_limits = 00320032
  spll_main_phase_limits = 03E804B0
  spll_state_visit_mask = 00000618
  spll_state_transitions = 00000003
  spll_last_state  = 00000004
  spll_init_count  = 00000001
  dmtd_ref         = 0082EB2F
  dmtd_fb          = 004EB412
  dmtd_ref_high_qual_abort = 00B4263B
  dmtd_fb_high_qual_abort = 007A8BB6
  tag_valid        = 000F934F
  trr_write        = 000F9365
  irq              = 000F9284
  helper_update    = 000F9284
  spll_helper_error = FFFDB610
  spll_helper_output = 0000FFFB
  eic_isr          = FFFF0000
  current_tics     = 0003E9DA
RAW_SNAPSHOT board=DE5 [1-11.1] label=after
  status           = B01E346139BC82FF
  cpu              = 0000007C00001228
  marker           = 000000010000B004
  store            = 000FE2630001DFB0
  store_count      = 0000000006A062AC
  exception        = 8000000B00001228
  clock            = 002810F0B99ED98C
  boot_generation  = 00000001
  cpu_reset_count  = 00000001
  wr_core_reset_count = 00000001
  si_config_drop_count = 00000001
  pps_cr           = 01312D06
  pps_escr         = 0000010C
  ep_mach          = 02000200
  ep_macl          = 22334401
  ep_dsr           = 42000000
  ptp              = 01014106
  ptp_rx           = 0000019A
  ptp_tx           = 000003A8
  ptp_meta         = 02020406
  tx               = 000004CA
  rx               = 0000027B
  rxerr            = 00000000
  ptp_types        = 01010101
  foreign_meta     = 0000FF00
  filter_meta      = 00000000
  parse_meta       = 00010117
  wr_rx_signal     = 10000001
  wr_tx_signal     = 10010004
  wr_failure       = 01030001
  wr_state         = A0000064
  wr_reject        = 00000000
  pstat            = 00000001
  sstat            = 00000000
  sec_h            = 00000000
  sec_l            = 00000104
  ns               = 1AC16838
  lock_enable      = 00000000
  lock_result      = 00000000
  lock_polls       = 00000000
  lock_unlocked    = 00000000
  lock_calibration_fail = 00000000
  spll_state       = 00020004
  spll_ocer        = CD87B201
  spll_rcer        = 00000000
  spll_occr        = A0000148
  spll_trr_csr     = 000EE6E2
  spll_dac_hpll    = 96F488B5
  spll_dac_main    = 00000007
  spll_helper_state = 00000100
  spll_helper_limits = 271000C8
  spll_main_state  = 00000000
  spll_main_limits = 00320032
  spll_main_phase_limits = 03E804B0
  spll_state_visit_mask = 00000618
  spll_state_transitions = 00000003
  spll_last_state  = 00000004
  spll_init_count  = 00000001
  dmtd_ref         = 008345E7
  dmtd_fb          = 004F0AC4
  dmtd_ref_high_qual_abort = 00B7DCD3
  dmtd_fb_high_qual_abort = 007D355F
  tag_valid        = 000FEA02
  trr_write        = 000FEA19
  irq              = 000FEA01
  helper_update    = 000FEA01
  spll_helper_error = FFFDB610
  spll_helper_output = 0000FFFB
  eic_isr          = FFFF0000
  current_tics     = 0003FF55
RAW mailbox completion toggle wb_sync_toggle=0

============================================================
White Rabbit Runtime 診斷：DE5 [1-11.2]
============================================================

## [Step 1] PHY / 光纖 Link
[pass] si_config_done           結果: 1/1
[pass] wr_ready                 結果: 1/1
[pass] core_tm_link_up          結果: 1/1
[pass] core_link_ok             結果: 1/1
[pass] wr_rx_ready              結果: 1/1
[pass] wr_tx_ready              結果: 1/1
[pass] core_phy_rst             結果: 0/0
[pass] si_id_error              結果: 0/0
[pass] wr_rx_enc_err            結果: 0/0
[pass] wr_tx_enc_err            結果: 0/0
[pass] CPU_RESET_n              結果: 1/1
[pass] wr_rx_locked_to_data     結果: 1/1
[info] wr_rx_locked_to_ref      結果: 0/NA
[info] MOD_PRS_n                結果: 0/NA
[info] INTERRUPT_n              結果: 1/NA
Step 1 pass

## [Step 2] Endpoint / MiniNIC / PTP
[pass] EP_MAC_H/EP_MAC_L        結果: 02:00:22:33:44:02/02:00:22:33:44:02
[pass] WDIAGS_MODE              結果: 3 SLAVE/3 SLAVE
[pass] WDIAGS_PTP               結果: 9 SLAVE (raw=00004109)/9 SLAVE
[pass] WDIAGS_PTP_RX            結果: Δ=25/Δ>0
RAW WDIAGS_PTP_RX            before=0x000002E4 after=0x000002FD delta=25
[pass] WDIAGS_PTP_TX            結果: Δ=3/Δ>0
RAW WDIAGS_PTP_TX            before=0x000000B0 after=0x000000B3 delta=3
[pass] WDIAGS_TX                結果: Δ=19/Δ>0
RAW WDIAGS_TX                before=0x00000214 after=0x00000227 delta=19
[pass] WDIAGS_RX                結果: Δ=31/Δ>0
RAW WDIAGS_RX                before=0x00000392 after=0x000003B1 delta=31
[pass] WDIAGS_RXERR             結果: Δ=0/Δ=0
RAW WDIAGS_RXERR             before=0x00000000 after=0x00000000 delta=0
Step 2 pass

## [Step 3] WR Parent / Signaling
[pass] WDIAGS_FOREIGN_META      結果: 1/1
[pass] WDIAGS_FOREIGN_META      結果: 0/0
[info] WDIAGS_FOREIGN_META      結果: detection=0 config=3/NA
[pass] parentIsWRnode           結果: 1/1
[info] parentWrModeOn           結果: 0/NA
[pass] parentCalibrated         結果: 1/1
[pass] WR_RX_SIGNAL_DEBUG       結果: LOCK count=1/LOCK 0x1001,count>0
[pass] WR_TX_SIGNAL_DEBUG       結果: SLAVE_PRESENT count=1/SLAVE_PRESENT 0x1000,count>0
[info] WDIAGS_TEMP              結果: WRS_IDLE next=WRS_IDLE POST_STEP3_TIMEOUT/NA
[pass] LOCK_ENABLE              結果: 4/> 0
[info] WR_FAILURE_DEBUG         結果: TIMEOUT last_fail_state=WRS_S_LOCK failure_count=1/NA
Step 3 pass

## [Step 4B] Slave SoftPLL Startup
[pass] LOCK_ENABLE_COUNT        結果: 4/> 0
[pass] SPLL_MODE                結果: 3 (SPLL_MODE_SLAVE)/3 SPLL_MODE_SLAVE
[pass] SPLL_SEQ_STATE           結果: 4 (SEQ_WAIT_HELPER)/active, not 0/7
[pass] SPLL_STATE_VISIT_MASK    結果: 0x00000618/> 0
[pass] SPLL_INIT_COUNT          結果: 1/> 0
[pass] RCER                     結果: 0x00000001/> 0
[pass] OCER                     結果: 0x7E2C6601/> 0
[info] SPLL_ALIGN_STATE         結果: 0/NA
[info] SPLL_STATE_TRANSITIONS   結果: 0x00000003/NA
[info] SPLL_LAST_STATE          結果: 4 (SEQ_WAIT_HELPER)/NA
[info] OCCR                     結果: 0x8A0001F4/NA
[pass] DMTD_REF_ACCEPT_EVENT    結果: Δ=21160/Δ>=0
RAW DMTD_REF_ACCEPT_EVENT    before=0x0260C728 after=0x026119D0 delta=21160
[pass] DMTD_FB_ACCEPT_EVENT     結果: Δ=22190/Δ>=0
RAW DMTD_FB_ACCEPT_EVENT     before=0x02920EAA after=0x02926558 delta=22190
[pass] DMTD_ACCEPT              結果: Δ=43350/Δ>0
[pass] SPLL_TAG_VALID_COUNT     結果: Δ=43349/Δ>0
RAW SPLL_TAG_VALID_COUNT     before=0x00136A49 after=0x0014139E delta=43349
[pass] SPLL_TRR_WRITE_COUNT     結果: Δ=43350/Δ>0
RAW SPLL_TRR_WRITE_COUNT     before=0x00136A75 after=0x001413CB delta=43350
[pass] WRPC_SPLL_TRR_POP_COUNT  結果: Δ=43762/Δ>0
RAW WRPC_SPLL_TRR_POP_COUNT  before=0x0013682A after=0x0014131C delta=43762
[pass] WDIAGS_IRQ_COUNT         結果: Δ=42864/Δ>0
RAW WDIAGS_IRQ_COUNT         before=0x001303BE after=0x0013AB2E delta=42864
[pass] WDIAGS_HELPER_UPDATE_COUNT 結果: Δ=21362/Δ>0
RAW WDIAGS_HELPER_UPDATE_COUNT before=0x00097922 after=0x0009CC94 delta=21362
[pass] BOOT_GENERATION          結果: Δ=0/Δ=0
RAW BOOT_GENERATION          before=0x00000001 after=0x00000001 delta=0
[pass] CPU_RESET_COUNT          結果: Δ=0/Δ=0
RAW CPU_RESET_COUNT          before=0x00000001 after=0x00000001 delta=0
[pass] WR_CORE_RESET_COUNT      結果: Δ=0/Δ=0
RAW WR_CORE_RESET_COUNT      before=0x00000001 after=0x00000001 delta=0
[pass] SI_CONFIG_DROP_COUNT     結果: Δ=0/Δ=0
RAW SI_CONFIG_DROP_COUNT     before=0x00000001 after=0x00000001 delta=0
STEP4B_ALLOWED = YES
STEP4B_RESULT = PASS
STEP4B_FIRST_INACTIVE_BOUNDARY = ACTIVE
Step 4B pass
Step 4 pass

## [Step 5] Closed-loop Lock
STEP5_LOCKDET_BEFORE: HELPER locked=0 changed=0 cnt=100/10000 threshold=200 ref_src=0 MAIN enabled=0 locked=0 freq=0 phase=0 freq_cnt=0/50 phase_cnt=0/1000 PSTAT_locked=0
STEP5_LOCKDET_AFTER: HELPER locked=0 changed=0 cnt=100/10000 threshold=200 ref_src=0 MAIN enabled=0 locked=0 freq=0 phase=0 freq_cnt=0/50 phase_cnt=0/1000 PSTAT_locked=0
[error] WDIAGS_PSTAT             結果: 0/1
STEP5_RESULT = NEVER_LOCKED
STEP5_FIRST_INACTIVE_BOUNDARY = HELPER_LOCK
Step 5 NA (single window is not stable-lock proof)

## [Step 6] Global Time
Step 6 NA

============================================================
White Rabbit Runtime 診斷：DE5 [1-11.2]
============================================================
Step 1 PHY / Link             pass
Step 2 Endpoint / PTP         pass
Step 3 WR Handshake           pass
Step 4 Step4B Slave SoftPLL Startup pass
Step 5 Closed-loop Lock       NA
Step 6 Global Time            NA
STEP1_REGRESSION = PASS
STEP2_REGRESSION = PASS
STEP3_REGRESSION = PASS
STEP4B_ALLOWED = YES
STEP4B_RESULT = PASS
STEP4B_FIRST_INACTIVE_BOUNDARY = ACTIVE
STEP5_RESULT = NEVER_LOCKED
STEP5_FIRST_INACTIVE_BOUNDARY = HELPER_LOCK
FAILURE_CLASSIFICATION = NO_FAILURE_EVIDENCE
============================================================

================ RAW_SNAPSHOT ================
RAW_SNAPSHOT board=DE5 [1-11.2] label=before
  status           = E1105A6139BC82CF
  cpu              = 0000007C00001228
  marker           = 000000010000B004
  store            = 0012F7680001DFB0
  store_count      = 00000000059A52A0
  exception        = 8000000B00001228
  clock            = 002CA0438ECAA422
  boot_generation  = 00000001
  cpu_reset_count  = 00000001
  wr_core_reset_count = 00000001
  si_config_drop_count = 00000001
  pps_cr           = 01312D02
  pps_escr         = 00000100
  ep_mach          = 02000200
  ep_macl          = 22334402
  ep_dsr           = 42000000
  ptp              = 00004109
  ptp_rx           = 000002E4
  ptp_tx           = 000000B0
  ptp_meta         = 03020409
  tx               = 00000214
  rx               = 00000392
  rxerr            = 00000000
  ptp_types        = 04A754A7
  foreign_meta     = 03000001
  filter_meta      = 00000000
  parse_meta       = 050154AC
  wr_rx_signal     = 10010001
  wr_tx_signal     = 10000001
  wr_failure       = 02020001
  wr_state         = A000035C
  wr_reject        = 00000000
  pstat            = 00000001
  sstat            = 00000001
  sec_h            = 00000000
  sec_l            = 00000105
  ns               = 09EF6BB0
  lock_enable      = 00000004
  lock_result      = 00000001
  lock_polls       = 00005B1A
  lock_unlocked    = 00005B1A
  lock_calibration_fail = 00000000
  spll_state       = 00030004
  spll_ocer        = 1D821401
  spll_rcer        = 00000001
  spll_occr        = D30001B3
  spll_trr_csr     = 0012641C
  spll_dac_hpll    = 10B45487
  spll_dac_main    = 00000005
  spll_helper_state = 00640000
  spll_helper_limits = 271000C8
  spll_main_state  = 00000000
  spll_main_limits = 00320032
  spll_main_phase_limits = 03E804B0
  spll_state_visit_mask = 271000C8
  spll_state_transitions = 00000003
  spll_last_state  = 00000004
  spll_init_count  = 00000001
  dmtd_ref         = 0260C728
  dmtd_fb          = 02920EAA
  dmtd_ref_high_qual_abort = 00248D85
  dmtd_fb_high_qual_abort = 0007D460
  tag_valid        = 00136A49
  trr_write        = 00136A75
  irq              = 001303BE
  helper_update    = 00097922
  spll_helper_error = FFFFF998
  spll_helper_output = 00001CA6
  eic_isr          = FFFF0000
  current_tics     = 0002ACA3
RAW_SNAPSHOT board=DE5 [1-11.2] label=after
  status           = F1106841295082CF
  cpu              = 0000007C00001224
  marker           = 000000010000B004
  store            = 00139D260001DFB0
  store_count      = 0000000005C9F77C
  exception        = 8000000B00001220
  clock            = 002AEE98DC79F27E
  boot_generation  = 00000001
  cpu_reset_count  = 00000001
  wr_core_reset_count = 00000001
  si_config_drop_count = 00000001
  pps_cr           = 01312D02
  pps_escr         = 00000100
  ep_mach          = 02000200
  ep_macl          = 22334402
  ep_dsr           = 42000000
  ptp              = 00004109
  ptp_rx           = 000002FD
  ptp_tx           = 000000B3
  ptp_meta         = 03020409
  tx               = 00000227
  rx               = 000003B1
  rxerr            = 00000000
  ptp_types        = 04AC56AC
  foreign_meta     = 03000001
  filter_meta      = 00000000
  parse_meta       = 050156C2
  wr_rx_signal     = 10010001
  wr_tx_signal     = 10000001
  wr_failure       = 02020001
  wr_state         = A000035C
  wr_reject        = 00000000
  pstat            = 00000001
  sstat            = 00000001
  sec_h            = 00000000
  sec_l            = 0000010A
  ns               = 27B8B790
  lock_enable      = 00000004
  lock_result      = 00000001
  lock_polls       = 00005B1A
  lock_unlocked    = 00005B1A
  lock_calibration_fail = 00000000
  spll_state       = 00030004
  spll_ocer        = 7E2C6601
  spll_rcer        = 00000001
  spll_occr        = 8A0001F4
  spll_trr_csr     = 00160CFE
  spll_dac_hpll    = 39AE4510
  spll_dac_main    = 00000005
  spll_helper_state = 00640000
  spll_helper_limits = 271000C8
  spll_main_state  = 00000000
  spll_main_limits = 00320032
  spll_main_phase_limits = 03E804B0
  spll_state_visit_mask = 00000618
  spll_state_transitions = 00000003
  spll_last_state  = 00000004
  spll_init_count  = 00000001
  dmtd_ref         = 026119D0
  dmtd_fb          = 02926558
  dmtd_ref_high_qual_abort = 0025D736
  dmtd_fb_high_qual_abort = 000818CC
  tag_valid        = 0014139E
  trr_write        = 001413CB
  irq              = 0013AB2E
  helper_update    = 0009CC94
  spll_helper_error = FFFFFFC3
  spll_helper_output = 00001E50
  eic_isr          = FFFF0000
  current_tics     = 0002C21F

============================================================
STEP4A_RESULT = PASS
STEP4B_ALLOWED = YES
STEP4B_RESULT = PASS
STEP4B_FIRST_INACTIVE_BOUNDARY = ACTIVE
STEP5_RESULT = NOT_APPLICABLE_MASTER
STEP5_FIRST_INACTIVE_BOUNDARY = SLAVE_ONLY
STEP5_RESULT = NEVER_LOCKED
STEP5_FIRST_INACTIVE_BOUNDARY = HELPER_LOCK
============================================================
Info (23030): Evaluation of Tcl script scripts/jtag/read_wb_runtime.tcl was successful
Info: Quartus Prime SignalTap II was successful. 0 errors, 0 warnings
    Info: Peak virtual memory: 776 megabytes
    Info: Processing ended: Tue Sep  1 16:43:15 2026
    Info: Elapsed time: 00:00:13
    Info: Total CPU time (on all processors): 00:00:00
