Info: *******************************************************************
Info: Running Quartus Prime Signal Tap
    Info: Version 21.3.0 Build 170 09/23/2021 SC Pro Edition
    Info: Copyright (C) 2021  Intel Corporation. All rights reserved.
    Info: Your use of Intel Corporation's design tools, logic functions 
    Info: and other software and tools, and any partner logic 
    Info: functions, and any output files from any of the foregoing 
    Info: (including device programming or simulation files), and any 
    Info: associated documentation or information are expressly subject 
    Info: to the terms and conditions of the Intel Program License 
    Info: Subscription Agreement, the Intel Quartus Prime License Agreement,
    Info: the Intel FPGA IP License Agreement, or other applicable license
    Info: agreement, including, without limitation, that your use is for
    Info: the sole purpose of programming logic devices manufactured by
    Info: Intel and sold by Intel or its authorized distributors.  Please
    Info: refer to the applicable agreement for further details, at
    Info: https://fpgasoftware.intel.com/eula.
    Info: Processing started: Wed Sep  2 07:01:01 2026
    Info: System process ID: 3101184
Info: Command: quartus_stp -t scripts/jtag/read_wb_runtime.tcl --raw
Info: Quartus(args): --raw
RAW mailbox completion toggle wb_sync_toggle=1

============================================================
White Rabbit Runtime 診斷：DE5 [1-11.1]
============================================================

## [Step 1] PHY / 光纖 Link
[pass] si_config_done           結果: 1/1
[pass] wr_ready                 結果: 1/1
[pass] core_tm_link_up          結果: 1/1
[pass] core_link_ok             結果: 1/1
[pass] wr_rx_ready              結果: 1/1
[pass] wr_tx_ready              結果: 1/1
[pass] core_phy_rst             結果: 0/0
[pass] si_id_error              結果: 0/0
[pass] wr_rx_enc_err            結果: 0/0
[pass] wr_tx_enc_err            結果: 0/0
[pass] CPU_RESET_n              結果: 1/1
[pass] wr_rx_locked_to_data     結果: 1/1
[info] wr_rx_locked_to_ref      結果: 1/NA
[info] MOD_PRS_n                結果: 0/NA
[info] INTERRUPT_n              結果: 1/NA
Step 1 pass

## [Step 2] Endpoint / MiniNIC / PTP
[pass] EP_MAC_H/EP_MAC_L        結果: 02:00:22:33:44:01/02:00:22:33:44:01
[pass] WDIAGS_MODE              結果: 2 MASTER/2 MASTER
[pass] WDIAGS_PTP               結果: 6 MASTER (raw=01014106)/6 MASTER
[pass] WDIAGS_PTP_RX            結果: Δ=10/Δ>0
RAW WDIAGS_PTP_RX            before=0x000000D4 after=0x000000DE delta=10
[pass] WDIAGS_PTP_TX            結果: Δ=25/Δ>0
RAW WDIAGS_PTP_TX            before=0x000001DE after=0x000001F7 delta=25
[pass] WDIAGS_TX                結果: Δ=32/Δ>0
RAW WDIAGS_TX                before=0x00000267 after=0x00000287 delta=32
[pass] WDIAGS_RX                結果: Δ=17/Δ>0
RAW WDIAGS_RX                before=0x00000145 after=0x00000156 delta=17
[pass] WDIAGS_RXERR             結果: Δ=0/Δ=0
RAW WDIAGS_RXERR             before=0x00000000 after=0x00000000 delta=0
Step 2 pass

## [Step 3] WR Parent / Signaling
Step 3 NA

## [Step 4A] Master SoftPLL Event Chain
[pass] DMTD_REF_ACCEPT_EVENT    結果: Δ=23184/Δ>=0
RAW DMTD_REF_ACCEPT_EVENT    before=0x0012DFB0 after=0x00133A40 delta=23184
[pass] DMTD_FB_ACCEPT_EVENT     結果: Δ=24339/Δ>=0
RAW DMTD_FB_ACCEPT_EVENT     before=0x00474FCC after=0x0047AEDF delta=24339
[pass] DMTD_ACCEPT              結果: Δ=47523/Δ>0
[pass] SPLL_TAG_VALID_COUNT     結果: Δ=24342/Δ>0
RAW SPLL_TAG_VALID_COUNT     before=0x00082DE8 after=0x00088CFE delta=24342
[pass] SPLL_TRR_WRITE_COUNT     結果: Δ=24342/Δ>0
RAW SPLL_TRR_WRITE_COUNT     before=0x00082E17 after=0x00088D2D delta=24342
[pass] WRPC_SPLL_TRR_POP_COUNT  結果: Δ=24401/Δ>0
RAW WRPC_SPLL_TRR_POP_COUNT  before=0x00082CBB after=0x00088C0C delta=24401
[pass] WDIAGS_IRQ_COUNT         結果: Δ=23997/Δ>0
RAW WDIAGS_IRQ_COUNT         before=0x00082E4F after=0x00088C0C delta=23997
[pass] WDIAGS_HELPER_UPDATE_COUNT 結果: Δ=24394/Δ>0
RAW WDIAGS_HELPER_UPDATE_COUNT before=0x00082E4F after=0x00088D99 delta=24394
[pass] BOOT_GENERATION          結果: Δ=0/Δ=0
RAW BOOT_GENERATION          before=0x00000001 after=0x00000001 delta=0
[pass] CPU_RESET_COUNT          結果: Δ=0/Δ=0
RAW CPU_RESET_COUNT          before=0x00000001 after=0x00000001 delta=0
[pass] WR_CORE_RESET_COUNT      結果: Δ=0/Δ=0
RAW WR_CORE_RESET_COUNT      before=0x00000001 after=0x00000001 delta=0
[pass] SI_CONFIG_DROP_COUNT     結果: Δ=0/Δ=0
RAW SI_CONFIG_DROP_COUNT     before=0x00000001 after=0x00000001 delta=0
STEP4A_MASTER_EVENT_CHAIN = PASS
Step 4 pass

## [Step 5] Closed-loop Lock
STEP5_RESULT = NOT_APPLICABLE_MASTER
STEP5_FIRST_INACTIVE_BOUNDARY = SLAVE_ONLY
Step 5 NA (Step5 closed-loop gate is for Slave)

## [Step 6] Global Time
Step 6 NA

============================================================
White Rabbit Runtime 診斷：DE5 [1-11.1]
============================================================
Step 1 PHY / Link             pass
Step 2 Endpoint / PTP         pass
Step 3 WR Handshake           NA
Step 4 Step4A Master Event Chain pass
Step 5 Closed-loop Lock       NA
Step 6 Global Time            NA
STEP1_REGRESSION = PASS
STEP2_REGRESSION = PASS
STEP3_REGRESSION = PASS
STEP4A_RESULT = PASS
STEP5_RESULT = NOT_APPLICABLE_MASTER
STEP5_FIRST_INACTIVE_BOUNDARY = SLAVE_ONLY
FAILURE_CLASSIFICATION = NO_FAILURE_EVIDENCE
============================================================

================ RAW_SNAPSHOT ================
RAW_SNAPSHOT board=DE5 [1-11.1] label=before
  status           = 71106DE139BC82FF
  cpu              = 0000007C00001234
  marker           = 000000010000B004
  store            = 00081F030001DFB0
  store_count      = 0000000003579F8B
  exception        = 8000000B00001224
  clock            = 002A2D762015307C
  boot_generation  = 00000001
  cpu_reset_count  = 00000001
  wr_core_reset_count = 00000001
  si_config_drop_count = 00000001
  pps_cr           = 01312D06
  pps_escr         = 0000000C
  ep_mach          = 02000200
  ep_macl          = 22334401
  ep_dsr           = 42000000
  ptp              = 01014106
  ptp_rx           = 000000D4
  ptp_tx           = 000001DE
  ptp_meta         = 02020406
  tx               = 00000267
  rx               = 00000145
  rxerr            = 00000000
  ptp_types        = 01020202
  foreign_meta     = 00000001
  filter_meta      = 00000000
  parse_meta       = 00010264
  wr_rx_signal     = 10000001
  wr_tx_signal     = 10010004
  wr_failure       = 01030001
  wr_state         = A0000064
  wr_reject        = 00000000
  pstat            = 00000001
  sstat            = 00000000
  sec_h            = 00000000
  sec_l            = 00000085
  ns               = 1AA179C8
  lock_enable      = 00000000
  lock_result      = 00000000
  lock_polls       = 00000000
  lock_unlocked    = 00000000
  lock_calibration_fail = 00000000
  spll_state       = 00020004
  spll_ocer        = 3F348001
  spll_rcer        = 00000000
  spll_occr        = C7000109
  spll_trr_csr     = 000A289A
  spll_dac_hpll    = E5FAA39E
  spll_dac_main    = 00000003
  spll_helper_state = 00000100
  spll_helper_limits = 271000C8
  spll_main_state  = 00000000
  spll_main_limits = 00320032
  spll_main_phase_limits = 03E804B0
  spll_state_visit_mask = 00000618
  spll_state_transitions = 00000003
  spll_last_state  = 00000004
  spll_init_count  = 00000001
  dmtd_ref         = 0012DFB0
  dmtd_fb          = 00474FCC
  dmtd_ref_high_qual_abort = 005CD91B
  dmtd_fb_high_qual_abort = 0040558C
  tag_valid        = 00082DE8
  trr_write        = 00082E17
  irq              = 00082E4F
  helper_update    = 00082E4F
  spll_helper_error = FFFDB610
  spll_helper_output = 0000FFFB
  eic_isr          = FFFF0001
  current_tics     = 0002106A
RAW_SNAPSHOT board=DE5 [1-11.1] label=after
  status           = 0110C6E339BC82FF
  cpu              = 0000007C00001228
  marker           = 000000010000B004
  store            = 00087DDF0001DFB0
  store_count      = 0000000003801997
  exception        = 8000000B00001224
  clock            = 00296A025BEC6D11
  boot_generation  = 00000001
  cpu_reset_count  = 00000001
  wr_core_reset_count = 00000001
  si_config_drop_count = 00000001
  pps_cr           = 01312D06
  pps_escr         = 0000000C
  ep_mach          = 02000200
  ep_macl          = 22334401
  ep_dsr           = 42000000
  ptp              = 01014106
  ptp_rx           = 000000DE
  ptp_tx           = 000001F7
  ptp_meta         = 02020406
  tx               = 00000287
  rx               = 00000156
  rxerr            = 00000000
  ptp_types        = 01020202
  foreign_meta     = 00000001
  filter_meta      = 00000000
  parse_meta       = 00010277
  wr_rx_signal     = 10000001
  wr_tx_signal     = 10010004
  wr_failure       = 01030001
  wr_state         = A0000064
  wr_reject        = 00000000
  pstat            = 00000001
  sstat            = 00000000
  sec_h            = 00000000
  sec_l            = 0000008B
  ns               = 20A8E468
  lock_enable      = 00000000
  lock_result      = 00000000
  lock_polls       = 00000000
  lock_unlocked    = 00000000
  lock_calibration_fail = 00000000
  spll_state       = 00020004
  spll_ocer        = AE73DA01
  spll_rcer        = 00000000
  spll_occr        = EC0001BA
  spll_trr_csr     = 000A865E
  spll_dac_hpll    = 136DAAE7
  spll_dac_main    = 00000004
  spll_helper_state = 00000100
  spll_helper_limits = 271000C8
  spll_main_state  = 00000000
  spll_main_limits = 00320032
  spll_main_phase_limits = 03E804B0
  spll_state_visit_mask = 00000618
  spll_state_transitions = 00000003
  spll_last_state  = 00000004
  spll_init_count  = 00000001
  dmtd_ref         = 00133A40
  dmtd_fb          = 0047AEDF
  dmtd_ref_high_qual_abort = 006112EB
  dmtd_fb_high_qual_abort = 00434045
  tag_valid        = 00088CFE
  trr_write        = 00088D2D
  irq              = 00088C0C
  helper_update    = 00088D99
  spll_helper_error = FFFDB610
  spll_helper_output = 0000FFFB
  eic_isr          = FFFF0000
  current_tics     = 0002283C
RAW mailbox completion toggle wb_sync_toggle=1

============================================================
White Rabbit Runtime 診斷：DE5 [1-11.2]
============================================================

## [Step 1] PHY / 光纖 Link
[pass] si_config_done           結果: 1/1
[pass] wr_ready                 結果: 1/1
[pass] core_tm_link_up          結果: 1/1
[pass] core_link_ok             結果: 1/1
[pass] wr_rx_ready              結果: 1/1
[pass] wr_tx_ready              結果: 1/1
[pass] core_phy_rst             結果: 0/0
[pass] si_id_error              結果: 0/0
[pass] wr_rx_enc_err            結果: 0/0
[pass] wr_tx_enc_err            結果: 0/0
[pass] CPU_RESET_n              結果: 1/1
[pass] wr_rx_locked_to_data     結果: 1/1
[info] wr_rx_locked_to_ref      結果: 0/NA
[info] MOD_PRS_n                結果: 0/NA
[info] INTERRUPT_n              結果: 1/NA
Step 1 pass

## [Step 2] Endpoint / MiniNIC / PTP
[pass] EP_MAC_H/EP_MAC_L        結果: 02:00:22:33:44:02/02:00:22:33:44:02
[pass] WDIAGS_MODE              結果: 3 SLAVE/3 SLAVE
[pass] WDIAGS_PTP               結果: 9 SLAVE (raw=00004109)/9 SLAVE
[pass] WDIAGS_PTP_RX            結果: Δ=27/Δ>0
RAW WDIAGS_PTP_RX            before=0x0000020C after=0x00000227 delta=27
[pass] WDIAGS_PTP_TX            結果: Δ=3/Δ>0
RAW WDIAGS_PTP_TX            before=0x000000B4 after=0x000000B7 delta=3
[pass] WDIAGS_TX                結果: Δ=19/Δ>0
RAW WDIAGS_TX                before=0x000001BD after=0x000001D0 delta=19
[pass] WDIAGS_RX                結果: Δ=33/Δ>0
RAW WDIAGS_RX                before=0x0000028D after=0x000002AE delta=33
[pass] WDIAGS_RXERR             結果: Δ=0/Δ=0
RAW WDIAGS_RXERR             before=0x0000000C after=0x0000000C delta=0
Step 2 pass

## [Step 3] WR Parent / Signaling
[pass] WDIAGS_FOREIGN_META      結果: 1/1
[pass] WDIAGS_FOREIGN_META      結果: 0/0
[info] WDIAGS_FOREIGN_META      結果: detection=0 config=3/NA
[pass] parentIsWRnode           結果: 1/1
[info] parentWrModeOn           結果: 0/NA
[pass] parentCalibrated         結果: 1/1
[pass] WR_RX_SIGNAL_DEBUG       結果: LOCK count=1/LOCK 0x1001,count>0
[pass] WR_TX_SIGNAL_DEBUG       結果: SLAVE_PRESENT count=1/SLAVE_PRESENT 0x1000,count>0
[info] WDIAGS_TEMP              結果: WRS_IDLE next=WRS_IDLE POST_STEP3_TIMEOUT/NA
[pass] LOCK_ENABLE              結果: 4/> 0
[info] WR_FAILURE_DEBUG         結果: TIMEOUT last_fail_state=WRS_S_LOCK failure_count=1/NA
Step 3 pass

## [Step 4B] Slave SoftPLL Startup
[pass] LOCK_ENABLE_COUNT        結果: 4/> 0
[pass] SPLL_MODE                結果: 3 (SPLL_MODE_SLAVE)/3 SPLL_MODE_SLAVE
[pass] SPLL_SEQ_STATE           結果: 4 (SEQ_WAIT_HELPER)/active, not 0/7
[pass] SPLL_STATE_VISIT_MASK    結果: 0x00000618/> 0
[pass] SPLL_INIT_COUNT          結果: 1/> 0
[pass] RCER                     結果: 0x00000001/> 0
[pass] OCER                     結果: 0x3DE43C01/> 0
[info] SPLL_ALIGN_STATE         結果: 0/NA
[info] SPLL_STATE_TRANSITIONS   結果: 0x00000003/NA
[info] SPLL_LAST_STATE          結果: 4 (SEQ_WAIT_HELPER)/NA
[info] OCCR                     結果: 0xF5000192/NA
[pass] DMTD_REF_ACCEPT_EVENT    結果: Δ=25512/Δ>=0
RAW DMTD_REF_ACCEPT_EVENT    before=0x025E86B1 after=0x025EEA59 delta=25512
[pass] DMTD_FB_ACCEPT_EVENT     結果: Δ=24357/Δ>=0
RAW DMTD_FB_ACCEPT_EVENT     before=0x02897948 after=0x0289D86D delta=24357
[pass] DMTD_ACCEPT              結果: Δ=49869/Δ>0
[pass] SPLL_TAG_VALID_COUNT     結果: Δ=49870/Δ>0
RAW SPLL_TAG_VALID_COUNT     before=0x00136256 after=0x00142524 delta=49870
[pass] SPLL_TRR_WRITE_COUNT     結果: Δ=49868/Δ>0
RAW SPLL_TRR_WRITE_COUNT     before=0x001362B6 after=0x00142582 delta=49868
[pass] WRPC_SPLL_TRR_POP_COUNT  結果: Δ=49958/Δ>0
RAW WRPC_SPLL_TRR_POP_COUNT  before=0x00136042 after=0x00142368 delta=49958
[pass] WDIAGS_IRQ_COUNT         結果: Δ=48881/Δ>0
RAW WDIAGS_IRQ_COUNT         before=0x0012FC5B after=0x0013BB4C delta=48881
[pass] WDIAGS_HELPER_UPDATE_COUNT 結果: Δ=25559/Δ>0
RAW WDIAGS_HELPER_UPDATE_COUNT before=0x00099F9F after=0x000A0376 delta=25559
[pass] BOOT_GENERATION          結果: Δ=0/Δ=0
RAW BOOT_GENERATION          before=0x00000001 after=0x00000001 delta=0
[pass] CPU_RESET_COUNT          結果: Δ=0/Δ=0
RAW CPU_RESET_COUNT          before=0x00000001 after=0x00000001 delta=0
[pass] WR_CORE_RESET_COUNT      結果: Δ=0/Δ=0
RAW WR_CORE_RESET_COUNT      before=0x00000001 after=0x00000001 delta=0
[pass] SI_CONFIG_DROP_COUNT     結果: Δ=0/Δ=0
RAW SI_CONFIG_DROP_COUNT     before=0x00000001 after=0x00000001 delta=0
STEP4B_ALLOWED = YES
STEP4B_RESULT = PASS
STEP4B_FIRST_INACTIVE_BOUNDARY = ACTIVE
Step 4B pass
Step 4 pass

## [Step 5] Closed-loop Lock
STEP5_LOCKDET_BEFORE: HELPER locked=0 changed=0 cnt=0/10000 threshold=200 ref_src=0 MAIN enabled=0 locked=0 freq=0 phase=0 freq_cnt=0/50 phase_cnt=0/1000 PSTAT_locked=0
STEP5_LOCKDET_AFTER: HELPER locked=0 changed=0 cnt=0/10000 threshold=200 ref_src=0 MAIN enabled=0 locked=0 freq=0 phase=0 freq_cnt=0/50 phase_cnt=0/1000 PSTAT_locked=0
[error] WDIAGS_PSTAT             結果: 0/1
STEP5_RESULT = NEVER_LOCKED
STEP5_FIRST_INACTIVE_BOUNDARY = HELPER_LOCK
Step 5 NA (single window is not stable-lock proof)

## [Step 6] Global Time
Step 6 NA

============================================================
White Rabbit Runtime 診斷：DE5 [1-11.2]
============================================================
Step 1 PHY / Link             pass
Step 2 Endpoint / PTP         pass
Step 3 WR Handshake           pass
Step 4 Step4B Slave SoftPLL Startup pass
Step 5 Closed-loop Lock       NA
Step 6 Global Time            NA
STEP1_REGRESSION = PASS
STEP2_REGRESSION = PASS
STEP3_REGRESSION = PASS
STEP4B_ALLOWED = YES
STEP4B_RESULT = PASS
STEP4B_FIRST_INACTIVE_BOUNDARY = ACTIVE
STEP5_RESULT = NEVER_LOCKED
STEP5_FIRST_INACTIVE_BOUNDARY = HELPER_LOCK
FAILURE_CLASSIFICATION = NO_FAILURE_EVIDENCE
============================================================

================ RAW_SNAPSHOT ================
RAW_SNAPSHOT board=DE5 [1-11.2] label=before
  status           = 811E6AC1285082CF
  cpu              = 0000007C00001228
  marker           = 000000010000B004
  store            = 0012E0920001DFB0
  store_count      = 00000000057E146F
  exception        = 8000000B00001224
  clock            = 002F720B664A7B39
  boot_generation  = 00000001
  cpu_reset_count  = 00000001
  wr_core_reset_count = 00000001
  si_config_drop_count = 00000001
  pps_cr           = 01312D02
  pps_escr         = 00000000
  ep_mach          = 02000200
  ep_macl          = 22334402
  ep_dsr           = 42000000
  ptp              = 00004109
  ptp_rx           = 0000020C
  ptp_tx           = 000000B4
  ptp_meta         = 03020409
  tx               = 000001BD
  rx               = 0000028D
  rxerr            = 0000000C
  ptp_types        = 04733973
  foreign_meta     = 03000001
  filter_meta      = 00000000
  parse_meta       = 0501390C
  wr_rx_signal     = 10010001
  wr_tx_signal     = 10000001
  wr_failure       = 02020001
  wr_state         = A000035C
  wr_reject        = 00000000
  pstat            = 00000001
  sstat            = 00000001
  sec_h            = 00000000
  sec_l            = 0000008C
  ns               = 317D4970
  lock_enable      = 00000004
  lock_result      = 00000001
  lock_polls       = 00005B1F
  lock_unlocked    = 00005B1F
  lock_calibration_fail = 00000000
  spll_state       = 00030004
  spll_ocer        = CA0CDA01
  spll_rcer        = 00000001
  spll_occr        = 68000193
  spll_trr_csr     = 001256AA
  spll_dac_hpll    = D5534153
  spll_dac_main    = 00000004
  spll_helper_state = 00000000
  spll_helper_limits = 271000C8
  spll_main_state  = 00000000
  spll_main_limits = 00320032
  spll_main_phase_limits = 03E804B0
  spll_state_visit_mask = 00000618
  spll_state_transitions = 00000003
  spll_last_state  = 00000004
  spll_init_count  = 00000001
  dmtd_ref         = 025E86B1
  dmtd_fb          = 02897948
  dmtd_ref_high_qual_abort = 09839AB4
  dmtd_fb_high_qual_abort = 0007DCA2
  tag_valid        = 00136256
  trr_write        = 001362B6
  irq              = 0012FC5B
  helper_update    = 00099F9F
  spll_helper_error = FFFDB610
  spll_helper_output = 0000FFFB
  eic_isr          = FFFF0000
  current_tics     = 0002A14F
RAW_SNAPSHOT board=DE5 [1-11.2] label=after
  status           = 811EDEE138BC82EF
  cpu              = 0000007C0000122C
  marker           = 000000010000B004
  store            = 00139EAB0001DFB0
  store_count      = 0000000005B456A7
  exception        = 8000000B00001220
  clock            = 003FB10BA483BA2F
  boot_generation  = 00000001
  cpu_reset_count  = 00000001
  wr_core_reset_count = 00000001
  si_config_drop_count = 00000001
  pps_cr           = 01312D06
  pps_escr         = 00000000
  ep_mach          = 02000200
  ep_macl          = 22334402
  ep_dsr           = 42000000
  ptp              = 00004109
  ptp_rx           = 00000227
  ptp_tx           = 000000B7
  ptp_meta         = 03020409
  tx               = 000001D0
  rx               = 000002AE
  rxerr            = 0000000C
  ptp_types        = 04793C79
  foreign_meta     = 03000001
  filter_meta      = 00000000
  parse_meta       = 05013C25
  wr_rx_signal     = 10010001
  wr_tx_signal     = 10000001
  wr_failure       = 02020001
  wr_state         = A000035C
  wr_reject        = 00000000
  pstat            = 00000001
  sstat            = 00000001
  sec_h            = 00000000
  sec_l            = 00000092
  ns               = 37715090
  lock_enable      = 00000004
  lock_result      = 00000001
  lock_polls       = 00005B1F
  lock_unlocked    = 00005B1F
  lock_calibration_fail = 00000000
  spll_state       = 00030004
  spll_ocer        = 3DE43C01
  spll_rcer        = 00000001
  spll_occr        = F5000192
  spll_trr_csr     = 001618D2
  spll_dac_hpll    = 02067019
  spll_dac_main    = 00000005
  spll_helper_state = 00000000
  spll_helper_limits = 271000C8
  spll_main_state  = 00000000
  spll_main_limits = 00320032
  spll_main_phase_limits = 03E804B0
  spll_state_visit_mask = 00000618
  spll_state_transitions = 00000003
  spll_last_state  = 00000004
  spll_init_count  = 00000001
  dmtd_ref         = 025EEA59
  dmtd_fb          = 0289D86D
  dmtd_ref_high_qual_abort = 0984AEAA
  dmtd_fb_high_qual_abort = 00082929
  tag_valid        = 00142524
  trr_write        = 00142582
  irq              = 0013BB4C
  helper_update    = 000A0376
  spll_helper_error = FFFDB610
  spll_helper_output = 0000FFFB
  eic_isr          = FFFF0000
  current_tics     = 0002B922

============================================================
JTAG/WB transport health summary
============================================================
WB_TRANSPORT_PROTOCOL = PRELOAD_THEN_TOGGLE_COMMIT
WB_REQUEST_COUNT = 354
PRELOAD_COUNT = 354
COMMIT_COUNT = 354
WB_PROBE_READ_COUNT = 1770
PRELOAD_UNEXPECTED_TRIGGER_COUNT = 0
PROBE_3WAY_MATCH_COUNT = 354
STABLE_RESPONSE_WRONG_COUNT = 0
ADDRESS_CROSS_CONTAMINATION_COUNT = 0
TIMEOUT_COUNT = 0
INVALID_COUNT = 0
STALE_A5A5_COUNT = 0
UNSTABLE_TRANSACTION_COUNT = 0
DMTD_REF_DECREASE_COUNT = 0
DMTD_FB_DECREASE_COUNT = 0
PRELOAD_PROTOCOL_RUNTIME_REVALIDATION = PASS
JTAG_WB_DIAGNOSTIC_PATH = TRUSTED
============================================================

============================================================
STEP4A_RESULT = PASS
STEP4B_ALLOWED = YES
STEP4B_RESULT = PASS
STEP4B_FIRST_INACTIVE_BOUNDARY = ACTIVE
STEP5_RESULT = NOT_APPLICABLE_MASTER
STEP5_FIRST_INACTIVE_BOUNDARY = SLAVE_ONLY
STEP5_RESULT = NEVER_LOCKED
STEP5_FIRST_INACTIVE_BOUNDARY = HELPER_LOCK
============================================================
Info (23030): Evaluation of Tcl script scripts/jtag/read_wb_runtime.tcl was successful
Info: Quartus Prime Signal Tap was successful. 0 errors, 0 warnings
    Info: Peak virtual memory: 677 megabytes
    Info: Processing ended: Wed Sep  2 07:01:16 2026
    Info: Elapsed time: 00:00:15
    Info: System process ID: 3101184
