Info: *******************************************************************
Info: Running Quartus Prime Signal Tap
    Info: Version 21.3.0 Build 170 09/23/2021 SC Pro Edition
    Info: Copyright (C) 2021  Intel Corporation. All rights reserved.
    Info: Your use of Intel Corporation's design tools, logic functions 
    Info: and other software and tools, and any partner logic 
    Info: functions, and any output files from any of the foregoing 
    Info: (including device programming or simulation files), and any 
    Info: associated documentation or information are expressly subject 
    Info: to the terms and conditions of the Intel Program License 
    Info: Subscription Agreement, the Intel Quartus Prime License Agreement,
    Info: the Intel FPGA IP License Agreement, or other applicable license
    Info: agreement, including, without limitation, that your use is for
    Info: the sole purpose of programming logic devices manufactured by
    Info: Intel and sold by Intel or its authorized distributors.  Please
    Info: refer to the applicable agreement for further details, at
    Info: https://fpgasoftware.intel.com/eula.
    Info: Processing started: Wed Sep  2 13:23:39 2026
    Info: System process ID: 3333029
Info: Command: quartus_stp -t scripts/jtag/read_wb_runtime.tcl --raw
Info: Quartus(args): --raw
RAW mailbox completion toggle wb_sync_toggle=0

============================================================
White Rabbit Runtime 診斷：DE5 [1-11.1]
============================================================

## [Step 1] PHY / 光纖 Link
[pass] si_config_done           結果: 1/1
[pass] wr_ready                 結果: 1/1
[pass] core_tm_link_up          結果: 1/1
[pass] core_link_ok             結果: 1/1
[pass] wr_rx_ready              結果: 1/1
[pass] wr_tx_ready              結果: 1/1
[pass] core_phy_rst             結果: 0/0
[pass] si_id_error              結果: 0/0
[pass] wr_rx_enc_err            結果: 0/0
[pass] wr_tx_enc_err            結果: 0/0
[pass] CPU_RESET_n              結果: 1/1
[pass] wr_rx_locked_to_data     結果: 1/1
[info] wr_rx_locked_to_ref      結果: 0/NA
[info] MOD_PRS_n                結果: 0/NA
[info] INTERRUPT_n              結果: 1/NA
Step 1 pass

## [Step 2] Endpoint / MiniNIC / PTP
[pass] EP_MAC_H/EP_MAC_L        結果: 02:00:22:33:44:01/02:00:22:33:44:01
[pass] WDIAGS_MODE              結果: 2 MASTER/2 MASTER
[pass] WDIAGS_PTP               結果: 6 MASTER (raw=01014106)/6 MASTER
[pass] WDIAGS_PTP_RX            結果: Δ=15/Δ>0
RAW WDIAGS_PTP_RX            before=0x00000EE4 after=0x00000EF3 delta=15
[pass] WDIAGS_PTP_TX            結果: Δ=30/Δ>0
RAW WDIAGS_PTP_TX            before=0x00002189 after=0x000021A7 delta=30
[pass] WDIAGS_TX                結果: Δ=38/Δ>0
RAW WDIAGS_TX                before=0x00002AB8 after=0x00002ADE delta=38
[pass] WDIAGS_RX                結果: Δ=21/Δ>0
RAW WDIAGS_RX                before=0x00001660 after=0x00001675 delta=21
[pass] WDIAGS_RXERR             結果: Δ=0/Δ=0
RAW WDIAGS_RXERR             before=0x00000000 after=0x00000000 delta=0
Step 2 pass

## [Step 3] WR Parent / Signaling
Step 3 NA

## [Step 4A] Master SoftPLL Event Chain
[pass] DMTD_REF_ACCEPT_EVENT    結果: Δ=23109/Δ>=0
RAW DMTD_REF_ACCEPT_EVENT    before=0x007E772E after=0x007ED173 delta=23109
[pass] DMTD_FB_ACCEPT_EVENT     結果: Δ=24309/Δ>=0
RAW DMTD_FB_ACCEPT_EVENT     before=0x00B7DA74 after=0x00B83969 delta=24309
[pass] DMTD_ACCEPT              結果: Δ=47418/Δ>0
[pass] SPLL_TAG_VALID_COUNT     結果: Δ=24309/Δ>0
RAW SPLL_TAG_VALID_COUNT     before=0x0078B99A after=0x0079188F delta=24309
[pass] SPLL_TRR_WRITE_COUNT     結果: Δ=24310/Δ>0
RAW SPLL_TRR_WRITE_COUNT     before=0x0078B9C8 after=0x007918BE delta=24310
[pass] WRPC_SPLL_TRR_POP_COUNT  結果: Δ=24407/Δ>0
RAW WRPC_SPLL_TRR_POP_COUNT  before=0x0078B993 after=0x007918EA delta=24407
[pass] WDIAGS_IRQ_COUNT         結果: Δ=24407/Δ>0
RAW WDIAGS_IRQ_COUNT         before=0x0078B993 after=0x007918EA delta=24407
[pass] WDIAGS_HELPER_UPDATE_COUNT 結果: Δ=24407/Δ>0
RAW WDIAGS_HELPER_UPDATE_COUNT before=0x0078B993 after=0x007918EA delta=24407
[pass] BOOT_GENERATION          結果: Δ=0/Δ=0
RAW BOOT_GENERATION          before=0x00000001 after=0x00000001 delta=0
[pass] CPU_RESET_COUNT          結果: Δ=0/Δ=0
RAW CPU_RESET_COUNT          before=0x00000001 after=0x00000001 delta=0
[pass] WR_CORE_RESET_COUNT      結果: Δ=0/Δ=0
RAW WR_CORE_RESET_COUNT      before=0x00000001 after=0x00000001 delta=0
[pass] SI_CONFIG_DROP_COUNT     結果: Δ=0/Δ=0
RAW SI_CONFIG_DROP_COUNT     before=0x00000001 after=0x00000001 delta=0
STEP4A_MASTER_EVENT_CHAIN = PASS
Step 4 pass

## [Step 5] Closed-loop Lock
STEP5_RESULT = NOT_APPLICABLE_MASTER
STEP5_FIRST_INACTIVE_BOUNDARY = SLAVE_ONLY
Step 5 NA (Step5 closed-loop gate is for Slave)

## [Step 6] Global Time
Step 6 NA

============================================================
White Rabbit Runtime 診斷：DE5 [1-11.1]
============================================================
Step 1 PHY / Link             pass
Step 2 Endpoint / PTP         pass
Step 3 WR Handshake           NA
Step 4 Step4A Master Event Chain pass
Step 5 Closed-loop Lock       NA
Step 6 Global Time            NA
STEP1_REGRESSION = PASS
STEP2_REGRESSION = PASS
STEP3_REGRESSION = PASS
STEP4A_RESULT = PASS
STEP5_RESULT = NOT_APPLICABLE_MASTER
STEP5_FIRST_INACTIVE_BOUNDARY = SLAVE_ONLY
FAILURE_CLASSIFICATION = NO_FAILURE_EVIDENCE
============================================================

================ RAW_SNAPSHOT ================
RAW_SNAPSHOT board=DE5 [1-11.1] label=before
  status           = F1109B43325882FF
  cpu              = 0000007C00001228
  marker           = 000000010000B004
  store            = 0078AACF0001DFB0
  store_count      = 000000003310E1E2
  exception        = 8000000B00001224
  clock            = 0029DEC2C29EB41D
  boot_generation  = 00000001
  cpu_reset_count  = 00000001
  wr_core_reset_count = 00000001
  si_config_drop_count = 00000001
  pps_cr           = 01312D06
  pps_escr         = 0000070C
  ep_mach          = 02000200
  ep_macl          = 22334401
  ep_dsr           = 42000000
  ptp              = 01014106
  ptp_rx           = 00000EE4
  ptp_tx           = 00002189
  ptp_meta         = 02020406
  tx               = 00002AB8
  rx               = 00001660
  rxerr            = 00000000
  ptp_types        = 01010101
  foreign_meta     = 0000FF00
  filter_meta      = 00000000
  parse_meta       = 00010117
  wr_rx_signal     = 10000001
  wr_tx_signal     = 10010004
  wr_failure       = 01030001
  wr_state         = A0000064
  wr_reject        = 00000000
  pstat            = 00000001
  sstat            = 00000000
  sec_h            = 00000000
  sec_l            = 000007B9
  ns               = 1BCFD480
  lock_enable      = 00000000
  lock_result      = 00000000
  lock_polls       = 00000000
  lock_unlocked    = 00000000
  lock_calibration_fail = 00000000
  spll_state       = 00020004
  spll_ocer        = 9B7D1801
  spll_rcer        = 00000000
  spll_occr        = FF0001FF
  spll_trr_csr     = 003AB4E8
  spll_dac_hpll    = 906F7BBA
  spll_dac_main    = 00000039
  spll_helper_state = 00000100
  spll_helper_limits = 271000C8
  spll_main_state  = 00000000
  spll_main_limits = 00320032
  spll_main_phase_limits = 03E804B0
  spll_state_visit_mask = 00000618
  spll_state_transitions = 00000003
  spll_last_state  = 00000004
  spll_init_count  = 00000001
  dmtd_ref         = 007E772E
  dmtd_fb          = 00B7DA74
  dmtd_ref_high_qual_abort = 047BEDB2
  dmtd_fb_high_qual_abort = 03B3DB1E
  tag_valid        = 0078B99A
  trr_write        = 0078B9C8
  irq              = 0078B993
  helper_update    = 0078B993
  spll_helper_error = FFFDB610
  spll_helper_output = 0000FFFB
  eic_isr          = FFFF0000
  current_tics     = 001E3387
RAW_SNAPSHOT board=DE5 [1-11.1] label=after
  status           = A11010E132BC82FF
  cpu              = 0000007C00001234
  marker           = 000000010000B004
  store            = 007909910001DFB0
  store_count      = 0000000033395183
  exception        = 8000000B00001228
  clock            = 00290FA2F2CAE507
  boot_generation  = 00000001
  cpu_reset_count  = 00000001
  wr_core_reset_count = 00000001
  si_config_drop_count = 00000001
  pps_cr           = 01312D06
  pps_escr         = 0000070C
  ep_mach          = 02000200
  ep_macl          = 22334401
  ep_dsr           = 42000000
  ptp              = 01014106
  ptp_rx           = 00000EF3
  ptp_tx           = 000021A7
  ptp_meta         = 02020406
  tx               = 00002ADE
  rx               = 00001675
  rxerr            = 00000000
  ptp_types        = 01010101
  foreign_meta     = 0000FF00
  filter_meta      = 00000000
  parse_meta       = 00010129
  wr_rx_signal     = 10000001
  wr_tx_signal     = 10010004
  wr_failure       = 01030001
  wr_state         = A0000064
  wr_reject        = 00000000
  pstat            = 00000001
  sstat            = 00000000
  sec_h            = 00000000
  sec_l            = 000007BF
  ns               = 1BD82A68
  lock_enable      = 00000000
  lock_result      = 00000000
  lock_polls       = 00000000
  lock_unlocked    = 00000000
  lock_calibration_fail = 00000000
  spll_state       = 00020004
  spll_ocer        = 0B6A7201
  spll_rcer        = 00000000
  spll_occr        = FF0001FF
  spll_trr_csr     = 003A1436
  spll_dac_hpll    = BDE18D5B
  spll_dac_main    = 00000039
  spll_helper_state = 00000100
  spll_helper_limits = 271000C8
  spll_main_state  = 00000000
  spll_main_limits = 00320032
  spll_main_phase_limits = 03E804B0
  spll_state_visit_mask = 00000618
  spll_state_transitions = 00000003
  spll_last_state  = 00000004
  spll_init_count  = 00000001
  dmtd_ref         = 007ED173
  dmtd_fb          = 00B83969
  dmtd_ref_high_qual_abort = 047F5755
  dmtd_fb_high_qual_abort = 03B6C595
  tag_valid        = 0079188F
  trr_write        = 007918BE
  irq              = 007918EA
  helper_update    = 007918EA
  spll_helper_error = FFFDB610
  spll_helper_output = 0000FFFB
  eic_isr          = FFFF0000
  current_tics     = 001E4AF7
RAW mailbox completion toggle wb_sync_toggle=0

============================================================
White Rabbit Runtime 診斷：DE5 [1-11.2]
============================================================

## [Step 1] PHY / 光纖 Link
[pass] si_config_done           結果: 1/1
[pass] wr_ready                 結果: 1/1
[pass] core_tm_link_up          結果: 1/1
[pass] core_link_ok             結果: 1/1
[pass] wr_rx_ready              結果: 1/1
[pass] wr_tx_ready              結果: 1/1
[pass] core_phy_rst             結果: 0/0
[pass] si_id_error              結果: 0/0
[pass] wr_rx_enc_err            結果: 0/0
[pass] wr_tx_enc_err            結果: 0/0
[pass] CPU_RESET_n              結果: 1/1
[pass] wr_rx_locked_to_data     結果: 1/1
[info] wr_rx_locked_to_ref      結果: 1/NA
[info] MOD_PRS_n                結果: 0/NA
[info] INTERRUPT_n              結果: 1/NA
Step 1 pass

## [Step 2] Endpoint / MiniNIC / PTP
[pass] EP_MAC_H/EP_MAC_L        結果: 02:00:22:33:44:02/02:00:22:33:44:02
[pass] WDIAGS_MODE              結果: 3 SLAVE/3 SLAVE
[pass] WDIAGS_PTP               結果: 9 SLAVE (raw=00004109)/9 SLAVE
[pass] WDIAGS_PTP_RX            結果: Δ=25/Δ>0
RAW WDIAGS_PTP_RX            before=0x000021A3 after=0x000021BC delta=25
[pass] WDIAGS_PTP_TX            結果: Δ=3/Δ>0
RAW WDIAGS_PTP_TX            before=0x000004C6 after=0x000004C9 delta=3
[pass] WDIAGS_TX                結果: Δ=18/Δ>0
RAW WDIAGS_TX                before=0x000017FA after=0x0000180C delta=18
[pass] WDIAGS_RX                結果: Δ=31/Δ>0
RAW WDIAGS_RX                before=0x00002940 after=0x0000295F delta=31
[pass] WDIAGS_RXERR             結果: Δ=0/Δ=0
RAW WDIAGS_RXERR             before=0x00000000 after=0x00000000 delta=0
Step 2 pass

## [Step 3] WR Parent / Signaling
[pass] WDIAGS_FOREIGN_META      結果: 1/1
[pass] WDIAGS_FOREIGN_META      結果: 0/0
[info] WDIAGS_FOREIGN_META      結果: detection=0 config=3/NA
[pass] parentIsWRnode           結果: 1/1
[info] parentWrModeOn           結果: 0/NA
[pass] parentCalibrated         結果: 1/1
[pass] WR_RX_SIGNAL_DEBUG       結果: LOCK count=1/LOCK 0x1001,count>0
[pass] WR_TX_SIGNAL_DEBUG       結果: SLAVE_PRESENT count=1/SLAVE_PRESENT 0x1000,count>0
[info] WDIAGS_TEMP              結果: WRS_IDLE next=WRS_IDLE POST_STEP3_TIMEOUT/NA
[pass] LOCK_ENABLE              結果: 4/> 0
[info] WR_FAILURE_DEBUG         結果: TIMEOUT last_fail_state=WRS_S_LOCK failure_count=1/NA
Step 3 pass

## [Step 4B] Slave SoftPLL Startup
[pass] LOCK_ENABLE_COUNT        結果: 4/> 0
[pass] SPLL_MODE                結果: 3 (SPLL_MODE_SLAVE)/3 SPLL_MODE_SLAVE
[pass] SPLL_SEQ_STATE           結果: 4 (SEQ_WAIT_HELPER)/active, not 0/7
[pass] SPLL_STATE_VISIT_MASK    結果: 0x00000618/> 0
[pass] SPLL_INIT_COUNT          結果: 1/> 0
[pass] RCER                     結果: 0x00000001/> 0
[pass] OCER                     結果: 0x1AF74401/> 0
[info] SPLL_ALIGN_STATE         結果: 0/NA
[info] SPLL_STATE_TRANSITIONS   結果: 0x00000003/NA
[info] SPLL_LAST_STATE          結果: 4 (SEQ_WAIT_HELPER)/NA
[info] OCCR                     結果: 0xFF0001FF/NA
[pass] DMTD_REF_ACCEPT_EVENT    結果: Δ=25535/Δ>=0
RAW DMTD_REF_ACCEPT_EVENT    before=0x02CC6AB6 after=0x02CCCE75 delta=25535
[pass] DMTD_FB_ACCEPT_EVENT     結果: Δ=24335/Δ>=0
RAW DMTD_FB_ACCEPT_EVENT     before=0x029114D6 after=0x029173E5 delta=24335
[pass] DMTD_ACCEPT              結果: Δ=49870/Δ>0
[pass] SPLL_TAG_VALID_COUNT     結果: Δ=49872/Δ>0
RAW SPLL_TAG_VALID_COUNT     before=0x00EE7C4C after=0x00EF3F1C delta=49872
[pass] SPLL_TRR_WRITE_COUNT     結果: Δ=49878/Δ>0
RAW SPLL_TRR_WRITE_COUNT     before=0x00EE7CAB after=0x00EF3F81 delta=49878
[pass] WRPC_SPLL_TRR_POP_COUNT  結果: Δ=49996/Δ>0
RAW WRPC_SPLL_TRR_POP_COUNT  before=0x00EE7B2B after=0x00EF3E77 delta=49996
[pass] WDIAGS_IRQ_COUNT         結果: Δ=48935/Δ>0
RAW WDIAGS_IRQ_COUNT         before=0x00E96FAD after=0x00EA2ED4 delta=48935
[pass] WDIAGS_HELPER_UPDATE_COUNT 結果: Δ=25599/Δ>0
RAW WDIAGS_HELPER_UPDATE_COUNT before=0x0079A65E after=0x007A0A5D delta=25599
[pass] BOOT_GENERATION          結果: Δ=0/Δ=0
RAW BOOT_GENERATION          before=0x00000001 after=0x00000001 delta=0
[pass] CPU_RESET_COUNT          結果: Δ=0/Δ=0
RAW CPU_RESET_COUNT          before=0x00000001 after=0x00000001 delta=0
[pass] WR_CORE_RESET_COUNT      結果: Δ=0/Δ=0
RAW WR_CORE_RESET_COUNT      before=0x00000001 after=0x00000001 delta=0
[pass] SI_CONFIG_DROP_COUNT     結果: Δ=0/Δ=0
RAW SI_CONFIG_DROP_COUNT     before=0x00000001 after=0x00000001 delta=0
STEP4B_ALLOWED = YES
STEP4B_RESULT = PASS
STEP4B_FIRST_INACTIVE_BOUNDARY = ACTIVE
Step 4B pass
Step 4 pass

## [Step 5] Closed-loop Lock
STEP5_LOCKDET_BEFORE: HELPER locked=0 changed=0 cnt=1/10000 threshold=200 ref_src=0 MAIN enabled=0 locked=0 freq=0 phase=0 freq_cnt=0/50 phase_cnt=0/1000 PSTAT_locked=0
STEP5_LOCKDET_AFTER: HELPER locked=0 changed=0 cnt=1/10000 threshold=200 ref_src=0 MAIN enabled=0 locked=0 freq=0 phase=0 freq_cnt=0/50 phase_cnt=0/1000 PSTAT_locked=0
[error] WDIAGS_PSTAT             結果: 0/1
STEP5_RESULT = NEVER_LOCKED
STEP5_FIRST_INACTIVE_BOUNDARY = HELPER_LOCK
Step 5 NA (single window is not stable-lock proof)

## [Step 6] Global Time
Step 6 NA

============================================================
White Rabbit Runtime 診斷：DE5 [1-11.2]
============================================================
Step 1 PHY / Link             pass
Step 2 Endpoint / PTP         pass
Step 3 WR Handshake           pass
Step 4 Step4B Slave SoftPLL Startup pass
Step 5 Closed-loop Lock       NA
Step 6 Global Time            NA
STEP1_REGRESSION = PASS
STEP2_REGRESSION = PASS
STEP3_REGRESSION = PASS
STEP4B_ALLOWED = YES
STEP4B_RESULT = PASS
STEP4B_FIRST_INACTIVE_BOUNDARY = ACTIVE
STEP5_RESULT = NEVER_LOCKED
STEP5_FIRST_INACTIVE_BOUNDARY = HELPER_LOCK
FAILURE_CLASSIFICATION = NO_FAILURE_EVIDENCE
============================================================

================ RAW_SNAPSHOT ================
RAW_SNAPSHOT board=DE5 [1-11.2] label=before
  status           = 51108EE135BC82CF
  cpu              = 0000007C00001228
  marker           = 000000010000B004
  store            = 00E953350001DFB0
  store_count      = 0000000042B838E3
  exception        = 8000000B00001220
  clock            = 002A157423FD0ED2
  boot_generation  = 00000001
  cpu_reset_count  = 00000001
  wr_core_reset_count = 00000001
  si_config_drop_count = 00000001
  pps_cr           = 01312D02
  pps_escr         = 00000700
  ep_mach          = 02000200
  ep_macl          = 22334402
  ep_dsr           = 42000000
  ptp              = 00004109
  ptp_rx           = 000021A3
  ptp_tx           = 000004C6
  ptp_meta         = 03020409
  tx               = 000017FA
  rx               = 00002940
  rxerr            = 00000000
  ptp_types        = 0478BD78
  foreign_meta     = 03000001
  filter_meta      = 00000000
  parse_meta       = 0501BDE1
  wr_rx_signal     = 10010001
  wr_tx_signal     = 10000001
  wr_failure       = 02020001
  wr_state         = A000035C
  wr_reject        = 00000000
  pstat            = 00000001
  sstat            = 00000001
  sec_h            = 00000000
  sec_l            = 000007C0
  ns               = 32732558
  lock_enable      = 00000004
  lock_result      = 00000001
  lock_polls       = 00005B18
  lock_unlocked    = 00005B18
  lock_calibration_fail = 00000000
  spll_state       = 00030004
  spll_ocer        = BF15E201
  spll_rcer        = 00000001
  spll_occr        = FF0001FF
  spll_trr_csr     = 00AE7084
  spll_dac_hpll    = F95C2754
  spll_dac_main    = 00000037
  spll_helper_state = 00010000
  spll_helper_limits = 271000C8
  spll_main_state  = 00000000
  spll_main_limits = 00320032
  spll_main_phase_limits = 03E804B0
  spll_state_visit_mask = 00000618
  spll_state_transitions = 00000003
  spll_last_state  = 00000004
  spll_init_count  = 00000001
  dmtd_ref         = 02CC6AB6
  dmtd_fb          = 029114D6
  dmtd_ref_high_qual_abort = 01F61D83
  dmtd_fb_high_qual_abort = 00736491
  tag_valid        = 00EE7C4C
  trr_write        = 00EE7CAB
  irq              = 00E96FAD
  helper_update    = 0079A65E
  spll_helper_error = 000249F0
  spll_helper_output = 00000005
  eic_isr          = FFFF0000
  current_tics     = 001D5E3B
RAW_SNAPSHOT board=DE5 [1-11.2] label=after
  status           = 91109D43255082CF
  cpu              = 0000007C00001228
  marker           = 000000010000B004
  store            = 00EA11430001DFB0
  store_count      = 0000000042EE7357
  exception        = 8000000B00001224
  clock            = 0029454253043E97
  boot_generation  = 00000001
  cpu_reset_count  = 00000001
  wr_core_reset_count = 00000001
  si_config_drop_count = 00000001
  pps_cr           = 01312D02
  pps_escr         = 00000700
  ep_mach          = 02000200
  ep_macl          = 22334402
  ep_dsr           = 42000000
  ptp              = 00004109
  ptp_rx           = 000021BC
  ptp_tx           = 000004C9
  ptp_meta         = 03020409
  tx               = 0000180C
  rx               = 0000295F
  rxerr            = 00000000
  ptp_types        = 047EC07E
  foreign_meta     = 03000001
  filter_meta      = 00000000
  parse_meta       = 0501C0F5
  wr_rx_signal     = 10010001
  wr_tx_signal     = 10000001
  wr_failure       = 02020001
  wr_state         = A000035C
  wr_reject        = 00000000
  pstat            = 00000001
  sstat            = 00000001
  sec_h            = 00000000
  sec_l            = 000007C6
  ns               = 385C4C98
  lock_enable      = 00000004
  lock_result      = 00000001
  lock_polls       = 00005B18
  lock_unlocked    = 00005B18
  lock_calibration_fail = 00000000
  spll_state       = 00030004
  spll_ocer        = 1AF74401
  spll_rcer        = 00000001
  spll_occr        = FF0001FF
  spll_trr_csr     = 00AE34DA
  spll_dac_hpll    = 26CF4A1E
  spll_dac_main    = 00000038
  spll_helper_state = 00010000
  spll_helper_limits = 271000C8
  spll_main_state  = 00000000
  spll_main_limits = 00320032
  spll_main_phase_limits = 03E804B0
  spll_state_visit_mask = 00000618
  spll_state_transitions = 00000003
  spll_last_state  = 00000004
  spll_init_count  = 00000001
  dmtd_ref         = 02CCCE75
  dmtd_fb          = 029173E5
  dmtd_ref_high_qual_abort = 01F7AABC
  dmtd_fb_high_qual_abort = 0073C27B
  tag_valid        = 00EF3F1C
  trr_write        = 00EF3F81
  irq              = 00EA2ED4
  helper_update    = 007A0A5D
  spll_helper_error = 000249F0
  spll_helper_output = 00000005
  eic_isr          = FFFF0000
  current_tics     = 001D760F

============================================================
JTAG/WB transport health summary
============================================================
WB_TRANSPORT_PROTOCOL = PRELOAD_THEN_TOGGLE_COMMIT
WB_REQUEST_COUNT = 352
PRELOAD_COUNT = 352
COMMIT_COUNT = 352
WB_PROBE_READ_COUNT = 1760
PRELOAD_UNEXPECTED_TRIGGER_COUNT = 0
PROBE_3WAY_MATCH_COUNT = 352
STABLE_RESPONSE_WRONG_COUNT = 0
ADDRESS_CROSS_CONTAMINATION_COUNT = 0
TIMEOUT_COUNT = 0
INVALID_COUNT = 0
STALE_A5A5_COUNT = 0
UNSTABLE_TRANSACTION_COUNT = 0
DMTD_REF_DECREASE_COUNT = 0
DMTD_FB_DECREASE_COUNT = 0
PRELOAD_PROTOCOL_RUNTIME_REVALIDATION = PASS
JTAG_WB_DIAGNOSTIC_PATH = TRUSTED
============================================================

============================================================
STEP4A_RESULT = PASS
STEP4B_ALLOWED = YES
STEP4B_RESULT = PASS
STEP4B_FIRST_INACTIVE_BOUNDARY = ACTIVE
STEP5_RESULT = NOT_APPLICABLE_MASTER
STEP5_FIRST_INACTIVE_BOUNDARY = SLAVE_ONLY
STEP5_RESULT = NEVER_LOCKED
STEP5_FIRST_INACTIVE_BOUNDARY = HELPER_LOCK
============================================================
Info (23030): Evaluation of Tcl script scripts/jtag/read_wb_runtime.tcl was successful
Info: Quartus Prime Signal Tap was successful. 0 errors, 0 warnings
    Info: Peak virtual memory: 677 megabytes
    Info: Processing ended: Wed Sep  2 13:23:54 2026
    Info: Elapsed time: 00:00:15
    Info: System process ID: 3333029
