Info: *******************************************************************
Info: Running Quartus Prime Signal Tap
    Info: Version 21.3.0 Build 170 09/23/2021 SC Pro Edition
    Info: Copyright (C) 2021  Intel Corporation. All rights reserved.
    Info: Your use of Intel Corporation's design tools, logic functions 
    Info: and other software and tools, and any partner logic 
    Info: functions, and any output files from any of the foregoing 
    Info: (including device programming or simulation files), and any 
    Info: associated documentation or information are expressly subject 
    Info: to the terms and conditions of the Intel Program License 
    Info: Subscription Agreement, the Intel Quartus Prime License Agreement,
    Info: the Intel FPGA IP License Agreement, or other applicable license
    Info: agreement, including, without limitation, that your use is for
    Info: the sole purpose of programming logic devices manufactured by
    Info: Intel and sold by Intel or its authorized distributors.  Please
    Info: refer to the applicable agreement for further details, at
    Info: https://fpgasoftware.intel.com/eula.
    Info: Processing started: Mon Sep 14 22:53:18 2026
    Info: System process ID: 951637
Info: Command: quartus_stp -t scripts/jtag/read_wb_runtime.tcl --raw
Info: Quartus(args): --raw
RAW mailbox completion toggle wb_sync_toggle=0

============================================================
White Rabbit Runtime 診斷：DE5 [1-11.1]
============================================================

## [Step 1] PHY / 光纖 Link
[pass] si_config_done           結果: 1/1
[pass] wr_ready                 結果: 1/1
[pass] core_tm_link_up          結果: 1/1
[pass] core_link_ok             結果: 1/1
[pass] wr_rx_ready              結果: 1/1
[pass] wr_tx_ready              結果: 1/1
[pass] core_phy_rst             結果: 0/0
[pass] si_id_error              結果: 0/0
[pass] wr_rx_enc_err            結果: 0/0
[pass] wr_tx_enc_err            結果: 0/0
[pass] CPU_RESET_n              結果: 1/1
[pass] wr_rx_locked_to_data     結果: 1/1
[info] wr_rx_locked_to_ref      結果: 0/NA
[info] MOD_PRS_n                結果: 0/NA
[info] INTERRUPT_n              結果: 1/NA
Step 1 pass

## [Step 2] Endpoint / MiniNIC / PTP
[pass] EP_MAC_H/EP_MAC_L        結果: 02:00:22:33:44:01/02:00:22:33:44:01
[pass] WDIAGS_MODE              結果: 2 MASTER/2 MASTER
[pass] WDIAGS_PTP               結果: 6 MASTER (raw=01014106)/6 MASTER
[pass] WDIAGS_PTP_RX            結果: Δ=13/Δ>0
RAW WDIAGS_PTP_RX            before=0x00000251 after=0x0000025E delta=13
[pass] WDIAGS_PTP_TX            結果: Δ=31/Δ>0
RAW WDIAGS_PTP_TX            before=0x0000053D after=0x0000055C delta=31
[pass] WDIAGS_TX                結果: Δ=38/Δ>0
RAW WDIAGS_TX                before=0x000006CD after=0x000006F3 delta=38
[pass] WDIAGS_RX                結果: Δ=19/Δ>0
RAW WDIAGS_RX                before=0x0000038E after=0x000003A1 delta=19
[pass] WDIAGS_RXERR             結果: Δ=0/Δ=0
RAW WDIAGS_RXERR             before=0x00000000 after=0x00000000 delta=0
Step 2 pass

## [Step 3] WR Parent / Signaling
Step 3 NA

## [Step 4A] Master SoftPLL Event Chain
[pass] DMTD_REF_ACCEPT_EVENT    結果: Δ=23475/Δ>=0
RAW DMTD_REF_ACCEPT_EVENT    before=0x0088AB96 after=0x00890749 delta=23475
[pass] DMTD_FB_ACCEPT_EVENT     結果: Δ=23542/Δ>=0
RAW DMTD_FB_ACCEPT_EVENT     before=0x00533FD3 after=0x00539BC9 delta=23542
[pass] DMTD_ACCEPT              結果: Δ=47017/Δ>0
[pass] SPLL_TAG_VALID_COUNT     結果: Δ=23542/Δ>0
RAW SPLL_TAG_VALID_COUNT     before=0x0014E387 after=0x00153F7D delta=23542
[pass] SPLL_TRR_WRITE_COUNT     結果: Δ=23542/Δ>0
RAW SPLL_TRR_WRITE_COUNT     before=0x0014E3B4 after=0x00153FAA delta=23542
[pass] WRPC_SPLL_TRR_POP_COUNT  結果: Δ=23620/Δ>0
RAW WRPC_SPLL_TRR_POP_COUNT  before=0x0014E2DC after=0x00153F20 delta=23620
[pass] WDIAGS_IRQ_COUNT         結果: Δ=23619/Δ>0
RAW WDIAGS_IRQ_COUNT         before=0x0014E2DC after=0x00153F1F delta=23619
[pass] WDIAGS_HELPER_UPDATE_COUNT 結果: Δ=23620/Δ>0
RAW WDIAGS_HELPER_UPDATE_COUNT before=0x0014E2DC after=0x00153F20 delta=23620
[pass] BOOT_GENERATION          結果: Δ=0/Δ=0
RAW BOOT_GENERATION          before=0x00000001 after=0x00000001 delta=0
[pass] CPU_RESET_COUNT          結果: Δ=0/Δ=0
RAW CPU_RESET_COUNT          before=0x00000001 after=0x00000001 delta=0
[pass] WR_CORE_RESET_COUNT      結果: Δ=0/Δ=0
RAW WR_CORE_RESET_COUNT      before=0x00000001 after=0x00000001 delta=0
[pass] SI_CONFIG_DROP_COUNT     結果: Δ=0/Δ=0
RAW SI_CONFIG_DROP_COUNT     before=0x00000001 after=0x00000001 delta=0
STEP4A_MASTER_EVENT_CHAIN = PASS
Step 4 pass

## [Step 5] Closed-loop Lock
STEP5_RESULT = NOT_APPLICABLE_MASTER
STEP5_FIRST_INACTIVE_BOUNDARY = SLAVE_ONLY
Step 5 NA (Step5 closed-loop gate is for Slave)

## [Step 6] Global Time
Step 6 NA

============================================================
White Rabbit Runtime 診斷：DE5 [1-11.1]
============================================================
Step 1 PHY / Link             pass
Step 2 Endpoint / PTP         pass
Step 3 WR Handshake           NA
Step 4 Step4A Master Event Chain pass
Step 5 Closed-loop Lock       NA
Step 6 Global Time            NA
STEP1_REGRESSION = PASS
STEP2_REGRESSION = PASS
STEP3_REGRESSION = PASS
STEP4A_RESULT = PASS
STEP5_RESULT = NOT_APPLICABLE_MASTER
STEP5_FIRST_INACTIVE_BOUNDARY = SLAVE_ONLY
FAILURE_CLASSIFICATION = NO_FAILURE_EVIDENCE
============================================================

================ RAW_SNAPSHOT ================
RAW_SNAPSHOT board=DE5 [1-11.1] label=before
  status           = 011E36E132BC82FF
  cpu              = 0000007C00001228
  marker           = 000000010000B004
  store            = 0014D5320001EB58
  store_count      = 000000000A73DF65
  exception        = 8000000B00001224
  clock            = 0029E5688686B059
  boot_generation  = 00000001
  cpu_reset_count  = 00000001
  wr_core_reset_count = 00000001
  si_config_drop_count = 00000001
  pps_cr           = 01312D06
  pps_escr         = 0000010C
  ep_mach          = 02000200
  ep_macl          = 22334401
  ep_dsr           = 42000000
  ptp              = 01014106
  ptp_rx           = 00000251
  ptp_tx           = 0000053D
  ptp_meta         = 02010306
  tx               = 000006CD
  rx               = 0000038E
  rxerr            = 00000000
  ptp_types        = 01010101
  foreign_meta     = 0000FF00
  filter_meta      = 00000000
  parse_meta       = 0001015D
  wr_rx_signal     = 10000001
  wr_tx_signal     = 10010003
  wr_failure       = 00000000
  wr_state         = A0219864
  wr_reject        = 00000000
  pstat            = 00000001
  sstat            = 00000000
  sec_h            = 00000000
  sec_l            = 00000160
  ns               = 329DE048
  lock_enable      = 00000000
  lock_result      = 00000000
  lock_polls       = 00000000
  lock_unlocked    = 00000000
  lock_calibration_fail = 00000000
  spll_state       = 00020004
  spll_ocer        = 648C5801
  spll_rcer        = 00000000
  spll_occr        = 4C000148
  spll_trr_csr     = 0016DE48
  spll_dac_hpll    = 481F665B
  spll_dac_main    = 0000000A
  spll_helper_state = 00060100
  spll_helper_limits = 03E807D0
  spll_main_state  = 00000000
  spll_main_limits = 00320032
  spll_main_phase_limits = 03E804B0
  spll_state_visit_mask = 00000618
  spll_state_transitions = 00000003
  spll_last_state  = 00000004
  spll_init_count  = 00000001
  dmtd_ref         = 0088AB96
  dmtd_fb          = 00533FD3
  dmtd_ref_high_qual_abort = 0058A097
  dmtd_fb_high_qual_abort = 000EE391
  tag_valid        = 0014E387
  trr_write        = 0014E3B4
  irq              = 0014E2DC
  helper_update    = 0014E2DC
  spll_helper_error = FFFDB610
  spll_helper_output = 0000FFFB
  eic_isr          = FFFF0000
  current_tics     = 00056973
RAW_SNAPSHOT board=DE5 [1-11.1] label=after
  status           = 611E5841225082FF
  cpu              = 0000007C00001228
  marker           = 000000010000B004
  store            = 001530FA0001EB58
  store_count      = 000000000AA29819
  exception        = 8000000B00001220
  clock            = 0029186AB8D0E35B
  boot_generation  = 00000001
  cpu_reset_count  = 00000001
  wr_core_reset_count = 00000001
  si_config_drop_count = 00000001
  pps_cr           = 01312D06
  pps_escr         = 0000010C
  ep_mach          = 02000200
  ep_macl          = 22334401
  ep_dsr           = 42000000
  ptp              = 01014106
  ptp_rx           = 0000025E
  ptp_tx           = 0000055C
  ptp_meta         = 02010306
  tx               = 000006F3
  rx               = 000003A1
  rxerr            = 00000000
  ptp_types        = 01010101
  foreign_meta     = 0000FF00
  filter_meta      = 00000000
  parse_meta       = 00010172
  wr_rx_signal     = 10000001
  wr_tx_signal     = 10010004
  wr_failure       = 00000000
  wr_state         = A0219864
  wr_reject        = 00000000
  pstat            = 00000001
  sstat            = 00000000
  sec_h            = 00000000
  sec_l            = 00000166
  ns               = 38A01220
  lock_enable      = 00000000
  lock_result      = 00000000
  lock_polls       = 00000000
  lock_unlocked    = 00000000
  lock_calibration_fail = 00000000
  spll_state       = 00020004
  spll_ocer        = B9A2B201
  spll_rcer        = 00000000
  spll_occr        = E400015A
  spll_trr_csr     = 00163A9C
  spll_dac_hpll    = 7595EEFB
  spll_dac_main    = 0000000A
  spll_helper_state = 00060100
  spll_helper_limits = 03E807D0
  spll_main_state  = 00000000
  spll_main_limits = 00320032
  spll_main_phase_limits = 03E804B0
  spll_state_visit_mask = 00000618
  spll_state_transitions = 00000003
  spll_last_state  = 00000004
  spll_init_count  = 00000001
  dmtd_ref         = 00890749
  dmtd_fb          = 00539BC9
  dmtd_ref_high_qual_abort = 00598F59
  dmtd_fb_high_qual_abort = 000F253B
  tag_valid        = 00153F7D
  trr_write        = 00153FAA
  irq              = 00153F1F
  helper_update    = 00153F20
  spll_helper_error = FFFDB610
  spll_helper_output = 0000FFFB
  eic_isr          = FFFF0000
  current_tics     = 00058145
RAW mailbox completion toggle wb_sync_toggle=0

============================================================
White Rabbit Runtime 診斷：DE5 [1-11.2]
============================================================

## [Step 1] PHY / 光纖 Link
[pass] si_config_done           結果: 1/1
[pass] wr_ready                 結果: 1/1
[pass] core_tm_link_up          結果: 1/1
[pass] core_link_ok             結果: 1/1
[pass] wr_rx_ready              結果: 1/1
[pass] wr_tx_ready              結果: 1/1
[pass] core_phy_rst             結果: 0/0
[pass] si_id_error              結果: 0/0
[pass] wr_rx_enc_err            結果: 0/0
[pass] wr_tx_enc_err            結果: 0/0
[pass] CPU_RESET_n              結果: 1/1
[pass] wr_rx_locked_to_data     結果: 1/1
[info] wr_rx_locked_to_ref      結果: 1/NA
[info] MOD_PRS_n                結果: 0/NA
[info] INTERRUPT_n              結果: 1/NA
Step 1 pass

## [Step 2] Endpoint / MiniNIC / PTP
[pass] EP_MAC_H/EP_MAC_L        結果: 02:00:22:33:44:02/02:00:22:33:44:02
[pass] WDIAGS_MODE              結果: 3 SLAVE/3 SLAVE
[info] WDIAGS_PTP               結果: 8 UNCALIBRATED (raw=00004108)/NA
[pass] WDIAGS_PTP_RX            結果: Δ=28/Δ>0
RAW WDIAGS_PTP_RX            before=0x00000352 after=0x0000036E delta=28
[pass] WDIAGS_PTP_TX            結果: Δ=13/Δ>0
RAW WDIAGS_PTP_TX            before=0x00000175 after=0x00000182 delta=13
[pass] WDIAGS_TX                結果: Δ=20/Δ>0
RAW WDIAGS_TX                before=0x00000266 after=0x0000027A delta=20
[pass] WDIAGS_RX                結果: Δ=34/Δ>0
RAW WDIAGS_RX                before=0x00000418 after=0x0000043A delta=34
[pass] WDIAGS_RXERR             結果: Δ=0/Δ=0
RAW WDIAGS_RXERR             before=0x00000000 after=0x00000000 delta=0
Step 2 NA

## [Step 3] WR Parent / Signaling
[pass] WDIAGS_FOREIGN_META      結果: 1/1
[pass] WDIAGS_FOREIGN_META      結果: 0/0
[info] WDIAGS_FOREIGN_META      結果: detection=0 config=3/NA
[pass] parentIsWRnode           結果: 1/1
[info] parentWrModeOn           結果: 0/NA
[pass] parentCalibrated         結果: 1/1
[pass] WR_RX_SIGNAL_DEBUG       結果: LOCK count=1/LOCK 0x1001,count>0
[pass] WR_TX_SIGNAL_DEBUG       結果: SLAVE_PRESENT count=1/SLAVE_PRESENT 0x1000,count>0
[pass] WDIAGS_TEMP              結果: WRS_S_LOCK next=WRS_S_LOCK/WRS_S_LOCK=2
[pass] LOCK_ENABLE              結果: 4/> 0
Step 3 pass

## [Step 4B] Slave SoftPLL Startup
[info] STEP4B_UPSTREAM_GATE     結果: BLOCKED/NA
STEP4B_ALLOWED = NO
STEP4B_RESULT = BLOCKED_BY_STEP2
STEP4B_FIRST_INACTIVE_BOUNDARY = UPSTREAM_PREREQUISITE
Step 4B BLOCKED (upstream prerequisite)
Step 4 NA

## [Step 5] Closed-loop Lock
STEP5_RESULT = UPSTREAM_NOT_READY
STEP5_FIRST_INACTIVE_BOUNDARY = UPSTREAM_STEP4B
Step 5 NA

## [Step 6] Global Time
Step 6 NA

============================================================
White Rabbit Runtime 診斷：DE5 [1-11.2]
============================================================
Step 1 PHY / Link             pass
Step 2 Endpoint / PTP         NA
Step 3 WR Handshake           pass
Step 4 Step4B Slave SoftPLL Startup blocked
Step 5 Closed-loop Lock       NA
Step 6 Global Time            NA
STEP1_REGRESSION = PASS
STEP2_REGRESSION = INVALID
STEP3_REGRESSION = PASS
STEP4B_ALLOWED = NO
STEP4B_RESULT = BLOCKED_BY_STEP2
STEP4B_FIRST_INACTIVE_BOUNDARY = UPSTREAM_PREREQUISITE
STEP5_RESULT = UPSTREAM_NOT_READY
STEP5_FIRST_INACTIVE_BOUNDARY = UPSTREAM_STEP4B
FAILURE_CLASSIFICATION = JTAG/DASHBOARD_MEASUREMENT_FAILURE
============================================================

================ RAW_SNAPSHOT ================
RAW_SNAPSHOT board=DE5 [1-11.2] label=before
  status           = 6310EE6132BC82EF
  cpu              = 0000007C00001228
  marker           = 000000010000B004
  store            = 01F02B480001FD7C
  store_count      = 00000000079BFE75
  exception        = 8000000B00001228
  clock            = 002BFB00E697FDA7
  boot_generation  = 00000001
  cpu_reset_count  = 00000001
  wr_core_reset_count = 00000001
  si_config_drop_count = 00000001
  pps_cr           = 01312D06
  pps_escr         = 00000000
  ep_mach          = 02000200
  ep_macl          = 22334402
  ep_dsr           = 42000000
  ptp              = 00004108
  ptp_rx           = 00000352
  ptp_tx           = 00000175
  ptp_meta         = 03010308
  tx               = 00000266
  rx               = 00000418
  rxerr            = 00000000
  ptp_types        = 04BE5EBE
  foreign_meta     = 03000001
  filter_meta      = 00000000
  parse_meta       = 05015EF9
  wr_rx_signal     = 10010001
  wr_tx_signal     = 10000001
  wr_failure       = 00000000
  wr_state         = A041135C
  wr_reject        = 00000000
  pstat            = 00000001
  sstat            = 00000101
  sec_h            = 00000000
  sec_l            = 000000C5
  ns               = 2626B2C0
  lock_enable      = 00000004
  lock_result      = 00000001
  lock_polls       = 00011A7A
  lock_unlocked    = 00011AA1
  lock_calibration_fail = 00000000
  spll_state       = 00030006
  spll_ocer        = 5135CD01
  spll_rcer        = 00000001
  spll_occr        = C3000100
  spll_trr_csr     = 0016C49A
  spll_dac_hpll    = C385AD37
  spll_dac_main    = 00000005
  spll_helper_state = 01600000
  spll_helper_limits = 03E807D0
  spll_main_state  = 06403205
  spll_main_limits = 00320032
  spll_main_phase_limits = 03E804B0
  spll_state_visit_mask = 00000678
  spll_state_transitions = 00000005
  spll_last_state  = 00000006
  spll_init_count  = 00000001
  dmtd_ref         = 024FAE95
  dmtd_fb          = 027ECF68
  dmtd_ref_high_qual_abort = 006EA819
  dmtd_fb_high_qual_abort = 005DF422
  tag_valid        = 0015CD85
  trr_write        = 0015CDDE
  irq              = 00153532
  helper_update    = 0007687B
  spll_helper_error = FFFFFF9D
  spll_helper_output = 0000E355
  eic_isr          = FFFF0000
  current_tics     = 00030B2B
RAW_SNAPSHOT board=DE5 [1-11.2] label=after
  status           = 4610076332BC82EF
  cpu              = 0000007C00000C80
  marker           = 000000010000B004
  store            = 0015C82E0001EB58
  store_count      = 0000000007E67170
  exception        = 8000000B00001220
  clock            = 002F22370D1924DD
  boot_generation  = 00000001
  cpu_reset_count  = 00000001
  wr_core_reset_count = 00000001
  si_config_drop_count = 00000001
  pps_cr           = 01312D06
  pps_escr         = 00000000
  ep_mach          = 02000200
  ep_macl          = 22334402
  ep_dsr           = 42000000
  ptp              = 00004108
  ptp_rx           = 0000036E
  ptp_tx           = 00000182
  ptp_meta         = 03010308
  tx               = 0000027A
  rx               = 0000043A
  rxerr            = 00000000
  ptp_types        = 04C461C4
  foreign_meta     = 03000001
  filter_meta      = 00000000
  parse_meta       = 05016112
  wr_rx_signal     = 10010001
  wr_tx_signal     = 10000001
  wr_failure       = 00000000
  wr_state         = A041135C
  wr_reject        = 00000000
  pstat            = 00000001
  sstat            = 00000101
  sec_h            = 00000000
  sec_l            = 000000CB
  ns               = 263AEA88
  lock_enable      = 00000004
  lock_result      = 00000001
  lock_polls       = 000123AF
  lock_unlocked    = 000123AF
  lock_calibration_fail = 00000000
  spll_state       = 00030006
  spll_ocer        = 6D5F4601
  spll_rcer        = 00000001
  spll_occr        = F400011C
  spll_trr_csr     = 00167A16
  spll_dac_hpll    = F0F5080E
  spll_dac_main    = 00000005
  spll_helper_state = 03E80001
  spll_helper_limits = 03E807D0
  spll_main_state  = 07C02E05
  spll_main_limits = 00320032
  spll_main_phase_limits = 03E804B0
  spll_state_visit_mask = 00000678
  spll_state_transitions = 00000005
  spll_last_state  = 00000006
  spll_init_count  = 00000001
  dmtd_ref         = 02500933
  dmtd_fb          = 027F29C6
  dmtd_ref_high_qual_abort = 00724178
  dmtd_fb_high_qual_abort = 006102B1
  tag_valid        = 00168286
  trr_write        = 001682E0
  irq              = 0015E44B
  helper_update    = 0007C363
  spll_helper_error = 00000AFB
  spll_helper_output = 0000E824
  eic_isr          = FFFF0000
  current_tics     = 0003229B

============================================================
JTAG/WB transport health summary
============================================================
WB_TRANSPORT_PROTOCOL = PRELOAD_THEN_TOGGLE_COMMIT
WB_REQUEST_COUNT = 353
PRELOAD_COUNT = 353
COMMIT_COUNT = 353
WB_PROBE_READ_COUNT = 1765
PRELOAD_UNEXPECTED_TRIGGER_COUNT = 0
PROBE_3WAY_MATCH_COUNT = 353
STABLE_RESPONSE_WRONG_COUNT = 0
ADDRESS_CROSS_CONTAMINATION_COUNT = 0
TIMEOUT_COUNT = 0
INVALID_COUNT = 0
STALE_A5A5_COUNT = 0
UNSTABLE_TRANSACTION_COUNT = 0
DMTD_REF_DECREASE_COUNT = 0
DMTD_FB_DECREASE_COUNT = 0
PRELOAD_PROTOCOL_RUNTIME_REVALIDATION = PASS
JTAG_WB_DIAGNOSTIC_PATH = TRUSTED
============================================================

============================================================
STEP4A_RESULT = PASS
STEP4B_ALLOWED = NO
STEP4B_RESULT = BLOCKED_BY_STEP2
STEP4B_FIRST_INACTIVE_BOUNDARY = UPSTREAM_PREREQUISITE
STEP5_RESULT = NOT_APPLICABLE_MASTER
STEP5_FIRST_INACTIVE_BOUNDARY = SLAVE_ONLY
STEP5_RESULT = UPSTREAM_NOT_READY
STEP5_FIRST_INACTIVE_BOUNDARY = UPSTREAM_STEP4B
============================================================
Info (23030): Evaluation of Tcl script scripts/jtag/read_wb_runtime.tcl was successful
Info: Quartus Prime Signal Tap was successful. 0 errors, 0 warnings
    Info: Peak virtual memory: 677 megabytes
    Info: Processing ended: Mon Sep 14 22:53:37 2026
    Info: Elapsed time: 00:00:19
    Info: System process ID: 951637
