Info: *******************************************************************
Info: Running Quartus Prime SignalTap II
    Info: Version 17.0.0 Build 595 04/25/2017 SJ Standard Edition
    Info: Copyright (C) 2017  Intel Corporation. All rights reserved.
    Info: Your use of Intel Corporation's design tools, logic functions 
    Info: and other software and tools, and its AMPP partner logic 
    Info: functions, and any output files from any of the foregoing 
    Info: (including device programming or simulation files), and any 
    Info: associated documentation or information are expressly subject 
    Info: to the terms and conditions of the Intel Program License 
    Info: Subscription Agreement, the Intel Quartus Prime License Agreement,
    Info: the Intel MegaCore Function License Agreement, or other 
    Info: applicable license agreement, including, without limitation, 
    Info: that your use is for the sole purpose of programming logic 
    Info: devices manufactured by Intel and sold by Intel or its 
    Info: authorized distributors.  Please refer to the applicable 
    Info: agreement for further details.
    Info: Processing started: Mon Oct  5 15:01:28 2026
Info: Command: quartus_stp -t scripts/jtag/read_step6_global_time_observability.tcl 1000 250 
Info: Quartus(args): 1000 250 {}
GLOBAL_TIME_CONFIG duration_ms=1000 sample_ms=250 board_filter= reference_clock_hz=125000000
=== DE5 [1-11.1] ===
GLOBAL_TIME_DEVICE device=@1: 10AX115H(1|2|2E2|2ES|3|3E3)/.. (0x02E660DD)
GLOBAL_TIME_SAMPLE board=DE5 [1-11.1] sample=0 elapsed_ms=0 RAW_LIVE=224B7DD0000000E6 RAW0=73593F00000000E5 RAW1_BEFORE=0000000000007377 RAW1_AFTER=0000000000007377 STABLE=1 SNAPSHOT_VALID=1 SNAPSHOT_TIME_VALID=1 SNAPSHOT_PPS_VALID=1 SNAPSHOT_COUNT=230 TAI=229 CYCLES=124999999 LIVE_TAI_LO=230 LIVE_CYCLES=35960797 STATUS_RAW=014244C1275082FF STATUS_SI_CONFIG=1 STATUS_PHY_READY=1 STATUS_TM_LINK_UP=1 STATUS_LINK_OK=1 STATUS_TIME_VALID=1 STATUS_PPS_VALID=1 STATUS_RX_READY=1 STATUS_TX_READY=1 STATUS_CPU_RESET_N=1
GLOBAL_TIME_SAMPLE board=DE5 [1-11.1] sample=1 elapsed_ms=252 RAW_LIVE=406EAFC0000000E6 RAW0=73593F00000000E5 RAW1_BEFORE=0000000000007377 RAW1_AFTER=0000000000007377 STABLE=1 SNAPSHOT_VALID=1 SNAPSHOT_TIME_VALID=1 SNAPSHOT_PPS_VALID=1 SNAPSHOT_COUNT=230 TAI=229 CYCLES=124999999 LIVE_TAI_LO=230 LIVE_CYCLES=67562236 STATUS_RAW=41424441275082FF STATUS_SI_CONFIG=1 STATUS_PHY_READY=1 STATUS_TM_LINK_UP=1 STATUS_LINK_OK=1 STATUS_TIME_VALID=1 STATUS_PPS_VALID=1 STATUS_RX_READY=1 STATUS_TX_READY=1 STATUS_CPU_RESET_N=1
GLOBAL_TIME_SAMPLE board=DE5 [1-11.1] sample=2 elapsed_ms=507 RAW_LIVE=5ED85C00000000E6 RAW0=73593F00000000E5 RAW1_BEFORE=0000000000007377 RAW1_AFTER=0000000000007377 STABLE=1 SNAPSHOT_VALID=1 SNAPSHOT_TIME_VALID=1 SNAPSHOT_PPS_VALID=1 SNAPSHOT_COUNT=230 TAI=229 CYCLES=124999999 LIVE_TAI_LO=230 LIVE_CYCLES=99452352 STATUS_RAW=F14244E137BC82FF STATUS_SI_CONFIG=1 STATUS_PHY_READY=1 STATUS_TM_LINK_UP=1 STATUS_LINK_OK=1 STATUS_TIME_VALID=1 STATUS_PPS_VALID=1 STATUS_RX_READY=1 STATUS_TX_READY=1 STATUS_CPU_RESET_N=1
GLOBAL_TIME_SAMPLE board=DE5 [1-11.1] sample=3 elapsed_ms=762 RAW_LIVE=05F98060000000E7 RAW0=73593F00000000E6 RAW1_BEFORE=00000000000073F7 RAW1_AFTER=00000000000073F7 STABLE=1 SNAPSHOT_VALID=1 SNAPSHOT_TIME_VALID=1 SNAPSHOT_PPS_VALID=1 SNAPSHOT_COUNT=231 TAI=230 CYCLES=124999999 LIVE_TAI_LO=231 LIVE_CYCLES=6264838 STATUS_RAW=A14244C1275082FF STATUS_SI_CONFIG=1 STATUS_PHY_READY=1 STATUS_TM_LINK_UP=1 STATUS_LINK_OK=1 STATUS_TIME_VALID=1 STATUS_PPS_VALID=1 STATUS_RX_READY=1 STATUS_TX_READY=1 STATUS_CPU_RESET_N=1
GLOBAL_TIME_DONE board=DE5 [1-11.1] samples=4 elapsed_ms=1016
=== DE5 [1-11.2] ===
GLOBAL_TIME_DEVICE device=@1: 10AX115H(1|2|2E2|2ES|3|3E3)/.. (0x02E660DD)
GLOBAL_TIME_SAMPLE board=DE5 [1-11.2] sample=0 elapsed_ms=0 RAW_LIVE=395D0890000000E7 RAW0=0000000000000000 RAW1_BEFORE=0000000000000000 RAW1_AFTER=0000000000000000 STABLE=1 SNAPSHOT_VALID=0 SNAPSHOT_TIME_VALID=0 SNAPSHOT_PPS_VALID=0 SNAPSHOT_COUNT=0 TAI=0 CYCLES=0 LIVE_TAI_LO=231 LIVE_CYCLES=60149897 STATUS_RAW=7042A86135BC82EF STATUS_SI_CONFIG=1 STATUS_PHY_READY=1 STATUS_TM_LINK_UP=1 STATUS_LINK_OK=1 STATUS_TIME_VALID=0 STATUS_PPS_VALID=1 STATUS_RX_READY=1 STATUS_TX_READY=1 STATUS_CPU_RESET_N=1
GLOBAL_TIME_SAMPLE board=DE5 [1-11.2] sample=1 elapsed_ms=252 RAW_LIVE=5798D080000000E7 RAW0=0000000000000000 RAW1_BEFORE=0000000000000000 RAW1_AFTER=0000000000000000 STABLE=1 SNAPSHOT_VALID=0 SNAPSHOT_TIME_VALID=0 SNAPSHOT_PPS_VALID=0 SNAPSHOT_COUNT=0 TAI=0 CYCLES=0 LIVE_TAI_LO=231 LIVE_CYCLES=91852040 STATUS_RAW=9642A841255082EF STATUS_SI_CONFIG=1 STATUS_PHY_READY=1 STATUS_TM_LINK_UP=1 STATUS_LINK_OK=1 STATUS_TIME_VALID=0 STATUS_PPS_VALID=1 STATUS_RX_READY=1 STATUS_TX_READY=1 STATUS_CPU_RESET_N=1
GLOBAL_TIME_SAMPLE board=DE5 [1-11.2] sample=2 elapsed_ms=507 RAW_LIVE=75EAC500000000E7 RAW0=0000000000000000 RAW1_BEFORE=0000000000000000 RAW1_AFTER=0000000000000000 STABLE=1 SNAPSHOT_VALID=0 SNAPSHOT_TIME_VALID=0 SNAPSHOT_PPS_VALID=0 SNAPSHOT_COUNT=0 TAI=0 CYCLES=0 LIVE_TAI_LO=231 LIVE_CYCLES=123645008 STATUS_RAW=1042A8E135BC82EF STATUS_SI_CONFIG=1 STATUS_PHY_READY=1 STATUS_TM_LINK_UP=1 STATUS_LINK_OK=1 STATUS_TIME_VALID=0 STATUS_PPS_VALID=1 STATUS_RX_READY=1 STATUS_TX_READY=1 STATUS_CPU_RESET_N=1
GLOBAL_TIME_SAMPLE board=DE5 [1-11.2] sample=3 elapsed_ms=761 RAW_LIVE=1D05EB30000000E8 RAW0=0000000000000000 RAW1_BEFORE=0000000000000000 RAW1_AFTER=0000000000000000 STABLE=1 SNAPSHOT_VALID=0 SNAPSHOT_TIME_VALID=0 SNAPSHOT_PPS_VALID=0 SNAPSHOT_COUNT=0 TAI=0 CYCLES=0 LIVE_TAI_LO=232 LIVE_CYCLES=30432947 STATUS_RAW=5D42A841255082EF STATUS_SI_CONFIG=1 STATUS_PHY_READY=1 STATUS_TM_LINK_UP=1 STATUS_LINK_OK=1 STATUS_TIME_VALID=0 STATUS_PPS_VALID=1 STATUS_RX_READY=1 STATUS_TX_READY=1 STATUS_CPU_RESET_N=1
GLOBAL_TIME_DONE board=DE5 [1-11.2] samples=4 elapsed_ms=1016
Info (23030): Evaluation of Tcl script scripts/jtag/read_step6_global_time_observability.tcl was successful
Info: Quartus Prime SignalTap II was successful. 0 errors, 0 warnings
    Info: Peak virtual memory: 772 megabytes
    Info: Processing ended: Mon Oct  5 15:01:30 2026
    Info: Elapsed time: 00:00:02
    Info: Total CPU time (on all processors): 00:00:00
