Info: *******************************************************************
Info: Running Quartus Prime SignalTap II
    Info: Version 17.0.0 Build 595 04/25/2017 SJ Standard Edition
    Info: Copyright (C) 2017  Intel Corporation. All rights reserved.
    Info: Your use of Intel Corporation's design tools, logic functions 
    Info: and other software and tools, and its AMPP partner logic 
    Info: functions, and any output files from any of the foregoing 
    Info: (including device programming or simulation files), and any 
    Info: associated documentation or information are expressly subject 
    Info: to the terms and conditions of the Intel Program License 
    Info: Subscription Agreement, the Intel Quartus Prime License Agreement,
    Info: the Intel MegaCore Function License Agreement, or other 
    Info: applicable license agreement, including, without limitation, 
    Info: that your use is for the sole purpose of programming logic 
    Info: devices manufactured by Intel and sold by Intel or its 
    Info: authorized distributors.  Please refer to the applicable 
    Info: agreement for further details.
    Info: Processing started: Mon Oct  5 15:00:49 2026
Info: Command: quartus_stp -t scripts/jtag/read_step6_global_time_observability.tcl 1000 250 
Info: Quartus(args): 1000 250 {}
GLOBAL_TIME_CONFIG duration_ms=1000 sample_ms=250 board_filter= reference_clock_hz=125000000
=== DE5 [1-11.1] ===
GLOBAL_TIME_DEVICE device=@1: 10AX115H(1|2|2E2|2ES|3|3E3)/.. (0x02E660DD)
GLOBAL_TIME_SAMPLE board=DE5 [1-11.1] sample=0 elapsed_ms=0 RAW_LIVE=6CCC8D70000000BF RAW0=73593F00000000BE RAW1_BEFORE=0000000000005FF7 RAW1_AFTER=0000000000005FF7 STABLE=1 SNAPSHOT_VALID=1 SNAPSHOT_TIME_VALID=1 SNAPSHOT_PPS_VALID=1 SNAPSHOT_COUNT=191 TAI=190 CYCLES=124999999 LIVE_TAI_LO=191 LIVE_CYCLES=114084055 STATUS_RAW=814244E137BC82FF STATUS_SI_CONFIG=1 STATUS_PHY_READY=1 STATUS_TM_LINK_UP=1 STATUS_LINK_OK=1 STATUS_TIME_VALID=1 STATUS_PPS_VALID=1 STATUS_RX_READY=1 STATUS_TX_READY=1 STATUS_CPU_RESET_N=1
GLOBAL_TIME_SAMPLE board=DE5 [1-11.1] sample=1 elapsed_ms=252 RAW_LIVE=13B209B0000000C0 RAW0=73593F00000000BF RAW1_BEFORE=0000000000006077 RAW1_AFTER=0000000000006077 STABLE=1 SNAPSHOT_VALID=1 SNAPSHOT_TIME_VALID=1 SNAPSHOT_PPS_VALID=1 SNAPSHOT_COUNT=192 TAI=191 CYCLES=124999999 LIVE_TAI_LO=192 LIVE_CYCLES=20652187 STATUS_RAW=51424441275082FF STATUS_SI_CONFIG=1 STATUS_PHY_READY=1 STATUS_TM_LINK_UP=1 STATUS_LINK_OK=1 STATUS_TIME_VALID=1 STATUS_PPS_VALID=1 STATUS_RX_READY=1 STATUS_TX_READY=1 STATUS_CPU_RESET_N=1
GLOBAL_TIME_SAMPLE board=DE5 [1-11.1] sample=2 elapsed_ms=506 RAW_LIVE=32028F60000000C0 RAW0=73593F00000000BF RAW1_BEFORE=0000000000006077 RAW1_AFTER=0000000000006077 STABLE=1 SNAPSHOT_VALID=1 SNAPSHOT_TIME_VALID=1 SNAPSHOT_PPS_VALID=1 SNAPSHOT_COUNT=192 TAI=191 CYCLES=124999999 LIVE_TAI_LO=192 LIVE_CYCLES=52439286 STATUS_RAW=61424441275082FF STATUS_SI_CONFIG=1 STATUS_PHY_READY=1 STATUS_TM_LINK_UP=1 STATUS_LINK_OK=1 STATUS_TIME_VALID=1 STATUS_PPS_VALID=1 STATUS_RX_READY=1 STATUS_TX_READY=1 STATUS_CPU_RESET_N=1
GLOBAL_TIME_SAMPLE board=DE5 [1-11.1] sample=3 elapsed_ms=761 RAW_LIVE=505D9F90000000C0 RAW0=73593F00000000BF RAW1_BEFORE=0000000000006077 RAW1_AFTER=0000000000006077 STABLE=1 SNAPSHOT_VALID=1 SNAPSHOT_TIME_VALID=1 SNAPSHOT_PPS_VALID=1 SNAPSHOT_COUNT=192 TAI=191 CYCLES=124999999 LIVE_TAI_LO=192 LIVE_CYCLES=84269561 STATUS_RAW=E14244C127F482FF STATUS_SI_CONFIG=1 STATUS_PHY_READY=1 STATUS_TM_LINK_UP=1 STATUS_LINK_OK=1 STATUS_TIME_VALID=1 STATUS_PPS_VALID=1 STATUS_RX_READY=1 STATUS_TX_READY=1 STATUS_CPU_RESET_N=1
GLOBAL_TIME_DONE board=DE5 [1-11.1] samples=4 elapsed_ms=1017
=== DE5 [1-11.2] ===
GLOBAL_TIME_DEVICE device=@1: 10AX115H(1|2|2E2|2ES|3|3E3)/.. (0x02E660DD)
GLOBAL_TIME_SAMPLE board=DE5 [1-11.2] sample=0 elapsed_ms=0 RAW_LIVE=0C49B2E0000000C1 RAW0=0000000000000000 RAW1_BEFORE=0000000000000000 RAW1_AFTER=0000000000000000 STABLE=1 SNAPSHOT_VALID=0 SNAPSHOT_TIME_VALID=0 SNAPSHOT_PPS_VALID=0 SNAPSHOT_COUNT=0 TAI=0 CYCLES=0 LIVE_TAI_LO=193 LIVE_CYCLES=12884782 STATUS_RAW=F442A8E135BC82EF STATUS_SI_CONFIG=1 STATUS_PHY_READY=1 STATUS_TM_LINK_UP=1 STATUS_LINK_OK=1 STATUS_TIME_VALID=0 STATUS_PPS_VALID=1 STATUS_RX_READY=1 STATUS_TX_READY=1 STATUS_CPU_RESET_N=1
GLOBAL_TIME_SAMPLE board=DE5 [1-11.2] sample=1 elapsed_ms=251 RAW_LIVE=2A5F0A10000000C1 RAW0=0000000000000000 RAW1_BEFORE=0000000000000000 RAW1_AFTER=0000000000000000 STABLE=1 SNAPSHOT_VALID=0 SNAPSHOT_TIME_VALID=0 SNAPSHOT_PPS_VALID=0 SNAPSHOT_COUNT=0 TAI=0 CYCLES=0 LIVE_TAI_LO=193 LIVE_CYCLES=44429473 STATUS_RAW=7642A8E135BC82EF STATUS_SI_CONFIG=1 STATUS_PHY_READY=1 STATUS_TM_LINK_UP=1 STATUS_LINK_OK=1 STATUS_TIME_VALID=0 STATUS_PPS_VALID=1 STATUS_RX_READY=1 STATUS_TX_READY=1 STATUS_CPU_RESET_N=1
GLOBAL_TIME_SAMPLE board=DE5 [1-11.2] sample=2 elapsed_ms=506 RAW_LIVE=48BE0DF0000000C1 RAW0=0000000000000000 RAW1_BEFORE=0000000000000000 RAW1_AFTER=0000000000000000 STABLE=1 SNAPSHOT_VALID=0 SNAPSHOT_TIME_VALID=0 SNAPSHOT_PPS_VALID=0 SNAPSHOT_COUNT=0 TAI=0 CYCLES=0 LIVE_TAI_LO=193 LIVE_CYCLES=76275935 STATUS_RAW=1442A8E135BC82EF STATUS_SI_CONFIG=1 STATUS_PHY_READY=1 STATUS_TM_LINK_UP=1 STATUS_LINK_OK=1 STATUS_TIME_VALID=0 STATUS_PPS_VALID=1 STATUS_RX_READY=1 STATUS_TX_READY=1 STATUS_CPU_RESET_N=1
GLOBAL_TIME_SAMPLE board=DE5 [1-11.2] sample=3 elapsed_ms=761 RAW_LIVE=67276130000000C1 RAW0=0000000000000000 RAW1_BEFORE=0000000000000000 RAW1_AFTER=0000000000000000 STABLE=1 SNAPSHOT_VALID=0 SNAPSHOT_TIME_VALID=0 SNAPSHOT_PPS_VALID=0 SNAPSHOT_COUNT=0 TAI=0 CYCLES=0 LIVE_TAI_LO=193 LIVE_CYCLES=108164627 STATUS_RAW=3A42A86135BC82EF STATUS_SI_CONFIG=1 STATUS_PHY_READY=1 STATUS_TM_LINK_UP=1 STATUS_LINK_OK=1 STATUS_TIME_VALID=0 STATUS_PPS_VALID=1 STATUS_RX_READY=1 STATUS_TX_READY=1 STATUS_CPU_RESET_N=1
GLOBAL_TIME_DONE board=DE5 [1-11.2] samples=4 elapsed_ms=1015
Info (23030): Evaluation of Tcl script scripts/jtag/read_step6_global_time_observability.tcl was successful
Info: Quartus Prime SignalTap II was successful. 0 errors, 0 warnings
    Info: Peak virtual memory: 772 megabytes
    Info: Processing ended: Mon Oct  5 15:00:52 2026
    Info: Elapsed time: 00:00:03
    Info: Total CPU time (on all processors): 00:00:00
