Info: *******************************************************************
Info: Running Quartus Prime SignalTap II
    Info: Version 17.0.0 Build 595 04/25/2017 SJ Standard Edition
    Info: Copyright (C) 2017  Intel Corporation. All rights reserved.
    Info: Your use of Intel Corporation's design tools, logic functions 
    Info: and other software and tools, and its AMPP partner logic 
    Info: functions, and any output files from any of the foregoing 
    Info: (including device programming or simulation files), and any 
    Info: associated documentation or information are expressly subject 
    Info: to the terms and conditions of the Intel Program License 
    Info: Subscription Agreement, the Intel Quartus Prime License Agreement,
    Info: the Intel MegaCore Function License Agreement, or other 
    Info: applicable license agreement, including, without limitation, 
    Info: that your use is for the sole purpose of programming logic 
    Info: devices manufactured by Intel and sold by Intel or its 
    Info: authorized distributors.  Please refer to the applicable 
    Info: agreement for further details.
    Info: Processing started: Mon Oct  5 15:06:22 2026
Info: Command: quartus_stp -t scripts/jtag/read_step6_global_time_observability.tcl 1000 250 
Info: Quartus(args): 1000 250 {}
GLOBAL_TIME_CONFIG duration_ms=1000 sample_ms=250 board_filter= reference_clock_hz=125000000
=== DE5 [1-11.1] ===
GLOBAL_TIME_DEVICE device=@1: 10AX115H(1|2|2E2|2ES|3|3E3)/.. (0x02E660DD)
GLOBAL_TIME_SAMPLE board=DE5 [1-11.1] sample=0 elapsed_ms=1 RAW_LIVE=2EF123B00000020C RAW0=73593F000000020B RAW1_BEFORE=0000000000010677 RAW1_AFTER=0000000000010677 STABLE=1 SNAPSHOT_VALID=1 SNAPSHOT_TIME_VALID=1 SNAPSHOT_PPS_VALID=1 SNAPSHOT_COUNT=524 TAI=523 CYCLES=124999999 LIVE_TAI_LO=524 LIVE_CYCLES=49222203 STATUS_RAW=614244E137BC82FF STATUS_SI_CONFIG=1 STATUS_PHY_READY=1 STATUS_TM_LINK_UP=1 STATUS_LINK_OK=1 STATUS_TIME_VALID=1 STATUS_PPS_VALID=1 STATUS_RX_READY=1 STATUS_TX_READY=1 STATUS_CPU_RESET_N=1
GLOBAL_TIME_SAMPLE board=DE5 [1-11.1] sample=1 elapsed_ms=252 RAW_LIVE=4D0904300000020C RAW0=73593F000000020B RAW1_BEFORE=0000000000010677 RAW1_AFTER=0000000000010677 STABLE=1 SNAPSHOT_VALID=1 SNAPSHOT_TIME_VALID=1 SNAPSHOT_PPS_VALID=1 SNAPSHOT_COUNT=524 TAI=523 CYCLES=124999999 LIVE_TAI_LO=524 LIVE_CYCLES=80777283 STATUS_RAW=0142446137BC82FF STATUS_SI_CONFIG=1 STATUS_PHY_READY=1 STATUS_TM_LINK_UP=1 STATUS_LINK_OK=1 STATUS_TIME_VALID=1 STATUS_PPS_VALID=1 STATUS_RX_READY=1 STATUS_TX_READY=1 STATUS_CPU_RESET_N=1
GLOBAL_TIME_SAMPLE board=DE5 [1-11.1] sample=2 elapsed_ms=508 RAW_LIVE=6B8B7A500000020C RAW0=73593F000000020B RAW1_BEFORE=0000000000010677 RAW1_AFTER=0000000000010677 STABLE=1 SNAPSHOT_VALID=1 SNAPSHOT_TIME_VALID=1 SNAPSHOT_PPS_VALID=1 SNAPSHOT_COUNT=524 TAI=523 CYCLES=124999999 LIVE_TAI_LO=524 LIVE_CYCLES=112768933 STATUS_RAW=214244C1275082FF STATUS_SI_CONFIG=1 STATUS_PHY_READY=1 STATUS_TM_LINK_UP=1 STATUS_LINK_OK=1 STATUS_TIME_VALID=1 STATUS_PPS_VALID=1 STATUS_RX_READY=1 STATUS_TX_READY=1 STATUS_CPU_RESET_N=1
GLOBAL_TIME_SAMPLE board=DE5 [1-11.1] sample=3 elapsed_ms=763 RAW_LIVE=12B34CE00000020D RAW0=73593F000000020C RAW1_BEFORE=00000000000106F7 RAW1_AFTER=00000000000106F7 STABLE=1 SNAPSHOT_VALID=1 SNAPSHOT_TIME_VALID=1 SNAPSHOT_PPS_VALID=1 SNAPSHOT_COUNT=525 TAI=524 CYCLES=124999999 LIVE_TAI_LO=525 LIVE_CYCLES=19608782 STATUS_RAW=014244C1275082FF STATUS_SI_CONFIG=1 STATUS_PHY_READY=1 STATUS_TM_LINK_UP=1 STATUS_LINK_OK=1 STATUS_TIME_VALID=1 STATUS_PPS_VALID=1 STATUS_RX_READY=1 STATUS_TX_READY=1 STATUS_CPU_RESET_N=1
GLOBAL_TIME_DONE board=DE5 [1-11.1] samples=4 elapsed_ms=1017
=== DE5 [1-11.2] ===
GLOBAL_TIME_DEVICE device=@1: 10AX115H(1|2|2E2|2ES|3|3E3)/.. (0x02E660DD)
GLOBAL_TIME_SAMPLE board=DE5 [1-11.2] sample=0 elapsed_ms=0 RAW_LIVE=45DE33B00000020D RAW0=0000000000000000 RAW1_BEFORE=0000000000000000 RAW1_AFTER=0000000000000000 STABLE=1 SNAPSHOT_VALID=0 SNAPSHOT_TIME_VALID=0 SNAPSHOT_PPS_VALID=0 SNAPSHOT_COUNT=0 TAI=0 CYCLES=0 LIVE_TAI_LO=525 LIVE_CYCLES=73261883 STATUS_RAW=78426041255082EF STATUS_SI_CONFIG=1 STATUS_PHY_READY=1 STATUS_TM_LINK_UP=1 STATUS_LINK_OK=1 STATUS_TIME_VALID=0 STATUS_PPS_VALID=1 STATUS_RX_READY=1 STATUS_TX_READY=1 STATUS_CPU_RESET_N=1
GLOBAL_TIME_SAMPLE board=DE5 [1-11.2] sample=1 elapsed_ms=252 RAW_LIVE=64101F300000020D RAW0=0000000000000000 RAW1_BEFORE=0000000000000000 RAW1_AFTER=0000000000000000 STABLE=1 SNAPSHOT_VALID=0 SNAPSHOT_TIME_VALID=0 SNAPSHOT_PPS_VALID=0 SNAPSHOT_COUNT=0 TAI=0 CYCLES=0 LIVE_TAI_LO=525 LIVE_CYCLES=104923635 STATUS_RAW=04426041255082EF STATUS_SI_CONFIG=1 STATUS_PHY_READY=1 STATUS_TM_LINK_UP=1 STATUS_LINK_OK=1 STATUS_TIME_VALID=0 STATUS_PPS_VALID=1 STATUS_RX_READY=1 STATUS_TX_READY=1 STATUS_CPU_RESET_N=1
GLOBAL_TIME_SAMPLE board=DE5 [1-11.2] sample=2 elapsed_ms=506 RAW_LIVE=0B1FE7E00000020E RAW0=0000000000000000 RAW1_BEFORE=0000000000000000 RAW1_AFTER=0000000000000000 STABLE=1 SNAPSHOT_VALID=0 SNAPSHOT_TIME_VALID=0 SNAPSHOT_PPS_VALID=0 SNAPSHOT_COUNT=0 TAI=0 CYCLES=0 LIVE_TAI_LO=526 LIVE_CYCLES=11665022 STATUS_RAW=6142606135BC82EF STATUS_SI_CONFIG=1 STATUS_PHY_READY=1 STATUS_TM_LINK_UP=1 STATUS_LINK_OK=1 STATUS_TIME_VALID=0 STATUS_PPS_VALID=1 STATUS_RX_READY=1 STATUS_TX_READY=1 STATUS_CPU_RESET_N=1
GLOBAL_TIME_SAMPLE board=DE5 [1-11.2] sample=3 elapsed_ms=760 RAW_LIVE=2964D1800000020E RAW0=0000000000000000 RAW1_BEFORE=0000000000000000 RAW1_AFTER=0000000000000000 STABLE=1 SNAPSHOT_VALID=0 SNAPSHOT_TIME_VALID=0 SNAPSHOT_PPS_VALID=0 SNAPSHOT_COUNT=0 TAI=0 CYCLES=0 LIVE_TAI_LO=526 LIVE_CYCLES=43404568 STATUS_RAW=DD42606135BC82EF STATUS_SI_CONFIG=1 STATUS_PHY_READY=1 STATUS_TM_LINK_UP=1 STATUS_LINK_OK=1 STATUS_TIME_VALID=0 STATUS_PPS_VALID=1 STATUS_RX_READY=1 STATUS_TX_READY=1 STATUS_CPU_RESET_N=1
GLOBAL_TIME_DONE board=DE5 [1-11.2] samples=4 elapsed_ms=1014
Info (23030): Evaluation of Tcl script scripts/jtag/read_step6_global_time_observability.tcl was successful
Info: Quartus Prime SignalTap II was successful. 0 errors, 0 warnings
    Info: Peak virtual memory: 772 megabytes
    Info: Processing ended: Mon Oct  5 15:06:24 2026
    Info: Elapsed time: 00:00:02
    Info: Total CPU time (on all processors): 00:00:00
