Info: *******************************************************************
Info: Running Quartus Prime Signal Tap
    Info: Version 21.3.0 Build 170 09/23/2021 SC Pro Edition
    Info: Copyright (C) 2021  Intel Corporation. All rights reserved.
    Info: Your use of Intel Corporation's design tools, logic functions 
    Info: and other software and tools, and any partner logic 
    Info: functions, and any output files from any of the foregoing 
    Info: (including device programming or simulation files), and any 
    Info: associated documentation or information are expressly subject 
    Info: to the terms and conditions of the Intel Program License 
    Info: Subscription Agreement, the Intel Quartus Prime License Agreement,
    Info: the Intel FPGA IP License Agreement, or other applicable license
    Info: agreement, including, without limitation, that your use is for
    Info: the sole purpose of programming logic devices manufactured by
    Info: Intel and sold by Intel or its authorized distributors.  Please
    Info: refer to the applicable agreement for further details, at
    Info: https://fpgasoftware.intel.com/eula.
    Info: Processing started: Sat Aug 29 12:17:54 2026
    Info: System process ID: 73165
Info: Command: quartus_stp -t scripts/jtag/read_wb_runtime.tcl --raw
Info: Quartus(args): --raw
RAW mailbox completion toggle wb_sync_toggle=0

============================================================
White Rabbit Runtime 診斷：DE5 [1-11.1]
============================================================

## [Step 1] PHY / 光纖 Link
[pass] si_config_done           結果: 1/1
[pass] wr_ready                 結果: 1/1
[pass] core_tm_link_up          結果: 1/1
[pass] core_link_ok             結果: 1/1
[pass] wr_rx_ready              結果: 1/1
[pass] wr_tx_ready              結果: 1/1
[pass] core_phy_rst             結果: 0/0
[pass] si_id_error              結果: 0/0
[pass] wr_rx_enc_err            結果: 0/0
[pass] wr_tx_enc_err            結果: 0/0
[pass] CPU_RESET_n              結果: 1/1
[pass] wr_rx_locked_to_data     結果: 1/1
[info] wr_rx_locked_to_ref      結果: 0/NA
[info] MOD_PRS_n                結果: 0/NA
[info] INTERRUPT_n              結果: 1/NA
Step 1 pass

## [Step 2] Endpoint / MiniNIC / PTP
[pass] EP_MAC_H/EP_MAC_L        結果: 02:00:22:33:44:01/02:00:22:33:44:01
[pass] WDIAGS_MODE              結果: 2 MASTER/2 MASTER
[pass] WDIAGS_PTP               結果: 6 MASTER (raw=01014106)/6 MASTER
[pass] WDIAGS_PTP_RX            結果: Δ=10/Δ>0
RAW WDIAGS_PTP_RX            before=0x000001C9 after=0x000001D3 delta=10
[pass] WDIAGS_PTP_TX            結果: Δ=22/Δ>0
RAW WDIAGS_PTP_TX            before=0x00000404 after=0x0000041A delta=22
[pass] WDIAGS_TX                結果: Δ=28/Δ>0
RAW WDIAGS_TX                before=0x0000053E after=0x0000055A delta=28
[pass] WDIAGS_RX                結果: Δ=15/Δ>0
RAW WDIAGS_RX                before=0x000002BD after=0x000002CC delta=15
[pass] WDIAGS_RXERR             結果: Δ=0/Δ=0
RAW WDIAGS_RXERR             before=0x00000000 after=0x00000000 delta=0
Step 2 pass

## [Step 3] WR Parent / Signaling
Step 3 NA

## [Step 4A] Master SoftPLL Event Chain
[pass] DMTD_REF_ACCEPT_EVENT    結果: Δ=21360/Δ>=0
RAW DMTD_REF_ACCEPT_EVENT    before=0x0084EEC7 after=0x00854237 delta=21360
[pass] DMTD_FB_ACCEPT_EVENT     結果: Δ=21667/Δ>=0
RAW DMTD_FB_ACCEPT_EVENT     before=0x00506031 after=0x0050B4D4 delta=21667
[pass] DMTD_ACCEPT              結果: Δ=43027/Δ>0
[pass] SPLL_TAG_VALID_COUNT     結果: Δ=21668/Δ>0
RAW SPLL_TAG_VALID_COUNT     before=0x00112340 after=0x001177E4 delta=21668
[pass] SPLL_TRR_WRITE_COUNT     結果: Δ=21667/Δ>0
RAW SPLL_TRR_WRITE_COUNT     before=0x00112357 after=0x001177FA delta=21667
[pass] WRPC_SPLL_TRR_POP_COUNT  結果: Δ=23996/Δ>0
RAW WRPC_SPLL_TRR_POP_COUNT  before=0x0011190B after=0x001176C7 delta=23996
[pass] WDIAGS_IRQ_COUNT         結果: Δ=23996/Δ>0
RAW WDIAGS_IRQ_COUNT         before=0x0011190B after=0x001176C7 delta=23996
[pass] WDIAGS_HELPER_UPDATE_COUNT 結果: Δ=23996/Δ>0
RAW WDIAGS_HELPER_UPDATE_COUNT before=0x0011190B after=0x001176C7 delta=23996
[pass] BOOT_GENERATION          結果: Δ=0/Δ=0
RAW BOOT_GENERATION          before=0x00000001 after=0x00000001 delta=0
[pass] CPU_RESET_COUNT          結果: Δ=0/Δ=0
RAW CPU_RESET_COUNT          before=0x00000001 after=0x00000001 delta=0
[pass] WR_CORE_RESET_COUNT      結果: Δ=0/Δ=0
RAW WR_CORE_RESET_COUNT      before=0x00000001 after=0x00000001 delta=0
[pass] SI_CONFIG_DROP_COUNT     結果: Δ=0/Δ=0
RAW SI_CONFIG_DROP_COUNT     before=0x00000001 after=0x00000001 delta=0
STEP4A_MASTER_EVENT_CHAIN = PASS
Step 4 pass

## [Step 5] Closed-loop Lock
[error] WDIAGS_PSTAT             結果: 0/1
Step 5 error

## [Step 6] Global Time
Step 6 NA

============================================================
White Rabbit Runtime 診斷：DE5 [1-11.1]
============================================================
Step 1 PHY / Link             pass
Step 2 Endpoint / PTP         pass
Step 3 WR Handshake           NA
Step 4 Step4A Master Event Chain pass
Step 5 Closed-loop Lock       error
Step 6 Global Time            NA
STEP1_REGRESSION = PASS
STEP2_REGRESSION = PASS
STEP3_REGRESSION = PASS
STEP4A_RESULT = PASS
FAILURE_CLASSIFICATION = NO_FAILURE_EVIDENCE
============================================================

================ RAW_SNAPSHOT ================
RAW_SNAPSHOT board=DE5 [1-11.1] label=before
  status           = 501E6C41265082FF
  cpu              = 0000007C00018570
  marker           = 000000010000B004
  store            = 1A3582580001D334
  store_count      = 000000003DB99109
  exception        = 8000000B00003DFC
  clock            = 002BA11C0DAB300F
  boot_generation  = 00000001
  cpu_reset_count  = 00000001
  wr_core_reset_count = 00000001
  si_config_drop_count = 00000001
  pps_cr           = 01312D06
  pps_escr         = 0000010C
  ep_mach          = 02000200
  ep_macl          = 22334401
  ep_dsr           = 42000000
  ptp              = 01014106
  ptp_rx           = 000001C9
  ptp_tx           = 00000404
  ptp_meta         = 02020406
  tx               = 0000053E
  rx               = 000002BD
  rxerr            = 00000000
  ptp_types        = 01010101
  foreign_meta     = 0000FF00
  filter_meta      = 00000000
  parse_meta       = 000101CB
  wr_rx_signal     = 10000001
  wr_tx_signal     = 10010004
  wr_failure       = 01030001
  wr_state         = A0000064
  wr_reject        = 00000000
  pstat            = 00000001
  sstat            = 00000000
  sec_h            = 00000000
  sec_l            = 00000118
  ns               = 08875B80
  lock_enable      = 00000000
  spll_state       = 00020004
  spll_ocer        = BA72FA01
  spll_rcer        = 00000000
  spll_occr        = 0400015D
  spll_trr_csr     = 0012180A
  spll_state_visit_mask = 00000618
  spll_state_transitions = 00000003
  spll_last_state  = 00000004
  spll_init_count  = 00000001
  dmtd_ref         = 0084EEC7
  dmtd_fb          = 00506031
  dmtd_ref_high_qual_abort = 07029789
  dmtd_fb_high_qual_abort = 00871F47
  tag_valid        = 00112340
  trr_write        = 00112357
  irq              = 0011190B
  helper_update    = 0011190B
  eic_isr          = FFFF0000
  current_tics     = 00044B18
RAW_SNAPSHOT board=DE5 [1-11.1] label=after
  status           = F01E6CC1265082FF
  cpu              = 0000007C00001348
  marker           = 000000010000B004
  store            = 000002CE0001E1BC
  store_count      = 000000003F04B29D
  exception        = 8000000B00001360
  clock            = 002FE9BB55A378B1
  boot_generation  = 00000001
  cpu_reset_count  = 00000001
  wr_core_reset_count = 00000001
  si_config_drop_count = 00000001
  pps_cr           = 01312D06
  pps_escr         = 0000010C
  ep_mach          = 02000200
  ep_macl          = 22334401
  ep_dsr           = 42000000
  ptp              = 01014106
  ptp_rx           = 000001D3
  ptp_tx           = 0000041A
  ptp_meta         = 02020406
  tx               = 0000055A
  rx               = 000002CC
  rxerr            = 00000000
  ptp_types        = 01010101
  foreign_meta     = 0000FF00
  filter_meta      = 00000000
  parse_meta       = 000101DA
  wr_rx_signal     = 10000001
  wr_tx_signal     = 10010004
  wr_failure       = 01030001
  wr_state         = A0000064
  wr_reject        = 00000000
  pstat            = 00000001
  sstat            = 00000000
  sec_h            = 00000000
  sec_l            = 0000011D
  ns               = 08883390
  lock_enable      = 00000000
  spll_state       = 00020004
  spll_ocer        = A5D04601
  spll_rcer        = 00000000
  spll_occr        = DB0001C5
  spll_trr_csr     = 001276C6
  spll_state_visit_mask = 00000618
  spll_state_transitions = 00000003
  spll_last_state  = 00000004
  spll_init_count  = 00000001
  dmtd_ref         = 00854237
  dmtd_fb          = 0050B4D4
  dmtd_ref_high_qual_abort = 0705BBF3
  dmtd_fb_high_qual_abort = 0089BAAA
  tag_valid        = 001177E4
  trr_write        = 001177FA
  irq              = 001176C7
  helper_update    = 001176C7
  eic_isr          = FFFF0000
  current_tics     = 00046287
RAW mailbox completion toggle wb_sync_toggle=0

============================================================
White Rabbit Runtime 診斷：DE5 [1-11.2]
============================================================

## [Step 1] PHY / 光纖 Link
[pass] si_config_done           結果: 1/1
[pass] wr_ready                 結果: 1/1
[pass] core_tm_link_up          結果: 1/1
[pass] core_link_ok             結果: 1/1
[pass] wr_rx_ready              結果: 1/1
[pass] wr_tx_ready              結果: 1/1
[pass] core_phy_rst             結果: 0/0
[pass] si_id_error              結果: 0/0
[pass] wr_rx_enc_err            結果: 0/0
[pass] wr_tx_enc_err            結果: 0/0
[pass] CPU_RESET_n              結果: 1/1
[pass] wr_rx_locked_to_data     結果: 1/1
[info] wr_rx_locked_to_ref      結果: 1/NA
[info] MOD_PRS_n                結果: 0/NA
[info] INTERRUPT_n              結果: 1/NA
Step 1 pass

## [Step 2] Endpoint / MiniNIC / PTP
[pass] EP_MAC_H/EP_MAC_L        結果: 02:00:22:33:44:02/02:00:22:33:44:02
[pass] WDIAGS_MODE              結果: 3 SLAVE/3 SLAVE
[pass] WDIAGS_PTP               結果: 9 SLAVE (raw=00004109)/9 SLAVE
[pass] WDIAGS_PTP_RX            結果: Δ=23/Δ>0
RAW WDIAGS_PTP_RX            before=0x000003BE after=0x000003D5 delta=23
[pass] WDIAGS_PTP_TX            結果: Δ=3/Δ>0
RAW WDIAGS_PTP_TX            before=0x000000CE after=0x000000D1 delta=3
[pass] WDIAGS_TX                結果: Δ=17/Δ>0
RAW WDIAGS_TX                before=0x000002B2 after=0x000002C3 delta=17
[pass] WDIAGS_RX                結果: Δ=28/Δ>0
RAW WDIAGS_RX                before=0x0000049C after=0x000004B8 delta=28
[pass] WDIAGS_RXERR             結果: Δ=0/Δ=0
RAW WDIAGS_RXERR             before=0x00000000 after=0x00000000 delta=0
Step 2 pass

## [Step 3] WR Parent / Signaling
[pass] WDIAGS_FOREIGN_META      結果: 1/1
[pass] WDIAGS_FOREIGN_META      結果: 0/0
[info] WDIAGS_FOREIGN_META      結果: detection=0 config=3/NA
[pass] parentIsWRnode           結果: 1/1
[info] parentWrModeOn           結果: 0/NA
[pass] parentCalibrated         結果: 1/1
[pass] WR_RX_SIGNAL_DEBUG       結果: LOCK count=1/LOCK 0x1001,count>0
[pass] WR_TX_SIGNAL_DEBUG       結果: SLAVE_PRESENT count=1/SLAVE_PRESENT 0x1000,count>0
[info] WDIAGS_TEMP              結果: WRS_IDLE next=WRS_IDLE POST_STEP3_TIMEOUT/NA
[pass] LOCK_ENABLE              結果: 4/> 0
[info] WR_FAILURE_DEBUG         結果: TIMEOUT last_fail_state=WRS_S_LOCK failure_count=1/NA
Step 3 pass

## [Step 4B] Slave SoftPLL Startup
[pass] LOCK_ENABLE_COUNT        結果: 4/> 0
[pass] SPLL_MODE                結果: 3 (SPLL_MODE_SLAVE)/3 SPLL_MODE_SLAVE
[pass] SPLL_SEQ_STATE           結果: 4 (SEQ_WAIT_HELPER)/active, not 0/7
[pass] SPLL_STATE_VISIT_MASK    結果: 0x00000618/> 0
[pass] SPLL_INIT_COUNT          結果: 4/> 0
[pass] RCER                     結果: 0x00000001/> 0
[pass] OCER                     結果: 0x8F51B201/> 0
[info] SPLL_ALIGN_STATE         結果: 0/NA
[info] SPLL_STATE_TRANSITIONS   結果: 0x00000003/NA
[info] SPLL_LAST_STATE          結果: 4 (SEQ_WAIT_HELPER)/NA
[info] OCCR                     結果: 0x4600014C/NA
[pass] DMTD_REF_ACCEPT_EVENT    結果: Δ=21933/Δ>=0
RAW DMTD_REF_ACCEPT_EVENT    before=0x025D18C5 after=0x025D6E72 delta=21933
[pass] DMTD_FB_ACCEPT_EVENT     結果: Δ=21626/Δ>=0
RAW DMTD_FB_ACCEPT_EVENT     before=0x0293DB46 after=0x02942FC0 delta=21626
[pass] DMTD_ACCEPT              結果: Δ=43559/Δ>0
[pass] SPLL_TAG_VALID_COUNT     結果: Δ=43560/Δ>0
RAW SPLL_TAG_VALID_COUNT     before=0x0019DE12 after=0x001A883A delta=43560
[pass] SPLL_TRR_WRITE_COUNT     結果: Δ=43559/Δ>0
RAW SPLL_TRR_WRITE_COUNT     before=0x0019DE40 after=0x001A8867 delta=43559
[pass] WRPC_SPLL_TRR_POP_COUNT  結果: Δ=40284/Δ>0
RAW WRPC_SPLL_TRR_POP_COUNT  before=0x0019D13A after=0x001A6E96 delta=40284
[pass] WDIAGS_IRQ_COUNT         結果: Δ=39546/Δ>0
RAW WDIAGS_IRQ_COUNT         before=0x0019588C after=0x0019F306 delta=39546
[pass] WDIAGS_HELPER_UPDATE_COUNT 結果: Δ=20284/Δ>0
RAW WDIAGS_HELPER_UPDATE_COUNT before=0x000A3416 after=0x000A8352 delta=20284
[pass] BOOT_GENERATION          結果: Δ=0/Δ=0
RAW BOOT_GENERATION          before=0x00000001 after=0x00000001 delta=0
[pass] CPU_RESET_COUNT          結果: Δ=0/Δ=0
RAW CPU_RESET_COUNT          before=0x00000001 after=0x00000001 delta=0
[pass] WR_CORE_RESET_COUNT      結果: Δ=0/Δ=0
RAW WR_CORE_RESET_COUNT      before=0x00000001 after=0x00000001 delta=0
[pass] SI_CONFIG_DROP_COUNT     結果: Δ=0/Δ=0
RAW SI_CONFIG_DROP_COUNT     before=0x00000001 after=0x00000001 delta=0
STEP4B_ALLOWED = YES
STEP4B_RESULT = PASS
STEP4B_FIRST_INACTIVE_BOUNDARY = ACTIVE
Step 4B pass
Step 4 pass

## [Step 5] Closed-loop Lock
[error] WDIAGS_PSTAT             結果: 0/1
Step 5 error

## [Step 6] Global Time
Step 6 NA

============================================================
White Rabbit Runtime 診斷：DE5 [1-11.2]
============================================================
Step 1 PHY / Link             pass
Step 2 Endpoint / PTP         pass
Step 3 WR Handshake           pass
Step 4 Step4B Slave SoftPLL Startup pass
Step 5 Closed-loop Lock       error
Step 6 Global Time            NA
STEP1_REGRESSION = PASS
STEP2_REGRESSION = PASS
STEP3_REGRESSION = PASS
STEP4B_ALLOWED = YES
STEP4B_RESULT = PASS
STEP4B_FIRST_INACTIVE_BOUNDARY = ACTIVE
FAILURE_CLASSIFICATION = NO_FAILURE_EVIDENCE
============================================================

================ RAW_SNAPSHOT ================
RAW_SNAPSHOT board=DE5 [1-11.2] label=before
  status           = 7410C241345082EF
  cpu              = 0000007C0001853C
  marker           = 000000010000B004
  store            = 000000000001E2AC
  store_count      = 00000000367FDFE8
  exception        = 8000000B000185E0
  clock            = 0029F8D4E010FB35
  boot_generation  = 00000001
  cpu_reset_count  = 00000001
  wr_core_reset_count = 00000001
  si_config_drop_count = 00000001
  pps_cr           = 01312D06
  pps_escr         = 00000100
  ep_mach          = 02000200
  ep_macl          = 22334402
  ep_dsr           = 42000000
  ptp              = 00004109
  ptp_rx           = 000003BE
  ptp_tx           = 000000CE
  ptp_meta         = 03020409
  tx               = 000002B2
  rx               = 0000049C
  rxerr            = 00000000
  ptp_types        = 04D66BD6
  foreign_meta     = 03000001
  filter_meta      = 00000000
  parse_meta       = 05016B14
  wr_rx_signal     = 10010001
  wr_tx_signal     = 10000001
  wr_failure       = 02020001
  wr_state         = A000035C
  wr_reject        = 00000000
  pstat            = 00000001
  sstat            = 00000001
  sec_h            = 00000000
  sec_l            = 0000011E
  ns               = 18122CE8
  lock_enable      = 00000004
  spll_state       = 00030004
  spll_ocer        = 44C66201
  spll_rcer        = 00000001
  spll_occr        = 45000139
  spll_trr_csr     = 001AD03A
  spll_state_visit_mask = 00000618
  spll_state_transitions = 00000003
  spll_last_state  = 00000004
  spll_init_count  = 00000004
  dmtd_ref         = 025D18C5
  dmtd_fb          = 0293DB46
  dmtd_ref_high_qual_abort = 0011E0CB
  dmtd_fb_high_qual_abort = 000D2681
  tag_valid        = 0019DE12
  trr_write        = 0019DE40
  irq              = 0019588C
  helper_update    = 000A3416
  eic_isr          = FFFF0000
  current_tics     = 00036436
RAW_SNAPSHOT board=DE5 [1-11.2] label=after
  status           = 6410C2E324FC82CF
  cpu              = 0000007C00018570
  marker           = 000000010000B004
  store            = 0001E0000002FF58
  store_count      = 0000000037D202B4
  exception        = 8000000B00018598
  clock            = 002F3D4723D73FA5
  boot_generation  = 00000001
  cpu_reset_count  = 00000001
  wr_core_reset_count = 00000001
  si_config_drop_count = 00000001
  pps_cr           = 01312D02
  pps_escr         = 00000100
  ep_mach          = 02000200
  ep_macl          = 22334402
  ep_dsr           = 42000000
  ptp              = 00004109
  ptp_rx           = 000003D5
  ptp_tx           = 000000D1
  ptp_meta         = 03020409
  tx               = 000002C3
  rx               = 000004B8
  rxerr            = 00000000
  ptp_types        = 04DB6DDB
  foreign_meta     = 03000001
  filter_meta      = 00000000
  parse_meta       = 05016D2C
  wr_rx_signal     = 10010001
  wr_tx_signal     = 10000001
  wr_failure       = 02020001
  wr_state         = A000035C
  wr_reject        = 00000000
  pstat            = 00000001
  sstat            = 00000001
  sec_h            = 00000000
  sec_l            = 00000123
  ns               = 1812C868
  lock_enable      = 00000004
  spll_state       = 00030004
  spll_ocer        = 8F51B201
  spll_rcer        = 00000001
  spll_occr        = 4600014C
  spll_trr_csr     = 001A6E96
  spll_state_visit_mask = 00000618
  spll_state_transitions = 00000003
  spll_last_state  = 00000004
  spll_init_count  = 00000004
  dmtd_ref         = 025D6E72
  dmtd_fb          = 02942FC0
  dmtd_ref_high_qual_abort = 0012588B
  dmtd_fb_high_qual_abort = 000D7D58
  tag_valid        = 001A883A
  trr_write        = 001A8867
  irq              = 0019F306
  helper_update    = 000A8352
  eic_isr          = FFFF0000
  current_tics     = 000377BE

============================================================
STEP4A_RESULT = PASS
STEP4B_ALLOWED = YES
STEP4B_RESULT = PASS
STEP4B_FIRST_INACTIVE_BOUNDARY = ACTIVE
============================================================
Info (23030): Evaluation of Tcl script scripts/jtag/read_wb_runtime.tcl was successful
Info: Quartus Prime Signal Tap was successful. 0 errors, 0 warnings
    Info: Peak virtual memory: 677 megabytes
    Info: Processing ended: Sat Aug 29 12:18:06 2026
    Info: Elapsed time: 00:00:12
    Info: System process ID: 73165
