Info: *******************************************************************
Info: Running Quartus Prime SignalTap II
    Info: Version 17.0.0 Build 595 04/25/2017 SJ Standard Edition
    Info: Copyright (C) 2017  Intel Corporation. All rights reserved.
    Info: Your use of Intel Corporation's design tools, logic functions 
    Info: and other software and tools, and its AMPP partner logic 
    Info: functions, and any output files from any of the foregoing 
    Info: (including device programming or simulation files), and any 
    Info: associated documentation or information are expressly subject 
    Info: to the terms and conditions of the Intel Program License 
    Info: Subscription Agreement, the Intel Quartus Prime License Agreement,
    Info: the Intel MegaCore Function License Agreement, or other 
    Info: applicable license agreement, including, without limitation, 
    Info: that your use is for the sole purpose of programming logic 
    Info: devices manufactured by Intel and sold by Intel or its 
    Info: authorized distributors.  Please refer to the applicable 
    Info: agreement for further details.
    Info: Processing started: Mon Sep 21 11:32:09 2026
Info: Command: quartus_stp -t scripts/jtag/read_step6_slock_master_first_reacquisition.tcl S6-SLOCK-MASTER-FIRST-V2-LOCAL-READY-20260921 1-11.1 5 500 0 0
Info: Quartus(args): S6-SLOCK-MASTER-FIRST-V2-LOCAL-READY-20260921 1-11.1 5 500 0 0
SLOCK_REACQ_CONFIG trial=S6-SLOCK-MASTER-FIRST-V2-LOCAL-READY-20260921 board_filter=1-11.1 samples=5 gap_ms=500 link_gate_timeout_ms=0 require_link_gate=0 read_only=1 reprogram=0 compile=0 power_cycle=0
SLOCK_REACQ_SAMPLE ROLE=MASTER board=DE5 [1-11.1] sample=000 timestamp_ms=0 READ_VALID=1 SI_CONFIG_DONE=1 WR_READY=1 WR_RX_READY=1 WR_TX_READY=1 CORE_TM_LINK_UP=0 CORE_LINK_OK=0 WR_RX_LOCKED_TO_DATA=1 CPU_RESET_N=1 LINK_GOOD=0 LINK_GATE_STREAK=0 LINK_GATE_PASS=0 LINK_GATE_PASS_MS=-1 WRC_MODE=2 PTP_STATE=6 PD_STATE=1 EXT_STATE=1 SERVO_STATE=0 WR_STATE_VALUE=0 WR_NEXT_STATE=0 WR_TX_ID=0 WR_DISABLE_VALID=0 WR_DISABLE_CAUSE=0 WR_FAILURE_REASON=0 LOCK_POLLS=00000000 LOCK_UNLOCKED=00000000 LOCK_CALIB_FAIL=00000000 LOCK_ENABLE=00000000 LOCK_SUCCESS_COUNT=0 SPLL_SEQ_STATE=0 PSTAT_LOCKED=0 HELPER_LOCKED=0 MAIN_ENABLED=0 MAIN_LOCKED=0 MAIN_FREQ_LOCKED=0 MAIN_PHASE_LOCKED=0 BOOT_GENERATION=00000001 CPU_RESET_COUNT=00000001 WR_CORE_RESET_COUNT=00000001 SI_CONFIG_DROP_COUNT=00000001 SLOCK_MAGIC=46345331 SLOCK_STAGE=000002DC SLOCK_REMAINING_MS=00000000 FIRST_SLOCK_MS=-1 FIRST_SUCCESS_MS=-1 FIRST_EXIT_MS=-1 FIRST_FAILURE_MS=-1 PASS_READY=0 FAILURE_SEEN=0 FAILURE_CLASS=NONE POST_EVENT_SAMPLES=0 STOP_CANDIDATE=NONE
SLOCK_REACQ_SAMPLE ROLE=MASTER board=DE5 [1-11.1] sample=001 timestamp_ms=692 READ_VALID=1 SI_CONFIG_DONE=1 WR_READY=1 WR_RX_READY=1 WR_TX_READY=1 CORE_TM_LINK_UP=0 CORE_LINK_OK=0 WR_RX_LOCKED_TO_DATA=1 CPU_RESET_N=1 LINK_GOOD=0 LINK_GATE_STREAK=0 LINK_GATE_PASS=0 LINK_GATE_PASS_MS=-1 WRC_MODE=2 PTP_STATE=6 PD_STATE=1 EXT_STATE=1 SERVO_STATE=0 WR_STATE_VALUE=0 WR_NEXT_STATE=0 WR_TX_ID=0 WR_DISABLE_VALID=0 WR_DISABLE_CAUSE=0 WR_FAILURE_REASON=0 LOCK_POLLS=00000000 LOCK_UNLOCKED=00000000 LOCK_CALIB_FAIL=00000000 LOCK_ENABLE=00000000 LOCK_SUCCESS_COUNT=0 SPLL_SEQ_STATE=0 PSTAT_LOCKED=0 HELPER_LOCKED=0 MAIN_ENABLED=0 MAIN_LOCKED=0 MAIN_FREQ_LOCKED=0 MAIN_PHASE_LOCKED=0 BOOT_GENERATION=00000001 CPU_RESET_COUNT=00000001 WR_CORE_RESET_COUNT=00000001 SI_CONFIG_DROP_COUNT=00000001 SLOCK_MAGIC=46345331 SLOCK_STAGE=000002DE SLOCK_REMAINING_MS=00000000 FIRST_SLOCK_MS=-1 FIRST_SUCCESS_MS=-1 FIRST_EXIT_MS=-1 FIRST_FAILURE_MS=-1 PASS_READY=0 FAILURE_SEEN=0 FAILURE_CLASS=NONE POST_EVENT_SAMPLES=0 STOP_CANDIDATE=NONE
SLOCK_REACQ_SAMPLE ROLE=MASTER board=DE5 [1-11.1] sample=002 timestamp_ms=1393 READ_VALID=1 SI_CONFIG_DONE=1 WR_READY=1 WR_RX_READY=1 WR_TX_READY=1 CORE_TM_LINK_UP=0 CORE_LINK_OK=0 WR_RX_LOCKED_TO_DATA=1 CPU_RESET_N=1 LINK_GOOD=0 LINK_GATE_STREAK=0 LINK_GATE_PASS=0 LINK_GATE_PASS_MS=-1 WRC_MODE=2 PTP_STATE=6 PD_STATE=1 EXT_STATE=1 SERVO_STATE=0 WR_STATE_VALUE=0 WR_NEXT_STATE=0 WR_TX_ID=0 WR_DISABLE_VALID=0 WR_DISABLE_CAUSE=0 WR_FAILURE_REASON=0 LOCK_POLLS=00000000 LOCK_UNLOCKED=00000000 LOCK_CALIB_FAIL=00000000 LOCK_ENABLE=00000000 LOCK_SUCCESS_COUNT=0 SPLL_SEQ_STATE=0 PSTAT_LOCKED=0 HELPER_LOCKED=0 MAIN_ENABLED=0 MAIN_LOCKED=0 MAIN_FREQ_LOCKED=0 MAIN_PHASE_LOCKED=0 BOOT_GENERATION=00000001 CPU_RESET_COUNT=00000001 WR_CORE_RESET_COUNT=00000001 SI_CONFIG_DROP_COUNT=00000001 SLOCK_MAGIC=46345331 SLOCK_STAGE=000002DE SLOCK_REMAINING_MS=00000000 FIRST_SLOCK_MS=-1 FIRST_SUCCESS_MS=-1 FIRST_EXIT_MS=-1 FIRST_FAILURE_MS=-1 PASS_READY=0 FAILURE_SEEN=0 FAILURE_CLASS=NONE POST_EVENT_SAMPLES=0 STOP_CANDIDATE=NONE
SLOCK_REACQ_SAMPLE ROLE=MASTER board=DE5 [1-11.1] sample=003 timestamp_ms=2094 READ_VALID=1 SI_CONFIG_DONE=1 WR_READY=1 WR_RX_READY=1 WR_TX_READY=1 CORE_TM_LINK_UP=0 CORE_LINK_OK=0 WR_RX_LOCKED_TO_DATA=1 CPU_RESET_N=1 LINK_GOOD=0 LINK_GATE_STREAK=0 LINK_GATE_PASS=0 LINK_GATE_PASS_MS=-1 WRC_MODE=2 PTP_STATE=6 PD_STATE=1 EXT_STATE=1 SERVO_STATE=0 WR_STATE_VALUE=0 WR_NEXT_STATE=0 WR_TX_ID=0 WR_DISABLE_VALID=0 WR_DISABLE_CAUSE=0 WR_FAILURE_REASON=0 LOCK_POLLS=00000000 LOCK_UNLOCKED=00000000 LOCK_CALIB_FAIL=00000000 LOCK_ENABLE=00000000 LOCK_SUCCESS_COUNT=0 SPLL_SEQ_STATE=0 PSTAT_LOCKED=0 HELPER_LOCKED=0 MAIN_ENABLED=0 MAIN_LOCKED=0 MAIN_FREQ_LOCKED=0 MAIN_PHASE_LOCKED=0 BOOT_GENERATION=00000001 CPU_RESET_COUNT=00000001 WR_CORE_RESET_COUNT=00000001 SI_CONFIG_DROP_COUNT=00000001 SLOCK_MAGIC=46345331 SLOCK_STAGE=000002DE SLOCK_REMAINING_MS=00000000 FIRST_SLOCK_MS=-1 FIRST_SUCCESS_MS=-1 FIRST_EXIT_MS=-1 FIRST_FAILURE_MS=-1 PASS_READY=0 FAILURE_SEEN=0 FAILURE_CLASS=NONE POST_EVENT_SAMPLES=0 STOP_CANDIDATE=NONE
SLOCK_REACQ_SAMPLE ROLE=MASTER board=DE5 [1-11.1] sample=004 timestamp_ms=2797 READ_VALID=1 SI_CONFIG_DONE=1 WR_READY=1 WR_RX_READY=1 WR_TX_READY=1 CORE_TM_LINK_UP=0 CORE_LINK_OK=0 WR_RX_LOCKED_TO_DATA=1 CPU_RESET_N=1 LINK_GOOD=0 LINK_GATE_STREAK=0 LINK_GATE_PASS=0 LINK_GATE_PASS_MS=-1 WRC_MODE=2 PTP_STATE=6 PD_STATE=1 EXT_STATE=1 SERVO_STATE=0 WR_STATE_VALUE=0 WR_NEXT_STATE=0 WR_TX_ID=0 WR_DISABLE_VALID=0 WR_DISABLE_CAUSE=0 WR_FAILURE_REASON=0 LOCK_POLLS=00000000 LOCK_UNLOCKED=00000000 LOCK_CALIB_FAIL=00000000 LOCK_ENABLE=00000000 LOCK_SUCCESS_COUNT=0 SPLL_SEQ_STATE=0 PSTAT_LOCKED=0 HELPER_LOCKED=0 MAIN_ENABLED=0 MAIN_LOCKED=0 MAIN_FREQ_LOCKED=0 MAIN_PHASE_LOCKED=0 BOOT_GENERATION=00000001 CPU_RESET_COUNT=00000001 WR_CORE_RESET_COUNT=00000001 SI_CONFIG_DROP_COUNT=00000001 SLOCK_MAGIC=46345331 SLOCK_STAGE=000002DE SLOCK_REMAINING_MS=00000000 FIRST_SLOCK_MS=-1 FIRST_SUCCESS_MS=-1 FIRST_EXIT_MS=-1 FIRST_FAILURE_MS=-1 PASS_READY=0 FAILURE_SEEN=0 FAILURE_CLASS=NONE POST_EVENT_SAMPLES=0 STOP_CANDIDATE=NONE
SLOCK_REACQ_BOARD_DONE ROLE=MASTER board=DE5 [1-11.1] samples=5 valid=5 errors=0 stop_reason=NONE elapsed_ms=3000
SLOCK_REACQ_SUMMARY trial=S6-SLOCK-MASTER-FIRST-V2-LOCAL-READY-20260921 samples=5 valid=5 errors=0 first_slock_ms=-1 first_success_ms=-1 first_exit_ms=-1 first_failure_ms=-1 max_polls=0 max_unlocked=0 max_calib_fail=0 lock_success_count_final=0 link_gate_pass=0 link_gate_pass_ms=-1 link_gate_streak_final=0 failure_class=NONE stop_reason=MAX_CAPTURE boot_first=00000001 boot_last=00000001
SLOCK_REACQ_DONE
Info (23030): Evaluation of Tcl script scripts/jtag/read_step6_slock_master_first_reacquisition.tcl was successful
Info: Quartus Prime SignalTap II was successful. 0 errors, 0 warnings
    Info: Peak virtual memory: 772 megabytes
    Info: Processing ended: Mon Sep 21 11:32:13 2026
    Info: Elapsed time: 00:00:04
    Info: Total CPU time (on all processors): 00:00:00
OBSERVER_RC=0
