Info: *******************************************************************
Info: Running Quartus Prime SignalTap II
    Info: Version 17.0.0 Build 595 04/25/2017 SJ Standard Edition
    Info: Copyright (C) 2017  Intel Corporation. All rights reserved.
    Info: Your use of Intel Corporation's design tools, logic functions 
    Info: and other software and tools, and its AMPP partner logic 
    Info: functions, and any output files from any of the foregoing 
    Info: (including device programming or simulation files), and any 
    Info: associated documentation or information are expressly subject 
    Info: to the terms and conditions of the Intel Program License 
    Info: Subscription Agreement, the Intel Quartus Prime License Agreement,
    Info: the Intel MegaCore Function License Agreement, or other 
    Info: applicable license agreement, including, without limitation, 
    Info: that your use is for the sole purpose of programming logic 
    Info: devices manufactured by Intel and sold by Intel or its 
    Info: authorized distributors.  Please refer to the applicable 
    Info: agreement for further details.
    Info: Processing started: Sun Aug 23 20:03:22 2026
Info: Command: quartus_stp -t /home/b10504072/04_WR/scripts/jtag/read_step4_startup_focused.tcl 10 500 events
Info: Quartus(args): 10 500 events
STEP4_FOCUSED_CONFIG samples=10 gap_ms=500 group=events retries=5 trr_r0_read=disabled
=== STEP4_FOCUSED_BOARD DE5 [1-11.1] ===
STEP4_SERIES board=DE5 [1-11.1] register=SPLL_MODE_SEQUENCE samples=10 valid=10 timeout=0 invalid=0 decrease=0 first=00020009 last=00020009 delta=0
STEP4_SERIES board=DE5 [1-11.1] register=RCER samples=10 valid=10 timeout=0 invalid=0 decrease=0 first=00000000 last=00000000 delta=0
STEP4_SERIES board=DE5 [1-11.1] register=OCER samples=10 valid=10 timeout=0 invalid=0 decrease=0 first=0220B201 last=0220B201 delta=0
STEP4_SERIES board=DE5 [1-11.1] register=DMTD_REF_EVENTS samples=10 valid=10 timeout=0 invalid=0 decrease=0 first=00AD63CD last=00AD63CD delta=0
STEP4_SERIES board=DE5 [1-11.1] register=DMTD_FB_EVENTS samples=10 valid=10 timeout=0 invalid=0 decrease=0 first=009E1743 last=009E1743 delta=0
STEP4_SERIES board=DE5 [1-11.1] register=DMTD_REF_ACCEPT samples=10 valid=10 timeout=0 invalid=0 decrease=0 first=02E3B2F9 last=02E3B2F9 delta=0
STEP4_SERIES board=DE5 [1-11.1] register=DMTD_FB_ACCEPT samples=10 valid=10 timeout=0 invalid=0 decrease=0 first=02440DAF last=02440DAF delta=0
STEP4_SERIES board=DE5 [1-11.1] register=DMTD_REF_SAMPLED samples=10 valid=10 timeout=0 invalid=0 decrease=0 first=6D885CE5 last=9398E83E delta=638618457
STEP4_SERIES board=DE5 [1-11.1] register=DMTD_FB_SAMPLED samples=10 valid=10 timeout=0 invalid=0 decrease=0 first=BBE6F409 last=E21689EB delta=640652770
STEP4_SERIES board=DE5 [1-11.1] register=DMTD_REF_SEEN samples=10 valid=10 timeout=0 invalid=0 decrease=0 first=0000FFFF last=0000FFFF delta=0
STEP4_SERIES board=DE5 [1-11.1] register=DMTD_FB_SEEN samples=10 valid=10 timeout=0 invalid=0 decrease=0 first=0000FFFF last=0000FFFF delta=0
STEP4_SERIES board=DE5 [1-11.1] register=SPLL_DMTD_STATE samples=10 valid=10 timeout=0 invalid=0 decrease=0 first=0C00000A last=0C00000A delta=0
STEP4_GROUP board=DE5 [1-11.1] group=DMTD_BOUNDARY result=VALID
STEP4_SERIES board=DE5 [1-11.1] register=TAG_PENDING_COUNT samples=10 valid=10 timeout=0 invalid=0 decrease=0 first=00000000 last=00000000 delta=0
STEP4_SERIES board=DE5 [1-11.1] register=TAG_PENDING_REF_COUNT samples=10 valid=10 timeout=0 invalid=0 decrease=0 first=00000000 last=00000000 delta=0
STEP4_SERIES board=DE5 [1-11.1] register=TAG_PENDING_FB_COUNT samples=10 valid=10 timeout=0 invalid=0 decrease=0 first=00000000 last=00000000 delta=0
STEP4_SERIES board=DE5 [1-11.1] register=TAG_GRANT_COUNT samples=10 valid=10 timeout=0 invalid=0 decrease=0 first=00000000 last=00000000 delta=0
STEP4_SERIES board=DE5 [1-11.1] register=TAG_VALID_COUNT samples=10 valid=10 timeout=0 invalid=0 decrease=0 first=00000000 last=00000000 delta=0
STEP4_SERIES board=DE5 [1-11.1] register=TRR_WRITE_COUNT samples=10 valid=10 timeout=0 invalid=0 decrease=0 first=00000000 last=00000000 delta=0
STEP4_GROUP board=DE5 [1-11.1] group=TAG_ARBITRATION result=VALID
STEP4_SERIES board=DE5 [1-11.1] register=IRQ_COUNT samples=10 valid=10 timeout=0 invalid=0 decrease=0 first=00000000 last=00000000 delta=0
STEP4_SERIES board=DE5 [1-11.1] register=HELPER_UPDATE_COUNT samples=10 valid=10 timeout=0 invalid=0 decrease=0 first=00000000 last=00000000 delta=0
STEP4_SERIES board=DE5 [1-11.1] register=STATE_TRANSITION_COUNT samples=10 valid=10 timeout=0 invalid=0 decrease=0 first=00000000 last=00000000 delta=0
STEP4_GROUP board=DE5 [1-11.1] group=DOWNSTREAM result=VALID
STEP4_SERIES board=DE5 [1-11.1] register=CURRENT_TICS samples=10 valid=10 timeout=0 invalid=0 decrease=0 first=CD2131A6 last=DFC52371 delta=312734155
STEP4_SERIES board=DE5 [1-11.1] register=DMTD_REF_LAST_TICS samples=10 valid=10 timeout=0 invalid=0 decrease=0 first=048A9ABC last=048A9ABC delta=0
STEP4_SERIES board=DE5 [1-11.1] register=DMTD_FB_LAST_TICS samples=10 valid=10 timeout=0 invalid=0 decrease=0 first=048A9ABA last=048A9ABA delta=0
STEP4_SERIES board=DE5 [1-11.1] register=TAG_REF_LAST_TICS samples=10 valid=10 timeout=0 invalid=0 decrease=0 first=048A9ABD last=048A9ABD delta=0
STEP4_SERIES board=DE5 [1-11.1] register=TAG_FB_LAST_TICS samples=10 valid=10 timeout=0 invalid=0 decrease=0 first=048A9ABB last=048A9ABB delta=0
STEP4_SERIES board=DE5 [1-11.1] register=TAG_PENDING_LAST_TICS samples=10 valid=10 timeout=0 invalid=0 decrease=0 first=00000000 last=00000000 delta=0
STEP4_SERIES board=DE5 [1-11.1] register=TAG_GRANT_LAST_TICS samples=10 valid=10 timeout=0 invalid=0 decrease=0 first=00000000 last=00000000 delta=0
STEP4_SERIES board=DE5 [1-11.1] register=TAG_VALID_LAST_TICS samples=10 valid=10 timeout=0 invalid=0 decrease=0 first=00000000 last=00000000 delta=0
STEP4_SERIES board=DE5 [1-11.1] register=TRR_WRITE_LAST_TICS samples=10 valid=10 timeout=0 invalid=0 decrease=0 first=00000000 last=00000000 delta=0
STEP4_GROUP board=DE5 [1-11.1] group=EVENT_TIMING result=VALID
STEP4_DEGLITCH_STATE board=DE5 [1-11.1] ref_state=2 fb_state=2 ref_stab_bucket=0 fb_stab_bucket=0 ref_threshold_reached=1 fb_threshold_reached=1
STEP4_DMTD_BOUNDARY board=DE5 [1-11.1] sampled_ref=638618457 accept_ref=0 sampled_fb=640652770 accept_fb=0
STEP4_QUALIFICATION_ABORT board=DE5 [1-11.1] ref_low=0 ref_high=0 fb_low=0 fb_high=0
STEP4_EVENT_ACTIVITY board=DE5 [1-11.1] dmtd=0 pending=0 grant=0 tag_valid=0 trr_write=0 irq=0 state_transition=0 helper_update=0
STEP4_EVENT_BOUNDARY board=DE5 [1-11.1] result=DMTD_DEGLITCH_ACCEPT
=== STEP4_FOCUSED_BOARD DE5 [1-11.2] ===
STEP4_SERIES board=DE5 [1-11.2] register=SPLL_MODE_SEQUENCE samples=10 valid=10 timeout=0 invalid=0 decrease=1 first=00030009 last=00030009 delta=0
STEP4_SERIES board=DE5 [1-11.2] register=RCER samples=10 valid=10 timeout=0 invalid=0 decrease=0 first=00000001 last=00000001 delta=0
STEP4_SERIES board=DE5 [1-11.2] register=OCER samples=10 valid=10 timeout=0 invalid=0 decrease=0 first=0308E401 last=0308E401 delta=0
STEP4_SERIES board=DE5 [1-11.2] register=DMTD_REF_EVENTS samples=10 valid=10 timeout=0 invalid=0 decrease=0 first=05521B39 last=05521B39 delta=0
STEP4_SERIES board=DE5 [1-11.2] register=DMTD_FB_EVENTS samples=10 valid=10 timeout=0 invalid=0 decrease=0 first=05452B9D last=05452B9D delta=0
STEP4_SERIES board=DE5 [1-11.2] register=DMTD_REF_ACCEPT samples=10 valid=10 timeout=0 invalid=0 decrease=0 first=13C9E5BC last=13C9E5BC delta=0
STEP4_SERIES board=DE5 [1-11.2] register=DMTD_FB_ACCEPT samples=10 valid=10 timeout=0 invalid=0 decrease=0 first=13238DDB last=13238DDB delta=0
STEP4_SERIES board=DE5 [1-11.2] register=DMTD_REF_SAMPLED samples=10 valid=10 timeout=0 invalid=0 decrease=0 first=99993A2B last=BFD28565 delta=641289018
STEP4_SERIES board=DE5 [1-11.2] register=DMTD_FB_SAMPLED samples=10 valid=10 timeout=0 invalid=0 decrease=0 first=906A50D4 last=B69BA287 delta=640766387
STEP4_SERIES board=DE5 [1-11.2] register=DMTD_REF_SEEN samples=10 valid=10 timeout=0 invalid=0 decrease=0 first=0000FFFF last=0000FFFF delta=0
STEP4_SERIES board=DE5 [1-11.2] register=DMTD_FB_SEEN samples=10 valid=10 timeout=0 invalid=0 decrease=0 first=0000FFFF last=0000FFFF delta=0
STEP4_SERIES board=DE5 [1-11.2] register=SPLL_DMTD_STATE samples=10 valid=10 timeout=0 invalid=0 decrease=0 first=0C00000A last=0C00000A delta=0
STEP4_GROUP board=DE5 [1-11.2] group=DMTD_BOUNDARY result=VALID
STEP4_SERIES board=DE5 [1-11.2] register=TAG_PENDING_COUNT samples=10 valid=10 timeout=0 invalid=0 decrease=0 first=00000000 last=00000000 delta=0
STEP4_SERIES board=DE5 [1-11.2] register=TAG_PENDING_REF_COUNT samples=10 valid=10 timeout=0 invalid=0 decrease=0 first=00000000 last=00000000 delta=0
STEP4_SERIES board=DE5 [1-11.2] register=TAG_PENDING_FB_COUNT samples=10 valid=10 timeout=0 invalid=0 decrease=0 first=00000000 last=00000000 delta=0
STEP4_SERIES board=DE5 [1-11.2] register=TAG_GRANT_COUNT samples=10 valid=10 timeout=0 invalid=0 decrease=0 first=00000000 last=00000000 delta=0
STEP4_SERIES board=DE5 [1-11.2] register=TAG_VALID_COUNT samples=10 valid=10 timeout=0 invalid=0 decrease=1 first=00000000 last=00000000 delta=0
STEP4_SERIES board=DE5 [1-11.2] register=TRR_WRITE_COUNT samples=10 valid=10 timeout=0 invalid=0 decrease=0 first=00000000 last=00000000 delta=0
STEP4_GROUP board=DE5 [1-11.2] group=TAG_ARBITRATION result=VALID
STEP4_SERIES board=DE5 [1-11.2] register=IRQ_COUNT samples=10 valid=10 timeout=0 invalid=0 decrease=0 first=00000000 last=00000000 delta=0
STEP4_SERIES board=DE5 [1-11.2] register=HELPER_UPDATE_COUNT samples=10 valid=10 timeout=0 invalid=0 decrease=0 first=00000000 last=00000000 delta=0
STEP4_SERIES board=DE5 [1-11.2] register=STATE_TRANSITION_COUNT samples=10 valid=10 timeout=0 invalid=0 decrease=0 first=00000000 last=00000000 delta=0
STEP4_GROUP board=DE5 [1-11.2] group=DOWNSTREAM result=VALID
STEP4_SERIES board=DE5 [1-11.2] register=CURRENT_TICS samples=10 valid=10 timeout=0 invalid=0 decrease=1 first=B40CAECF last=C6A9F832 delta=312297827
STEP4_SERIES board=DE5 [1-11.2] register=DMTD_REF_LAST_TICS samples=10 valid=10 timeout=0 invalid=0 decrease=0 first=2678A562 last=2678A562 delta=0
STEP4_SERIES board=DE5 [1-11.2] register=DMTD_FB_LAST_TICS samples=10 valid=10 timeout=0 invalid=0 decrease=0 first=2678A561 last=2678A561 delta=0
STEP4_SERIES board=DE5 [1-11.2] register=TAG_REF_LAST_TICS samples=10 valid=10 timeout=0 invalid=0 decrease=0 first=2678A563 last=2678A563 delta=0
STEP4_SERIES board=DE5 [1-11.2] register=TAG_FB_LAST_TICS samples=10 valid=10 timeout=0 invalid=0 decrease=0 first=2678A562 last=2678A562 delta=0
STEP4_SERIES board=DE5 [1-11.2] register=TAG_PENDING_LAST_TICS samples=10 valid=10 timeout=0 invalid=0 decrease=0 first=00000000 last=00000000 delta=0
STEP4_SERIES board=DE5 [1-11.2] register=TAG_GRANT_LAST_TICS samples=10 valid=10 timeout=0 invalid=0 decrease=0 first=00000000 last=00000000 delta=0
STEP4_SERIES board=DE5 [1-11.2] register=TAG_VALID_LAST_TICS samples=10 valid=10 timeout=0 invalid=0 decrease=0 first=00000000 last=00000000 delta=0
STEP4_SERIES board=DE5 [1-11.2] register=TRR_WRITE_LAST_TICS samples=10 valid=10 timeout=0 invalid=0 decrease=0 first=00000000 last=00000000 delta=0
STEP4_GROUP board=DE5 [1-11.2] group=EVENT_TIMING result=VALID
STEP4_DEGLITCH_STATE board=DE5 [1-11.2] ref_state=2 fb_state=2 ref_stab_bucket=0 fb_stab_bucket=0 ref_threshold_reached=1 fb_threshold_reached=1
STEP4_DMTD_BOUNDARY board=DE5 [1-11.2] sampled_ref=641289018 accept_ref=0 sampled_fb=640766387 accept_fb=0
STEP4_QUALIFICATION_ABORT board=DE5 [1-11.2] ref_low=0 ref_high=0 fb_low=0 fb_high=0
STEP4_EVENT_ACTIVITY board=DE5 [1-11.2] dmtd=0 pending=0 grant=0 tag_valid=0 trr_write=0 irq=0 state_transition=0 helper_update=0
STEP4_EVENT_BOUNDARY board=DE5 [1-11.2] result=DMTD_DEGLITCH_ACCEPT
STEP4_FOCUSED_DONE
Info (23030): Evaluation of Tcl script /home/b10504072/04_WR/scripts/jtag/read_step4_startup_focused.tcl was successful
Info: Quartus Prime SignalTap II was successful. 0 errors, 0 warnings
    Info: Peak virtual memory: 772 megabytes
    Info: Processing ended: Sun Aug 23 20:04:03 2026
    Info: Elapsed time: 00:00:41
    Info: Total CPU time (on all processors): 00:00:00
