Info: *******************************************************************
Info: Running Quartus Prime SignalTap II
    Info: Version 17.0.0 Build 595 04/25/2017 SJ Standard Edition
    Info: Copyright (C) 2017  Intel Corporation. All rights reserved.
    Info: Your use of Intel Corporation's design tools, logic functions 
    Info: and other software and tools, and its AMPP partner logic 
    Info: functions, and any output files from any of the foregoing 
    Info: (including device programming or simulation files), and any 
    Info: associated documentation or information are expressly subject 
    Info: to the terms and conditions of the Intel Program License 
    Info: Subscription Agreement, the Intel Quartus Prime License Agreement,
    Info: the Intel MegaCore Function License Agreement, or other 
    Info: applicable license agreement, including, without limitation, 
    Info: that your use is for the sole purpose of programming logic 
    Info: devices manufactured by Intel and sold by Intel or its 
    Info: authorized distributors.  Please refer to the applicable 
    Info: agreement for further details.
    Info: Processing started: Sun Aug 30 08:06:34 2026
Info: Command: quartus_stp -t scripts/jtag/read_wb_runtime.tcl --raw
Info: Quartus(args): --raw
RAW mailbox completion toggle wb_sync_toggle=0

============================================================
White Rabbit Runtime 診斷：DE5 [1-11.1]
============================================================

## [Step 1] PHY / 光纖 Link
[pass] si_config_done           結果: 1/1
[pass] wr_ready                 結果: 1/1
[pass] core_tm_link_up          結果: 1/1
[pass] core_link_ok             結果: 1/1
[pass] wr_rx_ready              結果: 1/1
[pass] wr_tx_ready              結果: 1/1
[pass] core_phy_rst             結果: 0/0
[pass] si_id_error              結果: 0/0
[pass] wr_rx_enc_err            結果: 0/0
[pass] wr_tx_enc_err            結果: 0/0
[pass] CPU_RESET_n              結果: 1/1
[pass] wr_rx_locked_to_data     結果: 1/1
[info] wr_rx_locked_to_ref      結果: 1/NA
[info] MOD_PRS_n                結果: 0/NA
[info] INTERRUPT_n              結果: 1/NA
Step 1 pass

## [Step 2] Endpoint / MiniNIC / PTP
[pass] EP_MAC_H/EP_MAC_L        結果: 02:00:22:33:44:01/02:00:22:33:44:01
[pass] WDIAGS_MODE              結果: 2 MASTER/2 MASTER
[pass] WDIAGS_PTP               結果: 6 MASTER (raw=01014106)/6 MASTER
[pass] WDIAGS_PTP_RX            結果: Δ=3/Δ>0
RAW WDIAGS_PTP_RX            before=0x00000075 after=0x00000078 delta=3
[pass] WDIAGS_PTP_TX            結果: Δ=15/Δ>0
RAW WDIAGS_PTP_TX            before=0x0000025E after=0x0000026D delta=15
[pass] WDIAGS_TX                結果: Δ=22/Δ>0
RAW WDIAGS_TX                before=0x000003AA after=0x000003C0 delta=22
[pass] WDIAGS_RX                結果: Δ=9/Δ>0
RAW WDIAGS_RX                before=0x0000016D after=0x00000176 delta=9
[pass] WDIAGS_RXERR             結果: Δ=0/Δ=0
RAW WDIAGS_RXERR             before=0x00000000 after=0x00000000 delta=0
Step 2 pass

## [Step 3] WR Parent / Signaling
Step 3 NA

## [Step 4A] Master SoftPLL Event Chain
[pass] DMTD_REF_ACCEPT_EVENT    結果: Δ=20894/Δ>=0
RAW DMTD_REF_ACCEPT_EVENT    before=0x00841577 after=0x00846715 delta=20894
[pass] DMTD_FB_ACCEPT_EVENT     結果: Δ=22186/Δ>=0
RAW DMTD_FB_ACCEPT_EVENT     before=0x0051817A after=0x0051D824 delta=22186
[pass] DMTD_ACCEPT              結果: Δ=43080/Δ>0
[pass] SPLL_TAG_VALID_COUNT     結果: Δ=22187/Δ>0
RAW SPLL_TAG_VALID_COUNT     before=0x00123450 after=0x00128AFB delta=22187
[pass] SPLL_TRR_WRITE_COUNT     結果: Δ=22187/Δ>0
RAW SPLL_TRR_WRITE_COUNT     before=0x00123467 after=0x00128B12 delta=22187
[pass] WRPC_SPLL_TRR_POP_COUNT  結果: Δ=20000/Δ>0
RAW WRPC_SPLL_TRR_POP_COUNT  before=0x00123094 after=0x00127EB4 delta=20000
[pass] WDIAGS_IRQ_COUNT         結果: Δ=20000/Δ>0
RAW WDIAGS_IRQ_COUNT         before=0x00123094 after=0x00127EB4 delta=20000
[pass] WDIAGS_HELPER_UPDATE_COUNT 結果: Δ=20000/Δ>0
RAW WDIAGS_HELPER_UPDATE_COUNT before=0x00123094 after=0x00127EB4 delta=20000
[pass] BOOT_GENERATION          結果: Δ=0/Δ=0
RAW BOOT_GENERATION          before=0x00000001 after=0x00000001 delta=0
[pass] CPU_RESET_COUNT          結果: Δ=0/Δ=0
RAW CPU_RESET_COUNT          before=0x00000001 after=0x00000001 delta=0
[pass] WR_CORE_RESET_COUNT      結果: Δ=0/Δ=0
RAW WR_CORE_RESET_COUNT      before=0x00000001 after=0x00000001 delta=0
[pass] SI_CONFIG_DROP_COUNT     結果: Δ=0/Δ=0
RAW SI_CONFIG_DROP_COUNT     before=0x00000001 after=0x00000001 delta=0
STEP4A_MASTER_EVENT_CHAIN = PASS
Step 4 pass

## [Step 5] Closed-loop Lock
STEP5_RESULT = NOT_APPLICABLE_MASTER
STEP5_FIRST_INACTIVE_BOUNDARY = SLAVE_ONLY
Step 5 NA (Step5 closed-loop gate is for Slave)

## [Step 6] Global Time
Step 6 NA

============================================================
White Rabbit Runtime 診斷：DE5 [1-11.1]
============================================================
Step 1 PHY / Link             pass
Step 2 Endpoint / PTP         pass
Step 3 WR Handshake           NA
Step 4 Step4A Master Event Chain pass
Step 5 Closed-loop Lock       NA
Step 6 Global Time            NA
STEP1_REGRESSION = PASS
STEP2_REGRESSION = PASS
STEP3_REGRESSION = PASS
STEP4A_RESULT = PASS
STEP5_RESULT = NOT_APPLICABLE_MASTER
STEP5_FIRST_INACTIVE_BOUNDARY = SLAVE_ONLY
FAILURE_CLASSIFICATION = NO_FAILURE_EVIDENCE
============================================================

================ RAW_SNAPSHOT ================
RAW_SNAPSHOT board=DE5 [1-11.1] label=before
  status           = A11EAC6139BC82FF
  cpu              = 0000007C00003E08
  marker           = 000000010000B004
  store            = 001000000002FF6C
  store_count      = 00000000416411E1
  exception        = 8000000B00003E00
  clock            = 002D210749C26E45
  boot_generation  = 00000001
  cpu_reset_count  = 00000001
  wr_core_reset_count = 00000001
  si_config_drop_count = 00000001
  pps_cr           = 01312D06
  pps_escr         = 0000010C
  ep_mach          = 02000200
  ep_macl          = 22334401
  ep_dsr           = 42000000
  ptp              = 01014106
  ptp_rx           = 00000075
  ptp_tx           = 0000025E
  ptp_meta         = 02020406
  tx               = 000003AA
  rx               = 0000016D
  rxerr            = 00000000
  ptp_types        = 00181818
  foreign_meta     = 00000001
  filter_meta      = 00000000
  parse_meta       = 000118C9
  wr_rx_signal     = 00000000
  wr_tx_signal     = 00000000
  wr_failure       = 00000000
  wr_state         = A0000064
  wr_reject        = 00000000
  pstat            = 00000001
  sstat            = 00000000
  sec_h            = 00000000
  sec_l            = 00000129
  ns               = 01F50BE0
  lock_enable      = 00000000
  lock_result      = 00000000
  lock_polls       = 00000000
  lock_unlocked    = 00000000
  lock_calibration_fail = 00000000
  spll_state       = 00020004
  spll_ocer        = 2EA3C801
  spll_rcer        = 00000000
  spll_occr        = 1100018E
  spll_trr_csr     = 00123094
  spll_dac_hpll    = A3B7AE2A
  spll_dac_main    = 00000008
  spll_helper_state = 00000100
  spll_helper_limits = 271000C8
  spll_main_state  = 00000000
  spll_main_limits = 00320032
  spll_main_phase_limits = 03E804B0
  spll_state_visit_mask = 00000618
  spll_state_transitions = 00000003
  spll_last_state  = 00000004
  spll_init_count  = 00000001
  dmtd_ref         = 00841577
  dmtd_fb          = 0051817A
  dmtd_ref_high_qual_abort = 0344577E
  dmtd_fb_high_qual_abort = 00926F85
  tag_valid        = 00123450
  trr_write        = 00123467
  irq              = 00123094
  helper_update    = 00123094
  spll_helper_error = FFFDB610
  spll_helper_output = 0000FFFB
  eic_isr          = FFFF0000
  current_tics     = 000490F9
RAW_SNAPSHOT board=DE5 [1-11.1] label=after
  status           = F11EAC43291882FF
  cpu              = 0000007C0001847C
  marker           = 000000010000B004
  store            = 001000000002FF6C
  store_count      = 0000000042B7F8AC
  exception        = 8000000B0001847C
  clock            = 002876249E3CC36C
  boot_generation  = 00000001
  cpu_reset_count  = 00000001
  wr_core_reset_count = 00000001
  si_config_drop_count = 00000001
  pps_cr           = 01312D06
  pps_escr         = 0000010C
  ep_mach          = 02000200
  ep_macl          = 22334401
  ep_dsr           = 42000000
  ptp              = 01014106
  ptp_rx           = 00000078
  ptp_tx           = 0000026D
  ptp_meta         = 02020406
  tx               = 000003C0
  rx               = 00000176
  rxerr            = 00000000
  ptp_types        = 00191919
  foreign_meta     = 00000001
  filter_meta      = 00000000
  parse_meta       = 000119DB
  wr_rx_signal     = 00000000
  wr_tx_signal     = 00000000
  wr_failure       = 00000000
  wr_state         = A0000064
  wr_reject        = 00000000
  pstat            = 00000001
  sstat            = 00000000
  sec_h            = 00000000
  sec_l            = 0000012F
  ns               = 01F63A20
  lock_enable      = 00000000
  lock_result      = 00000000
  lock_polls       = 00000000
  lock_unlocked    = 00000000
  lock_calibration_fail = 00000000
  spll_state       = 00020004
  spll_ocer        = A6F11201
  spll_rcer        = 00000000
  spll_occr        = 100001B8
  spll_trr_csr     = 00127EB4
  spll_dac_hpll    = C8F882C9
  spll_dac_main    = 00000008
  spll_helper_state = 00000100
  spll_helper_limits = 271000C8
  spll_main_state  = 00000000
  spll_main_limits = 00320032
  spll_main_phase_limits = 03E804B0
  spll_state_visit_mask = 00000618
  spll_state_transitions = 00000003
  spll_last_state  = 00000004
  spll_init_count  = 00000001
  dmtd_ref         = 00846715
  dmtd_fb          = 0051D824
  dmtd_ref_high_qual_abort = 0347F150
  dmtd_fb_high_qual_abort = 0095285C
  tag_valid        = 00128AFB
  trr_write        = 00128B12
  irq              = 00127EB4
  helper_update    = 00127EB4
  spll_helper_error = FFFDB610
  spll_helper_output = 0000FFFB
  eic_isr          = FFFF0000
  current_tics     = 0004A481
RAW mailbox completion toggle wb_sync_toggle=0

============================================================
White Rabbit Runtime 診斷：DE5 [1-11.2]
============================================================

## [Step 1] PHY / 光纖 Link
[pass] si_config_done           結果: 1/1
[pass] wr_ready                 結果: 1/1
[pass] core_tm_link_up          結果: 1/1
[pass] core_link_ok             結果: 1/1
[pass] wr_rx_ready              結果: 1/1
[pass] wr_tx_ready              結果: 1/1
[pass] core_phy_rst             結果: 0/0
[pass] si_id_error              結果: 0/0
[pass] wr_rx_enc_err            結果: 0/0
[pass] wr_tx_enc_err            結果: 0/0
[pass] CPU_RESET_n              結果: 1/1
[pass] wr_rx_locked_to_data     結果: 1/1
[info] wr_rx_locked_to_ref      結果: 0/NA
[info] MOD_PRS_n                結果: 0/NA
[info] INTERRUPT_n              結果: 1/NA
Step 1 pass

## [Step 2] Endpoint / MiniNIC / PTP
[pass] EP_MAC_H/EP_MAC_L        結果: 02:00:22:33:44:02/02:00:22:33:44:02
[pass] WDIAGS_MODE              結果: 3 SLAVE/3 SLAVE
[error] WDIAGS_PTP               結果: 4 LISTENING (raw=00004104)/9 SLAVE
[info] WDIAGS_PTP_RX            結果: Δ=0/NA
RAW WDIAGS_PTP_RX            before=0x00000000 after=0x00000000 delta=0
[pass] WDIAGS_PTP_TX            結果: Δ=3/Δ>0
RAW WDIAGS_PTP_TX            before=0x0000004B after=0x0000004E delta=3
[pass] WDIAGS_TX                結果: Δ=6/Δ>0
RAW WDIAGS_TX                before=0x0000010D after=0x00000113 delta=6
[info] WDIAGS_RX                結果: Δ=0/NA
RAW WDIAGS_RX                before=0x00000000 after=0x00000000 delta=0
[pass] WDIAGS_RXERR             結果: Δ=0/Δ=0
RAW WDIAGS_RXERR             before=0x00000003 after=0x00000003 delta=0
Step 2 NA

## [Step 3] WR Parent / Signaling
[error] WDIAGS_FOREIGN_META      結果: 0/1
[error] WDIAGS_FOREIGN_META      結果: 255/0
[info] WDIAGS_FOREIGN_META      結果: detection=0 config=0/NA
[error] parentIsWRnode           結果: 0/1
[info] parentWrModeOn           結果: 0/NA
[error] parentCalibrated         結果: 0/1
[error] WR_RX_SIGNAL_DEBUG       結果: UNKNOWN count=0/LOCK 0x1001,count>0
[error] WR_TX_SIGNAL_DEBUG       結果: UNKNOWN count=0/SLAVE_PRESENT 0x1000,count>0
[info] WDIAGS_TEMP              結果: WRS_IDLE next=WRS_IDLE READ_INCONSISTENT/NA
[error] LOCK_ENABLE              結果: 0/> 0
Step 3 NA

## [Step 4B] Slave SoftPLL Startup
[info] STEP4B_UPSTREAM_GATE     結果: BLOCKED/NA
STEP4B_ALLOWED = NO
STEP4B_RESULT = BLOCKED_BY_STEP2
STEP4B_FIRST_INACTIVE_BOUNDARY = UPSTREAM_PREREQUISITE
Step 4B BLOCKED (upstream prerequisite)
Step 4 NA

## [Step 5] Closed-loop Lock
STEP5_RESULT = UPSTREAM_NOT_READY
STEP5_FIRST_INACTIVE_BOUNDARY = UPSTREAM_STEP4B
Step 5 NA

## [Step 6] Global Time
Step 6 NA

============================================================
White Rabbit Runtime 診斷：DE5 [1-11.2]
============================================================
Step 1 PHY / Link             pass
Step 2 Endpoint / PTP         NA
Step 3 WR Handshake           NA
Step 4 Step4B Slave SoftPLL Startup blocked
Step 5 Closed-loop Lock       NA
Step 6 Global Time            NA
STEP1_REGRESSION = PASS
STEP2_REGRESSION = INVALID
STEP3_REGRESSION = INVALID
STEP4B_ALLOWED = NO
STEP4B_RESULT = BLOCKED_BY_STEP2
STEP4B_FIRST_INACTIVE_BOUNDARY = UPSTREAM_PREREQUISITE
STEP5_RESULT = UPSTREAM_NOT_READY
STEP5_FIRST_INACTIVE_BOUNDARY = UPSTREAM_STEP4B
FAILURE_CLASSIFICATION = JTAG/DASHBOARD_MEASUREMENT_FAILURE
============================================================

================ RAW_SNAPSHOT ================
RAW_SNAPSHOT board=DE5 [1-11.2] label=before
  status           = 00107EC1233482EF
  cpu              = 0000007C00018540
  marker           = 000000010000B004
  store            = 0000009D0001E0CC
  store_count      = 0000000024D9897F
  exception        = 0000000000000000
  clock            = 003A99AE87ED9B5E
  boot_generation  = 00000001
  cpu_reset_count  = 00000001
  wr_core_reset_count = 00000001
  si_config_drop_count = 00000001
  pps_cr           = 01312D06
  pps_escr         = 00000000
  ep_mach          = 02000200
  ep_macl          = 22334402
  ep_dsr           = 42000000
  ptp              = 00004104
  ptp_rx           = 00000000
  ptp_tx           = 0000004B
  ptp_meta         = 03010104
  tx               = 0000010D
  rx               = 00000000
  rxerr            = 00000003
  ptp_types        = 00000000
  foreign_meta     = 0000FF00
  filter_meta      = 00000000
  parse_meta       = 000000D4
  wr_rx_signal     = 00000000
  wr_tx_signal     = 00000000
  wr_failure       = 00000000
  wr_state         = A0000044
  wr_reject        = 00000000
  pstat            = 00000001
  sstat            = 00000000
  sec_h            = 00000000
  sec_l            = 0000009E
  ns               = 0222FA98
  lock_enable      = 00000000
  lock_result      = 00000000
  lock_polls       = 00000000
  lock_unlocked    = 00000000
  lock_calibration_fail = 00000000
  spll_state       = 00000000
  spll_ocer        = 00000600
  spll_rcer        = 00000000
  spll_occr        = A20001D5
  spll_trr_csr     = 00020000
  spll_dac_hpll    = 9AF39AFE
  spll_dac_main    = 00000004
  spll_helper_state = 00000000
  spll_helper_limits = 271000C8
  spll_main_state  = 00000000
  spll_main_limits = 00000000
  spll_main_phase_limits = 00000000
  spll_state_visit_mask = 00000000
  spll_state_transitions = 00000000
  spll_last_state  = 00000007
  spll_init_count  = 00000000
  dmtd_ref         = 20FF0849
  dmtd_fb          = 2095EDFD
  dmtd_ref_high_qual_abort = 00000000
  dmtd_fb_high_qual_abort = 00000000
  tag_valid        = 00000000
  trr_write        = 00000000
  irq              = 00000000
  helper_update    = 00000000
  spll_helper_error = 00000000
  spll_helper_output = 00000000
  eic_isr          = 00000000
  current_tics     = 00026E1F
RAW_SNAPSHOT board=DE5 [1-11.2] label=after
  status           = 0010DA41333882EF
  cpu              = 0000007C0000B6A4
  marker           = 000000010000B004
  store            = 000000210001E24C
  store_count      = 00000000262480B9
  exception        = 0000000000000000
  clock            = 003BE6D0D457E875
  boot_generation  = 00000001
  cpu_reset_count  = 00000001
  wr_core_reset_count = 00000001
  si_config_drop_count = 00000001
  pps_cr           = 01312D06
  pps_escr         = 00000000
  ep_mach          = 02000200
  ep_macl          = 22334402
  ep_dsr           = 42000000
  ptp              = 00004104
  ptp_rx           = 00000000
  ptp_tx           = 0000004E
  ptp_meta         = 03010104
  tx               = 00000113
  rx               = 00000000
  rxerr            = 00000003
  ptp_types        = 00000000
  foreign_meta     = 0000FF00
  filter_meta      = 00000000
  parse_meta       = 000000D9
  wr_rx_signal     = 00000000
  wr_tx_signal     = 00000000
  wr_failure       = 00000000
  wr_state         = A0000044
  wr_reject        = 00000000
  pstat            = 00000001
  sstat            = 00000000
  sec_h            = 00000000
  sec_l            = 000000A3
  ns               = 022362D0
  lock_enable      = 00000000
  lock_result      = 00000000
  lock_polls       = 00000000
  lock_unlocked    = 00000000
  lock_calibration_fail = 00000000
  spll_state       = 00000000
  spll_ocer        = 00006E00
  spll_rcer        = 00000000
  spll_occr        = 480001C1
  spll_trr_csr     = 00020000
  spll_dac_hpll    = C0346F5D
  spll_dac_main    = 00000004
  spll_helper_state = 00000000
  spll_helper_limits = 271000C8
  spll_main_state  = 00000000
  spll_main_limits = 00000000
  spll_main_phase_limits = 00000000
  spll_state_visit_mask = 00000000
  spll_state_transitions = 00000000
  spll_last_state  = 00000007
  spll_init_count  = 00000000
  dmtd_ref         = 2222FD54
  dmtd_fb          = 21B807F9
  dmtd_ref_high_qual_abort = 00000000
  dmtd_fb_high_qual_abort = 00000000
  tag_valid        = 00000000
  trr_write        = 00000000
  irq              = 00000000
  helper_update    = 00000000
  spll_helper_error = 00000000
  spll_helper_output = 00000000
  eic_isr          = 00000000
  current_tics     = 0002858F

============================================================
STEP4A_RESULT = PASS
STEP4B_ALLOWED = NO
STEP4B_RESULT = BLOCKED_BY_STEP2
STEP4B_FIRST_INACTIVE_BOUNDARY = UPSTREAM_PREREQUISITE
STEP5_RESULT = NOT_APPLICABLE_MASTER
STEP5_FIRST_INACTIVE_BOUNDARY = SLAVE_ONLY
STEP5_RESULT = UPSTREAM_NOT_READY
STEP5_FIRST_INACTIVE_BOUNDARY = UPSTREAM_STEP4B
============================================================
Info (23030): Evaluation of Tcl script scripts/jtag/read_wb_runtime.tcl was successful
Info: Quartus Prime SignalTap II was successful. 0 errors, 0 warnings
    Info: Peak virtual memory: 776 megabytes
    Info: Processing ended: Sun Aug 30 08:06:47 2026
    Info: Elapsed time: 00:00:13
    Info: Total CPU time (on all processors): 00:00:00
