Info: *******************************************************************
Info: Running Quartus Prime SignalTap II
    Info: Version 17.0.0 Build 595 04/25/2017 SJ Standard Edition
    Info: Copyright (C) 2017  Intel Corporation. All rights reserved.
    Info: Your use of Intel Corporation's design tools, logic functions 
    Info: and other software and tools, and its AMPP partner logic 
    Info: functions, and any output files from any of the foregoing 
    Info: (including device programming or simulation files), and any 
    Info: associated documentation or information are expressly subject 
    Info: to the terms and conditions of the Intel Program License 
    Info: Subscription Agreement, the Intel Quartus Prime License Agreement,
    Info: the Intel MegaCore Function License Agreement, or other 
    Info: applicable license agreement, including, without limitation, 
    Info: that your use is for the sole purpose of programming logic 
    Info: devices manufactured by Intel and sold by Intel or its 
    Info: authorized distributors.  Please refer to the applicable 
    Info: agreement for further details.
    Info: Processing started: Sun Aug 30 07:52:47 2026
Info: Command: quartus_stp -t scripts/jtag/read_step5_hpll_physical_zero_crossing_point.tcl 5 500 2200 2 10 100 0 6400 "DE5 [1-11.2]"
Info: Quartus(args): 5 500 2200 2 10 100 0 6400 {DE5 [1-11.2]}
STEP5_ZERO_CROSSING_CONFIG experiment=EXP-WRPC-STEP5-HPLL-PHYSICAL-ZERO-CROSSING-SWEEP baseline_seconds=5 poll_ms=500 max_completion_polls=2200 settle_updates=2 window_updates=10 helper_poll_ms=100 polarity_reverse=0 burst_size=6400 fixed_sof=1 normal_hpll_tracker=0 board_filter=DE5 [1-11.2]
STEP5_ZERO_SAMPLE board=DE5 [1-11.2] tag=A0 BURST_WIDE_RAW=0000000000000000 TRIGGER_COUNT=0 FORCED_HPLL_ADMITTED=0 FORCED_HPLL_COMPLETED=0 DCO_STEP_COUNT=0 TRACKER_RAW=0000000000000000 NORMAL_HPLL_REQUEST_COUNT=0 NORMAL_HPLL_COMPLETED_COUNT=0 PRECLAMP_ERROR_SIGNED=0 TAG_DELTA_SIGNED=0 EXPECTED_DELTA_SIGNED=0 TAG_MINUS_EXPECTED=0 HELPER_UPDATE_COUNT=0
STEP5_ZERO_SAMPLE board=DE5 [1-11.2] tag=A01 BURST_WIDE_RAW=0000000000000000 TRIGGER_COUNT=0 FORCED_HPLL_ADMITTED=0 FORCED_HPLL_COMPLETED=0 DCO_STEP_COUNT=0 TRACKER_RAW=0000000000000000 NORMAL_HPLL_REQUEST_COUNT=0 NORMAL_HPLL_COMPLETED_COUNT=0 PRECLAMP_ERROR_SIGNED=0 TAG_DELTA_SIGNED=0 EXPECTED_DELTA_SIGNED=0 TAG_MINUS_EXPECTED=0 HELPER_UPDATE_COUNT=0
STEP5_ZERO_SAMPLE board=DE5 [1-11.2] tag=A02 BURST_WIDE_RAW=0000000000000000 TRIGGER_COUNT=0 FORCED_HPLL_ADMITTED=0 FORCED_HPLL_COMPLETED=0 DCO_STEP_COUNT=0 TRACKER_RAW=0000000000000000 NORMAL_HPLL_REQUEST_COUNT=0 NORMAL_HPLL_COMPLETED_COUNT=0 PRECLAMP_ERROR_SIGNED=0 TAG_DELTA_SIGNED=0 EXPECTED_DELTA_SIGNED=0 TAG_MINUS_EXPECTED=0 HELPER_UPDATE_COUNT=0
STEP5_ZERO_SAMPLE board=DE5 [1-11.2] tag=A03 BURST_WIDE_RAW=0000000000000000 TRIGGER_COUNT=0 FORCED_HPLL_ADMITTED=0 FORCED_HPLL_COMPLETED=0 DCO_STEP_COUNT=0 TRACKER_RAW=0000000000000000 NORMAL_HPLL_REQUEST_COUNT=0 NORMAL_HPLL_COMPLETED_COUNT=0 PRECLAMP_ERROR_SIGNED=0 TAG_DELTA_SIGNED=0 EXPECTED_DELTA_SIGNED=0 TAG_MINUS_EXPECTED=0 HELPER_UPDATE_COUNT=0
STEP5_ZERO_SAMPLE board=DE5 [1-11.2] tag=A04 BURST_WIDE_RAW=0000000000000000 TRIGGER_COUNT=0 FORCED_HPLL_ADMITTED=0 FORCED_HPLL_COMPLETED=0 DCO_STEP_COUNT=0 TRACKER_RAW=0000000000000000 NORMAL_HPLL_REQUEST_COUNT=0 NORMAL_HPLL_COMPLETED_COUNT=0 PRECLAMP_ERROR_SIGNED=0 TAG_DELTA_SIGNED=0 EXPECTED_DELTA_SIGNED=0 TAG_MINUS_EXPECTED=0 HELPER_UPDATE_COUNT=0
STEP5_ZERO_SAMPLE board=DE5 [1-11.2] tag=A05 BURST_WIDE_RAW=0000000000000000 TRIGGER_COUNT=0 FORCED_HPLL_ADMITTED=0 FORCED_HPLL_COMPLETED=0 DCO_STEP_COUNT=0 TRACKER_RAW=0000000000000000 NORMAL_HPLL_REQUEST_COUNT=0 NORMAL_HPLL_COMPLETED_COUNT=0 PRECLAMP_ERROR_SIGNED=0 TAG_DELTA_SIGNED=0 EXPECTED_DELTA_SIGNED=0 TAG_MINUS_EXPECTED=0 HELPER_UPDATE_COUNT=0
STEP5_ZERO_BACKGROUND board=DE5 [1-11.2] DELTA_HELPER_UPDATE_COUNT=0 DELTA_PRECLAMP_ERROR=0
STEP5_ZERO_SAMPLE board=DE5 [1-11.2] tag=B_BEFORE BURST_WIDE_RAW=0000000000000000 TRIGGER_COUNT=0 FORCED_HPLL_ADMITTED=0 FORCED_HPLL_COMPLETED=0 DCO_STEP_COUNT=0 TRACKER_RAW=0000000000000000 NORMAL_HPLL_REQUEST_COUNT=0 NORMAL_HPLL_COMPLETED_COUNT=0 PRECLAMP_ERROR_SIGNED=0 TAG_DELTA_SIGNED=0 EXPECTED_DELTA_SIGNED=0 TAG_MINUS_EXPECTED=0 HELPER_UPDATE_COUNT=0
STEP5_ZERO_TRIGGER board=DE5 [1-11.2] source=FORCE_HPLL_ONE_STEP transition=0->1->0 controller_burst_size=6400
STEP5_ZERO_SAMPLE board=DE5 [1-11.2] tag=B001 BURST_WIDE_RAW=0000000000000000 TRIGGER_COUNT=0 FORCED_HPLL_ADMITTED=0 FORCED_HPLL_COMPLETED=0 DCO_STEP_COUNT=0 TRACKER_RAW=0000000000000000 NORMAL_HPLL_REQUEST_COUNT=0 NORMAL_HPLL_COMPLETED_COUNT=0 PRECLAMP_ERROR_SIGNED=0 TAG_DELTA_SIGNED=0 EXPECTED_DELTA_SIGNED=0 TAG_MINUS_EXPECTED=0 HELPER_UPDATE_COUNT=0
STEP5_ZERO_SAMPLE board=DE5 [1-11.2] tag=B002 BURST_WIDE_RAW=0000000000000000 TRIGGER_COUNT=0 FORCED_HPLL_ADMITTED=0 FORCED_HPLL_COMPLETED=0 DCO_STEP_COUNT=0 TRACKER_RAW=0000000000000000 NORMAL_HPLL_REQUEST_COUNT=0 NORMAL_HPLL_COMPLETED_COUNT=0 PRECLAMP_ERROR_SIGNED=0 TAG_DELTA_SIGNED=0 EXPECTED_DELTA_SIGNED=0 TAG_MINUS_EXPECTED=0 HELPER_UPDATE_COUNT=0
STEP5_ZERO_SAMPLE board=DE5 [1-11.2] tag=B003 BURST_WIDE_RAW=0000000000000000 TRIGGER_COUNT=0 FORCED_HPLL_ADMITTED=0 FORCED_HPLL_COMPLETED=0 DCO_STEP_COUNT=0 TRACKER_RAW=0000000000000000 NORMAL_HPLL_REQUEST_COUNT=0 NORMAL_HPLL_COMPLETED_COUNT=0 PRECLAMP_ERROR_SIGNED=0 TAG_DELTA_SIGNED=0 EXPECTED_DELTA_SIGNED=0 TAG_MINUS_EXPECTED=0 HELPER_UPDATE_COUNT=0
STEP5_ZERO_SAMPLE board=DE5 [1-11.2] tag=B004 BURST_WIDE_RAW=0000000000000000 TRIGGER_COUNT=0 FORCED_HPLL_ADMITTED=0 FORCED_HPLL_COMPLETED=0 DCO_STEP_COUNT=0 TRACKER_RAW=0000000000000000 NORMAL_HPLL_REQUEST_COUNT=0 NORMAL_HPLL_COMPLETED_COUNT=0 PRECLAMP_ERROR_SIGNED=0 TAG_DELTA_SIGNED=0 EXPECTED_DELTA_SIGNED=0 TAG_MINUS_EXPECTED=0 HELPER_UPDATE_COUNT=0
STEP5_ZERO_SAMPLE board=DE5 [1-11.2] tag=B005 BURST_WIDE_RAW=0000000000000000 TRIGGER_COUNT=0 FORCED_HPLL_ADMITTED=0 FORCED_HPLL_COMPLETED=0 DCO_STEP_COUNT=0 TRACKER_RAW=0000000000000000 NORMAL_HPLL_REQUEST_COUNT=0 NORMAL_HPLL_COMPLETED_COUNT=0 PRECLAMP_ERROR_SIGNED=0 TAG_DELTA_SIGNED=0 EXPECTED_DELTA_SIGNED=0 TAG_MINUS_EXPECTED=0 HELPER_UPDATE_COUNT=0
STEP5_ZERO_SAMPLE board=DE5 [1-11.2] tag=B006 BURST_WIDE_RAW=0000000000000000 TRIGGER_COUNT=0 FORCED_HPLL_ADMITTED=0 FORCED_HPLL_COMPLETED=0 DCO_STEP_COUNT=0 TRACKER_RAW=0000000000000000 NORMAL_HPLL_REQUEST_COUNT=0 NORMAL_HPLL_COMPLETED_COUNT=0 PRECLAMP_ERROR_SIGNED=0 TAG_DELTA_SIGNED=0 EXPECTED_DELTA_SIGNED=0 TAG_MINUS_EXPECTED=0 HELPER_UPDATE_COUNT=0
STEP5_ZERO_SAMPLE board=DE5 [1-11.2] tag=B007 BURST_WIDE_RAW=0000000000000000 TRIGGER_COUNT=0 FORCED_HPLL_ADMITTED=0 FORCED_HPLL_COMPLETED=0 DCO_STEP_COUNT=0 TRACKER_RAW=0000000000000000 NORMAL_HPLL_REQUEST_COUNT=0 NORMAL_HPLL_COMPLETED_COUNT=0 PRECLAMP_ERROR_SIGNED=0 TAG_DELTA_SIGNED=0 EXPECTED_DELTA_SIGNED=0 TAG_MINUS_EXPECTED=0 HELPER_UPDATE_COUNT=0
STEP5_ZERO_SAMPLE board=DE5 [1-11.2] tag=B008 BURST_WIDE_RAW=0000000000000000 TRIGGER_COUNT=0 FORCED_HPLL_ADMITTED=0 FORCED_HPLL_COMPLETED=0 DCO_STEP_COUNT=0 TRACKER_RAW=0000000000000000 NORMAL_HPLL_REQUEST_COUNT=0 NORMAL_HPLL_COMPLETED_COUNT=0 PRECLAMP_ERROR_SIGNED=0 TAG_DELTA_SIGNED=0 EXPECTED_DELTA_SIGNED=0 TAG_MINUS_EXPECTED=0 HELPER_UPDATE_COUNT=0
STEP5_ZERO_SAMPLE board=DE5 [1-11.2] tag=B009 BURST_WIDE_RAW=0000000000000000 TRIGGER_COUNT=0 FORCED_HPLL_ADMITTED=0 FORCED_HPLL_COMPLETED=0 DCO_STEP_COUNT=0 TRACKER_RAW=0000000000000000 NORMAL_HPLL_REQUEST_COUNT=0 NORMAL_HPLL_COMPLETED_COUNT=0 PRECLAMP_ERROR_SIGNED=0 TAG_DELTA_SIGNED=0 EXPECTED_DELTA_SIGNED=0 TAG_MINUS_EXPECTED=0 HELPER_UPDATE_COUNT=0
STEP5_ZERO_SAMPLE board=DE5 [1-11.2] tag=B010 BURST_WIDE_RAW=0000000000000000 TRIGGER_COUNT=0 FORCED_HPLL_ADMITTED=0 FORCED_HPLL_COMPLETED=0 DCO_STEP_COUNT=0 TRACKER_RAW=0000000000000000 NORMAL_HPLL_REQUEST_COUNT=0 NORMAL_HPLL_COMPLETED_COUNT=0 PRECLAMP_ERROR_SIGNED=0 TAG_DELTA_SIGNED=0 EXPECTED_DELTA_SIGNED=0 TAG_MINUS_EXPECTED=0 HELPER_UPDATE_COUNT=0
STEP5_ZERO_SAMPLE board=DE5 [1-11.2] tag=B011 BURST_WIDE_RAW=0000000000000000 TRIGGER_COUNT=0 FORCED_HPLL_ADMITTED=0 FORCED_HPLL_COMPLETED=0 DCO_STEP_COUNT=0 TRACKER_RAW=0000000000000000 NORMAL_HPLL_REQUEST_COUNT=0 NORMAL_HPLL_COMPLETED_COUNT=0 PRECLAMP_ERROR_SIGNED=0 TAG_DELTA_SIGNED=0 EXPECTED_DELTA_SIGNED=0 TAG_MINUS_EXPECTED=0 HELPER_UPDATE_COUNT=0
STEP5_ZERO_SAMPLE board=DE5 [1-11.2] tag=B012 BURST_WIDE_RAW=0000000000000000 TRIGGER_COUNT=0 FORCED_HPLL_ADMITTED=0 FORCED_HPLL_COMPLETED=0 DCO_STEP_COUNT=0 TRACKER_RAW=0000000000000000 NORMAL_HPLL_REQUEST_COUNT=0 NORMAL_HPLL_COMPLETED_COUNT=0 PRECLAMP_ERROR_SIGNED=0 TAG_DELTA_SIGNED=0 EXPECTED_DELTA_SIGNED=0 TAG_MINUS_EXPECTED=0 HELPER_UPDATE_COUNT=0
STEP5_ZERO_SAMPLE board=DE5 [1-11.2] tag=B013 BURST_WIDE_RAW=0000000000000000 TRIGGER_COUNT=0 FORCED_HPLL_ADMITTED=0 FORCED_HPLL_COMPLETED=0 DCO_STEP_COUNT=0 TRACKER_RAW=0000000000000000 NORMAL_HPLL_REQUEST_COUNT=0 NORMAL_HPLL_COMPLETED_COUNT=0 PRECLAMP_ERROR_SIGNED=0 TAG_DELTA_SIGNED=0 EXPECTED_DELTA_SIGNED=0 TAG_MINUS_EXPECTED=0 HELPER_UPDATE_COUNT=0
STEP5_ZERO_SAMPLE board=DE5 [1-11.2] tag=B014 BURST_WIDE_RAW=0000000000000000 TRIGGER_COUNT=0 FORCED_HPLL_ADMITTED=0 FORCED_HPLL_COMPLETED=0 DCO_STEP_COUNT=0 TRACKER_RAW=0000000000000000 NORMAL_HPLL_REQUEST_COUNT=0 NORMAL_HPLL_COMPLETED_COUNT=0 PRECLAMP_ERROR_SIGNED=0 TAG_DELTA_SIGNED=0 EXPECTED_DELTA_SIGNED=0 TAG_MINUS_EXPECTED=0 HELPER_UPDATE_COUNT=0
STEP5_ZERO_SAMPLE board=DE5 [1-11.2] tag=B015 BURST_WIDE_RAW=0000000000000000 TRIGGER_COUNT=0 FORCED_HPLL_ADMITTED=0 FORCED_HPLL_COMPLETED=0 DCO_STEP_COUNT=0 TRACKER_RAW=0000000000000000 NORMAL_HPLL_REQUEST_COUNT=0 NORMAL_HPLL_COMPLETED_COUNT=0 PRECLAMP_ERROR_SIGNED=0 TAG_DELTA_SIGNED=0 EXPECTED_DELTA_SIGNED=0 TAG_MINUS_EXPECTED=0 HELPER_UPDATE_COUNT=0
STEP5_ZERO_SAMPLE board=DE5 [1-11.2] tag=B016 BURST_WIDE_RAW=0000000000000000 TRIGGER_COUNT=0 FORCED_HPLL_ADMITTED=0 FORCED_HPLL_COMPLETED=0 DCO_STEP_COUNT=0 TRACKER_RAW=0000000000000000 NORMAL_HPLL_REQUEST_COUNT=0 NORMAL_HPLL_COMPLETED_COUNT=0 PRECLAMP_ERROR_SIGNED=0 TAG_DELTA_SIGNED=0 EXPECTED_DELTA_SIGNED=0 TAG_MINUS_EXPECTED=0 HELPER_UPDATE_COUNT=0
STEP5_ZERO_SAMPLE board=DE5 [1-11.2] tag=B017 BURST_WIDE_RAW=0000000000000000 TRIGGER_COUNT=0 FORCED_HPLL_ADMITTED=0 FORCED_HPLL_COMPLETED=0 DCO_STEP_COUNT=0 TRACKER_RAW=0000000000000000 NORMAL_HPLL_REQUEST_COUNT=0 NORMAL_HPLL_COMPLETED_COUNT=0 PRECLAMP_ERROR_SIGNED=0 TAG_DELTA_SIGNED=0 EXPECTED_DELTA_SIGNED=0 TAG_MINUS_EXPECTED=0 HELPER_UPDATE_COUNT=0
STEP5_ZERO_SAMPLE board=DE5 [1-11.2] tag=B018 BURST_WIDE_RAW=0000000000000000 TRIGGER_COUNT=0 FORCED_HPLL_ADMITTED=0 FORCED_HPLL_COMPLETED=0 DCO_STEP_COUNT=0 TRACKER_RAW=0000000000000000 NORMAL_HPLL_REQUEST_COUNT=0 NORMAL_HPLL_COMPLETED_COUNT=0 PRECLAMP_ERROR_SIGNED=0 TAG_DELTA_SIGNED=0 EXPECTED_DELTA_SIGNED=0 TAG_MINUS_EXPECTED=0 HELPER_UPDATE_COUNT=0
STEP5_ZERO_SAMPLE board=DE5 [1-11.2] tag=B019 BURST_WIDE_RAW=0000000000000000 TRIGGER_COUNT=0 FORCED_HPLL_ADMITTED=0 FORCED_HPLL_COMPLETED=0 DCO_STEP_COUNT=0 TRACKER_RAW=0000000000000000 NORMAL_HPLL_REQUEST_COUNT=0 NORMAL_HPLL_COMPLETED_COUNT=0 PRECLAMP_ERROR_SIGNED=0 TAG_DELTA_SIGNED=0 EXPECTED_DELTA_SIGNED=0 TAG_MINUS_EXPECTED=0 HELPER_UPDATE_COUNT=0
STEP5_ZERO_SAMPLE board=DE5 [1-11.2] tag=B020 BURST_WIDE_RAW=0000000000000000 TRIGGER_COUNT=0 FORCED_HPLL_ADMITTED=0 FORCED_HPLL_COMPLETED=0 DCO_STEP_COUNT=0 TRACKER_RAW=0000000000000000 NORMAL_HPLL_REQUEST_COUNT=0 NORMAL_HPLL_COMPLETED_COUNT=0 PRECLAMP_ERROR_SIGNED=0 TAG_DELTA_SIGNED=0 EXPECTED_DELTA_SIGNED=0 TAG_MINUS_EXPECTED=0 HELPER_UPDATE_COUNT=0
STEP5_ZERO_SAMPLE board=DE5 [1-11.2] tag=B021 BURST_WIDE_RAW=0000000000000000 TRIGGER_COUNT=0 FORCED_HPLL_ADMITTED=0 FORCED_HPLL_COMPLETED=0 DCO_STEP_COUNT=0 TRACKER_RAW=0000000000000000 NORMAL_HPLL_REQUEST_COUNT=0 NORMAL_HPLL_COMPLETED_COUNT=0 PRECLAMP_ERROR_SIGNED=0 TAG_DELTA_SIGNED=0 EXPECTED_DELTA_SIGNED=0 TAG_MINUS_EXPECTED=0 HELPER_UPDATE_COUNT=0
STEP5_ZERO_SAMPLE board=DE5 [1-11.2] tag=B022 BURST_WIDE_RAW=0000000000000000 TRIGGER_COUNT=0 FORCED_HPLL_ADMITTED=0 FORCED_HPLL_COMPLETED=0 DCO_STEP_COUNT=0 TRACKER_RAW=0000000000000000 NORMAL_HPLL_REQUEST_COUNT=0 NORMAL_HPLL_COMPLETED_COUNT=0 PRECLAMP_ERROR_SIGNED=0 TAG_DELTA_SIGNED=0 EXPECTED_DELTA_SIGNED=0 TAG_MINUS_EXPECTED=0 HELPER_UPDATE_COUNT=0
STEP5_ZERO_SAMPLE board=DE5 [1-11.2] tag=B023 BURST_WIDE_RAW=0000000000000000 TRIGGER_COUNT=0 FORCED_HPLL_ADMITTED=0 FORCED_HPLL_COMPLETED=0 DCO_STEP_COUNT=0 TRACKER_RAW=0000000000000000 NORMAL_HPLL_REQUEST_COUNT=0 NORMAL_HPLL_COMPLETED_COUNT=0 PRECLAMP_ERROR_SIGNED=0 TAG_DELTA_SIGNED=0 EXPECTED_DELTA_SIGNED=0 TAG_MINUS_EXPECTED=0 HELPER_UPDATE_COUNT=0
STEP5_ZERO_SAMPLE board=DE5 [1-11.2] tag=B024 BURST_WIDE_RAW=0000000000000000 TRIGGER_COUNT=0 FORCED_HPLL_ADMITTED=0 FORCED_HPLL_COMPLETED=0 DCO_STEP_COUNT=0 TRACKER_RAW=0000000000000000 NORMAL_HPLL_REQUEST_COUNT=0 NORMAL_HPLL_COMPLETED_COUNT=0 PRECLAMP_ERROR_SIGNED=0 TAG_DELTA_SIGNED=0 EXPECTED_DELTA_SIGNED=0 TAG_MINUS_EXPECTED=0 HELPER_UPDATE_COUNT=0
STEP5_ZERO_SAMPLE board=DE5 [1-11.2] tag=B025 BURST_WIDE_RAW=0000000000000000 TRIGGER_COUNT=0 FORCED_HPLL_ADMITTED=0 FORCED_HPLL_COMPLETED=0 DCO_STEP_COUNT=0 TRACKER_RAW=0000000000000000 NORMAL_HPLL_REQUEST_COUNT=0 NORMAL_HPLL_COMPLETED_COUNT=0 PRECLAMP_ERROR_SIGNED=0 TAG_DELTA_SIGNED=0 EXPECTED_DELTA_SIGNED=0 TAG_MINUS_EXPECTED=0 HELPER_UPDATE_COUNT=0
STEP5_ZERO_SAMPLE board=DE5 [1-11.2] tag=B026 BURST_WIDE_RAW=0000000000000000 TRIGGER_COUNT=0 FORCED_HPLL_ADMITTED=0 FORCED_HPLL_COMPLETED=0 DCO_STEP_COUNT=0 TRACKER_RAW=0000000000000000 NORMAL_HPLL_REQUEST_COUNT=0 NORMAL_HPLL_COMPLETED_COUNT=0 PRECLAMP_ERROR_SIGNED=0 TAG_DELTA_SIGNED=0 EXPECTED_DELTA_SIGNED=0 TAG_MINUS_EXPECTED=0 HELPER_UPDATE_COUNT=0
STEP5_ZERO_SAMPLE board=DE5 [1-11.2] tag=B027 BURST_WIDE_RAW=0000000000000000 TRIGGER_COUNT=0 FORCED_HPLL_ADMITTED=0 FORCED_HPLL_COMPLETED=0 DCO_STEP_COUNT=0 TRACKER_RAW=0000000000000000 NORMAL_HPLL_REQUEST_COUNT=0 NORMAL_HPLL_COMPLETED_COUNT=0 PRECLAMP_ERROR_SIGNED=0 TAG_DELTA_SIGNED=0 EXPECTED_DELTA_SIGNED=0 TAG_MINUS_EXPECTED=0 HELPER_UPDATE_COUNT=0
STEP5_ZERO_SAMPLE board=DE5 [1-11.2] tag=B028 BURST_WIDE_RAW=0000000000000000 TRIGGER_COUNT=0 FORCED_HPLL_ADMITTED=0 FORCED_HPLL_COMPLETED=0 DCO_STEP_COUNT=0 TRACKER_RAW=0000000000000000 NORMAL_HPLL_REQUEST_COUNT=0 NORMAL_HPLL_COMPLETED_COUNT=0 PRECLAMP_ERROR_SIGNED=0 TAG_DELTA_SIGNED=0 EXPECTED_DELTA_SIGNED=0 TAG_MINUS_EXPECTED=0 HELPER_UPDATE_COUNT=0
STEP5_ZERO_SAMPLE board=DE5 [1-11.2] tag=B029 BURST_WIDE_RAW=0000000000000000 TRIGGER_COUNT=0 FORCED_HPLL_ADMITTED=0 FORCED_HPLL_COMPLETED=0 DCO_STEP_COUNT=0 TRACKER_RAW=0000000000000000 NORMAL_HPLL_REQUEST_COUNT=0 NORMAL_HPLL_COMPLETED_COUNT=0 PRECLAMP_ERROR_SIGNED=0 TAG_DELTA_SIGNED=0 EXPECTED_DELTA_SIGNED=0 TAG_MINUS_EXPECTED=0 HELPER_UPDATE_COUNT=0
STEP5_ZERO_SAMPLE board=DE5 [1-11.2] tag=B030 BURST_WIDE_RAW=0000000000000000 TRIGGER_COUNT=0 FORCED_HPLL_ADMITTED=0 FORCED_HPLL_COMPLETED=0 DCO_STEP_COUNT=0 TRACKER_RAW=0000000000000000 NORMAL_HPLL_REQUEST_COUNT=0 NORMAL_HPLL_COMPLETED_COUNT=0 PRECLAMP_ERROR_SIGNED=0 TAG_DELTA_SIGNED=0 EXPECTED_DELTA_SIGNED=0 TAG_MINUS_EXPECTED=0 HELPER_UPDATE_COUNT=0
STEP5_ZERO_SAMPLE board=DE5 [1-11.2] tag=B031 BURST_WIDE_RAW=0000000000000000 TRIGGER_COUNT=0 FORCED_HPLL_ADMITTED=0 FORCED_HPLL_COMPLETED=0 DCO_STEP_COUNT=0 TRACKER_RAW=0000000000000000 NORMAL_HPLL_REQUEST_COUNT=0 NORMAL_HPLL_COMPLETED_COUNT=0 PRECLAMP_ERROR_SIGNED=0 TAG_DELTA_SIGNED=0 EXPECTED_DELTA_SIGNED=0 TAG_MINUS_EXPECTED=0 HELPER_UPDATE_COUNT=0
STEP5_ZERO_SAMPLE board=DE5 [1-11.2] tag=B032 BURST_WIDE_RAW=0000000000000000 TRIGGER_COUNT=0 FORCED_HPLL_ADMITTED=0 FORCED_HPLL_COMPLETED=0 DCO_STEP_COUNT=0 TRACKER_RAW=0000000000000000 NORMAL_HPLL_REQUEST_COUNT=0 NORMAL_HPLL_COMPLETED_COUNT=0 PRECLAMP_ERROR_SIGNED=0 TAG_DELTA_SIGNED=0 EXPECTED_DELTA_SIGNED=0 TAG_MINUS_EXPECTED=0 HELPER_UPDATE_COUNT=0
STEP5_ZERO_SAMPLE board=DE5 [1-11.2] tag=B033 BURST_WIDE_RAW=0000000000000000 TRIGGER_COUNT=0 FORCED_HPLL_ADMITTED=0 FORCED_HPLL_COMPLETED=0 DCO_STEP_COUNT=0 TRACKER_RAW=0000000000000000 NORMAL_HPLL_REQUEST_COUNT=0 NORMAL_HPLL_COMPLETED_COUNT=0 PRECLAMP_ERROR_SIGNED=0 TAG_DELTA_SIGNED=0 EXPECTED_DELTA_SIGNED=0 TAG_MINUS_EXPECTED=0 HELPER_UPDATE_COUNT=0
STEP5_ZERO_SAMPLE board=DE5 [1-11.2] tag=B034 BURST_WIDE_RAW=0000000000000000 TRIGGER_COUNT=0 FORCED_HPLL_ADMITTED=0 FORCED_HPLL_COMPLETED=0 DCO_STEP_COUNT=0 TRACKER_RAW=0000000000000000 NORMAL_HPLL_REQUEST_COUNT=0 NORMAL_HPLL_COMPLETED_COUNT=0 PRECLAMP_ERROR_SIGNED=0 TAG_DELTA_SIGNED=0 EXPECTED_DELTA_SIGNED=0 TAG_MINUS_EXPECTED=0 HELPER_UPDATE_COUNT=0
STEP5_ZERO_SAMPLE board=DE5 [1-11.2] tag=B035 BURST_WIDE_RAW=0000000000000000 TRIGGER_COUNT=0 FORCED_HPLL_ADMITTED=0 FORCED_HPLL_COMPLETED=0 DCO_STEP_COUNT=0 TRACKER_RAW=0000000000000000 NORMAL_HPLL_REQUEST_COUNT=0 NORMAL_HPLL_COMPLETED_COUNT=0 PRECLAMP_ERROR_SIGNED=0 TAG_DELTA_SIGNED=0 EXPECTED_DELTA_SIGNED=0 TAG_MINUS_EXPECTED=0 HELPER_UPDATE_COUNT=0
STEP5_ZERO_SAMPLE board=DE5 [1-11.2] tag=B036 BURST_WIDE_RAW=0000000000000000 TRIGGER_COUNT=0 FORCED_HPLL_ADMITTED=0 FORCED_HPLL_COMPLETED=0 DCO_STEP_COUNT=0 TRACKER_RAW=0000000000000000 NORMAL_HPLL_REQUEST_COUNT=0 NORMAL_HPLL_COMPLETED_COUNT=0 PRECLAMP_ERROR_SIGNED=0 TAG_DELTA_SIGNED=0 EXPECTED_DELTA_SIGNED=0 TAG_MINUS_EXPECTED=0 HELPER_UPDATE_COUNT=0
STEP5_ZERO_SAMPLE board=DE5 [1-11.2] tag=B037 BURST_WIDE_RAW=0000000000000000 TRIGGER_COUNT=0 FORCED_HPLL_ADMITTED=0 FORCED_HPLL_COMPLETED=0 DCO_STEP_COUNT=0 TRACKER_RAW=0000000000000000 NORMAL_HPLL_REQUEST_COUNT=0 NORMAL_HPLL_COMPLETED_COUNT=0 PRECLAMP_ERROR_SIGNED=0 TAG_DELTA_SIGNED=0 EXPECTED_DELTA_SIGNED=0 TAG_MINUS_EXPECTED=0 HELPER_UPDATE_COUNT=0
STEP5_ZERO_SAMPLE board=DE5 [1-11.2] tag=B038 BURST_WIDE_RAW=0000000000000000 TRIGGER_COUNT=0 FORCED_HPLL_ADMITTED=0 FORCED_HPLL_COMPLETED=0 DCO_STEP_COUNT=0 TRACKER_RAW=0000000000000000 NORMAL_HPLL_REQUEST_COUNT=0 NORMAL_HPLL_COMPLETED_COUNT=0 PRECLAMP_ERROR_SIGNED=0 TAG_DELTA_SIGNED=0 EXPECTED_DELTA_SIGNED=0 TAG_MINUS_EXPECTED=0 HELPER_UPDATE_COUNT=0
STEP5_ZERO_SAMPLE board=DE5 [1-11.2] tag=B039 BURST_WIDE_RAW=0000000000000000 TRIGGER_COUNT=0 FORCED_HPLL_ADMITTED=0 FORCED_HPLL_COMPLETED=0 DCO_STEP_COUNT=0 TRACKER_RAW=0000000000000000 NORMAL_HPLL_REQUEST_COUNT=0 NORMAL_HPLL_COMPLETED_COUNT=0 PRECLAMP_ERROR_SIGNED=0 TAG_DELTA_SIGNED=0 EXPECTED_DELTA_SIGNED=0 TAG_MINUS_EXPECTED=0 HELPER_UPDATE_COUNT=0
STEP5_ZERO_SAMPLE board=DE5 [1-11.2] tag=B040 BURST_WIDE_RAW=0000000000000000 TRIGGER_COUNT=0 FORCED_HPLL_ADMITTED=0 FORCED_HPLL_COMPLETED=0 DCO_STEP_COUNT=0 TRACKER_RAW=0000000000000000 NORMAL_HPLL_REQUEST_COUNT=0 NORMAL_HPLL_COMPLETED_COUNT=0 PRECLAMP_ERROR_SIGNED=0 TAG_DELTA_SIGNED=0 EXPECTED_DELTA_SIGNED=0 TAG_MINUS_EXPECTED=0 HELPER_UPDATE_COUNT=0
STEP5_ZERO_SAMPLE board=DE5 [1-11.2] tag=B041 BURST_WIDE_RAW=0000000000000000 TRIGGER_COUNT=0 FORCED_HPLL_ADMITTED=0 FORCED_HPLL_COMPLETED=0 DCO_STEP_COUNT=0 TRACKER_RAW=0000000000000000 NORMAL_HPLL_REQUEST_COUNT=0 NORMAL_HPLL_COMPLETED_COUNT=0 PRECLAMP_ERROR_SIGNED=0 TAG_DELTA_SIGNED=0 EXPECTED_DELTA_SIGNED=0 TAG_MINUS_EXPECTED=0 HELPER_UPDATE_COUNT=0
STEP5_ZERO_SAMPLE board=DE5 [1-11.2] tag=B042 BURST_WIDE_RAW=0000000000000000 TRIGGER_COUNT=0 FORCED_HPLL_ADMITTED=0 FORCED_HPLL_COMPLETED=0 DCO_STEP_COUNT=0 TRACKER_RAW=0000000000000000 NORMAL_HPLL_REQUEST_COUNT=0 NORMAL_HPLL_COMPLETED_COUNT=0 PRECLAMP_ERROR_SIGNED=0 TAG_DELTA_SIGNED=0 EXPECTED_DELTA_SIGNED=0 TAG_MINUS_EXPECTED=0 HELPER_UPDATE_COUNT=0
STEP5_ZERO_SAMPLE board=DE5 [1-11.2] tag=B043 BURST_WIDE_RAW=0000000000000000 TRIGGER_COUNT=0 FORCED_HPLL_ADMITTED=0 FORCED_HPLL_COMPLETED=0 DCO_STEP_COUNT=0 TRACKER_RAW=0000000000000000 NORMAL_HPLL_REQUEST_COUNT=0 NORMAL_HPLL_COMPLETED_COUNT=0 PRECLAMP_ERROR_SIGNED=0 TAG_DELTA_SIGNED=0 EXPECTED_DELTA_SIGNED=0 TAG_MINUS_EXPECTED=0 HELPER_UPDATE_COUNT=0
STEP5_ZERO_SAMPLE board=DE5 [1-11.2] tag=B044 BURST_WIDE_RAW=0000000000000000 TRIGGER_COUNT=0 FORCED_HPLL_ADMITTED=0 FORCED_HPLL_COMPLETED=0 DCO_STEP_COUNT=0 TRACKER_RAW=0000000000000000 NORMAL_HPLL_REQUEST_COUNT=0 NORMAL_HPLL_COMPLETED_COUNT=0 PRECLAMP_ERROR_SIGNED=0 TAG_DELTA_SIGNED=0 EXPECTED_DELTA_SIGNED=0 TAG_MINUS_EXPECTED=0 HELPER_UPDATE_COUNT=0
STEP5_ZERO_SAMPLE board=DE5 [1-11.2] tag=B045 BURST_WIDE_RAW=0000000000000000 TRIGGER_COUNT=0 FORCED_HPLL_ADMITTED=0 FORCED_HPLL_COMPLETED=0 DCO_STEP_COUNT=0 TRACKER_RAW=0000000000000000 NORMAL_HPLL_REQUEST_COUNT=0 NORMAL_HPLL_COMPLETED_COUNT=0 PRECLAMP_ERROR_SIGNED=0 TAG_DELTA_SIGNED=0 EXPECTED_DELTA_SIGNED=0 TAG_MINUS_EXPECTED=0 HELPER_UPDATE_COUNT=0
STEP5_ZERO_SAMPLE board=DE5 [1-11.2] tag=B046 BURST_WIDE_RAW=0000000000000000 TRIGGER_COUNT=0 FORCED_HPLL_ADMITTED=0 FORCED_HPLL_COMPLETED=0 DCO_STEP_COUNT=0 TRACKER_RAW=0000000000000000 NORMAL_HPLL_REQUEST_COUNT=0 NORMAL_HPLL_COMPLETED_COUNT=0 PRECLAMP_ERROR_SIGNED=0 TAG_DELTA_SIGNED=0 EXPECTED_DELTA_SIGNED=0 TAG_MINUS_EXPECTED=0 HELPER_UPDATE_COUNT=0
STEP5_ZERO_SAMPLE board=DE5 [1-11.2] tag=B047 BURST_WIDE_RAW=0000000000000000 TRIGGER_COUNT=0 FORCED_HPLL_ADMITTED=0 FORCED_HPLL_COMPLETED=0 DCO_STEP_COUNT=0 TRACKER_RAW=0000000000000000 NORMAL_HPLL_REQUEST_COUNT=0 NORMAL_HPLL_COMPLETED_COUNT=0 PRECLAMP_ERROR_SIGNED=0 TAG_DELTA_SIGNED=0 EXPECTED_DELTA_SIGNED=0 TAG_MINUS_EXPECTED=0 HELPER_UPDATE_COUNT=0
STEP5_ZERO_SAMPLE board=DE5 [1-11.2] tag=B048 BURST_WIDE_RAW=0000000000000000 TRIGGER_COUNT=0 FORCED_HPLL_ADMITTED=0 FORCED_HPLL_COMPLETED=0 DCO_STEP_COUNT=0 TRACKER_RAW=0000000000000000 NORMAL_HPLL_REQUEST_COUNT=0 NORMAL_HPLL_COMPLETED_COUNT=0 PRECLAMP_ERROR_SIGNED=0 TAG_DELTA_SIGNED=0 EXPECTED_DELTA_SIGNED=0 TAG_MINUS_EXPECTED=0 HELPER_UPDATE_COUNT=0
STEP5_ZERO_SAMPLE board=DE5 [1-11.2] tag=B049 BURST_WIDE_RAW=0000000000000000 TRIGGER_COUNT=0 FORCED_HPLL_ADMITTED=0 FORCED_HPLL_COMPLETED=0 DCO_STEP_COUNT=0 TRACKER_RAW=0000000000000000 NORMAL_HPLL_REQUEST_COUNT=0 NORMAL_HPLL_COMPLETED_COUNT=0 PRECLAMP_ERROR_SIGNED=0 TAG_DELTA_SIGNED=0 EXPECTED_DELTA_SIGNED=0 TAG_MINUS_EXPECTED=0 HELPER_UPDATE_COUNT=0
STEP5_ZERO_SAMPLE board=DE5 [1-11.2] tag=B050 BURST_WIDE_RAW=0000000000000000 TRIGGER_COUNT=0 FORCED_HPLL_ADMITTED=0 FORCED_HPLL_COMPLETED=0 DCO_STEP_COUNT=0 TRACKER_RAW=0000000000000000 NORMAL_HPLL_REQUEST_COUNT=0 NORMAL_HPLL_COMPLETED_COUNT=0 PRECLAMP_ERROR_SIGNED=0 TAG_DELTA_SIGNED=0 EXPECTED_DELTA_SIGNED=0 TAG_MINUS_EXPECTED=0 HELPER_UPDATE_COUNT=0
STEP5_ZERO_SAMPLE board=DE5 [1-11.2] tag=B051 BURST_WIDE_RAW=0000000000000000 TRIGGER_COUNT=0 FORCED_HPLL_ADMITTED=0 FORCED_HPLL_COMPLETED=0 DCO_STEP_COUNT=0 TRACKER_RAW=0000000000000000 NORMAL_HPLL_REQUEST_COUNT=0 NORMAL_HPLL_COMPLETED_COUNT=0 PRECLAMP_ERROR_SIGNED=0 TAG_DELTA_SIGNED=0 EXPECTED_DELTA_SIGNED=0 TAG_MINUS_EXPECTED=0 HELPER_UPDATE_COUNT=0
STEP5_ZERO_SAMPLE board=DE5 [1-11.2] tag=B052 BURST_WIDE_RAW=0000000000000000 TRIGGER_COUNT=0 FORCED_HPLL_ADMITTED=0 FORCED_HPLL_COMPLETED=0 DCO_STEP_COUNT=0 TRACKER_RAW=0000000000000000 NORMAL_HPLL_REQUEST_COUNT=0 NORMAL_HPLL_COMPLETED_COUNT=0 PRECLAMP_ERROR_SIGNED=0 TAG_DELTA_SIGNED=0 EXPECTED_DELTA_SIGNED=0 TAG_MINUS_EXPECTED=0 HELPER_UPDATE_COUNT=0
STEP5_ZERO_SAMPLE board=DE5 [1-11.2] tag=B053 BURST_WIDE_RAW=0000000000000000 TRIGGER_COUNT=0 FORCED_HPLL_ADMITTED=0 FORCED_HPLL_COMPLETED=0 DCO_STEP_COUNT=0 TRACKER_RAW=0000000000000000 NORMAL_HPLL_REQUEST_COUNT=0 NORMAL_HPLL_COMPLETED_COUNT=0 PRECLAMP_ERROR_SIGNED=0 TAG_DELTA_SIGNED=0 EXPECTED_DELTA_SIGNED=0 TAG_MINUS_EXPECTED=0 HELPER_UPDATE_COUNT=0
STEP5_ZERO_SAMPLE board=DE5 [1-11.2] tag=B054 BURST_WIDE_RAW=0000000000000000 TRIGGER_COUNT=0 FORCED_HPLL_ADMITTED=0 FORCED_HPLL_COMPLETED=0 DCO_STEP_COUNT=0 TRACKER_RAW=0000000000000000 NORMAL_HPLL_REQUEST_COUNT=0 NORMAL_HPLL_COMPLETED_COUNT=0 PRECLAMP_ERROR_SIGNED=0 TAG_DELTA_SIGNED=0 EXPECTED_DELTA_SIGNED=0 TAG_MINUS_EXPECTED=0 HELPER_UPDATE_COUNT=0
STEP5_ZERO_SAMPLE board=DE5 [1-11.2] tag=B055 BURST_WIDE_RAW=0000000000000000 TRIGGER_COUNT=0 FORCED_HPLL_ADMITTED=0 FORCED_HPLL_COMPLETED=0 DCO_STEP_COUNT=0 TRACKER_RAW=0000000000000000 NORMAL_HPLL_REQUEST_COUNT=0 NORMAL_HPLL_COMPLETED_COUNT=0 PRECLAMP_ERROR_SIGNED=0 TAG_DELTA_SIGNED=0 EXPECTED_DELTA_SIGNED=0 TAG_MINUS_EXPECTED=0 HELPER_UPDATE_COUNT=0
STEP5_ZERO_SAMPLE board=DE5 [1-11.2] tag=B056 BURST_WIDE_RAW=0000000000000000 TRIGGER_COUNT=0 FORCED_HPLL_ADMITTED=0 FORCED_HPLL_COMPLETED=0 DCO_STEP_COUNT=0 TRACKER_RAW=0000000000000000 NORMAL_HPLL_REQUEST_COUNT=0 NORMAL_HPLL_COMPLETED_COUNT=0 PRECLAMP_ERROR_SIGNED=0 TAG_DELTA_SIGNED=0 EXPECTED_DELTA_SIGNED=0 TAG_MINUS_EXPECTED=0 HELPER_UPDATE_COUNT=0
STEP5_ZERO_SAMPLE board=DE5 [1-11.2] tag=B057 BURST_WIDE_RAW=0000000000000000 TRIGGER_COUNT=0 FORCED_HPLL_ADMITTED=0 FORCED_HPLL_COMPLETED=0 DCO_STEP_COUNT=0 TRACKER_RAW=0000000000000000 NORMAL_HPLL_REQUEST_COUNT=0 NORMAL_HPLL_COMPLETED_COUNT=0 PRECLAMP_ERROR_SIGNED=0 TAG_DELTA_SIGNED=0 EXPECTED_DELTA_SIGNED=0 TAG_MINUS_EXPECTED=0