Info: *******************************************************************
Info: Running Quartus Prime SignalTap II
    Info: Version 17.0.0 Build 595 04/25/2017 SJ Standard Edition
    Info: Copyright (C) 2017  Intel Corporation. All rights reserved.
    Info: Your use of Intel Corporation's design tools, logic functions 
    Info: and other software and tools, and its AMPP partner logic 
    Info: functions, and any output files from any of the foregoing 
    Info: (including device programming or simulation files), and any 
    Info: associated documentation or information are expressly subject 
    Info: to the terms and conditions of the Intel Program License 
    Info: Subscription Agreement, the Intel Quartus Prime License Agreement,
    Info: the Intel MegaCore Function License Agreement, or other 
    Info: applicable license agreement, including, without limitation, 
    Info: that your use is for the sole purpose of programming logic 
    Info: devices manufactured by Intel and sold by Intel or its 
    Info: authorized distributors.  Please refer to the applicable 
    Info: agreement for further details.
    Info: Processing started: Tue Sep 15 02:20:34 2026
Info: Command: quartus_stp -t scripts/jtag/read_wb_runtime.tcl --raw
Info: Quartus(args): --raw
RAW mailbox completion toggle wb_sync_toggle=0

============================================================
White Rabbit Runtime 診斷：DE5 [1-11.1]
============================================================

## [Step 1] PHY / 光纖 Link
[pass] si_config_done           結果: 1/1
[pass] wr_ready                 結果: 1/1
[pass] core_tm_link_up          結果: 1/1
[pass] core_link_ok             結果: 1/1
[pass] wr_rx_ready              結果: 1/1
[pass] wr_tx_ready              結果: 1/1
[pass] core_phy_rst             結果: 0/0
[pass] si_id_error              結果: 0/0
[pass] wr_rx_enc_err            結果: 0/0
[pass] wr_tx_enc_err            結果: 0/0
[pass] CPU_RESET_n              結果: 1/1
[pass] wr_rx_locked_to_data     結果: 1/1
[info] wr_rx_locked_to_ref      結果: 1/NA
[info] MOD_PRS_n                結果: 0/NA
[info] INTERRUPT_n              結果: 1/NA
Step 1 pass

## [Step 2] Endpoint / MiniNIC / PTP
[pass] EP_MAC_H/EP_MAC_L        結果: 02:00:22:33:44:01/02:00:22:33:44:01
[pass] WDIAGS_MODE              結果: 2 MASTER/2 MASTER
[pass] WDIAGS_PTP               結果: 6 MASTER (raw=01014106)/6 MASTER
[pass] WDIAGS_PTP_RX            結果: Δ=14/Δ>0
RAW WDIAGS_PTP_RX            before=0x00000183 after=0x00000191 delta=14
[pass] WDIAGS_PTP_TX            結果: Δ=27/Δ>0
RAW WDIAGS_PTP_TX            before=0x000003C5 after=0x000003E0 delta=27
[pass] WDIAGS_TX                結果: Δ=36/Δ>0
RAW WDIAGS_TX                before=0x000004E5 after=0x00000509 delta=36
[pass] WDIAGS_RX                結果: Δ=19/Δ>0
RAW WDIAGS_RX                before=0x0000024D after=0x00000260 delta=19
[pass] WDIAGS_RXERR             結果: Δ=0/Δ=0
RAW WDIAGS_RXERR             before=0x00000000 after=0x00000000 delta=0
Step 2 pass

## [Step 3] WR Parent / Signaling
Step 3 NA

## [Step 4A] Master SoftPLL Event Chain
[pass] DMTD_REF_ACCEPT_EVENT    結果: Δ=23325/Δ>=0
RAW DMTD_REF_ACCEPT_EVENT    before=0x00834D9D after=0x0083A8BA delta=23325
[pass] DMTD_FB_ACCEPT_EVENT     結果: Δ=23392/Δ>=0
RAW DMTD_FB_ACCEPT_EVENT     before=0x004E90CA after=0x004EEC2A delta=23392
[pass] DMTD_ACCEPT              結果: Δ=46717/Δ>0
[pass] SPLL_TAG_VALID_COUNT     結果: Δ=23393/Δ>0
RAW SPLL_TAG_VALID_COUNT     before=0x000FB87A after=0x001013DB delta=23393
[pass] SPLL_TRR_WRITE_COUNT     結果: Δ=23394/Δ>0
RAW SPLL_TRR_WRITE_COUNT     before=0x000FB8A5 after=0x00101407 delta=23394
[pass] WRPC_SPLL_TRR_POP_COUNT  結果: Δ=23232/Δ>0
RAW WRPC_SPLL_TRR_POP_COUNT  before=0x000FB83F after=0x001012FF delta=23232
[pass] WDIAGS_IRQ_COUNT         結果: Δ=23232/Δ>0
RAW WDIAGS_IRQ_COUNT         before=0x000FB83F after=0x001012FF delta=23232
[pass] WDIAGS_HELPER_UPDATE_COUNT 結果: Δ=23623/Δ>0
RAW WDIAGS_HELPER_UPDATE_COUNT before=0x000FB83F after=0x00101486 delta=23623
[pass] BOOT_GENERATION          結果: Δ=0/Δ=0
RAW BOOT_GENERATION          before=0x00000001 after=0x00000001 delta=0
[pass] CPU_RESET_COUNT          結果: Δ=0/Δ=0
RAW CPU_RESET_COUNT          before=0x00000001 after=0x00000001 delta=0
[pass] WR_CORE_RESET_COUNT      結果: Δ=0/Δ=0
RAW WR_CORE_RESET_COUNT      before=0x00000001 after=0x00000001 delta=0
[pass] SI_CONFIG_DROP_COUNT     結果: Δ=0/Δ=0
RAW SI_CONFIG_DROP_COUNT     before=0x00000001 after=0x00000001 delta=0
STEP4A_MASTER_EVENT_CHAIN = PASS
Step 4 pass

## [Step 5] Closed-loop Lock
STEP5_RESULT = NOT_APPLICABLE_MASTER
STEP5_FIRST_INACTIVE_BOUNDARY = SLAVE_ONLY
Step 5 NA (Step5 closed-loop gate is for Slave)

## [Step 6] Global Time
Step 6 NA

============================================================
White Rabbit Runtime 診斷：DE5 [1-11.1]
============================================================
Step 1 PHY / Link             pass
Step 2 Endpoint / PTP         pass
Step 3 WR Handshake           NA
Step 4 Step4A Master Event Chain pass
Step 5 Closed-loop Lock       NA
Step 6 Global Time            NA
STEP1_REGRESSION = PASS
STEP2_REGRESSION = PASS
STEP3_REGRESSION = PASS
STEP4A_RESULT = PASS
STEP5_RESULT = NOT_APPLICABLE_MASTER
STEP5_FIRST_INACTIVE_BOUNDARY = SLAVE_ONLY
FAILURE_CLASSIFICATION = NO_FAILURE_EVIDENCE
============================================================

================ RAW_SNAPSHOT ================
RAW_SNAPSHOT board=DE5 [1-11.1] label=before
  status           = 7010E0C1245082FF
  cpu              = 0000007C00001218
  marker           = 000000010000B004
  store            = 000000000001F177
  store_count      = 0000000007CC047B
  exception        = 8000000B00001224
  clock            = 002813A448B86836
  boot_generation  = 00000001
  cpu_reset_count  = 00000001
  wr_core_reset_count = 00000001
  si_config_drop_count = 00000001
  pps_cr           = 01312D06
  pps_escr         = 0000010C
  ep_mach          = 02000200
  ep_macl          = 22334401
  ep_dsr           = 42000000
  ptp              = 01014106
  ptp_rx           = 00000183
  ptp_tx           = 000003C5
  ptp_meta         = 02010306
  tx               = 000004E5
  rx               = 0000024D
  rxerr            = 00000000
  ptp_types        = 01010101
  foreign_meta     = 0000FF00
  filter_meta      = 00000000
  parse_meta       = 0001017E
  wr_rx_signal     = 10000001
  wr_tx_signal     = 10010004
  wr_failure       = 00000000
  wr_state         = A0219864
  wr_reject        = 00000000
  pstat            = 00000001
  sstat            = 00000000
  sec_h            = 00000000
  sec_l            = 00000109
  ns               = 1A196A68
  lock_enable      = 00000000
  lock_result      = 00000000
  lock_polls       = 00000000
  lock_unlocked    = 00000000
  lock_calibration_fail = 00000000
  spll_state       = 00020004
  spll_ocer        = 2F136C01
  spll_rcer        = 00000000
  spll_occr        = C700011B
  spll_trr_csr     = 000EB2B2
  spll_dac_hpll    = C8502C84
  spll_dac_main    = 00000007
  spll_helper_state = 00060100
  spll_helper_limits = 03E807D0
  spll_main_state  = 00000000
  spll_main_limits = 00320032
  spll_main_phase_limits = 03E804B0
  spll_state_visit_mask = 00000618
  spll_state_transitions = 00000003
  spll_last_state  = 00000004
  spll_init_count  = 00000001
  dmtd_ref         = 00834D9D
  dmtd_fb          = 004E90CA
  dmtd_ref_high_qual_abort = 037E1331
  dmtd_fb_high_qual_abort = 0083FF07
  tag_valid        = 000FB87A
  trr_write        = 000FB8A5
  irq              = 000FB83F
  helper_update    = 000FB83F
  spll_helper_error = FFFDB610
  spll_helper_output = 0000FFFB
  eic_isr          = FFFF0000
  current_tics     = 000413FD
RAW_SNAPSHOT board=DE5 [1-11.1] label=after
  status           = B010D8E324F882FF
  cpu              = 0000007C00001224
  marker           = 000000010000B004
  store            = 001005DE0001EB58
  store_count      = 0000000007FA7E80
  exception        = 8000000B00001228
  clock            = 002D093B3D985DCD
  boot_generation  = 00000001
  cpu_reset_count  = 00000001
  wr_core_reset_count = 00000001
  si_config_drop_count = 00000001
  pps_cr           = 01312D06
  pps_escr         = 0000010C
  ep_mach          = 02000200
  ep_macl          = 22334401
  ep_dsr           = 42000000
  ptp              = 01014106
  ptp_rx           = 00000191
  ptp_tx           = 000003E0
  ptp_meta         = 02010306
  tx               = 00000509
  rx               = 00000260
  rxerr            = 00000000
  ptp_types        = 01010101
  foreign_meta     = 0000FF00
  filter_meta      = 00000000
  parse_meta       = 00010192
  wr_rx_signal     = 10000001
  wr_tx_signal     = 10010004
  wr_failure       = 00000000
  wr_state         = A0219864
  wr_reject        = 00000000
  pstat            = 00000001
  sstat            = 00000000
  sec_h            = 00000000
  sec_l            = 0000010F
  ns               = 1A015B28
  lock_enable      = 00000000
  lock_result      = 00000000
  lock_polls       = 00000000
  lock_unlocked    = 00000000
  lock_calibration_fail = 00000000
  spll_state       = 00020004
  spll_ocer        = 38B5C801
  spll_rcer        = 00000000
  spll_occr        = F5000118
  spll_trr_csr     = 00120E78
  spll_dac_hpll    = F5C1B497
  spll_dac_main    = 00000007
  spll_helper_state = 00060100
  spll_helper_limits = 03E807D0
  spll_main_state  = 00000000
  spll_main_limits = 00320032
  spll_main_phase_limits = 03E804B0
  spll_state_visit_mask = 00000618
  spll_state_transitions = 00000003
  spll_last_state  = 00000004
  spll_init_count  = 00000001
  dmtd_ref         = 0083A8BA
  dmtd_fb          = 004EEC2A
  dmtd_ref_high_qual_abort = 03818FEB
  dmtd_fb_high_qual_abort = 0086FD1B
  tag_valid        = 001013DB
  trr_write        = 00101407
  irq              = 001012FF
  helper_update    = 00101486
  spll_helper_error = FFFDB610
  spll_helper_output = 0000FFFB
  eic_isr          = FFFF0000
  current_tics     = 00042B6D
RAW mailbox completion toggle wb_sync_toggle=0

============================================================
White Rabbit Runtime 診斷：DE5 [1-11.2]
============================================================

## [Step 1] PHY / 光纖 Link
[pass] si_config_done           結果: 1/1
[pass] wr_ready                 結果: 1/1
[pass] core_tm_link_up          結果: 1/1
[pass] core_link_ok             結果: 1/1
[pass] wr_rx_ready              結果: 1/1
[pass] wr_tx_ready              結果: 1/1
[pass] core_phy_rst             結果: 0/0
[pass] si_id_error              結果: 0/0
[pass] wr_rx_enc_err            結果: 0/0
[pass] wr_tx_enc_err            結果: 0/0
[pass] CPU_RESET_n              結果: 1/1
[pass] wr_rx_locked_to_data     結果: 1/1
[info] wr_rx_locked_to_ref      結果: 0/NA
[info] MOD_PRS_n                結果: 0/NA
[info] INTERRUPT_n              結果: 1/NA
Step 1 pass

## [Step 2] Endpoint / MiniNIC / PTP
[pass] EP_MAC_H/EP_MAC_L        結果: 02:00:22:33:44:02/02:00:22:33:44:02
[pass] WDIAGS_MODE              結果: 3 SLAVE/3 SLAVE
[info] WDIAGS_PTP               結果: 8 UNCALIBRATED (raw=00004108)/NA
[pass] WDIAGS_PTP_RX            結果: Δ=24/Δ>0
RAW WDIAGS_PTP_RX            before=0x0000038B after=0x000003A3 delta=24
[pass] WDIAGS_PTP_TX            結果: Δ=9/Δ>0
RAW WDIAGS_PTP_TX            before=0x0000018C after=0x00000195 delta=9
[pass] WDIAGS_TX                結果: Δ=16/Δ>0
RAW WDIAGS_TX                before=0x0000028D after=0x0000029D delta=16
[pass] WDIAGS_RX                結果: Δ=30/Δ>0
RAW WDIAGS_RX                before=0x0000045C after=0x0000047A delta=30
[pass] WDIAGS_RXERR             結果: Δ=0/Δ=0
RAW WDIAGS_RXERR             before=0x00000000 after=0x00000000 delta=0
Step 2 NA

## [Step 3] WR Parent / Signaling
[pass] WDIAGS_FOREIGN_META      結果: 1/1
[pass] WDIAGS_FOREIGN_META      結果: 0/0
[info] WDIAGS_FOREIGN_META      結果: detection=0 config=3/NA
[pass] parentIsWRnode           結果: 1/1
[info] parentWrModeOn           結果: 0/NA
[pass] parentCalibrated         結果: 1/1
[pass] WR_RX_SIGNAL_DEBUG       結果: LOCK count=1/LOCK 0x1001,count>0
[pass] WR_TX_SIGNAL_DEBUG       結果: SLAVE_PRESENT count=1/SLAVE_PRESENT 0x1000,count>0
[pass] WDIAGS_TEMP              結果: WRS_S_LOCK next=WRS_S_LOCK/WRS_S_LOCK=2
[pass] LOCK_ENABLE              結果: 4/> 0
Step 3 pass

## [Step 4B] Slave SoftPLL Startup
[info] STEP4B_UPSTREAM_GATE     結果: BLOCKED/NA
STEP4B_ALLOWED = NO
STEP4B_RESULT = BLOCKED_BY_STEP2
STEP4B_FIRST_INACTIVE_BOUNDARY = UPSTREAM_PREREQUISITE
Step 4B BLOCKED (upstream prerequisite)
Step 4 NA

## [Step 5] Closed-loop Lock
STEP5_RESULT = UPSTREAM_NOT_READY
STEP5_FIRST_INACTIVE_BOUNDARY = UPSTREAM_STEP4B
Step 5 NA

## [Step 6] Global Time
Step 6 NA

============================================================
White Rabbit Runtime 診斷：DE5 [1-11.2]
============================================================
Step 1 PHY / Link             pass
Step 2 Endpoint / PTP         NA
Step 3 WR Handshake           pass
Step 4 Step4B Slave SoftPLL Startup blocked
Step 5 Closed-loop Lock       NA
Step 6 Global Time            NA
STEP1_REGRESSION = PASS
STEP2_REGRESSION = INVALID
STEP3_REGRESSION = PASS
STEP4B_ALLOWED = NO
STEP4B_RESULT = BLOCKED_BY_STEP2
STEP4B_FIRST_INACTIVE_BOUNDARY = UPSTREAM_PREREQUISITE
STEP5_RESULT = UPSTREAM_NOT_READY
STEP5_FIRST_INACTIVE_BOUNDARY = UPSTREAM_STEP4B
FAILURE_CLASSIFICATION = JTAG/DASHBOARD_MEASUREMENT_FAILURE
============================================================

================ RAW_SNAPSHOT ================
RAW_SNAPSHOT board=DE5 [1-11.2] label=before
  status           = 93106B41225082EF
  cpu              = 0000007C00001228
  marker           = 000000010000B004
  store            = 001642D50001EB58
  store_count      = 0000000009BD2C81
  exception        = 8000000B00001224
  clock            = 002D6D4157D47021
  boot_generation  = 00000001
  cpu_reset_count  = 00000001
  wr_core_reset_count = 00000001
  si_config_drop_count = 00000001
  pps_cr           = 01312D06
  pps_escr         = 00000000
  ep_mach          = 02000200
  ep_macl          = 22334402
  ep_dsr           = 42000000
  ptp              = 00004108
  ptp_rx           = 0000038B
  ptp_tx           = 0000018C
  ptp_meta         = 03010308
  tx               = 0000028D
  rx               = 0000045C
  rxerr            = 00000000
  ptp_types        = 04C965CA
  foreign_meta     = 03000001
  filter_meta      = 00000000
  parse_meta       = 05016575
  wr_rx_signal     = 10010001
  wr_tx_signal     = 10000001
  wr_failure       = 00000000
  wr_state         = A041135C
  wr_reject        = 00000000
  pstat            = 00000001
  sstat            = 00000101
  sec_h            = 00000000
  sec_l            = 000000CF
  ns               = 025EF270
  lock_enable      = 00000004
  lock_result      = 00000001
  lock_polls       = 00012C31
  lock_unlocked    = 00012C31
  lock_calibration_fail = 00000000
  spll_state       = 00030006
  spll_ocer        = AEB34B01
  spll_rcer        = 00000001
  spll_occr        = C9000164
  spll_trr_csr     = 00162684
  spll_dac_hpll    = 11013533
  spll_dac_main    = 00000006
  spll_helper_state = 03E80001
  spll_helper_limits = 03E807D0
  spll_main_state  = 06402001
  spll_main_limits = 00320032
  spll_main_phase_limits = 03E804B0
  spll_state_visit_mask = 00000678
  spll_state_transitions = 00000005
  spll_last_state  = 00000006
  spll_init_count  = 00000001
  dmtd_ref         = 025DA327
  dmtd_fb          = 0222B162
  dmtd_ref_high_qual_abort = 001CF2A1
  dmtd_fb_high_qual_abort = 000B2D10
  tag_valid        = 00172F26
  trr_write        = 00172F7C
  irq              = 00165E19
  helper_update    = 000B2393
  spll_helper_error = 00000238
  spll_helper_output = 0000E34B
  eic_isr          = FFFF0000
  current_tics     = 00033367
RAW_SNAPSHOT board=DE5 [1-11.2] label=after
  status           = 7A10FF61325482EF
  cpu              = 0000007C00001224
  marker           = 000000010000B004
  store            = 0016F0600001EB58
  store_count      = 000000000A0ACF38
  exception        = 8000000B00001224
  clock            = 002F89F773D58CD7
  boot_generation  = 00000001
  cpu_reset_count  = 00000001
  wr_core_reset_count = 00000001
  si_config_drop_count = 00000001
  pps_cr           = 01312D06
  pps_escr         = 00000000
  ep_mach          = 02000200
  ep_macl          = 22334402
  ep_dsr           = 42000000
  ptp              = 00004108
  ptp_rx           = 000003A3
  ptp_tx           = 00000195
  ptp_meta         = 03010308
  tx               = 0000029D
  rx               = 0000047A
  rxerr            = 00000000
  ptp_types        = 04CF68D0
  foreign_meta     = 03000001
  filter_meta      = 00000000
  parse_meta       = 05016893
  wr_rx_signal     = 10010001
  wr_tx_signal     = 10000001
  wr_failure       = 00000000
  wr_state         = A041135C
  wr_reject        = 00000000
  pstat            = 00000001
  sstat            = 00000101
  sec_h            = 00000000
  sec_l            = 000000D6
  ns               = 0277AC20
  lock_enable      = 00000004
  lock_result      = 00000001
  lock_polls       = 00013567
  lock_unlocked    = 00013567
  lock_calibration_fail = 00000000
  spll_state       = 00030006
  spll_ocer        = 127FE601
  spll_rcer        = 00000001
  spll_occr        = 1200015A
  spll_trr_csr     = 0016D912
  spll_dac_hpll    = 3E756DEF
  spll_dac_main    = 00000006
  spll_helper_state = 03E80001
  spll_helper_limits = 03E807D0
  spll_main_state  = 06403205
  spll_main_limits = 00320032
  spll_main_phase_limits = 03E804B0
  spll_state_visit_mask = 00000678
  spll_state_transitions = 00000005
  spll_last_state  = 00000006
  spll_init_count  = 00000001
  dmtd_ref         = 025DFD8F
  dmtd_fb          = 02230B88
  dmtd_ref_high_qual_abort = 001DD30F
  dmtd_fb_high_qual_abort = 000B83E6
  tag_valid        = 0017E3C3
  trr_write        = 0017E41C
  irq              = 001709F5
  helper_update    = 000B7E77
  spll_helper_error = FFFFFBBB
  spll_helper_output = 0000E786
  eic_isr          = FFFF0001
  current_tics     = 00034B3B

============================================================
JTAG/WB transport health summary
============================================================
WB_TRANSPORT_PROTOCOL = PRELOAD_THEN_TOGGLE_COMMIT
WB_REQUEST_COUNT = 353
PRELOAD_COUNT = 353
COMMIT_COUNT = 353
WB_PROBE_READ_COUNT = 1765
PRELOAD_UNEXPECTED_TRIGGER_COUNT = 0
PROBE_3WAY_MATCH_COUNT = 353
STABLE_RESPONSE_WRONG_COUNT = 0
ADDRESS_CROSS_CONTAMINATION_COUNT = 0
TIMEOUT_COUNT = 0
INVALID_COUNT = 0
STALE_A5A5_COUNT = 0
UNSTABLE_TRANSACTION_COUNT = 0
DMTD_REF_DECREASE_COUNT = 0
DMTD_FB_DECREASE_COUNT = 0
PRELOAD_PROTOCOL_RUNTIME_REVALIDATION = PASS
JTAG_WB_DIAGNOSTIC_PATH = TRUSTED
============================================================

============================================================
STEP4A_RESULT = PASS
STEP4B_ALLOWED = NO
STEP4B_RESULT = BLOCKED_BY_STEP2
STEP4B_FIRST_INACTIVE_BOUNDARY = UPSTREAM_PREREQUISITE
STEP5_RESULT = NOT_APPLICABLE_MASTER
STEP5_FIRST_INACTIVE_BOUNDARY = SLAVE_ONLY
STEP5_RESULT = UPSTREAM_NOT_READY
STEP5_FIRST_INACTIVE_BOUNDARY = UPSTREAM_STEP4B
============================================================
Info (23030): Evaluation of Tcl script scripts/jtag/read_wb_runtime.tcl was successful
Info: Quartus Prime SignalTap II was successful. 0 errors, 0 warnings
    Info: Peak virtual memory: 776 megabytes
    Info: Processing ended: Tue Sep 15 02:20:49 2026
    Info: Elapsed time: 00:00:15
    Info: Total CPU time (on all processors): 00:00:01
