Info: *******************************************************************
Info: Running Quartus Prime SignalTap II
    Info: Version 17.0.0 Build 595 04/25/2017 SJ Standard Edition
    Info: Copyright (C) 2017  Intel Corporation. All rights reserved.
    Info: Your use of Intel Corporation's design tools, logic functions 
    Info: and other software and tools, and its AMPP partner logic 
    Info: functions, and any output files from any of the foregoing 
    Info: (including device programming or simulation files), and any 
    Info: associated documentation or information are expressly subject 
    Info: to the terms and conditions of the Intel Program License 
    Info: Subscription Agreement, the Intel Quartus Prime License Agreement,
    Info: the Intel MegaCore Function License Agreement, or other 
    Info: applicable license agreement, including, without limitation, 
    Info: that your use is for the sole purpose of programming logic 
    Info: devices manufactured by Intel and sold by Intel or its 
    Info: authorized distributors.  Please refer to the applicable 
    Info: agreement for further details.
    Info: Processing started: Tue Sep  8 16:58:09 2026
Info: Command: quartus_stp -t scripts/jtag/read_wb_runtime.tcl --raw
Info: Quartus(args): --raw
RAW mailbox completion toggle wb_sync_toggle=0

============================================================
White Rabbit Runtime 診斷：DE5 [1-11.1]
============================================================

## [Step 1] PHY / 光纖 Link
[pass] si_config_done           結果: 1/1
[pass] wr_ready                 結果: 1/1
[pass] core_tm_link_up          結果: 1/1
[pass] core_link_ok             結果: 1/1
[pass] wr_rx_ready              結果: 1/1
[pass] wr_tx_ready              結果: 1/1
[pass] core_phy_rst             結果: 0/0
[pass] si_id_error              結果: 0/0
[pass] wr_rx_enc_err            結果: 0/0
[pass] wr_tx_enc_err            結果: 0/0
[pass] CPU_RESET_n              結果: 1/1
[pass] wr_rx_locked_to_data     結果: 1/1
[info] wr_rx_locked_to_ref      結果: 1/NA
[info] MOD_PRS_n                結果: 0/NA
[info] INTERRUPT_n              結果: 1/NA
Step 1 pass

## [Step 2] Endpoint / MiniNIC / PTP
[pass] EP_MAC_H/EP_MAC_L        結果: 02:00:22:33:44:01/02:00:22:33:44:01
[pass] WDIAGS_MODE              結果: 2 MASTER/2 MASTER
[pass] WDIAGS_PTP               結果: 6 MASTER (raw=01014106)/6 MASTER
[pass] WDIAGS_PTP_RX            結果: Δ=13/Δ>0
RAW WDIAGS_PTP_RX            before=0x000000A8 after=0x000000B5 delta=13
[pass] WDIAGS_PTP_TX            結果: Δ=28/Δ>0
RAW WDIAGS_PTP_TX            before=0x00000177 after=0x00000193 delta=28
[pass] WDIAGS_TX                結果: Δ=35/Δ>0
RAW WDIAGS_TX                before=0x00000200 after=0x00000223 delta=35
[pass] WDIAGS_RX                結果: Δ=19/Δ>0
RAW WDIAGS_RX                before=0x0000010A after=0x0000011D delta=19
[pass] WDIAGS_RXERR             結果: Δ=0/Δ=0
RAW WDIAGS_RXERR             before=0x00000000 after=0x00000000 delta=0
Step 2 pass

## [Step 3] WR Parent / Signaling
Step 3 NA

## [Step 4A] Master SoftPLL Event Chain
[pass] DMTD_REF_ACCEPT_EVENT    結果: Δ=22860/Δ>=0
RAW DMTD_REF_ACCEPT_EVENT    before=0x007B4E78 after=0x007BA7C4 delta=22860
[pass] DMTD_FB_ACCEPT_EVENT     結果: Δ=23462/Δ>=0
RAW DMTD_FB_ACCEPT_EVENT     before=0x0047552D after=0x0047B0D3 delta=23462
[pass] DMTD_ACCEPT              結果: Δ=46322/Δ>0
[pass] SPLL_TAG_VALID_COUNT     結果: Δ=23470/Δ>0
RAW SPLL_TAG_VALID_COUNT     before=0x0007ED36 after=0x000848E4 delta=23470
[pass] SPLL_TRR_WRITE_COUNT     結果: Δ=23471/Δ>0
RAW SPLL_TRR_WRITE_COUNT     before=0x0007ED62 after=0x00084911 delta=23471
[pass] WRPC_SPLL_TRR_POP_COUNT  結果: Δ=23632/Δ>0
RAW WRPC_SPLL_TRR_POP_COUNT  before=0x0007ECA5 after=0x000848F5 delta=23632
[pass] WDIAGS_IRQ_COUNT         結果: Δ=23632/Δ>0
RAW WDIAGS_IRQ_COUNT         before=0x0007ECA5 after=0x000848F5 delta=23632
[pass] WDIAGS_HELPER_UPDATE_COUNT 結果: Δ=23632/Δ>0
RAW WDIAGS_HELPER_UPDATE_COUNT before=0x0007ECA5 after=0x000848F5 delta=23632
[pass] BOOT_GENERATION          結果: Δ=0/Δ=0
RAW BOOT_GENERATION          before=0x00000001 after=0x00000001 delta=0
[pass] CPU_RESET_COUNT          結果: Δ=0/Δ=0
RAW CPU_RESET_COUNT          before=0x00000001 after=0x00000001 delta=0
[pass] WR_CORE_RESET_COUNT      結果: Δ=0/Δ=0
RAW WR_CORE_RESET_COUNT      before=0x00000001 after=0x00000001 delta=0
[pass] SI_CONFIG_DROP_COUNT     結果: Δ=0/Δ=0
RAW SI_CONFIG_DROP_COUNT     before=0x00000001 after=0x00000001 delta=0
STEP4A_MASTER_EVENT_CHAIN = PASS
Step 4 pass

## [Step 5] Closed-loop Lock
STEP5_RESULT = NOT_APPLICABLE_MASTER
STEP5_FIRST_INACTIVE_BOUNDARY = SLAVE_ONLY
Step 5 NA (Step5 closed-loop gate is for Slave)

## [Step 6] Global Time
Step 6 NA

============================================================
White Rabbit Runtime 診斷：DE5 [1-11.1]
============================================================
Step 1 PHY / Link             pass
Step 2 Endpoint / PTP         pass
Step 3 WR Handshake           NA
Step 4 Step4A Master Event Chain pass
Step 5 Closed-loop Lock       NA
Step 6 Global Time            NA
STEP1_REGRESSION = PASS
STEP2_REGRESSION = PASS
STEP3_REGRESSION = PASS
STEP4A_RESULT = PASS
STEP5_RESULT = NOT_APPLICABLE_MASTER
STEP5_FIRST_INACTIVE_BOUNDARY = SLAVE_ONLY
FAILURE_CLASSIFICATION = NO_FAILURE_EVIDENCE
============================================================

================ RAW_SNAPSHOT ================
RAW_SNAPSHOT board=DE5 [1-11.1] label=before
  status           = 201EFA41255482FF
  cpu              = 0000007C000011B4
  marker           = 000000010000B004
  store            = 0007DF740001E2A0
  store_count      = 00000000033DB740
  exception        = 8000000B000011AC
  clock            = 00383A90EBC0FBA8
  boot_generation  = 00000001
  cpu_reset_count  = 00000001
  wr_core_reset_count = 00000001
  si_config_drop_count = 00000001
  pps_cr           = 01312D06
  pps_escr         = 0000000C
  ep_mach          = 02000200
  ep_macl          = 22334401
  ep_dsr           = 42000000
  ptp              = 01014106
  ptp_rx           = 000000A8
  ptp_tx           = 00000177
  ptp_meta         = 02010306
  tx               = 00000200
  rx               = 0000010A
  rxerr            = 00000000
  ptp_types        = 01010101
  foreign_meta     = 0000FF00
  filter_meta      = 00000000
  parse_meta       = 000101D7
  wr_rx_signal     = 10000001
  wr_tx_signal     = 10010004
  wr_failure       = 00000000
  wr_state         = A0219864
  wr_reject        = 00000000
  pstat            = 00000001
  sstat            = 00000000
  sec_h            = 00000000
  sec_l            = 00000085
  ns               = 20B7B060
  lock_enable      = 00000000
  lock_result      = 00000000
  lock_polls       = 00000000
  lock_unlocked    = 00000000
  lock_calibration_fail = 00000000
  spll_state       = 00020004
  spll_ocer        = 23370601
  spll_rcer        = 00000000
  spll_occr        = AC000175
  spll_trr_csr     = 0006E818
  spll_dac_hpll    = E63C1498
  spll_dac_main    = 00000003
  spll_helper_state = 00000100
  spll_helper_limits = 271000C8
  spll_main_state  = 00000000
  spll_main_limits = 00320032
  spll_main_phase_limits = 03E804B0
  spll_state_visit_mask = 00000618
  spll_state_transitions = 00000003
  spll_last_state  = 00000004
  spll_init_count  = 00000001
  dmtd_ref         = 007B4E78
  dmtd_fb          = 0047552D
  dmtd_ref_high_qual_abort = 006A8D5E
  dmtd_fb_high_qual_abort = 004000BD
  tag_valid        = 0007ED36
  trr_write        = 0007ED62
  irq              = 0007ECA5
  helper_update    = 0007ECA5
  spll_helper_error = FFFDB610
  spll_helper_output = 0000FFFB
  eic_isr          = FFFF0000
  current_tics     = 000210CE
RAW_SNAPSHOT board=DE5 [1-11.1] label=after
  status           = 901EB0C3255082FF
  cpu              = 0000007C000011A8
  marker           = 000000010000B004
  store            = 0000FFFB0002FDA4
  store_count      = 000000000364FB2C
  exception        = 8000000B000011B0
  clock            = 002F192BC9A9DA47
  boot_generation  = 00000001
  cpu_reset_count  = 00000001
  wr_core_reset_count = 00000001
  si_config_drop_count = 00000001
  pps_cr           = 01312D06
  pps_escr         = 0000000C
  ep_mach          = 02000200
  ep_macl          = 22334401
  ep_dsr           = 42000000
  ptp              = 01014106
  ptp_rx           = 000000B5
  ptp_tx           = 00000193
  ptp_meta         = 02020406
  tx               = 00000223
  rx               = 0000011D
  rxerr            = 00000000
  ptp_types        = 01010101
  foreign_meta     = 0000FF00
  filter_meta      = 00000000
  parse_meta       = 000101F0
  wr_rx_signal     = 10000001
  wr_tx_signal     = 10010004
  wr_failure       = 01030001
  wr_state         = A0000064
  wr_reject        = 00000000
  pstat            = 00000001
  sstat            = 00000000
  sec_h            = 00000000
  sec_l            = 0000008B
  ns               = 2688B7B0
  lock_enable      = 00000000
  lock_result      = 00000000
  lock_polls       = 00000000
  lock_unlocked    = 00000000
  lock_calibration_fail = 00000000
  spll_state       = 00020004
  spll_ocer        = 17036001
  spll_rcer        = 00000000
  spll_occr        = 3B000111
  spll_trr_csr     = 000A4464
  spll_dac_hpll    = 13AE52A5
  spll_dac_main    = 00000004
  spll_helper_state = 00000100
  spll_helper_limits = 271000C8
  spll_main_state  = 00000000
  spll_main_limits = 00320032
  spll_main_phase_limits = 03E804B0
  spll_state_visit_mask = 00000618
  spll_state_transitions = 00000003
  spll_last_state  = 00000004
  spll_init_count  = 00000001
  dmtd_ref         = 007BA7C4
  dmtd_fb          = 0047B0D3
  dmtd_ref_high_qual_abort = 006EDD4B
  dmtd_fb_high_qual_abort = 0042E48C
  tag_valid        = 000848E4
  trr_write        = 00084911
  irq              = 000848F5
  helper_update    = 000848F5
  spll_helper_error = FFFDB610
  spll_helper_output = 0000FFFB
  eic_isr          = FFFF0000
  current_tics     = 0002283E
RAW mailbox completion toggle wb_sync_toggle=0

============================================================
White Rabbit Runtime 診斷：DE5 [1-11.2]
============================================================

## [Step 1] PHY / 光纖 Link
[pass] si_config_done           結果: 1/1
[pass] wr_ready                 結果: 1/1
[pass] core_tm_link_up          結果: 1/1
[pass] core_link_ok             結果: 1/1
[pass] wr_rx_ready              結果: 1/1
[pass] wr_tx_ready              結果: 1/1
[pass] core_phy_rst             結果: 0/0
[pass] si_id_error              結果: 0/0
[pass] wr_rx_enc_err            結果: 0/0
[pass] wr_tx_enc_err            結果: 0/0
[pass] CPU_RESET_n              結果: 1/1
[pass] wr_rx_locked_to_data     結果: 1/1
[info] wr_rx_locked_to_ref      結果: 0/NA
[info] MOD_PRS_n                結果: 0/NA
[info] INTERRUPT_n              結果: 1/NA
Step 1 pass

## [Step 2] Endpoint / MiniNIC / PTP
[pass] EP_MAC_H/EP_MAC_L        結果: 02:00:22:33:44:02/02:00:22:33:44:02
[pass] WDIAGS_MODE              結果: 3 SLAVE/3 SLAVE
[pass] WDIAGS_PTP               結果: 9 SLAVE (raw=00004109)/9 SLAVE
[pass] WDIAGS_PTP_RX            結果: Δ=28/Δ>0
RAW WDIAGS_PTP_RX            before=0x00000138 after=0x00000154 delta=28
[pass] WDIAGS_PTP_TX            結果: Δ=5/Δ>0
RAW WDIAGS_PTP_TX            before=0x00000082 after=0x00000087 delta=5
[pass] WDIAGS_TX                結果: Δ=18/Δ>0
RAW WDIAGS_TX                before=0x000000E6 after=0x000000F8 delta=18
[pass] WDIAGS_RX                結果: Δ=34/Δ>0
RAW WDIAGS_RX                before=0x00000186 after=0x000001A8 delta=34
[pass] WDIAGS_RXERR             結果: Δ=0/Δ=0
RAW WDIAGS_RXERR             before=0x00000000 after=0x00000000 delta=0
Step 2 pass

## [Step 3] WR Parent / Signaling
[pass] WDIAGS_FOREIGN_META      結果: 1/1
[pass] WDIAGS_FOREIGN_META      結果: 0/0
[info] WDIAGS_FOREIGN_META      結果: detection=0 config=3/NA
[pass] parentIsWRnode           結果: 1/1
[info] parentWrModeOn           結果: 0/NA
[pass] parentCalibrated         結果: 1/1
[pass] WR_RX_SIGNAL_DEBUG       結果: LOCK count=1/LOCK 0x1001,count>0
[pass] WR_TX_SIGNAL_DEBUG       結果: SLAVE_PRESENT count=1/SLAVE_PRESENT 0x1000,count>0
[info] WDIAGS_TEMP              結果: WRS_IDLE next=WRS_IDLE POST_STEP3_TIMEOUT/NA
[pass] LOCK_ENABLE              結果: 4/> 0
[info] WR_FAILURE_DEBUG         結果: TIMEOUT last_fail_state=WRS_S_LOCK failure_count=1/NA
Step 3 pass

## [Step 4B] Slave SoftPLL Startup
[pass] LOCK_ENABLE_COUNT        結果: 4/> 0
[pass] SPLL_MODE                結果: 3 (SPLL_MODE_SLAVE)/3 SPLL_MODE_SLAVE
[pass] SPLL_SEQ_STATE           結果: 4 (SEQ_WAIT_HELPER)/active, not 0/7
[pass] SPLL_STATE_VISIT_MASK    結果: 0x00000618/> 0
[pass] SPLL_INIT_COUNT          結果: 1/> 0
[pass] RCER                     結果: 0x00000001/> 0
[pass] OCER                     結果: 0xBB2DA001/> 0
[info] SPLL_ALIGN_STATE         結果: 0/NA
[info] SPLL_STATE_TRANSITIONS   結果: 0x00000003/NA
[info] SPLL_LAST_STATE          結果: 4 (SEQ_WAIT_HELPER)/NA
[info] OCCR                     結果: 0xCF00011C/NA
[pass] DMTD_REF_ACCEPT_EVENT    結果: Δ=23214/Δ>=0
RAW DMTD_REF_ACCEPT_EVENT    before=0x02B546BB after=0x02B5A169 delta=23214
[pass] DMTD_FB_ACCEPT_EVENT     結果: Δ=22617/Δ>=0
RAW DMTD_FB_ACCEPT_EVENT     before=0x0280FFD3 after=0x0281582C delta=22617
[pass] DMTD_ACCEPT              結果: Δ=45831/Δ>0
[pass] SPLL_TAG_VALID_COUNT     結果: Δ=45850/Δ>0
RAW SPLL_TAG_VALID_COUNT     before=0x0007AE8E after=0x000861A8 delta=45850
[pass] SPLL_TRR_WRITE_COUNT     結果: Δ=45854/Δ>0
RAW SPLL_TRR_WRITE_COUNT     before=0x0007AEE3 after=0x00086201 delta=45854
[pass] WRPC_SPLL_TRR_POP_COUNT  結果: Δ=46125/Δ>0
RAW WRPC_SPLL_TRR_POP_COUNT  before=0x0007ACC2 after=0x000860EF delta=46125
[pass] WDIAGS_IRQ_COUNT         結果: Δ=45235/Δ>0
RAW WDIAGS_IRQ_COUNT         before=0x00078670 after=0x00083723 delta=45235
[pass] WDIAGS_HELPER_UPDATE_COUNT 結果: Δ=22982/Δ>0
RAW WDIAGS_HELPER_UPDATE_COUNT before=0x0003E499 after=0x00043E5F delta=22982
[pass] BOOT_GENERATION          結果: Δ=0/Δ=0
RAW BOOT_GENERATION          before=0x00000001 after=0x00000001 delta=0
[pass] CPU_RESET_COUNT          結果: Δ=0/Δ=0
RAW CPU_RESET_COUNT          before=0x00000001 after=0x00000001 delta=0
[pass] WR_CORE_RESET_COUNT      結果: Δ=0/Δ=0
RAW WR_CORE_RESET_COUNT      before=0x00000001 after=0x00000001 delta=0
[pass] SI_CONFIG_DROP_COUNT     結果: Δ=0/Δ=0
RAW SI_CONFIG_DROP_COUNT     before=0x00000001 after=0x00000001 delta=0
STEP4B_ALLOWED = YES
STEP4B_RESULT = PASS
STEP4B_FIRST_INACTIVE_BOUNDARY = ACTIVE
Step 4B pass
Step 4 pass

## [Step 5] Closed-loop Lock
STEP5_LOCKDET_BEFORE: HELPER locked=0 changed=0 cnt=0/10000 threshold=200 ref_src=0 MAIN enabled=0 locked=0 freq=0 phase=0 freq_cnt=0/50 phase_cnt=0/1000 PSTAT_locked=0
STEP5_LOCKDET_AFTER: HELPER locked=0 changed=0 cnt=0/10000 threshold=200 ref_src=0 MAIN enabled=0 locked=0 freq=0 phase=0 freq_cnt=0/50 phase_cnt=0/1000 PSTAT_locked=0
[error] WDIAGS_PSTAT             結果: 0/1
STEP5_RESULT = NEVER_LOCKED
STEP5_FIRST_INACTIVE_BOUNDARY = HELPER_LOCK
Step 5 NA (single window is not stable-lock proof)

## [Step 6] Global Time
Step 6 NA

============================================================
White Rabbit Runtime 診斷：DE5 [1-11.2]
============================================================
Step 1 PHY / Link             pass
Step 2 Endpoint / PTP         pass
Step 3 WR Handshake           pass
Step 4 Step4B Slave SoftPLL Startup pass
Step 5 Closed-loop Lock       NA
Step 6 Global Time            NA
STEP1_REGRESSION = PASS
STEP2_REGRESSION = PASS
STEP3_REGRESSION = PASS
STEP4B_ALLOWED = YES
STEP4B_RESULT = PASS
STEP4B_FIRST_INACTIVE_BOUNDARY = ACTIVE
STEP5_RESULT = NEVER_LOCKED
STEP5_FIRST_INACTIVE_BOUNDARY = HELPER_LOCK
FAILURE_CLASSIFICATION = NO_FAILURE_EVIDENCE
============================================================

================ RAW_SNAPSHOT ================
RAW_SNAPSHOT board=DE5 [1-11.2] label=before
  status           = F110FFE134BC82EF
  cpu              = 0000007C000011B0
  marker           = 000000010000B004
  store            = 00076DAF0001E2A0
  store_count      = 00000000024FA735
  exception        = 8000000B000011A8
  clock            = 0029144C0E181719
  boot_generation  = 00000001
  cpu_reset_count  = 00000001
  wr_core_reset_count = 00000001
  si_config_drop_count = 00000001
  pps_cr           = 01312D06
  pps_escr         = 00000000
  ep_mach          = 02000200
  ep_macl          = 22334402
  ep_dsr           = 42000000
  ptp              = 00004109
  ptp_rx           = 00000138
  ptp_tx           = 00000082
  ptp_meta         = 03020409
  tx               = 000000E6
  rx               = 00000186
  rxerr            = 00000000
  ptp_types        = 04462346
  foreign_meta     = 03000001
  filter_meta      = 00000000
  parse_meta       = 0501232A
  wr_rx_signal     = 10010001
  wr_tx_signal     = 10000001
  wr_failure       = 02020001
  wr_state         = A000035C
  wr_reject        = 00000000
  pstat            = 00000001
  sstat            = 00000001
  sec_h            = 00000000
  sec_l            = 0000008C
  ns               = 37343B08
  lock_enable      = 00000004
  lock_result      = 00000001
  lock_polls       = 00005B18
  lock_unlocked    = 00005B18
  lock_calibration_fail = 00000000
  spll_state       = 00030004
  spll_ocer        = 56834601
  spll_rcer        = 00000001
  spll_occr        = 860001CA
  spll_trr_csr     = 0006A6D8
  spll_dac_hpll    = 41B5FCA7
  spll_dac_main    = 00000002
  spll_helper_state = 00000000
  spll_helper_limits = 271000C8
  spll_main_state  = 00000000
  spll_main_limits = 00320032
  spll_main_phase_limits = 03E804B0
  spll_state_visit_mask = 00000618
  spll_state_transitions = 00000003
  spll_last_state  = 00000004
  spll_init_count  = 00000001
  dmtd_ref         = 02B546BB
  dmtd_fb          = 0280FFD3
  dmtd_ref_high_qual_abort = 000A8934
  dmtd_fb_high_qual_abort = 00024952
  tag_valid        = 0007AE8E
  trr_write        = 0007AEE3
  irq              = 00078670
  helper_update    = 0003E499
  spll_helper_error = FFFDB610
  spll_helper_output = 0000FFFB
  eic_isr          = FFFF0000
  current_tics     = 00013413
RAW_SNAPSHOT board=DE5 [1-11.2] label=after
  status           = 4110EA6134BC82EF
  cpu              = 0000007C000011AC
  marker           = 000000010000B004
  store            = 00081C510001E2A0
  store_count      = 0000000002821E23
  exception        = 8000000B000011B0
  clock            = 00380186FA9E044E
  boot_generation  = 00000001
  cpu_reset_count  = 00000001
  wr_core_reset_count = 00000001
  si_config_drop_count = 00000001
  pps_cr           = 01312D06
  pps_escr         = 00000000
  ep_mach          = 02000200
  ep_macl          = 22334402
  ep_dsr           = 42000000
  ptp              = 00004109
  ptp_rx           = 00000154
  ptp_tx           = 00000087
  ptp_meta         = 03020409
  tx               = 000000F8
  rx               = 000001A8
  rxerr            = 00000000
  ptp_types        = 044D264D
  foreign_meta     = 03000001
  filter_meta      = 00000000
  parse_meta       = 05012644
  wr_rx_signal     = 10010001
  wr_tx_signal     = 10000001
  wr_failure       = 02020001
  wr_state         = A000035C
  wr_reject        = 00000000
  pstat            = 00000001
  sstat            = 00000001
  sec_h            = 00000000
  sec_l            = 00000092
  ns               = 339781D0
  lock_enable      = 00000004
  lock_result      = 00000001
  lock_polls       = 00005B18
  lock_unlocked    = 00005B18
  lock_calibration_fail = 00000000
  spll_state       = 00030004
  spll_ocer        = BB2DA001
  spll_rcer        = 00000001
  spll_occr        = CF00011C
  spll_trr_csr     = 000A5812
  spll_dac_hpll    = 6E6ADBCC
  spll_dac_main    = 00000002
  spll_helper_state = 00000000
  spll_helper_limits = 271000C8
  spll_main_state  = 00000000
  spll_main_limits = 00320032
  spll_main_phase_limits = 03E804B0
  spll_state_visit_mask = 00000618
  spll_state_transitions = 00000003
  spll_last_state  = 00000004
  spll_init_count  = 00000001
  dmtd_ref         = 02B5A169
  dmtd_fb          = 0281582C
  dmtd_ref_high_qual_abort = 000B7F64
  dmtd_fb_high_qual_abort = 00027F2D
  tag_valid        = 000861A8
  trr_write        = 00086201
  irq              = 00083723
  helper_update    = 00043E5F
  spll_helper_error = FFFDB610
  spll_helper_output = 0000FFFB
  eic_isr          = FFFF0000
  current_tics     = 00014BE8

============================================================
JTAG/WB transport health summary
============================================================
WB_TRANSPORT_PROTOCOL = PRELOAD_THEN_TOGGLE_COMMIT
WB_REQUEST_COUNT = 352
PRELOAD_COUNT = 352
COMMIT_COUNT = 352
WB_PROBE_READ_COUNT = 1760
PRELOAD_UNEXPECTED_TRIGGER_COUNT = 0
PROBE_3WAY_MATCH_COUNT = 352
STABLE_RESPONSE_WRONG_COUNT = 0
ADDRESS_CROSS_CONTAMINATION_COUNT = 0
TIMEOUT_COUNT = 0
INVALID_COUNT = 0
STALE_A5A5_COUNT = 0
UNSTABLE_TRANSACTION_COUNT = 0
DMTD_REF_DECREASE_COUNT = 0
DMTD_FB_DECREASE_COUNT = 0
PRELOAD_PROTOCOL_RUNTIME_REVALIDATION = PASS
JTAG_WB_DIAGNOSTIC_PATH = TRUSTED
============================================================

============================================================
STEP4A_RESULT = PASS
STEP4B_ALLOWED = YES
STEP4B_RESULT = PASS
STEP4B_FIRST_INACTIVE_BOUNDARY = ACTIVE
STEP5_RESULT = NOT_APPLICABLE_MASTER
STEP5_FIRST_INACTIVE_BOUNDARY = SLAVE_ONLY
STEP5_RESULT = NEVER_LOCKED
STEP5_FIRST_INACTIVE_BOUNDARY = HELPER_LOCK
============================================================
Info (23030): Evaluation of Tcl script scripts/jtag/read_wb_runtime.tcl was successful
Info: Quartus Prime SignalTap II was successful. 0 errors, 0 warnings
    Info: Peak virtual memory: 776 megabytes
    Info: Processing ended: Tue Sep  8 16:58:23 2026
    Info: Elapsed time: 00:00:14
    Info: Total CPU time (on all processors): 00:00:00
