Info: *******************************************************************
Info: Running Quartus Prime SignalTap II
    Info: Version 17.0.0 Build 595 04/25/2017 SJ Standard Edition
    Info: Copyright (C) 2017  Intel Corporation. All rights reserved.
    Info: Your use of Intel Corporation's design tools, logic functions 
    Info: and other software and tools, and its AMPP partner logic 
    Info: functions, and any output files from any of the foregoing 
    Info: (including device programming or simulation files), and any 
    Info: associated documentation or information are expressly subject 
    Info: to the terms and conditions of the Intel Program License 
    Info: Subscription Agreement, the Intel Quartus Prime License Agreement,
    Info: the Intel MegaCore Function License Agreement, or other 
    Info: applicable license agreement, including, without limitation, 
    Info: that your use is for the sole purpose of programming logic 
    Info: devices manufactured by Intel and sold by Intel or its 
    Info: authorized distributors.  Please refer to the applicable 
    Info: agreement for further details.
    Info: Processing started: Fri Aug 21 19:25:42 2026
Info: Command: quartus_stp -t /home/b10504072/04_WR/scripts/jtag/read_step23_register_reliability.tcl 30 100 all
Info: Quartus(args): 30 100 all
RELIABILITY_CONFIG samples=30 gap_ms=100 group=all raw=0
=== RELIABILITY_BOARD DE5 [1-11.1] ===
REG_SERIES board=DE5 [1-11.1] register=WDIAGS_TEMP samples=30 valid=30 invalid=0 distinct=1 decrease=0 expected=0 first=A0000064 last=A0000064 states=0:30
REG_SERIES board=DE5 [1-11.1] register=EP_MAC_H samples=30 valid=30 invalid=0 distinct=1 decrease=0 expected=30 first=02000200 last=02000200 values=02000200:30
REG_SERIES board=DE5 [1-11.1] register=EP_MAC_L samples=30 valid=30 invalid=0 distinct=1 decrease=0 expected=30 first=22334401 last=22334401 values=22334401:30
REG_SERIES board=DE5 [1-11.1] register=MODE samples=30 valid=30 invalid=0 distinct=1 decrease=0 expected=30 first=02020406 last=02020406 values=02020406:30
REG_SERIES board=DE5 [1-11.1] register=PTP samples=30 valid=30 invalid=0 distinct=1 decrease=0 expected=30 first=00000006 last=00000006 values=00000006:30
REG_SERIES board=DE5 [1-11.1] register=PTP_RX samples=30 valid=30 invalid=0 distinct=4 decrease=0 expected=0 first=0000B35C last=0000B363 values=0000B35C:8,0000B35F:9,0000B360:10,0000B363:3
REG_SERIES board=DE5 [1-11.1] register=PTP_TX samples=30 valid=30 invalid=0 distinct=4 decrease=0 expected=0 first=000194FF last=0001950D values=000194FF:7,0001950A:9,0001950D:5,00019504:9
REG_SERIES board=DE5 [1-11.1] register=MINIC_TX samples=30 valid=30 invalid=0 distinct=4 decrease=0 expected=0 first=00020147 last=00020158 values=0002014D:9,00020147:5,00020153:10,00020158:6
REG_SERIES board=DE5 [1-11.1] register=MINIC_RX samples=30 valid=30 invalid=0 distinct=4 decrease=0 expected=0 first=00010DAB last=00010DB3 values=00010DAB:4,00010DAE:9,00010DB0:9,00010DB3:8
REG_SERIES board=DE5 [1-11.1] register=RXERR samples=30 valid=30 invalid=0 distinct=1 decrease=0 expected=0 first=00000000 last=00000000 values=00000000:30
REG_SERIES board=DE5 [1-11.1] register=FOREIGN_META samples=30 valid=30 invalid=0 distinct=1 decrease=0 expected=0 first=0000FF00 last=0000FF00 values=0000FF00:30
REG_SERIES board=DE5 [1-11.1] register=PARSE_META samples=30 valid=30 invalid=0 distinct=4 decrease=0 expected=0 first=0001014C last=00010156 values=0001014C:9,00010150:9,00010152:9,00010156:3
REG_SERIES board=DE5 [1-11.1] register=WR_RX_SIGNAL samples=30 valid=30 invalid=0 distinct=1 decrease=0 expected=0 first=10000001 last=10000001 values=10000001:30
REG_SERIES board=DE5 [1-11.1] register=WR_TX_SIGNAL samples=30 valid=30 invalid=0 distinct=1 decrease=0 expected=0 first=10010004 last=10010004 values=10010004:30
REG_SERIES board=DE5 [1-11.1] register=LOCK_ENABLE samples=30 valid=30 invalid=0 distinct=1 decrease=0 expected=0 first=00000000 last=00000000 values=00000000:30
REG_SERIES board=DE5 [1-11.1] register=WR_SIGNAL_REJECT samples=30 valid=30 invalid=0 distinct=1 decrease=0 expected=30 first=00000000 last=00000000 values=00000000:30
REG_SERIES board=DE5 [1-11.1] register=WR_FAILURE_DEBUG samples=30 valid=30 invalid=0 distinct=1 decrease=0 expected=0 first=01030001 last=01030001 values=failure_states=3:30 s_lock_evidence=0 fail_count_max=1 values=01030001:30
REG_SERIES board=DE5 [1-11.1] register=WDIAGS_TEMP samples=30 valid=30 invalid=0 distinct=1 decrease=0 expected=0 first=A0000064 last=A0000064 states=0:30
STEP2_INDEPENDENT board=DE5 [1-11.1] result=PASS
STEP3_INDEPENDENT board=DE5 [1-11.1] result=NA
=== RELIABILITY_BOARD DE5 [1-11.2] ===
REG_SERIES board=DE5 [1-11.2] register=WDIAGS_TEMP samples=30 valid=30 invalid=0 distinct=1 decrease=0 expected=0 first=A000035C last=A000035C states=0:30
REG_SERIES board=DE5 [1-11.2] register=EP_MAC_H samples=30 valid=30 invalid=0 distinct=1 decrease=0 expected=30 first=02000200 last=02000200 values=02000200:30
REG_SERIES board=DE5 [1-11.2] register=EP_MAC_L samples=30 valid=30 invalid=0 distinct=1 decrease=0 expected=30 first=22334402 last=22334402 values=22334402:30
REG_SERIES board=DE5 [1-11.2] register=MODE samples=30 valid=30 invalid=0 distinct=1 decrease=0 expected=30 first=03020409 last=03020409 values=03020409:30
REG_SERIES board=DE5 [1-11.2] register=PTP samples=30 valid=30 invalid=0 distinct=1 decrease=0 expected=30 first=00000009 last=00000009 values=00000009:30
REG_SERIES board=DE5 [1-11.2] register=PTP_RX samples=30 valid=30 invalid=0 distinct=4 decrease=0 expected=0 first=000195EB last=000195F9 values=000195EB:7,000195F0:9,000195F5:9,000195F9:5
REG_SERIES board=DE5 [1-11.2] register=PTP_TX samples=30 valid=30 invalid=0 distinct=2 decrease=0 expected=0 first=00003621 last=00003622 values=00003621:24,00003622:6
REG_SERIES board=DE5 [1-11.2] register=MINIC_TX samples=30 valid=30 invalid=0 distinct=4 decrease=0 expected=0 first=0001204D last=00012056 values=0001204D:4,0001204F:9,00012052:9,00012056:8
REG_SERIES board=DE5 [1-11.2] register=MINIC_RX samples=30 valid=30 invalid=0 distinct=4 decrease=0 expected=0 first=0001F07B last=0001F088 values=0001F07B:3,0001F080:9,0001F085:9,0001F088:9
REG_SERIES board=DE5 [1-11.2] register=RXERR samples=30 valid=30 invalid=0 distinct=1 decrease=0 expected=0 first=00000000 last=00000000 values=00000000:30
REG_SERIES board=DE5 [1-11.2] register=FOREIGN_META samples=30 valid=30 invalid=0 distinct=1 decrease=0 expected=30 first=03000001 last=03000001 values=03000001:30
REG_SERIES board=DE5 [1-11.2] register=PARSE_META samples=30 valid=30 invalid=0 distinct=4 decrease=0 expected=30 first=050130E1 last=050132F3 values=050130E1:7,050131E9:9,050131EC:10,050132F3:4
REG_SERIES board=DE5 [1-11.2] register=WR_RX_SIGNAL samples=30 valid=30 invalid=0 distinct=1 decrease=0 expected=30 first=10010001 last=10010001 values=10010001:30
REG_SERIES board=DE5 [1-11.2] register=WR_TX_SIGNAL samples=30 valid=30 invalid=0 distinct=1 decrease=0 expected=30 first=10000001 last=10000001 values=10000001:30
REG_SERIES board=DE5 [1-11.2] register=LOCK_ENABLE samples=30 valid=30 invalid=0 distinct=2 decrease=1 expected=30 first=00000100 last=00000004 values=00000004:29,00000100:1
REG_SERIES board=DE5 [1-11.2] register=WR_SIGNAL_REJECT samples=30 valid=30 invalid=0 distinct=1 decrease=0 expected=30 first=00000000 last=00000000 values=00000000:30
REG_SERIES board=DE5 [1-11.2] register=WR_FAILURE_DEBUG samples=30 valid=30 invalid=0 distinct=1 decrease=0 expected=30 first=02020001 last=02020001 values=failure_states=2:30 s_lock_evidence=30 fail_count_max=1 values=02020001:30
REG_SERIES board=DE5 [1-11.2] register=WDIAGS_TEMP samples=30 valid=30 invalid=0 distinct=1 decrease=0 expected=0 first=A000035C last=A000035C states=0:30
STEP2_INDEPENDENT board=DE5 [1-11.2] result=PASS
STEP3_INDEPENDENT board=DE5 [1-11.2] result=INVALID
RELIABILITY_DONE
Info (23030): Evaluation of Tcl script /home/b10504072/04_WR/scripts/jtag/read_step23_register_reliability.tcl was successful
Info: Quartus Prime SignalTap II was successful. 0 errors, 0 warnings
    Info: Peak virtual memory: 772 megabytes
    Info: Processing ended: Fri Aug 21 19:27:36 2026
    Info: Elapsed time: 00:01:54
    Info: Total CPU time (on all processors): 00:00:01
