Info: *******************************************************************
Info: Running Quartus Prime SignalTap II
    Info: Version 17.0.0 Build 595 04/25/2017 SJ Standard Edition
    Info: Copyright (C) 2017  Intel Corporation. All rights reserved.
    Info: Your use of Intel Corporation's design tools, logic functions 
    Info: and other software and tools, and its AMPP partner logic 
    Info: functions, and any output files from any of the foregoing 
    Info: (including device programming or simulation files), and any 
    Info: associated documentation or information are expressly subject 
    Info: to the terms and conditions of the Intel Program License 
    Info: Subscription Agreement, the Intel Quartus Prime License Agreement,
    Info: the Intel MegaCore Function License Agreement, or other 
    Info: applicable license agreement, including, without limitation, 
    Info: that your use is for the sole purpose of programming logic 
    Info: devices manufactured by Intel and sold by Intel or its 
    Info: authorized distributors.  Please refer to the applicable 
    Info: agreement for further details.
    Info: Processing started: Fri Aug 21 22:20:26 2026
Info: Command: quartus_stp -t scripts/jtag/read_step4_startup_focused.tcl 30 100 events
Info: Quartus(args): 30 100 events
STEP4_FOCUSED_CONFIG samples=30 gap_ms=100 group=events retries=5 trr_r0_read=disabled
=== STEP4_FOCUSED_BOARD DE5 [1-11.1] ===
STEP4_SERIES board=DE5 [1-11.1] register=SPLL_MODE_SEQUENCE samples=30 valid=30 invalid=0 decrease=0 first=00020009 last=00020009 delta=0
STEP4_SERIES board=DE5 [1-11.1] register=RCER samples=30 valid=30 invalid=0 decrease=0 first=00000000 last=00000000 delta=0
STEP4_SERIES board=DE5 [1-11.1] register=OCER samples=30 valid=30 invalid=0 decrease=0 first=00000001 last=00000001 delta=0
STEP4_SERIES board=DE5 [1-11.1] register=DMTD_REF_EVENTS samples=30 valid=30 invalid=0 decrease=0 first=001C9484 last=001C9484 delta=0
STEP4_SERIES board=DE5 [1-11.1] register=DMTD_FB_EVENTS samples=30 valid=30 invalid=0 decrease=0 first=009E8EB3 last=009E8EB3 delta=0
STEP4_SERIES board=DE5 [1-11.1] register=DMTD_REF_SEEN samples=30 valid=30 invalid=0 decrease=0 first=00000001 last=00000001 delta=0
STEP4_SERIES board=DE5 [1-11.1] register=DMTD_FB_SEEN samples=30 valid=30 invalid=0 decrease=0 first=00000001 last=00000001 delta=0
STEP4_SERIES board=DE5 [1-11.1] register=TAG_PENDING_COUNT samples=30 valid=30 invalid=0 decrease=0 first=00000000 last=00000000 delta=0
STEP4_SERIES board=DE5 [1-11.1] register=TAG_PENDING_REF_COUNT samples=30 valid=30 invalid=0 decrease=0 first=00000000 last=00000000 delta=0
STEP4_SERIES board=DE5 [1-11.1] register=TAG_PENDING_FB_COUNT samples=30 valid=30 invalid=0 decrease=0 first=00000000 last=00000000 delta=0
STEP4_SERIES board=DE5 [1-11.1] register=TAG_GRANT_COUNT samples=30 valid=30 invalid=0 decrease=0 first=00000000 last=00000000 delta=0
STEP4_SERIES board=DE5 [1-11.1] register=TAG_VALID_COUNT samples=30 valid=30 invalid=0 decrease=0 first=00000000 last=00000000 delta=0
STEP4_SERIES board=DE5 [1-11.1] register=TRR_WRITE_COUNT samples=30 valid=30 invalid=0 decrease=0 first=00000000 last=00000000 delta=0
STEP4_SERIES board=DE5 [1-11.1] register=IRQ_COUNT samples=30 valid=30 invalid=0 decrease=0 first=00000000 last=00000000 delta=0
STEP4_SERIES board=DE5 [1-11.1] register=HELPER_UPDATE_COUNT samples=30 valid=30 invalid=0 decrease=0 first=00000000 last=00000000 delta=0
STEP4_SERIES board=DE5 [1-11.1] register=STATE_TRANSITION_COUNT samples=30 valid=30 invalid=0 decrease=0 first=00000000 last=00000000 delta=0
STEP4_SERIES board=DE5 [1-11.1] register=CURRENT_TICS samples=30 valid=30 invalid=0 decrease=0 first=4307A011 last=4EC8CA08 delta=197208567
STEP4_SERIES board=DE5 [1-11.1] register=DMTD_REF_LAST_TICS samples=30 valid=30 invalid=0 decrease=0 first=048A9ABB last=048A9ABB delta=0
STEP4_SERIES board=DE5 [1-11.1] register=DMTD_FB_LAST_TICS samples=30 valid=30 invalid=0 decrease=0 first=048A9ABA last=048A9ABA delta=0
STEP4_SERIES board=DE5 [1-11.1] register=TAG_REF_LAST_TICS samples=30 valid=30 invalid=0 decrease=0 first=048A9ABC last=048A9ABC delta=0
STEP4_SERIES board=DE5 [1-11.1] register=TAG_FB_LAST_TICS samples=30 valid=30 invalid=0 decrease=0 first=048A9ABB last=048A9ABB delta=0
STEP4_SERIES board=DE5 [1-11.1] register=TAG_PENDING_LAST_TICS samples=30 valid=30 invalid=0 decrease=0 first=00000000 last=00000000 delta=0
STEP4_SERIES board=DE5 [1-11.1] register=TAG_GRANT_LAST_TICS samples=30 valid=30 invalid=0 decrease=0 first=00000000 last=00000000 delta=0
STEP4_SERIES board=DE5 [1-11.1] register=TAG_VALID_LAST_TICS samples=30 valid=30 invalid=0 decrease=0 first=00000000 last=00000000 delta=0
STEP4_SERIES board=DE5 [1-11.1] register=TRR_WRITE_LAST_TICS samples=30 valid=30 invalid=0 decrease=0 first=00000000 last=00000000 delta=0
STEP4_SERIES board=DE5 [1-11.1] register=SPLL_DMTD_STATE samples=30 valid=30 invalid=0 decrease=0 first=00000008 last=00000008 delta=0
STEP4_EVENT_ACTIVITY board=DE5 [1-11.1] dmtd=0 pending=0 grant=0 tag_valid=0 trr_write=0 irq=0 state_transition=0 helper_update=0
STEP4_EVENT_BOUNDARY board=DE5 [1-11.1] result=DMTD_EVENT_GENERATION
=== STEP4_FOCUSED_BOARD DE5 [1-11.2] ===
STEP4_SERIES board=DE5 [1-11.2] register=SPLL_MODE_SEQUENCE samples=30 valid=30 invalid=0 decrease=0 first=00030009 last=00030009 delta=0
STEP4_SERIES board=DE5 [1-11.2] register=RCER samples=30 valid=30 invalid=0 decrease=0 first=00000001 last=00000001 delta=0
STEP4_SERIES board=DE5 [1-11.2] register=OCER samples=30 valid=30 invalid=0 decrease=0 first=00000001 last=00000001 delta=0
STEP4_SERIES board=DE5 [1-11.2] register=DMTD_REF_EVENTS samples=30 valid=30 invalid=0 decrease=0 first=05CB9393 last=05CB9393 delta=0
STEP4_SERIES board=DE5 [1-11.2] register=DMTD_FB_EVENTS samples=30 valid=30 invalid=0 decrease=0 first=0650CC4C last=0650CC4C delta=0
STEP4_SERIES board=DE5 [1-11.2] register=DMTD_REF_SEEN samples=30 valid=30 invalid=0 decrease=0 first=00000001 last=00000001 delta=0
STEP4_SERIES board=DE5 [1-11.2] register=DMTD_FB_SEEN samples=30 valid=30 invalid=0 decrease=0 first=00000001 last=00000001 delta=0
STEP4_SERIES board=DE5 [1-11.2] register=TAG_PENDING_COUNT samples=30 valid=30 invalid=0 decrease=0 first=00000000 last=00000000 delta=0
STEP4_SERIES board=DE5 [1-11.2] register=TAG_PENDING_REF_COUNT samples=30 valid=30 invalid=0 decrease=0 first=00000000 last=00000000 delta=0
STEP4_SERIES board=DE5 [1-11.2] register=TAG_PENDING_FB_COUNT samples=30 valid=30 invalid=0 decrease=0 first=00000000 last=00000000 delta=0
STEP4_SERIES board=DE5 [1-11.2] register=TAG_GRANT_COUNT samples=30 valid=30 invalid=0 decrease=0 first=00000000 last=00000000 delta=0
STEP4_SERIES board=DE5 [1-11.2] register=TAG_VALID_COUNT samples=30 valid=30 invalid=0 decrease=0 first=00000000 last=00000000 delta=0
STEP4_SERIES board=DE5 [1-11.2] register=TRR_WRITE_COUNT samples=30 valid=30 invalid=0 decrease=0 first=00000000 last=00000000 delta=0
STEP4_SERIES board=DE5 [1-11.2] register=IRQ_COUNT samples=30 valid=30 invalid=0 decrease=0 first=00000000 last=00000000 delta=0
STEP4_SERIES board=DE5 [1-11.2] register=HELPER_UPDATE_COUNT samples=30 valid=30 invalid=0 decrease=0 first=00000000 last=00000000 delta=0
STEP4_SERIES board=DE5 [1-11.2] register=STATE_TRANSITION_COUNT samples=30 valid=30 invalid=0 decrease=0 first=00000000 last=00000000 delta=0
STEP4_SERIES board=DE5 [1-11.2] register=CURRENT_TICS samples=30 valid=30 invalid=0 decrease=0 first=157EAD71 last=2139ADB4 delta=196804675
STEP4_SERIES board=DE5 [1-11.2] register=DMTD_REF_LAST_TICS samples=30 valid=30 invalid=0 decrease=0 first=2E02E206 last=2E02E206 delta=0
STEP4_SERIES board=DE5 [1-11.2] register=DMTD_FB_LAST_TICS samples=30 valid=30 invalid=0 decrease=0 first=2E02E206 last=2E02E206 delta=0
STEP4_SERIES board=DE5 [1-11.2] register=TAG_REF_LAST_TICS samples=30 valid=30 invalid=0 decrease=0 first=2E02E207 last=2E02E207 delta=0
STEP4_SERIES board=DE5 [1-11.2] register=TAG_FB_LAST_TICS samples=30 valid=30 invalid=0 decrease=0 first=2E02E207 last=2E02E207 delta=0
STEP4_SERIES board=DE5 [1-11.2] register=TAG_PENDING_LAST_TICS samples=30 valid=30 invalid=0 decrease=0 first=00000000 last=00000000 delta=0
STEP4_SERIES board=DE5 [1-11.2] register=TAG_GRANT_LAST_TICS samples=30 valid=30 invalid=0 decrease=0 first=00000000 last=00000000 delta=0
STEP4_SERIES board=DE5 [1-11.2] register=TAG_VALID_LAST_TICS samples=30 valid=30 invalid=0 decrease=0 first=00000000 last=00000000 delta=0
STEP4_SERIES board=DE5 [1-11.2] register=TRR_WRITE_LAST_TICS samples=30 valid=30 invalid=0 decrease=0 first=00000000 last=00000000 delta=0
STEP4_SERIES board=DE5 [1-11.2] register=SPLL_DMTD_STATE samples=30 valid=30 invalid=0 decrease=0 first=00000002 last=00000002 delta=0
STEP4_EVENT_ACTIVITY board=DE5 [1-11.2] dmtd=0 pending=0 grant=0 tag_valid=0 trr_write=0 irq=0 state_transition=0 helper_update=0
STEP4_EVENT_BOUNDARY board=DE5 [1-11.2] result=DMTD_EVENT_GENERATION
STEP4_FOCUSED_DONE
Info (23030): Evaluation of Tcl script scripts/jtag/read_step4_startup_focused.tcl was successful
Info: Quartus Prime SignalTap II was successful. 0 errors, 0 warnings
    Info: Peak virtual memory: 772 megabytes
    Info: Processing ended: Fri Aug 21 22:23:10 2026
    Info: Elapsed time: 00:02:44
    Info: Total CPU time (on all processors): 00:00:02
