Info: *******************************************************************
Info: Running Quartus Prime SignalTap II
    Info: Version 17.0.0 Build 595 04/25/2017 SJ Standard Edition
    Info: Copyright (C) 2017  Intel Corporation. All rights reserved.
    Info: Your use of Intel Corporation's design tools, logic functions 
    Info: and other software and tools, and its AMPP partner logic 
    Info: functions, and any output files from any of the foregoing 
    Info: (including device programming or simulation files), and any 
    Info: associated documentation or information are expressly subject 
    Info: to the terms and conditions of the Intel Program License 
    Info: Subscription Agreement, the Intel Quartus Prime License Agreement,
    Info: the Intel MegaCore Function License Agreement, or other 
    Info: applicable license agreement, including, without limitation, 
    Info: that your use is for the sole purpose of programming logic 
    Info: devices manufactured by Intel and sold by Intel or its 
    Info: authorized distributors.  Please refer to the applicable 
    Info: agreement for further details.
    Info: Processing started: Sun Aug 30 07:46:57 2026
Info: Command: quartus_stp -t scripts/jtag/read_step5_hpll_physical_zero_crossing_point.tcl 5 500 1600 2 10 100 0 4096 "DE5 [1-11.2]"
Info: Quartus(args): 5 500 1600 2 10 100 0 4096 {DE5 [1-11.2]}
STEP5_ZERO_CROSSING_CONFIG experiment=EXP-WRPC-STEP5-HPLL-PHYSICAL-ZERO-CROSSING-SWEEP baseline_seconds=5 poll_ms=500 max_completion_polls=1600 settle_updates=2 window_updates=10 helper_poll_ms=100 polarity_reverse=0 burst_size=4096 fixed_sof=1 normal_hpll_tracker=0 board_filter=DE5 [1-11.2]
STEP5_ZERO_SAMPLE board=DE5 [1-11.2] tag=A0 BURST_WIDE_RAW=0000000000000000 TRIGGER_COUNT=0 FORCED_HPLL_ADMITTED=0 FORCED_HPLL_COMPLETED=0 DCO_STEP_COUNT=0 TRACKER_RAW=000000000005FFFB NORMAL_HPLL_REQUEST_COUNT=0 NORMAL_HPLL_COMPLETED_COUNT=0 PRECLAMP_ERROR_SIGNED=-47294328 TAG_DELTA_SIGNED=14756 EXPECTED_DELTA_SIGNED=16384 TAG_MINUS_EXPECTED=-1628 HELPER_UPDATE_COUNT=29354
STEP5_ZERO_SAMPLE board=DE5 [1-11.2] tag=A01 BURST_WIDE_RAW=0000000000000000 TRIGGER_COUNT=0 FORCED_HPLL_ADMITTED=0 FORCED_HPLL_COMPLETED=0 DCO_STEP_COUNT=0 TRACKER_RAW=000000000005FFFB NORMAL_HPLL_REQUEST_COUNT=0 NORMAL_HPLL_COMPLETED_COUNT=0 PRECLAMP_ERROR_SIGNED=-54168502 TAG_DELTA_SIGNED=14758 EXPECTED_DELTA_SIGNED=16384 TAG_MINUS_EXPECTED=-1626 HELPER_UPDATE_COUNT=33588
STEP5_ZERO_SAMPLE board=DE5 [1-11.2] tag=A02 BURST_WIDE_RAW=0000000000000000 TRIGGER_COUNT=0 FORCED_HPLL_ADMITTED=0 FORCED_HPLL_COMPLETED=0 DCO_STEP_COUNT=0 TRACKER_RAW=000000000005FFFB NORMAL_HPLL_REQUEST_COUNT=0 NORMAL_HPLL_COMPLETED_COUNT=0 PRECLAMP_ERROR_SIGNED=-61039303 TAG_DELTA_SIGNED=14758 EXPECTED_DELTA_SIGNED=16384 TAG_MINUS_EXPECTED=-1626 HELPER_UPDATE_COUNT=37821
STEP5_ZERO_SAMPLE board=DE5 [1-11.2] tag=A03 BURST_WIDE_RAW=0000000000000000 TRIGGER_COUNT=0 FORCED_HPLL_ADMITTED=0 FORCED_HPLL_COMPLETED=0 DCO_STEP_COUNT=0 TRACKER_RAW=000000000005FFFB NORMAL_HPLL_REQUEST_COUNT=0 NORMAL_HPLL_COMPLETED_COUNT=0 PRECLAMP_ERROR_SIGNED=-67911447 TAG_DELTA_SIGNED=14758 EXPECTED_DELTA_SIGNED=16384 TAG_MINUS_EXPECTED=-1626 HELPER_UPDATE_COUNT=42055
STEP5_ZERO_SAMPLE board=DE5 [1-11.2] tag=A04 BURST_WIDE_RAW=0000000000000000 TRIGGER_COUNT=0 FORCED_HPLL_ADMITTED=0 FORCED_HPLL_COMPLETED=0 DCO_STEP_COUNT=0 TRACKER_RAW=000000000005FFFB NORMAL_HPLL_REQUEST_COUNT=0 NORMAL_HPLL_COMPLETED_COUNT=0 PRECLAMP_ERROR_SIGNED=-74785197 TAG_DELTA_SIGNED=14764 EXPECTED_DELTA_SIGNED=16384 TAG_MINUS_EXPECTED=-1620 HELPER_UPDATE_COUNT=46289
STEP5_ZERO_SAMPLE board=DE5 [1-11.2] tag=A05 BURST_WIDE_RAW=0000000000000000 TRIGGER_COUNT=0 FORCED_HPLL_ADMITTED=0 FORCED_HPLL_COMPLETED=0 DCO_STEP_COUNT=0 TRACKER_RAW=000000000005FFFB NORMAL_HPLL_REQUEST_COUNT=0 NORMAL_HPLL_COMPLETED_COUNT=0 PRECLAMP_ERROR_SIGNED=-81658483 TAG_DELTA_SIGNED=14768 EXPECTED_DELTA_SIGNED=16384 TAG_MINUS_EXPECTED=-1616 HELPER_UPDATE_COUNT=50523
STEP5_ZERO_BACKGROUND board=DE5 [1-11.2] DELTA_HELPER_UPDATE_COUNT=21169 DELTA_PRECLAMP_ERROR=-34364155
STEP5_ZERO_SAMPLE board=DE5 [1-11.2] tag=B_BEFORE BURST_WIDE_RAW=0000000000000000 TRIGGER_COUNT=0 FORCED_HPLL_ADMITTED=0 FORCED_HPLL_COMPLETED=0 DCO_STEP_COUNT=0 TRACKER_RAW=000000000005FFFB NORMAL_HPLL_REQUEST_COUNT=0 NORMAL_HPLL_COMPLETED_COUNT=0 PRECLAMP_ERROR_SIGNED=-81658483 TAG_DELTA_SIGNED=14768 EXPECTED_DELTA_SIGNED=16384 TAG_MINUS_EXPECTED=-1616 HELPER_UPDATE_COUNT=50523
STEP5_ZERO_TRIGGER board=DE5 [1-11.2] source=FORCE_HPLL_ONE_STEP transition=0->1->0 controller_burst_size=4096
STEP5_ZERO_SAMPLE board=DE5 [1-11.2] tag=B001 BURST_WIDE_RAW=0236023602370001 TRIGGER_COUNT=1 FORCED_HPLL_ADMITTED=567 FORCED_HPLL_COMPLETED=566 DCO_STEP_COUNT=566 TRACKER_RAW=000000000005FFFB NORMAL_HPLL_REQUEST_COUNT=0 NORMAL_HPLL_COMPLETED_COUNT=0 PRECLAMP_ERROR_SIGNED=-81658483 TAG_DELTA_SIGNED=14768 EXPECTED_DELTA_SIGNED=16384 TAG_MINUS_EXPECTED=-1616 HELPER_UPDATE_COUNT=50523
STEP5_ZERO_SAMPLE board=DE5 [1-11.2] tag=B002 BURST_WIDE_RAW=0465046504660001 TRIGGER_COUNT=1 FORCED_HPLL_ADMITTED=1126 FORCED_HPLL_COMPLETED=1125 DCO_STEP_COUNT=1125 TRACKER_RAW=000000000005FFFB NORMAL_HPLL_REQUEST_COUNT=0 NORMAL_HPLL_COMPLETED_COUNT=0 PRECLAMP_ERROR_SIGNED=-88328623 TAG_DELTA_SIGNED=14911 EXPECTED_DELTA_SIGNED=16384 TAG_MINUS_EXPECTED=-1473 HELPER_UPDATE_COUNT=54745
STEP5_ZERO_SAMPLE board=DE5 [1-11.2] tag=B003 BURST_WIDE_RAW=0692069206930001 TRIGGER_COUNT=1 FORCED_HPLL_ADMITTED=1683 FORCED_HPLL_COMPLETED=1682 DCO_STEP_COUNT=1682 TRACKER_RAW=000000000005FFFB NORMAL_HPLL_REQUEST_COUNT=0 NORMAL_HPLL_COMPLETED_COUNT=0 PRECLAMP_ERROR_SIGNED=-88328623 TAG_DELTA_SIGNED=14911 EXPECTED_DELTA_SIGNED=16384 TAG_MINUS_EXPECTED=-1473 HELPER_UPDATE_COUNT=54745
STEP5_ZERO_SAMPLE board=DE5 [1-11.2] tag=B004 BURST_WIDE_RAW=08C008C008C10001 TRIGGER_COUNT=1 FORCED_HPLL_ADMITTED=2241 FORCED_HPLL_COMPLETED=2240 DCO_STEP_COUNT=2240 TRACKER_RAW=000000000005FFFB NORMAL_HPLL_REQUEST_COUNT=0 NORMAL_HPLL_COMPLETED_COUNT=0 PRECLAMP_ERROR_SIGNED=-93928178 TAG_DELTA_SIGNED=15177 EXPECTED_DELTA_SIGNED=16384 TAG_MINUS_EXPECTED=-1207 HELPER_UPDATE_COUNT=58901
STEP5_ZERO_SAMPLE board=DE5 [1-11.2] tag=B005 BURST_WIDE_RAW=0AEE0AEE0AEF0001 TRIGGER_COUNT=1 FORCED_HPLL_ADMITTED=2799 FORCED_HPLL_COMPLETED=2798 DCO_STEP_COUNT=2798 TRACKER_RAW=000000000005FFFB NORMAL_HPLL_REQUEST_COUNT=0 NORMAL_HPLL_COMPLETED_COUNT=0 PRECLAMP_ERROR_SIGNED=-93928178 TAG_DELTA_SIGNED=15177 EXPECTED_DELTA_SIGNED=16384 TAG_MINUS_EXPECTED=-1207 HELPER_UPDATE_COUNT=58901
STEP5_ZERO_SAMPLE board=DE5 [1-11.2] tag=B006 BURST_WIDE_RAW=0D1D0D1D0D1E0001 TRIGGER_COUNT=1 FORCED_HPLL_ADMITTED=3358 FORCED_HPLL_COMPLETED=3357 DCO_STEP_COUNT=3357 TRACKER_RAW=000000000005FFFB NORMAL_HPLL_REQUEST_COUNT=0 NORMAL_HPLL_COMPLETED_COUNT=0 PRECLAMP_ERROR_SIGNED=-98360582 TAG_DELTA_SIGNED=15433 EXPECTED_DELTA_SIGNED=16384 TAG_MINUS_EXPECTED=-951 HELPER_UPDATE_COUNT=62986
STEP5_ZERO_SAMPLE board=DE5 [1-11.2] tag=B007 BURST_WIDE_RAW=0F4B0F4B0F4C0001 TRIGGER_COUNT=1 FORCED_HPLL_ADMITTED=3916 FORCED_HPLL_COMPLETED=3915 DCO_STEP_COUNT=3915 TRACKER_RAW=000000000005FFFB NORMAL_HPLL_REQUEST_COUNT=0 NORMAL_HPLL_COMPLETED_COUNT=0 PRECLAMP_ERROR_SIGNED=-2809571 TAG_DELTA_SIGNED=15714 EXPECTED_DELTA_SIGNED=16384 TAG_MINUS_EXPECTED=-670 HELPER_UPDATE_COUNT=3742
STEP5_ZERO_SAMPLE board=DE5 [1-11.2] tag=B008 BURST_WIDE_RAW=1000100010000001 TRIGGER_COUNT=1 FORCED_HPLL_ADMITTED=4096 FORCED_HPLL_COMPLETED=4096 DCO_STEP_COUNT=4096 TRACKER_RAW=000000000005FFFB NORMAL_HPLL_REQUEST_COUNT=0 NORMAL_HPLL_COMPLETED_COUNT=0 PRECLAMP_ERROR_SIGNED=-2809571 TAG_DELTA_SIGNED=15714 EXPECTED_DELTA_SIGNED=16384 TAG_MINUS_EXPECTED=-670 HELPER_UPDATE_COUNT=3742
STEP5_ZERO_COMPLETION board=DE5 [1-11.2] BURST_SIZE=4096 BURST_COMPLETED=1 LAST_TAG=B008 DELTA_FORCED_HPLL_COMPLETED=4096 DELTA_DCO_STEP=4096
STEP5_ZERO_SAMPLE board=DE5 [1-11.2] tag=S001 BURST_WIDE_RAW=1000100010000001 TRIGGER_COUNT=1 FORCED_HPLL_ADMITTED=4096 FORCED_HPLL_COMPLETED=4096 DCO_STEP_COUNT=4096 TRACKER_RAW=000000000005FFFB NORMAL_HPLL_REQUEST_COUNT=0 NORMAL_HPLL_COMPLETED_COUNT=0 PRECLAMP_ERROR_SIGNED=-2809571 TAG_DELTA_SIGNED=15714 EXPECTED_DELTA_SIGNED=16384 TAG_MINUS_EXPECTED=-670 HELPER_UPDATE_COUNT=3742
STEP5_ZERO_SAMPLE board=DE5 [1-11.2] tag=S002 BURST_WIDE_RAW=1000100010000001 TRIGGER_COUNT=1 FORCED_HPLL_ADMITTED=4096 FORCED_HPLL_COMPLETED=4096 DCO_STEP_COUNT=4096 TRACKER_RAW=000000000005FFFB NORMAL_HPLL_REQUEST_COUNT=0 NORMAL_HPLL_COMPLETED_COUNT=0 PRECLAMP_ERROR_SIGNED=-2809571 TAG_DELTA_SIGNED=15714 EXPECTED_DELTA_SIGNED=16384 TAG_MINUS_EXPECTED=-670 HELPER_UPDATE_COUNT=3742
STEP5_ZERO_SAMPLE board=DE5 [1-11.2] tag=S003 BURST_WIDE_RAW=1000100010000001 TRIGGER_COUNT=1 FORCED_HPLL_ADMITTED=4096 FORCED_HPLL_COMPLETED=4096 DCO_STEP_COUNT=4096 TRACKER_RAW=000000000005FFFB NORMAL_HPLL_REQUEST_COUNT=0 NORMAL_HPLL_COMPLETED_COUNT=0 PRECLAMP_ERROR_SIGNED=-2809571 TAG_DELTA_SIGNED=15714 EXPECTED_DELTA_SIGNED=16384 TAG_MINUS_EXPECTED=-670 HELPER_UPDATE_COUNT=3742
STEP5_ZERO_SAMPLE board=DE5 [1-11.2] tag=S004 BURST_WIDE_RAW=1000100010000001 TRIGGER_COUNT=1 FORCED_HPLL_ADMITTED=4096 FORCED_HPLL_COMPLETED=4096 DCO_STEP_COUNT=4096 TRACKER_RAW=000000000005FFFB NORMAL_HPLL_REQUEST_COUNT=0 NORMAL_HPLL_COMPLETED_COUNT=0 PRECLAMP_ERROR_SIGNED=-2809571 TAG_DELTA_SIGNED=15714 EXPECTED_DELTA_SIGNED=16384 TAG_MINUS_EXPECTED=-670 HELPER_UPDATE_COUNT=3742
STEP5_ZERO_SAMPLE board=DE5 [1-11.2] tag=S005 BURST_WIDE_RAW=1000100010000001 TRIGGER_COUNT=1 FORCED_HPLL_ADMITTED=4096 FORCED_HPLL_COMPLETED=4096 DCO_STEP_COUNT=4096 TRACKER_RAW=000000000005FFFB NORMAL_HPLL_REQUEST_COUNT=0 NORMAL_HPLL_COMPLETED_COUNT=0 PRECLAMP_ERROR_SIGNED=-5304266 TAG_DELTA_SIGNED=15758 EXPECTED_DELTA_SIGNED=16384 TAG_MINUS_EXPECTED=-626 HELPER_UPDATE_COUNT=7709
STEP5_ZERO_SAMPLE board=DE5 [1-11.2] tag=W0 BURST_WIDE_RAW=1000100010000001 TRIGGER_COUNT=1 FORCED_HPLL_ADMITTED=4096 FORCED_HPLL_COMPLETED=4096 DCO_STEP_COUNT=4096 TRACKER_RAW=000000000005FFFB NORMAL_HPLL_REQUEST_COUNT=0 NORMAL_HPLL_COMPLETED_COUNT=0 PRECLAMP_ERROR_SIGNED=-5304266 TAG_DELTA_SIGNED=15758 EXPECTED_DELTA_SIGNED=16384 TAG_MINUS_EXPECTED=-626 HELPER_UPDATE_COUNT=7709
STEP5_ZERO_SAMPLE board=DE5 [1-11.2] tag=W001 BURST_WIDE_RAW=1000100010000001 TRIGGER_COUNT=1 FORCED_HPLL_ADMITTED=4096 FORCED_HPLL_COMPLETED=4096 DCO_STEP_COUNT=4096 TRACKER_RAW=000000000005FFFB NORMAL_HPLL_REQUEST_COUNT=0 NORMAL_HPLL_COMPLETED_COUNT=0 PRECLAMP_ERROR_SIGNED=-5304266 TAG_DELTA_SIGNED=15758 EXPECTED_DELTA_SIGNED=16384 TAG_MINUS_EXPECTED=-626 HELPER_UPDATE_COUNT=7709
STEP5_ZERO_SAMPLE board=DE5 [1-11.2] tag=W002 BURST_WIDE_RAW=1000100010000001 TRIGGER_COUNT=1 FORCED_HPLL_ADMITTED=4096 FORCED_HPLL_COMPLETED=4096 DCO_STEP_COUNT=4096 TRACKER_RAW=000000000005FFFB NORMAL_HPLL_REQUEST_COUNT=0 NORMAL_HPLL_COMPLETED_COUNT=0 PRECLAMP_ERROR_SIGNED=-5304266 TAG_DELTA_SIGNED=15758 EXPECTED_DELTA_SIGNED=16384 TAG_MINUS_EXPECTED=-626 HELPER_UPDATE_COUNT=7709
STEP5_ZERO_SAMPLE board=DE5 [1-11.2] tag=W003 BURST_WIDE_RAW=1000100010000001 TRIGGER_COUNT=1 FORCED_HPLL_ADMITTED=4096 FORCED_HPLL_COMPLETED=4096 DCO_STEP_COUNT=4096 TRACKER_RAW=000000000005FFFB NORMAL_HPLL_REQUEST_COUNT=0 NORMAL_HPLL_COMPLETED_COUNT=0 PRECLAMP_ERROR_SIGNED=-5304266 TAG_DELTA_SIGNED=15758 EXPECTED_DELTA_SIGNED=16384 TAG_MINUS_EXPECTED=-626 HELPER_UPDATE_COUNT=7709
STEP5_ZERO_SAMPLE board=DE5 [1-11.2] tag=W004 BURST_WIDE_RAW=1000100010000001 TRIGGER_COUNT=1 FORCED_HPLL_ADMITTED=4096 FORCED_HPLL_COMPLETED=4096 DCO_STEP_COUNT=4096 TRACKER_RAW=000000000005FFFB NORMAL_HPLL_REQUEST_COUNT=0 NORMAL_HPLL_COMPLETED_COUNT=0 PRECLAMP_ERROR_SIGNED=-5304266 TAG_DELTA_SIGNED=15758 EXPECTED_DELTA_SIGNED=16384 TAG_MINUS_EXPECTED=-626 HELPER_UPDATE_COUNT=7709
STEP5_ZERO_SAMPLE board=DE5 [1-11.2] tag=W005 BURST_WIDE_RAW=1000100010000001 TRIGGER_COUNT=1 FORCED_HPLL_ADMITTED=4096 FORCED_HPLL_COMPLETED=4096 DCO_STEP_COUNT=4096 TRACKER_RAW=000000000005FFFB NORMAL_HPLL_REQUEST_COUNT=0 NORMAL_HPLL_COMPLETED_COUNT=0 PRECLAMP_ERROR_SIGNED=-5304266 TAG_DELTA_SIGNED=15758 EXPECTED_DELTA_SIGNED=16384 TAG_MINUS_EXPECTED=-626 HELPER_UPDATE_COUNT=7709
STEP5_ZERO_SAMPLE board=DE5 [1-11.2] tag=W006 BURST_WIDE_RAW=1000100010000001 TRIGGER_COUNT=1 FORCED_HPLL_ADMITTED=4096 FORCED_HPLL_COMPLETED=4096 DCO_STEP_COUNT=4096 TRACKER_RAW=000000000005FFFB NORMAL_HPLL_REQUEST_COUNT=0 NORMAL_HPLL_COMPLETED_COUNT=0 PRECLAMP_ERROR_SIGNED=-5304266 TAG_DELTA_SIGNED=15758 EXPECTED_DELTA_SIGNED=16384 TAG_MINUS_EXPECTED=-626 HELPER_UPDATE_COUNT=7709
STEP5_ZERO_SAMPLE board=DE5 [1-11.2] tag=W007 BURST_WIDE_RAW=1000100010000001 TRIGGER_COUNT=1 FORCED_HPLL_ADMITTED=4096 FORCED_HPLL_COMPLETED=4096 DCO_STEP_COUNT=4096 TRACKER_RAW=000000000005FFFB NORMAL_HPLL_REQUEST_COUNT=0 NORMAL_HPLL_COMPLETED_COUNT=0 PRECLAMP_ERROR_SIGNED=-5304266 TAG_DELTA_SIGNED=15758 EXPECTED_DELTA_SIGNED=16384 TAG_MINUS_EXPECTED=-626 HELPER_UPDATE_COUNT=7709
STEP5_ZERO_SAMPLE board=DE5 [1-11.2] tag=W008 BURST_WIDE_RAW=1000100010000001 TRIGGER_COUNT=1 FORCED_HPLL_ADMITTED=4096 FORCED_HPLL_COMPLETED=4096 DCO_STEP_COUNT=4096 TRACKER_RAW=000000000005FFFB NORMAL_HPLL_REQUEST_COUNT=0 NORMAL_HPLL_COMPLETED_COUNT=0 PRECLAMP_ERROR_SIGNED=-7777967 TAG_DELTA_SIGNED=15758 EXPECTED_DELTA_SIGNED=16384 TAG_MINUS_EXPECTED=-626 HELPER_UPDATE_COUNT=11675
STEP5_ZERO_RESULT board=DE5 [1-11.2] N=4096 BURST_DONE=1 SETTLED=1 WINDOW_START=W0 WINDOW_END=DE5 [1-11.2]|W008 DELTA_HELPER_UPDATE_COUNT=3966 DELTA_PRECLAMP_ERROR=-2473701 FREQ_ERROR=-624 FREQ_ERROR_NUM=-2473701 FREQ_ERROR_DEN=3966 MEAN_TAG_MINUS_EXPECTED=-626 TAG_SAMPLE_COUNT=9 DELTA_BURST_TRIGGER_COUNT=1 DELTA_FORCED_HPLL_ADMITTED=4096 DELTA_FORCED_HPLL_COMPLETED=4096 DELTA_DCO_STEP=4096 DELTA_NORMAL_HPLL_REQUEST_COUNT=0 DELTA_NORMAL_HPLL_COMPLETED_COUNT=0
STEP5_ZERO_CROSSING_POINT_DONE
Info (23030): Evaluation of Tcl script scripts/jtag/read_step5_hpll_physical_zero_crossing_point.tcl was successful
Info: Quartus Prime SignalTap II was successful. 0 errors, 0 warnings
    Info: Peak virtual memory: 772 megabytes
    Info: Processing ended: Sun Aug 30 07:47:08 2026
    Info: Elapsed time: 00:00:11
    Info: Total CPU time (on all processors): 00:00:00
