Info: *******************************************************************
Info: Running Quartus Prime SignalTap II
    Info: Version 17.0.0 Build 595 04/25/2017 SJ Standard Edition
    Info: Copyright (C) 2017  Intel Corporation. All rights reserved.
    Info: Your use of Intel Corporation's design tools, logic functions 
    Info: and other software and tools, and its AMPP partner logic 
    Info: functions, and any output files from any of the foregoing 
    Info: (including device programming or simulation files), and any 
    Info: associated documentation or information are expressly subject 
    Info: to the terms and conditions of the Intel Program License 
    Info: Subscription Agreement, the Intel Quartus Prime License Agreement,
    Info: the Intel MegaCore Function License Agreement, or other 
    Info: applicable license agreement, including, without limitation, 
    Info: that your use is for the sole purpose of programming logic 
    Info: devices manufactured by Intel and sold by Intel or its 
    Info: authorized distributors.  Please refer to the applicable 
    Info: agreement for further details.
    Info: Processing started: Sun Aug 30 08:00:41 2026
Info: Command: quartus_stp -t scripts/jtag/read_step5_hpll_physical_zero_crossing_point.tcl 5 500 2400 2 10 100 0 6336 "DE5 [1-11.2]"
Info: Quartus(args): 5 500 2400 2 10 100 0 6336 {DE5 [1-11.2]}
STEP5_ZERO_CROSSING_CONFIG experiment=EXP-WRPC-STEP5-HPLL-PHYSICAL-ZERO-CROSSING-SWEEP baseline_seconds=5 poll_ms=500 max_completion_polls=2400 settle_updates=2 window_updates=10 helper_poll_ms=100 polarity_reverse=0 burst_size=6336 fixed_sof=1 normal_hpll_tracker=0 board_filter=DE5 [1-11.2]
STEP5_ZERO_SAMPLE board=DE5 [1-11.2] tag=A0 BURST_WIDE_RAW=0000000000000000 TRIGGER_COUNT=0 FORCED_HPLL_ADMITTED=0 FORCED_HPLL_COMPLETED=0 DCO_STEP_COUNT=0 TRACKER_RAW=000000000005FFFB NORMAL_HPLL_REQUEST_COUNT=0 NORMAL_HPLL_COMPLETED_COUNT=0 PRECLAMP_ERROR_SIGNED=-34338881 TAG_DELTA_SIGNED=14749 EXPECTED_DELTA_SIGNED=16384 TAG_MINUS_EXPECTED=-1635 HELPER_UPDATE_COUNT=21475
STEP5_ZERO_SAMPLE board=DE5 [1-11.2] tag=A01 BURST_WIDE_RAW=0000000000000000 TRIGGER_COUNT=0 FORCED_HPLL_ADMITTED=0 FORCED_HPLL_COMPLETED=0 DCO_STEP_COUNT=0 TRACKER_RAW=000000000005FFFB NORMAL_HPLL_REQUEST_COUNT=0 NORMAL_HPLL_COMPLETED_COUNT=0 PRECLAMP_ERROR_SIGNED=-41177465 TAG_DELTA_SIGNED=14755 EXPECTED_DELTA_SIGNED=16384 TAG_MINUS_EXPECTED=-1629 HELPER_UPDATE_COUNT=25707
STEP5_ZERO_SAMPLE board=DE5 [1-11.2] tag=A02 BURST_WIDE_RAW=0000000000000000 TRIGGER_COUNT=0 FORCED_HPLL_ADMITTED=0 FORCED_HPLL_COMPLETED=0 DCO_STEP_COUNT=0 TRACKER_RAW=000000000005FFFB NORMAL_HPLL_REQUEST_COUNT=0 NORMAL_HPLL_COMPLETED_COUNT=0 PRECLAMP_ERROR_SIGNED=-48014246 TAG_DELTA_SIGNED=14758 EXPECTED_DELTA_SIGNED=16384 TAG_MINUS_EXPECTED=-1626 HELPER_UPDATE_COUNT=29939
STEP5_ZERO_SAMPLE board=DE5 [1-11.2] tag=A03 BURST_WIDE_RAW=0000000000000000 TRIGGER_COUNT=0 FORCED_HPLL_ADMITTED=0 FORCED_HPLL_COMPLETED=0 DCO_STEP_COUNT=0 TRACKER_RAW=000000000005FFFB NORMAL_HPLL_REQUEST_COUNT=0 NORMAL_HPLL_COMPLETED_COUNT=0 PRECLAMP_ERROR_SIGNED=-54848394 TAG_DELTA_SIGNED=14774 EXPECTED_DELTA_SIGNED=16384 TAG_MINUS_EXPECTED=-1610 HELPER_UPDATE_COUNT=34170
STEP5_ZERO_SAMPLE board=DE5 [1-11.2] tag=A04 BURST_WIDE_RAW=0000000000000000 TRIGGER_COUNT=0 FORCED_HPLL_ADMITTED=0 FORCED_HPLL_COMPLETED=0 DCO_STEP_COUNT=0 TRACKER_RAW=000000000005FFFB NORMAL_HPLL_REQUEST_COUNT=0 NORMAL_HPLL_COMPLETED_COUNT=0 PRECLAMP_ERROR_SIGNED=-61686697 TAG_DELTA_SIGNED=14773 EXPECTED_DELTA_SIGNED=16384 TAG_MINUS_EXPECTED=-1611 HELPER_UPDATE_COUNT=38402
STEP5_ZERO_SAMPLE board=DE5 [1-11.2] tag=A05 BURST_WIDE_RAW=0000000000000000 TRIGGER_COUNT=0 FORCED_HPLL_ADMITTED=0 FORCED_HPLL_COMPLETED=0 DCO_STEP_COUNT=0 TRACKER_RAW=000000000005FFFB NORMAL_HPLL_REQUEST_COUNT=0 NORMAL_HPLL_COMPLETED_COUNT=0 PRECLAMP_ERROR_SIGNED=-68524239 TAG_DELTA_SIGNED=14781 EXPECTED_DELTA_SIGNED=16384 TAG_MINUS_EXPECTED=-1603 HELPER_UPDATE_COUNT=42634
STEP5_ZERO_BACKGROUND board=DE5 [1-11.2] DELTA_HELPER_UPDATE_COUNT=21159 DELTA_PRECLAMP_ERROR=-34185358
STEP5_ZERO_SAMPLE board=DE5 [1-11.2] tag=B_BEFORE BURST_WIDE_RAW=0000000000000000 TRIGGER_COUNT=0 FORCED_HPLL_ADMITTED=0 FORCED_HPLL_COMPLETED=0 DCO_STEP_COUNT=0 TRACKER_RAW=000000000005FFFB NORMAL_HPLL_REQUEST_COUNT=0 NORMAL_HPLL_COMPLETED_COUNT=0 PRECLAMP_ERROR_SIGNED=-68524239 TAG_DELTA_SIGNED=14781 EXPECTED_DELTA_SIGNED=16384 TAG_MINUS_EXPECTED=-1603 HELPER_UPDATE_COUNT=42634
STEP5_ZERO_TRIGGER board=DE5 [1-11.2] source=FORCE_HPLL_ONE_STEP transition=0->1->0 controller_burst_size=6336
STEP5_ZERO_SAMPLE board=DE5 [1-11.2] tag=B001 BURST_WIDE_RAW=0236023602370001 TRIGGER_COUNT=1 FORCED_HPLL_ADMITTED=567 FORCED_HPLL_COMPLETED=566 DCO_STEP_COUNT=566 TRACKER_RAW=000000000005FFFB NORMAL_HPLL_REQUEST_COUNT=0 NORMAL_HPLL_COMPLETED_COUNT=0 PRECLAMP_ERROR_SIGNED=-75332739 TAG_DELTA_SIGNED=14817 EXPECTED_DELTA_SIGNED=16384 TAG_MINUS_EXPECTED=-1567 HELPER_UPDATE_COUNT=46864
STEP5_ZERO_SAMPLE board=DE5 [1-11.2] tag=B002 BURST_WIDE_RAW=0465046504660001 TRIGGER_COUNT=1 FORCED_HPLL_ADMITTED=1126 FORCED_HPLL_COMPLETED=1125 DCO_STEP_COUNT=1125 TRACKER_RAW=000000000005FFFB NORMAL_HPLL_REQUEST_COUNT=0 NORMAL_HPLL_COMPLETED_COUNT=0 PRECLAMP_ERROR_SIGNED=-75332739 TAG_DELTA_SIGNED=14817 EXPECTED_DELTA_SIGNED=16384 TAG_MINUS_EXPECTED=-1567 HELPER_UPDATE_COUNT=46864
STEP5_ZERO_SAMPLE board=DE5 [1-11.2] tag=B003 BURST_WIDE_RAW=0693069306940001 TRIGGER_COUNT=1 FORCED_HPLL_ADMITTED=1684 FORCED_HPLL_COMPLETED=1683 DCO_STEP_COUNT=1683 TRACKER_RAW=000000000005FFFB NORMAL_HPLL_REQUEST_COUNT=0 NORMAL_HPLL_COMPLETED_COUNT=0 PRECLAMP_ERROR_SIGNED=-81326848 TAG_DELTA_SIGNED=15055 EXPECTED_DELTA_SIGNED=16384 TAG_MINUS_EXPECTED=-1329 HELPER_UPDATE_COUNT=51044
STEP5_ZERO_SAMPLE board=DE5 [1-11.2] tag=B004 BURST_WIDE_RAW=08C108C108C20001 TRIGGER_COUNT=1 FORCED_HPLL_ADMITTED=2242 FORCED_HPLL_COMPLETED=2241 DCO_STEP_COUNT=2241 TRACKER_RAW=000000000005FFFB NORMAL_HPLL_REQUEST_COUNT=0 NORMAL_HPLL_COMPLETED_COUNT=0 PRECLAMP_ERROR_SIGNED=-81326848 TAG_DELTA_SIGNED=15055 EXPECTED_DELTA_SIGNED=16384 TAG_MINUS_EXPECTED=-1329 HELPER_UPDATE_COUNT=51044
STEP5_ZERO_SAMPLE board=DE5 [1-11.2] tag=B005 BURST_WIDE_RAW=0AEF0AEF0AF00001 TRIGGER_COUNT=1 FORCED_HPLL_ADMITTED=2800 FORCED_HPLL_COMPLETED=2799 DCO_STEP_COUNT=2799 TRACKER_RAW=000000000005FFFB NORMAL_HPLL_REQUEST_COUNT=0 NORMAL_HPLL_COMPLETED_COUNT=0 PRECLAMP_ERROR_SIGNED=-86151985 TAG_DELTA_SIGNED=15327 EXPECTED_DELTA_SIGNED=16384 TAG_MINUS_EXPECTED=-1057 HELPER_UPDATE_COUNT=55153
STEP5_ZERO_SAMPLE board=DE5 [1-11.2] tag=B006 BURST_WIDE_RAW=0D1D0D1D0D1E0001 TRIGGER_COUNT=1 FORCED_HPLL_ADMITTED=3358 FORCED_HPLL_COMPLETED=3357 DCO_STEP_COUNT=3357 TRACKER_RAW=000000000005FFFB NORMAL_HPLL_REQUEST_COUNT=0 NORMAL_HPLL_COMPLETED_COUNT=0 PRECLAMP_ERROR_SIGNED=-86151985 TAG_DELTA_SIGNED=15327 EXPECTED_DELTA_SIGNED=16384 TAG_MINUS_EXPECTED=-1057 HELPER_UPDATE_COUNT=55153
STEP5_ZERO_SAMPLE board=DE5 [1-11.2] tag=B007 BURST_WIDE_RAW=0F4A0F4A0F4B0001 TRIGGER_COUNT=1 FORCED_HPLL_ADMITTED=3915 FORCED_HPLL_COMPLETED=3914 DCO_STEP_COUNT=3914 TRACKER_RAW=000000000005FFFB NORMAL_HPLL_REQUEST_COUNT=0 NORMAL_HPLL_COMPLETED_COUNT=0 PRECLAMP_ERROR_SIGNED=-89810419 TAG_DELTA_SIGNED=15619 EXPECTED_DELTA_SIGNED=16384 TAG_MINUS_EXPECTED=-765 HELPER_UPDATE_COUNT=59191
STEP5_ZERO_SAMPLE board=DE5 [1-11.2] tag=B008 BURST_WIDE_RAW=1178117811790001 TRIGGER_COUNT=1 FORCED_HPLL_ADMITTED=4473 FORCED_HPLL_COMPLETED=4472 DCO_STEP_COUNT=4472 TRACKER_RAW=000000000005FFFB NORMAL_HPLL_REQUEST_COUNT=0 NORMAL_HPLL_COMPLETED_COUNT=0 PRECLAMP_ERROR_SIGNED=-89810419 TAG_DELTA_SIGNED=15619 EXPECTED_DELTA_SIGNED=16384 TAG_MINUS_EXPECTED=-765 HELPER_UPDATE_COUNT=59191
STEP5_ZERO_SAMPLE board=DE5 [1-11.2] tag=B009 BURST_WIDE_RAW=13A613A613A70001 TRIGGER_COUNT=1 FORCED_HPLL_ADMITTED=5031 FORCED_HPLL_COMPLETED=5030 DCO_STEP_COUNT=5030 TRACKER_RAW=000000000005FFFB NORMAL_HPLL_REQUEST_COUNT=0 NORMAL_HPLL_COMPLETED_COUNT=0 PRECLAMP_ERROR_SIGNED=-29878 TAG_DELTA_SIGNED=15883 EXPECTED_DELTA_SIGNED=16384 TAG_MINUS_EXPECTED=-501 HELPER_UPDATE_COUNT=296
STEP5_ZERO_SAMPLE board=DE5 [1-11.2] tag=B010 BURST_WIDE_RAW=15D415D415D50001 TRIGGER_COUNT=1 FORCED_HPLL_ADMITTED=5589 FORCED_HPLL_COMPLETED=5588 DCO_STEP_COUNT=5588 TRACKER_RAW=000000000005FFFB NORMAL_HPLL_REQUEST_COUNT=0 NORMAL_HPLL_COMPLETED_COUNT=0 PRECLAMP_ERROR_SIGNED=-29878 TAG_DELTA_SIGNED=15883 EXPECTED_DELTA_SIGNED=16384 TAG_MINUS_EXPECTED=-501 HELPER_UPDATE_COUNT=296
STEP5_ZERO_SAMPLE board=DE5 [1-11.2] tag=B011 BURST_WIDE_RAW=1802180218030001 TRIGGER_COUNT=1 FORCED_HPLL_ADMITTED=6147 FORCED_HPLL_COMPLETED=6146 DCO_STEP_COUNT=6146 TRACKER_RAW=000000000005FFFB NORMAL_HPLL_REQUEST_COUNT=0 NORMAL_HPLL_COMPLETED_COUNT=0 PRECLAMP_ERROR_SIGNED=-1371053 TAG_DELTA_SIGNED=16195 EXPECTED_DELTA_SIGNED=16384 TAG_MINUS_EXPECTED=-189 HELPER_UPDATE_COUNT=4192
STEP5_ZERO_SAMPLE board=DE5 [1-11.2] tag=B012 BURST_WIDE_RAW=18C018C018C00001 TRIGGER_COUNT=1 FORCED_HPLL_ADMITTED=6336 FORCED_HPLL_COMPLETED=6336 DCO_STEP_COUNT=6336 TRACKER_RAW=000000000005FFFB NORMAL_HPLL_REQUEST_COUNT=0 NORMAL_HPLL_COMPLETED_COUNT=0 PRECLAMP_ERROR_SIGNED=-1371053 TAG_DELTA_SIGNED=16195 EXPECTED_DELTA_SIGNED=16384 TAG_MINUS_EXPECTED=-189 HELPER_UPDATE_COUNT=4192
STEP5_ZERO_COMPLETION board=DE5 [1-11.2] BURST_SIZE=6336 BURST_COMPLETED=1 LAST_TAG=B012 DELTA_FORCED_HPLL_COMPLETED=6336 DELTA_DCO_STEP=6336
STEP5_ZERO_SAMPLE board=DE5 [1-11.2] tag=S001 BURST_WIDE_RAW=18C018C018C00001 TRIGGER_COUNT=1 FORCED_HPLL_ADMITTED=6336 FORCED_HPLL_COMPLETED=6336 DCO_STEP_COUNT=6336 TRACKER_RAW=000000000005FFFB NORMAL_HPLL_REQUEST_COUNT=0 NORMAL_HPLL_COMPLETED_COUNT=0 PRECLAMP_ERROR_SIGNED=-1631746 TAG_DELTA_SIGNED=16369 EXPECTED_DELTA_SIGNED=16384 TAG_MINUS_EXPECTED=-15 HELPER_UPDATE_COUNT=8022
STEP5_ZERO_SAMPLE board=DE5 [1-11.2] tag=W0 BURST_WIDE_RAW=18C018C018C00001 TRIGGER_COUNT=1 FORCED_HPLL_ADMITTED=6336 FORCED_HPLL_COMPLETED=6336 DCO_STEP_COUNT=6336 TRACKER_RAW=000000000005FFFB NORMAL_HPLL_REQUEST_COUNT=0 NORMAL_HPLL_COMPLETED_COUNT=0 PRECLAMP_ERROR_SIGNED=-1631746 TAG_DELTA_SIGNED=16369 EXPECTED_DELTA_SIGNED=16384 TAG_MINUS_EXPECTED=-15 HELPER_UPDATE_COUNT=8022
STEP5_ZERO_SAMPLE board=DE5 [1-11.2] tag=W001 BURST_WIDE_RAW=18C018C018C00001 TRIGGER_COUNT=1 FORCED_HPLL_ADMITTED=6336 FORCED_HPLL_COMPLETED=6336 DCO_STEP_COUNT=6336 TRACKER_RAW=000000000005FFFB NORMAL_HPLL_REQUEST_COUNT=0 NORMAL_HPLL_COMPLETED_COUNT=0 PRECLAMP_ERROR_SIGNED=-1631746 TAG_DELTA_SIGNED=16369 EXPECTED_DELTA_SIGNED=16384 TAG_MINUS_EXPECTED=-15 HELPER_UPDATE_COUNT=8022
STEP5_ZERO_SAMPLE board=DE5 [1-11.2] tag=W002 BURST_WIDE_RAW=18C018C018C00001 TRIGGER_COUNT=1 FORCED_HPLL_ADMITTED=6336 FORCED_HPLL_COMPLETED=6336 DCO_STEP_COUNT=6336 TRACKER_RAW=000000000005FFFB NORMAL_HPLL_REQUEST_COUNT=0 NORMAL_HPLL_COMPLETED_COUNT=0 PRECLAMP_ERROR_SIGNED=-1631746 TAG_DELTA_SIGNED=16369 EXPECTED_DELTA_SIGNED=16384 TAG_MINUS_EXPECTED=-15 HELPER_UPDATE_COUNT=8022
STEP5_ZERO_SAMPLE board=DE5 [1-11.2] tag=W003 BURST_WIDE_RAW=18C018C018C00001 TRIGGER_COUNT=1 FORCED_HPLL_ADMITTED=6336 FORCED_HPLL_COMPLETED=6336 DCO_STEP_COUNT=6336 TRACKER_RAW=000000000005FFFB NORMAL_HPLL_REQUEST_COUNT=0 NORMAL_HPLL_COMPLETED_COUNT=0 PRECLAMP_ERROR_SIGNED=-1631746 TAG_DELTA_SIGNED=16369 EXPECTED_DELTA_SIGNED=16384 TAG_MINUS_EXPECTED=-15 HELPER_UPDATE_COUNT=8022
STEP5_ZERO_SAMPLE board=DE5 [1-11.2] tag=W004 BURST_WIDE_RAW=18C018C018C00001 TRIGGER_COUNT=1 FORCED_HPLL_ADMITTED=6336 FORCED_HPLL_COMPLETED=6336 DCO_STEP_COUNT=6336 TRACKER_RAW=000000000005FFFB NORMAL_HPLL_REQUEST_COUNT=0 NORMAL_HPLL_COMPLETED_COUNT=0 PRECLAMP_ERROR_SIGNED=-1631746 TAG_DELTA_SIGNED=16369 EXPECTED_DELTA_SIGNED=16384 TAG_MINUS_EXPECTED=-15 HELPER_UPDATE_COUNT=8022
STEP5_ZERO_SAMPLE board=DE5 [1-11.2] tag=W005 BURST_WIDE_RAW=18C018C018C00001 TRIGGER_COUNT=1 FORCED_HPLL_ADMITTED=6336 FORCED_HPLL_COMPLETED=6336 DCO_STEP_COUNT=6336 TRACKER_RAW=000000000005FFFB NORMAL_HPLL_REQUEST_COUNT=0 NORMAL_HPLL_COMPLETED_COUNT=0 PRECLAMP_ERROR_SIGNED=-1631746 TAG_DELTA_SIGNED=16369 EXPECTED_DELTA_SIGNED=16384 TAG_MINUS_EXPECTED=-15 HELPER_UPDATE_COUNT=8022
STEP5_ZERO_SAMPLE board=DE5 [1-11.2] tag=W006 BURST_WIDE_RAW=18C018C018C00001 TRIGGER_COUNT=1 FORCED_HPLL_ADMITTED=6336 FORCED_HPLL_COMPLETED=6336 DCO_STEP_COUNT=6336 TRACKER_RAW=000000000005FFFB NORMAL_HPLL_REQUEST_COUNT=0 NORMAL_HPLL_COMPLETED_COUNT=0 PRECLAMP_ERROR_SIGNED=-1631746 TAG_DELTA_SIGNED=16369 EXPECTED_DELTA_SIGNED=16384 TAG_MINUS_EXPECTED=-15 HELPER_UPDATE_COUNT=8022
STEP5_ZERO_SAMPLE board=DE5 [1-11.2] tag=W007 BURST_WIDE_RAW=18C018C018C00001 TRIGGER_COUNT=1 FORCED_HPLL_ADMITTED=6336 FORCED_HPLL_COMPLETED=6336 DCO_STEP_COUNT=6336 TRACKER_RAW=000000000005FFFB NORMAL_HPLL_REQUEST_COUNT=0 NORMAL_HPLL_COMPLETED_COUNT=0 PRECLAMP_ERROR_SIGNED=-1631746 TAG_DELTA_SIGNED=16369 EXPECTED_DELTA_SIGNED=16384 TAG_MINUS_EXPECTED=-15 HELPER_UPDATE_COUNT=8022
STEP5_ZERO_SAMPLE board=DE5 [1-11.2] tag=W008 BURST_WIDE_RAW=18C018C018C00001 TRIGGER_COUNT=1 FORCED_HPLL_ADMITTED=6336 FORCED_HPLL_COMPLETED=6336 DCO_STEP_COUNT=6336 TRACKER_RAW=000000000005FFFB NORMAL_HPLL_REQUEST_COUNT=0 NORMAL_HPLL_COMPLETED_COUNT=0 PRECLAMP_ERROR_SIGNED=-1631746 TAG_DELTA_SIGNED=16369 EXPECTED_DELTA_SIGNED=16384 TAG_MINUS_EXPECTED=-15 HELPER_UPDATE_COUNT=11839
STEP5_ZERO_RESULT board=DE5 [1-11.2] N=6336 BURST_DONE=1 SETTLED=1 WINDOW_START=W0 WINDOW_END=DE5 [1-11.2]|W008 DELTA_HELPER_UPDATE_COUNT=3817 DELTA_PRECLAMP_ERROR=0 FREQ_ERROR=0 FREQ_ERROR_NUM=0 FREQ_ERROR_DEN=3817 MEAN_TAG_MINUS_EXPECTED=-15 TAG_SAMPLE_COUNT=9 DELTA_BURST_TRIGGER_COUNT=1 DELTA_FORCED_HPLL_ADMITTED=6336 DELTA_FORCED_HPLL_COMPLETED=6336 DELTA_DCO_STEP=6336 DELTA_NORMAL_HPLL_REQUEST_COUNT=0 DELTA_NORMAL_HPLL_COMPLETED_COUNT=0
STEP5_ZERO_CROSSING_POINT_DONE
Info (23030): Evaluation of Tcl script scripts/jtag/read_step5_hpll_physical_zero_crossing_point.tcl was successful
Info: Quartus Prime SignalTap II was successful. 0 errors, 0 warnings
    Info: Peak virtual memory: 772 megabytes
    Info: Processing ended: Sun Aug 30 08:00:54 2026
    Info: Elapsed time: 00:00:13
    Info: Total CPU time (on all processors): 00:00:00
