Info: *******************************************************************
Info: Running Quartus Prime SignalTap II
    Info: Version 17.0.0 Build 595 04/25/2017 SJ Standard Edition
    Info: Copyright (C) 2017  Intel Corporation. All rights reserved.
    Info: Your use of Intel Corporation's design tools, logic functions 
    Info: and other software and tools, and its AMPP partner logic 
    Info: functions, and any output files from any of the foregoing 
    Info: (including device programming or simulation files), and any 
    Info: associated documentation or information are expressly subject 
    Info: to the terms and conditions of the Intel Program License 
    Info: Subscription Agreement, the Intel Quartus Prime License Agreement,
    Info: the Intel MegaCore Function License Agreement, or other 
    Info: applicable license agreement, including, without limitation, 
    Info: that your use is for the sole purpose of programming logic 
    Info: devices manufactured by Intel and sold by Intel or its 
    Info: authorized distributors.  Please refer to the applicable 
    Info: agreement for further details.
    Info: Processing started: Sun Sep 20 13:55:41 2026
Info: Command: quartus_stp -t scripts/jtag/read_wb_runtime.tcl --raw
Info: Quartus(args): --raw
RAW mailbox completion toggle wb_sync_toggle=0

============================================================
White Rabbit Runtime 診斷：DE5 [1-11.1]
============================================================

## [Step 1] PHY / 光纖 Link
[pass] si_config_done           結果: 1/1
[pass] wr_ready                 結果: 1/1
[pass] core_tm_link_up          結果: 1/1
[pass] core_link_ok             結果: 1/1
[pass] wr_rx_ready              結果: 1/1
[pass] wr_tx_ready              結果: 1/1
[pass] core_phy_rst             結果: 0/0
[pass] si_id_error              結果: 0/0
[pass] wr_rx_enc_err            結果: 0/0
[pass] wr_tx_enc_err            結果: 0/0
[pass] CPU_RESET_n              結果: 1/1
[pass] wr_rx_locked_to_data     結果: 1/1
[info] wr_rx_locked_to_ref      結果: 0/NA
[info] MOD_PRS_n                結果: 0/NA
[info] INTERRUPT_n              結果: 1/NA
Step 1 pass

## [Step 2] Endpoint / MiniNIC / PTP
[pass] EP_MAC_H/EP_MAC_L        結果: 02:00:22:33:44:01/02:00:22:33:44:01
[pass] WDIAGS_MODE              結果: 2 MASTER/2 MASTER
[pass] WDIAGS_PTP               結果: 6 MASTER (raw=01014106)/6 MASTER
[pass] WDIAGS_PTP_RX            結果: Δ=12/Δ>0
RAW WDIAGS_PTP_RX            before=0x000001A1 after=0x000001AD delta=12
[pass] WDIAGS_PTP_TX            結果: Δ=28/Δ>0
RAW WDIAGS_PTP_TX            before=0x00000393 after=0x000003AF delta=28
[pass] WDIAGS_TX                結果: Δ=35/Δ>0
RAW WDIAGS_TX                before=0x000004AA after=0x000004CD delta=35
[pass] WDIAGS_RX                結果: Δ=18/Δ>0
RAW WDIAGS_RX                before=0x00000278 after=0x0000028A delta=18
[pass] WDIAGS_RXERR             結果: Δ=0/Δ=0
RAW WDIAGS_RXERR             before=0x00000000 after=0x00000000 delta=0
Step 2 pass

## [Step 3] WR Parent / Signaling
Step 3 NA

## [Step 4A] Master SoftPLL Event Chain
[pass] DMTD_REF_ACCEPT_EVENT    結果: Δ=23485/Δ>=0
RAW DMTD_REF_ACCEPT_EVENT    before=0x0080BA57 after=0x00811614 delta=23485
[pass] DMTD_FB_ACCEPT_EVENT     結果: Δ=23486/Δ>=0
RAW DMTD_FB_ACCEPT_EVENT     before=0x004D0C28 after=0x004D67E6 delta=23486
[pass] DMTD_ACCEPT              結果: Δ=46971/Δ>0
[pass] SPLL_TAG_VALID_COUNT     結果: Δ=46984/Δ>0
RAW SPLL_TAG_VALID_COUNT     before=0x00156BC8 after=0x00162350 delta=46984
[pass] SPLL_TRR_WRITE_COUNT     結果: Δ=46981/Δ>0
RAW SPLL_TRR_WRITE_COUNT     before=0x00156C24 after=0x001623A9 delta=46981
[pass] WRPC_SPLL_TRR_POP_COUNT  結果: Δ=47258/Δ>0
RAW WRPC_SPLL_TRR_POP_COUNT  before=0x00156AC2 after=0x0016235C delta=47258
[pass] WDIAGS_IRQ_COUNT         結果: Δ=47258/Δ>0
RAW WDIAGS_IRQ_COUNT         before=0x00156AC2 after=0x0016235C delta=47258
[pass] WDIAGS_HELPER_UPDATE_COUNT 結果: Δ=23629/Δ>0
RAW WDIAGS_HELPER_UPDATE_COUNT before=0x000EE47F after=0x000F40CC delta=23629
[pass] BOOT_GENERATION          結果: Δ=0/Δ=0
RAW BOOT_GENERATION          before=0x00000001 after=0x00000001 delta=0
[pass] CPU_RESET_COUNT          結果: Δ=0/Δ=0
RAW CPU_RESET_COUNT          before=0x00000001 after=0x00000001 delta=0
[pass] WR_CORE_RESET_COUNT      結果: Δ=0/Δ=0
RAW WR_CORE_RESET_COUNT      before=0x00000001 after=0x00000001 delta=0
[pass] SI_CONFIG_DROP_COUNT     結果: Δ=0/Δ=0
RAW SI_CONFIG_DROP_COUNT     before=0x00000001 after=0x00000001 delta=0
STEP4A_MASTER_EVENT_CHAIN = PASS
Step 4 pass

## [Step 5] Closed-loop Lock
STEP5_RESULT = NOT_APPLICABLE_MASTER
STEP5_FIRST_INACTIVE_BOUNDARY = SLAVE_ONLY
Step 5 NA (Step5 closed-loop gate is for Slave)

## [Step 6] Global Time
Step 6 NA

============================================================
White Rabbit Runtime 診斷：DE5 [1-11.1]
============================================================
Step 1 PHY / Link             pass
Step 2 Endpoint / PTP         pass
Step 3 WR Handshake           NA
Step 4 Step4A Master Event Chain pass
Step 5 Closed-loop Lock       NA
Step 6 Global Time            NA
STEP1_REGRESSION = PASS
STEP2_REGRESSION = PASS
STEP3_REGRESSION = PASS
STEP4A_RESULT = PASS
STEP5_RESULT = NOT_APPLICABLE_MASTER
STEP5_FIRST_INACTIVE_BOUNDARY = SLAVE_ONLY
FAILURE_CLASSIFICATION = NO_FAILURE_EVIDENCE
============================================================

================ RAW_SNAPSHOT ================
RAW_SNAPSHOT board=DE5 [1-11.1] label=before
  status           = C11E1EE1353C82FF
  cpu              = 0000007C0001A870
  marker           = 000000010000B004
  store            = 03F41C300002FFB8
  store_count      = 0000000038CC5AE9
  exception        = 8000000B00005204
  clock            = 002EAF8D385D5634
  boot_generation  = 00000001
  cpu_reset_count  = 00000001
  wr_core_reset_count = 00000001
  si_config_drop_count = 00000001
  pps_cr           = 01312D06
  pps_escr         = 0000000C
  ep_mach          = 02000200
  ep_macl          = 22334401
  ep_dsr           = 42000000
  ptp              = 01014106
  ptp_rx           = 000001A1
  ptp_tx           = 00000393
  ptp_meta         = 02010306
  tx               = 000004AA
  rx               = 00000278
  rxerr            = 00000000
  ptp_types        = 04010101
  foreign_meta     = 0000FF00
  filter_meta      = 00000000
  parse_meta       = 020101E8
  wr_rx_signal     = 10040004
  wr_tx_signal     = 10050004
  wr_failure       = 00000000
  wr_state         = A0200067
  wr_reject        = 00000000
  pstat            = 00000001
  sstat            = 00000000
  sec_h            = 00000000
  sec_l            = 000000FB
  ns               = 1A70F708
  lock_enable      = 00000000
  lock_result      = 00000000
  lock_polls       = 00000000
  lock_unlocked    = 00000000
  lock_calibration_fail = 00000000
  spll_state       = 00020004
  spll_ocer        = 96B28601
  spll_rcer        = 00000001
  spll_occr        = 87000167
  spll_trr_csr     = 001660AE
  spll_dac_hpll    = 51BDE598
  spll_dac_main    = 00000007
  spll_helper_state = 00060100
  spll_helper_limits = 03E807D0
  spll_main_state  = 00000000
  spll_main_limits = 00320032
  spll_main_phase_limits = 03E804B0
  spll_state_visit_mask = 00000618
  spll_state_transitions = 00000003
  spll_last_state  = 00000004
  spll_init_count  = 00000001
  dmtd_ref         = 0080BA57
  dmtd_fb          = 004D0C28
  dmtd_ref_high_qual_abort = 00E9B199
  dmtd_fb_high_qual_abort = 000B61C8
  tag_valid        = 00156BC8
  trr_write        = 00156C24
  irq              = 00156AC2
  helper_update    = 000EE47F
  spll_helper_error = FFFDB610
  spll_helper_output = 0000FFFB
  eic_isr          = FFFF0000
  current_tics     = 0003DD55
RAW_SNAPSHOT board=DE5 [1-11.1] label=after
  status           = 411E1EC1255082FF
  cpu              = 0000007C0001A6F0
  marker           = 000000010000B004
  store            = 0001F2F80002FE18
  store_count      = 000000003A4D1623
  exception        = 8000000B00005C84
  clock            = 002C940B1C243AB2
  boot_generation  = 00000001
  cpu_reset_count  = 00000001
  wr_core_reset_count = 00000001
  si_config_drop_count = 00000001
  pps_cr           = 01312D06
  pps_escr         = 0000010C
  ep_mach          = 02000200
  ep_macl          = 22334401
  ep_dsr           = 42000000
  ptp              = 01014106
  ptp_rx           = 000001AD
  ptp_tx           = 000003AF
  ptp_meta         = 02010306
  tx               = 000004CD
  rx               = 0000028A
  rxerr            = 00000000
  ptp_types        = 04010101
  foreign_meta     = 0000FF00
  filter_meta      = 00000000
  parse_meta       = 020101FD
  wr_rx_signal     = 10040004
  wr_tx_signal     = 10050004
  wr_failure       = 00000000
  wr_state         = A0200067
  wr_reject        = 00000000
  pstat            = 00000001
  sstat            = 00000000
  sec_h            = 00000000
  sec_l            = 00000101
  ns               = 20676EF8
  lock_enable      = 00000000
  lock_result      = 00000000
  lock_polls       = 00000000
  lock_unlocked    = 00000000
  lock_calibration_fail = 00000000
  spll_state       = 00020004
  spll_ocer        = EFCEE201
  spll_rcer        = 00000001
  spll_occr        = 0B000192
  spll_trr_csr     = 00161A46
  spll_dac_hpll    = 7F30D362
  spll_dac_main    = 00000007
  spll_helper_state = 00060100
  spll_helper_limits = 03E807D0
  spll_main_state  = 00000000
  spll_main_limits = 00320032
  spll_main_phase_limits = 03E804B0
  spll_state_visit_mask = 00000618
  spll_state_transitions = 00000003
  spll_last_state  = 00000004
  spll_init_count  = 00000001
  dmtd_ref         = 00811614
  dmtd_fb          = 004D67E6
  dmtd_ref_high_qual_abort = 00EB3479
  dmtd_fb_high_qual_abort = 000BA800
  tag_valid        = 00162350
  trr_write        = 001623A9
  irq              = 0016235C
  helper_update    = 000F40CC
  spll_helper_error = FFFDB610
  spll_helper_output = 0000FFFB
  eic_isr          = FFFF0000
  current_tics     = 0003F529
RAW mailbox completion toggle wb_sync_toggle=0

============================================================
White Rabbit Runtime 診斷：DE5 [1-11.2]
============================================================

## [Step 1] PHY / 光纖 Link
[pass] si_config_done           結果: 1/1
[pass] wr_ready                 結果: 1/1
[pass] core_tm_link_up          結果: 1/1
[pass] core_link_ok             結果: 1/1
[pass] wr_rx_ready              結果: 1/1
[pass] wr_tx_ready              結果: 1/1
[pass] core_phy_rst             結果: 0/0
[pass] si_id_error              結果: 0/0
[pass] wr_rx_enc_err            結果: 0/0
[pass] wr_tx_enc_err            結果: 0/0
[pass] CPU_RESET_n              結果: 1/1
[pass] wr_rx_locked_to_data     結果: 1/1
[info] wr_rx_locked_to_ref      結果: 0/NA
[info] MOD_PRS_n                結果: 0/NA
[info] INTERRUPT_n              結果: 1/NA
Step 1 pass

## [Step 2] Endpoint / MiniNIC / PTP
[pass] EP_MAC_H/EP_MAC_L        結果: 02:00:22:33:44:02/02:00:22:33:44:02
[pass] WDIAGS_MODE              結果: 3 SLAVE/3 SLAVE
[pass] WDIAGS_PTP               結果: 9 SLAVE (raw=00004109)/9 SLAVE
[pass] WDIAGS_PTP_RX            結果: Δ=26/Δ>0
RAW WDIAGS_PTP_RX            before=0x00000293 after=0x000002AD delta=26
[pass] WDIAGS_PTP_TX            結果: Δ=11/Δ>0
RAW WDIAGS_PTP_TX            before=0x00000112 after=0x0000011D delta=11
[pass] WDIAGS_TX                結果: Δ=18/Δ>0
RAW WDIAGS_TX                before=0x000001DD after=0x000001EF delta=18
[pass] WDIAGS_RX                結果: Δ=32/Δ>0
RAW WDIAGS_RX                before=0x0000032E after=0x0000034E delta=32
[pass] WDIAGS_RXERR             結果: Δ=0/Δ=0
RAW WDIAGS_RXERR             before=0x00000000 after=0x00000000 delta=0
Step 2 pass

## [Step 3] WR Parent / Signaling
[pass] WDIAGS_FOREIGN_META      結果: 1/1
[pass] WDIAGS_FOREIGN_META      結果: 0/0
[info] WDIAGS_FOREIGN_META      結果: detection=0 config=3/NA
[pass] parentIsWRnode           結果: 1/1
[info] parentWrModeOn           結果: 1/NA
[pass] parentCalibrated         結果: 1/1
[error] WR_RX_SIGNAL_DEBUG       結果: WR_MODE_ON count=4/LOCK 0x1001,count>0
[error] WR_TX_SIGNAL_DEBUG       結果: CALIBRATED count=4/SLAVE_PRESENT 0x1000,count>0
[info] WDIAGS_TEMP              結果: WRS_IDLE next=WRS_IDLE READ_INCONSISTENT/NA
[pass] LOCK_ENABLE              結果: 1/> 0
Step 3 error

## [Step 4B] Slave SoftPLL Startup
[info] STEP4B_UPSTREAM_GATE     結果: BLOCKED/NA
STEP4B_ALLOWED = NO
STEP4B_RESULT = BLOCKED_BY_STEP3
STEP4B_FIRST_INACTIVE_BOUNDARY = UPSTREAM_PREREQUISITE
Step 4B BLOCKED (upstream prerequisite)
Step 4 NA

## [Step 5] Closed-loop Lock
STEP5_RESULT = UPSTREAM_NOT_READY
STEP5_FIRST_INACTIVE_BOUNDARY = UPSTREAM_STEP4B
Step 5 NA

## [Step 6] Global Time
Step 6 NA

============================================================
White Rabbit Runtime 診斷：DE5 [1-11.2]
============================================================
Step 1 PHY / Link             pass
Step 2 Endpoint / PTP         pass
Step 3 WR Handshake           error
Step 4 Step4B Slave SoftPLL Startup blocked
Step 5 Closed-loop Lock       NA
Step 6 Global Time            NA
STEP1_REGRESSION = PASS
STEP2_REGRESSION = PASS
STEP3_REGRESSION = INVALID
STEP4B_ALLOWED = NO
STEP4B_RESULT = BLOCKED_BY_STEP3
STEP4B_FIRST_INACTIVE_BOUNDARY = UPSTREAM_PREREQUISITE
STEP5_RESULT = UPSTREAM_NOT_READY
STEP5_FIRST_INACTIVE_BOUNDARY = UPSTREAM_STEP4B
FAILURE_CLASSIFICATION = JTAG/DASHBOARD_MEASUREMENT_FAILURE
============================================================

================ RAW_SNAPSHOT ================
RAW_SNAPSHOT board=DE5 [1-11.2] label=before
  status           = B110CC6139BC82FF
  cpu              = 0000007C0001A7D8
  marker           = 000000010000B004
  store            = 0000000100020D38
  store_count      = 0000000028F1DAA3
  exception        = 8000000B000051E0
  clock            = 002862B4536A657E
  boot_generation  = 00000001
  cpu_reset_count  = 00000001
  wr_core_reset_count = 00000001
  si_config_drop_count = 00000001
  pps_cr           = 01312D06
  pps_escr         = 0000010C
  ep_mach          = 02000200
  ep_macl          = 22334402
  ep_dsr           = 42000000
  ptp              = 00004109
  ptp_rx           = 00000293
  ptp_tx           = 00000112
  ptp_meta         = 03010309
  tx               = 000001DD
  rx               = 0000032E
  rxerr            = 00000000
  ptp_types        = 04944A94
  foreign_meta     = 03000001
  filter_meta      = 00000000
  parse_meta       = 07014AC4
  wr_rx_signal     = 10050004
  wr_tx_signal     = 10040004
  wr_failure       = 00000000
  wr_state         = A040035F
  wr_reject        = 00000000
  pstat            = 00000003
  sstat            = 00000401
  sec_h            = 00000000
  sec_l            = 00000102
  ns               = 2D1551E0
  lock_enable      = 00000001
  lock_result      = 00000100
  lock_polls       = 0004CA85
  lock_unlocked    = 0004C508
  lock_calibration_fail = 0000050D
  spll_state       = 00030008
  spll_ocer        = 2864AF01
  spll_rcer        = 00000001
  spll_occr        = 39010108
  spll_trr_csr     = 0012A60E
  spll_dac_hpll    = 7DE23103
  spll_dac_main    = 00000004
  spll_helper_state = 03E80001
  spll_helper_limits = 03E807D0
  spll_main_state  = 3E80320F
  spll_main_limits = 00320014
  spll_main_phase_limits = 03E804B0
  spll_state_visit_mask = 00000778
  spll_state_transitions = 00000006
  spll_last_state  = 00000008
  spll_init_count  = 00000001
  dmtd_ref         = 0261826C
  dmtd_fb          = 028B5A53
  dmtd_ref_high_qual_abort = 0061D5C9
  dmtd_fb_high_qual_abort = 0047EFE2
  tag_valid        = 0010AE86
  trr_write        = 0010AEDA
  irq              = 0010943D
  helper_update    = 0007DFB2
  spll_helper_error = FFFFFF8D
  spll_helper_output = 000099A6
  eic_isr          = FFFF0000
  current_tics     = 0002600E
RAW_SNAPSHOT board=DE5 [1-11.2] label=after
  status           = 2410CCC1295082FF
  cpu              = 0000007C00005210
  marker           = 000000010000B004
  store            = 000001BB0001FBE8
  store_count      = 000000002A97F958
  exception        = 8000000B000051E8
  clock            = 0028581248145ADC
  boot_generation  = 00000001
  cpu_reset_count  = 00000001
  wr_core_reset_count = 00000001
  si_config_drop_count = 00000001
  pps_cr           = 01312D06
  pps_escr         = 0000010C
  ep_mach          = 02000200
  ep_macl          = 22334402
  ep_dsr           = 42000000
  ptp              = 00004109
  ptp_rx           = 000002AD
  ptp_tx           = 0000011D
  ptp_meta         = 03010309
  tx               = 000001EF
  rx               = 0000034E
  rxerr            = 00000000
  ptp_types        = 049A4D9A
  foreign_meta     = 03000001
  filter_meta      = 00000000
  parse_meta       = 07014DDF
  wr_rx_signal     = 10050004
  wr_tx_signal     = 10040004
  wr_failure       = 00000000
  wr_state         = A040035F
  wr_reject        = 00000000
  pstat            = 00000003
  sstat            = 00000301
  sec_h            = 00000000
  sec_l            = 00000108
  ns               = 2D163EA8
  lock_enable      = 00000001
  lock_result      = 00000100
  lock_polls       = 0004CA8B
  lock_unlocked    = 0004C508
  lock_calibration_fail = 0000050D
  spll_state       = 00030008
  spll_ocer        = 3CF71D01
  spll_rcer        = 00000001
  spll_occr        = 6B010114
  spll_trr_csr     = 001258DA
  spll_dac_hpll    = AA964DE9
  spll_dac_main    = 00000004
  spll_helper_state = 03E80001
  spll_helper_limits = 03E807D0
  spll_main_state  = 3E80320F
  spll_main_limits = 00320014
  spll_main_phase_limits = 03E804B0
  spll_state_visit_mask = 00000778
  spll_state_transitions = 00000006
  spll_last_state  = 00000008
  spll_init_count  = 00000001
  dmtd_ref         = 0261DC9D
  dmtd_fb          = 028BB485
  dmtd_ref_high_qual_abort = 0065EEF9
  dmtd_fb_high_qual_abort = 004AFA6A
  tag_valid        = 001162F8
  trr_write        = 00116350
  irq              = 0011470B
  helper_update    = 00083919
  spll_helper_error = FFFFFF4E
  spll_helper_output = 00009A5E
  eic_isr          = FFFF0000
  current_tics     = 000277E2

============================================================
JTAG/WB transport health summary
============================================================
WB_TRANSPORT_PROTOCOL = PRELOAD_THEN_TOGGLE_COMMIT
WB_REQUEST_COUNT = 354
PRELOAD_COUNT = 354
COMMIT_COUNT = 354
WB_PROBE_READ_COUNT = 1770
PRELOAD_UNEXPECTED_TRIGGER_COUNT = 0
PROBE_3WAY_MATCH_COUNT = 354
STABLE_RESPONSE_WRONG_COUNT = 0
ADDRESS_CROSS_CONTAMINATION_COUNT = 0
TIMEOUT_COUNT = 0
INVALID_COUNT = 0
STALE_A5A5_COUNT = 0
UNSTABLE_TRANSACTION_COUNT = 0
DMTD_REF_DECREASE_COUNT = 0
DMTD_FB_DECREASE_COUNT = 0
PRELOAD_PROTOCOL_RUNTIME_REVALIDATION = PASS
JTAG_WB_DIAGNOSTIC_PATH = TRUSTED
============================================================

============================================================
STEP4A_RESULT = PASS
STEP4B_ALLOWED = NO
STEP4B_RESULT = BLOCKED_BY_STEP3
STEP4B_FIRST_INACTIVE_BOUNDARY = UPSTREAM_PREREQUISITE
STEP5_RESULT = NOT_APPLICABLE_MASTER
STEP5_FIRST_INACTIVE_BOUNDARY = SLAVE_ONLY
STEP5_RESULT = UPSTREAM_NOT_READY
STEP5_FIRST_INACTIVE_BOUNDARY = UPSTREAM_STEP4B
============================================================
Info (23030): Evaluation of Tcl script scripts/jtag/read_wb_runtime.tcl was successful
Info: Quartus Prime SignalTap II was successful. 0 errors, 0 warnings
    Info: Peak virtual memory: 776 megabytes
    Info: Processing ended: Sun Sep 20 13:55:56 2026
    Info: Elapsed time: 00:00:15
    Info: Total CPU time (on all processors): 00:00:00
