Info: *******************************************************************
Info: Running Quartus Prime SignalTap II
    Info: Version 17.0.0 Build 595 04/25/2017 SJ Standard Edition
    Info: Copyright (C) 2017  Intel Corporation. All rights reserved.
    Info: Your use of Intel Corporation's design tools, logic functions 
    Info: and other software and tools, and its AMPP partner logic 
    Info: functions, and any output files from any of the foregoing 
    Info: (including device programming or simulation files), and any 
    Info: associated documentation or information are expressly subject 
    Info: to the terms and conditions of the Intel Program License 
    Info: Subscription Agreement, the Intel Quartus Prime License Agreement,
    Info: the Intel MegaCore Function License Agreement, or other 
    Info: applicable license agreement, including, without limitation, 
    Info: that your use is for the sole purpose of programming logic 
    Info: devices manufactured by Intel and sold by Intel or its 
    Info: authorized distributors.  Please refer to the applicable 
    Info: agreement for further details.
    Info: Processing started: Sun Aug 23 20:24:02 2026
Info: Command: quartus_stp -t scripts/jtag/read_step4_startup_focused.tcl 30 250 events
Info: Quartus(args): 30 250 events
STEP4_FOCUSED_CONFIG samples=30 gap_ms=250 group=events retries=5 trr_r0_read=disabled
=== STEP4_FOCUSED_BOARD DE5 [1-11.1] ===
STEP4_SERIES board=DE5 [1-11.1] register=SPLL_MODE_SEQUENCE samples=30 valid=30 timeout=0 invalid=0 decrease=0 first=00020009 last=00020009 delta=0
STEP4_SERIES board=DE5 [1-11.1] register=RCER samples=30 valid=30 timeout=0 invalid=0 decrease=0 first=00000000 last=00000000 delta=0
STEP4_SERIES board=DE5 [1-11.1] register=OCER samples=30 valid=30 timeout=0 invalid=0 decrease=0 first=0220E601 last=0220E601 delta=0
STEP4_SERIES board=DE5 [1-11.1] register=DMTD_REF_EVENTS samples=30 valid=30 timeout=0 invalid=0 decrease=0 first=00AD3290 last=00AD3290 delta=0
STEP4_SERIES board=DE5 [1-11.1] register=DMTD_FB_EVENTS samples=30 valid=30 timeout=0 invalid=0 decrease=0 first=009EA6D8 last=009EA6D8 delta=0
STEP4_SERIES board=DE5 [1-11.1] register=DMTD_REF_ACCEPT samples=30 valid=30 timeout=0 invalid=0 decrease=0 first=02E3E794 last=02E3E794 delta=0
STEP4_SERIES board=DE5 [1-11.1] register=DMTD_FB_ACCEPT samples=30 valid=30 timeout=0 invalid=0 decrease=0 first=02409415 last=02409415 delta=0
STEP4_SERIES board=DE5 [1-11.1] register=DMTD_REF_SAMPLED samples=30 valid=30 timeout=0 invalid=0 decrease=0 first=7F4026EC last=C4B18F30 delta=1165060164
STEP4_SERIES board=DE5 [1-11.1] register=DMTD_FB_SAMPLED samples=30 valid=30 timeout=0 invalid=0 decrease=0 first=88264277 last=CD689611 delta=1161974682
STEP4_SERIES board=DE5 [1-11.1] register=DMTD_REF_SEEN samples=30 valid=30 timeout=0 invalid=0 decrease=0 first=FFFFFFFF last=FFFFFFFF delta=0
STEP4_SERIES board=DE5 [1-11.1] register=DMTD_FB_SEEN samples=30 valid=30 timeout=0 invalid=0 decrease=0 first=FFFFFFFF last=FFFFFFFF delta=0
STEP4_SERIES board=DE5 [1-11.1] register=SPLL_DMTD_STATE samples=30 valid=30 timeout=0 invalid=0 decrease=0 first=0C00000A last=0C00000A delta=0
STEP4_GROUP board=DE5 [1-11.1] group=DMTD_BOUNDARY result=VALID
STEP4_SERIES board=DE5 [1-11.1] register=TAG_PENDING_COUNT samples=30 valid=30 timeout=0 invalid=0 decrease=0 first=00000000 last=00000000 delta=0
STEP4_SERIES board=DE5 [1-11.1] register=TAG_PENDING_REF_COUNT samples=30 valid=30 timeout=0 invalid=0 decrease=0 first=00000000 last=00000000 delta=0
STEP4_SERIES board=DE5 [1-11.1] register=TAG_PENDING_FB_COUNT samples=30 valid=30 timeout=0 invalid=0 decrease=0 first=00000000 last=00000000 delta=0
STEP4_SERIES board=DE5 [1-11.1] register=TAG_GRANT_COUNT samples=30 valid=30 timeout=0 invalid=0 decrease=0 first=00000000 last=00000000 delta=0
STEP4_SERIES board=DE5 [1-11.1] register=TAG_VALID_COUNT samples=30 valid=30 timeout=0 invalid=0 decrease=0 first=00000000 last=00000000 delta=0
STEP4_SERIES board=DE5 [1-11.1] register=TRR_WRITE_COUNT samples=30 valid=30 timeout=0 invalid=0 decrease=0 first=00000000 last=00000000 delta=0
STEP4_GROUP board=DE5 [1-11.1] group=TAG_ARBITRATION result=VALID
STEP4_SERIES board=DE5 [1-11.1] register=IRQ_COUNT samples=30 valid=30 timeout=0 invalid=0 decrease=0 first=00000000 last=00000000 delta=0
STEP4_SERIES board=DE5 [1-11.1] register=HELPER_UPDATE_COUNT samples=30 valid=30 timeout=0 invalid=0 decrease=0 first=00000000 last=00000000 delta=0
STEP4_SERIES board=DE5 [1-11.1] register=STATE_TRANSITION_COUNT samples=30 valid=30 timeout=0 invalid=0 decrease=0 first=00000000 last=00000000 delta=0
STEP4_GROUP board=DE5 [1-11.1] group=DOWNSTREAM result=VALID
STEP4_SERIES board=DE5 [1-11.1] register=CURRENT_TICS samples=30 valid=30 timeout=0 invalid=0 decrease=0 first=ABD003AA last=CCE2D5A1 delta=554881527
STEP4_SERIES board=DE5 [1-11.1] register=DMTD_REF_LAST_TICS samples=30 valid=30 timeout=0 invalid=0 decrease=0 first=048A9AB5 last=048A9AB5 delta=0
STEP4_SERIES board=DE5 [1-11.1] register=DMTD_FB_LAST_TICS samples=30 valid=30 timeout=0 invalid=0 decrease=0 first=048A9AB9 last=048A9AB9 delta=0
STEP4_SERIES board=DE5 [1-11.1] register=TAG_REF_LAST_TICS samples=30 valid=30 timeout=0 invalid=0 decrease=0 first=048A9AB6 last=048A9AB6 delta=0
STEP4_SERIES board=DE5 [1-11.1] register=TAG_FB_LAST_TICS samples=30 valid=30 timeout=0 invalid=0 decrease=0 first=048A9ABA last=048A9ABA delta=0
STEP4_SERIES board=DE5 [1-11.1] register=TAG_PENDING_LAST_TICS samples=30 valid=30 timeout=0 invalid=0 decrease=0 first=00000000 last=00000000 delta=0
STEP4_SERIES board=DE5 [1-11.1] register=TAG_GRANT_LAST_TICS samples=30 valid=30 timeout=0 invalid=0 decrease=0 first=00000000 last=00000000 delta=0
STEP4_SERIES board=DE5 [1-11.1] register=TAG_VALID_LAST_TICS samples=30 valid=30 timeout=0 invalid=0 decrease=0 first=00000000 last=00000000 delta=0
STEP4_SERIES board=DE5 [1-11.1] register=TRR_WRITE_LAST_TICS samples=30 valid=30 timeout=0 invalid=0 decrease=0 first=00000000 last=00000000 delta=0
STEP4_GROUP board=DE5 [1-11.1] group=EVENT_TIMING result=VALID
STEP4_DEGLITCH_STATE board=DE5 [1-11.1] ref_state=2 fb_state=2 ref_stab_bucket=0 fb_stab_bucket=0 ref_threshold_reached=1 fb_threshold_reached=1
STEP4_DMTD_BOUNDARY board=DE5 [1-11.1] sampled_ref=1165060164 accept_ref=0 sampled_fb=1161974682 accept_fb=0
STEP4_QUALIFICATION_ABORT board=DE5 [1-11.1] ref_high=0 fb_high=0
STEP4_EVENT_ACTIVITY board=DE5 [1-11.1] dmtd=0 pending=0 grant=0 tag_valid=0 trr_write=0 irq=0 state_transition=0 helper_update=0
STEP4_EVENT_BOUNDARY board=DE5 [1-11.1] result=DMTD_DEGLITCH_ACCEPT
=== STEP4_FOCUSED_BOARD DE5 [1-11.2] ===
STEP4_SERIES board=DE5 [1-11.2] register=SPLL_MODE_SEQUENCE samples=30 valid=30 timeout=0 invalid=0 decrease=0 first=00030009 last=00030009 delta=0
STEP4_SERIES board=DE5 [1-11.2] register=RCER samples=30 valid=30 timeout=0 invalid=0 decrease=1 first=00000001 last=00000001 delta=0
STEP4_SERIES board=DE5 [1-11.2] register=OCER samples=30 valid=30 timeout=0 invalid=0 decrease=0 first=032C0E01 last=032C0E01 delta=0
STEP4_SERIES board=DE5 [1-11.2] register=DMTD_REF_EVENTS samples=30 valid=30 timeout=0 invalid=0 decrease=0 first=0547F77E last=0547F77E delta=0
STEP4_SERIES board=DE5 [1-11.2] register=DMTD_FB_EVENTS samples=30 valid=30 timeout=0 invalid=0 decrease=0 first=053CAA39 last=053CAA39 delta=0
STEP4_SERIES board=DE5 [1-11.2] register=DMTD_REF_ACCEPT samples=30 valid=30 timeout=0 invalid=0 decrease=1 first=13AE0E09 last=13AE0E09 delta=0
STEP4_SERIES board=DE5 [1-11.2] register=DMTD_FB_ACCEPT samples=30 valid=30 timeout=0 invalid=0 decrease=0 first=130628E0 last=130628E0 delta=0
STEP4_SERIES board=DE5 [1-11.2] register=DMTD_REF_SAMPLED samples=30 valid=30 timeout=0 invalid=0 decrease=0 first=B8A6A3D4 last=FE20834C delta=1165614968
STEP4_SERIES board=DE5 [1-11.2] register=DMTD_FB_SAMPLED samples=30 valid=30 timeout=0 invalid=0 decrease=1 first=BE5FE191 last=03C8B66F delta=DECREASED_OR_RESET
STEP4_SERIES board=DE5 [1-11.2] register=DMTD_REF_SEEN samples=30 valid=30 timeout=0 invalid=0 decrease=0 first=FFFFFFFF last=FFFFFFFF delta=0
STEP4_SERIES board=DE5 [1-11.2] register=DMTD_FB_SEEN samples=30 valid=30 timeout=0 invalid=0 decrease=0 first=FFFFFFFF last=FFFFFFFF delta=0
STEP4_SERIES board=DE5 [1-11.2] register=SPLL_DMTD_STATE samples=30 valid=30 timeout=0 invalid=0 decrease=0 first=0C00000A last=0C00000A delta=0
STEP4_GROUP board=DE5 [1-11.2] group=DMTD_BOUNDARY result=VALID
STEP4_SERIES board=DE5 [1-11.2] register=TAG_PENDING_COUNT samples=30 valid=30 timeout=0 invalid=0 decrease=0 first=00000000 last=00000000 delta=0
STEP4_SERIES board=DE5 [1-11.2] register=TAG_PENDING_REF_COUNT samples=30 valid=30 timeout=0 invalid=0 decrease=0 first=00000000 last=00000000 delta=0
STEP4_SERIES board=DE5 [1-11.2] register=TAG_PENDING_FB_COUNT samples=30 valid=30 timeout=0 invalid=0 decrease=0 first=00000000 last=00000000 delta=0
STEP4_SERIES board=DE5 [1-11.2] register=TAG_GRANT_COUNT samples=30 valid=30 timeout=0 invalid=0 decrease=0 first=00000000 last=00000000 delta=0
STEP4_SERIES board=DE5 [1-11.2] register=TAG_VALID_COUNT samples=30 valid=30 timeout=0 invalid=0 decrease=0 first=00000000 last=00000000 delta=0
STEP4_SERIES board=DE5 [1-11.2] register=TRR_WRITE_COUNT samples=30 valid=30 timeout=0 invalid=0 decrease=0 first=00000000 last=00000000 delta=0
STEP4_GROUP board=DE5 [1-11.2] group=TAG_ARBITRATION result=VALID
STEP4_SERIES board=DE5 [1-11.2] register=IRQ_COUNT samples=30 valid=30 timeout=0 invalid=0 decrease=0 first=00000000 last=00000000 delta=0
STEP4_SERIES board=DE5 [1-11.2] register=HELPER_UPDATE_COUNT samples=30 valid=30 timeout=0 invalid=0 decrease=0 first=00000000 last=00000000 delta=0
STEP4_SERIES board=DE5 [1-11.2] register=STATE_TRANSITION_COUNT samples=30 valid=30 timeout=0 invalid=0 decrease=0 first=00000000 last=00000000 delta=0
STEP4_GROUP board=DE5 [1-11.2] group=DOWNSTREAM result=VALID
STEP4_SERIES board=DE5 [1-11.2] register=CURRENT_TICS samples=30 valid=30 timeout=0 invalid=0 decrease=0 first=C3390F2D last=E43B2CC9 delta=553786780
STEP4_SERIES board=DE5 [1-11.2] register=DMTD_REF_LAST_TICS samples=30 valid=30 timeout=0 invalid=0 decrease=0 first=2639B42A last=2639B42A delta=0
STEP4_SERIES board=DE5 [1-11.2] register=DMTD_FB_LAST_TICS samples=30 valid=30 timeout=0 invalid=0 decrease=0 first=2639B425 last=2639B425 delta=0
STEP4_SERIES board=DE5 [1-11.2] register=TAG_REF_LAST_TICS samples=30 valid=30 timeout=0 invalid=0 decrease=0 first=2639B42B last=2639B42B delta=0
STEP4_SERIES board=DE5 [1-11.2] register=TAG_FB_LAST_TICS samples=30 valid=30 timeout=0 invalid=0 decrease=0 first=2639B426 last=2639B426 delta=0
STEP4_SERIES board=DE5 [1-11.2] register=TAG_PENDING_LAST_TICS samples=30 valid=30 timeout=0 invalid=0 decrease=0 first=00000000 last=00000000 delta=0
STEP4_SERIES board=DE5 [1-11.2] register=TAG_GRANT_LAST_TICS samples=30 valid=30 timeout=0 invalid=0 decrease=0 first=00000000 last=00000000 delta=0
STEP4_SERIES board=DE5 [1-11.2] register=TAG_VALID_LAST_TICS samples=30 valid=30 timeout=0 invalid=0 decrease=0 first=00000000 last=00000000 delta=0
STEP4_SERIES board=DE5 [1-11.2] register=TRR_WRITE_LAST_TICS samples=30 valid=30 timeout=0 invalid=0 decrease=0 first=00000000 last=00000000 delta=0
STEP4_GROUP board=DE5 [1-11.2] group=EVENT_TIMING result=VALID
STEP4_DEGLITCH_STATE board=DE5 [1-11.2] ref_state=2 fb_state=2 ref_stab_bucket=0 fb_stab_bucket=0 ref_threshold_reached=1 fb_threshold_reached=1
STEP4_DMTD_BOUNDARY board=DE5 [1-11.2] sampled_ref=1165614968 accept_ref=0 sampled_fb=DECREASED_OR_RESET accept_fb=0
STEP4_QUALIFICATION_ABORT board=DE5 [1-11.2] ref_high=0 fb_high=0
STEP4_EVENT_ACTIVITY board=DE5 [1-11.2] dmtd=0 pending=0 grant=0 tag_valid=0 trr_write=0 irq=0 state_transition=0 helper_update=0
STEP4_EVENT_BOUNDARY board=DE5 [1-11.2] result=DMTD_DEGLITCH_ACCEPT
STEP4_FOCUSED_DONE
Info (23030): Evaluation of Tcl script scripts/jtag/read_step4_startup_focused.tcl was successful
Info: Quartus Prime SignalTap II was successful. 0 errors, 0 warnings
    Info: Peak virtual memory: 772 megabytes
    Info: Processing ended: Sun Aug 23 20:25:11 2026
    Info: Elapsed time: 00:01:09
    Info: Total CPU time (on all processors): 00:00:01
