Info: *******************************************************************
Info: Running Quartus Prime SignalTap II
    Info: Version 17.0.0 Build 595 04/25/2017 SJ Standard Edition
    Info: Copyright (C) 2017  Intel Corporation. All rights reserved.
    Info: Your use of Intel Corporation's design tools, logic functions 
    Info: and other software and tools, and its AMPP partner logic 
    Info: functions, and any output files from any of the foregoing 
    Info: (including device programming or simulation files), and any 
    Info: associated documentation or information are expressly subject 
    Info: to the terms and conditions of the Intel Program License 
    Info: Subscription Agreement, the Intel Quartus Prime License Agreement,
    Info: the Intel MegaCore Function License Agreement, or other 
    Info: applicable license agreement, including, without limitation, 
    Info: that your use is for the sole purpose of programming logic 
    Info: devices manufactured by Intel and sold by Intel or its 
    Info: authorized distributors.  Please refer to the applicable 
    Info: agreement for further details.
    Info: Processing started: Wed Sep  2 19:45:12 2026
Info: Command: quartus_stp -t scripts/jtag/read_wb_runtime.tcl --raw
Info: Quartus(args): --raw
RAW mailbox completion toggle wb_sync_toggle=0

============================================================
White Rabbit Runtime 診斷：DE5 [1-11.1]
============================================================

## [Step 1] PHY / 光纖 Link
[pass] si_config_done           結果: 1/1
[pass] wr_ready                 結果: 1/1
[pass] core_tm_link_up          結果: 1/1
[pass] core_link_ok             結果: 1/1
[pass] wr_rx_ready              結果: 1/1
[pass] wr_tx_ready              結果: 1/1
[pass] core_phy_rst             結果: 0/0
[pass] si_id_error              結果: 0/0
[pass] wr_rx_enc_err            結果: 0/0
[pass] wr_tx_enc_err            結果: 0/0
[pass] CPU_RESET_n              結果: 1/1
[pass] wr_rx_locked_to_data     結果: 1/1
[info] wr_rx_locked_to_ref      結果: 1/NA
[info] MOD_PRS_n                結果: 0/NA
[info] INTERRUPT_n              結果: 1/NA
Step 1 pass

## [Step 2] Endpoint / MiniNIC / PTP
[pass] EP_MAC_H/EP_MAC_L        結果: 02:00:22:33:44:01/02:00:22:33:44:01
[pass] WDIAGS_MODE              結果: 2 MASTER/2 MASTER
[pass] WDIAGS_PTP               結果: 6 MASTER (raw=01014106)/6 MASTER
[pass] WDIAGS_PTP_RX            結果: Δ=13/Δ>0
RAW WDIAGS_PTP_RX            before=0x000000A2 after=0x000000AF delta=13
[pass] WDIAGS_PTP_TX            結果: Δ=28/Δ>0
RAW WDIAGS_PTP_TX            before=0x0000016A after=0x00000186 delta=28
[pass] WDIAGS_TX                結果: Δ=33/Δ>0
RAW WDIAGS_TX                before=0x000001D7 after=0x000001F8 delta=33
[pass] WDIAGS_RX                結果: Δ=19/Δ>0
RAW WDIAGS_RX                before=0x000000FA after=0x0000010D delta=19
[pass] WDIAGS_RXERR             結果: Δ=0/Δ=0
RAW WDIAGS_RXERR             before=0x00000000 after=0x00000000 delta=0
Step 2 pass

## [Step 3] WR Parent / Signaling
Step 3 NA

## [Step 4A] Master SoftPLL Event Chain
[pass] DMTD_REF_ACCEPT_EVENT    結果: Δ=25353/Δ>=0
RAW DMTD_REF_ACCEPT_EVENT    before=0x0011EBC8 after=0x00124ED1 delta=25353
[pass] DMTD_FB_ACCEPT_EVENT     結果: Δ=24263/Δ>=0
RAW DMTD_FB_ACCEPT_EVENT     before=0x0045D011 after=0x00462ED8 delta=24263
[pass] DMTD_ACCEPT              結果: Δ=49616/Δ>0
[pass] SPLL_TAG_VALID_COUNT     結果: Δ=24275/Δ>0
RAW SPLL_TAG_VALID_COUNT     before=0x0006A53E after=0x00070411 delta=24275
[pass] SPLL_TRR_WRITE_COUNT     結果: Δ=24276/Δ>0
RAW SPLL_TRR_WRITE_COUNT     before=0x0006A56B after=0x0007043F delta=24276
[pass] WRPC_SPLL_TRR_POP_COUNT  結果: Δ=24401/Δ>0
RAW WRPC_SPLL_TRR_POP_COUNT  before=0x0006A489 after=0x000703DA delta=24401
[pass] WDIAGS_IRQ_COUNT         結果: Δ=24401/Δ>0
RAW WDIAGS_IRQ_COUNT         before=0x0006A489 after=0x000703DA delta=24401
[pass] WDIAGS_HELPER_UPDATE_COUNT 結果: Δ=24401/Δ>0
RAW WDIAGS_HELPER_UPDATE_COUNT before=0x0006A489 after=0x000703DA delta=24401
[pass] BOOT_GENERATION          結果: Δ=0/Δ=0
RAW BOOT_GENERATION          before=0x00000001 after=0x00000001 delta=0
[pass] CPU_RESET_COUNT          結果: Δ=0/Δ=0
RAW CPU_RESET_COUNT          before=0x00000001 after=0x00000001 delta=0
[pass] WR_CORE_RESET_COUNT      結果: Δ=0/Δ=0
RAW WR_CORE_RESET_COUNT      before=0x00000001 after=0x00000001 delta=0
[pass] SI_CONFIG_DROP_COUNT     結果: Δ=0/Δ=0
RAW SI_CONFIG_DROP_COUNT     before=0x00000001 after=0x00000001 delta=0
STEP4A_MASTER_EVENT_CHAIN = PASS
Step 4 pass

## [Step 5] Closed-loop Lock
STEP5_RESULT = NOT_APPLICABLE_MASTER
STEP5_FIRST_INACTIVE_BOUNDARY = SLAVE_ONLY
Step 5 NA (Step5 closed-loop gate is for Slave)

## [Step 6] Global Time
Step 6 NA

============================================================
White Rabbit Runtime 診斷：DE5 [1-11.1]
============================================================
Step 1 PHY / Link             pass
Step 2 Endpoint / PTP         pass
Step 3 WR Handshake           NA
Step 4 Step4A Master Event Chain pass
Step 5 Closed-loop Lock       NA
Step 6 Global Time            NA
STEP1_REGRESSION = PASS
STEP2_REGRESSION = PASS
STEP3_REGRESSION = PASS
STEP4A_RESULT = PASS
STEP5_RESULT = NOT_APPLICABLE_MASTER
STEP5_FIRST_INACTIVE_BOUNDARY = SLAVE_ONLY
FAILURE_CLASSIFICATION = NO_FAILURE_EVIDENCE
============================================================

================ RAW_SNAPSHOT ================
RAW_SNAPSHOT board=DE5 [1-11.1] label=before
  status           = B11054C3265082FF
  cpu              = 0000007C000011B0
  marker           = 000000010000B004
  store            = 000697010001E2A0
  store_count      = 0000000002B1865B
  exception        = 8000000B000011B0
  clock            = 002D435937E4453B
  boot_generation  = 00000001
  cpu_reset_count  = 00000001
  wr_core_reset_count = 00000001
  si_config_drop_count = 00000001
  pps_cr           = 01312D06
  pps_escr         = 0000000C
  ep_mach          = 02000200
  ep_macl          = 22334401
  ep_dsr           = 42000000
  ptp              = 01014106
  ptp_rx           = 000000A2
  ptp_tx           = 0000016A
  ptp_meta         = 02020406
  tx               = 000001D7
  rx               = 000000FA
  rxerr            = 00000000
  ptp_types        = 01030203
  foreign_meta     = 00000001
  filter_meta      = 00000000
  parse_meta       = 00010211
  wr_rx_signal     = 10000001
  wr_tx_signal     = 10010004
  wr_failure       = 01030001
  wr_state         = A0000064
  wr_reject        = 00000000
  pstat            = 00000001
  sstat            = 00000000
  sec_h            = 00000000
  sec_l            = 0000006C
  ns               = 14C5E6B8
  lock_enable      = 00000000
  lock_result      = 00000000
  lock_polls       = 00000000
  lock_unlocked    = 00000000
  lock_calibration_fail = 00000000
  spll_state       = 00020004
  spll_ocer        = 208AA401
  spll_rcer        = 00000000
  spll_occr        = 950001CB
  spll_trr_csr     = 00069ED8
  spll_dac_hpll    = 2AF91B36
  spll_dac_main    = 00000003
  spll_helper_state = 00000100
  spll_helper_limits = 271000C8
  spll_main_state  = 00000000
  spll_main_limits = 00320032
  spll_main_phase_limits = 03E804B0
  spll_state_visit_mask = 00000618
  spll_state_transitions = 00000003
  spll_last_state  = 00000004
  spll_init_count  = 00000001
  dmtd_ref         = 0011EBC8
  dmtd_fb          = 0045D011
  dmtd_ref_high_qual_abort = 003D2DB1
  dmtd_fb_high_qual_abort = 00344283
  tag_valid        = 0006A53E
  trr_write        = 0006A56B
  irq              = 0006A489
  helper_update    = 0006A489
  spll_helper_error = FFFDB610
  spll_helper_output = 0000FFFB
  eic_isr          = FFFF0000
  current_tics     = 0001AE5E
RAW_SNAPSHOT board=DE5 [1-11.1] label=after
  status           = F1106AE336BC82FF
  cpu              = 0000007C000011B0
  marker           = 000000010000B004
  store            = 0006F5260001E2A0
  store_count      = 0000000002D9CF58
  exception        = 8000000B00001198
  clock            = 0029284A1C102A23
  boot_generation  = 00000001
  cpu_reset_count  = 00000001
  wr_core_reset_count = 00000001
  si_config_drop_count = 00000001
  pps_cr           = 01312D06
  pps_escr         = 0000000C
  ep_mach          = 02000200
  ep_macl          = 22334401
  ep_dsr           = 42000000
  ptp              = 01014106
  ptp_rx           = 000000AF
  ptp_tx           = 00000186
  ptp_meta         = 02020406
  tx               = 000001F8
  rx               = 0000010D
  rxerr            = 00000000
  ptp_types        = 01030203
  foreign_meta     = 00000001
  filter_meta      = 00000000
  parse_meta       = 00010225
  wr_rx_signal     = 10000001
  wr_tx_signal     = 10010004
  wr_failure       = 01030001
  wr_state         = A0000064
  wr_reject        = 00000000
  pstat            = 00000001
  sstat            = 00000000
  sec_h            = 00000000
  sec_l            = 00000072
  ns               = 1AA4E8D8
  lock_enable      = 00000000
  lock_result      = 00000000
  lock_polls       = 00000000
  lock_unlocked    = 00000000
  lock_calibration_fail = 00000000
  spll_state       = 00020004
  spll_ocer        = 817C0601
  spll_rcer        = 00000000
  spll_occr        = A80001D6
  spll_trr_csr     = 0006FE2A
  spll_dac_hpll    = 57ADEC8F
  spll_dac_main    = 00000003
  spll_helper_state = 00000100
  spll_helper_limits = 271000C8
  spll_main_state  = 00000000
  spll_main_limits = 00320032
  spll_main_phase_limits = 03E804B0
  spll_state_visit_mask = 00000618
  spll_state_transitions = 00000003
  spll_last_state  = 00000004
  spll_init_count  = 00000001
  dmtd_ref         = 00124ED1
  dmtd_fb          = 00462ED8
  dmtd_ref_high_qual_abort = 00409221
  dmtd_fb_high_qual_abort = 00372C17
  tag_valid        = 00070411
  trr_write        = 0007043F
  irq              = 000703DA
  helper_update    = 000703DA
  spll_helper_error = FFFDB610
  spll_helper_output = 0000FFFB
  eic_isr          = FFFF0000
  current_tics     = 0001C632
RAW mailbox completion toggle wb_sync_toggle=0

============================================================
White Rabbit Runtime 診斷：DE5 [1-11.2]
============================================================

## [Step 1] PHY / 光纖 Link
[pass] si_config_done           結果: 1/1
[pass] wr_ready                 結果: 1/1
[pass] core_tm_link_up          結果: 1/1
[pass] core_link_ok             結果: 1/1
[pass] wr_rx_ready              結果: 1/1
[pass] wr_tx_ready              結果: 1/1
[pass] core_phy_rst             結果: 0/0
[pass] si_id_error              結果: 0/0
[pass] wr_rx_enc_err            結果: 0/0
[pass] wr_tx_enc_err            結果: 0/0
[pass] CPU_RESET_n              結果: 1/1
[pass] wr_rx_locked_to_data     結果: 1/1
[info] wr_rx_locked_to_ref      結果: 0/NA
[info] MOD_PRS_n                結果: 0/NA
[info] INTERRUPT_n              結果: 1/NA
Step 1 pass

## [Step 2] Endpoint / MiniNIC / PTP
[pass] EP_MAC_H/EP_MAC_L        結果: 02:00:22:33:44:02/02:00:22:33:44:02
[pass] WDIAGS_MODE              結果: 3 SLAVE/3 SLAVE
[pass] WDIAGS_PTP               結果: 9 SLAVE (raw=00004109)/9 SLAVE
[pass] WDIAGS_PTP_RX            結果: Δ=29/Δ>0
RAW WDIAGS_PTP_RX            before=0x0000018D after=0x000001AA delta=29
[pass] WDIAGS_PTP_TX            結果: Δ=4/Δ>0
RAW WDIAGS_PTP_TX            before=0x00000094 after=0x00000098 delta=4
[pass] WDIAGS_TX                結果: Δ=20/Δ>0
RAW WDIAGS_TX                before=0x0000015C after=0x00000170 delta=20
[pass] WDIAGS_RX                結果: Δ=35/Δ>0
RAW WDIAGS_RX                before=0x000001F1 after=0x00000214 delta=35
[pass] WDIAGS_RXERR             結果: Δ=0/Δ=0
RAW WDIAGS_RXERR             before=0x00000000 after=0x00000000 delta=0
Step 2 pass

## [Step 3] WR Parent / Signaling
[pass] WDIAGS_FOREIGN_META      結果: 1/1
[pass] WDIAGS_FOREIGN_META      結果: 0/0
[info] WDIAGS_FOREIGN_META      結果: detection=0 config=3/NA
[pass] parentIsWRnode           結果: 1/1
[info] parentWrModeOn           結果: 0/NA
[pass] parentCalibrated         結果: 1/1
[pass] WR_RX_SIGNAL_DEBUG       結果: LOCK count=1/LOCK 0x1001,count>0
[pass] WR_TX_SIGNAL_DEBUG       結果: SLAVE_PRESENT count=1/SLAVE_PRESENT 0x1000,count>0
[info] WDIAGS_TEMP              結果: WRS_IDLE next=WRS_IDLE POST_STEP3_TIMEOUT/NA
[pass] LOCK_ENABLE              結果: 4/> 0
[info] WR_FAILURE_DEBUG         結果: TIMEOUT last_fail_state=WRS_S_LOCK failure_count=1/NA
Step 3 pass

## [Step 4B] Slave SoftPLL Startup
[pass] LOCK_ENABLE_COUNT        結果: 4/> 0
[pass] SPLL_MODE                結果: 3 (SPLL_MODE_SLAVE)/3 SPLL_MODE_SLAVE
[pass] SPLL_SEQ_STATE           結果: 4 (SEQ_WAIT_HELPER)/active, not 0/7
[pass] SPLL_STATE_VISIT_MASK    結果: 0x00000618/> 0
[pass] SPLL_INIT_COUNT          結果: 1/> 0
[pass] RCER                     結果: 0x00000001/> 0
[pass] OCER                     結果: 0x0F8FBE01/> 0
[info] SPLL_ALIGN_STATE         結果: 0/NA
[info] SPLL_STATE_TRANSITIONS   結果: 0x00000003/NA
[info] SPLL_LAST_STATE          結果: 4 (SEQ_WAIT_HELPER)/NA
[info] OCCR                     結果: 0x6A000139/NA
[pass] DMTD_REF_ACCEPT_EVENT    結果: Δ=23115/Δ>=0
RAW DMTD_REF_ACCEPT_EVENT    before=0x0B37A9EF after=0x0B38043A delta=23115
[pass] DMTD_FB_ACCEPT_EVENT     結果: Δ=24208/Δ>=0
RAW DMTD_FB_ACCEPT_EVENT     before=0x0A2AB810 after=0x0A2B16A0 delta=24208
[pass] DMTD_ACCEPT              結果: Δ=47323/Δ>0
[pass] SPLL_TAG_VALID_COUNT     結果: Δ=47337/Δ>0
RAW SPLL_TAG_VALID_COUNT     before=0x000A3AE8 after=0x000AF3D1 delta=47337
[pass] SPLL_TRR_WRITE_COUNT     結果: Δ=47339/Δ>0
RAW SPLL_TRR_WRITE_COUNT     before=0x000A3B40 after=0x000AF42B delta=47339
[pass] WRPC_SPLL_TRR_POP_COUNT  結果: Δ=46924/Δ>0
RAW WRPC_SPLL_TRR_POP_COUNT  before=0x000A3B4B after=0x000AF297 delta=46924
[pass] WDIAGS_IRQ_COUNT         結果: Δ=45966/Δ>0
RAW WDIAGS_IRQ_COUNT         before=0x000A068A after=0x000ABA18 delta=45966
[pass] WDIAGS_HELPER_UPDATE_COUNT 結果: Δ=22922/Δ>0
RAW WDIAGS_HELPER_UPDATE_COUNT before=0x0004FE57 after=0x000557E1 delta=22922
[pass] BOOT_GENERATION          結果: Δ=0/Δ=0
RAW BOOT_GENERATION          before=0x00000001 after=0x00000001 delta=0
[pass] CPU_RESET_COUNT          結果: Δ=0/Δ=0
RAW CPU_RESET_COUNT          before=0x00000001 after=0x00000001 delta=0
[pass] WR_CORE_RESET_COUNT      結果: Δ=0/Δ=0
RAW WR_CORE_RESET_COUNT      before=0x00000001 after=0x00000001 delta=0
[pass] SI_CONFIG_DROP_COUNT     結果: Δ=0/Δ=0
RAW SI_CONFIG_DROP_COUNT     before=0x00000001 after=0x00000001 delta=0
STEP4B_ALLOWED = YES
STEP4B_RESULT = PASS
STEP4B_FIRST_INACTIVE_BOUNDARY = ACTIVE
Step 4B pass
Step 4 pass

## [Step 5] Closed-loop Lock
STEP5_LOCKDET_BEFORE: HELPER locked=0 changed=0 cnt=0/10000 threshold=200 ref_src=0 MAIN enabled=0 locked=0 freq=0 phase=0 freq_cnt=0/50 phase_cnt=0/1000 PSTAT_locked=0
STEP5_LOCKDET_AFTER: HELPER locked=0 changed=0 cnt=0/10000 threshold=200 ref_src=0 MAIN enabled=0 locked=0 freq=0 phase=0 freq_cnt=0/50 phase_cnt=0/1000 PSTAT_locked=0
[error] WDIAGS_PSTAT             結果: 0/1
STEP5_RESULT = NEVER_LOCKED
STEP5_FIRST_INACTIVE_BOUNDARY = HELPER_LOCK
Step 5 NA (single window is not stable-lock proof)

## [Step 6] Global Time
Step 6 NA

============================================================
White Rabbit Runtime 診斷：DE5 [1-11.2]
============================================================
Step 1 PHY / Link             pass
Step 2 Endpoint / PTP         pass
Step 3 WR Handshake           pass
Step 4 Step4B Slave SoftPLL Startup pass
Step 5 Closed-loop Lock       NA
Step 6 Global Time            NA
STEP1_REGRESSION = PASS
STEP2_REGRESSION = PASS
STEP3_REGRESSION = PASS
STEP4B_ALLOWED = YES
STEP4B_RESULT = PASS
STEP4B_FIRST_INACTIVE_BOUNDARY = ACTIVE
STEP5_RESULT = NEVER_LOCKED
STEP5_FIRST_INACTIVE_BOUNDARY = HELPER_LOCK
FAILURE_CLASSIFICATION = NO_FAILURE_EVIDENCE
============================================================

================ RAW_SNAPSHOT ================
RAW_SNAPSHOT board=DE5 [1-11.2] label=before
  status           = F11E52E134BC82EF
  cpu              = 0000007C000011B4
  marker           = 000000010000B004
  store            = 0009EA5E0001E2A0
  store_count      = 000000000330632F
  exception        = 8000000B000011A8
  clock            = 002D4233506260E3
  boot_generation  = 00000001
  cpu_reset_count  = 00000001
  wr_core_reset_count = 00000001
  si_config_drop_count = 00000001
  pps_cr           = 01312D06
  pps_escr         = 00000000
  ep_mach          = 02000200
  ep_macl          = 22334402
  ep_dsr           = 42000000
  ptp              = 00004109
  ptp_rx           = 0000018D
  ptp_tx           = 00000094
  ptp_meta         = 03020409
  tx               = 0000015C
  rx               = 000001F1
  rxerr            = 00000000
  ptp_types        = 045A2D5A
  foreign_meta     = 03000001
  filter_meta      = 00000000
  parse_meta       = 05012DA8
  wr_rx_signal     = 10010001
  wr_tx_signal     = 10000001
  wr_failure       = 02020001
  wr_state         = A000035C
  wr_reject        = 00000000
  pstat            = 00000001
  sstat            = 00000001
  sec_h            = 00000000
  sec_l            = 00000073
  ns               = 27D9E538
  lock_enable      = 00000004
  lock_result      = 00000001
  lock_polls       = 00005B1D
  lock_unlocked    = 00005B1D
  lock_calibration_fail = 00000000
  spll_state       = 00030004
  spll_ocer        = A83E6201
  spll_rcer        = 00000001
  spll_occr        = 080001C7
  spll_trr_csr     = 000A3214
  spll_dac_hpll    = E4C6BFEE
  spll_dac_main    = 00000003
  spll_helper_state = 00000000
  spll_helper_limits = 271000C8
  spll_main_state  = 00000000
  spll_main_limits = 00320032
  spll_main_phase_limits = 03E804B0
  spll_state_visit_mask = 00000618
  spll_state_transitions = 00000003
  spll_last_state  = 00000004
  spll_init_count  = 00000001
  dmtd_ref         = 0B37A9EF
  dmtd_fb          = 0A2AB810
  dmtd_ref_high_qual_abort = 000DAF97
  dmtd_fb_high_qual_abort = 00053B83
  tag_valid        = 000A3AE8
  trr_write        = 000A3B40
  irq              = 000A068A
  helper_update    = 0004FE57
  spll_helper_error = 000249F0
  spll_helper_output = 00000005
  eic_isr          = FFFF0000
  current_tics     = 00021383
RAW_SNAPSHOT board=DE5 [1-11.2] label=after
  status           = 211E1FC1245082CF
  cpu              = 0000007C000011B0
  marker           = 000000010000B004
  store            = 000A9F250001E2A0
  store_count      = 000000000363B7BE
  exception        = 8000000B000011B0
  clock            = 002B456A52E56423
  boot_generation  = 00000001
  cpu_reset_count  = 00000001
  wr_core_reset_count = 00000001
  si_config_drop_count = 00000001
  pps_cr           = 01312D02
  pps_escr         = 00000000
  ep_mach          = 02000200
  ep_macl          = 22334402
  ep_dsr           = 42000000
  ptp              = 00004109
  ptp_rx           = 000001AA
  ptp_tx           = 00000098
  ptp_meta         = 03020409
  tx               = 00000170
  rx               = 00000214
  rxerr            = 00000000
  ptp_types        = 04603060
  foreign_meta     = 03000001
  filter_meta      = 00000000
  parse_meta       = 050130C2
  wr_rx_signal     = 10010001
  wr_tx_signal     = 10000001
  wr_failure       = 02020001
  wr_state         = A000035C
  wr_reject        = 00000000
  pstat            = 00000001
  sstat            = 00000001
  sec_h            = 00000000
  sec_l            = 00000079
  ns               = 27EDEA80
  lock_enable      = 00000004
  lock_result      = 00000001
  lock_polls       = 00005B1D
  lock_unlocked    = 00005B1D
  lock_calibration_fail = 00000000
  spll_state       = 00030004
  spll_ocer        = 0F8FBE01
  spll_rcer        = 00000001
  spll_occr        = 6A000139
  spll_trr_csr     = 000AE86C
  spll_dac_hpll    = 117EDE88
  spll_dac_main    = 00000004
  spll_helper_state = 00000000
  spll_helper_limits = 271000C8
  spll_main_state  = 00000000
  spll_main_limits = 00320032
  spll_main_phase_limits = 03E804B0
  spll_state_visit_mask = 00000618
  spll_state_transitions = 00000003
  spll_last_state  = 00000004
  spll_init_count  = 00000001
  dmtd_ref         = 0B38043A
  dmtd_fb          = 0A2B16A0
  dmtd_ref_high_qual_abort = 000EA847
  dmtd_fb_high_qual_abort = 00059B38
  tag_valid        = 000AF3D1
  trr_write        = 000AF42B
  irq              = 000ABA18
  helper_update    = 000557E1
  spll_helper_error = 000249F0
  spll_helper_output = 00000005
  eic_isr          = FFFF0000
  current_tics     = 00022B56

============================================================
JTAG/WB transport health summary
============================================================
WB_TRANSPORT_PROTOCOL = PRELOAD_THEN_TOGGLE_COMMIT
WB_REQUEST_COUNT = 352
PRELOAD_COUNT = 352
COMMIT_COUNT = 352
WB_PROBE_READ_COUNT = 1760
PRELOAD_UNEXPECTED_TRIGGER_COUNT = 0
PROBE_3WAY_MATCH_COUNT = 352
STABLE_RESPONSE_WRONG_COUNT = 0
ADDRESS_CROSS_CONTAMINATION_COUNT = 0
TIMEOUT_COUNT = 0
INVALID_COUNT = 0
STALE_A5A5_COUNT = 0
UNSTABLE_TRANSACTION_COUNT = 0
DMTD_REF_DECREASE_COUNT = 0
DMTD_FB_DECREASE_COUNT = 0
PRELOAD_PROTOCOL_RUNTIME_REVALIDATION = PASS
JTAG_WB_DIAGNOSTIC_PATH = TRUSTED
============================================================

============================================================
STEP4A_RESULT = PASS
STEP4B_ALLOWED = YES
STEP4B_RESULT = PASS
STEP4B_FIRST_INACTIVE_BOUNDARY = ACTIVE
STEP5_RESULT = NOT_APPLICABLE_MASTER
STEP5_FIRST_INACTIVE_BOUNDARY = SLAVE_ONLY
STEP5_RESULT = NEVER_LOCKED
STEP5_FIRST_INACTIVE_BOUNDARY = HELPER_LOCK
============================================================
Info (23030): Evaluation of Tcl script scripts/jtag/read_wb_runtime.tcl was successful
Info: Quartus Prime SignalTap II was successful. 0 errors, 0 warnings
    Info: Peak virtual memory: 776 megabytes
    Info: Processing ended: Wed Sep  2 19:45:27 2026
    Info: Elapsed time: 00:00:15
    Info: Total CPU time (on all processors): 00:00:00
