Info: *******************************************************************
Info: Running Quartus Prime SignalTap II
    Info: Version 17.0.0 Build 595 04/25/2017 SJ Standard Edition
    Info: Copyright (C) 2017  Intel Corporation. All rights reserved.
    Info: Your use of Intel Corporation's design tools, logic functions 
    Info: and other software and tools, and its AMPP partner logic 
    Info: functions, and any output files from any of the foregoing 
    Info: (including device programming or simulation files), and any 
    Info: associated documentation or information are expressly subject 
    Info: to the terms and conditions of the Intel Program License 
    Info: Subscription Agreement, the Intel Quartus Prime License Agreement,
    Info: the Intel MegaCore Function License Agreement, or other 
    Info: applicable license agreement, including, without limitation, 
    Info: that your use is for the sole purpose of programming logic 
    Info: devices manufactured by Intel and sold by Intel or its 
    Info: authorized distributors.  Please refer to the applicable 
    Info: agreement for further details.
    Info: Processing started: Tue Sep 15 09:29:15 2026
Info: Command: quartus_stp -t scripts/jtag/read_wb_runtime.tcl --raw
Info: Quartus(args): --raw
RAW mailbox completion toggle wb_sync_toggle=0

============================================================
White Rabbit Runtime 診斷：DE5 [1-11.1]
============================================================

## [Step 1] PHY / 光纖 Link
[pass] si_config_done           結果: 1/1
[pass] wr_ready                 結果: 1/1
[pass] core_tm_link_up          結果: 1/1
[pass] core_link_ok             結果: 1/1
[pass] wr_rx_ready              結果: 1/1
[pass] wr_tx_ready              結果: 1/1
[pass] core_phy_rst             結果: 0/0
[pass] si_id_error              結果: 0/0
[pass] wr_rx_enc_err            結果: 0/0
[pass] wr_tx_enc_err            結果: 0/0
[pass] CPU_RESET_n              結果: 1/1
[pass] wr_rx_locked_to_data     結果: 1/1
[info] wr_rx_locked_to_ref      結果: 0/NA
[info] MOD_PRS_n                結果: 0/NA
[info] INTERRUPT_n              結果: 1/NA
Step 1 pass

## [Step 2] Endpoint / MiniNIC / PTP
[pass] EP_MAC_H/EP_MAC_L        結果: 02:00:22:33:44:01/02:00:22:33:44:01
[pass] WDIAGS_MODE              結果: 2 MASTER/2 MASTER
[pass] WDIAGS_PTP               結果: 6 MASTER (raw=01014106)/6 MASTER
[pass] WDIAGS_PTP_RX            結果: Δ=11/Δ>0
RAW WDIAGS_PTP_RX            before=0x0000029B after=0x000002A6 delta=11
[pass] WDIAGS_PTP_TX            結果: Δ=26/Δ>0
RAW WDIAGS_PTP_TX            before=0x000005E7 after=0x00000601 delta=26
[pass] WDIAGS_TX                結果: Δ=33/Δ>0
RAW WDIAGS_TX                before=0x000007A2 after=0x000007C3 delta=33
[pass] WDIAGS_RX                結果: Δ=17/Δ>0
RAW WDIAGS_RX                before=0x000003FC after=0x0000040D delta=17
[pass] WDIAGS_RXERR             結果: Δ=0/Δ=0
RAW WDIAGS_RXERR             before=0x00000000 after=0x00000000 delta=0
Step 2 pass

## [Step 3] WR Parent / Signaling
Step 3 NA

## [Step 4A] Master SoftPLL Event Chain
[pass] DMTD_REF_ACCEPT_EVENT    結果: Δ=23419/Δ>=0
RAW DMTD_REF_ACCEPT_EVENT    before=0x00217397 after=0x0021CF12 delta=23419
[pass] DMTD_FB_ACCEPT_EVENT     結果: Δ=23486/Δ>=0
RAW DMTD_FB_ACCEPT_EVENT     before=0x005D0660 after=0x005D621E delta=23486
[pass] DMTD_ACCEPT              結果: Δ=46905/Δ>0
[pass] SPLL_TAG_VALID_COUNT     結果: Δ=23498/Δ>0
RAW SPLL_TAG_VALID_COUNT     before=0x001704FB after=0x001760C5 delta=23498
[pass] SPLL_TRR_WRITE_COUNT     結果: Δ=23500/Δ>0
RAW SPLL_TRR_WRITE_COUNT     before=0x00170526 after=0x001760F2 delta=23500
[pass] WRPC_SPLL_TRR_POP_COUNT  結果: Δ=23246/Δ>0
RAW WRPC_SPLL_TRR_POP_COUNT  before=0x00170511 after=0x00175FDF delta=23246
[pass] WDIAGS_IRQ_COUNT         結果: Δ=23246/Δ>0
RAW WDIAGS_IRQ_COUNT         before=0x00170511 after=0x00175FDF delta=23246
[pass] WDIAGS_HELPER_UPDATE_COUNT 結果: Δ=23628/Δ>0
RAW WDIAGS_HELPER_UPDATE_COUNT before=0x00170511 after=0x0017615D delta=23628
[pass] BOOT_GENERATION          結果: Δ=0/Δ=0
RAW BOOT_GENERATION          before=0x00000001 after=0x00000001 delta=0
[pass] CPU_RESET_COUNT          結果: Δ=0/Δ=0
RAW CPU_RESET_COUNT          before=0x00000001 after=0x00000001 delta=0
[pass] WR_CORE_RESET_COUNT      結果: Δ=0/Δ=0
RAW WR_CORE_RESET_COUNT      before=0x00000001 after=0x00000001 delta=0
[pass] SI_CONFIG_DROP_COUNT     結果: Δ=0/Δ=0
RAW SI_CONFIG_DROP_COUNT     before=0x00000001 after=0x00000001 delta=0
STEP4A_MASTER_EVENT_CHAIN = PASS
Step 4 pass

## [Step 5] Closed-loop Lock
STEP5_RESULT = NOT_APPLICABLE_MASTER
STEP5_FIRST_INACTIVE_BOUNDARY = SLAVE_ONLY
Step 5 NA (Step5 closed-loop gate is for Slave)

## [Step 6] Global Time
Step 6 NA

============================================================
White Rabbit Runtime 診斷：DE5 [1-11.1]
============================================================
Step 1 PHY / Link             pass
Step 2 Endpoint / PTP         pass
Step 3 WR Handshake           NA
Step 4 Step4A Master Event Chain pass
Step 5 Closed-loop Lock       NA
Step 6 Global Time            NA
STEP1_REGRESSION = PASS
STEP2_REGRESSION = PASS
STEP3_REGRESSION = PASS
STEP4A_RESULT = PASS
STEP5_RESULT = NOT_APPLICABLE_MASTER
STEP5_FIRST_INACTIVE_BOUNDARY = SLAVE_ONLY
FAILURE_CLASSIFICATION = NO_FAILURE_EVIDENCE
============================================================

================ RAW_SNAPSHOT ================
RAW_SNAPSHOT board=DE5 [1-11.1] label=before
  status           = E11EE443255082FF
  cpu              = 0000007C0000122C
  marker           = 000000010000B004
  store            = 0016F7380001EB58
  store_count      = 000000000B888FAA
  exception        = 8000000B00001224
  clock            = 003BC4C4614D8F65
  boot_generation  = 00000001
  cpu_reset_count  = 00000001
  wr_core_reset_count = 00000001
  si_config_drop_count = 00000001
  pps_cr           = 01312D06
  pps_escr         = 0000010C
  ep_mach          = 02000200
  ep_macl          = 22334401
  ep_dsr           = 42000000
  ptp              = 01014106
  ptp_rx           = 0000029B
  ptp_tx           = 000005E7
  ptp_meta         = 02020406
  tx               = 000007A2
  rx               = 000003FC
  rxerr            = 00000000
  ptp_types        = 01010101
  foreign_meta     = 0000FF00
  filter_meta      = 00000000
  parse_meta       = 00010174
  wr_rx_signal     = 10000001
  wr_tx_signal     = 10010004
  wr_failure       = 01036A01
  wr_state         = A0000064
  wr_reject        = 00000000
  pstat            = 00000001
  sstat            = 8F9D1006
  sec_h            = 00000000
  sec_l            = 00000184
  ns               = 38B22FD8
  lock_enable      = 00000000
  lock_result      = 8F9D0400
  lock_polls       = 00000000
  lock_unlocked    = 00000000
  lock_calibration_fail = 00000000
  spll_state       = 00020004
  spll_ocer        = D647E601
  spll_rcer        = 00000000
  spll_occr        = 2A00015A
  spll_trr_csr     = 00160084
  spll_dac_hpll    = 551894A7
  spll_dac_main    = 0000000B
  spll_helper_state = 00060100
  spll_helper_limits = 03E807D0
  spll_main_state  = 00000000
  spll_main_limits = 00320032
  spll_main_phase_limits = 03E804B0
  spll_state_visit_mask = 00000618
  spll_state_transitions = 00000003
  spll_last_state  = 00000004
  spll_init_count  = 00000001
  dmtd_ref         = 00217397
  dmtd_fb          = 005D0660
  dmtd_ref_high_qual_abort = 01183D10
  dmtd_fb_high_qual_abort = 00C173C4
  tag_valid        = 001704FB
  trr_write        = 00170526
  irq              = 00170511
  helper_update    = 00170511
  spll_helper_error = FFFDB610
  spll_helper_output = 0000FFFB
  eic_isr          = FFFF0000
  current_tics     = 0005F612
RAW_SNAPSHOT board=DE5 [1-11.1] label=after
  status           = 711E4EC1255082FF
  cpu              = 0000007C00001228
  marker           = 000000010000B004
  store            = 001752590001EB58
  store_count      = 000000000BB6EAF1
  exception        = 8000000B00001224
  clock            = 002CA4EF40C26F90
  boot_generation  = 00000001
  cpu_reset_count  = 00000001
  wr_core_reset_count = 00000001
  si_config_drop_count = 00000001
  pps_cr           = 01312D06
  pps_escr         = 0000010C
  ep_mach          = 02000200
  ep_macl          = 22334401
  ep_dsr           = 42000000
  ptp              = 01014106
  ptp_rx           = 000002A6
  ptp_tx           = 00000601
  ptp_meta         = 02020406
  tx               = 000007C3
  rx               = 0000040D
  rxerr            = 00000000
  ptp_types        = 01010101
  foreign_meta     = 0000FF00
  filter_meta      = 00000000
  parse_meta       = 00010188
  wr_rx_signal     = 10000001
  wr_tx_signal     = 10010004
  wr_failure       = 01036A01
  wr_state         = A0000064
  wr_reject        = 00000000
  pstat            = 00000001
  sstat            = 8F9D1006
  sec_h            = 00000000
  sec_l            = 0000018A
  ns               = 38AC6BF0
  lock_enable      = 00000000
  lock_result      = 8F9D0400
  lock_polls       = 00000000
  lock_unlocked    = 00000000
  lock_calibration_fail = 00000000
  spll_state       = 00020004
  spll_ocer        = E39F4201
  spll_rcer        = 00000000
  spll_occr        = 670001B1
  spll_trr_csr     = 00165A4C
  spll_dac_hpll    = 828E95CB
  spll_dac_main    = 0000000B
  spll_helper_state = 00060100
  spll_helper_limits = 03E807D0
  spll_main_state  = 00000000
  spll_main_limits = 00320032
  spll_main_phase_limits = 03E804B0
  spll_state_visit_mask = 00000618
  spll_state_transitions = 00000003
  spll_last_state  = 00000004
  spll_init_count  = 00000001
  dmtd_ref         = 0021CF12
  dmtd_fb          = 005D621E
  dmtd_ref_high_qual_abort = 011C709C
  dmtd_fb_high_qual_abort = 00C47785
  tag_valid        = 001760C5
  trr_write        = 001760F2
  irq              = 00175FDF
  helper_update    = 0017615D
  spll_helper_error = FFFDB610
  spll_helper_output = 0000FFFB
  eic_isr          = FFFF0000
  current_tics     = 00060DE6
RAW mailbox completion toggle wb_sync_toggle=0

============================================================
White Rabbit Runtime 診斷：DE5 [1-11.2]
============================================================

## [Step 1] PHY / 光纖 Link
[pass] si_config_done           結果: 1/1
[pass] wr_ready                 結果: 1/1
[pass] core_tm_link_up          結果: 1/1
[pass] core_link_ok             結果: 1/1
[pass] wr_rx_ready              結果: 1/1
[pass] wr_tx_ready              結果: 1/1
[pass] core_phy_rst             結果: 0/0
[pass] si_id_error              結果: 0/0
[pass] wr_rx_enc_err            結果: 0/0
[pass] wr_tx_enc_err            結果: 0/0
[pass] CPU_RESET_n              結果: 1/1
[pass] wr_rx_locked_to_data     結果: 1/1
[info] wr_rx_locked_to_ref      結果: 0/NA
[info] MOD_PRS_n                結果: 0/NA
[info] INTERRUPT_n              結果: 1/NA
Step 1 pass

## [Step 2] Endpoint / MiniNIC / PTP
[pass] EP_MAC_H/EP_MAC_L        結果: 02:00:22:33:44:02/02:00:22:33:44:02
[pass] WDIAGS_MODE              結果: 3 SLAVE/3 SLAVE
[pass] WDIAGS_PTP               結果: 9 SLAVE (raw=00004109)/9 SLAVE
[pass] WDIAGS_PTP_RX            結果: Δ=27/Δ>0
RAW WDIAGS_PTP_RX            before=0x000004D3 after=0x000004EE delta=27
[pass] WDIAGS_PTP_TX            結果: Δ=3/Δ>0
RAW WDIAGS_PTP_TX            before=0x000001F5 after=0x000001F8 delta=3
[pass] WDIAGS_TX                結果: Δ=20/Δ>0
RAW WDIAGS_TX                before=0x00000375 after=0x00000389 delta=20
[pass] WDIAGS_RX                結果: Δ=34/Δ>0
RAW WDIAGS_RX                before=0x000005EF after=0x00000611 delta=34
[pass] WDIAGS_RXERR             結果: Δ=0/Δ=0
RAW WDIAGS_RXERR             before=0x00000000 after=0x00000000 delta=0
Step 2 pass

## [Step 3] WR Parent / Signaling
[pass] WDIAGS_FOREIGN_META      結果: 1/1
[pass] WDIAGS_FOREIGN_META      結果: 0/0
[info] WDIAGS_FOREIGN_META      結果: detection=0 config=3/NA
[pass] parentIsWRnode           結果: 1/1
[info] parentWrModeOn           結果: 0/NA
[pass] parentCalibrated         結果: 1/1
[pass] WR_RX_SIGNAL_DEBUG       結果: LOCK count=1/LOCK 0x1001,count>0
[pass] WR_TX_SIGNAL_DEBUG       結果: SLAVE_PRESENT count=1/SLAVE_PRESENT 0x1000,count>0
[info] WDIAGS_TEMP              結果: WRS_IDLE next=WRS_IDLE POST_STEP3_TIMEOUT/NA
[pass] LOCK_ENABLE              結果: 4/> 0
[info] WR_FAILURE_DEBUG         結果: TIMEOUT last_fail_state=WRS_S_LOCK failure_count=35329/NA
Step 3 pass

## [Step 4B] Slave SoftPLL Startup
[pass] LOCK_ENABLE_COUNT        結果: 4/> 0
[pass] SPLL_MODE                結果: 3 (SPLL_MODE_SLAVE)/3 SPLL_MODE_SLAVE
[pass] SPLL_SEQ_STATE           結果: 6 (SEQ_WAIT_MAIN)/active, not 0/7
[pass] SPLL_STATE_VISIT_MASK    結果: 0x00000678/> 0
[pass] SPLL_INIT_COUNT          結果: 1/> 0
[pass] RCER                     結果: 0x00000001/> 0
[pass] OCER                     結果: 0x3FDFCD01/> 0
[info] SPLL_ALIGN_STATE         結果: 0/NA
[info] SPLL_STATE_TRANSITIONS   結果: 0x00000005/NA
[info] SPLL_LAST_STATE          結果: 6 (SEQ_WAIT_MAIN)/NA
[info] OCCR                     結果: 0xD20001EB/NA
[pass] DMTD_REF_ACCEPT_EVENT    結果: Δ=23081/Δ>=0
RAW DMTD_REF_ACCEPT_EVENT    before=0x02536ACD after=0x0253C4F6 delta=23081
[pass] DMTD_FB_ACCEPT_EVENT     結果: Δ=23016/Δ>=0
RAW DMTD_FB_ACCEPT_EVENT     before=0x027C83F6 after=0x027CDDDE delta=23016
[pass] DMTD_ACCEPT              結果: Δ=46097/Δ>0
[pass] SPLL_TAG_VALID_COUNT     結果: Δ=46104/Δ>0
RAW SPLL_TAG_VALID_COUNT     before=0x001FCCE4 after=0x002080FC delta=46104
[pass] SPLL_TRR_WRITE_COUNT     結果: Δ=46104/Δ>0
RAW SPLL_TRR_WRITE_COUNT     before=0x001FCD39 after=0x00208151 delta=46104
[pass] WRPC_SPLL_TRR_POP_COUNT  結果: Δ=45696/Δ>0
RAW WRPC_SPLL_TRR_POP_COUNT  before=0x001FCCF7 after=0x00207F77 delta=45696
[pass] WDIAGS_IRQ_COUNT         結果: Δ=43981/Δ>0
RAW WDIAGS_IRQ_COUNT         before=0x001EA380 after=0x001F4F4D delta=43981
[pass] WDIAGS_HELPER_UPDATE_COUNT 結果: Δ=22880/Δ>0
RAW WDIAGS_HELPER_UPDATE_COUNT before=0x000F7405 after=0x000FCD65 delta=22880
[pass] BOOT_GENERATION          結果: Δ=0/Δ=0
RAW BOOT_GENERATION          before=0x00000001 after=0x00000001 delta=0
[pass] CPU_RESET_COUNT          結果: Δ=0/Δ=0
RAW CPU_RESET_COUNT          before=0x00000001 after=0x00000001 delta=0
[pass] WR_CORE_RESET_COUNT      結果: Δ=0/Δ=0
RAW WR_CORE_RESET_COUNT      before=0x00000001 after=0x00000001 delta=0
[pass] SI_CONFIG_DROP_COUNT     結果: Δ=0/Δ=0
RAW SI_CONFIG_DROP_COUNT     before=0x00000001 after=0x00000001 delta=0
STEP4B_ALLOWED = YES
STEP4B_RESULT = PASS
STEP4B_FIRST_INACTIVE_BOUNDARY = ACTIVE
Step 4B pass
Step 4 pass

## [Step 5] Closed-loop Lock
STEP5_LOCKDET_BEFORE: HELPER locked=1 changed=0 cnt=1000/1000 threshold=2000 ref_src=0 MAIN enabled=1 locked=0 freq=1 phase=0 freq_cnt=48/50 phase_cnt=100/1000 PSTAT_locked=0
STEP5_LOCKDET_AFTER: HELPER locked=1 changed=0 cnt=1000/1000 threshold=2000 ref_src=0 MAIN enabled=1 locked=0 freq=1 phase=0 freq_cnt=47/50 phase_cnt=100/1000 PSTAT_locked=0
[error] WDIAGS_PSTAT             結果: 0/1
STEP5_RESULT = NEVER_LOCKED
STEP5_FIRST_INACTIVE_BOUNDARY = MAIN_PHASE_LOCK
Step 5 NA (single window is not stable-lock proof)

## [Step 6] Global Time
Step 6 NA

============================================================
White Rabbit Runtime 診斷：DE5 [1-11.2]
============================================================
Step 1 PHY / Link             pass
Step 2 Endpoint / PTP         pass
Step 3 WR Handshake           pass
Step 4 Step4B Slave SoftPLL Startup pass
Step 5 Closed-loop Lock       NA
Step 6 Global Time            NA
STEP1_REGRESSION = PASS
STEP2_REGRESSION = PASS
STEP3_REGRESSION = PASS
STEP4B_ALLOWED = YES
STEP4B_RESULT = PASS
STEP4B_FIRST_INACTIVE_BOUNDARY = ACTIVE
STEP5_RESULT = NEVER_LOCKED
STEP5_FIRST_INACTIVE_BOUNDARY = MAIN_PHASE_LOCK
FAILURE_CLASSIFICATION = NO_FAILURE_EVIDENCE
============================================================

================ RAW_SNAPSHOT ================
RAW_SNAPSHOT board=DE5 [1-11.2] label=before
  status           = 95101A6132BC82CF
  cpu              = 0000007C00001228
  marker           = 000000010000B004
  store            = 001E88FC0001EB58
  store_count      = 000000000D96EDCF
  exception        = 8000000B00001224
  clock            = 00281815F9C61AE6
  boot_generation  = 00000001
  cpu_reset_count  = 00000001
  wr_core_reset_count = 00000001
  si_config_drop_count = 00000001
  pps_cr           = 01312D02
  pps_escr         = 00000100
  ep_mach          = 02000200
  ep_macl          = 22334402
  ep_dsr           = 42000000
  ptp              = 00004109
  ptp_rx           = 000004D3
  ptp_tx           = 000001F5
  ptp_meta         = 03020409
  tx               = 00000375
  rx               = 000005EF
  rxerr            = 00000000
  ptp_types        = 04158915
  foreign_meta     = 03000001
  filter_meta      = 00000000
  parse_meta       = 0501899E
  wr_rx_signal     = 10010001
  wr_tx_signal     = 10000001
  wr_failure       = 02028A01
  wr_state         = A000035C
  wr_reject        = 00000000
  pstat            = 00000001
  sstat            = D90F1007
  sec_h            = 00000000
  sec_l            = 0000018C
  ns               = 0D189A28
  lock_enable      = 00000004
  lock_result      = D90F0601
  lock_polls       = 00016A41
  lock_unlocked    = 00016A41
  lock_calibration_fail = 00000000
  spll_state       = 00030006
  spll_ocer        = D4810101
  spll_rcer        = 00000001
  spll_occr        = 930001A8
  spll_trr_csr     = 001EC406
  spll_dac_hpll    = 468236C0
  spll_dac_main    = 00000008
  spll_helper_state = 03E80001
  spll_helper_limits = 03E807D0
  spll_main_state  = 06403005
  spll_main_limits = 00320032
  spll_main_phase_limits = 03E804B0
  spll_state_visit_mask = 00000678
  spll_state_transitions = 00000005
  spll_last_state  = 00000006
  spll_init_count  = 00000001
  dmtd_ref         = 02536ACD
  dmtd_fb          = 027C83F6
  dmtd_ref_high_qual_abort = 002AE593
  dmtd_fb_high_qual_abort = 0011F56B
  tag_valid        = 001FCCE4
  trr_write        = 001FCD39
  irq              = 001EA380
  helper_update    = 000F7405
  spll_helper_error = 0000007D
  spll_helper_output = 0000E6AC
  eic_isr          = FFFF0000
  current_tics     = 00045BE4
RAW_SNAPSHOT board=DE5 [1-11.2] label=after
  status           = D91033E132FC82CF
  cpu              = 0000007C00000EBC
  marker           = 000000010000B004
  store            = 001F35F70001EB58
  store_count      = 000000000DE2AD66
  exception        = 8000000B00001224
  clock            = 0029168CF788195B
  boot_generation  = 00000001
  cpu_reset_count  = 00000001
  wr_core_reset_count = 00000001
  si_config_drop_count = 00000001
  pps_cr           = 01312D02
  pps_escr         = 00000100
  ep_mach          = 02000200
  ep_macl          = 22334402
  ep_dsr           = 42000000
  ptp              = 00004109
  ptp_rx           = 000004EE
  ptp_tx           = 000001F8
  ptp_meta         = 03020409
  tx               = 00000389
  rx               = 00000611
  rxerr            = 00000000
  ptp_types        = 041B8D1B
  foreign_meta     = 03000001
  filter_meta      = 00000000
  parse_meta       = 05018DB9
  wr_rx_signal     = 10010001
  wr_tx_signal     = 10000001
  wr_failure       = 02028A01
  wr_state         = A000035C
  wr_reject        = 00000000
  pstat            = 00000001
  sstat            = D90F1007
  sec_h            = 00000000
  sec_l            = 00000192
  ns               = 0D022DF8
  lock_enable      = 00000004
  lock_result      = D90F0601
  lock_polls       = 00016A41
  lock_unlocked    = 00016A41
  lock_calibration_fail = 00000000
  spll_state       = 00030006
  spll_ocer        = 3FDFCD01
  spll_rcer        = 00000001
  spll_occr        = D20001EB
  spll_trr_csr     = 00227688
  spll_dac_hpll    = 73F4CFF9
  spll_dac_main    = 00000008
  spll_helper_state = 03E80001
  spll_helper_limits = 03E807D0
  spll_main_state  = 06402F05
  spll_main_limits = 00320032
  spll_main_phase_limits = 03E804B0
  spll_state_visit_mask = 00000678
  spll_state_transitions = 00000005
  spll_last_state  = 00000006
  spll_init_count  = 00000001
  dmtd_ref         = 0253C4F6
  dmtd_fb          = 027CDDDE
  dmtd_ref_high_qual_abort = 002BCE68
  dmtd_fb_high_qual_abort = 00125ABC
  tag_valid        = 002080FC
  trr_write        = 00208151
  irq              = 001F4F4D
  helper_update    = 000FCD65
  spll_helper_error = FFFFFFC5
  spll_helper_output = 0000E7A2
  eic_isr          = FFFF0000
  current_tics     = 000473B7

============================================================
JTAG/WB transport health summary
============================================================
WB_TRANSPORT_PROTOCOL = PRELOAD_THEN_TOGGLE_COMMIT
WB_REQUEST_COUNT = 352
PRELOAD_COUNT = 352
COMMIT_COUNT = 352
WB_PROBE_READ_COUNT = 1760
PRELOAD_UNEXPECTED_TRIGGER_COUNT = 0
PROBE_3WAY_MATCH_COUNT = 352
STABLE_RESPONSE_WRONG_COUNT = 0
ADDRESS_CROSS_CONTAMINATION_COUNT = 0
TIMEOUT_COUNT = 0
INVALID_COUNT = 0
STALE_A5A5_COUNT = 0
UNSTABLE_TRANSACTION_COUNT = 0
DMTD_REF_DECREASE_COUNT = 0
DMTD_FB_DECREASE_COUNT = 0
PRELOAD_PROTOCOL_RUNTIME_REVALIDATION = PASS
JTAG_WB_DIAGNOSTIC_PATH = TRUSTED
============================================================

============================================================
STEP4A_RESULT = PASS
STEP4B_ALLOWED = YES
STEP4B_RESULT = PASS
STEP4B_FIRST_INACTIVE_BOUNDARY = ACTIVE
STEP5_RESULT = NOT_APPLICABLE_MASTER
STEP5_FIRST_INACTIVE_BOUNDARY = SLAVE_ONLY
STEP5_RESULT = NEVER_LOCKED
STEP5_FIRST_INACTIVE_BOUNDARY = MAIN_PHASE_LOCK
============================================================
Info (23030): Evaluation of Tcl script scripts/jtag/read_wb_runtime.tcl was successful
Info: Quartus Prime SignalTap II was successful. 0 errors, 0 warnings
    Info: Peak virtual memory: 776 megabytes
    Info: Processing ended: Tue Sep 15 09:29:30 2026
    Info: Elapsed time: 00:00:15
    Info: Total CPU time (on all processors): 00:00:01
