Info: *******************************************************************
Info: Running Quartus Prime SignalTap II
    Info: Version 17.0.0 Build 595 04/25/2017 SJ Standard Edition
    Info: Copyright (C) 2017  Intel Corporation. All rights reserved.
    Info: Your use of Intel Corporation's design tools, logic functions 
    Info: and other software and tools, and its AMPP partner logic 
    Info: functions, and any output files from any of the foregoing 
    Info: (including device programming or simulation files), and any 
    Info: associated documentation or information are expressly subject 
    Info: to the terms and conditions of the Intel Program License 
    Info: Subscription Agreement, the Intel Quartus Prime License Agreement,
    Info: the Intel MegaCore Function License Agreement, or other 
    Info: applicable license agreement, including, without limitation, 
    Info: that your use is for the sole purpose of programming logic 
    Info: devices manufactured by Intel and sold by Intel or its 
    Info: authorized distributors.  Please refer to the applicable 
    Info: agreement for further details.
    Info: Processing started: Mon Aug 31 07:36:24 2026
Info: Command: quartus_stp -t /home/b10504072/04_WR/scripts/jtag/read_wb_runtime.tcl --raw
Info: Quartus(args): --raw
RAW mailbox completion toggle wb_sync_toggle=0

============================================================
White Rabbit Runtime 診斷：DE5 [1-11.1]
============================================================

## [Step 1] PHY / 光纖 Link
[pass] si_config_done           結果: 1/1
[pass] wr_ready                 結果: 1/1
[pass] core_tm_link_up          結果: 1/1
[pass] core_link_ok             結果: 1/1
[pass] wr_rx_ready              結果: 1/1
[pass] wr_tx_ready              結果: 1/1
[pass] core_phy_rst             結果: 0/0
[pass] si_id_error              結果: 0/0
[pass] wr_rx_enc_err            結果: 0/0
[pass] wr_tx_enc_err            結果: 0/0
[pass] CPU_RESET_n              結果: 1/1
[pass] wr_rx_locked_to_data     結果: 1/1
[info] wr_rx_locked_to_ref      結果: 0/NA
[info] MOD_PRS_n                結果: 0/NA
[info] INTERRUPT_n              結果: 1/NA
Step 1 pass

## [Step 2] Endpoint / MiniNIC / PTP
[pass] EP_MAC_H/EP_MAC_L        結果: 02:00:22:33:44:01/02:00:22:33:44:01
[pass] WDIAGS_MODE              結果: 2 MASTER/2 MASTER
[error] WDIAGS_PTP               結果: 4 LISTENING (raw=01014104)/6 MASTER
[pass] WDIAGS_PTP_RX            結果: Δ=3/Δ>0
RAW WDIAGS_PTP_RX            before=0x00000000 after=0x00000003 delta=3
[info] WDIAGS_PTP_TX            結果: Δ=0/NA
RAW WDIAGS_PTP_TX            before=0x00000000 after=0x00000000 delta=0
[pass] WDIAGS_TX                結果: Δ=4/Δ>0
RAW WDIAGS_TX                before=0x00000000 after=0x00000004 delta=4
[pass] WDIAGS_RX                結果: Δ=5/Δ>0
RAW WDIAGS_RX                before=0x00000000 after=0x00000005 delta=5
[pass] WDIAGS_RXERR             結果: Δ=0/Δ=0
RAW WDIAGS_RXERR             before=0x00000000 after=0x00000000 delta=0
Step 2 NA

## [Step 3] WR Parent / Signaling
Step 3 NA

## [Step 4A] Master SoftPLL Event Chain
[pass] DMTD_REF_ACCEPT_EVENT    結果: Δ=23211/Δ>=0
RAW DMTD_REF_ACCEPT_EVENT    before=0x0074B530 after=0x00750FDB delta=23211
[pass] DMTD_FB_ACCEPT_EVENT     結果: Δ=22296/Δ>=0
RAW DMTD_FB_ACCEPT_EVENT     before=0x00405EE8 after=0x0040B600 delta=22296
[pass] DMTD_ACCEPT              結果: Δ=45507/Δ>0
[pass] SPLL_TAG_VALID_COUNT     結果: Δ=22296/Δ>0
RAW SPLL_TAG_VALID_COUNT     before=0x00010D66 after=0x0001647E delta=22296
[pass] SPLL_TRR_WRITE_COUNT     結果: Δ=22296/Δ>0
RAW SPLL_TRR_WRITE_COUNT     before=0x00010D7D after=0x00016495 delta=22296
[pass] WRPC_SPLL_TRR_POP_COUNT  結果: Δ=90911/Δ>0
RAW WRPC_SPLL_TRR_POP_COUNT  before=0x00000000 after=0x0001631F delta=90911
[pass] WDIAGS_IRQ_COUNT         結果: Δ=91311/Δ>0
RAW WDIAGS_IRQ_COUNT         before=0x00000000 after=0x000164AF delta=91311
[pass] WDIAGS_HELPER_UPDATE_COUNT 結果: Δ=91311/Δ>0
RAW WDIAGS_HELPER_UPDATE_COUNT before=0x00000000 after=0x000164AF delta=91311
[pass] BOOT_GENERATION          結果: Δ=0/Δ=0
RAW BOOT_GENERATION          before=0x00000001 after=0x00000001 delta=0
[pass] CPU_RESET_COUNT          結果: Δ=0/Δ=0
RAW CPU_RESET_COUNT          before=0x00000001 after=0x00000001 delta=0
[pass] WR_CORE_RESET_COUNT      結果: Δ=0/Δ=0
RAW WR_CORE_RESET_COUNT      before=0x00000001 after=0x00000001 delta=0
[pass] SI_CONFIG_DROP_COUNT     結果: Δ=0/Δ=0
RAW SI_CONFIG_DROP_COUNT     before=0x00000001 after=0x00000001 delta=0
STEP4A_MASTER_EVENT_CHAIN = PASS
Step 4 pass

## [Step 5] Closed-loop Lock
STEP5_RESULT = NOT_APPLICABLE_MASTER
STEP5_FIRST_INACTIVE_BOUNDARY = SLAVE_ONLY
Step 5 NA (Step5 closed-loop gate is for Slave)

## [Step 6] Global Time
Step 6 NA

============================================================
White Rabbit Runtime 診斷：DE5 [1-11.1]
============================================================
Step 1 PHY / Link             pass
Step 2 Endpoint / PTP         NA
Step 3 WR Handshake           NA
Step 4 Step4A Master Event Chain pass
Step 5 Closed-loop Lock       NA
Step 6 Global Time            NA
STEP1_REGRESSION = PASS
STEP2_REGRESSION = INVALID
STEP3_REGRESSION = PASS
STEP4A_RESULT = PASS
STEP5_RESULT = NOT_APPLICABLE_MASTER
STEP5_FIRST_INACTIVE_BOUNDARY = SLAVE_ONLY
FAILURE_CLASSIFICATION = JTAG/DASHBOARD_MEASUREMENT_FAILURE
============================================================

================ RAW_SNAPSHOT ================
RAW_SNAPSHOT board=DE5 [1-11.1] label=before
  status           = 400238E339BC82FF
  cpu              = 0000007C000069E0
  marker           = 000000010000B001
  store            = 000104430001DD90
  store_count      = 000000000054C57B
  exception        = 8000000B000069DC
  clock            = 0028EE24EF42F174
  boot_generation  = 00000001
  cpu_reset_count  = 00000001
  wr_core_reset_count = 00000001
  si_config_drop_count = 00000001
  pps_cr           = 01312D06
  pps_escr         = 01312D0C
  ep_mach          = 02000200
  ep_macl          = 22334401
  ep_dsr           = 42000000
  ptp              = INVALID
  ptp_rx           = 00000000
  ptp_tx           = 00000000
  ptp_meta         = INVALID
  tx               = 00000000
  rx               = 00000000
  rxerr            = 00000000
  ptp_types        = 00000000
  foreign_meta     = INVALID
  filter_meta      = 00000000
  parse_meta       = 00000000
  wr_rx_signal     = 00000000
  wr_tx_signal     = 00000000
  wr_failure       = 00000000
  wr_state         = INVALID
  wr_reject        = 00000000
  pstat            = 00000000
  sstat            = 00000000
  sec_h            = 00000000
  sec_l            = 00000000
  ns               = 00000000
  lock_enable      = 00000000
  lock_result      = 00000000
  lock_polls       = 00000000
  lock_unlocked    = 00000000
  lock_calibration_fail = 00000000
  spll_state       = 00000000
  spll_ocer        = 00000000
  spll_rcer        = 00000000
  spll_occr        = 00000000
  spll_trr_csr     = 00000000
  spll_dac_hpll    = 00000000
  spll_dac_main    = 00000000
  spll_helper_state = 00000000
  spll_helper_limits = 00000000
  spll_main_state  = 00000000
  spll_main_limits = 00000000
  spll_main_phase_limits = 00000000
  spll_state_visit_mask = 00000000
  spll_state_transitions = 00000000
  spll_last_state  = 00000000
  spll_init_count  = 00000000
  dmtd_ref         = 0074B530
  dmtd_fb          = 00405EE8
  dmtd_ref_high_qual_abort = 000B2328
  dmtd_fb_high_qual_abort = 00087911
  tag_valid        = 00010D66
  trr_write        = 00010D7D
  irq              = 00000000
  helper_update    = 00000000
  spll_helper_error = 00000000
  spll_helper_output = 00000000
  eic_isr          = FFFF0000
  current_tics     = 00000000
RAW_SNAPSHOT board=DE5 [1-11.1] label=after
  status           = 301090E139BC82FF
  cpu              = 0000007C00004078
  marker           = 000000010000B004
  store            = 0001E0000002FF68
  store_count      = 0000000000EF4BC8
  exception        = 8000000B000048D4
  clock            = 002B006C00D303B5
  boot_generation  = 00000001
  cpu_reset_count  = 00000001
  wr_core_reset_count = 00000001
  si_config_drop_count = 00000001
  pps_cr           = 01312D06
  pps_escr         = 0000000C
  ep_mach          = 02000200
  ep_macl          = 22334401
  ep_dsr           = 42000000
  ptp              = 01014104
  ptp_rx           = 00000003
  ptp_tx           = 00000000
  ptp_meta         = 02010204
  tx               = 00000004
  rx               = 00000005
  rxerr            = 00000000
  ptp_types        = 00010101
  foreign_meta     = INVALID
  filter_meta      = 00000000
  parse_meta       = 00010105
  wr_rx_signal     = 00000000
  wr_tx_signal     = 00000000
  wr_failure       = 00000000
  wr_state         = A0000064
  wr_reject        = 00000000
  pstat            = 00000001
  sstat            = 00000000
  sec_h            = 00000000
  sec_l            = 00000016
  ns               = 2034B030
  lock_enable      = 00000000
  lock_result      = 00000000
  lock_polls       = 00000000
  lock_unlocked    = 00000000
  lock_calibration_fail = 00000000
  spll_state       = 00020004
  spll_ocer        = 2C0DC401
  spll_rcer        = 00000000
  spll_occr        = E50001F0
  spll_trr_csr     = 0002608E
  spll_dac_hpll    = AA2C117A
  spll_dac_main    = 00000000
  spll_helper_state = 00000100
  spll_helper_limits = 271000C8
  spll_main_state  = 00000000
  spll_main_limits = 00320032
  spll_main_phase_limits = 03E804B0
  spll_state_visit_mask = 00000618
  spll_state_transitions = 00000003
  spll_last_state  = 00000004
  spll_init_count  = 00000001
  dmtd_ref         = 00750FDB
  dmtd_fb          = 0040B600
  dmtd_ref_high_qual_abort = 000EBAC9
  dmtd_fb_high_qual_abort = 000B367C
  tag_valid        = 0001647E
  trr_write        = 00016495
  irq              = 000164AF
  helper_update    = 000164AF
  spll_helper_error = FFFDB610
  spll_helper_output = 0000FFFB
  eic_isr          = FFFF0000
  current_tics     = 00005E04
RAW mailbox completion toggle wb_sync_toggle=0

============================================================
White Rabbit Runtime 診斷：DE5 [1-11.2]
============================================================

## [Step 1] PHY / 光纖 Link
[pass] si_config_done           結果: 1/1
[pass] wr_ready                 結果: 1/1
[pass] core_tm_link_up          結果: 1/1
[pass] core_link_ok             結果: 1/1
[pass] wr_rx_ready              結果: 1/1
[pass] wr_tx_ready              結果: 1/1
[pass] core_phy_rst             結果: 0/0
[pass] si_id_error              結果: 0/0
[pass] wr_rx_enc_err            結果: 0/0
[pass] wr_tx_enc_err            結果: 0/0
[pass] CPU_RESET_n              結果: 1/1
[pass] wr_rx_locked_to_data     結果: 1/1
[info] wr_rx_locked_to_ref      結果: 0/NA
[info] MOD_PRS_n                結果: 0/NA
[info] INTERRUPT_n              結果: 1/NA
Step 1 pass

## [Step 2] Endpoint / MiniNIC / PTP
[pass] EP_MAC_H/EP_MAC_L        結果: 02:00:22:33:44:02/02:00:22:33:44:02
[pass] WDIAGS_MODE              結果: 3 SLAVE/3 SLAVE
[error] WDIAGS_PTP               結果: 4 LISTENING (raw=00004104)/9 SLAVE
[pass] WDIAGS_PTP_RX            結果: Δ=8/Δ>0
RAW WDIAGS_PTP_RX            before=0x00000480 after=0x00000488 delta=8
[pass] WDIAGS_PTP_TX            結果: Δ=5/Δ>0
RAW WDIAGS_PTP_TX            before=0x000000F6 after=0x000000FB delta=5
[pass] WDIAGS_TX                結果: Δ=12/Δ>0
RAW WDIAGS_TX                before=0x00000371 after=0x0000037D delta=12
[pass] WDIAGS_RX                結果: Δ=14/Δ>0
RAW WDIAGS_RX                before=0x0000058B after=0x00000599 delta=14
[pass] WDIAGS_RXERR             結果: Δ=0/Δ=0
RAW WDIAGS_RXERR             before=0x00000000 after=0x00000000 delta=0
Step 2 NA

## [Step 3] WR Parent / Signaling
[error] WDIAGS_FOREIGN_META      結果: TIMEOUT/1
[error] WDIAGS_FOREIGN_META      結果: TIMEOUT/0
[info] WDIAGS_FOREIGN_META      結果: detection=TIMEOUT config=TIMEOUT/NA
[error] parentIsWRnode           結果: 0/1
[info] parentWrModeOn           結果: 0/NA
[error] parentCalibrated         結果: 0/1
[error] WR_RX_SIGNAL_DEBUG       結果: UNKNOWN count=0/LOCK 0x1001,count>0
[error] WR_TX_SIGNAL_DEBUG       結果: UNKNOWN count=0/SLAVE_PRESENT 0x1000,count>0
[info] WDIAGS_TEMP              結果: WRS_IDLE next=WRS_IDLE READ_INCONSISTENT/NA
[error] LOCK_ENABLE              結果: 0/> 0
Step 3 NA

## [Step 4B] Slave SoftPLL Startup
[info] STEP4B_UPSTREAM_GATE     結果: BLOCKED/NA
STEP4B_ALLOWED = NO
STEP4B_RESULT = BLOCKED_BY_STEP2
STEP4B_FIRST_INACTIVE_BOUNDARY = UPSTREAM_PREREQUISITE
Step 4B BLOCKED (upstream prerequisite)
Step 4 NA

## [Step 5] Closed-loop Lock
STEP5_RESULT = UPSTREAM_NOT_READY
STEP5_FIRST_INACTIVE_BOUNDARY = UPSTREAM_STEP4B
Step 5 NA

## [Step 6] Global Time
Step 6 NA

============================================================
White Rabbit Runtime 診斷：DE5 [1-11.2]
============================================================
Step 1 PHY / Link             pass
Step 2 Endpoint / PTP         NA
Step 3 WR Handshake           NA
Step 4 Step4B Slave SoftPLL Startup blocked
Step 5 Closed-loop Lock       NA
Step 6 Global Time            NA
STEP1_REGRESSION = PASS
STEP2_REGRESSION = INVALID
STEP3_REGRESSION = INVALID
STEP4B_ALLOWED = NO
STEP4B_RESULT = BLOCKED_BY_STEP2
STEP4B_FIRST_INACTIVE_BOUNDARY = UPSTREAM_PREREQUISITE
STEP5_RESULT = UPSTREAM_NOT_READY
STEP5_FIRST_INACTIVE_BOUNDARY = UPSTREAM_STEP4B
FAILURE_CLASSIFICATION = JTAG/DASHBOARD_MEASUREMENT_FAILURE
============================================================

================ RAW_SNAPSHOT ================
RAW_SNAPSHOT board=DE5 [1-11.2] label=before
  status           = 311E4643295082EF
  cpu              = 0000007C00018E54
  marker           = 000000010000B004
  store            = 00049E2A0001DC8C
  store_count      = 000000004AD10F01
  exception        = 8000000B0000406C
  clock            = 002BCAF047F16CE5
  boot_generation  = 00000001
  cpu_reset_count  = 00000001
  wr_core_reset_count = 00000001
  si_config_drop_count = 00000001
  pps_cr           = 01312D06
  pps_escr         = 00002B00
  ep_mach          = 02000200
  ep_macl          = 22334402
  ep_dsr           = 42000000
  ptp              = 00004104
  ptp_rx           = 00000480
  ptp_tx           = 000000F6
  ptp_meta         = 03010104
  tx               = 00000371
  rx               = 0000058B
  rxerr            = 00000000
  ptp_types        = 00000000
  foreign_meta     = 0000FF00
  filter_meta      = 00000000
  parse_meta       = 00000020
  wr_rx_signal     = 00000000
  wr_tx_signal     = 00000000
  wr_failure       = 00000000
  wr_state         = A0000044
  wr_reject        = 00000000
  pstat            = 00000001
  sstat            = 00000001
  sec_h            = 00000000
  sec_l            = 00002BAF
  ns               = 2B0DA3B8
  lock_enable      = 00000000
  lock_result      = 00000000
  lock_polls       = 00000000
  lock_unlocked    = 00000000
  lock_calibration_fail = 00000000
  spll_state       = 00030004
  spll_ocer        = 27962201
  spll_rcer        = 00000001
  spll_occr        = 030001B0
  spll_trr_csr     = 0022BC84
  spll_dac_hpll    = ABFE30A8
  spll_dac_main    = 00000008
  spll_helper_state = 00020000
  spll_helper_limits = 271000C8
  spll_main_state  = 00000000
  spll_main_limits = 00320032
  spll_main_phase_limits = 03E804B0
  spll_state_visit_mask = 00000618
  spll_state_transitions = 00000003
  spll_last_state  = 00000004
  spll_init_count  = 00000001
  dmtd_ref         = 0252945D
  dmtd_fb          = 0289DC29
  dmtd_ref_high_qual_abort = 091994DA
  dmtd_fb_high_qual_abort = 00175FA0
  tag_valid        = 0021C22F
  trr_write        = 0021C25C
  irq              = 0020F14B
  helper_update    = 00100032
  spll_helper_error = 000249F0
  spll_helper_output = 00000005
  eic_isr          = FFFF0000
  current_tics     = 0004A03B
RAW_SNAPSHOT board=DE5 [1-11.2] label=after
  status           = 411E466139BC82EF
  cpu              = 0000007C0000FCF0
  marker           = 000000010000B004
  store            = 000D82AD0001EAD8
  store_count      = 000000004C33C6B3
  exception        = 8000000B00004064
  clock            = 002D161B9276B817
  boot_generation  = 00000001
  cpu_reset_count  = 00000001
  wr_core_reset_count = 00000001
  si_config_drop_count = 00000001
  pps_cr           = 01312D06
  pps_escr         = 00002B00
  ep_mach          = 02000200
  ep_macl          = 22334402
  ep_dsr           = 42000000
  ptp              = 00004104
  ptp_rx           = 00000488
  ptp_tx           = 000000FB
  ptp_meta         = 03010204
  tx               = 0000037D
  rx               = 00000599
  rxerr            = 00000000
  ptp_types        = 00030203
  foreign_meta     = INVALID
  filter_meta      = 00000000
  parse_meta       = 0001022A
  wr_rx_signal     = 00000000
  wr_tx_signal     = 00000000
  wr_failure       = 00000000
  wr_state         = A0000044
  wr_reject        = 00000000
  pstat            = 00000001
  sstat            = 00000001
  sec_h            = 00000000
  sec_l            = 00002BB5
  ns               = 0D416848
  lock_enable      = 00000000
  lock_result      = 00000000
  lock_polls       = 00000000
  lock_unlocked    = 00000000
  lock_calibration_fail = 00000000
  spll_state       = 00030004
  spll_ocer        = A3F67601
  spll_rcer        = 00000001
  spll_occr        = 0700010B
  spll_trr_csr     = 002264DE
  spll_dac_hpll    = D5B7724C
  spll_dac_main    = 00000008
  spll_helper_state = 00020000
  spll_helper_limits = 271000C8
  spll_main_state  = 00000000
  spll_main_limits = 00320032
  spll_main_phase_limits = 03E804B0
  spll_state_visit_mask = 00000618
  spll_state_transitions = 00000003
  spll_last_state  = 00000004
  spll_init_count  = 00000001
  dmtd_ref         = 0252E7F0
  dmtd_fb          = 028A334E
  dmtd_ref_high_qual_abort = 091B4ADA
  dmtd_fb_high_qual_abort = 0017D249
  tag_valid        = 00226CF1
  trr_write        = 00226D1D
  irq              = 00219933
  helper_update    = 0010541D
  spll_helper_error = 000249F0
  spll_helper_output = 00000005
  eic_isr          = FFFF0000
  current_tics     = 0004B5B7

============================================================
STEP4A_RESULT = PASS
STEP4B_ALLOWED = NO
STEP4B_RESULT = BLOCKED_BY_STEP2
STEP4B_FIRST_INACTIVE_BOUNDARY = UPSTREAM_PREREQUISITE
STEP5_RESULT = NOT_APPLICABLE_MASTER
STEP5_FIRST_INACTIVE_BOUNDARY = SLAVE_ONLY
STEP5_RESULT = UPSTREAM_NOT_READY
STEP5_FIRST_INACTIVE_BOUNDARY = UPSTREAM_STEP4B
============================================================
Info (23030): Evaluation of Tcl script /home/b10504072/04_WR/scripts/jtag/read_wb_runtime.tcl was successful
Info: Quartus Prime SignalTap II was successful. 0 errors, 0 warnings
    Info: Peak virtual memory: 776 megabytes
    Info: Processing ended: Mon Aug 31 07:36:37 2026
    Info: Elapsed time: 00:00:13
    Info: Total CPU time (on all processors): 00:00:00
