Info: *******************************************************************
Info: Running Quartus Prime SignalTap II
    Info: Version 17.0.0 Build 595 04/25/2017 SJ Standard Edition
    Info: Copyright (C) 2017  Intel Corporation. All rights reserved.
    Info: Your use of Intel Corporation's design tools, logic functions 
    Info: and other software and tools, and its AMPP partner logic 
    Info: functions, and any output files from any of the foregoing 
    Info: (including device programming or simulation files), and any 
    Info: associated documentation or information are expressly subject 
    Info: to the terms and conditions of the Intel Program License 
    Info: Subscription Agreement, the Intel Quartus Prime License Agreement,
    Info: the Intel MegaCore Function License Agreement, or other 
    Info: applicable license agreement, including, without limitation, 
    Info: that your use is for the sole purpose of programming logic 
    Info: devices manufactured by Intel and sold by Intel or its 
    Info: authorized distributors.  Please refer to the applicable 
    Info: agreement for further details.
    Info: Processing started: Fri Oct  2 17:19:39 2026
Info: Command: quartus_stp -t scripts/jtag/read_step6_global_time_observability.tcl 1000 250 
Info: Quartus(args): 1000 250 {}
GLOBAL_TIME_CONFIG duration_ms=1000 sample_ms=250 board_filter= reference_clock_hz=125000000
=== DE5 [1-11.1] ===
GLOBAL_TIME_DEVICE device=@1: 10AX115H(1|2|2E2|2ES|3|3E3)/.. (0x02E660DD)
GLOBAL_TIME_SAMPLE board=DE5 [1-11.1] sample=0 elapsed_ms=0 RAW_LIVE=372B43D000000044 RAW0=73593F0000000043 RAW1_BEFORE=0000000000002277 RAW1_AFTER=0000000000002277 STABLE=1 SNAPSHOT_VALID=1 SNAPSHOT_TIME_VALID=1 SNAPSHOT_PPS_VALID=1 SNAPSHOT_COUNT=68 TAI=67 CYCLES=124999999 LIVE_TAI_LO=68 LIVE_CYCLES=57848893 STATUS_RAW=914244E335BC82FF STATUS_SI_CONFIG=1 STATUS_PHY_READY=1 STATUS_TM_LINK_UP=1 STATUS_LINK_OK=1 STATUS_TIME_VALID=1 STATUS_PPS_VALID=1 STATUS_RX_READY=1 STATUS_TX_READY=1 STATUS_CPU_RESET_N=1
GLOBAL_TIME_SAMPLE board=DE5 [1-11.1] sample=1 elapsed_ms=253 RAW_LIVE=5565899000000044 RAW0=73593F0000000043 RAW1_BEFORE=0000000000002277 RAW1_AFTER=0000000000002277 STABLE=1 SNAPSHOT_VALID=1 SNAPSHOT_TIME_VALID=1 SNAPSHOT_PPS_VALID=1 SNAPSHOT_COUNT=68 TAI=67 CYCLES=124999999 LIVE_TAI_LO=68 LIVE_CYCLES=89544857 STATUS_RAW=814244E335BC82FF STATUS_SI_CONFIG=1 STATUS_PHY_READY=1 STATUS_TM_LINK_UP=1 STATUS_LINK_OK=1 STATUS_TIME_VALID=1 STATUS_PPS_VALID=1 STATUS_RX_READY=1 STATUS_TX_READY=1 STATUS_CPU_RESET_N=1
GLOBAL_TIME_SAMPLE board=DE5 [1-11.1] sample=2 elapsed_ms=507 RAW_LIVE=73ABB9A000000044 RAW0=73593F0000000043 RAW1_BEFORE=0000000000002277 RAW1_AFTER=0000000000002277 STABLE=1 SNAPSHOT_VALID=1 SNAPSHOT_TIME_VALID=1 SNAPSHOT_PPS_VALID=1 SNAPSHOT_COUNT=68 TAI=67 CYCLES=124999999 LIVE_TAI_LO=68 LIVE_CYCLES=121289626 STATUS_RAW=714244E135BC82FF STATUS_SI_CONFIG=1 STATUS_PHY_READY=1 STATUS_TM_LINK_UP=1 STATUS_LINK_OK=1 STATUS_TIME_VALID=1 STATUS_PPS_VALID=1 STATUS_RX_READY=1 STATUS_TX_READY=1 STATUS_CPU_RESET_N=1
GLOBAL_TIME_SAMPLE board=DE5 [1-11.1] sample=3 elapsed_ms=761 RAW_LIVE=1AB500F000000045 RAW0=73593F0000000044 RAW1_BEFORE=00000000000022F7 RAW1_AFTER=00000000000022F7 STABLE=1 SNAPSHOT_VALID=1 SNAPSHOT_TIME_VALID=1 SNAPSHOT_PPS_VALID=1 SNAPSHOT_COUNT=69 TAI=68 CYCLES=124999999 LIVE_TAI_LO=69 LIVE_CYCLES=28004367 STATUS_RAW=81424441255082FF STATUS_SI_CONFIG=1 STATUS_PHY_READY=1 STATUS_TM_LINK_UP=1 STATUS_LINK_OK=1 STATUS_TIME_VALID=1 STATUS_PPS_VALID=1 STATUS_RX_READY=1 STATUS_TX_READY=1 STATUS_CPU_RESET_N=1
GLOBAL_TIME_DONE board=DE5 [1-11.1] samples=4 elapsed_ms=1013
=== DE5 [1-11.2] ===
GLOBAL_TIME_DEVICE device=@1: 10AX115H(1|2|2E2|2ES|3|3E3)/.. (0x02E660DD)
GLOBAL_TIME_SAMPLE board=DE5 [1-11.2] sample=0 elapsed_ms=0 RAW_LIVE=4DAFB2A000000045 RAW0=0000000000000000 RAW1_BEFORE=0000000000000000 RAW1_AFTER=0000000000000000 STABLE=1 SNAPSHOT_VALID=0 SNAPSHOT_TIME_VALID=0 SNAPSHOT_PPS_VALID=0 SNAPSHOT_COUNT=0 TAI=0 CYCLES=0 LIVE_TAI_LO=69 LIVE_CYCLES=81460010 STATUS_RAW=5C827641215082EF STATUS_SI_CONFIG=1 STATUS_PHY_READY=1 STATUS_TM_LINK_UP=1 STATUS_LINK_OK=1 STATUS_TIME_VALID=0 STATUS_PPS_VALID=1 STATUS_RX_READY=1 STATUS_TX_READY=1 STATUS_CPU_RESET_N=1
GLOBAL_TIME_SAMPLE board=DE5 [1-11.2] sample=1 elapsed_ms=251 RAW_LIVE=6BC3983000000045 RAW0=0000000000000000 RAW1_BEFORE=0000000000000000 RAW1_AFTER=0000000000000000 STABLE=1 SNAPSHOT_VALID=0 SNAPSHOT_TIME_VALID=0 SNAPSHOT_PPS_VALID=0 SNAPSHOT_COUNT=0 TAI=0 CYCLES=0 LIVE_TAI_LO=69 LIVE_CYCLES=112998787 STATUS_RAW=EE827641215082EF STATUS_SI_CONFIG=1 STATUS_PHY_READY=1 STATUS_TM_LINK_UP=1 STATUS_LINK_OK=1 STATUS_TIME_VALID=0 STATUS_PPS_VALID=1 STATUS_RX_READY=1 STATUS_TX_READY=1 STATUS_CPU_RESET_N=1
GLOBAL_TIME_SAMPLE board=DE5 [1-11.2] sample=2 elapsed_ms=505 RAW_LIVE=12D9A8C000000046 RAW0=0000000000000000 RAW1_BEFORE=0000000000000000 RAW1_AFTER=0000000000000000 STABLE=1 SNAPSHOT_VALID=0 SNAPSHOT_TIME_VALID=0 SNAPSHOT_PPS_VALID=0 SNAPSHOT_COUNT=0 TAI=0 CYCLES=0 LIVE_TAI_LO=70 LIVE_CYCLES=19765900 STATUS_RAW=4E8276E131BC82EF STATUS_SI_CONFIG=1 STATUS_PHY_READY=1 STATUS_TM_LINK_UP=1 STATUS_LINK_OK=1 STATUS_TIME_VALID=0 STATUS_PPS_VALID=1 STATUS_RX_READY=1 STATUS_TX_READY=1 STATUS_CPU_RESET_N=1
GLOBAL_TIME_SAMPLE board=DE5 [1-11.2] sample=3 elapsed_ms=760 RAW_LIVE=3128ED6000000046 RAW0=0000000000000000 RAW1_BEFORE=0000000000000000 RAW1_AFTER=0000000000000000 STABLE=1 SNAPSHOT_VALID=0 SNAPSHOT_TIME_VALID=0 SNAPSHOT_PPS_VALID=0 SNAPSHOT_COUNT=0 TAI=0 CYCLES=0 LIVE_TAI_LO=70 LIVE_CYCLES=51547862 STATUS_RAW=6782766131BC82EF STATUS_SI_CONFIG=1 STATUS_PHY_READY=1 STATUS_TM_LINK_UP=1 STATUS_LINK_OK=1 STATUS_TIME_VALID=0 STATUS_PPS_VALID=1 STATUS_RX_READY=1 STATUS_TX_READY=1 STATUS_CPU_RESET_N=1
GLOBAL_TIME_DONE board=DE5 [1-11.2] samples=4 elapsed_ms=1015
Info (23030): Evaluation of Tcl script scripts/jtag/read_step6_global_time_observability.tcl was successful
Info: Quartus Prime SignalTap II was successful. 0 errors, 0 warnings
    Info: Peak virtual memory: 772 megabytes
    Info: Processing ended: Fri Oct  2 17:19:42 2026
    Info: Elapsed time: 00:00:03
    Info: Total CPU time (on all processors): 00:00:00
