Info: *******************************************************************
Info: Running Quartus Prime Signal Tap
    Info: Version 21.3.0 Build 170 09/23/2021 SC Pro Edition
    Info: Copyright (C) 2021  Intel Corporation. All rights reserved.
    Info: Your use of Intel Corporation's design tools, logic functions 
    Info: and other software and tools, and any partner logic 
    Info: functions, and any output files from any of the foregoing 
    Info: (including device programming or simulation files), and any 
    Info: associated documentation or information are expressly subject 
    Info: to the terms and conditions of the Intel Program License 
    Info: Subscription Agreement, the Intel Quartus Prime License Agreement,
    Info: the Intel FPGA IP License Agreement, or other applicable license
    Info: agreement, including, without limitation, that your use is for
    Info: the sole purpose of programming logic devices manufactured by
    Info: Intel and sold by Intel or its authorized distributors.  Please
    Info: refer to the applicable agreement for further details, at
    Info: https://fpgasoftware.intel.com/eula.
    Info: Processing started: Thu Aug 27 14:19:32 2026
    Info: System process ID: 2801887
Info: Command: quartus_stp -t scripts/jtag/read_manual_mode_master_transition_forensics.tcl 6 250 25 0
Info: Quartus(args): 6 250 25 0
FORENSICS_CONFIG samples=6 gap_ms=250 poll_attempts=25 manual_command=mode_master_once inject_sample=0 inject_via_jtag_vuart=0 read_only_before_after=1 cpu_hold_release=0 cpu_reset_write=0
=== FORENSICS_BOARD DE5 [1-11.1] ===
FORENSICS_SAMPLE board=DE5 [1-11.1] sample=001 elapsed_ms=0 STATUS=32BC82EF ENTRY_RAW=0000000400017D40 BOOT_GENERATION=00000004 P_AT_ENTRY_LATEST=00017D40 MODE_MASTER_STAGE=00000000 LOCK_WAIT_SUBSTAGE=00000000 LOCK_WAIT_ITERATION=00000000 LOCK_WAIT_START_TICS=00000000 LOCK_WAIT_CURRENT_TICS=00000000 LOCK_WAIT_LAST_LOCK_RESULT=00000000 PERSIST_MAGIC=504D5354 PERSIST_MODE_MASTER_STAGE=00000004 PERSIST_LOCK_WAIT_SUBSTAGE=00000001 PERSIST_BOOT_GENERATION_AT_STAGE=00000002 PERSIST_STAGE_HISTORY0=00000001 PERSIST_STAGE_HISTORY1=00000002 PERSIST_STAGE_HISTORY2=00000003 PERSIST_STAGE_HISTORY3=00000004 PTP=00002104 PTP_META=03020404 SPLL_STATE=00000000 LOCK_ENABLE=00000000 EIC_ISR=00000000 TAG_VALID=00000000 TRR_WRITE=00000000 TRR_POP=00000000 IRQ_COUNT=00000000 HELPER_UPDATE=00000000 PTP_RX=000000CD PTP_TX=00000065
FORENSICS_SAMPLE board=DE5 [1-11.1] sample=002 elapsed_ms=320 STATUS=32D082EF ENTRY_RAW=0000000400017D40 BOOT_GENERATION=00000004 P_AT_ENTRY_LATEST=00017D40 MODE_MASTER_STAGE=00000000 LOCK_WAIT_SUBSTAGE=00000000 LOCK_WAIT_ITERATION=00000000 LOCK_WAIT_START_TICS=00000000 LOCK_WAIT_CURRENT_TICS=00000000 LOCK_WAIT_LAST_LOCK_RESULT=00000000 PERSIST_MAGIC=504D5354 PERSIST_MODE_MASTER_STAGE=00000004 PERSIST_LOCK_WAIT_SUBSTAGE=00000001 PERSIST_BOOT_GENERATION_AT_STAGE=00000002 PERSIST_STAGE_HISTORY0=00000001 PERSIST_STAGE_HISTORY1=00000002 PERSIST_STAGE_HISTORY2=00000003 PERSIST_STAGE_HISTORY3=00000004 PTP=00002104 PTP_META=03020404 SPLL_STATE=00000000 LOCK_ENABLE=00000000 EIC_ISR=00000000 TAG_VALID=00000000 TRR_WRITE=00000000 TRR_POP=00000000 IRQ_COUNT=00000000 HELPER_UPDATE=00000000 PTP_RX=000000CD PTP_TX=00000065
FORENSICS_SAMPLE board=DE5 [1-11.1] sample=003 elapsed_ms=644 STATUS=32F082EF ENTRY_RAW=0000000400017D40 BOOT_GENERATION=00000004 P_AT_ENTRY_LATEST=00017D40 MODE_MASTER_STAGE=00000000 LOCK_WAIT_SUBSTAGE=00000000 LOCK_WAIT_ITERATION=00000000 LOCK_WAIT_START_TICS=00000000 LOCK_WAIT_CURRENT_TICS=00000000 LOCK_WAIT_LAST_LOCK_RESULT=00000000 PERSIST_MAGIC=504D5354 PERSIST_MODE_MASTER_STAGE=00000004 PERSIST_LOCK_WAIT_SUBSTAGE=00000001 PERSIST_BOOT_GENERATION_AT_STAGE=00000002 PERSIST_STAGE_HISTORY0=00000001 PERSIST_STAGE_HISTORY1=00000002 PERSIST_STAGE_HISTORY2=00000003 PERSIST_STAGE_HISTORY3=00000004 PTP=00002104 PTP_META=03020404 SPLL_STATE=00000000 LOCK_ENABLE=00000000 EIC_ISR=00000000 TAG_VALID=00000000 TRR_WRITE=00000000 TRR_POP=00000000 IRQ_COUNT=00000000 HELPER_UPDATE=00000000 PTP_RX=000000CD PTP_TX=00000065
FORENSICS_SAMPLE board=DE5 [1-11.1] sample=004 elapsed_ms=967 STATUS=225082EF ENTRY_RAW=0000000400017D40 BOOT_GENERATION=00000004 P_AT_ENTRY_LATEST=00017D40 MODE_MASTER_STAGE=00000000 LOCK_WAIT_SUBSTAGE=00000000 LOCK_WAIT_ITERATION=00000000 LOCK_WAIT_START_TICS=00000000 LOCK_WAIT_CURRENT_TICS=00000000 LOCK_WAIT_LAST_LOCK_RESULT=00000000 PERSIST_MAGIC=504D5354 PERSIST_MODE_MASTER_STAGE=00000004 PERSIST_LOCK_WAIT_SUBSTAGE=00000001 PERSIST_BOOT_GENERATION_AT_STAGE=00000002 PERSIST_STAGE_HISTORY0=00000001 PERSIST_STAGE_HISTORY1=00000002 PERSIST_STAGE_HISTORY2=00000003 PERSIST_STAGE_HISTORY3=00000004 PTP=00002104 PTP_META=03020404 SPLL_STATE=00000000 LOCK_ENABLE=00000000 EIC_ISR=00000000 TAG_VALID=00000000 TRR_WRITE=00000000 TRR_POP=00000000 IRQ_COUNT=00000000 HELPER_UPDATE=00000000 PTP_RX=000000CD PTP_TX=00000065
FORENSICS_SAMPLE board=DE5 [1-11.1] sample=005 elapsed_ms=1292 STATUS=225082EF ENTRY_RAW=0000000400017D40 BOOT_GENERATION=00000004 P_AT_ENTRY_LATEST=00017D40 MODE_MASTER_STAGE=00000000 LOCK_WAIT_SUBSTAGE=00000000 LOCK_WAIT_ITERATION=00000000 LOCK_WAIT_START_TICS=00000000 LOCK_WAIT_CURRENT_TICS=00000000 LOCK_WAIT_LAST_LOCK_RESULT=00000000 PERSIST_MAGIC=504D5354 PERSIST_MODE_MASTER_STAGE=00000004 PERSIST_LOCK_WAIT_SUBSTAGE=00000001 PERSIST_BOOT_GENERATION_AT_STAGE=00000002 PERSIST_STAGE_HISTORY0=00000001 PERSIST_STAGE_HISTORY1=00000002 PERSIST_STAGE_HISTORY2=00000003 PERSIST_STAGE_HISTORY3=00000004 PTP=00002104 PTP_META=03020404 SPLL_STATE=00000000 LOCK_ENABLE=00000000 EIC_ISR=00000000 TAG_VALID=00000000 TRR_WRITE=00000000 TRR_POP=00000000 IRQ_COUNT=00000000 HELPER_UPDATE=00000000 PTP_RX=000000CD PTP_TX=00000065
FORENSICS_SAMPLE board=DE5 [1-11.1] sample=006 elapsed_ms=1617 STATUS=225082EF ENTRY_RAW=0000000400017D40 BOOT_GENERATION=00000004 P_AT_ENTRY_LATEST=00017D40 MODE_MASTER_STAGE=00000000 LOCK_WAIT_SUBSTAGE=00000000 LOCK_WAIT_ITERATION=00000000 LOCK_WAIT_START_TICS=00000000 LOCK_WAIT_CURRENT_TICS=00000000 LOCK_WAIT_LAST_LOCK_RESULT=00000000 PERSIST_MAGIC=504D5354 PERSIST_MODE_MASTER_STAGE=00000004 PERSIST_LOCK_WAIT_SUBSTAGE=00000001 PERSIST_BOOT_GENERATION_AT_STAGE=00000002 PERSIST_STAGE_HISTORY0=00000001 PERSIST_STAGE_HISTORY1=00000002 PERSIST_STAGE_HISTORY2=00000003 PERSIST_STAGE_HISTORY3=00000004 PTP=00002104 PTP_META=03020404 SPLL_STATE=00000000 LOCK_ENABLE=00000000 EIC_ISR=00000000 TAG_VALID=00000000 TRR_WRITE=00000000 TRR_POP=00000000 IRQ_COUNT=00000000 HELPER_UPDATE=00000000 PTP_RX=000000CD PTP_TX=00000065
=== FORENSICS_BOARD DE5 [1-11.2] ===
FORENSICS_SAMPLE board=DE5 [1-11.2] sample=001 elapsed_ms=0 STATUS=25F082EF ENTRY_RAW=0000000200017D40 BOOT_GENERATION=00000002 P_AT_ENTRY_LATEST=00017D40 MODE_MASTER_STAGE=00000000 LOCK_WAIT_SUBSTAGE=00000000 LOCK_WAIT_ITERATION=00000000 LOCK_WAIT_START_TICS=00000000 LOCK_WAIT_CURRENT_TICS=00000000 LOCK_WAIT_LAST_LOCK_RESULT=00000000 PERSIST_MAGIC=504D5354 PERSIST_MODE_MASTER_STAGE=504D5354 PERSIST_LOCK_WAIT_SUBSTAGE=00000000 PERSIST_BOOT_GENERATION_AT_STAGE=00000000 PERSIST_STAGE_HISTORY0=00000000 PERSIST_STAGE_HISTORY1=00000000 PERSIST_STAGE_HISTORY2=00000000 PERSIST_STAGE_HISTORY3=00000000 PTP=00004104 PTP_META=03020404 SPLL_STATE=00000000 LOCK_ENABLE=00000000 EIC_ISR=00000000 TAG_VALID=00000000 TRR_WRITE=00000000 TRR_POP=00000000 IRQ_COUNT=00000000 HELPER_UPDATE=00000000 PTP_RX=0000008F PTP_TX=03020404
FORENSICS_SAMPLE board=DE5 [1-11.2] sample=002 elapsed_ms=320 STATUS=351C82EF ENTRY_RAW=0000000200017D40 BOOT_GENERATION=00000002 P_AT_ENTRY_LATEST=00017D40 MODE_MASTER_STAGE=00000000 LOCK_WAIT_SUBSTAGE=00000000 LOCK_WAIT_ITERATION=00000000 LOCK_WAIT_START_TICS=00000000 LOCK_WAIT_CURRENT_TICS=00000000 LOCK_WAIT_LAST_LOCK_RESULT=00000000 PERSIST_MAGIC=504D5354 PERSIST_MODE_MASTER_STAGE=00000000 PERSIST_LOCK_WAIT_SUBSTAGE=00000000 PERSIST_BOOT_GENERATION_AT_STAGE=00000000 PERSIST_STAGE_HISTORY0=00000000 PERSIST_STAGE_HISTORY1=00000000 PERSIST_STAGE_HISTORY2=00000000 PERSIST_STAGE_HISTORY3=00000000 PTP=00004104 PTP_META=0000010D SPLL_STATE=00000000 LOCK_ENABLE=00000000 EIC_ISR=00000000 TAG_VALID=00000000 TRR_WRITE=00000000 TRR_POP=0000010D IRQ_COUNT=00000000 HELPER_UPDATE=00000000 PTP_RX=00000000 PTP_TX=0000010D
FORENSICS_SAMPLE board=DE5 [1-11.2] sample=003 elapsed_ms=645 STATUS=35BC82EF ENTRY_RAW=0000000200017D40 BOOT_GENERATION=00000002 P_AT_ENTRY_LATEST=00017D40 MODE_MASTER_STAGE=00000000 LOCK_WAIT_SUBSTAGE=00000000 LOCK_WAIT_ITERATION=00000000 LOCK_WAIT_START_TICS=00000000 LOCK_WAIT_CURRENT_TICS=00000000 LOCK_WAIT_LAST_LOCK_RESULT=00000000 PERSIST_MAGIC=504D5354 PERSIST_MODE_MASTER_STAGE=00000000 PERSIST_LOCK_WAIT_SUBSTAGE=00000000 PERSIST_BOOT_GENERATION_AT_STAGE=00000000 PERSIST_STAGE_HISTORY0=00000000 PERSIST_STAGE_HISTORY1=00000000 PERSIST_STAGE_HISTORY2=00000000 PERSIST_STAGE_HISTORY3=00000000 PTP=00004104 PTP_META=03020404 SPLL_STATE=00000000 LOCK_ENABLE=00000000 EIC_ISR=00000000 TAG_VALID=00000000 TRR_WRITE=00000000 TRR_POP=00000000 IRQ_COUNT=00000000 HELPER_UPDATE=00000000 PTP_RX=0000008F PTP_TX=0000010D
FORENSICS_SAMPLE board=DE5 [1-11.2] sample=004 elapsed_ms=970 STATUS=25F082EF ENTRY_RAW=0000000200017D40 BOOT_GENERATION=00000002 P_AT_ENTRY_LATEST=00017D40 MODE_MASTER_STAGE=00000000 LOCK_WAIT_SUBSTAGE=00000000 LOCK_WAIT_ITERATION=00000000 LOCK_WAIT_START_TICS=00000000 LOCK_WAIT_CURRENT_TICS=00000000 LOCK_WAIT_LAST_LOCK_RESULT=00000000 PERSIST_MAGIC=00000000 PERSIST_MODE_MASTER_STAGE=00000000 PERSIST_LOCK_WAIT_SUBSTAGE=00000000 PERSIST_BOOT_GENERATION_AT_STAGE=00000000 PERSIST_STAGE_HISTORY0=00000000 PERSIST_STAGE_HISTORY1=00000000 PERSIST_STAGE_HISTORY2=00000000 PERSIST_STAGE_HISTORY3=00000000 PTP=00004104 PTP_META=03020404 SPLL_STATE=00000000 LOCK_ENABLE=00000000 EIC_ISR=00000000 TAG_VALID=00000000 TRR_WRITE=00000000 TRR_POP=00000000 IRQ_COUNT=00000000 HELPER_UPDATE=00000000 PTP_RX=00000000 PTP_TX=0000010D
FORENSICS_SAMPLE board=DE5 [1-11.2] sample=005 elapsed_ms=1295 STATUS=25F082EF ENTRY_RAW=0000000200017D40 BOOT_GENERATION=00000002 P_AT_ENTRY_LATEST=00017D40 MODE_MASTER_STAGE=00000000 LOCK_WAIT_SUBSTAGE=00000000 LOCK_WAIT_ITERATION=00000000 LOCK_WAIT_START_TICS=00000000 LOCK_WAIT_CURRENT_TICS=00000000 LOCK_WAIT_LAST_LOCK_RESULT=00000000 PERSIST_MAGIC=504D5354 PERSIST_MODE_MASTER_STAGE=00000000 PERSIST_LOCK_WAIT_SUBSTAGE=00000000 PERSIST_BOOT_GENERATION_AT_STAGE=00000000 PERSIST_STAGE_HISTORY0=00000000 PERSIST_STAGE_HISTORY1=00000000 PERSIST_STAGE_HISTORY2=00000000 PERSIST_STAGE_HISTORY3=00000000 PTP=00004104 PTP_META=03020404 SPLL_STATE=00000000 LOCK_ENABLE=00000000 EIC_ISR=00000000 TAG_VALID=00000000 TRR_WRITE=00000000 TRR_POP=00000000 IRQ_COUNT=00000000 HELPER_UPDATE=00000000 PTP_RX=00000000 PTP_TX=03020404
FORENSICS_SAMPLE board=DE5 [1-11.2] sample=006 elapsed_ms=1619 STATUS=351C82EF ENTRY_RAW=0000000200017D40 BOOT_GENERATION=00000002 P_AT_ENTRY_LATEST=00017D40 MODE_MASTER_STAGE=00000000 LOCK_WAIT_SUBSTAGE=00000000 LOCK_WAIT_ITERATION=00000000 LOCK_WAIT_START_TICS=00000000 LOCK_WAIT_CURRENT_TICS=00000000 LOCK_WAIT_LAST_LOCK_RESULT=00000000 PERSIST_MAGIC=504D5354 PERSIST_MODE_MASTER_STAGE=504D5354 PERSIST_LOCK_WAIT_SUBSTAGE=00000000 PERSIST_BOOT_GENERATION_AT_STAGE=00000000 PERSIST_STAGE_HISTORY0=00000000 PERSIST_STAGE_HISTORY1=00000000 PERSIST_STAGE_HISTORY2=00000000 PERSIST_STAGE_HISTORY3=00000000 PTP=00004104 PTP_META=0000010D SPLL_STATE=00000000 LOCK_ENABLE=00000000 EIC_ISR=00000000 TAG_VALID=00000000 TRR_WRITE=00000000 TRR_POP=00000000 IRQ_COUNT=00000000 HELPER_UPDATE=00000000 PTP_RX=0000008F PTP_TX=0000010D
FORENSICS_DONE
Info (23030): Evaluation of Tcl script scripts/jtag/read_manual_mode_master_transition_forensics.tcl was successful
Info: Quartus Prime Signal Tap was successful. 0 errors, 0 warnings
    Info: Peak virtual memory: 677 megabytes
    Info: Processing ended: Thu Aug 27 14:19:36 2026
    Info: Elapsed time: 00:00:04
    Info: System process ID: 2801887
