=== MAIN DIRECT GATE AFTER HELPER START ===
Info: *******************************************************************
Info: Running Quartus Prime SignalTap II
    Info: Version 17.0.0 Build 595 04/25/2017 SJ Standard Edition
    Info: Copyright (C) 2017  Intel Corporation. All rights reserved.
    Info: Your use of Intel Corporation's design tools, logic functions 
    Info: and other software and tools, and its AMPP partner logic 
    Info: functions, and any output files from any of the foregoing 
    Info: (including device programming or simulation files), and any 
    Info: associated documentation or information are expressly subject 
    Info: to the terms and conditions of the Intel Program License 
    Info: Subscription Agreement, the Intel Quartus Prime License Agreement,
    Info: the Intel MegaCore Function License Agreement, or other 
    Info: applicable license agreement, including, without limitation, 
    Info: that your use is for the sole purpose of programming logic 
    Info: devices manufactured by Intel and sold by Intel or its 
    Info: authorized distributors.  Please refer to the applicable 
    Info: agreement for further details.
    Info: Processing started: Sun Sep 20 04:57:59 2026
Info: Command: quartus_stp -t scripts/jtag/read_wb_runtime.tcl --raw
Info: Quartus(args): --raw
RAW mailbox completion toggle wb_sync_toggle=1

============================================================
White Rabbit Runtime 診斷：DE5 [1-11.1]
============================================================

## [Step 1] PHY / 光纖 Link
[pass] si_config_done           結果: 1/1
[pass] wr_ready                 結果: 1/1
[pass] core_tm_link_up          結果: 1/1
[pass] core_link_ok             結果: 1/1
[pass] wr_rx_ready              結果: 1/1
[pass] wr_tx_ready              結果: 1/1
[pass] core_phy_rst             結果: 0/0
[pass] si_id_error              結果: 0/0
[pass] wr_rx_enc_err            結果: 0/0
[pass] wr_tx_enc_err            結果: 0/0
[pass] CPU_RESET_n              結果: 1/1
[pass] wr_rx_locked_to_data     結果: 1/1
[info] wr_rx_locked_to_ref      結果: 0/NA
[info] MOD_PRS_n                結果: 0/NA
[info] INTERRUPT_n              結果: 1/NA
Step 1 pass

## [Step 2] Endpoint / MiniNIC / PTP
[pass] EP_MAC_H/EP_MAC_L        結果: 02:00:22:33:44:01/02:00:22:33:44:01
[pass] WDIAGS_MODE              結果: 2 MASTER/2 MASTER
[pass] WDIAGS_PTP               結果: 6 MASTER (raw=01014106)/6 MASTER
[pass] WDIAGS_PTP_RX            結果: Δ=13/Δ>0
RAW WDIAGS_PTP_RX            before=0x00003505 after=0x00003512 delta=13
[pass] WDIAGS_PTP_TX            結果: Δ=27/Δ>0
RAW WDIAGS_PTP_TX            before=0x0000779A after=0x000077B5 delta=27
[pass] WDIAGS_TX                結果: Δ=34/Δ>0
RAW WDIAGS_TX                before=0x000097AE after=0x000097D0 delta=34
[pass] WDIAGS_RX                結果: Δ=20/Δ>0
RAW WDIAGS_RX                before=0x00004FB0 after=0x00004FC4 delta=20
[pass] WDIAGS_RXERR             結果: Δ=0/Δ=0
RAW WDIAGS_RXERR             before=0x00000000 after=0x00000000 delta=0
Step 2 pass

## [Step 3] WR Parent / Signaling
Step 3 NA

## [Step 4A] Master SoftPLL Event Chain
[pass] DMTD_REF_ACCEPT_EVENT    結果: Δ=23530/Δ>=0
RAW DMTD_REF_ACCEPT_EVENT    before=0x020703A4 after=0x02075F8E delta=23530
[pass] DMTD_FB_ACCEPT_EVENT     結果: Δ=23532/Δ>=0
RAW DMTD_FB_ACCEPT_EVENT     before=0x01D3D793 after=0x01D4337F delta=23532
[pass] DMTD_ACCEPT              結果: Δ=47062/Δ>0
[pass] SPLL_TAG_VALID_COUNT     結果: Δ=47076/Δ>0
RAW SPLL_TAG_VALID_COUNT     before=0x01FF9831 after=0x02005015 delta=47076
[pass] SPLL_TRR_WRITE_COUNT     結果: Δ=47078/Δ>0
RAW SPLL_TRR_WRITE_COUNT     before=0x01FF9887 after=0x0200506D delta=47078
[pass] WRPC_SPLL_TRR_POP_COUNT  結果: Δ=47256/Δ>0
RAW WRPC_SPLL_TRR_POP_COUNT  before=0x01FF9617 after=0x02004EAF delta=47256
[pass] WDIAGS_IRQ_COUNT         結果: Δ=46482/Δ>0
RAW WDIAGS_IRQ_COUNT         before=0x01F95EA1 after=0x01FA1433 delta=46482
[pass] WDIAGS_HELPER_UPDATE_COUNT 結果: Δ=23241/Δ>0
RAW WDIAGS_HELPER_UPDATE_COUNT before=0x0195AFFE after=0x01960AC7 delta=23241
[pass] BOOT_GENERATION          結果: Δ=0/Δ=0
RAW BOOT_GENERATION          before=0x00000001 after=0x00000001 delta=0
[pass] CPU_RESET_COUNT          結果: Δ=0/Δ=0
RAW CPU_RESET_COUNT          before=0x00000001 after=0x00000001 delta=0
[pass] WR_CORE_RESET_COUNT      結果: Δ=0/Δ=0
RAW WR_CORE_RESET_COUNT      before=0x00000001 after=0x00000001 delta=0
[pass] SI_CONFIG_DROP_COUNT     結果: Δ=0/Δ=0
RAW SI_CONFIG_DROP_COUNT     before=0x00000001 after=0x00000001 delta=0
STEP4A_MASTER_EVENT_CHAIN = PASS
Step 4 pass

## [Step 5] Closed-loop Lock
STEP5_RESULT = NOT_APPLICABLE_MASTER
STEP5_FIRST_INACTIVE_BOUNDARY = SLAVE_ONLY
Step 5 NA (Step5 closed-loop gate is for Slave)

## [Step 6] Global Time
Step 6 NA

============================================================
White Rabbit Runtime 診斷：DE5 [1-11.1]
============================================================
Step 1 PHY / Link             pass
Step 2 Endpoint / PTP         pass
Step 3 WR Handshake           NA
Step 4 Step4A Master Event Chain pass
Step 5 Closed-loop Lock       NA
Step 6 Global Time            NA
STEP1_REGRESSION = PASS
STEP2_REGRESSION = PASS
STEP3_REGRESSION = PASS
STEP4A_RESULT = PASS
STEP5_RESULT = NOT_APPLICABLE_MASTER
STEP5_FIRST_INACTIVE_BOUNDARY = SLAVE_ONLY
FAILURE_CLASSIFICATION = NO_FAILURE_EVIDENCE
============================================================

================ RAW_SNAPSHOT ================
RAW_SNAPSHOT board=DE5 [1-11.1] label=before
  status           = B01E546136F482FF
  cpu              = 0000007C0000B3E0
  marker           = 000000010000B004
  store            = 0068BD000001F7CC
  store_count      = 000000009137FDC7
  exception        = 8000000B0000A1F8
  clock            = 002994CAB3A0DF0D
  boot_generation  = 00000001
  cpu_reset_count  = 00000001
  wr_core_reset_count = 00000001
  si_config_drop_count = 00000001
  pps_cr           = 01312D06
  pps_escr         = 00001A0C
  ep_mach          = 02000200
  ep_macl          = 22334401
  ep_dsr           = 42000000
  ptp              = 01014106
  ptp_rx           = 00003505
  ptp_tx           = 0000779A
  ptp_meta         = 02010306
  tx               = 000097AE
  rx               = 00004FB0
  rxerr            = 00000000
  ptp_types        = 04010101
  foreign_meta     = 0000FF00
  filter_meta      = 00000000
  parse_meta       = 02010195
  wr_rx_signal     = 10040004
  wr_tx_signal     = 10050007
  wr_failure       = 00006A00
  wr_state         = A0200067
  wr_reject        = 00000000
  pstat            = 00000001
  sstat            = 24A11006
  sec_h            = 00000000
  sec_l            = 00001ACF
  ns               = 1894B728
  lock_enable      = 00000000
  lock_result      = 00000000
  lock_polls       = 00000000
  lock_unlocked    = 00000000
  lock_calibration_fail = 00000000
  spll_state       = 00020004
  spll_ocer        = B07BD601
  spll_rcer        = 00000001
  spll_occr        = FF0001FF
  spll_trr_csr     = 01BE9008
  spll_dac_hpll    = A91BC3CA
  spll_dac_main    = 000000C7
  spll_helper_state = 00060100
  spll_helper_limits = 03E807D0
  spll_main_state  = 00000000
  spll_main_limits = 00320032
  spll_main_phase_limits = 03E804B0
  spll_state_visit_mask = 00000618
  spll_state_transitions = 00000003
  spll_last_state  = 00000004
  spll_init_count  = 00000001
  dmtd_ref         = 020703A4
  dmtd_fb          = 01D3D793
  dmtd_ref_high_qual_abort = 0CEFF821
  dmtd_fb_high_qual_abort = 0135506A
  tag_valid        = 01FF9831
  trr_write        = 01FF9887
  irq              = 01F95EA1
  helper_update    = 0195AFFE
  spll_helper_error = FFFDB610
  spll_helper_output = 0000FFFB
  eic_isr          = FFFF0000
  current_tics     = 0068C0AD
RAW_SNAPSHOT board=DE5 [1-11.1] label=after
  status           = 801E546136BC82FF
  cpu              = 0000007C0001A7B0
  marker           = 000000010000B004
  store            = 001000000002FF6C
  store_count      = 0000000092B8CA0B
  exception        = 8000000B0001A714
  clock            = 002D760D942CC04F
  boot_generation  = 00000001
  cpu_reset_count  = 00000001
  wr_core_reset_count = 00000001
  si_config_drop_count = 00000001
  pps_cr           = 01312D06
  pps_escr         = 00001A0C
  ep_mach          = 02000200
  ep_macl          = 22334401
  ep_dsr           = 42000000
  ptp              = 01014106
  ptp_rx           = 00003512
  ptp_tx           = 000077B5
  ptp_meta         = 02010306
  tx               = 000097D0
  rx               = 00004FC4
  rxerr            = 00000000
  ptp_types        = 04010101
  foreign_meta     = 0000FF00
  filter_meta      = 00000000
  parse_meta       = 020101AC
  wr_rx_signal     = 10040004
  wr_tx_signal     = 10050007
  wr_failure       = 00006A00
  wr_state         = A0200067
  wr_reject        = 00000000
  pstat            = 00000001
  sstat            = 24A11006
  sec_h            = 00000000
  sec_l            = 00001AD5
  ns               = 18954130
  lock_enable      = 00000000
  lock_result      = 00000000
  lock_polls       = 00000000
  lock_unlocked    = 00000000
  lock_calibration_fail = 00000000
  spll_state       = 00020004
  spll_ocer        = 0BA43201
  spll_rcer        = 00000001
  spll_occr        = FF0001FF
  spll_trr_csr     = 0202449A
  spll_dac_hpll    = D5CFFDBD
  spll_dac_main    = 000000C7
  spll_helper_state = 00060100
  spll_helper_limits = 03E807D0
  spll_main_state  = 00000000
  spll_main_limits = 00320032
  spll_main_phase_limits = 03E804B0
  spll_state_visit_mask = 00000618
  spll_state_transitions = 00000003
  spll_last_state  = 00000004
  spll_init_count  = 00000001
  dmtd_ref         = 02075F8E
  dmtd_fb          = 01D4337F
  dmtd_ref_high_qual_abort = 0CF0DE32
  dmtd_fb_high_qual_abort = 01359785
  tag_valid        = 02005015
  trr_write        = 0200506D
  irq              = 01FA1433
  helper_update    = 01960AC7
  spll_helper_error = FFFDB610
  spll_helper_output = 0000FFFB
  eic_isr          = FFFF0000
  current_tics     = 0068D881
RAW mailbox completion toggle wb_sync_toggle=0

============================================================
White Rabbit Runtime 診斷：DE5 [1-11.2]
============================================================

## [Step 1] PHY / 光纖 Link
[pass] si_config_done           結果: 1/1
[pass] wr_ready                 結果: 1/1
[pass] core_tm_link_up          結果: 1/1
[pass] core_link_ok             結果: 1/1
[pass] wr_rx_ready              結果: 1/1
[pass] wr_tx_ready              結果: 1/1
[pass] core_phy_rst             結果: 0/0
[pass] si_id_error              結果: 0/0
[pass] wr_rx_enc_err            結果: 0/0
[pass] wr_tx_enc_err            結果: 0/0
[pass] CPU_RESET_n              結果: 1/1
[pass] wr_rx_locked_to_data     結果: 1/1
[info] wr_rx_locked_to_ref      結果: 0/NA
[info] MOD_PRS_n                結果: 0/NA
[info] INTERRUPT_n              結果: 1/NA
Step 1 pass

## [Step 2] Endpoint / MiniNIC / PTP
[pass] EP_MAC_H/EP_MAC_L        結果: 02:00:22:33:44:02/02:00:22:33:44:02
[pass] WDIAGS_MODE              結果: 3 SLAVE/3 SLAVE
[pass] WDIAGS_PTP               結果: 9 SLAVE (raw=00004109)/9 SLAVE
[pass] WDIAGS_PTP_RX            結果: Δ=27/Δ>0
RAW WDIAGS_PTP_RX            before=0x00002379 after=0x00002394 delta=27
[pass] WDIAGS_PTP_TX            結果: Δ=12/Δ>0
RAW WDIAGS_PTP_TX            before=0x00000FB3 after=0x00000FBF delta=12
[pass] WDIAGS_TX                結果: Δ=19/Δ>0
RAW WDIAGS_TX                before=0x0000193E after=0x00001951 delta=19
[pass] WDIAGS_RX                結果: Δ=32/Δ>0
RAW WDIAGS_RX                before=0x00002B5F after=0x00002B7F delta=32
[pass] WDIAGS_RXERR             結果: Δ=0/Δ=0
RAW WDIAGS_RXERR             before=0x00000000 after=0x00000000 delta=0
Step 2 pass

## [Step 3] WR Parent / Signaling
[pass] WDIAGS_FOREIGN_META      結果: 1/1
[pass] WDIAGS_FOREIGN_META      結果: 0/0
[info] WDIAGS_FOREIGN_META      結果: detection=0 config=3/NA
[pass] parentIsWRnode           結果: 1/1
[info] parentWrModeOn           結果: 1/NA
[pass] parentCalibrated         結果: 1/1
[error] WR_RX_SIGNAL_DEBUG       結果: WR_MODE_ON count=4/LOCK 0x1001,count>0
[error] WR_TX_SIGNAL_DEBUG       結果: CALIBRATED count=4/SLAVE_PRESENT 0x1000,count>0
[info] WDIAGS_TEMP              結果: WRS_IDLE next=WRS_IDLE READ_INCONSISTENT/NA
[pass] LOCK_ENABLE              結果: 4/> 0
Step 3 error

## [Step 4B] Slave SoftPLL Startup
[info] STEP4B_UPSTREAM_GATE     結果: BLOCKED/NA
STEP4B_ALLOWED = NO
STEP4B_RESULT = BLOCKED_BY_STEP3
STEP4B_FIRST_INACTIVE_BOUNDARY = UPSTREAM_PREREQUISITE
Step 4B BLOCKED (upstream prerequisite)
Step 4 NA

## [Step 5] Closed-loop Lock
STEP5_RESULT = UPSTREAM_NOT_READY
STEP5_FIRST_INACTIVE_BOUNDARY = UPSTREAM_STEP4B
Step 5 NA

## [Step 6] Global Time
Step 6 NA

============================================================
White Rabbit Runtime 診斷：DE5 [1-11.2]
============================================================
Step 1 PHY / Link             pass
Step 2 Endpoint / PTP         pass
Step 3 WR Handshake           error
Step 4 Step4B Slave SoftPLL Startup blocked
Step 5 Closed-loop Lock       NA
Step 6 Global Time            NA
STEP1_REGRESSION = PASS
STEP2_REGRESSION = PASS
STEP3_REGRESSION = INVALID
STEP4B_ALLOWED = NO
STEP4B_RESULT = BLOCKED_BY_STEP3
STEP4B_FIRST_INACTIVE_BOUNDARY = UPSTREAM_PREREQUISITE
STEP5_RESULT = UPSTREAM_NOT_READY
STEP5_FIRST_INACTIVE_BOUNDARY = UPSTREAM_STEP4B
FAILURE_CLASSIFICATION = JTAG/DASHBOARD_MEASUREMENT_FAILURE
============================================================

================ RAW_SNAPSHOT ================
RAW_SNAPSHOT board=DE5 [1-11.2] label=before
  status           = B8108AC1225082EF
  cpu              = 0000007C0001A7C0
  marker           = 000000010000B004
  store            = 00020C280002FF88
  store_count      = 0000000024314A2B
  exception        = 8000000B00016AA4
  clock            = 002F0A7B22010CD7
  boot_generation  = 00000001
  cpu_reset_count  = 00000001
  wr_core_reset_count = 00000001
  si_config_drop_count = 00000001
  pps_cr           = 01312D06
  pps_escr         = 00001A00
  ep_mach          = 02000200
  ep_macl          = 22334402
  ep_dsr           = 42000000
  ptp              = 00004109
  ptp_rx           = 00002379
  ptp_tx           = 00000FB3
  ptp_meta         = 03010309
  tx               = 0000193E
  rx               = 00002B5F
  rxerr            = 00000000
  ptp_types        = 07E0F4E0
  foreign_meta     = 03000001
  filter_meta      = 00000000
  parse_meta       = 0701F4BD
  wr_rx_signal     = 10050004
  wr_tx_signal     = 10040004
  wr_failure       = 00000000
  wr_state         = A040035F
  wr_reject        = 00000000
  pstat            = 00000003
  sstat            = 00000501
  sec_h            = 00000000
  sec_l            = 00001AD6
  ns               = 24100FD8
  lock_enable      = 00000004
  lock_result      = 00000100
  lock_polls       = 002B831C
  lock_unlocked    = 002B776A
  lock_calibration_fail = 0000050C
  spll_state       = 00030008
  spll_ocer        = 9009E001
  spll_rcer        = 00000001
  spll_occr        = FF0101FF
  spll_trr_csr     = 00AAA256
  spll_dac_hpll    = C90729B2
  spll_dac_main    = 0000003A
  spll_helper_state = 03E80001
  spll_helper_limits = 03E807D0
  spll_main_state  = 3E80320F
  spll_main_limits = 00320014
  spll_main_phase_limits = 03E804B0
  spll_state_visit_mask = 00000778
  spll_state_transitions = 00000006
  spll_last_state  = 00000008
  spll_init_count  = 00000001
  dmtd_ref         = 02BE8973
  dmtd_fb          = 02E9D43B
  dmtd_ref_high_qual_abort = 044C5E1F
  dmtd_fb_high_qual_abort = 03F1BCB8
  tag_valid        = 00E9AC67
  trr_write        = 00E9ACBB
  irq              = 00E905A9
  helper_update    = 0074784A
  spll_helper_error = FFFFFF7E
  spll_helper_output = 0000989D
  eic_isr          = FFFF0000
  current_tics     = 001ED78E
RAW_SNAPSHOT board=DE5 [1-11.2] label=after
  status           = 22108A41225082EF
  cpu              = 0000007C0000A440
  marker           = 000000010000B004
  store            = 000000010001F790
  store_count      = 0000000025D65B8D
  exception        = 8000000B0001A830
  clock            = 0029E5D2FCA4E82D
  boot_generation  = 00000001
  cpu_reset_count  = 00000001
  wr_core_reset_count = 00000001
  si_config_drop_count = 00000001
  pps_cr           = 01312D06
  pps_escr         = 00001A00
  ep_mach          = 02000200
  ep_macl          = 22334402
  ep_dsr           = 42000000
  ptp              = 00004109
  ptp_rx           = 00002394
  ptp_tx           = 00000FBF
  ptp_meta         = 03010309
  tx               = 00001951
  rx               = 00002B7F
  rxerr            = 00000000
  ptp_types        = 07E6F7E6
  foreign_meta     = 03000001
  filter_meta      = 00000000
  parse_meta       = 0701F7D3
  wr_rx_signal     = 10050004
  wr_tx_signal     = 10040004
  wr_failure       = 00000000
  wr_state         = A040035F
  wr_reject        = 00000000
  pstat            = 00000003
  sstat            = 00000501
  sec_h            = 00000000
  sec_l            = 00001ADC
  ns               = 2A05D178
  lock_enable      = 00000004
  lock_result      = 00000100
  lock_polls       = 002B8322
  lock_unlocked    = 002B776A
  lock_calibration_fail = 0000050C
  spll_state       = 00030008
  spll_ocer        = 97A31601
  spll_rcer        = 00000001
  spll_occr        = FF0101FF
  spll_trr_csr     = 00AA581E
  spll_dac_hpll    = F67A0FBF
  spll_dac_main    = 0000003A
  spll_helper_state = 03E80001
  spll_helper_limits = 03E807D0
  spll_main_state  = 3E80320F
  spll_main_limits = 00320014
  spll_main_phase_limits = 03E804B0
  spll_state_visit_mask = 00000778
  spll_state_transitions = 00000006
  spll_last_state  = 00000008
  spll_init_count  = 00000001
  dmtd_ref         = 02BEE39F
  dmtd_fb          = 02EA2E69
  dmtd_ref_high_qual_abort = 044FB4E6
  dmtd_fb_high_qual_abort = 03F4C6EA
  tag_valid        = 00EA60D0
  trr_write        = 00EA6128
  irq              = 00E9BB72
  helper_update    = 0074D32E
  spll_helper_error = FFFFFFE5
  spll_helper_output = 00009879
  eic_isr          = FFFF0000
  current_tics     = 001EEEFE

============================================================
JTAG/WB transport health summary
============================================================
WB_TRANSPORT_PROTOCOL = PRELOAD_THEN_TOGGLE_COMMIT
WB_REQUEST_COUNT = 353
PRELOAD_COUNT = 353
COMMIT_COUNT = 353
WB_PROBE_READ_COUNT = 1765
PRELOAD_UNEXPECTED_TRIGGER_COUNT = 0
PROBE_3WAY_MATCH_COUNT = 353
STABLE_RESPONSE_WRONG_COUNT = 0
ADDRESS_CROSS_CONTAMINATION_COUNT = 0
TIMEOUT_COUNT = 0
INVALID_COUNT = 0
STALE_A5A5_COUNT = 0
UNSTABLE_TRANSACTION_COUNT = 0
DMTD_REF_DECREASE_COUNT = 0
DMTD_FB_DECREASE_COUNT = 0
PRELOAD_PROTOCOL_RUNTIME_REVALIDATION = PASS
JTAG_WB_DIAGNOSTIC_PATH = TRUSTED
============================================================

============================================================
STEP4A_RESULT = PASS
STEP4B_ALLOWED = NO
STEP4B_RESULT = BLOCKED_BY_STEP3
STEP4B_FIRST_INACTIVE_BOUNDARY = UPSTREAM_PREREQUISITE
STEP5_RESULT = NOT_APPLICABLE_MASTER
STEP5_FIRST_INACTIVE_BOUNDARY = SLAVE_ONLY
STEP5_RESULT = UPSTREAM_NOT_READY
STEP5_FIRST_INACTIVE_BOUNDARY = UPSTREAM_STEP4B
============================================================
Info (23030): Evaluation of Tcl script scripts/jtag/read_wb_runtime.tcl was successful
Info: Quartus Prime SignalTap II was successful. 0 errors, 0 warnings
    Info: Peak virtual memory: 776 megabytes
    Info: Processing ended: Sun Sep 20 04:58:14 2026
    Info: Elapsed time: 00:00:15
    Info: Total CPU time (on all processors): 00:00:00
quartus_exit=0
MAIN_DIRECT_GATE_AFTER_HELPER_DONE rc=0
