WRPC slave MIF: /home/b10504072/04_WR/build/firmware/slave/wrc.mif
=== BUILD IDENTITY ===
2026-09-08T10:17:40+08:00
HOST=pain
ROOT=/home/b10504072/04_WR
GIT_COMMIT=b4af1b63328064fe644dcf11e8c9e5dac8df7536
GIT_BRANCH=exp/step5-softpll-lock
Quartus Prime Shell
Version 17.0.0 Build 595 04/25/2017 SJ Standard Edition
Copyright (C) 2017  Intel Corporation. All rights reserved.
d4c31818c5334d9612d894afd5c46a5cddfbf5312be2b76f18ec0fc73dab2ff3  /home/b10504072/04_WR/quartus/rs422_uart_diag/DE5a_wr_slave_rs422.qsf
b6a17ee37da9242677c038f3e18ec4251c38727515002a1bf2a83f39ee88d9b8  /home/b10504072/04_WR/quartus/rs422_uart_diag/DE5a_wr_slave_rs422.sdc
f07ebc438c6f90377c9ef3c019b966260050579fc45c1f33db4f1442a73e8684  /home/b10504072/04_WR/build/firmware/slave/wrc.mif
=== QUARTUS COMPILE ===
Info: *******************************************************************
Info: Running Quartus Prime Shell
    Info: Version 17.0.0 Build 595 04/25/2017 SJ Standard Edition
    Info: Copyright (C) 2017  Intel Corporation. All rights reserved.
    Info: Your use of Intel Corporation's design tools, logic functions 
    Info: and other software and tools, and its AMPP partner logic 
    Info: functions, and any output files from any of the foregoing 
    Info: (including device programming or simulation files), and any 
    Info: associated documentation or information are expressly subject 
    Info: to the terms and conditions of the Intel Program License 
    Info: Subscription Agreement, the Intel Quartus Prime License Agreement,
    Info: the Intel MegaCore Function License Agreement, or other 
    Info: applicable license agreement, including, without limitation, 
    Info: that your use is for the sole purpose of programming logic 
    Info: devices manufactured by Intel and sold by Intel or its 
    Info: authorized distributors.  Please refer to the applicable 
    Info: agreement for further details.
    Info: Processing started: Tue Sep  8 10:17:40 2026
Info: Command: quartus_sh --flow compile DE5a_wr_slave_rs422.qpf
Info: Quartus(args): compile DE5a_wr_slave_rs422.qpf
Info: Project Name = /home/b10504072/04_WR/quartus/rs422_uart_diag/DE5a_wr_slave_rs422
Info: Revision Name = DE5a_wr_slave_rs422
Error (292025): License file is not specified.
Error (293001): Quartus Prime Full Compilation was unsuccessful. 1 error, 0 warnings
Error: Flow compile (for project /home/b10504072/04_WR/quartus/rs422_uart_diag/DE5a_wr_slave_rs422) was not successful
Error: ERROR: Error(s) found while running an executable. See report file(s) for error message(s). Message log indicates which executable was run last.

Error (23031): Evaluation of Tcl script /mnt/ds1515/opt/intelFPGA/17.0/quartus/common/tcl/internal/qsh_flow.tcl unsuccessful
Error: Quartus Prime Shell was unsuccessful. 5 errors, 0 warnings
    Error: Peak virtual memory: 788 megabytes
    Error: Processing ended: Tue Sep  8 10:17:41 2026
    Error: Elapsed time: 00:00:01
    Error: Total CPU time (on all processors): 00:00:01
