Info: *******************************************************************
Info: Running Quartus Prime Signal Tap
    Info: Version 21.3.0 Build 170 09/23/2021 SC Pro Edition
    Info: Copyright (C) 2021  Intel Corporation. All rights reserved.
    Info: Your use of Intel Corporation's design tools, logic functions 
    Info: and other software and tools, and any partner logic 
    Info: functions, and any output files from any of the foregoing 
    Info: (including device programming or simulation files), and any 
    Info: associated documentation or information are expressly subject 
    Info: to the terms and conditions of the Intel Program License 
    Info: Subscription Agreement, the Intel Quartus Prime License Agreement,
    Info: the Intel FPGA IP License Agreement, or other applicable license
    Info: agreement, including, without limitation, that your use is for
    Info: the sole purpose of programming logic devices manufactured by
    Info: Intel and sold by Intel or its authorized distributors.  Please
    Info: refer to the applicable agreement for further details, at
    Info: https://fpgasoftware.intel.com/eula.
    Info: Processing started: Tue Sep  1 03:07:59 2026
    Info: System process ID: 2159252
Info: Command: quartus_stp -t scripts/jtag/read_rx_error_attribution.tcl dashboard 300
Info: Quartus(args): dashboard 300
ATTRIBUTION_BOARD=DE5 [1-11.2]
ATTR_SNAPSHOT phase=dashboard label=before ptp=0x00004109 ptp_name=SLAVE core_link_ok=1 core_tm_link_up=1 sync_raw=D110E2E137BC82CF minic_rxerr=0x000000C6 phy_enc=0x00000010 phy_disperr=0x00000008 phy_errdetect=0x00000010 phy_sync_loss=0x00000008 phy_lock_loss=0x00000004 core_link_drop=0x00000003 core_tm_link_drop=0x00000003
ATTR_PRECONDITION=PASS ptp=SLAVE core_link_ok=1 core_tm_link_up=1
ATTR_PHASE_START=dashboard duration_seconds=300 cadence_seconds=5
ATTR_SNAPSHOT phase=dashboard label=after ptp=0x00004109 ptp_name=SLAVE core_link_ok=1 core_tm_link_up=1 sync_raw=B11094E137BC82EF minic_rxerr=0x00000137 phy_enc=0x00000013 phy_disperr=0x00000008 phy_errdetect=0x00000013 phy_sync_loss=0x00000011 phy_lock_loss=0x00000004 core_link_drop=0x00000003 core_tm_link_drop=0x00000003
ATTR_DELTAS
  rxerr_delta=113
  phy_enc_delta=3
  phy_disperr_delta=0
  phy_errdetect_delta=3
  phy_sync_loss_delta=9
  phy_lock_loss_delta=0
  core_link_drop_delta=0
  core_tm_link_drop_delta=0
ATTR_PHASE_RESULT=dashboard
ATTRIBUTION_COMPLETE=YES
Info (23030): Evaluation of Tcl script scripts/jtag/read_rx_error_attribution.tcl was successful
Info: Quartus Prime Signal Tap was successful. 0 errors, 0 warnings
    Info: Peak virtual memory: 677 megabytes
    Info: Processing ended: Tue Sep  1 03:13:04 2026
    Info: Elapsed time: 00:05:05
    Info: System process ID: 2159252
