Info: *******************************************************************
Info: Running Quartus Prime SignalTap II
    Info: Version 17.0.0 Build 595 04/25/2017 SJ Standard Edition
    Info: Copyright (C) 2017  Intel Corporation. All rights reserved.
    Info: Your use of Intel Corporation's design tools, logic functions 
    Info: and other software and tools, and its AMPP partner logic 
    Info: functions, and any output files from any of the foregoing 
    Info: (including device programming or simulation files), and any 
    Info: associated documentation or information are expressly subject 
    Info: to the terms and conditions of the Intel Program License 
    Info: Subscription Agreement, the Intel Quartus Prime License Agreement,
    Info: the Intel MegaCore Function License Agreement, or other 
    Info: applicable license agreement, including, without limitation, 
    Info: that your use is for the sole purpose of programming logic 
    Info: devices manufactured by Intel and sold by Intel or its 
    Info: authorized distributors.  Please refer to the applicable 
    Info: agreement for further details.
    Info: Processing started: Tue Sep  8 15:12:53 2026
Info: Command: quartus_stp -t scripts/jtag/read_wb_runtime.tcl --raw
Info: Quartus(args): --raw
RAW mailbox completion toggle wb_sync_toggle=0

============================================================
White Rabbit Runtime 診斷：DE5 [1-11.1]
============================================================

## [Step 1] PHY / 光纖 Link
[pass] si_config_done           結果: 1/1
[pass] wr_ready                 結果: 1/1
[pass] core_tm_link_up          結果: 1/1
[pass] core_link_ok             結果: 1/1
[pass] wr_rx_ready              結果: 1/1
[pass] wr_tx_ready              結果: 1/1
[pass] core_phy_rst             結果: 0/0
[pass] si_id_error              結果: 0/0
[pass] wr_rx_enc_err            結果: 0/0
[pass] wr_tx_enc_err            結果: 0/0
[pass] CPU_RESET_n              結果: 1/1
[pass] wr_rx_locked_to_data     結果: 1/1
[info] wr_rx_locked_to_ref      結果: 0/NA
[info] MOD_PRS_n                結果: 0/NA
[info] INTERRUPT_n              結果: 1/NA
Step 1 pass

## [Step 2] Endpoint / MiniNIC / PTP
[pass] EP_MAC_H/EP_MAC_L        結果: 02:00:22:33:44:01/02:00:22:33:44:01
[pass] WDIAGS_MODE              結果: 2 MASTER/2 MASTER
[pass] WDIAGS_PTP               結果: 6 MASTER (raw=01014106)/6 MASTER
[pass] WDIAGS_PTP_RX            結果: Δ=17/Δ>0
RAW WDIAGS_PTP_RX            before=0x000000B6 after=0x000000C7 delta=17
[pass] WDIAGS_PTP_TX            結果: Δ=34/Δ>0
RAW WDIAGS_PTP_TX            before=0x0000019C after=0x000001BE delta=34
[pass] WDIAGS_TX                結果: Δ=41/Δ>0
RAW WDIAGS_TX                before=0x00000231 after=0x0000025A delta=41
[pass] WDIAGS_RX                結果: Δ=22/Δ>0
RAW WDIAGS_RX                before=0x00000122 after=0x00000138 delta=22
[pass] WDIAGS_RXERR             結果: Δ=0/Δ=0
RAW WDIAGS_RXERR             before=0x00000000 after=0x00000000 delta=0
Step 2 pass

## [Step 3] WR Parent / Signaling
Step 3 NA

## [Step 4A] Master SoftPLL Event Chain
[pass] DMTD_REF_ACCEPT_EVENT    結果: Δ=22830/Δ>=0
RAW DMTD_REF_ACCEPT_EVENT    before=0x001313ED after=0x00136D1B delta=22830
[pass] DMTD_FB_ACCEPT_EVENT     結果: Δ=23434/Δ>=0
RAW DMTD_FB_ACCEPT_EVENT     before=0x00476CB4 after=0x0047C83E delta=23434
[pass] DMTD_ACCEPT              結果: Δ=46264/Δ>0
[pass] SPLL_TAG_VALID_COUNT     結果: Δ=23441/Δ>0
RAW SPLL_TAG_VALID_COUNT     before=0x000886EC after=0x0008E27D delta=23441
[pass] SPLL_TRR_WRITE_COUNT     結果: Δ=23442/Δ>0
RAW SPLL_TRR_WRITE_COUNT     before=0x00088717 after=0x0008E2A9 delta=23442
[pass] WRPC_SPLL_TRR_POP_COUNT  結果: Δ=23247/Δ>0
RAW WRPC_SPLL_TRR_POP_COUNT  before=0x000886FA after=0x0008E1C9 delta=23247
[pass] WDIAGS_IRQ_COUNT         結果: Δ=23247/Δ>0
RAW WDIAGS_IRQ_COUNT         before=0x000886FA after=0x0008E1C9 delta=23247
[pass] WDIAGS_HELPER_UPDATE_COUNT 結果: Δ=23247/Δ>0
RAW WDIAGS_HELPER_UPDATE_COUNT before=0x000886FA after=0x0008E1C9 delta=23247
[pass] BOOT_GENERATION          結果: Δ=0/Δ=0
RAW BOOT_GENERATION          before=0x00000001 after=0x00000001 delta=0
[pass] CPU_RESET_COUNT          結果: Δ=0/Δ=0
RAW CPU_RESET_COUNT          before=0x00000001 after=0x00000001 delta=0
[pass] WR_CORE_RESET_COUNT      結果: Δ=0/Δ=0
RAW WR_CORE_RESET_COUNT      before=0x00000001 after=0x00000001 delta=0
[pass] SI_CONFIG_DROP_COUNT     結果: Δ=0/Δ=0
RAW SI_CONFIG_DROP_COUNT     before=0x00000001 after=0x00000001 delta=0
STEP4A_MASTER_EVENT_CHAIN = PASS
Step 4 pass

## [Step 5] Closed-loop Lock
STEP5_RESULT = NOT_APPLICABLE_MASTER
STEP5_FIRST_INACTIVE_BOUNDARY = SLAVE_ONLY
Step 5 NA (Step5 closed-loop gate is for Slave)

## [Step 6] Global Time
Step 6 NA

============================================================
White Rabbit Runtime 診斷：DE5 [1-11.1]
============================================================
Step 1 PHY / Link             pass
Step 2 Endpoint / PTP         pass
Step 3 WR Handshake           NA
Step 4 Step4A Master Event Chain pass
Step 5 Closed-loop Lock       NA
Step 6 Global Time            NA
STEP1_REGRESSION = PASS
STEP2_REGRESSION = PASS
STEP3_REGRESSION = PASS
STEP4A_RESULT = PASS
STEP5_RESULT = NOT_APPLICABLE_MASTER
STEP5_FIRST_INACTIVE_BOUNDARY = SLAVE_ONLY
FAILURE_CLASSIFICATION = NO_FAILURE_EVIDENCE
============================================================

================ RAW_SNAPSHOT ================
RAW_SNAPSHOT board=DE5 [1-11.1] label=before
  status           = F11E8F6134BC82FF
  cpu              = 0000007C000011BC
  marker           = 000000010000B004
  store            = 000879240001E2A0
  store_count      = 00000000037FE24D
  exception        = 8000000B000011AC
  clock            = 002DE77798E0A9FB
  boot_generation  = 00000001
  cpu_reset_count  = 00000001
  wr_core_reset_count = 00000001
  si_config_drop_count = 00000001
  pps_cr           = 01312D06
  pps_escr         = 0000000C
  ep_mach          = 02000200
  ep_macl          = 22334401
  ep_dsr           = 42000000
  ptp              = 01014106
  ptp_rx           = 000000B6
  ptp_tx           = 0000019C
  ptp_meta         = 02020406
  tx               = 00000231
  rx               = 00000122
  rxerr            = 00000000
  ptp_types        = 01010101
  foreign_meta     = 0000FF00
  filter_meta      = 00000000
  parse_meta       = 000101FA
  wr_rx_signal     = 10000001
  wr_tx_signal     = 10010004
  wr_failure       = 01030001
  wr_state         = A0000064
  wr_reject        = 00000000
  pstat            = 00000001
  sstat            = 00000000
  sec_h            = 00000000
  sec_l            = 0000008F
  ns               = 2C96C140
  lock_enable      = 00000000
  lock_result      = 00000000
  lock_polls       = 00000000
  lock_unlocked    = 00000000
  lock_calibration_fail = 00000000
  spll_state       = 00020004
  spll_ocer        = 5863A801
  spll_rcer        = 00000000
  spll_occr        = 050001EA
  spll_trr_csr     = 000A826E
  spll_dac_hpll    = 3239CCDB
  spll_dac_main    = 00000004
  spll_helper_state = 00000100
  spll_helper_limits = 271000C8
  spll_main_state  = 00000000
  spll_main_limits = 00320032
  spll_main_phase_limits = 03E804B0
  spll_state_visit_mask = 00000618
  spll_state_transitions = 00000003
  spll_last_state  = 00000004
  spll_init_count  = 00000001
  dmtd_ref         = 001313ED
  dmtd_fb          = 00476CB4
  dmtd_ref_high_qual_abort = 0030857E
  dmtd_fb_high_qual_abort = 0003B348
  tag_valid        = 000886EC
  trr_write        = 00088717
  irq              = 000886FA
  helper_update    = 000886FA
  spll_helper_error = FFFDB610
  spll_helper_output = 0000FFFB
  eic_isr          = FFFF0000
  current_tics     = 00023842
RAW_SNAPSHOT board=DE5 [1-11.1] label=after
  status           = 211E7E6134BC82FF
  cpu              = 0000007C0000118C
  marker           = 000000010000B004
  store            = 0008D44B0001E2A0
  store_count      = 0000000003A730F8
  exception        = 8000000B000011B0
  clock            = 002BCA087ABF8C91
  boot_generation  = 00000001
  cpu_reset_count  = 00000001
  wr_core_reset_count = 00000001
  si_config_drop_count = 00000001
  pps_cr           = 01312D06
  pps_escr         = 0000000C
  ep_mach          = 02000200
  ep_macl          = 22334401
  ep_dsr           = 42000000
  ptp              = 01014106
  ptp_rx           = 000000C7
  ptp_tx           = 000001BE
  ptp_meta         = 02020406
  tx               = 0000025A
  rx               = 00000138
  rxerr            = 00000000
  ptp_types        = 01010101
  foreign_meta     = 0000FF00
  filter_meta      = 00000000
  parse_meta       = 0001010E
  wr_rx_signal     = 10000001
  wr_tx_signal     = 10010004
  wr_failure       = 01030001
  wr_state         = A0000064
  wr_reject        = 00000000
  pstat            = 00000001
  sstat            = 00000000
  sec_h            = 00000000
  sec_l            = 00000095
  ns               = 2C8ADAC0
  lock_enable      = 00000000
  lock_result      = 00000000
  lock_polls       = 00000000
  lock_unlocked    = 00000000
  lock_calibration_fail = 00000000
  spll_state       = 00020004
  spll_ocer        = C1DB0201
  spll_rcer        = 00000000
  spll_occr        = E50001EF
  spll_trr_csr     = 000ADC3A
  spll_dac_hpll    = 5EEFEADB
  spll_dac_main    = 00000004
  spll_helper_state = 00000100
  spll_helper_limits = 271000C8
  spll_main_state  = 00000000
  spll_main_limits = 00320032
  spll_main_phase_limits = 03E804B0
  spll_state_visit_mask = 00000618
  spll_state_transitions = 00000003
  spll_last_state  = 00000004
  spll_init_count  = 00000001
  dmtd_ref         = 00136D1B
  dmtd_fb          = 0047C83E
  dmtd_ref_high_qual_abort = 00319ADD
  dmtd_fb_high_qual_abort = 0003DAAE
  tag_valid        = 0008E27D
  trr_write        = 0008E2A9
  irq              = 0008E1C9
  helper_update    = 0008E1C9
  spll_helper_error = FFFDB610
  spll_helper_output = 0000FFFB
  eic_isr          = FFFF0000
  current_tics     = 00025016
RAW mailbox completion toggle wb_sync_toggle=0

============================================================
White Rabbit Runtime 診斷：DE5 [1-11.2]
============================================================

## [Step 1] PHY / 光纖 Link
[pass] si_config_done           結果: 1/1
[pass] wr_ready                 結果: 1/1
[pass] core_tm_link_up          結果: 1/1
[pass] core_link_ok             結果: 1/1
[pass] wr_rx_ready              結果: 1/1
[pass] wr_tx_ready              結果: 1/1
[pass] core_phy_rst             結果: 0/0
[pass] si_id_error              結果: 0/0
[pass] wr_rx_enc_err            結果: 0/0
[pass] wr_tx_enc_err            結果: 0/0
[pass] CPU_RESET_n              結果: 1/1
[pass] wr_rx_locked_to_data     結果: 1/1
[info] wr_rx_locked_to_ref      結果: 1/NA
[info] MOD_PRS_n                結果: 0/NA
[info] INTERRUPT_n              結果: 1/NA
Step 1 pass

## [Step 2] Endpoint / MiniNIC / PTP
[pass] EP_MAC_H/EP_MAC_L        結果: 02:00:22:33:44:02/02:00:22:33:44:02
[pass] WDIAGS_MODE              結果: 3 SLAVE/3 SLAVE
[pass] WDIAGS_PTP               結果: 9 SLAVE (raw=00004109)/9 SLAVE
[pass] WDIAGS_PTP_RX            結果: Δ=22/Δ>0
RAW WDIAGS_PTP_RX            before=0x0000016A after=0x00000180 delta=22
[pass] WDIAGS_PTP_TX            結果: Δ=4/Δ>0
RAW WDIAGS_PTP_TX            before=0x0000008A after=0x0000008E delta=4
[pass] WDIAGS_TX                結果: Δ=16/Δ>0
RAW WDIAGS_TX                before=0x0000010A after=0x0000011A delta=16
[pass] WDIAGS_RX                結果: Δ=29/Δ>0
RAW WDIAGS_RX                before=0x000001C2 after=0x000001DF delta=29
[pass] WDIAGS_RXERR             結果: Δ=0/Δ=0
RAW WDIAGS_RXERR             before=0x00000000 after=0x00000000 delta=0
Step 2 pass

## [Step 3] WR Parent / Signaling
[pass] WDIAGS_FOREIGN_META      結果: 1/1
[pass] WDIAGS_FOREIGN_META      結果: 0/0
[info] WDIAGS_FOREIGN_META      結果: detection=0 config=3/NA
[pass] parentIsWRnode           結果: 1/1
[info] parentWrModeOn           結果: 0/NA
[pass] parentCalibrated         結果: 1/1
[pass] WR_RX_SIGNAL_DEBUG       結果: LOCK count=1/LOCK 0x1001,count>0
[pass] WR_TX_SIGNAL_DEBUG       結果: SLAVE_PRESENT count=1/SLAVE_PRESENT 0x1000,count>0
[info] WDIAGS_TEMP              結果: WRS_IDLE next=WRS_IDLE POST_STEP3_TIMEOUT/NA
[pass] LOCK_ENABLE              結果: 4/> 0
[info] WR_FAILURE_DEBUG         結果: TIMEOUT last_fail_state=WRS_S_LOCK failure_count=1/NA
Step 3 pass

## [Step 4B] Slave SoftPLL Startup
[pass] LOCK_ENABLE_COUNT        結果: 4/> 0
[pass] SPLL_MODE                結果: 3 (SPLL_MODE_SLAVE)/3 SPLL_MODE_SLAVE
[pass] SPLL_SEQ_STATE           結果: 4 (SEQ_WAIT_HELPER)/active, not 0/7
[pass] SPLL_STATE_VISIT_MASK    結果: 0x00000618/> 0
[pass] SPLL_INIT_COUNT          結果: 1/> 0
[pass] RCER                     結果: 0x00000001/> 0
[pass] OCER                     結果: 0x75B49E01/> 0
[info] SPLL_ALIGN_STATE         結果: 0/NA
[info] SPLL_STATE_TRANSITIONS   結果: 0x00000003/NA
[info] SPLL_LAST_STATE          結果: 4 (SEQ_WAIT_HELPER)/NA
[info] OCCR                     結果: 0x810001AA/NA
[pass] DMTD_REF_ACCEPT_EVENT    結果: Δ=24840/Δ>=0
RAW DMTD_REF_ACCEPT_EVENT    before=0x0261D789 after=0x02623891 delta=24840
[pass] DMTD_FB_ACCEPT_EVENT     結果: Δ=24235/Δ>=0
RAW DMTD_FB_ACCEPT_EVENT     before=0x028EB76F after=0x028F161A delta=24235
[pass] DMTD_ACCEPT              結果: Δ=49075/Δ>0
[pass] SPLL_TAG_VALID_COUNT     結果: Δ=49097/Δ>0
RAW SPLL_TAG_VALID_COUNT     before=0x000971C8 after=0x000A3191 delta=49097
[pass] SPLL_TRR_WRITE_COUNT     結果: Δ=49102/Δ>0
RAW SPLL_TRR_WRITE_COUNT     before=0x00097221 after=0x000A31EF delta=49102
[pass] WRPC_SPLL_TRR_POP_COUNT  結果: Δ=49299/Δ>0
RAW WRPC_SPLL_TRR_POP_COUNT  before=0x00097104 after=0x000A3197 delta=49299
[pass] WDIAGS_IRQ_COUNT         結果: Δ=48258/Δ>0
RAW WDIAGS_IRQ_COUNT         before=0x00093D55 after=0x0009F9D7 delta=48258
[pass] WDIAGS_HELPER_UPDATE_COUNT 結果: Δ=24954/Δ>0
RAW WDIAGS_HELPER_UPDATE_COUNT before=0x0004C75E after=0x000528D8 delta=24954
[pass] BOOT_GENERATION          結果: Δ=0/Δ=0
RAW BOOT_GENERATION          before=0x00000001 after=0x00000001 delta=0
[pass] CPU_RESET_COUNT          結果: Δ=0/Δ=0
RAW CPU_RESET_COUNT          before=0x00000001 after=0x00000001 delta=0
[pass] WR_CORE_RESET_COUNT      結果: Δ=0/Δ=0
RAW WR_CORE_RESET_COUNT      before=0x00000001 after=0x00000001 delta=0
[pass] SI_CONFIG_DROP_COUNT     結果: Δ=0/Δ=0
RAW SI_CONFIG_DROP_COUNT     before=0x00000001 after=0x00000001 delta=0
STEP4B_ALLOWED = YES
STEP4B_RESULT = PASS
STEP4B_FIRST_INACTIVE_BOUNDARY = ACTIVE
Step 4B pass
Step 4 pass

## [Step 5] Closed-loop Lock
STEP5_LOCKDET_BEFORE: HELPER locked=0 changed=0 cnt=0/10000 threshold=200 ref_src=0 MAIN enabled=0 locked=0 freq=0 phase=0 freq_cnt=0/50 phase_cnt=0/1000 PSTAT_locked=0
STEP5_LOCKDET_AFTER: HELPER locked=0 changed=0 cnt=0/10000 threshold=200 ref_src=0 MAIN enabled=0 locked=0 freq=0 phase=0 freq_cnt=0/50 phase_cnt=0/1000 PSTAT_locked=0
[error] WDIAGS_PSTAT             結果: 0/1
STEP5_RESULT = NEVER_LOCKED
STEP5_FIRST_INACTIVE_BOUNDARY = HELPER_LOCK
Step 5 NA (single window is not stable-lock proof)

## [Step 6] Global Time
Step 6 NA

============================================================
White Rabbit Runtime 診斷：DE5 [1-11.2]
============================================================
Step 1 PHY / Link             pass
Step 2 Endpoint / PTP         pass
Step 3 WR Handshake           pass
Step 4 Step4B Slave SoftPLL Startup pass
Step 5 Closed-loop Lock       NA
Step 6 Global Time            NA
STEP1_REGRESSION = PASS
STEP2_REGRESSION = PASS
STEP3_REGRESSION = PASS
STEP4B_ALLOWED = YES
STEP4B_RESULT = PASS
STEP4B_FIRST_INACTIVE_BOUNDARY = ACTIVE
STEP5_RESULT = NEVER_LOCKED
STEP5_FIRST_INACTIVE_BOUNDARY = HELPER_LOCK
FAILURE_CLASSIFICATION = NO_FAILURE_EVIDENCE
============================================================

================ RAW_SNAPSHOT ================
RAW_SNAPSHOT board=DE5 [1-11.2] label=before
  status           = E110C4C1275082CF
  cpu              = 0000007C000011A8
  marker           = 000000010000B004
  store            = 0009220E0001E2A0
  store_count      = 0000000002C61B23
  exception        = 8000000B000011AC
  clock            = 002AE110D91DE3DC
  boot_generation  = 00000001
  cpu_reset_count  = 00000001
  wr_core_reset_count = 00000001
  si_config_drop_count = 00000001
  pps_cr           = 01312D02
  pps_escr         = 00000000
  ep_mach          = 02000200
  ep_macl          = 22334402
  ep_dsr           = 42000000
  ptp              = 00004109
  ptp_rx           = 0000016A
  ptp_tx           = 0000008A
  ptp_meta         = 03020409
  tx               = 0000010A
  rx               = 000001C2
  rxerr            = 00000000
  ptp_types        = 04512851
  foreign_meta     = 03000001
  filter_meta      = 00000000
  parse_meta       = 05012858
  wr_rx_signal     = 10010001
  wr_tx_signal     = 10000001
  wr_failure       = 02020001
  wr_state         = A000035C
  wr_reject        = 00000000
  pstat            = 00000001
  sstat            = 00000001
  sec_h            = 00000000
  sec_l            = 00000096
  ns               = 3805B390
  lock_enable      = 00000004
  lock_result      = 00000001
  lock_polls       = 00005B16
  lock_unlocked    = 00005B16
  lock_calibration_fail = 00000000
  spll_state       = 00030004
  spll_ocer        = 6F2E3E01
  spll_rcer        = 00000001
  spll_occr        = 0E0001B3
  spll_trr_csr     = 000A6682
  spll_dac_hpll    = 8CF61F21
  spll_dac_main    = 00000002
  spll_helper_state = 00000000
  spll_helper_limits = 271000C8
  spll_main_state  = 00000000
  spll_main_limits = 00320032
  spll_main_phase_limits = 03E804B0
  spll_state_visit_mask = 00000618
  spll_state_transitions = 00000003
  spll_last_state  = 00000004
  spll_init_count  = 00000001
  dmtd_ref         = 0261D789
  dmtd_fb          = 028EB76F
  dmtd_ref_high_qual_abort = 0031BC69
  dmtd_fb_high_qual_abort = 0025899E
  tag_valid        = 000971C8
  trr_write        = 00097221
  irq              = 00093D55
  helper_update    = 0004C75E
  spll_helper_error = FFFDB610
  spll_helper_output = 0000FFFB
  eic_isr          = FFFF0000
  current_tics     = 00015BEB
RAW_SNAPSHOT board=DE5 [1-11.2] label=after
  status           = C1109743275082CF
  cpu              = 0000007C000193A0
  marker           = 000000010000B004
  store            = 0009DC250001E2A0
  store_count      = 0000000002FB29B9
  exception        = 8000000B000011AC
  clock            = 002ABBC8B315BE8E
  boot_generation  = 00000001
  cpu_reset_count  = 00000001
  wr_core_reset_count = 00000001
  si_config_drop_count = 00000001
  pps_cr           = 01312D02
  pps_escr         = 00000000
  ep_mach          = 02000200
  ep_macl          = 22334402
  ep_dsr           = 42000000
  ptp              = 00004109
  ptp_rx           = 00000180
  ptp_tx           = 0000008E
  ptp_meta         = 03020409
  tx               = 0000011A
  rx               = 000001DF
  rxerr            = 00000000
  ptp_types        = 04572A57
  foreign_meta     = 03000001
  filter_meta      = 00000000
  parse_meta       = 05012A6A
  wr_rx_signal     = 10010001
  wr_tx_signal     = 10000001
  wr_failure       = 02020001
  wr_state         = A000035C
  wr_reject        = 00000000
  pstat            = 00000001
  sstat            = 00000001
  sec_h            = 00000000
  sec_l            = 0000009C
  ns               = 381FAEF0
  lock_enable      = 00000004
  lock_result      = 00000001
  lock_polls       = 00005B16
  lock_unlocked    = 00005B16
  lock_calibration_fail = 00000000
  spll_state       = 00030004
  spll_ocer        = 75B49E01
  spll_rcer        = 00000001
  spll_occr        = 810001AA
  spll_trr_csr     = 000A282C
  spll_dac_hpll    = BA6C7677
  spll_dac_main    = 00000002
  spll_helper_state = 00000000
  spll_helper_limits = 271000C8
  spll_main_state  = 00000000
  spll_main_limits = 00320032
  spll_main_phase_limits = 03E804B0
  spll_state_visit_mask = 00000618
  spll_state_transitions = 00000003
  spll_last_state  = 00000004
  spll_init_count  = 00000001
  dmtd_ref         = 02623891
  dmtd_fb          = 028F161A
  dmtd_ref_high_qual_abort = 0035B24E
  dmtd_fb_high_qual_abort = 0028836E
  tag_valid        = 000A3191
  trr_write        = 000A31EF
  irq              = 0009F9D7
  helper_update    = 000528D8
  spll_helper_error = FFFDB610
  spll_helper_output = 0000FFFB
  eic_isr          = FFFF0000
  current_tics     = 000173BE

============================================================
JTAG/WB transport health summary
============================================================
WB_TRANSPORT_PROTOCOL = PRELOAD_THEN_TOGGLE_COMMIT
WB_REQUEST_COUNT = 353
PRELOAD_COUNT = 353
COMMIT_COUNT = 353
WB_PROBE_READ_COUNT = 1765
PRELOAD_UNEXPECTED_TRIGGER_COUNT = 0
PROBE_3WAY_MATCH_COUNT = 353
STABLE_RESPONSE_WRONG_COUNT = 0
ADDRESS_CROSS_CONTAMINATION_COUNT = 0
TIMEOUT_COUNT = 0
INVALID_COUNT = 0
STALE_A5A5_COUNT = 0
UNSTABLE_TRANSACTION_COUNT = 0
DMTD_REF_DECREASE_COUNT = 0
DMTD_FB_DECREASE_COUNT = 0
PRELOAD_PROTOCOL_RUNTIME_REVALIDATION = PASS
JTAG_WB_DIAGNOSTIC_PATH = TRUSTED
============================================================

============================================================
STEP4A_RESULT = PASS
STEP4B_ALLOWED = YES
STEP4B_RESULT = PASS
STEP4B_FIRST_INACTIVE_BOUNDARY = ACTIVE
STEP5_RESULT = NOT_APPLICABLE_MASTER
STEP5_FIRST_INACTIVE_BOUNDARY = SLAVE_ONLY
STEP5_RESULT = NEVER_LOCKED
STEP5_FIRST_INACTIVE_BOUNDARY = HELPER_LOCK
============================================================
Info (23030): Evaluation of Tcl script scripts/jtag/read_wb_runtime.tcl was successful
Info: Quartus Prime SignalTap II was successful. 0 errors, 0 warnings
    Info: Peak virtual memory: 776 megabytes
    Info: Processing ended: Tue Sep  8 15:13:08 2026
    Info: Elapsed time: 00:00:15
    Info: Total CPU time (on all processors): 00:00:00
