Info: *******************************************************************
Info: Running Quartus Prime SignalTap II
    Info: Version 17.0.0 Build 595 04/25/2017 SJ Standard Edition
    Info: Copyright (C) 2017  Intel Corporation. All rights reserved.
    Info: Your use of Intel Corporation's design tools, logic functions 
    Info: and other software and tools, and its AMPP partner logic 
    Info: functions, and any output files from any of the foregoing 
    Info: (including device programming or simulation files), and any 
    Info: associated documentation or information are expressly subject 
    Info: to the terms and conditions of the Intel Program License 
    Info: Subscription Agreement, the Intel Quartus Prime License Agreement,
    Info: the Intel MegaCore Function License Agreement, or other 
    Info: applicable license agreement, including, without limitation, 
    Info: that your use is for the sole purpose of programming logic 
    Info: devices manufactured by Intel and sold by Intel or its 
    Info: authorized distributors.  Please refer to the applicable 
    Info: agreement for further details.
    Info: Processing started: Thu Sep 17 10:40:55 2026
Info: Command: quartus_stp -t scripts/jtag/read_step5_main_frequency_prelock_observability.tcl 100 2000  12000 13000 f4s
Info: Quartus(args): 100 2000 {} 12000 13000 f4s
Error (23031): Evaluation of Tcl script scripts/jtag/read_step5_main_frequency_prelock_observability.tcl unsuccessful
Error: Quartus Prime SignalTap II was unsuccessful. 1 error, 0 warnings
    Error: Peak virtual memory: 772 megabytes
    Error: Processing ended: Thu Sep 17 10:40:56 2026
    Error: Elapsed time: 00:00:01
    Error: Total CPU time (on all processors): 00:00:00
