Info: *******************************************************************
Info: Running Quartus Prime SignalTap II
    Info: Version 17.0.0 Build 595 04/25/2017 SJ Standard Edition
    Info: Copyright (C) 2017  Intel Corporation. All rights reserved.
    Info: Your use of Intel Corporation's design tools, logic functions 
    Info: and other software and tools, and its AMPP partner logic 
    Info: functions, and any output files from any of the foregoing 
    Info: (including device programming or simulation files), and any 
    Info: associated documentation or information are expressly subject 
    Info: to the terms and conditions of the Intel Program License 
    Info: Subscription Agreement, the Intel Quartus Prime License Agreement,
    Info: the Intel MegaCore Function License Agreement, or other 
    Info: applicable license agreement, including, without limitation, 
    Info: that your use is for the sole purpose of programming logic 
    Info: devices manufactured by Intel and sold by Intel or its 
    Info: authorized distributors.  Please refer to the applicable 
    Info: agreement for further details.
    Info: Processing started: Tue Aug 25 00:17:18 2026
Info: Command: quartus_stp -t scripts/jtag/read_step4_startup_focused.tcl 10 500
Info: Quartus(args): 10 500
STEP4_FOCUSED_CONFIG samples=10 gap_ms=500 group=all retries=5 trr_r0_read=disabled
=== STEP4_FOCUSED_BOARD DE5 [1-11.1] ===
STEP4_SERIES board=DE5 [1-11.1] register=WR_FAILURE_DEBUG samples=10 valid=10 timeout=0 invalid=0 decrease=0 first=01030001 last=01030001 delta=0
STEP4_SERIES board=DE5 [1-11.1] register=WR_LOCK_RESULT samples=10 valid=10 timeout=0 invalid=0 decrease=0 first=00000000 last=00000000 delta=0
STEP4_SERIES board=DE5 [1-11.1] register=WR_LOCK_POLL_COUNT samples=10 valid=10 timeout=0 invalid=0 decrease=0 first=00000000 last=00000000 delta=0
STEP4_SERIES board=DE5 [1-11.1] register=WR_LOCK_UNLOCKED_COUNT samples=10 valid=10 timeout=0 invalid=0 decrease=0 first=00000000 last=00000000 delta=0
STEP4_SERIES board=DE5 [1-11.1] register=WR_LOCK_CALIB_FAIL_COUNT samples=10 valid=10 timeout=0 invalid=0 decrease=0 first=00000000 last=00000000 delta=0
STEP4_SERIES board=DE5 [1-11.1] register=WR_LOCK_ENABLE_COUNT samples=10 valid=10 timeout=0 invalid=0 decrease=0 first=00000000 last=00000000 delta=0
STEP4_SERIES board=DE5 [1-11.1] register=SPLL_STATE samples=10 valid=10 timeout=0 invalid=0 decrease=0 first=00020009 last=00020009 delta=0
STEP4_SERIES board=DE5 [1-11.1] register=PSTAT_LOCKED samples=10 valid=10 timeout=0 invalid=0 decrease=0 first=00000001 last=00000001 delta=0
STEP4_GROUP board=DE5 [1-11.1] group=LOCK result=VALID
STEP4_LOCK_CLASS board=DE5 [1-11.1] result=TRANSITIONAL_OR_INCONSISTENT result_code=0 pstat_locked=0
STEP4_SERIES board=DE5 [1-11.1] register=SPLL_MODE_SEQUENCE samples=10 valid=10 timeout=0 invalid=0 decrease=0 first=00020009 last=00020009 delta=0
STEP4_SERIES board=DE5 [1-11.1] register=RCER samples=10 valid=10 timeout=0 invalid=0 decrease=1 first=00000000 last=00000000 delta=0
STEP4_SERIES board=DE5 [1-11.1] register=OCER samples=10 valid=10 timeout=0 invalid=0 decrease=0 first=00284801 last=00684883 delta=4194434
STEP4_SERIES board=DE5 [1-11.1] register=DMTD_REF_EVENTS samples=10 valid=10 timeout=0 invalid=0 decrease=0 first=001C825D last=001C825D delta=0
STEP4_SERIES board=DE5 [1-11.1] register=DMTD_FB_EVENTS samples=10 valid=10 timeout=0 invalid=0 decrease=1 first=009EC0F1 last=009EC0F1 delta=0
STEP4_SERIES board=DE5 [1-11.1] register=DMTD_REF_ACCEPT samples=10 valid=10 timeout=0 invalid=0 decrease=0 first=00684883 last=00684883 delta=0
STEP4_SERIES board=DE5 [1-11.1] register=DMTD_FB_ACCEPT samples=10 valid=10 timeout=0 invalid=0 decrease=0 first=02412156 last=02412156 delta=0
STEP4_SERIES board=DE5 [1-11.1] register=DMTD_REF_SAMPLED samples=10 valid=10 timeout=0 invalid=0 decrease=1 first=F9DC52BE last=2171271B delta=DECREASED_OR_RESET
STEP4_SERIES board=DE5 [1-11.1] register=DMTD_FB_SAMPLED samples=10 valid=10 timeout=0 invalid=0 decrease=1 first=03B92D82 last=2B31F2E2 delta=662226272
STEP4_SERIES board=DE5 [1-11.1] register=DMTD_HIGH_QUAL_MAX_STAB samples=10 valid=10 timeout=0 invalid=0 decrease=0 first=00000000 last=00000000 delta=0
STEP4_SERIES board=DE5 [1-11.1] register=DMTD_D0_LOW_RUN_MAX samples=10 valid=10 timeout=0 invalid=0 decrease=0 first=00072251 last=00072251 delta=0
STEP4_SERIES board=DE5 [1-11.1] register=DMTD_REF_WAIT_EDGE_ENTRY samples=10 valid=10 timeout=0 invalid=0 decrease=0 first=00684883 last=00684883 delta=0
STEP4_SERIES board=DE5 [1-11.1] register=DMTD_FB_WAIT_EDGE_ENTRY samples=10 valid=10 timeout=0 invalid=0 decrease=1 first=02412156 last=02412156 delta=0
STEP4_SERIES board=DE5 [1-11.1] register=DMTD_REF_QUAL_REACHED_8 samples=10 valid=10 timeout=0 invalid=0 decrease=1 first=00000001 last=00000001 delta=0
STEP4_SERIES board=DE5 [1-11.1] register=DMTD_FB_QUAL_REACHED_8 samples=10 valid=10 timeout=0 invalid=0 decrease=1 first=00000000 last=00000000 delta=0
STEP4_SERIES board=DE5 [1-11.1] register=SPLL_DMTD_STATE samples=10 valid=10 timeout=0 invalid=0 decrease=0 first=3C000000 last=3C000000 delta=0
STEP4_GROUP board=DE5 [1-11.1] group=DMTD_BOUNDARY result=VALID
STEP4_SERIES64 board=DE5 [1-11.1] register=DMTD_NATIVE_EDGE_COUNT64 samples=10 valid=10 timeout=0 invalid=0 decrease=1 first=0000000434C3C982 last=000000045FFD9EC0 delta=725210430 delta_mode=MODULO64
STEP4_SERIES board=DE5 [1-11.1] register=DEGLITCH_THRESHOLD samples=10 valid=10 timeout=0 invalid=0 decrease=1 first=042C03E8 last=002403E8 delta=DECREASED_OR_RESET
STEP4_SERIES64 board=DE5 [1-11.1] register=REF_D0_STABLE_HIT_COUNT64 samples=10 valid=10 timeout=0 invalid=0 decrease=0 first=0000000427E8FC55 last=000000045324BEF7 delta=725336738 delta_mode=MODULO64
STEP4_SERIES64 board=DE5 [1-11.1] register=REF_D0_TRANSITION_COUNT64 samples=10 valid=10 timeout=0 invalid=0 decrease=0 first=00000004222D8D34 last=000000044D2B1723 delta=721258991 delta_mode=MODULO64
STEP4_SERIES board=DE5 [1-11.1] register=DMTD_REF_WAIT_EDGE_ENTRY samples=10 valid=10 timeout=0 invalid=0 decrease=0 first=00684883 last=00684883 delta=0
STEP4_SERIES board=DE5 [1-11.1] register=NATIVE_REF_SAMPLED samples=10 valid=10 timeout=0 invalid=0 decrease=0 first=22433040 last=4D40B174 delta=721256756
STEP4_SERIES board=DE5 [1-11.1] register=NATIVE_REF_ACCEPT samples=10 valid=10 timeout=0 invalid=0 decrease=0 first=00684883 last=00684883 delta=0
STEP4_SERIES64 board=DE5 [1-11.1] register=FB_D0_STABLE_HIT_COUNT64 samples=10 valid=10 timeout=0 invalid=0 decrease=0 first=0000000435644FA6 last=0000000460A1639B delta=725423093 delta_mode=MODULO64
STEP4_SERIES64 board=DE5 [1-11.1] register=FB_D0_TRANSITION_COUNT64 samples=10 valid=10 timeout=0 invalid=0 decrease=1 first=000000042C440446 last=000000045721EB64 delta=719185694 delta_mode=MODULO64
STEP4_SERIES board=DE5 [1-11.1] register=DMTD_FB_WAIT_EDGE_ENTRY samples=10 valid=10 timeout=0 invalid=0 decrease=1 first=02412156 last=02412156 delta=0
STEP4_SERIES board=DE5 [1-11.1] register=NATIVE_FB_SAMPLED samples=10 valid=10 timeout=0 invalid=0 decrease=0 first=2C59BB3D last=57377694 delta=719174487
STEP4_SERIES board=DE5 [1-11.1] register=NATIVE_FB_ACCEPT samples=10 valid=10 timeout=0 invalid=0 decrease=0 first=02412156 last=02412156 delta=0
STEP4_DMTD_CLOCK board=DE5 [1-11.1] dmtd_native_delta=725210430 dmtd_elapsed_ms=5802 dmtd_frequency_hz=124993179.938 result=INVALID
STEP4_D0_STABLE_THRESHOLD board=DE5 [1-11.1] threshold=NA threshold_delta=DECREASED_OR_RESET hit_length=NA ref_hit_delta=725336738 ref_hit_per_million_d0=1005653.651533 ref_d0_delta=721258991 ref_d0_to_dmtd_ratio=0.994551321 ref_sampled_delta=721256756 ref_sampled_to_dmtd_ratio=0.994548239 ref_sampled_to_d0_ratio=0.999996901 ref_accept_delta=0 fb_hit_delta=725423093 fb_hit_per_million_d0=1008672.863006 fb_d0_delta=719185694 fb_d0_to_dmtd_ratio=0.991692431 fb_sampled_delta=719174487 fb_sampled_to_dmtd_ratio=0.991676977 fb_sampled_to_d0_ratio=0.999984417 fb_accept_delta=0 result=INVALID counter_cdc=GRAY2_HI_LO_HI
STEP4_SERIES board=DE5 [1-11.1] register=TAG_PENDING_COUNT samples=10 valid=10 timeout=0 invalid=0 decrease=0 first=00000000 last=00000000 delta=0
STEP4_SERIES board=DE5 [1-11.1] register=TAG_PENDING_REF_COUNT samples=10 valid=10 timeout=0 invalid=0 decrease=0 first=00000000 last=00000000 delta=0
STEP4_SERIES board=DE5 [1-11.1] register=TAG_PENDING_FB_COUNT samples=10 valid=10 timeout=0 invalid=0 decrease=0 first=00000000 last=00000000 delta=0
STEP4_SERIES board=DE5 [1-11.1] register=TAG_GRANT_COUNT samples=10 valid=10 timeout=0 invalid=0 decrease=0 first=00000000 last=00000000 delta=0
STEP4_SERIES board=DE5 [1-11.1] register=TAG_VALID_COUNT samples=10 valid=10 timeout=0 invalid=0 decrease=0 first=00000000 last=00000000 delta=0
STEP4_SERIES board=DE5 [1-11.1] register=TRR_WRITE_COUNT samples=10 valid=10 timeout=0 invalid=0 decrease=1 first=00000000 last=00000000 delta=0
STEP4_GROUP board=DE5 [1-11.1] group=TAG_ARBITRATION result=VALID
STEP4_SERIES board=DE5 [1-11.1] register=IRQ_COUNT samples=10 valid=10 timeout=0 invalid=0 decrease=0 first=00000000 last=00000000 delta=0
STEP4_SERIES board=DE5 [1-11.1] register=HELPER_UPDATE_COUNT samples=10 valid=10 timeout=0 invalid=0 decrease=0 first=00000000 last=00000000 delta=0
STEP4_SERIES board=DE5 [1-11.1] register=TRR_POP_COUNT samples=10 valid=10 timeout=0 invalid=0 decrease=0 first=00000000 last=00000000 delta=0
STEP4_SERIES board=DE5 [1-11.1] register=STATE_TRANSITION_COUNT samples=10 valid=10 timeout=0 invalid=0 decrease=0 first=00000000 last=00000000 delta=0
STEP4_GROUP board=DE5 [1-11.1] group=DOWNSTREAM result=VALID
STEP4_SERIES board=DE5 [1-11.1] register=CURRENT_TICS samples=10 valid=10 timeout=0 invalid=0 decrease=0 first=544F29C9 last=66E360B2 delta=311703273
STEP4_SERIES board=DE5 [1-11.1] register=DMTD_REF_LAST_TICS samples=10 valid=10 timeout=0 invalid=0 decrease=0 first=048A9AB6 last=048A9AB6 delta=0
STEP4_SERIES board=DE5 [1-11.1] register=DMTD_FB_LAST_TICS samples=10 valid=10 timeout=0 invalid=0 decrease=0 first=048A9AB8 last=048A9AB8 delta=0
STEP4_SERIES board=DE5 [1-11.1] register=TAG_REF_LAST_TICS samples=10 valid=10 timeout=0 invalid=0 decrease=0 first=048A9AB7 last=048A9AB7 delta=0
STEP4_SERIES board=DE5 [1-11.1] register=TAG_FB_LAST_TICS samples=10 valid=10 timeout=0 invalid=0 decrease=0 first=048A9AB9 last=048A9AB9 delta=0
STEP4_SERIES board=DE5 [1-11.1] register=TAG_PENDING_LAST_TICS samples=10 valid=10 timeout=0 invalid=0 decrease=0 first=00000000 last=00000000 delta=0
STEP4_SERIES board=DE5 [1-11.1] register=TAG_GRANT_LAST_TICS samples=10 valid=10 timeout=0 invalid=0 decrease=0 first=00000000 last=00000000 delta=0
STEP4_SERIES board=DE5 [1-11.1] register=TAG_VALID_LAST_TICS samples=10 valid=10 timeout=0 invalid=0 decrease=0 first=00000000 last=00000000 delta=0
STEP4_SERIES board=DE5 [1-11.1] register=TRR_WRITE_LAST_TICS samples=10 valid=10 timeout=0 invalid=0 decrease=0 first=00000000 last=00000000 delta=0
STEP4_GROUP board=DE5 [1-11.1] group=EVENT_TIMING result=VALID
STEP4_HIGH_QUAL_MAX_STAB board=DE5 [1-11.1] ref_max_before_abort=0 fb_max_before_abort=0
STEP4_INPUT_D0_LOW_RUN_MAX board=DE5 [1-11.1] ref_max_d0_low_run=8785 fb_max_d0_low_run=7
STEP4_DEGLITCH_STATE board=DE5 [1-11.1] ref_state=0 fb_state=0 ref_stab_bucket=0 fb_stab_bucket=0 ref_threshold_reached=1 fb_threshold_reached=1 ref_got_edge_seen=1 fb_got_edge_seen=1
STEP4_DMTD_BOUNDARY board=DE5 [1-11.1] sampled_ref=DECREASED_OR_RESET pre_accept_ref=0 accept_ref=0 sampled_fb=662226272 pre_accept_fb=0 accept_fb=0
STEP4_QUALIFICATION_ENTRY board=DE5 [1-11.1] ref=0 fb=0
STEP4_QUALIFICATION_PROGRESS board=DE5 [1-11.1] ref=0 fb=0
STEP4_EVENT_ACTIVITY board=DE5 [1-11.1] dmtd=0 pending=0 grant=0 tag_valid=0 trr_write=0 trr_pop=0 irq=0 state_transition=0 helper_update=0
STEP4_EVENT_BOUNDARY board=DE5 [1-11.1] result=GOT_EDGE_TO_QUALIFICATION_PROGRESS
=== STEP4_FOCUSED_BOARD DE5 [1-11.2] ===
STEP4_SERIES board=DE5 [1-11.2] register=WR_FAILURE_DEBUG samples=10 valid=10 timeout=0 invalid=0 decrease=0 first=02020001 last=02020001 delta=0
STEP4_SERIES board=DE5 [1-11.2] register=WR_LOCK_RESULT samples=10 valid=10 timeout=0 invalid=0 decrease=0 first=00000001 last=00000001 delta=0
STEP4_SERIES board=DE5 [1-11.2] register=WR_LOCK_POLL_COUNT samples=10 valid=10 timeout=0 invalid=0 decrease=0 first=000E8B63 last=000E8B63 delta=0
STEP4_SERIES board=DE5 [1-11.2] register=WR_LOCK_UNLOCKED_COUNT samples=10 valid=10 timeout=0 invalid=0 decrease=0 first=000E8B63 last=000E8B63 delta=0
STEP4_SERIES board=DE5 [1-11.2] register=WR_LOCK_CALIB_FAIL_COUNT samples=10 valid=10 timeout=0 invalid=0 decrease=1 first=00000000 last=00000000 delta=0
STEP4_SERIES board=DE5 [1-11.2] register=WR_LOCK_ENABLE_COUNT samples=10 valid=10 timeout=0 invalid=0 decrease=1 first=00000000 last=00000004 delta=4
STEP4_SERIES board=DE5 [1-11.2] register=SPLL_STATE samples=10 valid=10 timeout=0 invalid=0 decrease=1 first=00030009 last=00030009 delta=0
STEP4_SERIES board=DE5 [1-11.2] register=PSTAT_LOCKED samples=10 valid=10 timeout=0 invalid=0 decrease=0 first=00000001 last=00000001 delta=0
STEP4_GROUP board=DE5 [1-11.2] group=LOCK result=VALID
STEP4_LOCK_CLASS board=DE5 [1-11.2] result=SPLL_UNLOCKED result_code=1 unlocked_delta=0 pstat_locked=0
STEP4_SERIES board=DE5 [1-11.2] register=SPLL_MODE_SEQUENCE samples=10 valid=10 timeout=0 invalid=0 decrease=1 first=00030009 last=00030009 delta=0
STEP4_SERIES board=DE5 [1-11.2] register=RCER samples=10 valid=10 timeout=0 invalid=0 decrease=0 first=00000001 last=00000001 delta=0
STEP4_SERIES board=DE5 [1-11.2] register=OCER samples=10 valid=10 timeout=0 invalid=0 decrease=0 first=05080801 last=05080801 delta=0
STEP4_SERIES board=DE5 [1-11.2] register=DMTD_REF_EVENTS samples=10 valid=10 timeout=0 invalid=0 decrease=0 first=05CCADC8 last=05CCADC8 delta=0
STEP4_SERIES board=DE5 [1-11.2] register=DMTD_FB_EVENTS samples=10 valid=10 timeout=0 invalid=0 decrease=0 first=064B87C2 last=064B87C2 delta=0
STEP4_SERIES board=DE5 [1-11.2] register=DMTD_REF_ACCEPT samples=10 valid=10 timeout=0 invalid=0 decrease=0 first=150B0820 last=150B0820 delta=0
STEP4_SERIES board=DE5 [1-11.2] register=DMTD_FB_ACCEPT samples=10 valid=10 timeout=0 invalid=0 decrease=0 first=16F2A837 last=16F2A837 delta=0
STEP4_SERIES board=DE5 [1-11.2] register=DMTD_REF_SAMPLED samples=10 valid=10 timeout=0 invalid=0 decrease=0 first=5AD47824 last=827B31CB delta=665237927
STEP4_SERIES board=DE5 [1-11.2] register=DMTD_FB_SAMPLED samples=10 valid=10 timeout=0 invalid=0 decrease=0 first=6510F78A last=8CD09AF1 delta=666870631
STEP4_SERIES board=DE5 [1-11.2] register=DMTD_HIGH_QUAL_MAX_STAB samples=10 valid=10 timeout=0 invalid=0 decrease=1 first=00010002 last=00010002 delta=0
STEP4_SERIES board=DE5 [1-11.2] register=DMTD_D0_LOW_RUN_MAX samples=10 valid=10 timeout=0 invalid=0 decrease=0 first=00012212 last=00012212 delta=0
STEP4_SERIES board=DE5 [1-11.2] register=DMTD_REF_WAIT_EDGE_ENTRY samples=10 valid=10 timeout=0 invalid=0 decrease=1 first=00000000 last=150B0821 delta=353044513
STEP4_SERIES board=DE5 [1-11.2] register=DMTD_FB_WAIT_EDGE_ENTRY samples=10 valid=10 timeout=0 invalid=0 decrease=0 first=16F2A838 last=16F2A838 delta=0
STEP4_SERIES board=DE5 [1-11.2] register=DMTD_REF_QUAL_REACHED_8 samples=10 valid=10 timeout=0 invalid=0 decrease=0 first=00000001 last=00000001 delta=0
STEP4_SERIES board=DE5 [1-11.2] register=DMTD_FB_QUAL_REACHED_8 samples=10 valid=10 timeout=0 invalid=0 decrease=0 first=00000000 last=00000000 delta=0
STEP4_SERIES board=DE5 [1-11.2] register=SPLL_DMTD_STATE samples=10 valid=10 timeout=0 invalid=0 decrease=1 first=3C00000A last=3C00000A delta=0
STEP4_GROUP board=DE5 [1-11.2] group=DMTD_BOUNDARY result=VALID
STEP4_SERIES64 board=DE5 [1-11.2] register=DMTD_NATIVE_EDGE_COUNT64 samples=10 valid=10 timeout=0 invalid=0 decrease=1 first=000000049124ACC9 last=00000004BBA9D081 delta=713368504 delta_mode=MODULO64
STEP4_SERIES board=DE5 [1-11.2] register=DEGLITCH_THRESHOLD samples=10 valid=10 timeout=0 invalid=0 decrease=1 first=010C03E8 last=0B1003E8 delta=168034304
STEP4_SERIES64 board=DE5 [1-11.2] register=REF_D0_STABLE_HIT_COUNT64 samples=10 valid=10 timeout=0 invalid=0 decrease=0 first=0000000489F39C2A last=00000004B4769BF0 delta=713228230 delta_mode=MODULO64
STEP4_SERIES64 board=DE5 [1-11.2] register=REF_D0_TRANSITION_COUNT64 samples=10 valid=10 timeout=0 invalid=0 decrease=1 first=00000004833CDE83 last=00000004AD7E35B7 delta=708925236 delta_mode=MODULO64
STEP4_SERIES board=DE5 [1-11.2] register=DMTD_REF_WAIT_EDGE_ENTRY samples=10 valid=10 timeout=0 invalid=0 decrease=0 first=150B0821 last=150B0821 delta=0
STEP4_SERIES board=DE5 [1-11.2] register=NATIVE_REF_SAMPLED samples=10 valid=10 timeout=0 invalid=0 decrease=0 first=83533478 last=AD93CF77 delta=708877055
STEP4_SERIES board=DE5 [1-11.2] register=NATIVE_REF_ACCEPT samples=10 valid=10 timeout=0 invalid=0 decrease=0 first=150B0820 last=150B0820 delta=0
STEP4_SERIES64 board=DE5 [1-11.2] register=FB_D0_STABLE_HIT_COUNT64 samples=10 valid=10 timeout=0 invalid=0 decrease=0 first=0000000491CD6F29 last=00000004BC701D00 delta=715304407 delta_mode=MODULO64
STEP4_SERIES64 board=DE5 [1-11.2] register=FB_D0_TRANSITION_COUNT64 samples=10 valid=10 timeout=0 invalid=0 decrease=1 first=000000048DECE435 last=00000004B869B50A delta=712822997 delta_mode=MODULO64
STEP4_SERIES board=DE5 [1-11.2] register=DMTD_FB_WAIT_EDGE_ENTRY samples=10 valid=10 timeout=0 invalid=0 decrease=0 first=16F2A838 last=16F2A838 delta=0
STEP4_SERIES board=DE5 [1-11.2] register=NATIVE_FB_SAMPLED samples=10 valid=10 timeout=0 invalid=0 decrease=1 first=8E02782C last=B87F48D0 delta=712822948
STEP4_SERIES board=DE5 [1-11.2] register=NATIVE_FB_ACCEPT samples=10 valid=10 timeout=0 invalid=0 decrease=0 first=16F2A837 last=16F2A837 delta=0
STEP4_DMTD_CLOCK board=DE5 [1-11.2] dmtd_native_delta=713368504 dmtd_elapsed_ms=5707 dmtd_frequency_hz=124998861.749 result=INVALID
STEP4_D0_STABLE_THRESHOLD board=DE5 [1-11.2] threshold=NA threshold_delta=168034304 hit_length=NA ref_hit_delta=713228230 ref_hit_per_million_d0=1006069.743016 ref_d0_delta=708925236 ref_d0_to_dmtd_ratio=0.993771427 ref_sampled_delta=708877055 ref_sampled_to_dmtd_ratio=0.993703887 ref_sampled_to_d0_ratio=0.999932037 ref_accept_delta=0 fb_hit_delta=715304407 fb_hit_per_million_d0=1003481.102617 fb_d0_delta=712822997 fb_d0_to_dmtd_ratio=0.999235308 fb_sampled_delta=712822948 fb_sampled_to_dmtd_ratio=0.999235240 fb_sampled_to_d0_ratio=0.999999931 fb_accept_delta=0 result=INVALID counter_cdc=GRAY2_HI_LO_HI
STEP4_SERIES board=DE5 [1-11.2] register=TAG_PENDING_COUNT samples=10 valid=10 timeout=0 invalid=0 decrease=0 first=00000000 last=00000000 delta=0
STEP4_SERIES board=DE5 [1-11.2] register=TAG_PENDING_REF_COUNT samples=10 valid=10 timeout=0 invalid=0 decrease=0 first=00000000 last=00000000 delta=0
STEP4_SERIES board=DE5 [1-11.2] register=TAG_PENDING_FB_COUNT samples=10 valid=10 timeout=0 invalid=0 decrease=0 first=00000000 last=00000000 delta=0
STEP4_SERIES board=DE5 [1-11.2] register=TAG_GRANT_COUNT samples=10 valid=10 timeout=0 invalid=0 decrease=1 first=00000000 last=00000000 delta=0
STEP4_SERIES board=DE5 [1-11.2] register=TAG_VALID_COUNT samples=10 valid=10 timeout=0 invalid=0 decrease=1 first=00000000 last=00000000 delta=0
STEP4_SERIES board=DE5 [1-11.2] register=TRR_WRITE_COUNT samples=10 valid=10 timeout=0 invalid=0 decrease=0 first=00000000 last=00000000 delta=0
STEP4_GROUP board=DE5 [1-11.2] group=TAG_ARBITRATION result=VALID
STEP4_SERIES board=DE5 [1-11.2] register=IRQ_COUNT samples=10 valid=10 timeout=0 invalid=0 decrease=0 first=00000000 last=00000000 delta=0
STEP4_SERIES board=DE5 [1-11.2] register=HELPER_UPDATE_COUNT samples=10 valid=10 timeout=0 invalid=0 decrease=0 first=00000000 last=00000000 delta=0
STEP4_SERIES board=DE5 [1-11.2] register=TRR_POP_COUNT samples=10 valid=10 timeout=0 invalid=0 decrease=0 first=00000000 last=00000000 delta=0
STEP4_SERIES board=DE5 [1-11.2] register=STATE_TRANSITION_COUNT samples=10 valid=10 timeout=0 invalid=0 decrease=0 first=00000000 last=00000000 delta=0
STEP4_GROUP board=DE5 [1-11.2] group=DOWNSTREAM result=VALID
STEP4_SERIES board=DE5 [1-11.2] register=CURRENT_TICS samples=10 valid=10 timeout=0 invalid=0 decrease=1 first=823B361C last=94CC1E08 delta=311486444
STEP4_SERIES board=DE5 [1-11.2] register=DMTD_REF_LAST_TICS samples=10 valid=10 timeout=0 invalid=0 decrease=1 first=2E0A8329 last=2E0A8329 delta=0
STEP4_SERIES board=DE5 [1-11.2] register=DMTD_FB_LAST_TICS samples=10 valid=10 timeout=0 invalid=0 decrease=0 first=2E0A8328 last=2E0A832A delta=2
STEP4_SERIES board=DE5 [1-11.2] register=TAG_REF_LAST_TICS samples=10 valid=10 timeout=0 invalid=0 decrease=0 first=2E0A832A last=2E0A832A delta=0
STEP4_SERIES board=DE5 [1-11.2] register=TAG_FB_LAST_TICS samples=10 valid=10 timeout=0 invalid=0 decrease=1 first=2E0A8329 last=2E0A8329 delta=0
STEP4_SERIES board=DE5 [1-11.2] register=TAG_PENDING_LAST_TICS samples=10 valid=10 timeout=0 invalid=0 decrease=0 first=00000000 last=00000000 delta=0
STEP4_SERIES board=DE5 [1-11.2] register=TAG_GRANT_LAST_TICS samples=10 valid=10 timeout=0 invalid=0 decrease=0 first=00000000 last=00000000 delta=0
STEP4_SERIES board=DE5 [1-11.2] register=TAG_VALID_LAST_TICS samples=10 valid=10 timeout=0 invalid=0 decrease=0 first=00000000 last=00000000 delta=0
STEP4_SERIES board=DE5 [1-11.2] register=TRR_WRITE_LAST_TICS samples=10 valid=10 timeout=0 invalid=0 decrease=0 first=00000000 last=00000000 delta=0
STEP4_GROUP board=DE5 [1-11.2] group=EVENT_TIMING result=VALID
STEP4_HIGH_QUAL_MAX_STAB board=DE5 [1-11.2] ref_max_before_abort=2 fb_max_before_abort=1
STEP4_INPUT_D0_LOW_RUN_MAX board=DE5 [1-11.2] ref_max_d0_low_run=8722 fb_max_d0_low_run=1
STEP4_DEGLITCH_STATE board=DE5 [1-11.2] ref_state=2 fb_state=2 ref_stab_bucket=0 fb_stab_bucket=0 ref_threshold_reached=1 fb_threshold_reached=1 ref_got_edge_seen=1 fb_got_edge_seen=1
STEP4_DMTD_BOUNDARY board=DE5 [1-11.2] sampled_ref=665237927 pre_accept_ref=0 accept_ref=0 sampled_fb=666870631 pre_accept_fb=0 accept_fb=0
STEP4_QUALIFICATION_ENTRY board=DE5 [1-11.2] ref=0 fb=0
STEP4_QUALIFICATION_PROGRESS board=DE5 [1-11.2] ref=0 fb=0
STEP4_EVENT_ACTIVITY board=DE5 [1-11.2] dmtd=0 pending=0 grant=0 tag_valid=0 trr_write=0 trr_pop=0 irq=0 state_transition=0 helper_update=0
STEP4_EVENT_BOUNDARY board=DE5 [1-11.2] result=GOT_EDGE_TO_QUALIFICATION_PROGRESS
STEP4_FOCUSED_DONE
Info (23030): Evaluation of Tcl script scripts/jtag/read_step4_startup_focused.tcl was successful
Info: Quartus Prime SignalTap II was successful. 0 errors, 0 warnings
    Info: Peak virtual memory: 776 megabytes
    Info: Processing ended: Tue Aug 25 00:18:20 2026
    Info: Elapsed time: 00:01:02
    Info: Total CPU time (on all processors): 00:00:01
