Info: *******************************************************************
Info: Running Quartus Prime SignalTap II
    Info: Version 17.0.0 Build 595 04/25/2017 SJ Standard Edition
    Info: Copyright (C) 2017  Intel Corporation. All rights reserved.
    Info: Your use of Intel Corporation's design tools, logic functions 
    Info: and other software and tools, and its AMPP partner logic 
    Info: functions, and any output files from any of the foregoing 
    Info: (including device programming or simulation files), and any 
    Info: associated documentation or information are expressly subject 
    Info: to the terms and conditions of the Intel Program License 
    Info: Subscription Agreement, the Intel Quartus Prime License Agreement,
    Info: the Intel MegaCore Function License Agreement, or other 
    Info: applicable license agreement, including, without limitation, 
    Info: that your use is for the sole purpose of programming logic 
    Info: devices manufactured by Intel and sold by Intel or its 
    Info: authorized distributors.  Please refer to the applicable 
    Info: agreement for further details.
    Info: Processing started: Mon Aug 24 06:06:32 2026
Info: Command: quartus_stp -t scripts/jtag/read_wr_handshake_focused.tcl 30 1000
Info: Quartus(args): 30 1000
FOCUSED_CONFIG samples=30 gap_ms=1000
=== FOCUSED_BOARD DE5 [1-11.1] ===
FOCUSED_SAMPLE board=DE5 [1-11.1] sample=001 valid=1 status=FF mac=02:00:22:33:44:01 mode=2 ptp=6 ptp_rx=142 ptp_tx=313 minic_tx=435 minic_rx=238 rxerr=0 foreign=0/255 detection=0 wr_config=0 parent=0/0/0 local_state=0 next_state=0 rx=0x1000/1 tx=0x1001/4 fail=1/3/1 reject=0/0 lock=0/0 polls=0 enable=0 rcer=0x00000000 sstat=0x00000000 pstat=0x00000001
FOCUSED_SAMPLE board=DE5 [1-11.1] sample=002 valid=1 status=FF mac=02:00:22:33:44:01 mode=2 ptp=6 ptp_rx=144 ptp_tx=318 minic_tx=441 minic_rx=241 rxerr=0 foreign=0/255 detection=0 wr_config=0 parent=0/0/0 local_state=0 next_state=0 rx=0x1000/1 tx=0x1001/4 fail=1/3/1 reject=0/0 lock=0/0 polls=0 enable=0 rcer=0x00000000 sstat=0x00000000 pstat=0x00000001
FOCUSED_SAMPLE board=DE5 [1-11.1] sample=003 valid=1 status=FF mac=02:00:22:33:44:01 mode=2 ptp=6 ptp_rx=147 ptp_tx=326 minic_tx=451 minic_rx=246 rxerr=0 foreign=0/255 detection=0 wr_config=0 parent=0/0/0 local_state=0 next_state=0 rx=0x1000/1 tx=0x1001/4 fail=1/3/1 reject=0/0 lock=0/0 polls=0 enable=0 rcer=0x00000000 sstat=0x00000000 pstat=0x00000001
FOCUSED_SAMPLE board=DE5 [1-11.1] sample=004 valid=1 status=FF mac=02:00:22:33:44:01 mode=2 ptp=6 ptp_rx=148 ptp_tx=330 minic_tx=456 minic_rx=248 rxerr=0 foreign=0/255 detection=0 wr_config=0 parent=0/0/0 local_state=0 next_state=0 rx=0x1000/1 tx=0x1001/4 fail=1/3/1 reject=0/0 lock=0/0 polls=0 enable=0 rcer=0x00000000 sstat=0x00000000 pstat=0x00000001
FOCUSED_SAMPLE board=DE5 [1-11.1] sample=005 valid=1 status=FF mac=02:00:22:33:44:01 mode=2 ptp=6 ptp_rx=151 ptp_tx=335 minic_tx=463 minic_rx=252 rxerr=0 foreign=0/255 detection=0 wr_config=0 parent=0/0/0 local_state=0 next_state=0 rx=0x1000/1 tx=0x1001/4 fail=1/3/1 reject=0/0 lock=0/0 polls=0 enable=0 rcer=0x00000000 sstat=0x00000000 pstat=0x00000001
FOCUSED_SAMPLE board=DE5 [1-11.1] sample=006 valid=1 status=FF mac=02:00:22:33:44:01 mode=2 ptp=6 ptp_rx=154 ptp_tx=341 minic_tx=470 minic_rx=256 rxerr=0 foreign=0/255 detection=0 wr_config=0 parent=0/0/0 local_state=0 next_state=0 rx=0x1000/1 tx=0x1001/4 fail=1/3/1 reject=0/0 lock=0/0 polls=0 enable=0 rcer=0x00000000 sstat=0x00000000 pstat=0x00000001
FOCUSED_SAMPLE board=DE5 [1-11.1] sample=007 valid=1 status=FF mac=02:00:22:33:44:01 mode=2 ptp=6 ptp_rx=159 ptp_tx=353 minic_tx=484 minic_rx=263 rxerr=0 foreign=0/255 detection=0 wr_config=0 parent=0/0/0 local_state=0 next_state=0 rx=0x1000/1 tx=0x1001/4 fail=1/3/1 reject=0/0 lock=0/0 polls=0 enable=0 rcer=0x00000000 sstat=0x00000000 pstat=0x00000001
FOCUSED_SAMPLE board=DE5 [1-11.1] sample=008 valid=1 status=FF mac=02:00:22:33:44:01 mode=2 ptp=6 ptp_rx=161 ptp_tx=357 minic_tx=489 minic_rx=266 rxerr=0 foreign=0/255 detection=0 wr_config=0 parent=0/0/0 local_state=0 next_state=0 rx=0x1000/1 tx=0x1001/4 fail=1/3/1 reject=0/0 lock=0/0 polls=0 enable=0 rcer=0x00000000 sstat=0x00000000 pstat=0x00000001
FOCUSED_SAMPLE board=DE5 [1-11.1] sample=009 valid=1 status=FF mac=02:00:22:33:44:01 mode=2 ptp=6 ptp_rx=165 ptp_tx=364 minic_tx=498 minic_rx=271 rxerr=0 foreign=0/255 detection=0 wr_config=0 parent=0/0/0 local_state=0 next_state=0 rx=0x1000/1 tx=0x1001/4 fail=1/3/1 reject=0/0 lock=0/0 polls=0 enable=0 rcer=0x00000000 sstat=0x00000000 pstat=0x00000001
FOCUSED_SAMPLE board=DE5 [1-11.1] sample=010 valid=1 status=FF mac=02:00:22:33:44:01 mode=2 ptp=6 ptp_rx=166 ptp_tx=365 minic_tx=500 minic_rx=276 rxerr=0 foreign=0/255 detection=0 wr_config=0 parent=0/0/0 local_state=0 next_state=0 rx=0x1000/1 tx=0x1001/4 fail=1/3/1 reject=0/0 lock=0/0 polls=0 enable=0 rcer=0x00000000 sstat=0x00000000 pstat=0x00000001
FOCUSED_SAMPLE board=DE5 [1-11.1] sample=011 valid=1 status=FF mac=02:00:22:33:44:01 mode=2 ptp=6 ptp_rx=169 ptp_tx=375 minic_tx=512 minic_rx=278 rxerr=0 foreign=0/255 detection=0 wr_config=0 parent=0/0/0 local_state=0 next_state=0 rx=0x1000/1 tx=0x1001/4 fail=1/3/1 reject=0/0 lock=0/0 polls=0 enable=0 rcer=0x00000000 sstat=0x00000000 pstat=0x00000001
FOCUSED_SAMPLE board=DE5 [1-11.1] sample=012 valid=1 status=FF mac=02:00:22:33:44:01 mode=2 ptp=6 ptp_rx=172 ptp_tx=379 minic_tx=517 minic_rx=282 rxerr=0 foreign=0/255 detection=0 wr_config=0 parent=0/0/0 local_state=0 next_state=0 rx=0x1000/1 tx=0x1001/4 fail=1/3/1 reject=0/0 lock=0/0 polls=0 enable=0 rcer=0x00000000 sstat=0x00000000 pstat=0x00000001
FOCUSED_SAMPLE board=DE5 [1-11.1] sample=013 valid=1 status=FF mac=02:00:22:33:44:01 mode=2 ptp=6 ptp_rx=173 ptp_tx=382 minic_tx=522 minic_rx=284 rxerr=0 foreign=0/255 detection=0 wr_config=0 parent=0/0/0 local_state=0 next_state=0 rx=0x1000/1 tx=0x1001/4 fail=1/3/1 reject=0/0 lock=0/0 polls=0 enable=0 rcer=0x00000000 sstat=0x00000000 pstat=0x00000001
FOCUSED_SAMPLE board=DE5 [1-11.1] sample=014 valid=1 status=FF mac=02:00:22:33:44:01 mode=2 ptp=6 ptp_rx=175 ptp_tx=389 minic_tx=531 minic_rx=288 rxerr=0 foreign=0/255 detection=0 wr_config=0 parent=0/0/0 local_state=0 next_state=0 rx=0x1000/1 tx=0x1001/4 fail=1/3/1 reject=0/0 lock=0/0 polls=0 enable=0 rcer=0x00000000 sstat=0x00000000 pstat=0x00000001
FOCUSED_SAMPLE board=DE5 [1-11.1] sample=015 valid=1 status=FF mac=02:00:22:33:44:01 mode=2 ptp=6 ptp_rx=177 ptp_tx=396 minic_tx=539 minic_rx=291 rxerr=0 foreign=0/255 detection=0 wr_config=0 parent=0/0/0 local_state=0 next_state=0 rx=0x1000/1 tx=0x1001/4 fail=1/3/1 reject=0/0 lock=0/0 polls=0 enable=0 rcer=0x00000000 sstat=0x00000000 pstat=0x00000001
FOCUSED_SAMPLE board=DE5 [1-11.1] sample=016 valid=1 status=FF mac=02:00:22:33:44:01 mode=2 ptp=6 ptp_rx=180 ptp_tx=401 minic_tx=545 minic_rx=295 rxerr=0 foreign=0/255 detection=0 wr_config=0 parent=0/0/0 local_state=0 next_state=0 rx=0x1000/1 tx=0x1001/4 fail=1/3/1 reject=0/0 lock=0/0 polls=0 enable=0 rcer=0x00000000 sstat=0x00000000 pstat=0x00000001
FOCUSED_SAMPLE board=DE5 [1-11.1] sample=017 valid=1 status=FF mac=02:00:22:33:44:01 mode=2 ptp=6 ptp_rx=183 ptp_tx=407 minic_tx=553 minic_rx=299 rxerr=0 foreign=0/255 detection=0 wr_config=0 parent=0/0/0 local_state=0 next_state=0 rx=0x1000/1 tx=0x1001/4 fail=1/3/1 reject=0/0 lock=0/0 polls=0 enable=0 rcer=0x00000000 sstat=0x00000000 pstat=0x00000001
FOCUSED_SAMPLE board=DE5 [1-11.1] sample=018 valid=1 status=FF mac=02:00:22:33:44:01 mode=2 ptp=6 ptp_rx=187 ptp_tx=415 minic_tx=563 minic_rx=305 rxerr=0 foreign=0/255 detection=0 wr_config=0 parent=0/0/0 local_state=0 next_state=0 rx=0x1000/1 tx=0x1001/4 fail=1/3/1 reject=0/0 lock=0/0 polls=0 enable=0 rcer=0x00000000 sstat=0x00000000 pstat=0x00000001
FOCUSED_SAMPLE board=DE5 [1-11.1] sample=019 valid=1 status=FF mac=02:00:22:33:44:01 mode=2 ptp=6 ptp_rx=189 ptp_tx=420 minic_tx=569 minic_rx=308 rxerr=0 foreign=0/255 detection=0 wr_config=0 parent=0/0/0 local_state=0 next_state=0 rx=0x1000/1 tx=0x1001/4 fail=1/3/1 reject=0/0 lock=0/0 polls=0 enable=0 rcer=0x00000000 sstat=0x00000000 pstat=0x00000001
FOCUSED_SAMPLE board=DE5 [1-11.1] sample=020 valid=1 status=FF mac=02:00:22:33:44:01 mode=2 ptp=6 ptp_rx=194 ptp_tx=426 minic_tx=576 minic_rx=314 rxerr=0 foreign=0/255 detection=0 wr_config=0 parent=0/0/0 local_state=0 next_state=0 rx=0x1000/1 tx=0x1001/4 fail=1/3/1 reject=0/0 lock=0/0 polls=0 enable=0 rcer=0x00000000 sstat=0x00000000 pstat=0x00000001
FOCUSED_SAMPLE board=DE5 [1-11.1] sample=021 valid=1 status=FF mac=02:00:22:33:44:01 mode=2 ptp=6 ptp_rx=197 ptp_tx=436 minic_tx=589 minic_rx=319 rxerr=0 foreign=0/255 detection=0 wr_config=0 parent=0/0/0 local_state=0 next_state=0 rx=0x1000/1 tx=0x1001/4 fail=1/3/1 reject=0/0 lock=0/0 polls=0 enable=0 rcer=0x00000000 sstat=0x00000000 pstat=0x00000001
FOCUSED_SAMPLE board=DE5 [1-11.1] sample=022 valid=1 status=FF mac=02:00:22:33:44:01 mode=2 ptp=6 ptp_rx=199 ptp_tx=440 minic_tx=594 minic_rx=322 rxerr=0 foreign=0/255 detection=0 wr_config=0 parent=0/0/0 local_state=0 next_state=0 rx=0x1000/1 tx=0x1001/4 fail=1/3/1 reject=0/0 lock=0/0 polls=0 enable=0 rcer=0x00000000 sstat=0x00000000 pstat=0x00000001
FOCUSED_SAMPLE board=DE5 [1-11.1] sample=023 valid=1 status=FF mac=02:00:22:33:44:01 mode=2 ptp=6 ptp_rx=201 ptp_tx=444 minic_tx=599 minic_rx=325 rxerr=0 foreign=0/255 detection=0 wr_config=0 parent=0/0/0 local_state=0 next_state=0 rx=0x1000/1 tx=0x1001/4 fail=1/3/1 reject=0/0 lock=0/0 polls=0 enable=0 rcer=0x00000000 sstat=0x00000000 pstat=0x00000001
FOCUSED_SAMPLE board=DE5 [1-11.1] sample=024 valid=1 status=FF mac=02:00:22:33:44:01 mode=2 ptp=6 ptp_rx=202 ptp_tx=448 minic_tx=604 minic_rx=327 rxerr=0 foreign=0/255 detection=0 wr_config=0 parent=0/0/0 local_state=0 next_state=0 rx=0x1000/1 tx=0x1001/4 fail=1/3/1 reject=0/0 lock=0/0 polls=0 enable=0 rcer=0x00000000 sstat=0x00000000 pstat=0x00000001
FOCUSED_SAMPLE board=DE5 [1-11.1] sample=025 valid=1 status=FF mac=02:00:22:33:44:01 mode=2 ptp=6 ptp_rx=206 ptp_tx=457 minic_tx=616 minic_rx=333 rxerr=0 foreign=0/255 detection=0 wr_config=0 parent=0/0/0 local_state=0 next_state=0 rx=0x1000/1 tx=0x1001/4 fail=1/3/1 reject=0/0 lock=0/0 polls=0 enable=0 rcer=0x00000000 sstat=0x00000000 pstat=0x00000001
FOCUSED_SAMPLE board=DE5 [1-11.1] sample=026 valid=1 status=FF mac=02:00:22:33:44:01 mode=2 ptp=6 ptp_rx=209 ptp_tx=462 minic_tx=622 minic_rx=337 rxerr=0 foreign=0/255 detection=0 wr_config=0 parent=0/0/0 local_state=0 next_state=0 rx=0x1000/1 tx=0x1001/4 fail=1/3/1 reject=0/0 lock=0/0 polls=0 enable=0 rcer=0x00000000 sstat=0x00000000 pstat=0x00000001
FOCUSED_SAMPLE board=DE5 [1-11.1] sample=027 valid=1 status=FF mac=02:00:22:33:44:01 mode=2 ptp=6 ptp_rx=212 ptp_tx=468 minic_tx=629 minic_rx=341 rxerr=0 foreign=0/255 detection=0 wr_config=0 parent=0/0/0 local_state=0 next_state=0 rx=0x1000/1 tx=0x1001/4 fail=1/3/1 reject=0/0 lock=0/0 polls=0 enable=0 rcer=0x00000000 sstat=0x00000000 pstat=0x00000001
FOCUSED_SAMPLE board=DE5 [1-11.1] sample=028 valid=1 status=FF mac=02:00:22:33:44:01 mode=2 ptp=6 ptp_rx=216 ptp_tx=477 minic_tx=641 minic_rx=347 rxerr=0 foreign=0/255 detection=0 wr_config=0 parent=0/0/0 local_state=0 next_state=0 rx=0x1000/1 tx=0x1001/4 fail=1/3/1 reject=0/0 lock=0/0 polls=0 enable=0 rcer=0x00000000 sstat=0x00000000 pstat=0x00000001
FOCUSED_SAMPLE board=DE5 [1-11.1] sample=029 valid=1 status=FF mac=02:00:22:33:44:01 mode=2 ptp=6 ptp_rx=217 ptp_tx=480 minic_tx=645 minic_rx=349 rxerr=0 foreign=0/255 detection=0 wr_config=0 parent=0/0/0 local_state=0 next_state=0 rx=0x1000/1 tx=0x1001/4 fail=1/3/1 reject=0/0 lock=0/0 polls=0 enable=0 rcer=0x00000000 sstat=0x00000000 pstat=0x00000001
FOCUSED_SAMPLE board=DE5 [1-11.1] sample=030 valid=1 status=FF mac=02:00:22:33:44:01 mode=2 ptp=6 ptp_rx=219 ptp_tx=484 minic_tx=650 minic_rx=352 rxerr=0 foreign=0/255 detection=0 wr_config=0 parent=0/0/0 local_state=0 next_state=0 rx=0x1000/1 tx=0x1001/4 fail=1/3/1 reject=0/0 lock=0/0 polls=0 enable=0 rcer=0x00000000 sstat=0x00000000 pstat=0x00000001
FOCUSED_GATE board=DE5 [1-11.1] valid_samples=30 invalid_samples=0 counter_decreased=0 PTP_TX_DELTA=171 STEP2_REGRESSION=PASS STEP3_REGRESSION=NA POST_STEP3_LOCK_STAGE=NOT_OBSERVED STATE_EVIDENCE=STABLE signal_good=0 signal_bad=0 state_idle=0 state_good=0
=== FOCUSED_BOARD DE5 [1-11.2] ===
FOCUSED_SAMPLE board=DE5 [1-11.2] sample=001 valid=1 status=CF mac=02:00:22:33:44:02 mode=3 ptp=9 ptp_rx=479 ptp_tx=130 minic_tx=354 minic_rx=600 rxerr=0 foreign=1/0 detection=0 wr_config=3 parent=1/0/1 local_state=0 next_state=0 rx=0x1001/1 tx=0x1000/1 fail=2/2/1 reject=0/0 lock=1/0 polls=953139 enable=4 rcer=0x00000001 sstat=0x00000001 pstat=0x00000001
FOCUSED_SAMPLE board=DE5 [1-11.2] sample=002 valid=1 status=CF mac=02:00:22:33:44:02 mode=3 ptp=9 ptp_rx=490 ptp_tx=132 minic_tx=357 minic_rx=606 rxerr=0 foreign=1/0 detection=0 wr_config=3 parent=1/0/1 local_state=0 next_state=0 rx=0x1001/1 tx=0x1000/1 fail=2/2/1 reject=0/0 lock=1/0 polls=953139 enable=4 rcer=0x00000001 sstat=0x00000001 pstat=0x00000001
FOCUSED_SAMPLE board=DE5 [1-11.2] sample=003 valid=1 status=CF mac=02:00:22:33:44:02 mode=3 ptp=9 ptp_rx=493 ptp_tx=132 minic_tx=360 minic_rx=610 rxerr=0 foreign=1/0 detection=0 wr_config=3 parent=1/0/1 local_state=0 next_state=0 rx=0x1001/1 tx=0x1000/1 fail=2/2/1 reject=0/0 lock=1/0 polls=953139 enable=4 rcer=0x00000001 sstat=0x00000001 pstat=0x00000001
FOCUSED_SAMPLE board=DE5 [1-11.2] sample=004 valid=1 status=EF mac=02:00:22:33:44:02 mode=3 ptp=9 ptp_rx=497 ptp_tx=132 minic_tx=363 minic_rx=615 rxerr=0 foreign=1/0 detection=0 wr_config=3 parent=1/0/1 local_state=0 next_state=0 rx=0x1001/1 tx=0x1000/1 fail=2/2/1 reject=0/0 lock=1/0 polls=953139 enable=4 rcer=0x00000001 sstat=0x00000001 pstat=0x00000001
FOCUSED_SAMPLE board=DE5 [1-11.2] sample=005 valid=1 status=CF mac=02:00:22:33:44:02 mode=3 ptp=9 ptp_rx=504 ptp_tx=133 minic_tx=367 minic_rx=624 rxerr=0 foreign=1/0 detection=0 wr_config=3 parent=1/0/1 local_state=0 next_state=0 rx=0x1001/1 tx=0x1000/1 fail=2/2/1 reject=0/0 lock=1/0 polls=953139 enable=4 rcer=0x00000001 sstat=0x00000001 pstat=0x00000001
FOCUSED_SAMPLE board=DE5 [1-11.2] sample=006 valid=1 status=EF mac=02:00:22:33:44:02 mode=3 ptp=9 ptp_rx=509 ptp_tx=133 minic_tx=370 minic_rx=630 rxerr=0 foreign=1/0 detection=0 wr_config=3 parent=1/0/1 local_state=0 next_state=0 rx=0x1001/1 tx=0x1000/1 fail=2/2/1 reject=0/0 lock=1/0 polls=953139 enable=4 rcer=0x00000001 sstat=0x00000001 pstat=0x00000001
FOCUSED_SAMPLE board=DE5 [1-11.2] sample=007 valid=1 status=CF mac=02:00:22:33:44:02 mode=3 ptp=9 ptp_rx=513 ptp_tx=134 minic_tx=374 minic_rx=635 rxerr=0 foreign=1/0 detection=0 wr_config=3 parent=1/0/1 local_state=0 next_state=0 rx=0x1001/1 tx=0x1000/1 fail=2/2/1 reject=0/0 lock=1/0 polls=953139 enable=4 rcer=0x00000001 sstat=0x00000001 pstat=0x00000001
FOCUSED_SAMPLE board=DE5 [1-11.2] sample=008 valid=1 status=CF mac=02:00:22:33:44:02 mode=3 ptp=9 ptp_rx=517 ptp_tx=134 minic_tx=379 minic_rx=646 rxerr=0 foreign=1/0 detection=0 wr_config=3 parent=1/0/1 local_state=0 next_state=0 rx=0x1001/1 tx=0x1000/1 fail=2/2/1 reject=0/0 lock=1/0 polls=953139 enable=4 rcer=0x00000001 sstat=0x00000001 pstat=0x00000001
FOCUSED_SAMPLE board=DE5 [1-11.2] sample=009 valid=1 status=CF mac=02:00:22:33:44:02 mode=3 ptp=9 ptp_rx=525 ptp_tx=136 minic_tx=381 minic_rx=650 rxerr=0 foreign=1/0 detection=0 wr_config=3 parent=1/0/1 local_state=0 next_state=0 rx=0x1001/1 tx=0x1000/1 fail=2/2/1 reject=0/0 lock=1/0 polls=953139 enable=4 rcer=0x00000001 sstat=0x00000001 pstat=0x00000001
FOCUSED_SAMPLE board=DE5 [1-11.2] sample=010 valid=1 status=CF mac=02:00:22:33:44:02 mode=3 ptp=9 ptp_rx=530 ptp_tx=136 minic_tx=384 minic_rx=656 rxerr=0 foreign=1/0 detection=0 wr_config=3 parent=1/0/1 local_state=0 next_state=0 rx=0x1001/1 tx=0x1000/1 fail=2/2/1 reject=0/0 lock=1/0 polls=953139 enable=4 rcer=0x00000001 sstat=0x00000001 pstat=0x00000001
FOCUSED_SAMPLE board=DE5 [1-11.2] sample=011 valid=1 status=CF mac=02:00:22:33:44:02 mode=3 ptp=9 ptp_rx=534 ptp_tx=137 minic_tx=388 minic_rx=661 rxerr=0 foreign=1/0 detection=0 wr_config=3 parent=1/0/1 local_state=0 next_state=0 rx=0x1001/1 tx=0x1000/1 fail=2/2/1 reject=0/0 lock=1/0 polls=953139 enable=4 rcer=0x00000001 sstat=0x00000001 pstat=0x00000001
FOCUSED_SAMPLE board=DE5 [1-11.2] sample=012 valid=1 status=CF mac=02:00:22:33:44:02 mode=3 ptp=9 ptp_rx=542 ptp_tx=138 minic_tx=393 minic_rx=671 rxerr=0 foreign=1/0 detection=0 wr_config=3 parent=1/0/1 local_state=0 next_state=0 rx=0x1001/1 tx=0x1000/1 fail=2/2/1 reject=0/0 lock=1/0 polls=953139 enable=4 rcer=0x00000001 sstat=0x00000001 pstat=0x00000001
FOCUSED_SAMPLE board=DE5 [1-11.2] sample=013 valid=1 status=EF mac=02:00:22:33:44:02 mode=3 ptp=9 ptp_rx=545 ptp_tx=138 minic_tx=395 minic_rx=675 rxerr=0 foreign=1/0 detection=0 wr_config=3 parent=1/0/1 local_state=0 next_state=0 rx=0x1001/1 tx=0x1000/1 fail=2/2/1 reject=0/0 lock=1/0 polls=953139 enable=4 rcer=0x00000001 sstat=0x00000001 pstat=0x00000001
FOCUSED_SAMPLE board=DE5 [1-11.2] sample=014 valid=1 status=CF mac=02:00:22:33:44:02 mode=3 ptp=9 ptp_rx=550 ptp_tx=140 minic_tx=398 minic_rx=681 rxerr=0 foreign=1/0 detection=0 wr_config=3 parent=1/0/1 local_state=0 next_state=0 rx=0x1001/1 tx=0x1000/1 fail=2/2/1 reject=0/0 lock=1/0 polls=953139 enable=4 rcer=0x00000001 sstat=0x00000001 pstat=0x00000001
FOCUSED_SAMPLE board=DE5 [1-11.2] sample=015 valid=1 status=CF mac=02:00:22:33:44:02 mode=3 ptp=9 ptp_rx=562 ptp_tx=140 minic_tx=406 minic_rx=695 rxerr=0 foreign=1/0 detection=0 wr_config=3 parent=1/0/1 local_state=0 next_state=0 rx=0x1001/1 tx=0x1000/1 fail=2/2/1 reject=0/0 lock=1/0 polls=953139 enable=4 rcer=0x00000001 sstat=0x00000001 pstat=0x00000001
FOCUSED_SAMPLE board=DE5 [1-11.2] sample=016 valid=1 status=EF mac=02:00:22:33:44:02 mode=3 ptp=9 ptp_rx=565 ptp_tx=140 minic_tx=409 minic_rx=699 rxerr=0 foreign=1/0 detection=0 wr_config=3 parent=1/0/1 local_state=0 next_state=0 rx=0x1001/1 tx=0x1000/1 fail=2/2/1 reject=0/0 lock=1/0 polls=953139 enable=4 rcer=0x00000001 sstat=0x00000001 pstat=0x00000001
FOCUSED_SAMPLE board=DE5 [1-11.2] sample=017 valid=1 status=CF mac=02:00:22:33:44:02 mode=3 ptp=9 ptp_rx=570 ptp_tx=141 minic_tx=413 minic_rx=705 rxerr=0 foreign=1/0 detection=0 wr_config=3 parent=1/0/1 local_state=0 next_state=0 rx=0x1001/1 tx=0x1000/1 fail=2/2/1 reject=0/0 lock=1/0 polls=953139 enable=4 rcer=0x00000001 sstat=0x00000001 pstat=0x00000001
FOCUSED_SAMPLE board=DE5 [1-11.2] sample=018 valid=1 status=CF mac=02:00:22:33:44:02 mode=3 ptp=9 ptp_rx=576 ptp_tx=141 minic_tx=417 minic_rx=712 rxerr=0 foreign=1/0 detection=0 wr_config=3 parent=1/0/1 local_state=0 next_state=0 rx=0x1001/1 tx=0x1000/1 fail=2/2/1 reject=0/0 lock=1/0 polls=953139 enable=4 rcer=0x00000001 sstat=0x00000001 pstat=0x00000001
FOCUSED_SAMPLE board=DE5 [1-11.2] sample=019 valid=1 status=CF mac=02:00:22:33:44:02 mode=3 ptp=9 ptp_rx=586 ptp_tx=144 minic_tx=423 minic_rx=724 rxerr=0 foreign=1/0 detection=0 wr_config=3 parent=1/0/1 local_state=0 next_state=0 rx=0x1001/1 tx=0x1000/1 fail=2/2/1 reject=0/0 lock=1/0 polls=953139 enable=4 rcer=0x00000001 sstat=0x00000001 pstat=0x00000001
FOCUSED_SAMPLE board=DE5 [1-11.2] sample=020 valid=1 status=CF mac=02:00:22:33:44:02 mode=3 ptp=9 ptp_rx=590 ptp_tx=144 minic_tx=426 minic_rx=729 rxerr=0 foreign=1/0 detection=0 wr_config=3 parent=1/0/1 local_state=0 next_state=0 rx=0x1001/1 tx=0x1000/1 fail=2/2/1 reject=0/0 lock=1/0 polls=953139 enable=4 rcer=0x00000001 sstat=0x00000001 pstat=0x00000001
FOCUSED_SAMPLE board=DE5 [1-11.2] sample=021 valid=1 status=CF mac=02:00:22:33:44:02 mode=3 ptp=9 ptp_rx=595 ptp_tx=144 minic_tx=429 minic_rx=735 rxerr=0 foreign=1/0 detection=0 wr_config=3 parent=1/0/1 local_state=0 next_state=0 rx=0x1001/1 tx=0x1000/1 fail=2/2/1 reject=0/0 lock=1/0 polls=953139 enable=4 rcer=0x00000001 sstat=0x00000001 pstat=0x00000001
FOCUSED_SAMPLE board=DE5 [1-11.2] sample=022 valid=1 status=CF mac=02:00:22:33:44:02 mode=3 ptp=9 ptp_rx=604 ptp_tx=146 minic_tx=436 minic_rx=746 rxerr=0 foreign=1/0 detection=0 wr_config=3 parent=1/0/1 local_state=0 next_state=0 rx=0x1001/1 tx=0x1000/1 fail=2/2/1 reject=0/0 lock=1/0 polls=953139 enable=4 rcer=0x00000001 sstat=0x00000001 pstat=0x00000001
FOCUSED_SAMPLE board=DE5 [1-11.2] sample=023 valid=1 status=CF mac=02:00:22:33:44:02 mode=3 ptp=9 ptp_rx=608 ptp_tx=146 minic_tx=438 minic_rx=751 rxerr=0 foreign=1/0 detection=0 wr_config=3 parent=1/0/1 local_state=0 next_state=0 rx=0x1001/1 tx=0x1000/1 fail=2/2/1 reject=0/0 lock=1/0 polls=953139 enable=4 rcer=0x00000001 sstat=0x00000001 pstat=0x00000001
FOCUSED_SAMPLE board=DE5 [1-11.2] sample=024 valid=1 status=EF mac=02:00:22:33:44:02 mode=3 ptp=9 ptp_rx=612 ptp_tx=146 minic_tx=441 minic_rx=756 rxerr=0 foreign=1/0 detection=0 wr_config=3 parent=1/0/1 local_state=0 next_state=0 rx=0x1001/1 tx=0x1000/1 fail=2/2/1 reject=0/0 lock=1/0 polls=953139 enable=4 rcer=0x00000001 sstat=0x00000001 pstat=0x00000001
FOCUSED_SAMPLE board=DE5 [1-11.2] sample=025 valid=1 status=CF mac=02:00:22:33:44:02 mode=3 ptp=9 ptp_rx=618 ptp_tx=149 minic_tx=445 minic_rx=763 rxerr=0 foreign=1/0 detection=0 wr_config=3 parent=1/0/1 local_state=0 next_state=0 rx=0x1001/1 tx=0x1000/1 fail=2/2/1 reject=0/0 lock=1/0 polls=953139 enable=4 rcer=0x00000001 sstat=0x00000001 pstat=0x00000001
FOCUSED_SAMPLE board=DE5 [1-11.2] sample=026 valid=1 status=EF mac=02:00:22:33:44:02 mode=3 ptp=9 ptp_rx=626 ptp_tx=149 minic_tx=451 minic_rx=773 rxerr=0 foreign=1/0 detection=0 wr_config=3 parent=1/0/1 local_state=0 next_state=0 rx=0x1001/1 tx=0x1000/1 fail=2/2/1 reject=0/0 lock=1/0 polls=953139 enable=4 rcer=0x00000001 sstat=0x00000001 pstat=0x00000001
FOCUSED_SAMPLE board=DE5 [1-11.2] sample=027 valid=1 status=CF mac=02:00:22:33:44:02 mode=3 ptp=9 ptp_rx=629 ptp_tx=150 minic_tx=453 minic_rx=777 rxerr=0 foreign=1/0 detection=0 wr_config=3 parent=1/0/1 local_state=0 next_state=0 rx=0x1001/1 tx=0x1000/1 fail=2/2/1 reject=0/0 lock=1/0 polls=953139 enable=4 rcer=0x00000001 sstat=0x00000001 pstat=0x00000001
FOCUSED_SAMPLE board=DE5 [1-11.2] sample=028 valid=1 status=CF mac=02:00:22:33:44:02 mode=3 ptp=9 ptp_rx=634 ptp_tx=150 minic_tx=456 minic_rx=783 rxerr=0 foreign=1/0 detection=0 wr_config=3 parent=1/0/1 local_state=0 next_state=0 rx=0x1001/1 tx=0x1000/1 fail=2/2/1 reject=0/0 lock=1/0 polls=953139 enable=4 rcer=0x00000001 sstat=0x00000001 pstat=0x00000001
FOCUSED_SAMPLE board=DE5 [1-11.2] sample=029 valid=1 status=CF mac=02:00:22:33:44:02 mode=3 ptp=9 ptp_rx=645 ptp_tx=151 minic_tx=464 minic_rx=796 rxerr=0 foreign=1/0 detection=0 wr_config=3 parent=1/0/1 local_state=0 next_state=0 rx=0x1001/1 tx=0x1000/1 fail=2/2/1 reject=0/0 lock=1/0 polls=953139 enable=4 rcer=0x00000001 sstat=0x00000001 pstat=0x00000001
FOCUSED_SAMPLE board=DE5 [1-11.2] sample=030 valid=1 status=CF mac=02:00:22:33:44:02 mode=3 ptp=9 ptp_rx=650 ptp_tx=151 minic_tx=467 minic_rx=802 rxerr=0 foreign=1/0 detection=0 wr_config=3 parent=1/0/1 local_state=0 next_state=0 rx=0x1001/1 tx=0x1000/1 fail=2/2/1 reject=0/0 lock=1/0 polls=953139 enable=4 rcer=0x00000001 sstat=0x00000001 pstat=0x00000001
FOCUSED_GATE board=DE5 [1-11.2] valid_samples=30 invalid_samples=0 counter_decreased=0 PTP_TX_DELTA=21 STEP2_REGRESSION=PASS STEP3_REGRESSION=PASS POST_STEP3_LOCK_STAGE=TIMEOUT STATE_EVIDENCE=READ_INCONSISTENT signal_good=30 signal_bad=0 state_idle=30 state_good=0
FOCUSED_DONE
Info (23030): Evaluation of Tcl script scripts/jtag/read_wr_handshake_focused.tcl was successful
Info: Quartus Prime SignalTap II was successful. 0 errors, 0 warnings
    Info: Peak virtual memory: 772 megabytes
    Info: Processing ended: Mon Aug 24 06:07:48 2026
    Info: Elapsed time: 00:01:16
    Info: Total CPU time (on all processors): 00:00:01
