Info: *******************************************************************
Info: Running Quartus Prime Signal Tap
    Info: Version 21.3.0 Build 170 09/23/2021 SC Pro Edition
    Info: Copyright (C) 2021  Intel Corporation. All rights reserved.
    Info: Your use of Intel Corporation's design tools, logic functions 
    Info: and other software and tools, and any partner logic 
    Info: functions, and any output files from any of the foregoing 
    Info: (including device programming or simulation files), and any 
    Info: associated documentation or information are expressly subject 
    Info: to the terms and conditions of the Intel Program License 
    Info: Subscription Agreement, the Intel Quartus Prime License Agreement,
    Info: the Intel FPGA IP License Agreement, or other applicable license
    Info: agreement, including, without limitation, that your use is for
    Info: the sole purpose of programming logic devices manufactured by
    Info: Intel and sold by Intel or its authorized distributors.  Please
    Info: refer to the applicable agreement for further details, at
    Info: https://fpgasoftware.intel.com/eula.
    Info: Processing started: Thu Aug 27 12:18:01 2026
    Info: System process ID: 2695789
Info: Command: quartus_stp -t scripts/jtag/read_manual_mode_master_transition_forensics.tcl 60 250 25
Info: Quartus(args): 60 250 25
FORENSICS_CONFIG samples=60 gap_ms=250 poll_attempts=25 manual_command=mode_master_once read_only=1 cpu_hold_release=0 cpu_reset_write=0
=== FORENSICS_BOARD DE5 [1-11.1] ===
FORENSICS_SAMPLE board=DE5 [1-11.1] sample=001 elapsed_ms=0 STATUS=35BC82EF ENTRY=00017A20 MODE_MASTER_STAGE=00000000 PTP=00002104 PTP_META=03020404 SPLL_STATE=00000000 LOCK_ENABLE=00000000 EIC_ISR=00000000 TAG_VALID=00000000 TRR_WRITE=00000000 TRR_POP=00000000 IRQ_COUNT=00000000 HELPER_UPDATE=00000000 PTP_RX=0000016A PTP_TX=000000ED
FORENSICS_SAMPLE board=DE5 [1-11.1] sample=002 elapsed_ms=286 STATUS=35B882EF ENTRY=00017A20 MODE_MASTER_STAGE=00000000 PTP=00002104 PTP_META=03020404 SPLL_STATE=00000000 LOCK_ENABLE=00000000 EIC_ISR=00000000 TAG_VALID=00000000 TRR_WRITE=00000000 TRR_POP=00000000 IRQ_COUNT=00000000 HELPER_UPDATE=00000000 PTP_RX=0000016C PTP_TX=000000ED
FORENSICS_SAMPLE board=DE5 [1-11.1] sample=003 elapsed_ms=574 STATUS=35BC82EF ENTRY=00017A20 MODE_MASTER_STAGE=00000000 PTP=00002104 PTP_META=03020404 SPLL_STATE=00000000 LOCK_ENABLE=00000000 EIC_ISR=00000000 TAG_VALID=00000000 TRR_WRITE=00000000 TRR_POP=00000000 IRQ_COUNT=00000000 HELPER_UPDATE=00000000 PTP_RX=0000016C PTP_TX=000000ED
FORENSICS_SAMPLE board=DE5 [1-11.1] sample=004 elapsed_ms=862 STATUS=255082EF ENTRY=00017A20 MODE_MASTER_STAGE=00000000 PTP=00002104 PTP_META=03020404 SPLL_STATE=00000000 LOCK_ENABLE=00000000 EIC_ISR=00000000 TAG_VALID=00000000 TRR_WRITE=00000000 TRR_POP=00000000 IRQ_COUNT=00000000 HELPER_UPDATE=00000000 PTP_RX=0000016C PTP_TX=000000ED
FORENSICS_SAMPLE board=DE5 [1-11.1] sample=005 elapsed_ms=1152 STATUS=35BC82EF ENTRY=00017A20 MODE_MASTER_STAGE=00000000 PTP=00002104 PTP_META=03020404 SPLL_STATE=00000000 LOCK_ENABLE=00000000 EIC_ISR=00000000 TAG_VALID=00000000 TRR_WRITE=00000000 TRR_POP=00000000 IRQ_COUNT=00000000 HELPER_UPDATE=00000000 PTP_RX=0000016C PTP_TX=000000ED
FORENSICS_SAMPLE board=DE5 [1-11.1] sample=006 elapsed_ms=1442 STATUS=255082EF ENTRY=00017A20 MODE_MASTER_STAGE=00000000 PTP=00002104 PTP_META=03020404 SPLL_STATE=00000000 LOCK_ENABLE=00000000 EIC_ISR=00000000 TAG_VALID=00000000 TRR_WRITE=00000000 TRR_POP=00000000 IRQ_COUNT=00000000 HELPER_UPDATE=00000000 PTP_RX=0000016D PTP_TX=000000ED
FORENSICS_SAMPLE board=DE5 [1-11.1] sample=007 elapsed_ms=1730 STATUS=35BC82EF ENTRY=00017A20 MODE_MASTER_STAGE=00000000 PTP=00002104 PTP_META=03020404 SPLL_STATE=00000000 LOCK_ENABLE=00000000 EIC_ISR=00000000 TAG_VALID=00000000 TRR_WRITE=00000000 TRR_POP=00000000 IRQ_COUNT=00000000 HELPER_UPDATE=00000000 PTP_RX=0000016D PTP_TX=000000ED
FORENSICS_SAMPLE board=DE5 [1-11.1] sample=008 elapsed_ms=2019 STATUS=35BC82EF ENTRY=00017A20 MODE_MASTER_STAGE=00000000 PTP=00002104 PTP_META=03020404 SPLL_STATE=00000000 LOCK_ENABLE=00000000 EIC_ISR=00000000 TAG_VALID=00000000 TRR_WRITE=00000000 TRR_POP=00000000 IRQ_COUNT=00000000 HELPER_UPDATE=00000000 PTP_RX=0000016D PTP_TX=000000ED
FORENSICS_SAMPLE board=DE5 [1-11.1] sample=009 elapsed_ms=2309 STATUS=35BC82EF ENTRY=00017A20 MODE_MASTER_STAGE=00000000 PTP=00002104 PTP_META=03020404 SPLL_STATE=00000000 LOCK_ENABLE=00000000 EIC_ISR=00000000 TAG_VALID=00000000 TRR_WRITE=00000000 TRR_POP=00000000 IRQ_COUNT=00000000 HELPER_UPDATE=00000000 PTP_RX=00000170 PTP_TX=000000ED
FORENSICS_SAMPLE board=DE5 [1-11.1] sample=010 elapsed_ms=2598 STATUS=255482EF ENTRY=00017A20 MODE_MASTER_STAGE=00000000 PTP=00002104 PTP_META=03020404 SPLL_STATE=00000000 LOCK_ENABLE=00000000 EIC_ISR=00000000 TAG_VALID=00000000 TRR_WRITE=00000000 TRR_POP=00000000 IRQ_COUNT=00000000 HELPER_UPDATE=00000000 PTP_RX=00000170 PTP_TX=000000ED
FORENSICS_SAMPLE board=DE5 [1-11.1] sample=011 elapsed_ms=2887 STATUS=255082EF ENTRY=00017A20 MODE_MASTER_STAGE=00000000 PTP=00002104 PTP_META=03020404 SPLL_STATE=00000000 LOCK_ENABLE=00000000 EIC_ISR=00000000 TAG_VALID=00000000 TRR_WRITE=00000000 TRR_POP=00000000 IRQ_COUNT=00000000 HELPER_UPDATE=00000000 PTP_RX=00000170 PTP_TX=000000ED
FORENSICS_SAMPLE board=DE5 [1-11.1] sample=012 elapsed_ms=3176 STATUS=35BC82EF ENTRY=00017A20 MODE_MASTER_STAGE=00000000 PTP=00002104 PTP_META=03020404 SPLL_STATE=00000000 LOCK_ENABLE=00000000 EIC_ISR=00000000 TAG_VALID=00000000 TRR_WRITE=00000000 TRR_POP=00000000 IRQ_COUNT=00000000 HELPER_UPDATE=00000000 PTP_RX=00000172 PTP_TX=000000ED
FORENSICS_SAMPLE board=DE5 [1-11.1] sample=013 elapsed_ms=3466 STATUS=35B882EF ENTRY=00017A20 MODE_MASTER_STAGE=00000000 PTP=00002104 PTP_META=03020404 SPLL_STATE=00000000 LOCK_ENABLE=00000000 EIC_ISR=00000000 TAG_VALID=00000000 TRR_WRITE=00000000 TRR_POP=00000000 IRQ_COUNT=00000000 HELPER_UPDATE=00000000 PTP_RX=00000172 PTP_TX=000000ED
FORENSICS_SAMPLE board=DE5 [1-11.1] sample=014 elapsed_ms=3753 STATUS=35BC82EF ENTRY=00017A20 MODE_MASTER_STAGE=00000000 PTP=00002104 PTP_META=03020404 SPLL_STATE=00000000 LOCK_ENABLE=00000000 EIC_ISR=00000000 TAG_VALID=00000000 TRR_WRITE=00000000 TRR_POP=00000000 IRQ_COUNT=00000000 HELPER_UPDATE=00000000 PTP_RX=00000172 PTP_TX=000000ED
FORENSICS_SAMPLE board=DE5 [1-11.1] sample=015 elapsed_ms=4042 STATUS=35BC82EF ENTRY=00017A20 MODE_MASTER_STAGE=00000000 PTP=00002104 PTP_META=03020404 SPLL_STATE=00000000 LOCK_ENABLE=00000000 EIC_ISR=00000000 TAG_VALID=00000000 TRR_WRITE=00000000 TRR_POP=00000000 IRQ_COUNT=00000000 HELPER_UPDATE=00000000 PTP_RX=00000172 PTP_TX=000000ED
FORENSICS_SAMPLE board=DE5 [1-11.1] sample=016 elapsed_ms=4332 STATUS=353C82EF ENTRY=00017A20 MODE_MASTER_STAGE=00000000 PTP=00002104 PTP_META=03020404 SPLL_STATE=00000000 LOCK_ENABLE=00000000 EIC_ISR=00000000 TAG_VALID=00000000 TRR_WRITE=00000000 TRR_POP=00000000 IRQ_COUNT=00000000 HELPER_UPDATE=00000000 PTP_RX=00000174 PTP_TX=000000ED
FORENSICS_SAMPLE board=DE5 [1-11.1] sample=017 elapsed_ms=4621 STATUS=35F082EF ENTRY=00017A20 MODE_MASTER_STAGE=00000000 PTP=00002104 PTP_META=03020404 SPLL_STATE=00000000 LOCK_ENABLE=00000000 EIC_ISR=00000000 TAG_VALID=00000000 TRR_WRITE=00000000 TRR_POP=00000000 IRQ_COUNT=00000000 HELPER_UPDATE=00000000 PTP_RX=00000174 PTP_TX=000000ED
FORENSICS_SAMPLE board=DE5 [1-11.1] sample=018 elapsed_ms=4910 STATUS=255082EF ENTRY=00017A20 MODE_MASTER_STAGE=00000000 PTP=00002104 PTP_META=03020404 SPLL_STATE=00000000 LOCK_ENABLE=00000000 EIC_ISR=00000000 TAG_VALID=00000000 TRR_WRITE=00000000 TRR_POP=00000000 IRQ_COUNT=00000000 HELPER_UPDATE=00000000 PTP_RX=00000174 PTP_TX=000000ED
FORENSICS_SAMPLE board=DE5 [1-11.1] sample=019 elapsed_ms=5199 STATUS=251C82EF ENTRY=00017A20 MODE_MASTER_STAGE=00000000 PTP=00002104 PTP_META=03020404 SPLL_STATE=00000000 LOCK_ENABLE=00000000 EIC_ISR=00000000 TAG_VALID=00000000 TRR_WRITE=00000000 TRR_POP=00000000 IRQ_COUNT=00000000 HELPER_UPDATE=00000000 PTP_RX=00000175 PTP_TX=000000F0
FORENSICS_SAMPLE board=DE5 [1-11.1] sample=020 elapsed_ms=5488 STATUS=251C82EF ENTRY=00017A20 MODE_MASTER_STAGE=00000000 PTP=00002104 PTP_META=03020404 SPLL_STATE=00000000 LOCK_ENABLE=00000000 EIC_ISR=00000000 TAG_VALID=00000000 TRR_WRITE=00000000 TRR_POP=00000000 IRQ_COUNT=00000000 HELPER_UPDATE=00000000 PTP_RX=00000175 PTP_TX=000000F0
FORENSICS_SAMPLE board=DE5 [1-11.1] sample=021 elapsed_ms=5776 STATUS=255082EF ENTRY=00017A20 MODE_MASTER_STAGE=00000000 PTP=00002104 PTP_META=03020404 SPLL_STATE=00000000 LOCK_ENABLE=00000000 EIC_ISR=00000000 TAG_VALID=00000000 TRR_WRITE=00000000 TRR_POP=00000000 IRQ_COUNT=00000000 HELPER_UPDATE=00000000 PTP_RX=00000175 PTP_TX=000000F0
FORENSICS_SAMPLE board=DE5 [1-11.1] sample=022 elapsed_ms=6066 STATUS=251C82EF ENTRY=00017A20 MODE_MASTER_STAGE=00000000 PTP=00002104 PTP_META=03020404 SPLL_STATE=00000000 LOCK_ENABLE=00000000 EIC_ISR=00000000 TAG_VALID=00000000 TRR_WRITE=00000000 TRR_POP=00000000 IRQ_COUNT=00000000 HELPER_UPDATE=00000000 PTP_RX=00000175 PTP_TX=000000F0
FORENSICS_SAMPLE board=DE5 [1-11.1] sample=023 elapsed_ms=6357 STATUS=35BC82EF ENTRY=00017A20 MODE_MASTER_STAGE=00000000 PTP=00002104 PTP_META=03020404 SPLL_STATE=00000000 LOCK_ENABLE=00000000 EIC_ISR=00000000 TAG_VALID=00000000 TRR_WRITE=00000000 TRR_POP=00000000 IRQ_COUNT=00000000 HELPER_UPDATE=00000000 PTP_RX=00000177 PTP_TX=000000F0
FORENSICS_SAMPLE board=DE5 [1-11.1] sample=024 elapsed_ms=6647 STATUS=253C82EF ENTRY=00017A20 MODE_MASTER_STAGE=00000000 PTP=00002104 PTP_META=03020404 SPLL_STATE=00000000 LOCK_ENABLE=00000000 EIC_ISR=00000000 TAG_VALID=00000000 TRR_WRITE=00000000 TRR_POP=00000000 IRQ_COUNT=00000000 HELPER_UPDATE=00000000 PTP_RX=00000177 PTP_TX=000000F0
FORENSICS_SAMPLE board=DE5 [1-11.1] sample=025 elapsed_ms=6937 STATUS=35BC82EF ENTRY=00017A20 MODE_MASTER_STAGE=00000000 PTP=00002104 PTP_META=03020404 SPLL_STATE=00000000 LOCK_ENABLE=00000000 EIC_ISR=00000000 TAG_VALID=00000000 TRR_WRITE=00000000 TRR_POP=00000000 IRQ_COUNT=00000000 HELPER_UPDATE=00000000 PTP_RX=00000177 PTP_TX=000000F0
FORENSICS_SAMPLE board=DE5 [1-11.1] sample=026 elapsed_ms=7227 STATUS=35F082EF ENTRY=00017A20 MODE_MASTER_STAGE=00000000 PTP=00002104 PTP_META=03020404 SPLL_STATE=00000000 LOCK_ENABLE=00000000 EIC_ISR=00000000 TAG_VALID=00000000 TRR_WRITE=00000000 TRR_POP=00000000 IRQ_COUNT=00000000 HELPER_UPDATE=00000000 PTP_RX=00000179 PTP_TX=000000F0
FORENSICS_SAMPLE board=DE5 [1-11.1] sample=027 elapsed_ms=7516 STATUS=35F082EF ENTRY=00017A20 MODE_MASTER_STAGE=00000000 PTP=00002104 PTP_META=03020404 SPLL_STATE=00000000 LOCK_ENABLE=00000000 EIC_ISR=00000000 TAG_VALID=00000000 TRR_WRITE=00000000 TRR_POP=00000000 IRQ_COUNT=00000000 HELPER_UPDATE=00000000 PTP_RX=00000179 PTP_TX=000000F0
FORENSICS_SAMPLE board=DE5 [1-11.1] sample=028 elapsed_ms=7803 STATUS=255082EF ENTRY=00017A20 MODE_MASTER_STAGE=00000000 PTP=00002104 PTP_META=03020404 SPLL_STATE=00000000 LOCK_ENABLE=00000000 EIC_ISR=00000000 TAG_VALID=00000000 TRR_WRITE=00000000 TRR_POP=00000000 IRQ_COUNT=00000000 HELPER_UPDATE=00000000 PTP_RX=00000179 PTP_TX=000000F0
FORENSICS_SAMPLE board=DE5 [1-11.1] sample=029 elapsed_ms=8092 STATUS=255082EF ENTRY=00017A20 MODE_MASTER_STAGE=00000000 PTP=00002104 PTP_META=03020404 SPLL_STATE=00000000 LOCK_ENABLE=00000000 EIC_ISR=00000000 TAG_VALID=00000000 TRR_WRITE=00000000 TRR_POP=00000000 IRQ_COUNT=00000000 HELPER_UPDATE=00000000 PTP_RX=00000179 PTP_TX=000000F0
FORENSICS_SAMPLE board=DE5 [1-11.1] sample=030 elapsed_ms=8382 STATUS=35B082EF ENTRY=00017A20 MODE_MASTER_STAGE=00000000 PTP=00002104 PTP_META=03020404 SPLL_STATE=00000000 LOCK_ENABLE=00000000 EIC_ISR=00000000 TAG_VALID=00000000 TRR_WRITE=00000000 TRR_POP=00000000 IRQ_COUNT=00000000 HELPER_UPDATE=00000000 PTP_RX=0000017B PTP_TX=000000F0
FORENSICS_SAMPLE board=DE5 [1-11.1] sample=031 elapsed_ms=8671 STATUS=255482EF ENTRY=00017A20 MODE_MASTER_STAGE=00000000 PTP=00002104 PTP_META=03020404 SPLL_STATE=00000000 LOCK_ENABLE=00000000 EIC_ISR=00000000 TAG_VALID=00000000 TRR_WRITE=00000000 TRR_POP=00000000 IRQ_COUNT=00000000 HELPER_UPDATE=00000000 PTP_RX=0000017B PTP_TX=000000F0
FORENSICS_SAMPLE board=DE5 [1-11.1] sample=032 elapsed_ms=8960 STATUS=255C82EF ENTRY=00017A20 MODE_MASTER_STAGE=00000000 PTP=00002104 PTP_META=03020404 SPLL_STATE=00000000 LOCK_ENABLE=00000000 EIC_ISR=00000000 TAG_VALID=00000000 TRR_WRITE=00000000 TRR_POP=00000000 IRQ_COUNT=00000000 HELPER_UPDATE=00000000 PTP_RX=0000017B PTP_TX=000000F0
FORENSICS_SAMPLE board=DE5 [1-11.1] sample=033 elapsed_ms=9250 STATUS=35BC82EF ENTRY=00017A20 MODE_MASTER_STAGE=00000000 PTP=00002104 PTP_META=03020404 SPLL_STATE=00000000 LOCK_ENABLE=00000000 EIC_ISR=00000000 TAG_VALID=00000000 TRR_WRITE=00000000 TRR_POP=00000000 IRQ_COUNT=00000000 HELPER_UPDATE=00000000 PTP_RX=0000017D PTP_TX=000000F0
FORENSICS_SAMPLE board=DE5 [1-11.1] sample=034 elapsed_ms=9538 STATUS=251C82EF ENTRY=00017A20 MODE_MASTER_STAGE=00000000 PTP=00002104 PTP_META=03020404 SPLL_STATE=00000000 LOCK_ENABLE=00000000 EIC_ISR=00000000 TAG_VALID=00000000 TRR_WRITE=00000000 TRR_POP=00000000 IRQ_COUNT=00000000 HELPER_UPDATE=00000000 PTP_RX=0000017D PTP_TX=000000F0
FORENSICS_SAMPLE board=DE5 [1-11.1] sample=035 elapsed_ms=9826 STATUS=251C82EF ENTRY=00017A20 MODE_MASTER_STAGE=00000000 PTP=00002104 PTP_META=03020404 SPLL_STATE=00000000 LOCK_ENABLE=00000000 EIC_ISR=00000000 TAG_VALID=00000000 TRR_WRITE=00000000 TRR_POP=00000000 IRQ_COUNT=00000000 HELPER_UPDATE=00000000 PTP_RX=0000017D PTP_TX=000000F0
FORENSICS_SAMPLE board=DE5 [1-11.1] sample=036 elapsed_ms=10114 STATUS=353C82EF ENTRY=00017A20 MODE_MASTER_STAGE=00000000 PTP=00002104 PTP_META=03020404 SPLL_STATE=00000000 LOCK_ENABLE=00000000 EIC_ISR=00000000 TAG_VALID=00000000 TRR_WRITE=00000000 TRR_POP=00000000 IRQ_COUNT=00000000 HELPER_UPDATE=00000000 PTP_RX=0000017D PTP_TX=000000F0
FORENSICS_SAMPLE board=DE5 [1-11.1] sample=037 elapsed_ms=10404 STATUS=255082EF ENTRY=00017A20 MODE_MASTER_STAGE=00000000 PTP=00002104 PTP_META=03020404 SPLL_STATE=00000000 LOCK_ENABLE=00000000 EIC_ISR=00000000 TAG_VALID=00000000 TRR_WRITE=00000000 TRR_POP=00000000 IRQ_COUNT=00000000 HELPER_UPDATE=00000000 PTP_RX=0000017E PTP_TX=000000F0
FORENSICS_SAMPLE board=DE5 [1-11.1] sample=038 elapsed_ms=10693 STATUS=35BC82EF ENTRY=00017A20 MODE_MASTER_STAGE=00000000 PTP=00002104 PTP_META=03020404 SPLL_STATE=00000000 LOCK_ENABLE=00000000 EIC_ISR=00000000 TAG_VALID=00000000 TRR_WRITE=00000000 TRR_POP=00000000 IRQ_COUNT=00000000 HELPER_UPDATE=00000000 PTP_RX=0000017E PTP_TX=000000F0
FORENSICS_SAMPLE board=DE5 [1-11.1] sample=039 elapsed_ms=10982 STATUS=255082EF ENTRY=00017A20 MODE_MASTER_STAGE=00000000 PTP=00002104 PTP_META=03020404 SPLL_STATE=00000000 LOCK_ENABLE=00000000 EIC_ISR=00000000 TAG_VALID=00000000 TRR_WRITE=00000000 TRR_POP=00000000 IRQ_COUNT=00000000 HELPER_UPDATE=00000000 PTP_RX=0000017E PTP_TX=000000F0
FORENSICS_SAMPLE board=DE5 [1-11.1] sample=040 elapsed_ms=11272 STATUS=255082EF ENTRY=00017A20 MODE_MASTER_STAGE=00000000 PTP=00002106 PTP_META=03020406 SPLL_STATE=00000000 LOCK_ENABLE=00000000 EIC_ISR=00000000 TAG_VALID=00000000 TRR_WRITE=00000000 TRR_POP=00000000 IRQ_COUNT=00000000 HELPER_UPDATE=00000000 PTP_RX=00000182 PTP_TX=000000F3
FORENSICS_SAMPLE board=DE5 [1-11.1] sample=041 elapsed_ms=11561 STATUS=35F082EF ENTRY=00017A20 MODE_MASTER_STAGE=00000000 PTP=00002106 PTP_META=03020406 SPLL_STATE=00000000 LOCK_ENABLE=00000000 EIC_ISR=00000000 TAG_VALID=00000000 TRR_WRITE=00000000 TRR_POP=00000000 IRQ_COUNT=00000000 HELPER_UPDATE=00000000 PTP_RX=00000182 PTP_TX=000000F3
FORENSICS_SAMPLE board=DE5 [1-11.1] sample=042 elapsed_ms=11850 STATUS=255082EF ENTRY=00017A20 MODE_MASTER_STAGE=00000000 PTP=00002106 PTP_META=03020406 SPLL_STATE=00000000 LOCK_ENABLE=00000000 EIC_ISR=00000000 TAG_VALID=00000000 TRR_WRITE=00000000 TRR_POP=00000000 IRQ_COUNT=00000000 HELPER_UPDATE=00000000 PTP_RX=00000182 PTP_TX=000000F3
FORENSICS_SAMPLE board=DE5 [1-11.1] sample=043 elapsed_ms=12139 STATUS=255082EF ENTRY=00017A20 MODE_MASTER_STAGE=00000000 PTP=00002106 PTP_META=03020406 SPLL_STATE=00000000 LOCK_ENABLE=00000000 EIC_ISR=00000000 TAG_VALID=00000000 TRR_WRITE=00000000 TRR_POP=00000000 IRQ_COUNT=00000000 HELPER_UPDATE=00000000 PTP_RX=00000182 PTP_TX=000000F3
FORENSICS_SAMPLE board=DE5 [1-11.1] sample=044 elapsed_ms=12429 STATUS=255482EF ENTRY=00017A20 MODE_MASTER_STAGE=00000000 PTP=00002106 PTP_META=03020406 SPLL_STATE=00000000 LOCK_ENABLE=00000000 EIC_ISR=00000000 TAG_VALID=00000000 TRR_WRITE=00000000 TRR_POP=00000000 IRQ_COUNT=00000000 HELPER_UPDATE=00000000 PTP_RX=00000182 PTP_TX=000000F5
FORENSICS_SAMPLE board=DE5 [1-11.1] sample=045 elapsed_ms=12718 STATUS=251C82EF ENTRY=00017A20 MODE_MASTER_STAGE=00000000 PTP=00002106 PTP_META=03020406 SPLL_STATE=00000000 LOCK_ENABLE=00000000 EIC_ISR=00000000 TAG_VALID=00000000 TRR_WRITE=00000000 TRR_POP=00000000 IRQ_COUNT=00000000 HELPER_UPDATE=00000000 PTP_RX=00000182 PTP_TX=000000F5
FORENSICS_SAMPLE board=DE5 [1-11.1] sample=046 elapsed_ms=13007 STATUS=35BC82EF ENTRY=00017A20 MODE_MASTER_STAGE=00000000 PTP=00002106 PTP_META=03020406 SPLL_STATE=00000000 LOCK_ENABLE=00000000 EIC_ISR=00000000 TAG_VALID=00000000 TRR_WRITE=00000000 TRR_POP=00000000 IRQ_COUNT=00000000 HELPER_UPDATE=00000000 PTP_RX=00000182 PTP_TX=000000F5
FORENSICS_SAMPLE board=DE5 [1-11.1] sample=047 elapsed_ms=13297 STATUS=251C82EF ENTRY=00017A20 MODE_MASTER_STAGE=00000000 PTP=00002104 PTP_META=03020404 SPLL_STATE=00000000 LOCK_ENABLE=00000000 EIC_ISR=00000000 TAG_VALID=00000000 TRR_WRITE=00000000 TRR_POP=00000000 IRQ_COUNT=00000000 HELPER_UPDATE=00000000 PTP_RX=00000182 PTP_TX=000000F5
FORENSICS_SAMPLE board=DE5 [1-11.1] sample=048 elapsed_ms=13585 STATUS=255082EF ENTRY=00017A20 MODE_MASTER_STAGE=00000000 PTP=00002104 PTP_META=03020404 SPLL_STATE=00000000 LOCK_ENABLE=00000000 EIC_ISR=00000000 TAG_VALID=00000000 TRR_WRITE=00000000 TRR_POP=00000000 IRQ_COUNT=00000000 HELPER_UPDATE=00000000 PTP_RX=00000182 PTP_TX=000000F5
FORENSICS_SAMPLE board=DE5 [1-11.1] sample=049 elapsed_ms=13874 STATUS=35F082EF ENTRY=00017A20 MODE_MASTER_STAGE=00000000 PTP=00002104 PTP_META=03020404 SPLL_STATE=00000000 LOCK_ENABLE=00000000 EIC_ISR=00000000 TAG_VALID=00000000 TRR_WRITE=00000000 TRR_POP=00000000 IRQ_COUNT=00000000 HELPER_UPDATE=00000000 PTP_RX=00000182 PTP_TX=000000F5
FORENSICS_SAMPLE board=DE5 [1-11.1] sample=050 elapsed_ms=14163 STATUS=255082EF ENTRY=00017A20 MODE_MASTER_STAGE=00000000 PTP=00002104 PTP_META=03020404 SPLL_STATE=00000000 LOCK_ENABLE=00000000 EIC_ISR=00000000 TAG_VALID=00000000 TRR_WRITE=00000000 TRR_POP=00000000 IRQ_COUNT=00000000 HELPER_UPDATE=00000000 PTP_RX=00000182 PTP_TX=000000F5
FORENSICS_SAMPLE board=DE5 [1-11.1] sample=051 elapsed_ms=14453 STATUS=35BC82EF ENTRY=00017A20 MODE_MASTER_STAGE=00000000 PTP=00002104 PTP_META=03020404 SPLL_STATE=00000000 LOCK_ENABLE=00000000 EIC_ISR=00000000 TAG_VALID=00000000 TRR_WRITE=00000000 TRR_POP=00000000 IRQ_COUNT=00000000 HELPER_UPDATE=00000000 PTP_RX=00000182 PTP_TX=000000F5
FORENSICS_SAMPLE board=DE5 [1-11.1] sample=052 elapsed_ms=14743 STATUS=251C82EF ENTRY=00017A20 MODE_MASTER_STAGE=00000000 PTP=00002104 PTP_META=03020404 SPLL_STATE=00000000 LOCK_ENABLE=00000000 EIC_ISR=00000000 TAG_VALID=00000000 TRR_WRITE=00000000 TRR_POP=00000000 IRQ_COUNT=00000000 HELPER_UPDATE=00000000 PTP_RX=00000182 PTP_TX=000000F5
FORENSICS_SAMPLE board=DE5 [1-11.1] sample=053 elapsed_ms=15033 STATUS=35F082EF ENTRY=00017A20 MODE_MASTER_STAGE=00000000 PTP=00002104 PTP_META=03020404 SPLL_STATE=00000000 LOCK_ENABLE=00000000 EIC_ISR=00000000 TAG_VALID=00000000 TRR_WRITE=00000000 TRR_POP=00000000 IRQ_COUNT=00000000 HELPER_UPDATE=00000000 PTP_RX=00000182 PTP_TX=000000F5
FORENSICS_SAMPLE board=DE5 [1-11.1] sample=054 elapsed_ms=15323 STATUS=35BC82EF ENTRY=00017A20 MODE_MASTER_STAGE=00000000 PTP=00002104 PTP_META=03020404 SPLL_STATE=00000000 LOCK_ENABLE=00000000 EIC_ISR=00000000 TAG_VALID=00000000 TRR_WRITE=00000000 TRR_POP=00000000 IRQ_COUNT=00000000 HELPER_UPDATE=00000000 PTP_RX=00000182 PTP_TX=000000F5
FORENSICS_SAMPLE board=DE5 [1-11.1] sample=055 elapsed_ms=15613 STATUS=251C82EF ENTRY=00017A20 MODE_MASTER_STAGE=00000000 PTP=00002104 PTP_META=03020404 SPLL_STATE=00000000 LOCK_ENABLE=00000000 EIC_ISR=00000000 TAG_VALID=00000000 TRR_WRITE=00000000 TRR_POP=00000000 IRQ_COUNT=00000000 HELPER_UPDATE=00000000 PTP_RX=00000182 PTP_TX=000000F5
FORENSICS_SAMPLE board=DE5 [1-11.1] sample=056 elapsed_ms=15902 STATUS=255082EF ENTRY=00017A20 MODE_MASTER_STAGE=00000000 PTP=00002104 PTP_META=03020404 SPLL_STATE=00000000 LOCK_ENABLE=00000000 EIC_ISR=00000000 TAG_VALID=00000000 TRR_WRITE=00000000 TRR_POP=00000000 IRQ_COUNT=00000000 HELPER_UPDATE=00000000 PTP_RX=00000182 PTP_TX=000000F5
FORENSICS_SAMPLE board=DE5 [1-11.1] sample=057 elapsed_ms=16190 STATUS=35F082EF ENTRY=00017A20 MODE_MASTER_STAGE=00000000 PTP=00002104 PTP_META=03020404 SPLL_STATE=00000000 LOCK_ENABLE=00000000 EIC_ISR=00000000 TAG_VALID=00000000 TRR_WRITE=00000000 TRR_POP=00000000 IRQ_COUNT=00000000 HELPER_UPDATE=00000000 PTP_RX=00000182 PTP_TX=000000F5
FORENSICS_SAMPLE board=DE5 [1-11.1] sample=058 elapsed_ms=16480 STATUS=35B082EF ENTRY=00017A20 MODE_MASTER_STAGE=00000000 PTP=00002104 PTP_META=03020404 SPLL_STATE=00000000 LOCK_ENABLE=00000000 EIC_ISR=00000000 TAG_VALID=00000000 TRR_WRITE=00000000 TRR_POP=00000000 IRQ_COUNT=00000000 HELPER_UPDATE=00000000 PTP_RX=00000182 PTP_TX=000000F5
FORENSICS_SAMPLE board=DE5 [1-11.1] sample=059 elapsed_ms=16770 STATUS=35BC82EF ENTRY=00017A20 MODE_MASTER_STAGE=00000000 PTP=00002104 PTP_META=03020404 SPLL_STATE=00000000 LOCK_ENABLE=00000000 EIC_ISR=00000000 TAG_VALID=00000000 TRR_WRITE=00000000 TRR_POP=00000000 IRQ_COUNT=00000000 HELPER_UPDATE=00000000 PTP_RX=00000182 PTP_TX=000000F5
FORENSICS_SAMPLE board=DE5 [1-11.1] sample=060 elapsed_ms=17058 STATUS=255082EF ENTRY=00017A20 MODE_MASTER_STAGE=00000000 PTP=00002104 PTP_META=03020404 SPLL_STATE=00000000 LOCK_ENABLE=00000000 EIC_ISR=00000000 TAG_VALID=00000000 TRR_WRITE=00000000 TRR_POP=00000000 IRQ_COUNT=00000000 HELPER_UPDATE=00000000 PTP_RX=00000182 PTP_TX=000000F5
=== FORENSICS_BOARD DE5 [1-11.2] ===
FORENSICS_SAMPLE board=DE5 [1-11.2] sample=001 elapsed_ms=0 STATUS=277082EF ENTRY=00017A20 MODE_MASTER_STAGE=00000000 PTP=00004104 PTP_META=03020404 SPLL_STATE=00000000 LOCK_ENABLE=00000000 EIC_ISR=00000000 TAG_VALID=00000000 TRR_WRITE=00000000 TRR_POP=00000000 IRQ_COUNT=00000000 HELPER_UPDATE=00000000 PTP_RX=000000EA PTP_TX=0000014C
FORENSICS_SAMPLE board=DE5 [1-11.2] sample=002 elapsed_ms=286 STATUS=371C82EF ENTRY=00017A20 MODE_MASTER_STAGE=00000000 PTP=00004104 PTP_META=03020404 SPLL_STATE=00000000 LOCK_ENABLE=00000000 EIC_ISR=00000000 TAG_VALID=00000000 TRR_WRITE=00000000 TRR_POP=00000000 IRQ_COUNT=00000000 HELPER_UPDATE=00000000 PTP_RX=000000EA PTP_TX=0000014C
FORENSICS_SAMPLE board=DE5 [1-11.2] sample=003 elapsed_ms=576 STATUS=371C82EF ENTRY=00017A20 MODE_MASTER_STAGE=00000000 PTP=00004104 PTP_META=03020404 SPLL_STATE=00000000 LOCK_ENABLE=00000000 EIC_ISR=00000000 TAG_VALID=00000000 TRR_WRITE=00000000 TRR_POP=00000000 IRQ_COUNT=00000000 HELPER_UPDATE=00000000 PTP_RX=000000EA PTP_TX=0000014C
FORENSICS_SAMPLE board=DE5 [1-11.2] sample=004 elapsed_ms=865 STATUS=275082EF ENTRY=00017A20 MODE_MASTER_STAGE=00000000 PTP=00004104 PTP_META=03020404 SPLL_STATE=00000000 LOCK_ENABLE=00000000 EIC_ISR=00000000 TAG_VALID=00000000 TRR_WRITE=00000000 TRR_POP=00000000 IRQ_COUNT=00000000 HELPER_UPDATE=00000000 PTP_RX=000000EA PTP_TX=0000014C
FORENSICS_SAMPLE board=DE5 [1-11.2] sample=005 elapsed_ms=1153 STATUS=37BC82EF ENTRY=00017A20 MODE_MASTER_STAGE=00000000 PTP=00004104 PTP_META=00000000 SPLL_STATE=00000000 LOCK_ENABLE=00000000 EIC_ISR=00000000 TAG_VALID=00000000 TRR_WRITE=00000000 TRR_POP=00000000 IRQ_COUNT=00000000 HELPER_UPDATE=0005C596 PTP_RX=000000EA PTP_TX=0000014C
FORENSICS_SAMPLE board=DE5 [1-11.2] sample=006 elapsed_ms=1442 STATUS=37BC82EF ENTRY=00017A20 MODE_MASTER_STAGE=00000000 PTP=00004104 PTP_META=03020404 SPLL_STATE=00000000 LOCK_ENABLE=00000000 EIC_ISR=00000000 TAG_VALID=00000000 TRR_WRITE=00000000 TRR_POP=00000000 IRQ_COUNT=00000000 HELPER_UPDATE=00000000 PTP_RX=000000EA PTP_TX=03020404
FORENSICS_SAMPLE board=DE5 [1-11.2] sample=007 elapsed_ms=1730 STATUS=27F082EF ENTRY=00017A20 MODE_MASTER_STAGE=00000000 PTP=00004104 PTP_META=03020404 SPLL_STATE=00000000 LOCK_ENABLE=00000000 EIC_ISR=00000000 TAG_VALID=00000000 TRR_WRITE=00000000 TRR_POP=00000000 IRQ_COUNT=00000000 HELPER_UPDATE=00000000 PTP_RX=000000EA PTP_TX=0000014F
FORENSICS_SAMPLE board=DE5 [1-11.2] sample=008 elapsed_ms=2020 STATUS=371C82EF ENTRY=00017A20 MODE_MASTER_STAGE=00000000 PTP=00004104 PTP_META=03020404 SPLL_STATE=00000000 LOCK_ENABLE=00000000 EIC_ISR=00000000 TAG_VALID=00000000 TRR_WRITE=00000000 TRR_POP=00000000 IRQ_COUNT=00000000 HELPER_UPDATE=00000000 PTP_RX=000000EA PTP_TX=0000014F
FORENSICS_SAMPLE board=DE5 [1-11.2] sample=009 elapsed_ms=2309 STATUS=27F082EF ENTRY=00017A20 MODE_MASTER_STAGE=00000000 PTP=00004104 PTP_META=03020404 SPLL_STATE=00000000 LOCK_ENABLE=00000000 EIC_ISR=00000000 TAG_VALID=00000000 TRR_WRITE=00000000 TRR_POP=00000000 IRQ_COUNT=00000000 HELPER_UPDATE=00000000 PTP_RX=000000ED PTP_TX=0000014F
FORENSICS_SAMPLE board=DE5 [1-11.2] sample=010 elapsed_ms=2598 STATUS=37BC82EF ENTRY=00017A20 MODE_MASTER_STAGE=0000014F PTP=00004104 PTP_META=03020404 SPLL_STATE=00000000 LOCK_ENABLE=00000000 EIC_ISR=00000000 TAG_VALID=00000000 TRR_WRITE=00000000 TRR_POP=00000000 IRQ_COUNT=00000000 HELPER_UPDATE=00000000 PTP_RX=000000ED PTP_TX=0000014F
FORENSICS_SAMPLE board=DE5 [1-11.2] sample=011 elapsed_ms=2886 STATUS=37BC82EF ENTRY=00017A20 MODE_MASTER_STAGE=00000000 PTP=00004104 PTP_META=03020404 SPLL_STATE=00000000 LOCK_ENABLE=00000000 EIC_ISR=00000000 TAG_VALID=00000000 TRR_WRITE=00000000 TRR_POP=00000000 IRQ_COUNT=00000000 HELPER_UPDATE=00000000 PTP_RX=000000ED PTP_TX=0000014F
FORENSICS_SAMPLE board=DE5 [1-11.2] sample=012 elapsed_ms=3176 STATUS=275082EF ENTRY=00017A20 MODE_MASTER_STAGE=00000000 PTP=00004104 PTP_META=03020404 SPLL_STATE=00000000 LOCK_ENABLE=00000000 EIC_ISR=00000000 TAG_VALID=00000000 TRR_WRITE=00000000 TRR_POP=00000000 IRQ_COUNT=00000000 HELPER_UPDATE=00000000 PTP_RX=000000ED PTP_TX=03020404
FORENSICS_SAMPLE board=DE5 [1-11.2] sample=013 elapsed_ms=3465 STATUS=371C82EF ENTRY=00017A20 MODE_MASTER_STAGE=00000000 PTP=00004104 PTP_META=03020404 SPLL_STATE=00000000 LOCK_ENABLE=00000000 EIC_ISR=00000000 TAG_VALID=00000000 TRR_WRITE=9874B7FF TRR_POP=00000000 IRQ_COUNT=00000000 HELPER_UPDATE=00000000 PTP_RX=000000ED PTP_TX=0000014F
FORENSICS_SAMPLE board=DE5 [1-11.2] sample=014 elapsed_ms=3753 STATUS=37BC82EF ENTRY=00017A20 MODE_MASTER_STAGE=00000000 PTP=00004104 PTP_META=03020404 SPLL_STATE=00000000 LOCK_ENABLE=00000000 EIC_ISR=00000000 TAG_VALID=00000000 TRR_WRITE=00000000 TRR_POP=00000000 IRQ_COUNT=00000000 HELPER_UPDATE=00000000 PTP_RX=000000ED PTP_TX=0000014F
FORENSICS_SAMPLE board=DE5 [1-11.2] sample=015 elapsed_ms=4043 STATUS=37F082EF ENTRY=00017A20 MODE_MASTER_STAGE=00000000 PTP=00004104 PTP_META=03020404 SPLL_STATE=00000000 LOCK_ENABLE=00000000 EIC_ISR=00000000 TAG_VALID=00000000 TRR_WRITE=00000000 TRR_POP=00000000 IRQ_COUNT=00000000 HELPER_UPDATE=00000000 PTP_RX=000000ED PTP_TX=0000014F
FORENSICS_SAMPLE board=DE5 [1-11.2] sample=016 elapsed_ms=4332 STATUS=275082EF ENTRY=00017A20 MODE_MASTER_STAGE=00000000 PTP=00004104 PTP_META=03020404 SPLL_STATE=00000000 LOCK_ENABLE=00000000 EIC_ISR=00000000 TAG_VALID=00000000 TRR_WRITE=00000000 TRR_POP=00000000 IRQ_COUNT=00000000 HELPER_UPDATE=00000000 PTP_RX=000000ED PTP_TX=0000014F
FORENSICS_SAMPLE board=DE5 [1-11.2] sample=017 elapsed_ms=4621 STATUS=37F082EF ENTRY=00017A20 MODE_MASTER_STAGE=00000000 PTP=00004104 PTP_META=03020404 SPLL_STATE=00000000 LOCK_ENABLE=00000000 EIC_ISR=00000000 TAG_VALID=00000000 TRR_WRITE=00000000 TRR_POP=00000000 IRQ_COUNT=00000000 HELPER_UPDATE=00000000 PTP_RX=000000ED PTP_TX=0000014F
FORENSICS_SAMPLE board=DE5 [1-11.2] sample=018 elapsed_ms=4911 STATUS=275082EF ENTRY=00017A20 MODE_MASTER_STAGE=00000000 PTP=00004104 PTP_META=03020404 SPLL_STATE=00000000 LOCK_ENABLE=00000000 EIC_ISR=00000000 TAG_VALID=00000000 TRR_WRITE=00000000 TRR_POP=00000000 IRQ_COUNT=00000000 HELPER_UPDATE=00000000 PTP_RX=000000ED PTP_TX=0000014F
FORENSICS_SAMPLE board=DE5 [1-11.2] sample=019 elapsed_ms=5200 STATUS=275082EF ENTRY=00017A20 MODE_MASTER_STAGE=00000000 PTP=00004104 PTP_META=03020404 SPLL_STATE=00000000 LOCK_ENABLE=00000000 EIC_ISR=00000000 TAG_VALID=00000000 TRR_WRITE=00000000 TRR_POP=00000000 IRQ_COUNT=00000000 HELPER_UPDATE=00000000 PTP_RX=000000ED PTP_TX=0000014F
FORENSICS_SAMPLE board=DE5 [1-11.2] sample=020 elapsed_ms=5489 STATUS=37BC82EF ENTRY=00017A20 MODE_MASTER_STAGE=00000000 PTP=00004104 PTP_META=03020404 SPLL_STATE=00000000 LOCK_ENABLE=00000000 EIC_ISR=00000000 TAG_VALID=00000000 TRR_WRITE=00000000 TRR_POP=00000000 IRQ_COUNT=00000000 HELPER_UPDATE=00000000 PTP_RX=000000ED PTP_TX=0000014F
FORENSICS_SAMPLE board=DE5 [1-11.2] sample=021 elapsed_ms=5778 STATUS=37F082EF ENTRY=00017A20 MODE_MASTER_STAGE=00000000 PTP=00004104 PTP_META=03020404 SPLL_STATE=00000000 LOCK_ENABLE=00000000 EIC_ISR=00000000 TAG_VALID=00000000 TRR_WRITE=00000000 TRR_POP=00000000 IRQ_COUNT=00000000 HELPER_UPDATE=00000000 PTP_RX=000000ED PTP_TX=0000014F
FORENSICS_SAMPLE board=DE5 [1-11.2] sample=022 elapsed_ms=6069 STATUS=275082EF ENTRY=00017A20 MODE_MASTER_STAGE=00000000 PTP=00004104 PTP_META=0000014F SPLL_STATE=00008200 LOCK_ENABLE=00000000 EIC_ISR=00000000 TAG_VALID=00000000 TRR_WRITE=00000000 TRR_POP=00000000 IRQ_COUNT=00000000 HELPER_UPDATE=00000000 PTP_RX=000000ED PTP_TX=0000014F
FORENSICS_SAMPLE board=DE5 [1-11.2] sample=023 elapsed_ms=6358 STATUS=275082EF ENTRY=00017A20 MODE_MASTER_STAGE=00000000 PTP=00004104 PTP_META=03020404 SPLL_STATE=00000000 LOCK_ENABLE=00000000 EIC_ISR=00000000 TAG_VALID=00000000 TRR_WRITE=00000000 TRR_POP=00000000 IRQ_COUNT=00000000 HELPER_UPDATE=00000000 PTP_RX=000000ED PTP_TX=0000014F
FORENSICS_SAMPLE board=DE5 [1-11.2] sample=024 elapsed_ms=6647 STATUS=27F082EF ENTRY=00017A20 MODE_MASTER_STAGE=00000000 PTP=00004104 PTP_META=03020404 SPLL_STATE=00000000 LOCK_ENABLE=00000000 EIC_ISR=00000000 TAG_VALID=00000000 TRR_WRITE=99B9D756 TRR_POP=00000000 IRQ_COUNT=00000000 HELPER_UPDATE=00000000 PTP_RX=000000ED PTP_TX=0000014F
FORENSICS_SAMPLE board=DE5 [1-11.2] sample=025 elapsed_ms=6937 STATUS=275082EF ENTRY=00017A20 MODE_MASTER_STAGE=00000000 PTP=00004104 PTP_META=03020404 SPLL_STATE=00000000 LOCK_ENABLE=00000000 EIC_ISR=00000000 TAG_VALID=00000000 TRR_WRITE=00000000 TRR_POP=00000000 IRQ_COUNT=00000000 HELPER_UPDATE=00000000 PTP_RX=000000ED PTP_TX=0000014F
FORENSICS_SAMPLE board=DE5 [1-11.2] sample=026 elapsed_ms=7226 STATUS=271C82EF ENTRY=00017A20 MODE_MASTER_STAGE=00000000 PTP=00004104 PTP_META=03020404 SPLL_STATE=00000000 LOCK_ENABLE=00000000 EIC_ISR=00000000 TAG_VALID=00000000 TRR_WRITE=00000000 TRR_POP=00000000 IRQ_COUNT=00000000 HELPER_UPDATE=00000000 PTP_RX=000000ED PTP_TX=00000152
FORENSICS_SAMPLE board=DE5 [1-11.2] sample=027 elapsed_ms=7514 STATUS=275082EF ENTRY=00017A20 MODE_MASTER_STAGE=00000000 PTP=00004104 PTP_META=03020404 SPLL_STATE=00000000 LOCK_ENABLE=00000000 EIC_ISR=00000000 TAG_VALID=00000000 TRR_WRITE=00000000 TRR_POP=00000000 IRQ_COUNT=00000000 HELPER_UPDATE=00000000 PTP_RX=00000000 PTP_TX=03020404
FORENSICS_SAMPLE board=DE5 [1-11.2] sample=028 elapsed_ms=7803 STATUS=37BC82EF ENTRY=00017A20 MODE_MASTER_STAGE=00000000 PTP=00004104 PTP_META=03020404 SPLL_STATE=00000000 LOCK_ENABLE=00000000 EIC_ISR=00000000 TAG_VALID=00000000 TRR_WRITE=00000000 TRR_POP=00000000 IRQ_COUNT=00000000 HELPER_UPDATE=00000000 PTP_RX=000000ED PTP_TX=00000152
FORENSICS_SAMPLE board=DE5 [1-11.2] sample=029 elapsed_ms=8093 STATUS=37BC82EF ENTRY=00017A20 MODE_MASTER_STAGE=00000000 PTP=00004104 PTP_META=00000000 SPLL_STATE=00000000 LOCK_ENABLE=00000000 EIC_ISR=00000000 TAG_VALID=00000000 TRR_WRITE=00000000 TRR_POP=00000000 IRQ_COUNT=00000000 HELPER_UPDATE=00000000 PTP_RX=000000ED PTP_TX=00000152
FORENSICS_SAMPLE board=DE5 [1-11.2] sample=030 elapsed_ms=8381 STATUS=37BC82EF ENTRY=00017A20 MODE_MASTER_STAGE=00000000 PTP=00004104 PTP_META=03020404 SPLL_STATE=00000000 LOCK_ENABLE=00000000 EIC_ISR=00000000 TAG_VALID=00000000 TRR_WRITE=9A6B0D2F TRR_POP=00000000 IRQ_COUNT=00000000 HELPER_UPDATE=00000000 PTP_RX=000000F0 PTP_TX=00000152
FORENSICS_SAMPLE board=DE5 [1-11.2] sample=031 elapsed_ms=8670 STATUS=275082EF ENTRY=00017A20 MODE_MASTER_STAGE=00000000 PTP=00004104 PTP_META=03020404 SPLL_STATE=00000000 LOCK_ENABLE=00000000 EIC_ISR=00000000 TAG_VALID=00000000 TRR_WRITE=00000000 TRR_POP=00000000 IRQ_COUNT=00000000 HELPER_UPDATE=00000000 PTP_RX=000000F0 PTP_TX=00000152
FORENSICS_SAMPLE board=DE5 [1-11.2] sample=032 elapsed_ms=8959 STATUS=275082EF ENTRY=00017A20 MODE_MASTER_STAGE=00000152 PTP=00004104 PTP_META=03020404 SPLL_STATE=00000000 LOCK_ENABLE=00000000 EIC_ISR=4304A60E TAG_VALID=00000000 TRR_WRITE=00000000 TRR_POP=00000000 IRQ_COUNT=00000000 HELPER_UPDATE=00000000 PTP_RX=000000F0 PTP_TX=00000152
FORENSICS_SAMPLE board=DE5 [1-11.2] sample=033 elapsed_ms=9248 STATUS=37BC82EF ENTRY=00017A20 MODE_MASTER_STAGE=00000152 PTP=00004104 PTP_META=03020404 SPLL_STATE=00000000 LOCK_ENABLE=00000000 EIC_ISR=00000000 TAG_VALID=00000000 TRR_WRITE=00000000 TRR_POP=00000000 IRQ_COUNT=00000000 HELPER_UPDATE=00000000 PTP_RX=000000F0 PTP_TX=00000153
FORENSICS_SAMPLE board=DE5 [1-11.2] sample=034 elapsed_ms=9538 STATUS=37F082EF ENTRY=00017A20 MODE_MASTER_STAGE=00000000 PTP=00004109 PTP_META=03020409 SPLL_STATE=00000000 LOCK_ENABLE=00000000 EIC_ISR=00000000 TAG_VALID=00000000 TRR_WRITE=00000000 TRR_POP=00000000 IRQ_COUNT=00000000 HELPER_UPDATE=00000000 PTP_RX=000000F0 PTP_TX=00000153
FORENSICS_SAMPLE board=DE5 [1-11.2] sample=035 elapsed_ms=9826 STATUS=379C82EF ENTRY=00017A20 MODE_MASTER_STAGE=00000000 PTP=00004109 PTP_META=03020409 SPLL_STATE=00000000 LOCK_ENABLE=00000000 EIC_ISR=497D1BAE TAG_VALID=00000000 TRR_WRITE=00000000 TRR_POP=00000000 IRQ_COUNT=00000000 HELPER_UPDATE=00000000 PTP_RX=000000F0 PTP_TX=00000153
FORENSICS_SAMPLE board=DE5 [1-11.2] sample=036 elapsed_ms=10118 STATUS=371C82EF ENTRY=00017A20 MODE_MASTER_STAGE=00000000 PTP=00004109 PTP_META=03020409 SPLL_STATE=00000000 LOCK_ENABLE=00000000 EIC_ISR=00000000 TAG_VALID=00000000 TRR_WRITE=00000000 TRR_POP=00000000 IRQ_COUNT=00000000 HELPER_UPDATE=00000000 PTP_RX=000000F0 PTP_TX=00000153
FORENSICS_SAMPLE board=DE5 [1-11.2] sample=037 elapsed_ms=10407 STATUS=275082EF ENTRY=00017A20 MODE_MASTER_STAGE=00000000 PTP=00004109 PTP_META=03020409 SPLL_STATE=00000000 LOCK_ENABLE=00000000 EIC_ISR=00000000 TAG_VALID=00000000 TRR_WRITE=00000000 TRR_POP=00000000 IRQ_COUNT=00000000 HELPER_UPDATE=00000000 PTP_RX=000000F0 PTP_TX=03020409
FORENSICS_SAMPLE board=DE5 [1-11.2] sample=038 elapsed_ms=10696 STATUS=37BC82EF ENTRY=00017A20 MODE_MASTER_STAGE=00000000 PTP=00004109 PTP_META=03020409 SPLL_STATE=00000000 LOCK_ENABLE=00000000 EIC_ISR=00000000 TAG_VALID=00000000 TRR_WRITE=00000000 TRR_POP=00000000 IRQ_COUNT=00000000 HELPER_UPDATE=00000000 PTP_RX=000000F0 PTP_TX=00000154
FORENSICS_SAMPLE board=DE5 [1-11.2] sample=039 elapsed_ms=10986 STATUS=275082EF ENTRY=00017A20 MODE_MASTER_STAGE=00000000 PTP=00004109 PTP_META=03020409 SPLL_STATE=00000000 LOCK_ENABLE=00000000 EIC_ISR=00000000 TAG_VALID=00000000 TRR_WRITE=9B758C28 TRR_POP=00000000 IRQ_COUNT=00000000 HELPER_UPDATE=00000000 PTP_RX=000000F0 PTP_TX=00000154
FORENSICS_SAMPLE board=DE5 [1-11.2] sample=040 elapsed_ms=11275 STATUS=37BC82EF ENTRY=00017A20 MODE_MASTER_STAGE=00000000 PTP=00004109 PTP_META=03020409 SPLL_STATE=00000000 LOCK_ENABLE=00000000 EIC_ISR=00000000 TAG_VALID=00000000 TRR_WRITE=00000000 TRR_POP=00000000 IRQ_COUNT=00000000 HELPER_UPDATE=00000000 PTP_RX=00000000 PTP_TX=00000156
FORENSICS_SAMPLE board=DE5 [1-11.2] sample=041 elapsed_ms=11563 STATUS=37F082EF ENTRY=00017A20 MODE_MASTER_STAGE=00000000 PTP=00004109 PTP_META=03020409 SPLL_STATE=00000000 LOCK_ENABLE=00000000 EIC_ISR=00000000 TAG_VALID=00000000 TRR_WRITE=00000000 TRR_POP=00000000 IRQ_COUNT=00000000 HELPER_UPDATE=00000000 PTP_RX=000000F0 PTP_TX=00000156
FORENSICS_SAMPLE board=DE5 [1-11.2] sample=042 elapsed_ms=11853 STATUS=371C82EF ENTRY=00017A20 MODE_MASTER_STAGE=00000000 PTP=00004109 PTP_META=03020409 SPLL_STATE=00000000 LOCK_ENABLE=00000000 EIC_ISR=00000000 TAG_VALID=00000000 TRR_WRITE=00000000 TRR_POP=00000000 IRQ_COUNT=00000000 HELPER_UPDATE=00000000 PTP_RX=000000F0 PTP_TX=00000156
FORENSICS_SAMPLE board=DE5 [1-11.2] sample=043 elapsed_ms=12142 STATUS=275082EF ENTRY=00017A20 MODE_MASTER_STAGE=00000000 PTP=00000000 PTP_META=03020409 SPLL_STATE=03020409 LOCK_ENABLE=00000000 EIC_ISR=00000000 TAG_VALID=00000000 TRR_WRITE=00000000 TRR_POP=00000000 IRQ_COUNT=00000000 HELPER_UPDATE=00000000 PTP_RX=000000F0 PTP_TX=00000156
FORENSICS_SAMPLE board=DE5 [1-11.2] sample=044 elapsed_ms=12431 STATUS=275082EF ENTRY=00017A20 MODE_MASTER_STAGE=00000000 PTP=00004109 PTP_META=03020409 SPLL_STATE=00000000 LOCK_ENABLE=00000000 EIC_ISR=00000000 TAG_VALID=00000000 TRR_WRITE=00000000 TRR_POP=00000000 IRQ_COUNT=00000000 HELPER_UPDATE=00000000 PTP_RX=000000F0 PTP_TX=00000159
FORENSICS_SAMPLE board=DE5 [1-11.2] sample=045 elapsed_ms=12720 STATUS=275082EF ENTRY=00017A20 MODE_MASTER_STAGE=00000000 PTP=00004109 PTP_META=03020409 SPLL_STATE=00000000 LOCK_ENABLE=00000000 EIC_ISR=3C00000A TAG_VALID=00000000 TRR_WRITE=00000000 TRR_POP=00000000 IRQ_COUNT=00000000 HELPER_UPDATE=00000000 PTP_RX=00000000 PTP_TX=00000159
FORENSICS_SAMPLE board=DE5 [1-11.2] sample=046 elapsed_ms=13010 STATUS=37BC82EF ENTRY=00017A20 MODE_MASTER_STAGE=00000000 PTP=00004109 PTP_META=03020409 SPLL_STATE=00000000 LOCK_ENABLE=00000000 EIC_ISR=00000000 TAG_VALID=00000000 TRR_WRITE=00000000 TRR_POP=00000000 IRQ_COUNT=00000000 HELPER_UPDATE=00000000 PTP_RX=000000F0 PTP_TX=00000159
FORENSICS_SAMPLE board=DE5 [1-11.2] sample=047 elapsed_ms=13299 STATUS=275082EF ENTRY=00017A20 MODE_MASTER_STAGE=00000000 PTP=00004109 PTP_META=03020409 SPLL_STATE=00000000 LOCK_ENABLE=00000000 EIC_ISR=00000000 TAG_VALID=00000000 TRR_WRITE=00000000 TRR_POP=00000000 IRQ_COUNT=00000000 HELPER_UPDATE=00000000 PTP_RX=000000F0 PTP_TX=0000015A
FORENSICS_SAMPLE board=DE5 [1-11.2] sample=048 elapsed_ms=13589 STATUS=27F082EF ENTRY=00017A20 MODE_MASTER_STAGE=0000015A PTP=00004109 PTP_META=03020409 SPLL_STATE=00000000 LOCK_ENABLE=00020000 EIC_ISR=00000000 TAG_VALID=00000000 TRR_WRITE=00000000 TRR_POP=00000000 IRQ_COUNT=00000000 HELPER_UPDATE=00000000 PTP_RX=000000F0 PTP_TX=0000015A
FORENSICS_SAMPLE board=DE5 [1-11.2] sample=049 elapsed_ms=13877 STATUS=27F082EF ENTRY=00017A20 MODE_MASTER_STAGE=00000000 PTP=00004109 PTP_META=03020409 SPLL_STATE=03020409 LOCK_ENABLE=00000000 EIC_ISR=00000000 TAG_VALID=00000000 TRR_WRITE=9C9D086E TRR_POP=00000000 IRQ_COUNT=00000000 HELPER_UPDATE=00000000 PTP_RX=000000F0 PTP_TX=0000015A
FORENSICS_SAMPLE board=DE5 [1-11.2] sample=050 elapsed_ms=14167 STATUS=37F082EF ENTRY=00017A20 MODE_MASTER_STAGE=00000000 PTP=00004109 PTP_META=03020409 SPLL_STATE=00000000 LOCK_ENABLE=00000000 EIC_ISR=00000000 TAG_VALID=00000000 TRR_WRITE=00000000 TRR_POP=0000015A IRQ_COUNT=00000000 HELPER_UPDATE=00000000 PTP_RX=000000F0 PTP_TX=0000015A
FORENSICS_SAMPLE board=DE5 [1-11.2] sample=051 elapsed_ms=14457 STATUS=37BC82EF ENTRY=00017A20 MODE_MASTER_STAGE=00000000 PTP=00004109 PTP_META=03020409 SPLL_STATE=00000000 LOCK_ENABLE=00000000 EIC_ISR=00000000 TAG_VALID=00000000 TRR_WRITE=00000000 TRR_POP=00000000 IRQ_COUNT=00000000 HELPER_UPDATE=00000000 PTP_RX=000000F3 PTP_TX=0000015B
FORENSICS_SAMPLE board=DE5 [1-11.2] sample=052 elapsed_ms=14745 STATUS=37BC82EF ENTRY=00017A20 MODE_MASTER_STAGE=00000000 PTP=00004109 PTP_META=03020409 SPLL_STATE=00000000 LOCK_ENABLE=00000000 EIC_ISR=00000000 TAG_VALID=00000000 TRR_WRITE=00000000 TRR_POP=00000000 IRQ_COUNT=00000000 HELPER_UPDATE=00000000 PTP_RX=000000F3 PTP_TX=0000015B
FORENSICS_SAMPLE board=DE5 [1-11.2] sample=053 elapsed_ms=15035 STATUS=37F082EF ENTRY=00017A20 MODE_MASTER_STAGE=00000000 PTP=00004109 PTP_META=03020409 SPLL_STATE=00000000 LOCK_ENABLE=00000000 EIC_ISR=00000000 TAG_VALID=00000000 TRR_WRITE=9D135497 TRR_POP=00000000 IRQ_COUNT=00000000 HELPER_UPDATE=00000000 PTP_RX=000000F3 PTP_TX=0000015B
FORENSICS_SAMPLE board=DE5 [1-11.2] sample=054 elapsed_ms=15325 STATUS=37BC82EF ENTRY=00017A20 MODE_MASTER_STAGE=00000000 PTP=00004109 PTP_META=03020409 SPLL_STATE=00000000 LOCK_ENABLE=00000000 EIC_ISR=00000000 TAG_VALID=00000000 TRR_WRITE=00000000 TRR_POP=00000000 IRQ_COUNT=00000000 HELPER_UPDATE=00000000 PTP_RX=000000F3 PTP_TX=0000015F
FORENSICS_SAMPLE board=DE5 [1-11.2] sample=055 elapsed_ms=15614 STATUS=371C82EF ENTRY=00017A20 MODE_MASTER_STAGE=00000000 PTP=00004109 PTP_META=03020409 SPLL_STATE=00000000 LOCK_ENABLE=00000000 EIC_ISR=00000000 TAG_VALID=00000000 TRR_WRITE=00000000 TRR_POP=00000000 IRQ_COUNT=00000000 HELPER_UPDATE=00000000 PTP_RX=000000F3 PTP_TX=0000015F
FORENSICS_SAMPLE board=DE5 [1-11.2] sample=056 elapsed_ms=15904 STATUS=275082EF ENTRY=00017A20 MODE_MASTER_STAGE=00000000 PTP=00004109 PTP_META=03020409 SPLL_STATE=00000000 LOCK_ENABLE=00000000 EIC_ISR=00000000 TAG_VALID=00000000 TRR_WRITE=9D6BFE16 TRR_POP=00000000 IRQ_COUNT=00000000 HELPER_UPDATE=00000000 PTP_RX=000000F3 PTP_TX=0000015F
FORENSICS_SAMPLE board=DE5 [1-11.2] sample=057 elapsed_ms=16193 STATUS=37F082EF ENTRY=00017A20 MODE_MASTER_STAGE=00000000 PTP=00004109 PTP_META=03020409 SPLL_STATE=00000000 LOCK_ENABLE=00000000 EIC_ISR=00000000 TAG_VALID=00000000 TRR_WRITE=9D898BCD TRR_POP=00000000 IRQ_COUNT=00000000 HELPER_UPDATE=00000000 PTP_RX=000000F3 PTP_TX=0000015F
FORENSICS_SAMPLE board=DE5 [1-11.2] sample=058 elapsed_ms=16482 STATUS=37F082EF ENTRY=00017A20 MODE_MASTER_STAGE=00000000 PTP=00004109 PTP_META=03020409 SPLL_STATE=00000000 LOCK_ENABLE=00000000 EIC_ISR=00000000 TAG_VALID=00000000 TRR_WRITE=00000000 TRR_POP=00000000 IRQ_COUNT=00000000 HELPER_UPDATE=00000000 PTP_RX=000000F3 PTP_TX=03020409
FORENSICS_SAMPLE board=DE5 [1-11.2] sample=059 elapsed_ms=16771 STATUS=275082EF ENTRY=00017A20 MODE_MASTER_STAGE=00000000 PTP=00004109 PTP_META=03020409 SPLL_STATE=00000000 LOCK_ENABLE=00000000 EIC_ISR=00000000 TAG_VALID=00000000 TRR_WRITE=00000000 TRR_POP=00000000 IRQ_COUNT=00000000 HELPER_UPDATE=00000000 PTP_RX=000000F3 PTP_TX=00000160
FORENSICS_SAMPLE board=DE5 [1-11.2] sample=060 elapsed_ms=17060 STATUS=37BC82EF ENTRY=00017A20 MODE_MASTER_STAGE=00000000 PTP=00004109 PTP_META=03020409 SPLL_STATE=00000000 LOCK_ENABLE=00000000 EIC_ISR=00000000 TAG_VALID=00000000 TRR_WRITE=00000000 TRR_POP=00000000 IRQ_COUNT=00000000 HELPER_UPDATE=00000000 PTP_RX=000000F3 PTP_TX=00000160
FORENSICS_DONE
Info (23030): Evaluation of Tcl script scripts/jtag/read_manual_mode_master_transition_forensics.tcl was successful
Info: Quartus Prime Signal Tap was successful. 0 errors, 0 warnings
    Info: Peak virtual memory: 677 megabytes
    Info: Processing ended: Thu Aug 27 12:18:36 2026
    Info: Elapsed time: 00:00:35
    Info: System process ID: 2695789
