Info: *******************************************************************
Info: Running Quartus Prime SignalTap II
    Info: Version 17.0.0 Build 595 04/25/2017 SJ Standard Edition
    Info: Copyright (C) 2017  Intel Corporation. All rights reserved.
    Info: Your use of Intel Corporation's design tools, logic functions 
    Info: and other software and tools, and its AMPP partner logic 
    Info: functions, and any output files from any of the foregoing 
    Info: (including device programming or simulation files), and any 
    Info: associated documentation or information are expressly subject 
    Info: to the terms and conditions of the Intel Program License 
    Info: Subscription Agreement, the Intel Quartus Prime License Agreement,
    Info: the Intel MegaCore Function License Agreement, or other 
    Info: applicable license agreement, including, without limitation, 
    Info: that your use is for the sole purpose of programming logic 
    Info: devices manufactured by Intel and sold by Intel or its 
    Info: authorized distributors.  Please refer to the applicable 
    Info: agreement for further details.
    Info: Processing started: Sun Aug 30 08:40:07 2026
Info: Command: quartus_stp -t scripts/jtag/read_wb_runtime.tcl --raw
Info: Quartus(args): --raw
RAW mailbox completion toggle wb_sync_toggle=0

============================================================
White Rabbit Runtime 診斷：DE5 [1-11.1]
============================================================

## [Step 1] PHY / 光纖 Link
[pass] si_config_done           結果: 1/1
[pass] wr_ready                 結果: 1/1
[pass] core_tm_link_up          結果: 1/1
[pass] core_link_ok             結果: 1/1
[pass] wr_rx_ready              結果: 1/1
[pass] wr_tx_ready              結果: 1/1
[pass] core_phy_rst             結果: 0/0
[pass] si_id_error              結果: 0/0
[pass] wr_rx_enc_err            結果: 0/0
[pass] wr_tx_enc_err            結果: 0/0
[pass] CPU_RESET_n              結果: 1/1
[pass] wr_rx_locked_to_data     結果: 1/1
[info] wr_rx_locked_to_ref      結果: 0/NA
[info] MOD_PRS_n                結果: 0/NA
[info] INTERRUPT_n              結果: 1/NA
Step 1 pass

## [Step 2] Endpoint / MiniNIC / PTP
[pass] EP_MAC_H/EP_MAC_L        結果: 02:00:22:33:44:01/02:00:22:33:44:01
[pass] WDIAGS_MODE              結果: 2 MASTER/2 MASTER
[pass] WDIAGS_PTP               結果: 6 MASTER (raw=01014106)/6 MASTER
[pass] WDIAGS_PTP_RX            結果: Δ=12/Δ>0
RAW WDIAGS_PTP_RX            before=0x00000023 after=0x0000002F delta=12
[pass] WDIAGS_PTP_TX            結果: Δ=26/Δ>0
RAW WDIAGS_PTP_TX            before=0x00000056 after=0x00000070 delta=26
[pass] WDIAGS_TX                結果: Δ=33/Δ>0
RAW WDIAGS_TX                before=0x0000007F after=0x000000A0 delta=33
[pass] WDIAGS_RX                結果: Δ=18/Δ>0
RAW WDIAGS_RX                before=0x00000038 after=0x0000004A delta=18
[pass] WDIAGS_RXERR             結果: Δ=0/Δ=0
RAW WDIAGS_RXERR             before=0x00000000 after=0x00000000 delta=0
Step 2 pass

## [Step 3] WR Parent / Signaling
Step 3 NA

## [Step 4A] Master SoftPLL Event Chain
[pass] DMTD_REF_ACCEPT_EVENT    結果: Δ=23344/Δ>=0
RAW DMTD_REF_ACCEPT_EVENT    before=0x00768689 after=0x0076E1B9 delta=23344
[pass] DMTD_FB_ACCEPT_EVENT     結果: Δ=22171/Δ>=0
RAW DMTD_FB_ACCEPT_EVENT     before=0x0042ACFD after=0x00430398 delta=22171
[pass] DMTD_ACCEPT              結果: Δ=45515/Δ>0
[pass] SPLL_TAG_VALID_COUNT     結果: Δ=22171/Δ>0
RAW SPLL_TAG_VALID_COUNT     before=0x00035C91 after=0x0003B32C delta=22171
[pass] SPLL_TRR_WRITE_COUNT     結果: Δ=22171/Δ>0
RAW SPLL_TRR_WRITE_COUNT     before=0x00035CA8 after=0x0003B343 delta=22171
[pass] WRPC_SPLL_TRR_POP_COUNT  結果: Δ=20000/Δ>0
RAW WRPC_SPLL_TRR_POP_COUNT  before=0x00035BA6 after=0x0003A9C6 delta=20000
[pass] WDIAGS_IRQ_COUNT         結果: Δ=20000/Δ>0
RAW WDIAGS_IRQ_COUNT         before=0x00035BA6 after=0x0003A9C6 delta=20000
[pass] WDIAGS_HELPER_UPDATE_COUNT 結果: Δ=20000/Δ>0
RAW WDIAGS_HELPER_UPDATE_COUNT before=0x00035BA6 after=0x0003A9C6 delta=20000
[pass] BOOT_GENERATION          結果: Δ=0/Δ=0
RAW BOOT_GENERATION          before=0x00000001 after=0x00000001 delta=0
[pass] CPU_RESET_COUNT          結果: Δ=0/Δ=0
RAW CPU_RESET_COUNT          before=0x00000001 after=0x00000001 delta=0
[pass] WR_CORE_RESET_COUNT      結果: Δ=0/Δ=0
RAW WR_CORE_RESET_COUNT      before=0x00000001 after=0x00000001 delta=0
[pass] SI_CONFIG_DROP_COUNT     結果: Δ=0/Δ=0
RAW SI_CONFIG_DROP_COUNT     before=0x00000001 after=0x00000001 delta=0
STEP4A_MASTER_EVENT_CHAIN = PASS
Step 4 pass

## [Step 5] Closed-loop Lock
STEP5_RESULT = NOT_APPLICABLE_MASTER
STEP5_FIRST_INACTIVE_BOUNDARY = SLAVE_ONLY
Step 5 NA (Step5 closed-loop gate is for Slave)

## [Step 6] Global Time
Step 6 NA

============================================================
White Rabbit Runtime 診斷：DE5 [1-11.1]
============================================================
Step 1 PHY / Link             pass
Step 2 Endpoint / PTP         pass
Step 3 WR Handshake           NA
Step 4 Step4A Master Event Chain pass
Step 5 Closed-loop Lock       NA
Step 6 Global Time            NA
STEP1_REGRESSION = PASS
STEP2_REGRESSION = PASS
STEP3_REGRESSION = PASS
STEP4A_RESULT = PASS
STEP5_RESULT = NOT_APPLICABLE_MASTER
STEP5_FIRST_INACTIVE_BOUNDARY = SLAVE_ONLY
FAILURE_CLASSIFICATION = NO_FAILURE_EVIDENCE
============================================================

================ RAW_SNAPSHOT ================
RAW_SNAPSHOT board=DE5 [1-11.1] label=before
  status           = 1110B0C3245082FF
  cpu              = 0000007C00003E30
  marker           = 000000010000B004
  store            = 000000000001E1EC
  store_count      = 00000000080B8091
  exception        = 8000000B00003E00
  clock            = 002CA11B93329A06
  boot_generation  = 00000001
  cpu_reset_count  = 00000001
  wr_core_reset_count = 00000001
  si_config_drop_count = 00000001
  pps_cr           = 01312D06
  pps_escr         = 0000000C
  ep_mach          = 02000200
  ep_macl          = 22334401
  ep_dsr           = 42000000
  ptp              = 01014106
  ptp_rx           = 00000023
  ptp_tx           = 00000056
  ptp_meta         = 02010306
  tx               = 0000007F
  rx               = 00000038
  rxerr            = 00000000
  ptp_types        = 01010101
  foreign_meta     = 0000FF00
  filter_meta      = 00000000
  parse_meta       = 0001013D
  wr_rx_signal     = 10000001
  wr_tx_signal     = 10010001
  wr_failure       = 00000000
  wr_state         = A0219864
  wr_reject        = 00000000
  pstat            = 00000001
  sstat            = 00000000
  sec_h            = 00000000
  sec_l            = 00000036
  ns               = 01C52CF8
  lock_enable      = 00000000
  lock_result      = 00000000
  lock_polls       = 00000000
  lock_unlocked    = 00000000
  lock_calibration_fail = 00000000
  spll_state       = 00020004
  spll_ocer        = AED52401
  spll_rcer        = 00000000
  spll_occr        = D700011D
  spll_trr_csr     = 00024C06
  spll_dac_hpll    = 7D14E4FF
  spll_dac_main    = 00000001
  spll_helper_state = 00000100
  spll_helper_limits = 271000C8
  spll_main_state  = 00000000
  spll_main_limits = 00320032
  spll_main_phase_limits = 03E804B0
  spll_state_visit_mask = 00000618
  spll_state_transitions = 00000003
  spll_last_state  = 00000004
  spll_init_count  = 00000001
  dmtd_ref         = 00768689
  dmtd_fb          = 0042ACFD
  dmtd_ref_high_qual_abort = 05EF1790
  dmtd_fb_high_qual_abort = 001B1351
  tag_valid        = 00035C91
  trr_write        = 00035CA8
  irq              = 00035BA6
  helper_update    = 00035BA6
  spll_helper_error = FFFDB610
  spll_helper_output = 0000FFFB
  eic_isr          = FFFF0000
  current_tics     = 0000DBC1
RAW_SNAPSHOT board=DE5 [1-11.1] label=after
  status           = E110B0C1245082FF
  cpu              = 0000007C00003E08
  marker           = 000000010000B004
  store            = 000000000001E1EC
  store_count      = 00000000095F312C
  exception        = 8000000B0000135C
  clock            = 0029EEAAE00AE78B
  boot_generation  = 00000001
  cpu_reset_count  = 00000001
  wr_core_reset_count = 00000001
  si_config_drop_count = 00000001
  pps_cr           = 01312D06
  pps_escr         = 0000000C
  ep_mach          = 02000200
  ep_macl          = 22334401
  ep_dsr           = 42000000
  ptp              = 01014106
  ptp_rx           = 0000002F
  ptp_tx           = 00000070
  ptp_meta         = 02010306
  tx               = 000000A0
  rx               = 0000004A
  rxerr            = 00000000
  ptp_types        = 01010101
  foreign_meta     = 0000FF00
  filter_meta      = 00000000
  parse_meta       = 00010150
  wr_rx_signal     = 10000001
  wr_tx_signal     = 10010002
  wr_failure       = 00000000
  wr_state         = A0219864
  wr_reject        = 00000000
  pstat            = 00000001
  sstat            = 00000000
  sec_h            = 00000000
  sec_l            = 0000003C
  ns               = 01C65780
  lock_enable      = 00000000
  lock_result      = 00000000
  lock_polls       = 00000000
  lock_unlocked    = 00000000
  lock_calibration_fail = 00000000
  spll_state       = 00020004
  spll_ocer        = A5868801
  spll_rcer        = 00000000
  spll_occr        = DC00010F
  spll_trr_csr     = 0002A8C6
  spll_dac_hpll    = A9C92CA6
  spll_dac_main    = 00000001
  spll_helper_state = 00000100
  spll_helper_limits = 271000C8
  spll_main_state  = 00000000
  spll_main_limits = 00320032
  spll_main_phase_limits = 03E804B0
  spll_state_visit_mask = 00000618
  spll_state_transitions = 00000003
  spll_last_state  = 00000004
  spll_init_count  = 00000001
  dmtd_ref         = 0076E1B9
  dmtd_fb          = 00430398
  dmtd_ref_high_qual_abort = 05F21A62
  dmtd_fb_high_qual_abort = 001DCD84
  tag_valid        = 0003B32C
  trr_write        = 0003B343
  irq              = 0003A9C6
  helper_update    = 0003A9C6
  spll_helper_error = FFFDB610
  spll_helper_output = 0000FFFB
  eic_isr          = FFFF0000
  current_tics     = 0000EF49
RAW mailbox completion toggle wb_sync_toggle=0

============================================================
White Rabbit Runtime 診斷：DE5 [1-11.2]
============================================================

## [Step 1] PHY / 光纖 Link
[pass] si_config_done           結果: 1/1
[pass] wr_ready                 結果: 1/1
[pass] core_tm_link_up          結果: 1/1
[pass] core_link_ok             結果: 1/1
[pass] wr_rx_ready              結果: 1/1
[pass] wr_tx_ready              結果: 1/1
[pass] core_phy_rst             結果: 0/0
[pass] si_id_error              結果: 0/0
[pass] wr_rx_enc_err            結果: 0/0
[pass] wr_tx_enc_err            結果: 0/0
[pass] CPU_RESET_n              結果: 1/1
[pass] wr_rx_locked_to_data     結果: 1/1
[info] wr_rx_locked_to_ref      結果: 0/NA
[info] MOD_PRS_n                結果: 0/NA
[info] INTERRUPT_n              結果: 1/NA
Step 1 pass

## [Step 2] Endpoint / MiniNIC / PTP
[pass] EP_MAC_H/EP_MAC_L        結果: 02:00:22:33:44:02/02:00:22:33:44:02
[pass] WDIAGS_MODE              結果: 3 SLAVE/3 SLAVE
[info] WDIAGS_PTP               結果: 8 UNCALIBRATED (raw=00004108)/NA
[pass] WDIAGS_PTP_RX            結果: Δ=20/Δ>0
RAW WDIAGS_PTP_RX            before=0x00000065 after=0x00000079 delta=20
[pass] WDIAGS_PTP_TX            結果: Δ=8/Δ>0
RAW WDIAGS_PTP_TX            before=0x00000027 after=0x0000002F delta=8
[pass] WDIAGS_TX                結果: Δ=14/Δ>0
RAW WDIAGS_TX                before=0x00000052 after=0x00000060 delta=14
[pass] WDIAGS_RX                結果: Δ=25/Δ>0
RAW WDIAGS_RX                before=0x00000081 after=0x0000009A delta=25
[pass] WDIAGS_RXERR             結果: Δ=0/Δ=0
RAW WDIAGS_RXERR             before=0x00000000 after=0x00000000 delta=0
Step 2 NA

## [Step 3] WR Parent / Signaling
[pass] WDIAGS_FOREIGN_META      結果: 1/1
[pass] WDIAGS_FOREIGN_META      結果: 0/0
[info] WDIAGS_FOREIGN_META      結果: detection=0 config=3/NA
[pass] parentIsWRnode           結果: 1/1
[info] parentWrModeOn           結果: 0/NA
[pass] parentCalibrated         結果: 1/1
[pass] WR_RX_SIGNAL_DEBUG       結果: LOCK count=1/LOCK 0x1001,count>0
[pass] WR_TX_SIGNAL_DEBUG       結果: SLAVE_PRESENT count=1/SLAVE_PRESENT 0x1000,count>0
[pass] WDIAGS_TEMP              結果: WRS_S_LOCK next=WRS_S_LOCK/WRS_S_LOCK=2
[pass] LOCK_ENABLE              結果: 2/> 0
Step 3 pass

## [Step 4B] Slave SoftPLL Startup
[info] STEP4B_UPSTREAM_GATE     結果: BLOCKED/NA
STEP4B_ALLOWED = NO
STEP4B_RESULT = BLOCKED_BY_STEP2
STEP4B_FIRST_INACTIVE_BOUNDARY = UPSTREAM_PREREQUISITE
Step 4B BLOCKED (upstream prerequisite)
Step 4 NA

## [Step 5] Closed-loop Lock
STEP5_RESULT = UPSTREAM_NOT_READY
STEP5_FIRST_INACTIVE_BOUNDARY = UPSTREAM_STEP4B
Step 5 NA

## [Step 6] Global Time
Step 6 NA

============================================================
White Rabbit Runtime 診斷：DE5 [1-11.2]
============================================================
Step 1 PHY / Link             pass
Step 2 Endpoint / PTP         NA
Step 3 WR Handshake           pass
Step 4 Step4B Slave SoftPLL Startup blocked
Step 5 Closed-loop Lock       NA
Step 6 Global Time            NA
STEP1_REGRESSION = PASS
STEP2_REGRESSION = INVALID
STEP3_REGRESSION = PASS
STEP4B_ALLOWED = NO
STEP4B_RESULT = BLOCKED_BY_STEP2
STEP4B_FIRST_INACTIVE_BOUNDARY = UPSTREAM_PREREQUISITE
STEP5_RESULT = UPSTREAM_NOT_READY
STEP5_FIRST_INACTIVE_BOUNDARY = UPSTREAM_STEP4B
FAILURE_CLASSIFICATION = JTAG/DASHBOARD_MEASUREMENT_FAILURE
============================================================

================ RAW_SNAPSHOT ================
RAW_SNAPSHOT board=DE5 [1-11.2] label=before
  status           = C210C2C1225082EF
  cpu              = 0000007C00001344
  marker           = 000000010000B004
  store            = 0001E0000002FF58
  store_count      = 0000000006C353D7
  exception        = 8000000B00018580
  clock            = 00280FE20F4612C4
  boot_generation  = 00000001
  cpu_reset_count  = 00000001
  wr_core_reset_count = 00000001
  si_config_drop_count = 00000001
  pps_cr           = 01312D06
  pps_escr         = 00000000
  ep_mach          = 02000200
  ep_macl          = 22334402
  ep_dsr           = 42000000
  ptp              = 00004108
  ptp_rx           = 00000065
  ptp_tx           = 00000027
  ptp_meta         = 03010308
  tx               = 00000052
  rx               = 00000081
  rxerr            = 00000000
  ptp_types        = 02150C16
  foreign_meta     = 03000001
  filter_meta      = 00000000
  parse_meta       = 05010C5E
  wr_rx_signal     = 10010001
  wr_tx_signal     = 10000001
  wr_failure       = 00000000
  wr_state         = A041135C
  wr_reject        = 00000000
  pstat            = 00000001
  sstat            = 00000101
  sec_h            = 00000000
  sec_l            = 0000001B
  ns               = 020B7938
  lock_enable      = 00000002
  lock_result      = 00000001
  lock_polls       = 000493AF
  lock_unlocked    = 000493AF
  lock_calibration_fail = 00000000
  spll_state       = 00030004
  spll_ocer        = 2E08DA01
  spll_rcer        = 00000001
  spll_occr        = C0000177
  spll_trr_csr     = 00026AAC
  spll_dac_hpll    = CAE8CE88
  spll_dac_main    = 00000000
  spll_helper_state = 00000000
  spll_helper_limits = 271000C8
  spll_main_state  = 00000000
  spll_main_limits = 00320032
  spll_main_phase_limits = 03E804B0
  spll_state_visit_mask = 00000618
  spll_state_transitions = 00000003
  spll_last_state  = 00000004
  spll_init_count  = 00000002
  dmtd_ref         = 016E7CEC
  dmtd_fb          = 019E9DB4
  dmtd_ref_high_qual_abort = 00024450
  dmtd_fb_high_qual_abort = 0000F8A4
  tag_valid        = 00028151
  trr_write        = 0002817E
  irq              = 00025F9E
  helper_update    = 00004DE9
  spll_helper_error = 000249F0
  spll_helper_output = 00000005
  eic_isr          = FFFF0000
  current_tics     = 00006E66
RAW_SNAPSHOT board=DE5 [1-11.2] label=after
  status           = 7210C241225082EF
  cpu              = 0000007C0000DD24
  marker           = 000000010000B004
  store            = 000085100001D330
  store_count      = 00000000082C74DE
  exception        = 8000000B00015D54
  clock            = 0029653E63FC6827
  boot_generation  = 00000001
  cpu_reset_count  = 00000001
  wr_core_reset_count = 00000001
  si_config_drop_count = 00000001
  pps_cr           = 01312D06
  pps_escr         = 00000000
  ep_mach          = 02000200
  ep_macl          = 22334402
  ep_dsr           = 42000000
  ptp              = 00004108
  ptp_rx           = 00000079
  ptp_tx           = 0000002F
  ptp_meta         = 03010308
  tx               = 00000060
  rx               = 0000009A
  rxerr            = 00000000
  ptp_types        = 021A0E1B
  foreign_meta     = 03000001
  filter_meta      = 00000000
  parse_meta       = 05010EA9
  wr_rx_signal     = 10010001
  wr_tx_signal     = 10000001
  wr_failure       = 00000000
  wr_state         = A041135C
  wr_reject        = 00000000
  pstat            = 00000001
  sstat            = 00000101
  sec_h            = 00000000
  sec_l            = 00000021
  ns               = 020C9DC8
  lock_enable      = 00000002
  lock_result      = 00000001
  lock_polls       = 0005EEF5
  lock_unlocked    = 0005EEF5
  lock_calibration_fail = 00000000
  spll_state       = 00030004
  spll_ocer        = 87913401
  spll_rcer        = 00000001
  spll_occr        = FA00011D
  spll_trr_csr     = 000220DC
  spll_dac_hpll    = F79D0568
  spll_dac_main    = 00000000
  spll_helper_state = 00000000
  spll_helper_limits = 271000C8
  spll_main_state  = 00000000
  spll_main_limits = 00320032
  spll_main_phase_limits = 03E804B0
  spll_state_visit_mask = 00000618
  spll_state_transitions = 00000003
  spll_last_state  = 00000004
  spll_init_count  = 00000002
  dmtd_ref         = 016ECF95
  dmtd_fb          = 019EF459
  dmtd_ref_high_qual_abort = 0002E0CB
  dmtd_fb_high_qual_abort = 00013B03
  tag_valid        = 00032A9E
  trr_write        = 00032ACB
  irq              = 00031398
  helper_update    = 0000A759
  spll_helper_error = 000249F0
  spll_helper_output = 00000005
  eic_isr          = FFFF0000
  current_tics     = 000085D6

============================================================
STEP4A_RESULT = PASS
STEP4B_ALLOWED = NO
STEP4B_RESULT = BLOCKED_BY_STEP2
STEP4B_FIRST_INACTIVE_BOUNDARY = UPSTREAM_PREREQUISITE
STEP5_RESULT = NOT_APPLICABLE_MASTER
STEP5_FIRST_INACTIVE_BOUNDARY = SLAVE_ONLY
STEP5_RESULT = UPSTREAM_NOT_READY
STEP5_FIRST_INACTIVE_BOUNDARY = UPSTREAM_STEP4B
============================================================
Info (23030): Evaluation of Tcl script scripts/jtag/read_wb_runtime.tcl was successful
Info: Quartus Prime SignalTap II was successful. 0 errors, 0 warnings
    Info: Peak virtual memory: 776 megabytes
    Info: Processing ended: Sun Aug 30 08:40:20 2026
    Info: Elapsed time: 00:00:13
    Info: Total CPU time (on all processors): 00:00:00
