Info: *******************************************************************
Info: Running Quartus Prime Signal Tap
    Info: Version 21.3.0 Build 170 09/23/2021 SC Pro Edition
    Info: Copyright (C) 2021  Intel Corporation. All rights reserved.
    Info: Your use of Intel Corporation's design tools, logic functions 
    Info: and other software and tools, and any partner logic 
    Info: functions, and any output files from any of the foregoing 
    Info: (including device programming or simulation files), and any 
    Info: associated documentation or information are expressly subject 
    Info: to the terms and conditions of the Intel Program License 
    Info: Subscription Agreement, the Intel Quartus Prime License Agreement,
    Info: the Intel FPGA IP License Agreement, or other applicable license
    Info: agreement, including, without limitation, that your use is for
    Info: the sole purpose of programming logic devices manufactured by
    Info: Intel and sold by Intel or its authorized distributors.  Please
    Info: refer to the applicable agreement for further details, at
    Info: https://fpgasoftware.intel.com/eula.
    Info: Processing started: Tue Sep  1 03:06:08 2026
    Info: System process ID: 2158542
Info: Command: quartus_stp -t scripts/jtag/read_rx_error_attribution.tcl dashboard 300
Info: Quartus(args): dashboard 300
ATTRIBUTION_BOARD=DE5 [1-11.2]
ATTR_SNAPSHOT phase=dashboard label=before ptp=0x00004108 ptp_name=UNCALIBRATED core_link_ok=1 core_tm_link_up=1 sync_raw=A110F3C1275482EF minic_rxerr=0x000000A0 phy_enc=0x00000009 phy_disperr=0x00000008 phy_errdetect=0x00000009 phy_sync_loss=0x00000007 phy_lock_loss=0x00000004 core_link_drop=0x00000003 core_tm_link_drop=0x00000003
ATTR_PRECONDITION=FAIL ptp=0x00004108 core_link_ok=1 core_tm_link_up=1
