------------------------------------------------------------
TimeQuest Timing Analyzer Summary
------------------------------------------------------------

Type  : Slow 900mV 100C Model Setup 'u_wr_arria10_transceiver|\det_phy:e3p1_phy:inst_phy|xcvr_native_a10_0|rx_clkout'
Slack : -3.812
TNS   : -111.626

Type  : Slow 900mV 100C Model Setup 'clk_50m'
Slack : -1.568
TNS   : -41.928

Type  : Slow 900mV 100C Model Setup 'qsfp_ref_125m'
Slack : 0.157
TNS   : 0.000

Type  : Slow 900mV 100C Model Setup 'u_wr_arria10_transceiver|\det_phy:e3p1_phy:inst_phy|xcvr_native_a10_0|tx_pma_clk'
Slack : 0.334
TNS   : 0.000

Type  : Slow 900mV 100C Model Setup 'qsfp_dmtd_124m992'
Slack : 0.408
TNS   : 0.000

Type  : Slow 900mV 100C Model Setup '~ALTERA_CLKUSR~'
Slack : 6.806
TNS   : 0.000

Type  : Slow 900mV 100C Model Setup 'altera_reserved_tck'
Slack : 13.946
TNS   : 0.000

Type  : Slow 900mV 100C Model Hold 'clk_50m'
Slack : 0.039
TNS   : 0.000

Type  : Slow 900mV 100C Model Hold 'u_wr_arria10_transceiver|\det_phy:e3p1_phy:inst_phy|xcvr_native_a10_0|rx_clkout'
Slack : 0.048
TNS   : 0.000

Type  : Slow 900mV 100C Model Hold 'qsfp_ref_125m'
Slack : 0.050
TNS   : 0.000

Type  : Slow 900mV 100C Model Hold 'altera_reserved_tck'
Slack : 0.056
TNS   : 0.000

Type  : Slow 900mV 100C Model Hold '~ALTERA_CLKUSR~'
Slack : 0.056
TNS   : 0.000

Type  : Slow 900mV 100C Model Hold 'qsfp_dmtd_124m992'
Slack : 0.072
TNS   : 0.000

Type  : Slow 900mV 100C Model Hold 'u_wr_arria10_transceiver|\det_phy:e3p1_phy:inst_phy|xcvr_native_a10_0|tx_pma_clk'
Slack : 5.259
TNS   : 0.000

Type  : Slow 900mV 100C Model Recovery 'u_wr_arria10_transceiver|\det_phy:e3p1_phy:inst_phy|xcvr_native_a10_0|rx_clkout'
Slack : -1.975
TNS   : -7.859

Type  : Slow 900mV 100C Model Recovery 'qsfp_ref_125m'
Slack : 0.715
TNS   : 0.000

Type  : Slow 900mV 100C Model Recovery 'clk_50m'
Slack : 0.903
TNS   : 0.000

Type  : Slow 900mV 100C Model Recovery 'qsfp_dmtd_124m992'
Slack : 6.612
TNS   : 0.000

Type  : Slow 900mV 100C Model Recovery '~ALTERA_CLKUSR~'
Slack : 7.390
TNS   : 0.000

Type  : Slow 900mV 100C Model Recovery 'u_wr_arria10_transceiver|\det_phy:e3p1_phy:inst_phy|xcvr_native_a10_0|tx_pma_clk'
Slack : 15.616
TNS   : 0.000

Type  : Slow 900mV 100C Model Recovery 'u_wr_arria10_transceiver|\det_phy:e3p1_phy:inst_phy|xcvr_native_a10_0|rx_pma_clk'
Slack : 16.777
TNS   : 0.000

Type  : Slow 900mV 100C Model Recovery 'altera_reserved_tck'
Slack : 30.542
TNS   : 0.000

Type  : Slow 900mV 100C Model Removal '~ALTERA_CLKUSR~'
Slack : 0.298
TNS   : 0.000

Type  : Slow 900mV 100C Model Removal 'qsfp_ref_125m'
Slack : 0.328
TNS   : 0.000

Type  : Slow 900mV 100C Model Removal 'clk_50m'
Slack : 0.399
TNS   : 0.000

Type  : Slow 900mV 100C Model Removal 'u_wr_arria10_transceiver|\det_phy:e3p1_phy:inst_phy|xcvr_native_a10_0|rx_clkout'
Slack : 0.444
TNS   : 0.000

Type  : Slow 900mV 100C Model Removal 'qsfp_dmtd_124m992'
Slack : 0.586
TNS   : 0.000

Type  : Slow 900mV 100C Model Removal 'altera_reserved_tck'
Slack : 0.767
TNS   : 0.000

Type  : Slow 900mV 100C Model Removal 'u_wr_arria10_transceiver|\det_phy:e3p1_phy:inst_phy|xcvr_native_a10_0|rx_pma_clk'
Slack : 10.000
TNS   : 0.000

Type  : Slow 900mV 100C Model Removal 'u_wr_arria10_transceiver|\det_phy:e3p1_phy:inst_phy|xcvr_native_a10_0|tx_pma_clk'
Slack : 11.858
TNS   : 0.000

Type  : Slow 900mV 100C Model Minimum Pulse Width 'qsfp_ref_125m'
Slack : 3.644
TNS   : 0.000

Type  : Slow 900mV 100C Model Minimum Pulse Width 'u_wr_arria10_transceiver|\det_phy:e3p1_phy:inst_phy|xcvr_native_a10_0|rx_clkout'
Slack : 3.673
TNS   : 0.000

Type  : Slow 900mV 100C Model Minimum Pulse Width 'u_wr_arria10_transceiver|\det_phy:e3p1_phy:inst_phy|xcvr_native_a10_0|tx_pma_clk'
Slack : 3.705
TNS   : 0.000

Type  : Slow 900mV 100C Model Minimum Pulse Width '~ALTERA_CLKUSR~'
Slack : 3.766
TNS   : 0.000

Type  : Slow 900mV 100C Model Minimum Pulse Width 'u_wr_arria10_transceiver|\det_phy:e3p1_phy:inst_phy|xcvr_native_a10_0|rx_pma_clk'
Slack : 3.873
TNS   : 0.000

Type  : Slow 900mV 100C Model Minimum Pulse Width 'u_wr_arria10_transceiver|\det_phy:e3p1_phy:inst_phy|xcvr_native_a10_0|avmmclk'
Slack : 3.904
TNS   : 0.000

Type  : Slow 900mV 100C Model Minimum Pulse Width 'qsfp_dmtd_124m992'
Slack : 3.929
TNS   : 0.000

Type  : Slow 900mV 100C Model Minimum Pulse Width 'clk_50m'
Slack : 9.616
TNS   : 0.000

Type  : Slow 900mV 100C Model Minimum Pulse Width 'altera_reserved_tck'
Slack : 16.578
TNS   : 0.000

Type  : Slow 900mV 0C Model Setup 'u_wr_arria10_transceiver|\det_phy:e3p1_phy:inst_phy|xcvr_native_a10_0|rx_clkout'
Slack : -2.672
TNS   : -70.703

Type  : Slow 900mV 0C Model Setup 'clk_50m'
Slack : -1.967
TNS   : -66.736

Type  : Slow 900mV 0C Model Setup 'qsfp_ref_125m'
Slack : -0.266
TNS   : -0.266

Type  : Slow 900mV 0C Model Setup 'u_wr_arria10_transceiver|\det_phy:e3p1_phy:inst_phy|xcvr_native_a10_0|tx_pma_clk'
Slack : 0.351
TNS   : 0.000

Type  : Slow 900mV 0C Model Setup 'qsfp_dmtd_124m992'
Slack : 0.659
TNS   : 0.000

Type  : Slow 900mV 0C Model Setup '~ALTERA_CLKUSR~'
Slack : 6.829
TNS   : 0.000

Type  : Slow 900mV 0C Model Setup 'altera_reserved_tck'
Slack : 14.071
TNS   : 0.000

Type  : Slow 900mV 0C Model Hold 'clk_50m'
Slack : 0.039
TNS   : 0.000

Type  : Slow 900mV 0C Model Hold 'u_wr_arria10_transceiver|\det_phy:e3p1_phy:inst_phy|xcvr_native_a10_0|rx_clkout'
Slack : 0.042
TNS   : 0.000

Type  : Slow 900mV 0C Model Hold 'qsfp_ref_125m'
Slack : 0.049
TNS   : 0.000

Type  : Slow 900mV 0C Model Hold '~ALTERA_CLKUSR~'
Slack : 0.051
TNS   : 0.000

Type  : Slow 900mV 0C Model Hold 'altera_reserved_tck'
Slack : 0.054
TNS   : 0.000

Type  : Slow 900mV 0C Model Hold 'qsfp_dmtd_124m992'
Slack : 0.067
TNS   : 0.000

Type  : Slow 900mV 0C Model Hold 'u_wr_arria10_transceiver|\det_phy:e3p1_phy:inst_phy|xcvr_native_a10_0|tx_pma_clk'
Slack : 5.119
TNS   : 0.000

Type  : Slow 900mV 0C Model Recovery 'u_wr_arria10_transceiver|\det_phy:e3p1_phy:inst_phy|xcvr_native_a10_0|rx_clkout'
Slack : -1.048
TNS   : -4.144

Type  : Slow 900mV 0C Model Recovery 'clk_50m'
Slack : 0.958
TNS   : 0.000

Type  : Slow 900mV 0C Model Recovery 'qsfp_ref_125m'
Slack : 1.073
TNS   : 0.000

Type  : Slow 900mV 0C Model Recovery 'qsfp_dmtd_124m992'
Slack : 6.689
TNS   : 0.000

Type  : Slow 900mV 0C Model Recovery '~ALTERA_CLKUSR~'
Slack : 7.379
TNS   : 0.000

Type  : Slow 900mV 0C Model Recovery 'u_wr_arria10_transceiver|\det_phy:e3p1_phy:inst_phy|xcvr_native_a10_0|tx_pma_clk'
Slack : 15.611
TNS   : 0.000

Type  : Slow 900mV 0C Model Recovery 'u_wr_arria10_transceiver|\det_phy:e3p1_phy:inst_phy|xcvr_native_a10_0|rx_pma_clk'
Slack : 16.910
TNS   : 0.000

Type  : Slow 900mV 0C Model Recovery 'altera_reserved_tck'
Slack : 30.716
TNS   : 0.000

Type  : Slow 900mV 0C Model Removal '~ALTERA_CLKUSR~'
Slack : 0.297
TNS   : 0.000

Type  : Slow 900mV 0C Model Removal 'qsfp_ref_125m'
Slack : 0.319
TNS   : 0.000

Type  : Slow 900mV 0C Model Removal 'clk_50m'
Slack : 0.371
TNS   : 0.000

Type  : Slow 900mV 0C Model Removal 'u_wr_arria10_transceiver|\det_phy:e3p1_phy:inst_phy|xcvr_native_a10_0|rx_clkout'
Slack : 0.422
TNS   : 0.000

Type  : Slow 900mV 0C Model Removal 'qsfp_dmtd_124m992'
Slack : 0.542
TNS   : 0.000

Type  : Slow 900mV 0C Model Removal 'altera_reserved_tck'
Slack : 0.674
TNS   : 0.000

Type  : Slow 900mV 0C Model Removal 'u_wr_arria10_transceiver|\det_phy:e3p1_phy:inst_phy|xcvr_native_a10_0|rx_pma_clk'
Slack : 9.587
TNS   : 0.000

Type  : Slow 900mV 0C Model Removal 'u_wr_arria10_transceiver|\det_phy:e3p1_phy:inst_phy|xcvr_native_a10_0|tx_pma_clk'
Slack : 11.739
TNS   : 0.000

Type  : Slow 900mV 0C Model Minimum Pulse Width 'qsfp_ref_125m'
Slack : 3.596
TNS   : 0.000

Type  : Slow 900mV 0C Model Minimum Pulse Width 'u_wr_arria10_transceiver|\det_phy:e3p1_phy:inst_phy|xcvr_native_a10_0|rx_clkout'
Slack : 3.672
TNS   : 0.000

Type  : Slow 900mV 0C Model Minimum Pulse Width 'u_wr_arria10_transceiver|\det_phy:e3p1_phy:inst_phy|xcvr_native_a10_0|tx_pma_clk'
Slack : 3.693
TNS   : 0.000

Type  : Slow 900mV 0C Model Minimum Pulse Width '~ALTERA_CLKUSR~'
Slack : 3.757
TNS   : 0.000

Type  : Slow 900mV 0C Model Minimum Pulse Width 'u_wr_arria10_transceiver|\det_phy:e3p1_phy:inst_phy|xcvr_native_a10_0|rx_pma_clk'
Slack : 3.855
TNS   : 0.000

Type  : Slow 900mV 0C Model Minimum Pulse Width 'u_wr_arria10_transceiver|\det_phy:e3p1_phy:inst_phy|xcvr_native_a10_0|avmmclk'
Slack : 3.888
TNS   : 0.000

Type  : Slow 900mV 0C Model Minimum Pulse Width 'qsfp_dmtd_124m992'
Slack : 3.918
TNS   : 0.000

Type  : Slow 900mV 0C Model Minimum Pulse Width 'clk_50m'
Slack : 9.558
TNS   : 0.000

Type  : Slow 900mV 0C Model Minimum Pulse Width 'altera_reserved_tck'
Slack : 16.514
TNS   : 0.000

Type  : Fast 900mV 100C Model Setup 'u_wr_arria10_transceiver|\det_phy:e3p1_phy:inst_phy|xcvr_native_a10_0|rx_clkout'
Slack : -3.643
TNS   : -107.449

Type  : Fast 900mV 100C Model Setup 'clk_50m'
Slack : 1.096
TNS   : 0.000

Type  : Fast 900mV 100C Model Setup 'u_wr_arria10_transceiver|\det_phy:e3p1_phy:inst_phy|xcvr_native_a10_0|tx_pma_clk'
Slack : 1.125
TNS   : 0.000

Type  : Fast 900mV 100C Model Setup 'qsfp_dmtd_124m992'
Slack : 1.358
TNS   : 0.000

Type  : Fast 900mV 100C Model Setup 'qsfp_ref_125m'
Slack : 1.392
TNS   : 0.000

Type  : Fast 900mV 100C Model Setup '~ALTERA_CLKUSR~'
Slack : 7.191
TNS   : 0.000

Type  : Fast 900mV 100C Model Setup 'altera_reserved_tck'
Slack : 14.691
TNS   : 0.000

Type  : Fast 900mV 100C Model Hold 'clk_50m'
Slack : -0.602
TNS   : -3.154

Type  : Fast 900mV 100C Model Hold 'qsfp_dmtd_124m992'
Slack : -0.507
TNS   : -0.507

Type  : Fast 900mV 100C Model Hold 'qsfp_ref_125m'
Slack : -0.434
TNS   : -0.434

Type  : Fast 900mV 100C Model Hold 'altera_reserved_tck'
Slack : 0.020
TNS   : 0.000

Type  : Fast 900mV 100C Model Hold 'u_wr_arria10_transceiver|\det_phy:e3p1_phy:inst_phy|xcvr_native_a10_0|rx_clkout'
Slack : 0.021
TNS   : 0.000

Type  : Fast 900mV 100C Model Hold '~ALTERA_CLKUSR~'
Slack : 0.025
TNS   : 0.000

Type  : Fast 900mV 100C Model Hold 'u_wr_arria10_transceiver|\det_phy:e3p1_phy:inst_phy|xcvr_native_a10_0|tx_pma_clk'
Slack : 5.314
TNS   : 0.000

Type  : Fast 900mV 100C Model Recovery 'u_wr_arria10_transceiver|\det_phy:e3p1_phy:inst_phy|xcvr_native_a10_0|rx_clkout'
Slack : -2.120
TNS   : -8.466

Type  : Fast 900mV 100C Model Recovery 'qsfp_ref_125m'
Slack : 1.437
TNS   : 0.000

Type  : Fast 900mV 100C Model Recovery 'clk_50m'
Slack : 1.512
TNS   : 0.000

Type  : Fast 900mV 100C Model Recovery 'qsfp_dmtd_124m992'
Slack : 7.061
TNS   : 0.000

Type  : Fast 900mV 100C Model Recovery '~ALTERA_CLKUSR~'
Slack : 7.608
TNS   : 0.000

Type  : Fast 900mV 100C Model Recovery 'u_wr_arria10_transceiver|\det_phy:e3p1_phy:inst_phy|xcvr_native_a10_0|tx_pma_clk'
Slack : 17.013
TNS   : 0.000

Type  : Fast 900mV 100C Model Recovery 'u_wr_arria10_transceiver|\det_phy:e3p1_phy:inst_phy|xcvr_native_a10_0|rx_pma_clk'
Slack : 17.037
TNS   : 0.000

Type  : Fast 900mV 100C Model Recovery 'altera_reserved_tck'
Slack : 31.201
TNS   : 0.000

Type  : Fast 900mV 100C Model Removal '~ALTERA_CLKUSR~'
Slack : 0.181
TNS   : 0.000

Type  : Fast 900mV 100C Model Removal 'qsfp_ref_125m'
Slack : 0.196
TNS   : 0.000

Type  : Fast 900mV 100C Model Removal 'clk_50m'
Slack : 0.239
TNS   : 0.000

Type  : Fast 900mV 100C Model Removal 'u_wr_arria10_transceiver|\det_phy:e3p1_phy:inst_phy|xcvr_native_a10_0|rx_clkout'
Slack : 0.285
TNS   : 0.000

Type  : Fast 900mV 100C Model Removal 'qsfp_dmtd_124m992'
Slack : 0.398
TNS   : 0.000

Type  : Fast 900mV 100C Model Removal 'altera_reserved_tck'
Slack : 0.564
TNS   : 0.000

Type  : Fast 900mV 100C Model Removal 'u_wr_arria10_transceiver|\det_phy:e3p1_phy:inst_phy|xcvr_native_a10_0|rx_pma_clk'
Slack : 10.817
TNS   : 0.000

Type  : Fast 900mV 100C Model Removal 'u_wr_arria10_transceiver|\det_phy:e3p1_phy:inst_phy|xcvr_native_a10_0|tx_pma_clk'
Slack : 11.406
TNS   : 0.000

Type  : Fast 900mV 100C Model Minimum Pulse Width 'qsfp_ref_125m'
Slack : 3.671
TNS   : 0.000

Type  : Fast 900mV 100C Model Minimum Pulse Width 'u_wr_arria10_transceiver|\det_phy:e3p1_phy:inst_phy|xcvr_native_a10_0|rx_clkout'
Slack : 3.687
TNS   : 0.000

Type  : Fast 900mV 100C Model Minimum Pulse Width 'u_wr_arria10_transceiver|\det_phy:e3p1_phy:inst_phy|xcvr_native_a10_0|tx_pma_clk'
Slack : 3.831
TNS   : 0.000

Type  : Fast 900mV 100C Model Minimum Pulse Width '~ALTERA_CLKUSR~'
Slack : 3.911
TNS   : 0.000

Type  : Fast 900mV 100C Model Minimum Pulse Width 'u_wr_arria10_transceiver|\det_phy:e3p1_phy:inst_phy|xcvr_native_a10_0|rx_pma_clk'
Slack : 3.941
TNS   : 0.000

Type  : Fast 900mV 100C Model Minimum Pulse Width 'qsfp_dmtd_124m992'
Slack : 3.953
TNS   : 0.000

Type  : Fast 900mV 100C Model Minimum Pulse Width 'u_wr_arria10_transceiver|\det_phy:e3p1_phy:inst_phy|xcvr_native_a10_0|avmmclk'
Slack : 3.955
TNS   : 0.000

Type  : Fast 900mV 100C Model Minimum Pulse Width 'clk_50m'
Slack : 9.615
TNS   : 0.000

Type  : Fast 900mV 100C Model Minimum Pulse Width 'altera_reserved_tck'
Slack : 16.493
TNS   : 0.000

Type  : Fast 900mV 0C Model Setup 'u_wr_arria10_transceiver|\det_phy:e3p1_phy:inst_phy|xcvr_native_a10_0|rx_clkout'
Slack : -1.684
TNS   : -34.847

Type  : Fast 900mV 0C Model Setup 'clk_50m'
Slack : 0.995
TNS   : 0.000

Type  : Fast 900mV 0C Model Setup 'u_wr_arria10_transceiver|\det_phy:e3p1_phy:inst_phy|xcvr_native_a10_0|tx_pma_clk'
Slack : 1.486
TNS   : 0.000

Type  : Fast 900mV 0C Model Setup 'qsfp_dmtd_124m992'
Slack : 1.836
TNS   : 0.000

Type  : Fast 900mV 0C Model Setup 'qsfp_ref_125m'
Slack : 1.909
TNS   : 0.000

Type  : Fast 900mV 0C Model Setup '~ALTERA_CLKUSR~'
Slack : 7.303
TNS   : 0.000

Type  : Fast 900mV 0C Model Setup 'altera_reserved_tck'
Slack : 15.046
TNS   : 0.000

Type  : Fast 900mV 0C Model Hold 'clk_50m'
Slack : 0.014
TNS   : 0.000

Type  : Fast 900mV 0C Model Hold 'u_wr_arria10_transceiver|\det_phy:e3p1_phy:inst_phy|xcvr_native_a10_0|rx_clkout'
Slack : 0.019
TNS   : 0.000

Type  : Fast 900mV 0C Model Hold 'altera_reserved_tck'
Slack : 0.021
TNS   : 0.000

Type  : Fast 900mV 0C Model Hold 'qsfp_dmtd_124m992'
Slack : 0.023
TNS   : 0.000

Type  : Fast 900mV 0C Model Hold 'qsfp_ref_125m'
Slack : 0.023
TNS   : 0.000

Type  : Fast 900mV 0C Model Hold '~ALTERA_CLKUSR~'
Slack : 0.025
TNS   : 0.000

Type  : Fast 900mV 0C Model Hold 'u_wr_arria10_transceiver|\det_phy:e3p1_phy:inst_phy|xcvr_native_a10_0|tx_pma_clk'
Slack : 5.034
TNS   : 0.000

Type  : Fast 900mV 0C Model Recovery 'u_wr_arria10_transceiver|\det_phy:e3p1_phy:inst_phy|xcvr_native_a10_0|rx_clkout'
Slack : -0.179
TNS   : -0.700

Type  : Fast 900mV 0C Model Recovery 'clk_50m'
Slack : 1.791
TNS   : 0.000

Type  : Fast 900mV 0C Model Recovery 'qsfp_ref_125m'
Slack : 2.009
TNS   : 0.000

Type  : Fast 900mV 0C Model Recovery 'qsfp_dmtd_124m992'
Slack : 7.223
TNS   : 0.000

Type  : Fast 900mV 0C Model Recovery '~ALTERA_CLKUSR~'
Slack : 7.641
TNS   : 0.000

Type  : Fast 900mV 0C Model Recovery 'u_wr_arria10_transceiver|\det_phy:e3p1_phy:inst_phy|xcvr_native_a10_0|tx_pma_clk'
Slack : 17.404
TNS   : 0.000

Type  : Fast 900mV 0C Model Recovery 'u_wr_arria10_transceiver|\det_phy:e3p1_phy:inst_phy|xcvr_native_a10_0|rx_pma_clk'
Slack : 17.986
TNS   : 0.000

Type  : Fast 900mV 0C Model Recovery 'altera_reserved_tck'
Slack : 31.568
TNS   : 0.000

Type  : Fast 900mV 0C Model Removal '~ALTERA_CLKUSR~'
Slack : 0.161
TNS   : 0.000

Type  : Fast 900mV 0C Model Removal 'qsfp_ref_125m'
Slack : 0.167
TNS   : 0.000

Type  : Fast 900mV 0C Model Removal 'clk_50m'
Slack : 0.207
TNS   : 0.000

Type  : Fast 900mV 0C Model Removal 'u_wr_arria10_transceiver|\det_phy:e3p1_phy:inst_phy|xcvr_native_a10_0|rx_clkout'
Slack : 0.244
TNS   : 0.000

Type  : Fast 900mV 0C Model Removal 'qsfp_dmtd_124m992'
Slack : 0.311
TNS   : 0.000

Type  : Fast 900mV 0C Model Removal 'altera_reserved_tck'
Slack : 0.459
TNS   : 0.000

Type  : Fast 900mV 0C Model Removal 'u_wr_arria10_transceiver|\det_phy:e3p1_phy:inst_phy|xcvr_native_a10_0|rx_pma_clk'
Slack : 10.291
TNS   : 0.000

Type  : Fast 900mV 0C Model Removal 'u_wr_arria10_transceiver|\det_phy:e3p1_phy:inst_phy|xcvr_native_a10_0|tx_pma_clk'
Slack : 11.084
TNS   : 0.000

Type  : Fast 900mV 0C Model Minimum Pulse Width 'u_wr_arria10_transceiver|\det_phy:e3p1_phy:inst_phy|xcvr_native_a10_0|rx_clkout'
Slack : 3.690
TNS   : 0.000

Type  : Fast 900mV 0C Model Minimum Pulse Width 'qsfp_ref_125m'
Slack : 3.693
TNS   : 0.000

Type  : Fast 900mV 0C Model Minimum Pulse Width 'u_wr_arria10_transceiver|\det_phy:e3p1_phy:inst_phy|xcvr_native_a10_0|tx_pma_clk'
Slack : 3.844
TNS   : 0.000

Type  : Fast 900mV 0C Model Minimum Pulse Width '~ALTERA_CLKUSR~'
Slack : 3.898
TNS   : 0.000

Type  : Fast 900mV 0C Model Minimum Pulse Width 'u_wr_arria10_transceiver|\det_phy:e3p1_phy:inst_phy|xcvr_native_a10_0|rx_pma_clk'
Slack : 3.941
TNS   : 0.000

Type  : Fast 900mV 0C Model Minimum Pulse Width 'u_wr_arria10_transceiver|\det_phy:e3p1_phy:inst_phy|xcvr_native_a10_0|avmmclk'
Slack : 3.956
TNS   : 0.000

Type  : Fast 900mV 0C Model Minimum Pulse Width 'qsfp_dmtd_124m992'
Slack : 3.978
TNS   : 0.000

Type  : Fast 900mV 0C Model Minimum Pulse Width 'clk_50m'
Slack : 9.610
TNS   : 0.000

Type  : Fast 900mV 0C Model Minimum Pulse Width 'altera_reserved_tck'
Slack : 16.502
TNS   : 0.000

------------------------------------------------------------
