------------------------------------------------------------
TimeQuest Timing Analyzer Summary
------------------------------------------------------------

Type  : Slow 900mV 100C Model Setup 'u_wr_arria10_transceiver|\det_phy:e3p1_phy:inst_phy|xcvr_native_a10_0|rx_clkout'
Slack : -3.103
TNS   : -99.388

Type  : Slow 900mV 100C Model Setup 'clk_50m'
Slack : -1.528
TNS   : -40.677

Type  : Slow 900mV 100C Model Setup 'qsfp_ref_125m'
Slack : 0.145
TNS   : 0.000

Type  : Slow 900mV 100C Model Setup 'u_wr_arria10_transceiver|\det_phy:e3p1_phy:inst_phy|xcvr_native_a10_0|tx_pma_clk'
Slack : 0.338
TNS   : 0.000

Type  : Slow 900mV 100C Model Setup 'qsfp_dmtd_124m992'
Slack : 0.393
TNS   : 0.000

Type  : Slow 900mV 100C Model Setup '~ALTERA_CLKUSR~'
Slack : 6.557
TNS   : 0.000

Type  : Slow 900mV 100C Model Setup 'altera_reserved_tck'
Slack : 13.186
TNS   : 0.000

Type  : Slow 900mV 100C Model Hold 'altera_reserved_tck'
Slack : 0.030
TNS   : 0.000

Type  : Slow 900mV 100C Model Hold 'clk_50m'
Slack : 0.040
TNS   : 0.000

Type  : Slow 900mV 100C Model Hold 'qsfp_ref_125m'
Slack : 0.042
TNS   : 0.000

Type  : Slow 900mV 100C Model Hold 'u_wr_arria10_transceiver|\det_phy:e3p1_phy:inst_phy|xcvr_native_a10_0|rx_clkout'
Slack : 0.045
TNS   : 0.000

Type  : Slow 900mV 100C Model Hold '~ALTERA_CLKUSR~'
Slack : 0.057
TNS   : 0.000

Type  : Slow 900mV 100C Model Hold 'qsfp_dmtd_124m992'
Slack : 0.061
TNS   : 0.000

Type  : Slow 900mV 100C Model Hold 'u_wr_arria10_transceiver|\det_phy:e3p1_phy:inst_phy|xcvr_native_a10_0|tx_pma_clk'
Slack : 5.319
TNS   : 0.000

Type  : Slow 900mV 100C Model Recovery 'u_wr_arria10_transceiver|\det_phy:e3p1_phy:inst_phy|xcvr_native_a10_0|rx_clkout'
Slack : -1.839
TNS   : -7.308

Type  : Slow 900mV 100C Model Recovery 'clk_50m'
Slack : 0.903
TNS   : 0.000

Type  : Slow 900mV 100C Model Recovery 'qsfp_ref_125m'
Slack : 0.972
TNS   : 0.000

Type  : Slow 900mV 100C Model Recovery 'qsfp_dmtd_124m992'
Slack : 6.694
TNS   : 0.000

Type  : Slow 900mV 100C Model Recovery '~ALTERA_CLKUSR~'
Slack : 7.363
TNS   : 0.000

Type  : Slow 900mV 100C Model Recovery 'u_wr_arria10_transceiver|\det_phy:e3p1_phy:inst_phy|xcvr_native_a10_0|tx_pma_clk'
Slack : 15.606
TNS   : 0.000

Type  : Slow 900mV 100C Model Recovery 'u_wr_arria10_transceiver|\det_phy:e3p1_phy:inst_phy|xcvr_native_a10_0|rx_pma_clk'
Slack : 16.592
TNS   : 0.000

Type  : Slow 900mV 100C Model Recovery 'altera_reserved_tck'
Slack : 30.963
TNS   : 0.000

Type  : Slow 900mV 100C Model Removal '~ALTERA_CLKUSR~'
Slack : 0.326
TNS   : 0.000

Type  : Slow 900mV 100C Model Removal 'qsfp_ref_125m'
Slack : 0.338
TNS   : 0.000

Type  : Slow 900mV 100C Model Removal 'clk_50m'
Slack : 0.418
TNS   : 0.000

Type  : Slow 900mV 100C Model Removal 'u_wr_arria10_transceiver|\det_phy:e3p1_phy:inst_phy|xcvr_native_a10_0|rx_clkout'
Slack : 0.492
TNS   : 0.000

Type  : Slow 900mV 100C Model Removal 'altera_reserved_tck'
Slack : 0.588
TNS   : 0.000

Type  : Slow 900mV 100C Model Removal 'qsfp_dmtd_124m992'
Slack : 0.649
TNS   : 0.000

Type  : Slow 900mV 100C Model Removal 'u_wr_arria10_transceiver|\det_phy:e3p1_phy:inst_phy|xcvr_native_a10_0|rx_pma_clk'
Slack : 10.163
TNS   : 0.000

Type  : Slow 900mV 100C Model Removal 'u_wr_arria10_transceiver|\det_phy:e3p1_phy:inst_phy|xcvr_native_a10_0|tx_pma_clk'
Slack : 11.868
TNS   : 0.000

Type  : Slow 900mV 100C Model Minimum Pulse Width 'qsfp_ref_125m'
Slack : 3.644
TNS   : 0.000

Type  : Slow 900mV 100C Model Minimum Pulse Width 'u_wr_arria10_transceiver|\det_phy:e3p1_phy:inst_phy|xcvr_native_a10_0|rx_clkout'
Slack : 3.678
TNS   : 0.000

Type  : Slow 900mV 100C Model Minimum Pulse Width 'u_wr_arria10_transceiver|\det_phy:e3p1_phy:inst_phy|xcvr_native_a10_0|tx_pma_clk'
Slack : 3.705
TNS   : 0.000

Type  : Slow 900mV 100C Model Minimum Pulse Width '~ALTERA_CLKUSR~'
Slack : 3.766
TNS   : 0.000

Type  : Slow 900mV 100C Model Minimum Pulse Width 'u_wr_arria10_transceiver|\det_phy:e3p1_phy:inst_phy|xcvr_native_a10_0|rx_pma_clk'
Slack : 3.873
TNS   : 0.000

Type  : Slow 900mV 100C Model Minimum Pulse Width 'u_wr_arria10_transceiver|\det_phy:e3p1_phy:inst_phy|xcvr_native_a10_0|avmmclk'
Slack : 3.904
TNS   : 0.000

Type  : Slow 900mV 100C Model Minimum Pulse Width 'qsfp_dmtd_124m992'
Slack : 3.934
TNS   : 0.000

Type  : Slow 900mV 100C Model Minimum Pulse Width 'clk_50m'
Slack : 9.614
TNS   : 0.000

Type  : Slow 900mV 100C Model Minimum Pulse Width 'altera_reserved_tck'
Slack : 16.547
TNS   : 0.000

Type  : Slow 900mV 0C Model Setup 'u_wr_arria10_transceiver|\det_phy:e3p1_phy:inst_phy|xcvr_native_a10_0|rx_clkout'
Slack : -2.036
TNS   : -60.166

Type  : Slow 900mV 0C Model Setup 'clk_50m'
Slack : -1.916
TNS   : -65.585

Type  : Slow 900mV 0C Model Setup 'qsfp_ref_125m'
Slack : -0.321
TNS   : -0.321

Type  : Slow 900mV 0C Model Setup 'u_wr_arria10_transceiver|\det_phy:e3p1_phy:inst_phy|xcvr_native_a10_0|tx_pma_clk'
Slack : 0.381
TNS   : 0.000

Type  : Slow 900mV 0C Model Setup 'qsfp_dmtd_124m992'
Slack : 0.669
TNS   : 0.000

Type  : Slow 900mV 0C Model Setup '~ALTERA_CLKUSR~'
Slack : 6.654
TNS   : 0.000

Type  : Slow 900mV 0C Model Setup 'altera_reserved_tck'
Slack : 13.444
TNS   : 0.000

Type  : Slow 900mV 0C Model Hold 'altera_reserved_tck'
Slack : 0.026
TNS   : 0.000

Type  : Slow 900mV 0C Model Hold 'qsfp_ref_125m'
Slack : 0.038
TNS   : 0.000

Type  : Slow 900mV 0C Model Hold 'clk_50m'
Slack : 0.039
TNS   : 0.000

Type  : Slow 900mV 0C Model Hold 'u_wr_arria10_transceiver|\det_phy:e3p1_phy:inst_phy|xcvr_native_a10_0|rx_clkout'
Slack : 0.042
TNS   : 0.000

Type  : Slow 900mV 0C Model Hold '~ALTERA_CLKUSR~'
Slack : 0.054
TNS   : 0.000

Type  : Slow 900mV 0C Model Hold 'qsfp_dmtd_124m992'
Slack : 0.057
TNS   : 0.000

Type  : Slow 900mV 0C Model Hold 'u_wr_arria10_transceiver|\det_phy:e3p1_phy:inst_phy|xcvr_native_a10_0|tx_pma_clk'
Slack : 5.168
TNS   : 0.000

Type  : Slow 900mV 0C Model Recovery 'u_wr_arria10_transceiver|\det_phy:e3p1_phy:inst_phy|xcvr_native_a10_0|rx_clkout'
Slack : -0.927
TNS   : -3.651

Type  : Slow 900mV 0C Model Recovery 'clk_50m'
Slack : 1.026
TNS   : 0.000

Type  : Slow 900mV 0C Model Recovery 'qsfp_ref_125m'
Slack : 1.236
TNS   : 0.000

Type  : Slow 900mV 0C Model Recovery 'qsfp_dmtd_124m992'
Slack : 6.742
TNS   : 0.000

Type  : Slow 900mV 0C Model Recovery '~ALTERA_CLKUSR~'
Slack : 7.362
TNS   : 0.000

Type  : Slow 900mV 0C Model Recovery 'u_wr_arria10_transceiver|\det_phy:e3p1_phy:inst_phy|xcvr_native_a10_0|tx_pma_clk'
Slack : 15.612
TNS   : 0.000

Type  : Slow 900mV 0C Model Recovery 'u_wr_arria10_transceiver|\det_phy:e3p1_phy:inst_phy|xcvr_native_a10_0|rx_pma_clk'
Slack : 16.750
TNS   : 0.000

Type  : Slow 900mV 0C Model Recovery 'altera_reserved_tck'
Slack : 31.109
TNS   : 0.000

Type  : Slow 900mV 0C Model Removal '~ALTERA_CLKUSR~'
Slack : 0.319
TNS   : 0.000

Type  : Slow 900mV 0C Model Removal 'qsfp_ref_125m'
Slack : 0.334
TNS   : 0.000

Type  : Slow 900mV 0C Model Removal 'clk_50m'
Slack : 0.404
TNS   : 0.000

Type  : Slow 900mV 0C Model Removal 'u_wr_arria10_transceiver|\det_phy:e3p1_phy:inst_phy|xcvr_native_a10_0|rx_clkout'
Slack : 0.469
TNS   : 0.000

Type  : Slow 900mV 0C Model Removal 'altera_reserved_tck'
Slack : 0.559
TNS   : 0.000

Type  : Slow 900mV 0C Model Removal 'qsfp_dmtd_124m992'
Slack : 0.613
TNS   : 0.000

Type  : Slow 900mV 0C Model Removal 'u_wr_arria10_transceiver|\det_phy:e3p1_phy:inst_phy|xcvr_native_a10_0|rx_pma_clk'
Slack : 9.737
TNS   : 0.000

Type  : Slow 900mV 0C Model Removal 'u_wr_arria10_transceiver|\det_phy:e3p1_phy:inst_phy|xcvr_native_a10_0|tx_pma_clk'
Slack : 11.728
TNS   : 0.000

Type  : Slow 900mV 0C Model Minimum Pulse Width 'qsfp_ref_125m'
Slack : 3.596
TNS   : 0.000

Type  : Slow 900mV 0C Model Minimum Pulse Width 'u_wr_arria10_transceiver|\det_phy:e3p1_phy:inst_phy|xcvr_native_a10_0|rx_clkout'
Slack : 3.682
TNS   : 0.000

Type  : Slow 900mV 0C Model Minimum Pulse Width 'u_wr_arria10_transceiver|\det_phy:e3p1_phy:inst_phy|xcvr_native_a10_0|tx_pma_clk'
Slack : 3.693
TNS   : 0.000

Type  : Slow 900mV 0C Model Minimum Pulse Width '~ALTERA_CLKUSR~'
Slack : 3.757
TNS   : 0.000

Type  : Slow 900mV 0C Model Minimum Pulse Width 'u_wr_arria10_transceiver|\det_phy:e3p1_phy:inst_phy|xcvr_native_a10_0|rx_pma_clk'
Slack : 3.855
TNS   : 0.000

Type  : Slow 900mV 0C Model Minimum Pulse Width 'u_wr_arria10_transceiver|\det_phy:e3p1_phy:inst_phy|xcvr_native_a10_0|avmmclk'
Slack : 3.888
TNS   : 0.000

Type  : Slow 900mV 0C Model Minimum Pulse Width 'qsfp_dmtd_124m992'
Slack : 3.917
TNS   : 0.000

Type  : Slow 900mV 0C Model Minimum Pulse Width 'clk_50m'
Slack : 9.557
TNS   : 0.000

Type  : Slow 900mV 0C Model Minimum Pulse Width 'altera_reserved_tck'
Slack : 16.514
TNS   : 0.000

Type  : Fast 900mV 100C Model Setup 'u_wr_arria10_transceiver|\det_phy:e3p1_phy:inst_phy|xcvr_native_a10_0|rx_clkout'
Slack : -3.015
TNS   : -97.099

Type  : Fast 900mV 100C Model Setup 'clk_50m'
Slack : 1.111
TNS   : 0.000

Type  : Fast 900mV 100C Model Setup 'u_wr_arria10_transceiver|\det_phy:e3p1_phy:inst_phy|xcvr_native_a10_0|tx_pma_clk'
Slack : 1.132
TNS   : 0.000

Type  : Fast 900mV 100C Model Setup 'qsfp_dmtd_124m992'
Slack : 1.322
TNS   : 0.000

Type  : Fast 900mV 100C Model Setup 'qsfp_ref_125m'
Slack : 1.383
TNS   : 0.000

Type  : Fast 900mV 100C Model Setup '~ALTERA_CLKUSR~'
Slack : 6.936
TNS   : 0.000

Type  : Fast 900mV 100C Model Setup 'altera_reserved_tck'
Slack : 14.053
TNS   : 0.000

Type  : Fast 900mV 100C Model Hold 'clk_50m'
Slack : -0.626
TNS   : -3.996

Type  : Fast 900mV 100C Model Hold 'qsfp_dmtd_124m992'
Slack : -0.548
TNS   : -0.548

Type  : Fast 900mV 100C Model Hold 'qsfp_ref_125m'
Slack : -0.381
TNS   : -0.381

Type  : Fast 900mV 100C Model Hold 'altera_reserved_tck'
Slack : 0.011
TNS   : 0.000

Type  : Fast 900mV 100C Model Hold 'u_wr_arria10_transceiver|\det_phy:e3p1_phy:inst_phy|xcvr_native_a10_0|rx_clkout'
Slack : 0.016
TNS   : 0.000

Type  : Fast 900mV 100C Model Hold '~ALTERA_CLKUSR~'
Slack : 0.025
TNS   : 0.000

Type  : Fast 900mV 100C Model Hold 'u_wr_arria10_transceiver|\det_phy:e3p1_phy:inst_phy|xcvr_native_a10_0|tx_pma_clk'
Slack : 5.376
TNS   : 0.000

Type  : Fast 900mV 100C Model Recovery 'u_wr_arria10_transceiver|\det_phy:e3p1_phy:inst_phy|xcvr_native_a10_0|rx_clkout'
Slack : -2.082
TNS   : -8.312

Type  : Fast 900mV 100C Model Recovery 'clk_50m'
Slack : 1.495
TNS   : 0.000

Type  : Fast 900mV 100C Model Recovery 'qsfp_ref_125m'
Slack : 1.695
TNS   : 0.000

Type  : Fast 900mV 100C Model Recovery 'qsfp_dmtd_124m992'
Slack : 7.095
TNS   : 0.000

Type  : Fast 900mV 100C Model Recovery '~ALTERA_CLKUSR~'
Slack : 7.576
TNS   : 0.000

Type  : Fast 900mV 100C Model Recovery 'u_wr_arria10_transceiver|\det_phy:e3p1_phy:inst_phy|xcvr_native_a10_0|rx_pma_clk'
Slack : 16.866
TNS   : 0.000

Type  : Fast 900mV 100C Model Recovery 'u_wr_arria10_transceiver|\det_phy:e3p1_phy:inst_phy|xcvr_native_a10_0|tx_pma_clk'
Slack : 16.993
TNS   : 0.000

Type  : Fast 900mV 100C Model Recovery 'altera_reserved_tck'
Slack : 31.568
TNS   : 0.000

Type  : Fast 900mV 100C Model Removal '~ALTERA_CLKUSR~'
Slack : 0.207
TNS   : 0.000

Type  : Fast 900mV 100C Model Removal 'qsfp_ref_125m'
Slack : 0.210
TNS   : 0.000

Type  : Fast 900mV 100C Model Removal 'clk_50m'
Slack : 0.271
TNS   : 0.000

Type  : Fast 900mV 100C Model Removal 'u_wr_arria10_transceiver|\det_phy:e3p1_phy:inst_phy|xcvr_native_a10_0|rx_clkout'
Slack : 0.376
TNS   : 0.000

Type  : Fast 900mV 100C Model Removal 'qsfp_dmtd_124m992'
Slack : 0.447
TNS   : 0.000

Type  : Fast 900mV 100C Model Removal 'altera_reserved_tck'
Slack : 0.459
TNS   : 0.000

Type  : Fast 900mV 100C Model Removal 'u_wr_arria10_transceiver|\det_phy:e3p1_phy:inst_phy|xcvr_native_a10_0|rx_pma_clk'
Slack : 10.946
TNS   : 0.000

Type  : Fast 900mV 100C Model Removal 'u_wr_arria10_transceiver|\det_phy:e3p1_phy:inst_phy|xcvr_native_a10_0|tx_pma_clk'
Slack : 11.420
TNS   : 0.000

Type  : Fast 900mV 100C Model Minimum Pulse Width 'qsfp_ref_125m'
Slack : 3.667
TNS   : 0.000

Type  : Fast 900mV 100C Model Minimum Pulse Width 'u_wr_arria10_transceiver|\det_phy:e3p1_phy:inst_phy|xcvr_native_a10_0|rx_clkout'
Slack : 3.688
TNS   : 0.000

Type  : Fast 900mV 100C Model Minimum Pulse Width 'u_wr_arria10_transceiver|\det_phy:e3p1_phy:inst_phy|xcvr_native_a10_0|tx_pma_clk'
Slack : 3.831
TNS   : 0.000

Type  : Fast 900mV 100C Model Minimum Pulse Width '~ALTERA_CLKUSR~'
Slack : 3.911
TNS   : 0.000

Type  : Fast 900mV 100C Model Minimum Pulse Width 'u_wr_arria10_transceiver|\det_phy:e3p1_phy:inst_phy|xcvr_native_a10_0|rx_pma_clk'
Slack : 3.941
TNS   : 0.000

Type  : Fast 900mV 100C Model Minimum Pulse Width 'u_wr_arria10_transceiver|\det_phy:e3p1_phy:inst_phy|xcvr_native_a10_0|avmmclk'
Slack : 3.955
TNS   : 0.000

Type  : Fast 900mV 100C Model Minimum Pulse Width 'qsfp_dmtd_124m992'
Slack : 3.958
TNS   : 0.000

Type  : Fast 900mV 100C Model Minimum Pulse Width 'clk_50m'
Slack : 9.615
TNS   : 0.000

Type  : Fast 900mV 100C Model Minimum Pulse Width 'altera_reserved_tck'
Slack : 16.457
TNS   : 0.000

Type  : Fast 900mV 0C Model Setup 'u_wr_arria10_transceiver|\det_phy:e3p1_phy:inst_phy|xcvr_native_a10_0|rx_clkout'
Slack : -1.182
TNS   : -27.474

Type  : Fast 900mV 0C Model Setup 'clk_50m'
Slack : 0.998
TNS   : 0.000

Type  : Fast 900mV 0C Model Setup 'u_wr_arria10_transceiver|\det_phy:e3p1_phy:inst_phy|xcvr_native_a10_0|tx_pma_clk'
Slack : 1.497
TNS   : 0.000

Type  : Fast 900mV 0C Model Setup 'qsfp_dmtd_124m992'
Slack : 1.812
TNS   : 0.000

Type  : Fast 900mV 0C Model Setup 'qsfp_ref_125m'
Slack : 1.853
TNS   : 0.000

Type  : Fast 900mV 0C Model Setup '~ALTERA_CLKUSR~'
Slack : 7.106
TNS   : 0.000

Type  : Fast 900mV 0C Model Setup 'altera_reserved_tck'
Slack : 14.505
TNS   : 0.000

Type  : Fast 900mV 0C Model Hold 'altera_reserved_tck'
Slack : 0.008
TNS   : 0.000

Type  : Fast 900mV 0C Model Hold 'u_wr_arria10_transceiver|\det_phy:e3p1_phy:inst_phy|xcvr_native_a10_0|rx_clkout'
Slack : 0.016
TNS   : 0.000

Type  : Fast 900mV 0C Model Hold 'clk_50m'
Slack : 0.017
TNS   : 0.000

Type  : Fast 900mV 0C Model Hold 'qsfp_ref_125m'
Slack : 0.017
TNS   : 0.000

Type  : Fast 900mV 0C Model Hold 'qsfp_dmtd_124m992'
Slack : 0.021
TNS   : 0.000

Type  : Fast 900mV 0C Model Hold '~ALTERA_CLKUSR~'
Slack : 0.025
TNS   : 0.000

Type  : Fast 900mV 0C Model Hold 'u_wr_arria10_transceiver|\det_phy:e3p1_phy:inst_phy|xcvr_native_a10_0|tx_pma_clk'
Slack : 5.080
TNS   : 0.000

Type  : Fast 900mV 0C Model Recovery 'u_wr_arria10_transceiver|\det_phy:e3p1_phy:inst_phy|xcvr_native_a10_0|rx_clkout'
Slack : -0.175
TNS   : -0.684

Type  : Fast 900mV 0C Model Recovery 'clk_50m'
Slack : 1.793
TNS   : 0.000

Type  : Fast 900mV 0C Model Recovery 'qsfp_ref_125m'
Slack : 2.109
TNS   : 0.000

Type  : Fast 900mV 0C Model Recovery 'qsfp_dmtd_124m992'
Slack : 7.244
TNS   : 0.000

Type  : Fast 900mV 0C Model Recovery '~ALTERA_CLKUSR~'
Slack : 7.621
TNS   : 0.000

Type  : Fast 900mV 0C Model Recovery 'u_wr_arria10_transceiver|\det_phy:e3p1_phy:inst_phy|xcvr_native_a10_0|tx_pma_clk'
Slack : 17.389
TNS   : 0.000

Type  : Fast 900mV 0C Model Recovery 'u_wr_arria10_transceiver|\det_phy:e3p1_phy:inst_phy|xcvr_native_a10_0|rx_pma_clk'
Slack : 17.837
TNS   : 0.000

Type  : Fast 900mV 0C Model Recovery 'altera_reserved_tck'
Slack : 31.840
TNS   : 0.000

Type  : Fast 900mV 0C Model Removal '~ALTERA_CLKUSR~'
Slack : 0.177
TNS   : 0.000

Type  : Fast 900mV 0C Model Removal 'qsfp_ref_125m'
Slack : 0.178
TNS   : 0.000

Type  : Fast 900mV 0C Model Removal 'clk_50m'
Slack : 0.227
TNS   : 0.000

Type  : Fast 900mV 0C Model Removal 'u_wr_arria10_transceiver|\det_phy:e3p1_phy:inst_phy|xcvr_native_a10_0|rx_clkout'
Slack : 0.303
TNS   : 0.000

Type  : Fast 900mV 0C Model Removal 'qsfp_dmtd_124m992'
Slack : 0.353
TNS   : 0.000

Type  : Fast 900mV 0C Model Removal 'altera_reserved_tck'
Slack : 0.385
TNS   : 0.000

Type  : Fast 900mV 0C Model Removal 'u_wr_arria10_transceiver|\det_phy:e3p1_phy:inst_phy|xcvr_native_a10_0|rx_pma_clk'
Slack : 10.387
TNS   : 0.000

Type  : Fast 900mV 0C Model Removal 'u_wr_arria10_transceiver|\det_phy:e3p1_phy:inst_phy|xcvr_native_a10_0|tx_pma_clk'
Slack : 11.100
TNS   : 0.000

Type  : Fast 900mV 0C Model Minimum Pulse Width 'qsfp_ref_125m'
Slack : 3.687
TNS   : 0.000

Type  : Fast 900mV 0C Model Minimum Pulse Width 'u_wr_arria10_transceiver|\det_phy:e3p1_phy:inst_phy|xcvr_native_a10_0|rx_clkout'
Slack : 3.693
TNS   : 0.000

Type  : Fast 900mV 0C Model Minimum Pulse Width 'u_wr_arria10_transceiver|\det_phy:e3p1_phy:inst_phy|xcvr_native_a10_0|tx_pma_clk'
Slack : 3.844
TNS   : 0.000

Type  : Fast 900mV 0C Model Minimum Pulse Width '~ALTERA_CLKUSR~'
Slack : 3.898
TNS   : 0.000

Type  : Fast 900mV 0C Model Minimum Pulse Width 'u_wr_arria10_transceiver|\det_phy:e3p1_phy:inst_phy|xcvr_native_a10_0|rx_pma_clk'
Slack : 3.941
TNS   : 0.000

Type  : Fast 900mV 0C Model Minimum Pulse Width 'u_wr_arria10_transceiver|\det_phy:e3p1_phy:inst_phy|xcvr_native_a10_0|avmmclk'
Slack : 3.956
TNS   : 0.000

Type  : Fast 900mV 0C Model Minimum Pulse Width 'qsfp_dmtd_124m992'
Slack : 3.978
TNS   : 0.000

Type  : Fast 900mV 0C Model Minimum Pulse Width 'clk_50m'
Slack : 9.614
TNS   : 0.000

Type  : Fast 900mV 0C Model Minimum Pulse Width 'altera_reserved_tck'
Slack : 16.479
TNS   : 0.000

------------------------------------------------------------
