SERIES_RUN=1
Info: *******************************************************************
Info: Running Quartus Prime SignalTap II
    Info: Version 17.0.0 Build 595 04/25/2017 SJ Standard Edition
    Info: Copyright (C) 2017  Intel Corporation. All rights reserved.
    Info: Your use of Intel Corporation's design tools, logic functions 
    Info: and other software and tools, and its AMPP partner logic 
    Info: functions, and any output files from any of the foregoing 
    Info: (including device programming or simulation files), and any 
    Info: associated documentation or information are expressly subject 
    Info: to the terms and conditions of the Intel Program License 
    Info: Subscription Agreement, the Intel Quartus Prime License Agreement,
    Info: the Intel MegaCore Function License Agreement, or other 
    Info: applicable license agreement, including, without limitation, 
    Info: that your use is for the sole purpose of programming logic 
    Info: devices manufactured by Intel and sold by Intel or its 
    Info: authorized distributors.  Please refer to the applicable 
    Info: agreement for further details.
    Info: Processing started: Thu Aug 20 04:50:34 2026
Info: Command: quartus_stp -t scripts/jtag/read_step4_event_chain.tcl 1000
Info: Quartus(args): 1000
EVENT_CHAIN_CONFIG gap_ms=1000 trr_r0_read=disabled
=== DE5 [1-11.1] ===
EVENT_CHAIN_SAMPLE board=DE5 [1-11.1] label=BEGIN status=101E1841245C82FF
EVENT_CHAIN_HW: CSR=01010000 ECCR=01000000 OCCR=00000000 RCER=00000000 OCER=00000001
EVENT_CHAIN_EIC: IDR=00000001 IER=00000000 IMR=00000001 ISR=00000000
EVENT_CHAIN_TRR: CSR=00020000 TAG_VALID=00020000 TRR_WRITE=00000000 TAG_SOURCE=01348BEA REF=00ADC7FE FEEDBACK=00ADC7FE
EVENT_CHAIN_DMTD: REF_EVENTS=00ADC7FE FB_EVENTS=009EAAEB REF_SEEN=00000001 FB_SEEN=00000001
EVENT_CHAIN_ARB: PENDING=00000000 GRANT=00000000
EVENT_CHAIN_TICS: NOW=E4276DAB DMTD_REF_LAST=048A9AB8 DMTD_FB_LAST=048A9ABB TAG_REF_LAST=048A9AB9 TAG_FB_LAST=048A9ABC
EVENT_CHAIN_REQ: REF_COUNT=00000000 FB_COUNT=00000000 LAST=00000000
EVENT_CHAIN_LAST: GRANT=00000000 VALID=00000000 TRR=00000000
EVENT_CHAIN_DMTD_STATE: VALUE=0000000A REF_STATE=2 FB_STATE=2 REF_RESET=0 FB_RESET=0
EVENT_CHAIN_WR: SSTAT=00000000 PSTAT=00000001 LOCK_ENABLE=00000000 SPLL_STATE=000003E8
EVENT_CHAIN_HELPER: STATE=00000100 ERROR=00000000 OUTPUT=00000000 REF_COUNT=00000000 TAG_COUNT=00000000 IRQ_COUNT=00000000 UPDATE_COUNT=00000000
EVENT_CHAIN_SAMPLE board=DE5 [1-11.1] label=END status=101E186134BC82FF
EVENT_CHAIN_HW: CSR=01010000 ECCR=01000000 OCCR=00000000 RCER=00000000 OCER=00000001
EVENT_CHAIN_EIC: IDR=00000001 IER=00000000 IMR=00000001 ISR=00000000
EVENT_CHAIN_TRR: CSR=00020000 TAG_VALID=00000000 TRR_WRITE=00000000 TAG_SOURCE=01348BEA REF=00000000 FEEDBACK=009EAAEB
EVENT_CHAIN_DMTD: REF_EVENTS=00ADC7FE FB_EVENTS=00ADC7FE REF_SEEN=00000001 FB_SEEN=00000001
EVENT_CHAIN_ARB: PENDING=00000000 GRANT=00000000
EVENT_CHAIN_TICS: NOW=E8D34AA2 DMTD_REF_LAST=048A9AB8 DMTD_FB_LAST=048A9ABB TAG_REF_LAST=048A9AB9 TAG_FB_LAST=048A9ABC
EVENT_CHAIN_REQ: REF_COUNT=00000000 FB_COUNT=00000000 LAST=00000000
EVENT_CHAIN_LAST: GRANT=00000000 VALID=00000000 TRR=00000000
EVENT_CHAIN_DMTD_STATE: VALUE=0000000A REF_STATE=2 FB_STATE=2 REF_RESET=0 FB_RESET=0
EVENT_CHAIN_WR: SSTAT=00000000 PSTAT=00000001 LOCK_ENABLE=00000000 SPLL_STATE=00020009
EVENT_CHAIN_HELPER: STATE=00000100 ERROR=00000000 OUTPUT=00000000 REF_COUNT=00000000 TAG_COUNT=00000000 IRQ_COUNT=00000000 UPDATE_COUNT=00000000
=== DE5 [1-11.2] ===
EVENT_CHAIN_SAMPLE board=DE5 [1-11.2] label=BEGIN status=401084C1235082CF
EVENT_CHAIN_HW: CSR=01010000 ECCR=01000000 OCCR=00000000 RCER=00000001 OCER=00000001
EVENT_CHAIN_EIC: IDR=00000001 IER=00000000 IMR=00000001 ISR=00000000
EVENT_CHAIN_TRR: CSR=00020000 TAG_VALID=00000000 TRR_WRITE=00000000 TAG_SOURCE=0B19DBD2 REF=05ADBBC4 FEEDBACK=063500E0
EVENT_CHAIN_DMTD: REF_EVENTS=05ADBBC4 FB_EVENTS=063500E0 REF_SEEN=00000001 FB_SEEN=00000001
EVENT_CHAIN_ARB: PENDING=00000000 GRANT=00000000
EVENT_CHAIN_TICS: NOW=0A8922CD DMTD_REF_LAST=2D5FFF7E DMTD_FB_LAST=2D5FFF7E TAG_REF_LAST=2D5FFF7F TAG_FB_LAST=2D5FFF7F
EVENT_CHAIN_REQ: REF_COUNT=00000000 FB_COUNT=00000000 LAST=00000000
EVENT_CHAIN_LAST: GRANT=00000000 VALID=00000000 TRR=00000000
EVENT_CHAIN_DMTD_STATE: VALUE=0000000A REF_STATE=2 FB_STATE=2 REF_RESET=0 FB_RESET=0
EVENT_CHAIN_WR: SSTAT=00000001 PSTAT=00000001 LOCK_ENABLE=00000004 SPLL_STATE=00000001
EVENT_CHAIN_HELPER: STATE=00000000 ERROR=00000000 OUTPUT=00000000 REF_COUNT=00000000 TAG_COUNT=00000000 IRQ_COUNT=00000000 UPDATE_COUNT=00000000
EVENT_CHAIN_SAMPLE board=DE5 [1-11.2] label=END status=401084C3235082EF
EVENT_CHAIN_HW: CSR=01010000 ECCR=01000000 OCCR=00000000 RCER=00000001 OCER=00000001
EVENT_CHAIN_EIC: IDR=00000001 IER=00000000 IMR=00000001 ISR=00000000
EVENT_CHAIN_TRR: CSR=00020000 TAG_VALID=00000000 TRR_WRITE=00000000 TAG_SOURCE=0B19DBD2 REF=05ADBBC4 FEEDBACK=063500E0
EVENT_CHAIN_DMTD: REF_EVENTS=05ADBBC4 FB_EVENTS=063500E0 REF_SEEN=00000001 FB_SEEN=00000001
EVENT_CHAIN_ARB: PENDING=00000000 GRANT=00000000
EVENT_CHAIN_TICS: NOW=0F35B576 DMTD_REF_LAST=2D5FFF7E DMTD_FB_LAST=2D5FFF7E TAG_REF_LAST=2D5FFF7F TAG_FB_LAST=2D5FFF7F
EVENT_CHAIN_REQ: REF_COUNT=00000000 FB_COUNT=00000000 LAST=00000000
EVENT_CHAIN_LAST: GRANT=00000000 VALID=00000000 TRR=00000000
EVENT_CHAIN_DMTD_STATE: VALUE=0000000A REF_STATE=2 FB_STATE=2 REF_RESET=0 FB_RESET=0
EVENT_CHAIN_WR: SSTAT=00000001 PSTAT=00000001 LOCK_ENABLE=00000004 SPLL_STATE=00030009
EVENT_CHAIN_HELPER: STATE=00000000 ERROR=00000000 OUTPUT=00000000 REF_COUNT=00000000 TAG_COUNT=00000000 IRQ_COUNT=00000000 UPDATE_COUNT=00000000
EVENT_CHAIN_DONE
Info (23030): Evaluation of Tcl script scripts/jtag/read_step4_event_chain.tcl was successful
Info: Quartus Prime SignalTap II was successful. 0 errors, 0 warnings
    Info: Peak virtual memory: 772 megabytes
    Info: Processing ended: Thu Aug 20 04:50:38 2026
    Info: Elapsed time: 00:00:04
    Info: Total CPU time (on all processors): 00:00:00
SERIES_RUN=2
Info: *******************************************************************
Info: Running Quartus Prime SignalTap II
    Info: Version 17.0.0 Build 595 04/25/2017 SJ Standard Edition
    Info: Copyright (C) 2017  Intel Corporation. All rights reserved.
    Info: Your use of Intel Corporation's design tools, logic functions 
    Info: and other software and tools, and its AMPP partner logic 
    Info: functions, and any output files from any of the foregoing 
    Info: (including device programming or simulation files), and any 
    Info: associated documentation or information are expressly subject 
    Info: to the terms and conditions of the Intel Program License 
    Info: Subscription Agreement, the Intel Quartus Prime License Agreement,
    Info: the Intel MegaCore Function License Agreement, or other 
    Info: applicable license agreement, including, without limitation, 
    Info: that your use is for the sole purpose of programming logic 
    Info: devices manufactured by Intel and sold by Intel or its 
    Info: authorized distributors.  Please refer to the applicable 
    Info: agreement for further details.
    Info: Processing started: Thu Aug 20 04:50:38 2026
Info: Command: quartus_stp -t scripts/jtag/read_step4_event_chain.tcl 1000
Info: Quartus(args): 1000
EVENT_CHAIN_CONFIG gap_ms=1000 trr_r0_read=disabled
=== DE5 [1-11.1] ===
EVENT_CHAIN_SAMPLE board=DE5 [1-11.1] label=BEGIN status=101E18E134BC82FF
EVENT_CHAIN_HW: CSR=01010000 ECCR=01000000 OCCR=00000000 RCER=00000000 OCER=00000000
EVENT_CHAIN_EIC: IDR=00000001 IER=00000000 IMR=00000001 ISR=00000000
EVENT_CHAIN_TRR: CSR=00020000 TAG_VALID=00000000 TRR_WRITE=00000000 TAG_SOURCE=01348BEA REF=00ADC7FE FEEDBACK=00ADC7FE
EVENT_CHAIN_DMTD: REF_EVENTS=00ADC7FE FB_EVENTS=009EAAEB REF_SEEN=00000001 FB_SEEN=00000001
EVENT_CHAIN_ARB: PENDING=00000000 GRANT=00000000
EVENT_CHAIN_TICS: NOW=F1772752 DMTD_REF_LAST=048A9AB8 DMTD_FB_LAST=048A9ABB TAG_REF_LAST=048A9AB9 TAG_FB_LAST=048A9ABC
EVENT_CHAIN_REQ: REF_COUNT=00000000 FB_COUNT=00000000 LAST=00000000
EVENT_CHAIN_LAST: GRANT=00000000 VALID=00000000 TRR=00000000
EVENT_CHAIN_DMTD_STATE: VALUE=0000000A REF_STATE=2 FB_STATE=2 REF_RESET=0 FB_RESET=0
EVENT_CHAIN_WR: SSTAT=00000000 PSTAT=00000001 LOCK_ENABLE=00000000 SPLL_STATE=00020009
EVENT_CHAIN_HELPER: STATE=00000100 ERROR=00000000 OUTPUT=00000000 REF_COUNT=00000000 TAG_COUNT=00000000 IRQ_COUNT=00000000 UPDATE_COUNT=00000000
EVENT_CHAIN_SAMPLE board=DE5 [1-11.1] label=END status=101E18E334BC82FF
EVENT_CHAIN_HW: CSR=01010000 ECCR=01000000 OCCR=00000000 RCER=00000000 OCER=00000001
EVENT_CHAIN_EIC: IDR=00000001 IER=00000000 IMR=00000001 ISR=00000000
EVENT_CHAIN_TRR: CSR=00020000 TAG_VALID=00000000 TRR_WRITE=00000000 TAG_SOURCE=01348BEA REF=00ADC7FE FEEDBACK=009EAAEB
EVENT_CHAIN_DMTD: REF_EVENTS=00ADC7FE FB_EVENTS=009EAAEB REF_SEEN=00000001 FB_SEEN=00000001
EVENT_CHAIN_ARB: PENDING=00000000 GRANT=00000000
EVENT_CHAIN_TICS: NOW=048A9AB8 DMTD_REF_LAST=048A9AB8 DMTD_FB_LAST=048A9ABB TAG_REF_LAST=048A9ABB TAG_FB_LAST=048A9ABC
EVENT_CHAIN_REQ: REF_COUNT=00000000 FB_COUNT=00000000 LAST=00000000
EVENT_CHAIN_LAST: GRANT=00000000 VALID=00000000 TRR=00000000
EVENT_CHAIN_DMTD_STATE: VALUE=0000000A REF_STATE=2 FB_STATE=2 REF_RESET=0 FB_RESET=0
EVENT_CHAIN_WR: SSTAT=00000000 PSTAT=00000001 LOCK_ENABLE=00000000 SPLL_STATE=00020009
EVENT_CHAIN_HELPER: STATE=00000100 ERROR=00000000 OUTPUT=00000000 REF_COUNT=00000000 TAG_COUNT=00000000 IRQ_COUNT=00000000 UPDATE_COUNT=00000000
=== DE5 [1-11.2] ===
EVENT_CHAIN_SAMPLE board=DE5 [1-11.2] label=BEGIN status=401084C1231882CF
EVENT_CHAIN_HW: CSR=01010000 ECCR=01000000 OCCR=00000000 RCER=00000001 OCER=00000001
EVENT_CHAIN_EIC: IDR=00000001 IER=00000000 IMR=00000001 ISR=00000000
EVENT_CHAIN_TRR: CSR=00020000 TAG_VALID=00000000 TRR_WRITE=00000000 TAG_SOURCE=0B19DBD2 REF=05ADBBC4 FEEDBACK=063500E0
EVENT_CHAIN_DMTD: REF_EVENTS=05ADBBC4 FB_EVENTS=063500E0 REF_SEEN=00000001 FB_SEEN=00000001
EVENT_CHAIN_ARB: PENDING=00000000 GRANT=00000000
EVENT_CHAIN_TICS: NOW=17D778B5 DMTD_REF_LAST=2D5FFF7E DMTD_FB_LAST=2D5FFF7E TAG_REF_LAST=2D5FFF7F TAG_FB_LAST=2D5FFF7F
EVENT_CHAIN_REQ: REF_COUNT=00000000 FB_COUNT=00000000 LAST=00000000
EVENT_CHAIN_LAST: GRANT=00000000 VALID=00000000 TRR=00000000
EVENT_CHAIN_DMTD_STATE: VALUE=0000000A REF_STATE=2 FB_STATE=2 REF_RESET=0 FB_RESET=0
EVENT_CHAIN_WR: SSTAT=00000001 PSTAT=00000001 LOCK_ENABLE=00000004 SPLL_STATE=00030009
EVENT_CHAIN_HELPER: STATE=00000000 ERROR=00000000 OUTPUT=00000000 REF_COUNT=00000000 TAG_COUNT=00000000 IRQ_COUNT=00000000 UPDATE_COUNT=00000000
EVENT_CHAIN_SAMPLE board=DE5 [1-11.2] label=END status=401084E133BC82EF
EVENT_CHAIN_HW: CSR=01010000 ECCR=01000000 OCCR=00000000 RCER=00000001 OCER=00000001
EVENT_CHAIN_EIC: IDR=00000001 IER=00000000 IMR=00000001 ISR=00000000
EVENT_CHAIN_TRR: CSR=00020000 TAG_VALID=00000000 TRR_WRITE=00000000 TAG_SOURCE=0B19DBD2 REF=05ADBBC4 FEEDBACK=063500E0
EVENT_CHAIN_DMTD: REF_EVENTS=05ADBBC4 FB_EVENTS=063500E0 REF_SEEN=00000001 FB_SEEN=00000001
EVENT_CHAIN_ARB: PENDING=00000000 GRANT=00000000
EVENT_CHAIN_TICS: NOW=1C8459D6 DMTD_REF_LAST=2D5FFF7E DMTD_FB_LAST=2D5FFF7E TAG_REF_LAST=2D5FFF7F TAG_FB_LAST=2D5FFF7F
EVENT_CHAIN_REQ: REF_COUNT=00000000 FB_COUNT=00000000 LAST=00000000
EVENT_CHAIN_LAST: GRANT=00000000 VALID=00000000 TRR=00000000
EVENT_CHAIN_DMTD_STATE: VALUE=0000000A REF_STATE=2 FB_STATE=2 REF_RESET=0 FB_RESET=0
EVENT_CHAIN_WR: SSTAT=00000001 PSTAT=00000001 LOCK_ENABLE=00000004 SPLL_STATE=00030009
EVENT_CHAIN_HELPER: STATE=00000000 ERROR=00000000 OUTPUT=00000000 REF_COUNT=00000000 TAG_COUNT=00000000 IRQ_COUNT=00000000 UPDATE_COUNT=00000000
EVENT_CHAIN_DONE
Info (23030): Evaluation of Tcl script scripts/jtag/read_step4_event_chain.tcl was successful
Info: Quartus Prime SignalTap II was successful. 0 errors, 0 warnings
    Info: Peak virtual memory: 772 megabytes
    Info: Processing ended: Thu Aug 20 04:50:41 2026
    Info: Elapsed time: 00:00:03
    Info: Total CPU time (on all processors): 00:00:00
SERIES_RUN=3
Info: *******************************************************************
Info: Running Quartus Prime SignalTap II
    Info: Version 17.0.0 Build 595 04/25/2017 SJ Standard Edition
    Info: Copyright (C) 2017  Intel Corporation. All rights reserved.
    Info: Your use of Intel Corporation's design tools, logic functions 
    Info: and other software and tools, and its AMPP partner logic 
    Info: functions, and any output files from any of the foregoing 
    Info: (including device programming or simulation files), and any 
    Info: associated documentation or information are expressly subject 
    Info: to the terms and conditions of the Intel Program License 
    Info: Subscription Agreement, the Intel Quartus Prime License Agreement,
    Info: the Intel MegaCore Function License Agreement, or other 
    Info: applicable license agreement, including, without limitation, 
    Info: that your use is for the sole purpose of programming logic 
    Info: devices manufactured by Intel and sold by Intel or its 
    Info: authorized distributors.  Please refer to the applicable 
    Info: agreement for further details.
    Info: Processing started: Thu Aug 20 04:50:41 2026
Info: Command: quartus_stp -t scripts/jtag/read_step4_event_chain.tcl 1000
Info: Quartus(args): 1000
EVENT_CHAIN_CONFIG gap_ms=1000 trr_r0_read=disabled
=== DE5 [1-11.1] ===
EVENT_CHAIN_SAMPLE board=DE5 [1-11.1] label=BEGIN status=101E1861349C82FF
EVENT_CHAIN_HW: CSR=01010000 ECCR=01000000 OCCR=00000000 RCER=00000000 OCER=00000001
EVENT_CHAIN_EIC: IDR=00000001 IER=00000000 IMR=00000001 ISR=00000000
EVENT_CHAIN_TRR: CSR=00020000 TAG_VALID=00000000 TRR_WRITE=00000000 TAG_SOURCE=01348BEA REF=00ADC7FE FEEDBACK=009EAAEB
EVENT_CHAIN_DMTD: REF_EVENTS=00ADC7FE FB_EVENTS=009EAAEB REF_SEEN=00000001 FB_SEEN=00000001
EVENT_CHAIN_ARB: PENDING=00000000 GRANT=00000000
EVENT_CHAIN_TICS: NOW=FEBB3EDD DMTD_REF_LAST=048A9AB8 DMTD_FB_LAST=048A9ABB TAG_REF_LAST=048A9AB9 TAG_FB_LAST=048A9ABC
EVENT_CHAIN_REQ: REF_COUNT=00000000 FB_COUNT=00000000 LAST=00000000
EVENT_CHAIN_LAST: GRANT=00000000 VALID=00000000 TRR=00000000
EVENT_CHAIN_DMTD_STATE: VALUE=0000000A REF_STATE=2 FB_STATE=2 REF_RESET=0 FB_RESET=0
EVENT_CHAIN_WR: SSTAT=00000000 PSTAT=00000001 LOCK_ENABLE=00000000 SPLL_STATE=00020009
EVENT_CHAIN_HELPER: STATE=00000100 ERROR=00000000 OUTPUT=00000000 REF_COUNT=00000000 TAG_COUNT=00000000 IRQ_COUNT=00000000 UPDATE_COUNT=00000000
EVENT_CHAIN_SAMPLE board=DE5 [1-11.1] label=END status=101E18E134BC82FF
EVENT_CHAIN_HW: CSR=01010000 ECCR=01000000 OCCR=00000000 RCER=00000000 OCER=00000001
EVENT_CHAIN_EIC: IDR=00000001 IER=00000000 IMR=00000000 ISR=00000000
EVENT_CHAIN_TRR: CSR=00020000 TAG_VALID=00000000 TRR_WRITE=00000000 TAG_SOURCE=01348BEA REF=00ADC7FE FEEDBACK=009EAAEB
EVENT_CHAIN_DMTD: REF_EVENTS=00ADC7FE FB_EVENTS=009EAAEB REF_SEEN=00000001 FB_SEEN=00000001
EVENT_CHAIN_ARB: PENDING=00000000 GRANT=00000000
EVENT_CHAIN_TICS: NOW=03679385 DMTD_REF_LAST=048A9AB8 DMTD_FB_LAST=048A9ABB TAG_REF_LAST=048A9AB9 TAG_FB_LAST=048A9ABC
EVENT_CHAIN_REQ: REF_COUNT=00000000 FB_COUNT=00000000 LAST=00000000
EVENT_CHAIN_LAST: GRANT=00000000 VALID=00000000 TRR=00000000
EVENT_CHAIN_DMTD_STATE: VALUE=0000000A REF_STATE=2 FB_STATE=2 REF_RESET=0 FB_RESET=0
EVENT_CHAIN_WR: SSTAT=00000000 PSTAT=00000001 LOCK_ENABLE=00000000 SPLL_STATE=00020009
EVENT_CHAIN_HELPER: STATE=00000100 ERROR=00000000 OUTPUT=00000000 REF_COUNT=00000000 TAG_COUNT=00000000 IRQ_COUNT=00000000 UPDATE_COUNT=00000000
=== DE5 [1-11.2] ===
EVENT_CHAIN_SAMPLE board=DE5 [1-11.2] label=BEGIN status=40108441235082CF
EVENT_CHAIN_HW: CSR=01010000 ECCR=01000000 OCCR=00000000 RCER=00000001 OCER=00000001
EVENT_CHAIN_EIC: IDR=00000001 IER=00000000 IMR=00000001 ISR=00000000
EVENT_CHAIN_TRR: CSR=00020000 TAG_VALID=00000000 TRR_WRITE=00000000 TAG_SOURCE=0B19DBD2 REF=05ADBBC4 FEEDBACK=063500E0
EVENT_CHAIN_DMTD: REF_EVENTS=05ADBBC4 FB_EVENTS=063500E0 REF_SEEN=00000001 FB_SEEN=00000001
EVENT_CHAIN_ARB: PENDING=00000000 GRANT=00000000
EVENT_CHAIN_TICS: NOW=25180C69 DMTD_REF_LAST=2D5FFF7E DMTD_FB_LAST=2D5FFF7E TAG_REF_LAST=2D5FFF7F TAG_FB_LAST=2D5FFF7F
EVENT_CHAIN_REQ: REF_COUNT=00000000 FB_COUNT=00000000 LAST=00000000
EVENT_CHAIN_LAST: GRANT=00000000 VALID=00000000 TRR=00000000
EVENT_CHAIN_DMTD_STATE: VALUE=0000000A REF_STATE=2 FB_STATE=2 REF_RESET=0 FB_RESET=0
EVENT_CHAIN_WR: SSTAT=00000001 PSTAT=00000001 LOCK_ENABLE=00000004 SPLL_STATE=00030009
EVENT_CHAIN_HELPER: STATE=00000000 ERROR=00000000 OUTPUT=00000000 REF_COUNT=00000000 TAG_COUNT=00000000 IRQ_COUNT=00000000 UPDATE_COUNT=00000000
EVENT_CHAIN_SAMPLE board=DE5 [1-11.2] label=END status=401084C1235082CF
EVENT_CHAIN_HW: CSR=01010000 ECCR=01000000 OCCR=00000000 RCER=00000001 OCER=00000001
EVENT_CHAIN_EIC: IDR=00000001 IER=00000000 IMR=00000001 ISR=00000000
EVENT_CHAIN_TRR: CSR=00020000 TAG_VALID=00000000 TRR_WRITE=00000000 TAG_SOURCE=0B19DBD2 REF=05ADBBC4 FEEDBACK=063500E0
EVENT_CHAIN_DMTD: REF_EVENTS=05ADBBC4 FB_EVENTS=063500E0 REF_SEEN=00000001 FB_SEEN=00000001
EVENT_CHAIN_ARB: PENDING=00000000 GRANT=00000000
EVENT_CHAIN_TICS: NOW=29C465DD DMTD_REF_LAST=2D5FFF7E DMTD_FB_LAST=2D5FFF7E TAG_REF_LAST=2D5FFF7F TAG_FB_LAST=2D5FFF7F
EVENT_CHAIN_REQ: REF_COUNT=00000000 FB_COUNT=00000000 LAST=00000000
EVENT_CHAIN_LAST: GRANT=00000000 VALID=00000000 TRR=00000000
EVENT_CHAIN_DMTD_STATE: VALUE=0000000A REF_STATE=2 FB_STATE=2 REF_RESET=0 FB_RESET=0
EVENT_CHAIN_WR: SSTAT=00000001 PSTAT=00000001 LOCK_ENABLE=00000004 SPLL_STATE=00030009
EVENT_CHAIN_HELPER: STATE=00000000 ERROR=00000000 OUTPUT=00000000 REF_COUNT=00000000 TAG_COUNT=00000000 IRQ_COUNT=00000000 UPDATE_COUNT=00000000
EVENT_CHAIN_DONE
Info (23030): Evaluation of Tcl script scripts/jtag/read_step4_event_chain.tcl was successful
Info: Quartus Prime SignalTap II was successful. 0 errors, 0 warnings
    Info: Peak virtual memory: 772 megabytes
    Info: Processing ended: Thu Aug 20 04:50:45 2026
    Info: Elapsed time: 00:00:04
    Info: Total CPU time (on all processors): 00:00:00
SERIES_RUN=4
Info: *******************************************************************
Info: Running Quartus Prime SignalTap II
    Info: Version 17.0.0 Build 595 04/25/2017 SJ Standard Edition
    Info: Copyright (C) 2017  Intel Corporation. All rights reserved.
    Info: Your use of Intel Corporation's design tools, logic functions 
    Info: and other software and tools, and its AMPP partner logic 
    Info: functions, and any output files from any of the foregoing 
    Info: (including device programming or simulation files), and any 
    Info: associated documentation or information are expressly subject 
    Info: to the terms and conditions of the Intel Program License 
    Info: Subscription Agreement, the Intel Quartus Prime License Agreement,
    Info: the Intel MegaCore Function License Agreement, or other 
    Info: applicable license agreement, including, without limitation, 
    Info: that your use is for the sole purpose of programming logic 
    Info: devices manufactured by Intel and sold by Intel or its 
    Info: authorized distributors.  Please refer to the applicable 
    Info: agreement for further details.
    Info: Processing started: Thu Aug 20 04:50:45 2026
Info: Command: quartus_stp -t scripts/jtag/read_step4_event_chain.tcl 1000
Info: Quartus(args): 1000
EVENT_CHAIN_CONFIG gap_ms=1000 trr_r0_read=disabled
=== DE5 [1-11.1] ===
EVENT_CHAIN_SAMPLE board=DE5 [1-11.1] label=BEGIN status=101E18C3247082FF
EVENT_CHAIN_HW: CSR=01010000 ECCR=01000000 OCCR=00000000 RCER=00000000 OCER=00000001
EVENT_CHAIN_EIC: IDR=00000001 IER=00000000 IMR=00000001 ISR=00000000
EVENT_CHAIN_TRR: CSR=00020000 TAG_VALID=00000000 TRR_WRITE=00000000 TAG_SOURCE=01348BEA REF=00ADC7FE FEEDBACK=009EAAEB
EVENT_CHAIN_DMTD: REF_EVENTS=00ADC7FE FB_EVENTS=00ADC7FE REF_SEEN=00000001 FB_SEEN=00000001
EVENT_CHAIN_ARB: PENDING=00000000 GRANT=00000000
EVENT_CHAIN_TICS: NOW=0C018346 DMTD_REF_LAST=048A9AB8 DMTD_FB_LAST=048A9AB9 TAG_REF_LAST=048A9AB9 TAG_FB_LAST=048A9ABC
EVENT_CHAIN_REQ: REF_COUNT=00000000 FB_COUNT=00000000 LAST=00000000
EVENT_CHAIN_LAST: GRANT=00000000 VALID=00000000 TRR=00000000
EVENT_CHAIN_DMTD_STATE: VALUE=0000000A REF_STATE=2 FB_STATE=2 REF_RESET=0 FB_RESET=0
EVENT_CHAIN_WR: SSTAT=00000000 PSTAT=00000001 LOCK_ENABLE=00000000 SPLL_STATE=00020009
EVENT_CHAIN_HELPER: STATE=00000100 ERROR=00000000 OUTPUT=00000000 REF_COUNT=00000000 TAG_COUNT=00000000 IRQ_COUNT=00000000 UPDATE_COUNT=00000000
EVENT_CHAIN_SAMPLE board=DE5 [1-11.1] label=END status=101E18C1245082FF
EVENT_CHAIN_HW: CSR=01010000 ECCR=01000000 OCCR=00000000 RCER=00000000 OCER=00000001
EVENT_CHAIN_EIC: IDR=00000001 IER=00000000 IMR=00000001 ISR=00000000
EVENT_CHAIN_TRR: CSR=00020000 TAG_VALID=00000000 TRR_WRITE=01348BEA TAG_SOURCE=00000000 REF=00ADC7FE FEEDBACK=009EAAEB
EVENT_CHAIN_DMTD: REF_EVENTS=00ADC7FE FB_EVENTS=009EAAEB REF_SEEN=00000001 FB_SEEN=00000001
EVENT_CHAIN_ARB: PENDING=00000000 GRANT=00000000
EVENT_CHAIN_TICS: NOW=10AF307F DMTD_REF_LAST=048A9AB8 DMTD_FB_LAST=048A9ABB TAG_REF_LAST=048A9AB9 TAG_FB_LAST=048A9ABC
EVENT_CHAIN_REQ: REF_COUNT=00000000 FB_COUNT=00000000 LAST=00000000
EVENT_CHAIN_LAST: GRANT=00000000 VALID=00000000 TRR=00000000
EVENT_CHAIN_DMTD_STATE: VALUE=0000000A REF_STATE=2 FB_STATE=2 REF_RESET=0 FB_RESET=0
EVENT_CHAIN_WR: SSTAT=00000000 PSTAT=00000001 LOCK_ENABLE=00000000 SPLL_STATE=00020009
EVENT_CHAIN_HELPER: STATE=00000100 ERROR=00000000 OUTPUT=00000000 REF_COUNT=00000000 TAG_COUNT=00000000 IRQ_COUNT=00000000 UPDATE_COUNT=00000000
=== DE5 [1-11.2] ===
EVENT_CHAIN_SAMPLE board=DE5 [1-11.2] label=BEGIN status=401084C1235082CF
EVENT_CHAIN_HW: CSR=01010000 ECCR=01000000 OCCR=00000000 RCER=00000001 OCER=00000001
EVENT_CHAIN_EIC: IDR=00000001 IER=00000000 IMR=00000001 ISR=00000000
EVENT_CHAIN_TRR: CSR=00020000 TAG_VALID=00000000 TRR_WRITE=00000000 TAG_SOURCE=0B19DBD2 REF=05ADBBC4 FEEDBACK=063500E0
EVENT_CHAIN_DMTD: REF_EVENTS=05ADBBC4 FB_EVENTS=063500E0 REF_SEEN=00000001 FB_SEEN=00000001
EVENT_CHAIN_ARB: PENDING=00000000 GRANT=00000000
EVENT_CHAIN_TICS: NOW=3266CEC8 DMTD_REF_LAST=2D5FFF7E DMTD_FB_LAST=2D5FFF7E TAG_REF_LAST=2D5FFF7F TAG_FB_LAST=2D5FFF7F
EVENT_CHAIN_REQ: REF_COUNT=00000000 FB_COUNT=00000000 LAST=00000000
EVENT_CHAIN_LAST: GRANT=00000000 VALID=00000000 TRR=00000000
EVENT_CHAIN_DMTD_STATE: VALUE=0000000A REF_STATE=2 FB_STATE=2 REF_RESET=0 FB_RESET=0
EVENT_CHAIN_WR: SSTAT=00000001 PSTAT=00000001 LOCK_ENABLE=00000004 SPLL_STATE=00030009
EVENT_CHAIN_HELPER: STATE=00000000 ERROR=00000000 OUTPUT=00000000 REF_COUNT=00000000 TAG_COUNT=00000000 IRQ_COUNT=00000000 UPDATE_COUNT=00000000
EVENT_CHAIN_SAMPLE board=DE5 [1-11.2] label=END status=40108441235082CF
EVENT_CHAIN_HW: CSR=01010000 ECCR=01000000 OCCR=00000000 RCER=00000001 OCER=00000001
EVENT_CHAIN_EIC: IDR=00000001 IER=00000000 IMR=00000001 ISR=00000000
EVENT_CHAIN_TRR: CSR=00020000 TAG_VALID=00000000 TRR_WRITE=00000000 TAG_SOURCE=0B19DBD2 REF=05ADBBC4 FEEDBACK=063500E0
EVENT_CHAIN_DMTD: REF_EVENTS=05ADBBC4 FB_EVENTS=063500E0 REF_SEEN=00000001 FB_SEEN=00000001
EVENT_CHAIN_ARB: PENDING=00000000 GRANT=00000000
EVENT_CHAIN_TICS: NOW=37142700 DMTD_REF_LAST=2D5FFF7E DMTD_FB_LAST=2D5FFF7E TAG_REF_LAST=2D5FFF7F TAG_FB_LAST=2D5FFF7F
EVENT_CHAIN_REQ: REF_COUNT=00000000 FB_COUNT=00000000 LAST=00000000
EVENT_CHAIN_LAST: GRANT=00000000 VALID=00000000 TRR=00000000
EVENT_CHAIN_DMTD_STATE: VALUE=0000000A REF_STATE=2 FB_STATE=2 REF_RESET=0 FB_RESET=0
EVENT_CHAIN_WR: SSTAT=00000001 PSTAT=00000001 LOCK_ENABLE=00000004 SPLL_STATE=00030009
EVENT_CHAIN_HELPER: STATE=00000000 ERROR=00000000 OUTPUT=00000000 REF_COUNT=00000000 TAG_COUNT=00000000 IRQ_COUNT=00000000 UPDATE_COUNT=00000000
EVENT_CHAIN_DONE
Info (23030): Evaluation of Tcl script scripts/jtag/read_step4_event_chain.tcl was successful
Info: Quartus Prime SignalTap II was successful. 0 errors, 0 warnings
    Info: Peak virtual memory: 772 megabytes
    Info: Processing ended: Thu Aug 20 04:50:48 2026
    Info: Elapsed time: 00:00:03
    Info: Total CPU time (on all processors): 00:00:00
SERIES_RUN=5
Info: *******************************************************************
Info: Running Quartus Prime SignalTap II
    Info: Version 17.0.0 Build 595 04/25/2017 SJ Standard Edition
    Info: Copyright (C) 2017  Intel Corporation. All rights reserved.
    Info: Your use of Intel Corporation's design tools, logic functions 
    Info: and other software and tools, and its AMPP partner logic 
    Info: functions, and any output files from any of the foregoing 
    Info: (including device programming or simulation files), and any 
    Info: associated documentation or information are expressly subject 
    Info: to the terms and conditions of the Intel Program License 
    Info: Subscription Agreement, the Intel Quartus Prime License Agreement,
    Info: the Intel MegaCore Function License Agreement, or other 
    Info: applicable license agreement, including, without limitation, 
    Info: that your use is for the sole purpose of programming logic 
    Info: devices manufactured by Intel and sold by Intel or its 
    Info: authorized distributors.  Please refer to the applicable 
    Info: agreement for further details.
    Info: Processing started: Thu Aug 20 04:50:49 2026
Info: Command: quartus_stp -t scripts/jtag/read_step4_event_chain.tcl 1000
Info: Quartus(args): 1000
EVENT_CHAIN_CONFIG gap_ms=1000 trr_r0_read=disabled
=== DE5 [1-11.1] ===
EVENT_CHAIN_SAMPLE board=DE5 [1-11.1] label=BEGIN status=101E18C1245082FF
EVENT_CHAIN_HW: CSR=01010000 ECCR=01000000 OCCR=00000000 RCER=00000000 OCER=00000001
EVENT_CHAIN_EIC: IDR=00000001 IER=00000000 IMR=00000001 ISR=00000000
EVENT_CHAIN_TRR: CSR=00020000 TAG_VALID=00000000 TRR_WRITE=00000000 TAG_SOURCE=01348BEA REF=00ADC7FE FEEDBACK=009EAAEB
EVENT_CHAIN_DMTD: REF_EVENTS=00ADC7FE FB_EVENTS=009EAAEB REF_SEEN=00000001 FB_SEEN=00000001
EVENT_CHAIN_ARB: PENDING=00000000 GRANT=00000000
EVENT_CHAIN_TICS: NOW=194F1981 DMTD_REF_LAST=048A9AB8 DMTD_FB_LAST=048A9ABB TAG_REF_LAST=048A9AB9 TAG_FB_LAST=048A9ABC
EVENT_CHAIN_REQ: REF_COUNT=00000000 FB_COUNT=00000000 LAST=00000000
EVENT_CHAIN_LAST: GRANT=00000000 VALID=00000000 TRR=00000000
EVENT_CHAIN_DMTD_STATE: VALUE=0000000A REF_STATE=2 FB_STATE=2 REF_RESET=0 FB_RESET=0
EVENT_CHAIN_WR: SSTAT=0000039F PSTAT=00000001 LOCK_ENABLE=00000000 SPLL_STATE=00020009
EVENT_CHAIN_HELPER: STATE=00000100 ERROR=00000000 OUTPUT=00000000 REF_COUNT=00000000 TAG_COUNT=00000000 IRQ_COUNT=00000000 UPDATE_COUNT=00000000
EVENT_CHAIN_SAMPLE board=DE5 [1-11.1] label=END status=101E1841245082FF
EVENT_CHAIN_HW: CSR=01010000 ECCR=01000000 OCCR=00000000 RCER=00000000 OCER=00000001
EVENT_CHAIN_EIC: IDR=00000001 IER=00000000 IMR=00000001 ISR=00000000
EVENT_CHAIN_TRR: CSR=00020000 TAG_VALID=00000000 TRR_WRITE=01348BEA TAG_SOURCE=01348BEA REF=00ADC7FE FEEDBACK=009EAAEB
EVENT_CHAIN_DMTD: REF_EVENTS=00ADC7FE FB_EVENTS=009EAAEB REF_SEEN=00000001 FB_SEEN=00000001
EVENT_CHAIN_ARB: PENDING=00000000 GRANT=00000000
EVENT_CHAIN_TICS: NOW=1DFA4DB2 DMTD_REF_LAST=048A9AB8 DMTD_FB_LAST=048A9ABB TAG_REF_LAST=048A9AB9 TAG_FB_LAST=048A9ABC
EVENT_CHAIN_REQ: REF_COUNT=00000000 FB_COUNT=00000000 LAST=00000000
EVENT_CHAIN_LAST: GRANT=00000000 VALID=00000000 TRR=0000000A
EVENT_CHAIN_DMTD_STATE: VALUE=0000000A REF_STATE=2 FB_STATE=2 REF_RESET=0 FB_RESET=0
EVENT_CHAIN_WR: SSTAT=00000000 PSTAT=00000001 LOCK_ENABLE=00000000 SPLL_STATE=00020009
EVENT_CHAIN_HELPER: STATE=00000100 ERROR=00000000 OUTPUT=00000000 REF_COUNT=00000000 TAG_COUNT=00000000 IRQ_COUNT=00000000 UPDATE_COUNT=00000000
=== DE5 [1-11.2] ===
EVENT_CHAIN_SAMPLE board=DE5 [1-11.2] label=BEGIN status=401084E133BC82CF
EVENT_CHAIN_HW: CSR=01010000 ECCR=01000000 OCCR=00000000 RCER=00000001 OCER=00000001
EVENT_CHAIN_EIC: IDR=00000001 IER=00000000 IMR=00000001 ISR=00000000
EVENT_CHAIN_TRR: CSR=00020000 TAG_VALID=00000000 TRR_WRITE=00000000 TAG_SOURCE=0B19DBD2 REF=05ADBBC4 FEEDBACK=063500E0
EVENT_CHAIN_DMTD: REF_EVENTS=05ADBBC4 FB_EVENTS=063500E0 REF_SEEN=00000001 FB_SEEN=00000001
EVENT_CHAIN_ARB: PENDING=00000000 GRANT=00000000
EVENT_CHAIN_TICS: NOW=3FAD63FF DMTD_REF_LAST=2D5FFF7E DMTD_FB_LAST=2D5FFF7E TAG_REF_LAST=2D5FFF7F TAG_FB_LAST=2D5FFF7F
EVENT_CHAIN_REQ: REF_COUNT=00000000 FB_COUNT=00000000 LAST=00000000
EVENT_CHAIN_LAST: GRANT=00000000 VALID=00000000 TRR=00000000
EVENT_CHAIN_DMTD_STATE: VALUE=0000000A REF_STATE=2 FB_STATE=2 REF_RESET=0 FB_RESET=0
EVENT_CHAIN_WR: SSTAT=00000001 PSTAT=00000001 LOCK_ENABLE=00000004 SPLL_STATE=00030009
EVENT_CHAIN_HELPER: STATE=00000000 ERROR=00000000 OUTPUT=00000000 REF_COUNT=00000000 TAG_COUNT=00000000 IRQ_COUNT=00000000 UPDATE_COUNT=00000000
EVENT_CHAIN_SAMPLE board=DE5 [1-11.2] label=END status=401084C1235082EF
EVENT_CHAIN_HW: CSR=01010000 ECCR=01000000 OCCR=00000000 RCER=00000001 OCER=00000001
EVENT_CHAIN_EIC: IDR=00000001 IER=00000000 IMR=00000001 ISR=00000000
EVENT_CHAIN_TRR: CSR=00020000 TAG_VALID=00000000 TRR_WRITE=00000000 TAG_SOURCE=0B19DBD2 REF=05ADBBC4 FEEDBACK=063500E0
EVENT_CHAIN_DMTD: REF_EVENTS=05ADBBC4 FB_EVENTS=063500E0 REF_SEEN=00000001 FB_SEEN=00000001
EVENT_CHAIN_ARB: PENDING=00000000 GRANT=00000000
EVENT_CHAIN_TICS: NOW=4459B634 DMTD_REF_LAST=2D5FFF7E DMTD_FB_LAST=2D5FFF7E TAG_REF_LAST=2D5FFF7F TAG_FB_LAST=2D5FFF7F
EVENT_CHAIN_REQ: REF_COUNT=00000000 FB_COUNT=00000000 LAST=00000000
EVENT_CHAIN_LAST: GRANT=00000000 VALID=00000000 TRR=00000000
EVENT_CHAIN_DMTD_STATE: VALUE=0000000A REF_STATE=2 FB_STATE=2 REF_RESET=0 FB_RESET=0
EVENT_CHAIN_WR: SSTAT=00000001 PSTAT=00000001 LOCK_ENABLE=00000004 SPLL_STATE=00030009
EVENT_CHAIN_HELPER: STATE=00000000 ERROR=00000000 OUTPUT=00000000 REF_COUNT=00000000 TAG_COUNT=00000000 IRQ_COUNT=00000000 UPDATE_COUNT=00000000
EVENT_CHAIN_DONE
Info (23030): Evaluation of Tcl script scripts/jtag/read_step4_event_chain.tcl was successful
Info: Quartus Prime SignalTap II was successful. 0 errors, 0 warnings
    Info: Peak virtual memory: 772 megabytes
    Info: Processing ended: Thu Aug 20 04:50:52 2026
    Info: Elapsed time: 00:00:03
    Info: Total CPU time (on all processors): 00:00:00
SERIES_RUN=6
Info: *******************************************************************
Info: Running Quartus Prime SignalTap II
    Info: Version 17.0.0 Build 595 04/25/2017 SJ Standard Edition
    Info: Copyright (C) 2017  Intel Corporation. All rights reserved.
    Info: Your use of Intel Corporation's design tools, logic functions 
    Info: and other software and tools, and its AMPP partner logic 
    Info: functions, and any output files from any of the foregoing 
    Info: (including device programming or simulation files), and any 
    Info: associated documentation or information are expressly subject 
    Info: to the terms and conditions of the Intel Program License 
    Info: Subscription Agreement, the Intel Quartus Prime License Agreement,
    Info: the Intel MegaCore Function License Agreement, or other 
    Info: applicable license agreement, including, without limitation, 
    Info: that your use is for the sole purpose of programming logic 
    Info: devices manufactured by Intel and sold by Intel or its 
    Info: authorized distributors.  Please refer to the applicable 
    Info: agreement for further details.
    Info: Processing started: Thu Aug 20 04:50:52 2026
Info: Command: quartus_stp -t scripts/jtag/read_step4_event_chain.tcl 1000
Info: Quartus(args): 1000
EVENT_CHAIN_CONFIG gap_ms=1000 trr_r0_read=disabled
=== DE5 [1-11.1] ===
EVENT_CHAIN_SAMPLE board=DE5 [1-11.1] label=BEGIN status=101E18C1245082FF
EVENT_CHAIN_HW: CSR=01010000 ECCR=01000000 OCCR=00000000 RCER=00000000 OCER=00000001
EVENT_CHAIN_EIC: IDR=00000001 IER=00000001 IMR=00000001 ISR=00000000
EVENT_CHAIN_TRR: CSR=00020000 TAG_VALID=00000000 TRR_WRITE=00000000 TAG_SOURCE=01348BEA REF=00ADC7FE FEEDBACK=009EAAEB
EVENT_CHAIN_DMTD: REF_EVENTS=00ADC7FE FB_EVENTS=009EAAEB REF_SEEN=00000001 FB_SEEN=00000001
EVENT_CHAIN_ARB: PENDING=00000000 GRANT=00000000
EVENT_CHAIN_TICS: NOW=2693F59E DMTD_REF_LAST=048A9AB8 DMTD_FB_LAST=048A9ABB TAG_REF_LAST=048A9AB9 TAG_FB_LAST=048A9ABC
EVENT_CHAIN_REQ: REF_COUNT=00000000 FB_COUNT=00000000 LAST=00000000
EVENT_CHAIN_LAST: GRANT=00000000 VALID=00000000 TRR=00000000
EVENT_CHAIN_DMTD_STATE: VALUE=0000000A REF_STATE=2 FB_STATE=2 REF_RESET=0 FB_RESET=0
EVENT_CHAIN_WR: SSTAT=00000000 PSTAT=00000001 LOCK_ENABLE=00000000 SPLL_STATE=00020009
EVENT_CHAIN_HELPER: STATE=00000100 ERROR=00000000 OUTPUT=00000000 REF_COUNT=00000000 TAG_COUNT=00000000 IRQ_COUNT=00000000 UPDATE_COUNT=00000000
EVENT_CHAIN_SAMPLE board=DE5 [1-11.1] label=END status=101E1843245082FF
EVENT_CHAIN_HW: CSR=01010000 ECCR=01000000 OCCR=00000000 RCER=00000000 OCER=00000001
EVENT_CHAIN_EIC: IDR=00000001 IER=00000000 IMR=00000001 ISR=00000000
EVENT_CHAIN_TRR: CSR=00000000 TAG_VALID=00000000 TRR_WRITE=00000000 TAG_SOURCE=01348BEA REF=00ADC7FE FEEDBACK=009EAAEB
EVENT_CHAIN_DMTD: REF_EVENTS=00ADC7FE FB_EVENTS=009EAAEB REF_SEEN=00000001 FB_SEEN=00000001
EVENT_CHAIN_ARB: PENDING=00000000 GRANT=00000000
EVENT_CHAIN_TICS: NOW=2B41AA6E DMTD_REF_LAST=048A9AB8 DMTD_FB_LAST=048A9ABB TAG_REF_LAST=048A9AB9 TAG_FB_LAST=048A9ABC
EVENT_CHAIN_REQ: REF_COUNT=00000000 FB_COUNT=00000000 LAST=00000000
EVENT_CHAIN_LAST: GRANT=00000000 VALID=00000000 TRR=00000000
EVENT_CHAIN_DMTD_STATE: VALUE=0000000A REF_STATE=2 FB_STATE=2 REF_RESET=0 FB_RESET=0
EVENT_CHAIN_WR: SSTAT=00000000 PSTAT=00000001 LOCK_ENABLE=00000000 SPLL_STATE=00020009
EVENT_CHAIN_HELPER: STATE=00000100 ERROR=00000000 OUTPUT=00000000 REF_COUNT=00000000 TAG_COUNT=00000000 IRQ_COUNT=00000000 UPDATE_COUNT=00000000
=== DE5 [1-11.2] ===
EVENT_CHAIN_SAMPLE board=DE5 [1-11.2] label=BEGIN status=401084C3235082CF
EVENT_CHAIN_HW: CSR=01010000 ECCR=01000000 OCCR=00000000 RCER=00000001 OCER=00000001
EVENT_CHAIN_EIC: IDR=00000001 IER=00000000 IMR=00000001 ISR=00000000
EVENT_CHAIN_TRR: CSR=00020000 TAG_VALID=00000000 TRR_WRITE=00000000 TAG_SOURCE=0B19DBD2 REF=05ADBBC4 FEEDBACK=063500E0
EVENT_CHAIN_DMTD: REF_EVENTS=05ADBBC4 FB_EVENTS=063500E0 REF_SEEN=00000001 FB_SEEN=00000001
EVENT_CHAIN_ARB: PENDING=00000000 GRANT=00000000
EVENT_CHAIN_TICS: NOW=4CF4E2D2 DMTD_REF_LAST=2D5FFF7E DMTD_FB_LAST=2D5FFF7E TAG_REF_LAST=2D5FFF7F TAG_FB_LAST=2D5FFF7F
EVENT_CHAIN_REQ: REF_COUNT=00000000 FB_COUNT=00000000 LAST=00000000
EVENT_CHAIN_LAST: GRANT=00000000 VALID=00000000 TRR=00000000
EVENT_CHAIN_DMTD_STATE: VALUE=0000000A REF_STATE=2 FB_STATE=2 REF_RESET=0 FB_RESET=0
EVENT_CHAIN_WR: SSTAT=00000001 PSTAT=00000001 LOCK_ENABLE=00000004 SPLL_STATE=00030009
EVENT_CHAIN_HELPER: STATE=00000000 ERROR=00000000 OUTPUT=00000000 REF_COUNT=00000000 TAG_COUNT=00000000 IRQ_COUNT=00000000 UPDATE_COUNT=00000000
EVENT_CHAIN_SAMPLE board=DE5 [1-11.2] label=END status=401084E133D082EF
EVENT_CHAIN_HW: CSR=01010000 ECCR=01000000 OCCR=00000000 RCER=00000001 OCER=00000001
EVENT_CHAIN_EIC: IDR=00000001 IER=00000000 IMR=00000001 ISR=00000000
EVENT_CHAIN_TRR: CSR=00020000 TAG_VALID=00000000 TRR_WRITE=00000000 TAG_SOURCE=0B19DBD2 REF=05ADBBC4 FEEDBACK=063500E0
EVENT_CHAIN_DMTD: REF_EVENTS=05ADBBC4 FB_EVENTS=063500E0 REF_SEEN=00000001 FB_SEEN=00000001
EVENT_CHAIN_ARB: PENDING=00000000 GRANT=00000000
EVENT_CHAIN_TICS: NOW=51A0D831 DMTD_REF_LAST=2D5FFF7E DMTD_FB_LAST=2D5FFF7E TAG_REF_LAST=2D5FFF7F TAG_FB_LAST=2D5FFF7F
EVENT_CHAIN_REQ: REF_COUNT=00000000 FB_COUNT=00000000 LAST=00000000
EVENT_CHAIN_LAST: GRANT=00000000 VALID=00000000 TRR=00000000
EVENT_CHAIN_DMTD_STATE: VALUE=0000000A REF_STATE=2 FB_STATE=2 REF_RESET=0 FB_RESET=0
EVENT_CHAIN_WR: SSTAT=00000001 PSTAT=00000001 LOCK_ENABLE=00000004 SPLL_STATE=00030009
EVENT_CHAIN_HELPER: STATE=00000000 ERROR=00000000 OUTPUT=00000000 REF_COUNT=00000000 TAG_COUNT=00000000 IRQ_COUNT=00000000 UPDATE_COUNT=00000000
EVENT_CHAIN_DONE
Info (23030): Evaluation of Tcl script scripts/jtag/read_step4_event_chain.tcl was successful
Info: Quartus Prime SignalTap II was successful. 0 errors, 0 warnings
    Info: Peak virtual memory: 772 megabytes
    Info: Processing ended: Thu Aug 20 04:50:55 2026
    Info: Elapsed time: 00:00:03
    Info: Total CPU time (on all processors): 00:00:00
SERIES_RUN=7
Info: *******************************************************************
Info: Running Quartus Prime SignalTap II
    Info: Version 17.0.0 Build 595 04/25/2017 SJ Standard Edition
    Info: Copyright (C) 2017  Intel Corporation. All rights reserved.
    Info: Your use of Intel Corporation's design tools, logic functions 
    Info: and other software and tools, and its AMPP partner logic 
    Info: functions, and any output files from any of the foregoing 
    Info: (including device programming or simulation files), and any 
    Info: associated documentation or information are expressly subject 
    Info: to the terms and conditions of the Intel Program License 
    Info: Subscription Agreement, the Intel Quartus Prime License Agreement,
    Info: the Intel MegaCore Function License Agreement, or other 
    Info: applicable license agreement, including, without limitation, 
    Info: that your use is for the sole purpose of programming logic 
    Info: devices manufactured by Intel and sold by Intel or its 
    Info: authorized distributors.  Please refer to the applicable 
    Info: agreement for further details.
    Info: Processing started: Thu Aug 20 04:50:56 2026
Info: Command: quartus_stp -t scripts/jtag/read_step4_event_chain.tcl 1000
Info: Quartus(args): 1000
EVENT_CHAIN_CONFIG gap_ms=1000 trr_r0_read=disabled
=== DE5 [1-11.1] ===
EVENT_CHAIN_SAMPLE board=DE5 [1-11.1] label=BEGIN status=101E18C1245082FF
EVENT_CHAIN_HW: CSR=01010000 ECCR=01000000 OCCR=00000000 RCER=00000000 OCER=00000001
EVENT_CHAIN_EIC: IDR=00000001 IER=00000000 IMR=00000001 ISR=00000000
EVENT_CHAIN_TRR: CSR=00020000 TAG_VALID=00000000 TRR_WRITE=00000000 TAG_SOURCE=01348BEA REF=00ADC7FE FEEDBACK=009EAAEB
EVENT_CHAIN_DMTD: REF_EVENTS=00ADC7FE FB_EVENTS=00ADC7FE REF_SEEN=00000001 FB_SEEN=00000001
EVENT_CHAIN_ARB: PENDING=00000000 GRANT=00000000
EVENT_CHAIN_TICS: NOW=33CA434F DMTD_REF_LAST=33CFA081 DMTD_FB_LAST=048A9ABB TAG_REF_LAST=048A9AB9 TAG_FB_LAST=048A9ABC
EVENT_CHAIN_REQ: REF_COUNT=00000000 FB_COUNT=00000000 LAST=00000000
EVENT_CHAIN_LAST: GRANT=00000000 VALID=00000000 TRR=00000000
EVENT_CHAIN_DMTD_STATE: VALUE=0000000A REF_STATE=2 FB_STATE=2 REF_RESET=0 FB_RESET=0
EVENT_CHAIN_WR: SSTAT=00000000 PSTAT=00000001 LOCK_ENABLE=00000000 SPLL_STATE=00020009
EVENT_CHAIN_HELPER: STATE=00000100 ERROR=00000000 OUTPUT=00000000 REF_COUNT=00000000 TAG_COUNT=00000000 IRQ_COUNT=00000000 UPDATE_COUNT=00000000
EVENT_CHAIN_SAMPLE board=DE5 [1-11.1] label=END status=101E1863349C82FF
EVENT_CHAIN_HW: CSR=01010000 ECCR=01000000 OCCR=00000000 RCER=00000000 OCER=00000001
EVENT_CHAIN_EIC: IDR=00000001 IER=00000000 IMR=00000001 ISR=00000000
EVENT_CHAIN_TRR: CSR=00020000 TAG_VALID=00000000 TRR_WRITE=00000000 TAG_SOURCE=01348BEA REF=00ADC7FE FEEDBACK=009EAAEB
EVENT_CHAIN_DMTD: REF_EVENTS=00ADC7FE FB_EVENTS=009EAAEB REF_SEEN=00000001 FB_SEEN=00000001
EVENT_CHAIN_ARB: PENDING=00000000 GRANT=00000000
EVENT_CHAIN_TICS: NOW=38766947 DMTD_REF_LAST=048A9AB8 DMTD_FB_LAST=048A9ABB TAG_REF_LAST=048A9AB9 TAG_FB_LAST=048A9ABC
EVENT_CHAIN_REQ: REF_COUNT=048A9ABC FB_COUNT=00000000 LAST=00000000
EVENT_CHAIN_LAST: GRANT=00000000 VALID=00000000 TRR=00000000
EVENT_CHAIN_DMTD_STATE: VALUE=0000000A REF_STATE=2 FB_STATE=2 REF_RESET=0 FB_RESET=0
EVENT_CHAIN_WR: SSTAT=00000000 PSTAT=00000001 LOCK_ENABLE=00000000 SPLL_STATE=00020009
EVENT_CHAIN_HELPER: STATE=00000100 ERROR=00000000 OUTPUT=00000000 REF_COUNT=00000000 TAG_COUNT=00000000 IRQ_COUNT=00000000 UPDATE_COUNT=00000000
=== DE5 [1-11.2] ===
EVENT_CHAIN_SAMPLE board=DE5 [1-11.2] label=BEGIN status=4010846123D082CF
EVENT_CHAIN_HW: CSR=01010000 ECCR=01000000 OCCR=00000000 RCER=00000001 OCER=00000001
EVENT_CHAIN_EIC: IDR=00000001 IER=00000000 IMR=00000001 ISR=00000000
EVENT_CHAIN_TRR: CSR=00020000 TAG_VALID=00000000 TRR_WRITE=00000000 TAG_SOURCE=0B19DBD2 REF=05ADBBC4 FEEDBACK=063500E0
EVENT_CHAIN_DMTD: REF_EVENTS=05ADBBC4 FB_EVENTS=063500E0 REF_SEEN=00000001 FB_SEEN=00000001
EVENT_CHAIN_ARB: PENDING=00000000 GRANT=00000000
EVENT_CHAIN_TICS: NOW=5A2CA936 DMTD_REF_LAST=2D5FFF7E DMTD_FB_LAST=2D5FFF7E TAG_REF_LAST=2D5FFF7F TAG_FB_LAST=2D5FFF7F
EVENT_CHAIN_REQ: REF_COUNT=00000000 FB_COUNT=00000000 LAST=00000000
EVENT_CHAIN_LAST: GRANT=00000000 VALID=00000000 TRR=00000000
EVENT_CHAIN_DMTD_STATE: VALUE=0000000A REF_STATE=2 FB_STATE=2 REF_RESET=0 FB_RESET=0
EVENT_CHAIN_WR: SSTAT=00000001 PSTAT=00000001 LOCK_ENABLE=00000004 SPLL_STATE=00030009
EVENT_CHAIN_HELPER: STATE=00000000 ERROR=00000000 OUTPUT=00000000 REF_COUNT=00000000 TAG_COUNT=00000000 IRQ_COUNT=00000000 UPDATE_COUNT=00000000
EVENT_CHAIN_SAMPLE board=DE5 [1-11.2] label=END status=4010846333BC82EF
EVENT_CHAIN_HW: CSR=01010000 ECCR=01000000 OCCR=00000000 RCER=00000001 OCER=00000001
EVENT_CHAIN_EIC: IDR=00000001 IER=00000000 IMR=00000001 ISR=00000000
EVENT_CHAIN_TRR: CSR=00020000 TAG_VALID=00000000 TRR_WRITE=00000000 TAG_SOURCE=0B19DBD2 REF=05ADBBC4 FEEDBACK=063500E0
EVENT_CHAIN_DMTD: REF_EVENTS=05ADBBC4 FB_EVENTS=063500E0 REF_SEEN=00000001 FB_SEEN=00000001
EVENT_CHAIN_ARB: PENDING=00000000 GRANT=00000000
EVENT_CHAIN_TICS: NOW=5ED9DC8E DMTD_REF_LAST=2D5FFF7E DMTD_FB_LAST=2D5FFF7E TAG_REF_LAST=2D5FFF7F TAG_FB_LAST=2D5FFF7F
EVENT_CHAIN_REQ: REF_COUNT=00000000 FB_COUNT=00000000 LAST=00000000
EVENT_CHAIN_LAST: GRANT=00000000 VALID=00000000 TRR=00000000
EVENT_CHAIN_DMTD_STATE: VALUE=0000000A REF_STATE=2 FB_STATE=2 REF_RESET=0 FB_RESET=0
EVENT_CHAIN_WR: SSTAT=00000001 PSTAT=00000001 LOCK_ENABLE=00000004 SPLL_STATE=00030009
EVENT_CHAIN_HELPER: STATE=00000000 ERROR=00000000 OUTPUT=00000000 REF_COUNT=00000000 TAG_COUNT=00000000 IRQ_COUNT=00000000 UPDATE_COUNT=00000000
EVENT_CHAIN_DONE
Info (23030): Evaluation of Tcl script scripts/jtag/read_step4_event_chain.tcl was successful
Info: Quartus Prime SignalTap II was successful. 0 errors, 0 warnings
    Info: Peak virtual memory: 772 megabytes
    Info: Processing ended: Thu Aug 20 04:50:59 2026
    Info: Elapsed time: 00:00:03
    Info: Total CPU time (on all processors): 00:00:00
SERIES_RUN=8
Info: *******************************************************************
Info: Running Quartus Prime SignalTap II
    Info: Version 17.0.0 Build 595 04/25/2017 SJ Standard Edition
    Info: Copyright (C) 2017  Intel Corporation. All rights reserved.
    Info: Your use of Intel Corporation's design tools, logic functions 
    Info: and other software and tools, and its AMPP partner logic 
    Info: functions, and any output files from any of the foregoing 
    Info: (including device programming or simulation files), and any 
    Info: associated documentation or information are expressly subject 
    Info: to the terms and conditions of the Intel Program License 
    Info: Subscription Agreement, the Intel Quartus Prime License Agreement,
    Info: the Intel MegaCore Function License Agreement, or other 
    Info: applicable license agreement, including, without limitation, 
    Info: that your use is for the sole purpose of programming logic 
    Info: devices manufactured by Intel and sold by Intel or its 
    Info: authorized distributors.  Please refer to the applicable 
    Info: agreement for further details.
    Info: Processing started: Thu Aug 20 04:50:59 2026
Info: Command: quartus_stp -t scripts/jtag/read_step4_event_chain.tcl 1000
Info: Quartus(args): 1000
EVENT_CHAIN_CONFIG gap_ms=1000 trr_r0_read=disabled
=== DE5 [1-11.1] ===
EVENT_CHAIN_SAMPLE board=DE5 [1-11.1] label=BEGIN status=101E18E134F082FF
EVENT_CHAIN_HW: CSR=01010000 ECCR=01000000 OCCR=00000000 RCER=00000000 OCER=00000001
EVENT_CHAIN_EIC: IDR=00000001 IER=00000000 IMR=00000001 ISR=00000000
EVENT_CHAIN_TRR: CSR=00020000 TAG_VALID=00000000 TRR_WRITE=00000000 TAG_SOURCE=01348BEA REF=00ADC7FE FEEDBACK=009EAAEB
EVENT_CHAIN_DMTD: REF_EVENTS=00ADC7FE FB_EVENTS=009EAAEB REF_SEEN=00000001 FB_SEEN=00000001
EVENT_CHAIN_ARB: PENDING=00000000 GRANT=00000000
EVENT_CHAIN_TICS: NOW=00000001 DMTD_REF_LAST=048A9AB8 DMTD_FB_LAST=048A9ABB TAG_REF_LAST=048A9AB9 TAG_FB_LAST=048A9ABC
EVENT_CHAIN_REQ: REF_COUNT=00000000 FB_COUNT=00000000 LAST=00000000
EVENT_CHAIN_LAST: GRANT=00000000 VALID=00000000 TRR=00000000
EVENT_CHAIN_DMTD_STATE: VALUE=0000000A REF_STATE=2 FB_STATE=2 REF_RESET=0 FB_RESET=0
EVENT_CHAIN_WR: SSTAT=00000000 PSTAT=00000001 LOCK_ENABLE=00000000 SPLL_STATE=00020009
EVENT_CHAIN_HELPER: STATE=00000100 ERROR=00000000 OUTPUT=00000000 REF_COUNT=00000000 TAG_COUNT=00000000 IRQ_COUNT=00000000 UPDATE_COUNT=00000000
EVENT_CHAIN_SAMPLE board=DE5 [1-11.1] label=END status=101E18E134BC82FF
EVENT_CHAIN_HW: CSR=01010000 ECCR=01000000 OCCR=00000000 RCER=00000000 OCER=00000001
EVENT_CHAIN_EIC: IDR=00000001 IER=00000000 IMR=00000001 ISR=00000001
EVENT_CHAIN_TRR: CSR=00020000 TAG_VALID=00000000 TRR_WRITE=00000000 TAG_SOURCE=01348BEA REF=00ADC7FE FEEDBACK=009EAAEB
EVENT_CHAIN_DMTD: REF_EVENTS=009EAAEB FB_EVENTS=009EAAEB REF_SEEN=00000001 FB_SEEN=00000001
EVENT_CHAIN_ARB: PENDING=00000000 GRANT=00000000
EVENT_CHAIN_TICS: NOW=45BB7992 DMTD_REF_LAST=45C0D87D DMTD_FB_LAST=048A9ABB TAG_REF_LAST=048A9AB9 TAG_FB_LAST=048A9ABC
EVENT_CHAIN_REQ: REF_COUNT=00000000 FB_COUNT=00000000 LAST=00000000
EVENT_CHAIN_LAST: GRANT=00000000 VALID=00000000 TRR=00000000
EVENT_CHAIN_DMTD_STATE: VALUE=00000000 REF_STATE=0 FB_STATE=0 REF_RESET=0 FB_RESET=0
EVENT_CHAIN_WR: SSTAT=00000000 PSTAT=00000001 LOCK_ENABLE=00000000 SPLL_STATE=00020009
EVENT_CHAIN_HELPER: STATE=00000100 ERROR=00000000 OUTPUT=00000000 REF_COUNT=00000000 TAG_COUNT=00000000 IRQ_COUNT=00000000 UPDATE_COUNT=00000000
=== DE5 [1-11.2] ===
EVENT_CHAIN_SAMPLE board=DE5 [1-11.2] label=BEGIN status=40108463333C82CF
EVENT_CHAIN_HW: CSR=01010000 ECCR=01000000 OCCR=00000000 RCER=00000001 OCER=00000001
EVENT_CHAIN_EIC: IDR=00000001 IER=00000000 IMR=00000001 ISR=00000000
EVENT_CHAIN_TRR: CSR=00020000 TAG_VALID=00000000 TRR_WRITE=00000000 TAG_SOURCE=0B19DBD2 REF=05ADBBC4 FEEDBACK=063500E0
EVENT_CHAIN_DMTD: REF_EVENTS=05ADBBC4 FB_EVENTS=063500E0 REF_SEEN=00000001 FB_SEEN=00000001
EVENT_CHAIN_ARB: PENDING=00000000 GRANT=00000000
EVENT_CHAIN_TICS: NOW=676E01CF DMTD_REF_LAST=2D5FFF7E DMTD_FB_LAST=2D5FFF7E TAG_REF_LAST=2D5FFF7F TAG_FB_LAST=2D5FFF7F
EVENT_CHAIN_REQ: REF_COUNT=00000000 FB_COUNT=00000000 LAST=00000000
EVENT_CHAIN_LAST: GRANT=00000000 VALID=00000000 TRR=00000000
EVENT_CHAIN_DMTD_STATE: VALUE=0000000A REF_STATE=2 FB_STATE=2 REF_RESET=0 FB_RESET=0
EVENT_CHAIN_WR: SSTAT=00000001 PSTAT=00000001 LOCK_ENABLE=00000004 SPLL_STATE=00030009
EVENT_CHAIN_HELPER: STATE=00000000 ERROR=00000000 OUTPUT=00000000 REF_COUNT=00000000 TAG_COUNT=00000000 IRQ_COUNT=00000000 UPDATE_COUNT=00000000
EVENT_CHAIN_SAMPLE board=DE5 [1-11.2] label=END status=401084E133BC82CF
EVENT_CHAIN_HW: CSR=01010000 ECCR=01000000 OCCR=00000000 RCER=00000001 OCER=00000001
EVENT_CHAIN_EIC: IDR=00000001 IER=00000000 IMR=00000001 ISR=00000000
EVENT_CHAIN_TRR: CSR=00020000 TAG_VALID=00000000 TRR_WRITE=00000000 TAG_SOURCE=0B19DBD2 REF=05ADBBC4 FEEDBACK=063500E0
EVENT_CHAIN_DMTD: REF_EVENTS=05ADBBC4 FB_EVENTS=063500E0 REF_SEEN=00000001 FB_SEEN=00000001
EVENT_CHAIN_ARB: PENDING=00000000 GRANT=00000000
EVENT_CHAIN_TICS: NOW=6C19D10C DMTD_REF_LAST=2D5FFF7E DMTD_FB_LAST=2D5FFF7E TAG_REF_LAST=2D5FFF7F TAG_FB_LAST=2D5FFF7F
EVENT_CHAIN_REQ: REF_COUNT=00000000 FB_COUNT=00000000 LAST=00000000
EVENT_CHAIN_LAST: GRANT=00000000 VALID=00000000 TRR=00000000
EVENT_CHAIN_DMTD_STATE: VALUE=0000000A REF_STATE=2 FB_STATE=2 REF_RESET=0 FB_RESET=0
EVENT_CHAIN_WR: SSTAT=00000001 PSTAT=00000001 LOCK_ENABLE=00000004 SPLL_STATE=00030009
EVENT_CHAIN_HELPER: STATE=00000000 ERROR=00000000 OUTPUT=00000000 REF_COUNT=00000000 TAG_COUNT=00000000 IRQ_COUNT=00000000 UPDATE_COUNT=00000000
EVENT_CHAIN_DONE
Info (23030): Evaluation of Tcl script scripts/jtag/read_step4_event_chain.tcl was successful
Info: Quartus Prime SignalTap II was successful. 0 errors, 0 warnings
    Info: Peak virtual memory: 772 megabytes
    Info: Processing ended: Thu Aug 20 04:51:03 2026
    Info: Elapsed time: 00:00:04
    Info: Total CPU time (on all processors): 00:00:00
SERIES_RUN=9
Info: *******************************************************************
Info: Running Quartus Prime SignalTap II
    Info: Version 17.0.0 Build 595 04/25/2017 SJ Standard Edition
    Info: Copyright (C) 2017  Intel Corporation. All rights reserved.
    Info: Your use of Intel Corporation's design tools, logic functions 
    Info: and other software and tools, and its AMPP partner logic 
    Info: functions, and any output files from any of the foregoing 
    Info: (including device programming or simulation files), and any 
    Info: associated documentation or information are expressly subject 
    Info: to the terms and conditions of the Intel Program License 
    Info: Subscription Agreement, the Intel Quartus Prime License Agreement,
    Info: the Intel MegaCore Function License Agreement, or other 
    Info: applicable license agreement, including, without limitation, 
    Info: that your use is for the sole purpose of programming logic 
    Info: devices manufactured by Intel and sold by Intel or its 
    Info: authorized distributors.  Please refer to the applicable 
    Info: agreement for further details.
    Info: Processing started: Thu Aug 20 04:51:03 2026
Info: Command: quartus_stp -t scripts/jtag/read_step4_event_chain.tcl 1000
Info: Quartus(args): 1000
EVENT_CHAIN_CONFIG gap_ms=1000 trr_r0_read=disabled
=== DE5 [1-11.1] ===
EVENT_CHAIN_SAMPLE board=DE5 [1-11.1] label=BEGIN status=101E1841247082FF
EVENT_CHAIN_HW: CSR=01010000 ECCR=01000000 OCCR=00000000 RCER=00000000 OCER=00000001
EVENT_CHAIN_EIC: IDR=00000001 IER=00000000 IMR=00000001 ISR=00000000
EVENT_CHAIN_TRR: CSR=00020000 TAG_VALID=00000000 TRR_WRITE=00000000 TAG_SOURCE=01348BEA REF=00ADC7FE FEEDBACK=009EAAEB
EVENT_CHAIN_DMTD: REF_EVENTS=00ADC7FE FB_EVENTS=009EAAEB REF_SEEN=00000001 FB_SEEN=00000001
EVENT_CHAIN_ARB: PENDING=00000000 GRANT=00000000
EVENT_CHAIN_TICS: NOW=4E598F90 DMTD_REF_LAST=048A9AB8 DMTD_FB_LAST=048A9ABB TAG_REF_LAST=048A9AB9 TAG_FB_LAST=048A9ABC
EVENT_CHAIN_REQ: REF_COUNT=00000000 FB_COUNT=00000000 LAST=00000000
EVENT_CHAIN_LAST: GRANT=00000000 VALID=00000000 TRR=00000000
EVENT_CHAIN_DMTD_STATE: VALUE=0000000A REF_STATE=2 FB_STATE=2 REF_RESET=0 FB_RESET=0
EVENT_CHAIN_WR: SSTAT=00000000 PSTAT=00000001 LOCK_ENABLE=00000000 SPLL_STATE=00020009
EVENT_CHAIN_HELPER: STATE=00000100 ERROR=00000000 OUTPUT=00000000 REF_COUNT=00000000 TAG_COUNT=00000000 IRQ_COUNT=00000000 UPDATE_COUNT=00000000
EVENT_CHAIN_SAMPLE board=DE5 [1-11.1] label=END status=101E186334BC82FF
EVENT_CHAIN_HW: CSR=01010000 ECCR=01000000 OCCR=00000000 RCER=00000000 OCER=00000001
EVENT_CHAIN_EIC: IDR=00000001 IER=00000001 IMR=00000001 ISR=00000000
EVENT_CHAIN_TRR: CSR=00020000 TAG_VALID=00000000 TRR_WRITE=00000000 TAG_SOURCE=01348BEA REF=00ADC7FE FEEDBACK=009EAAEB
EVENT_CHAIN_DMTD: REF_EVENTS=00ADC7FE FB_EVENTS=009EAAEB REF_SEEN=00000001 FB_SEEN=00000001
EVENT_CHAIN_ARB: PENDING=00000000 GRANT=00000000
EVENT_CHAIN_TICS: NOW=53058C80 DMTD_REF_LAST=048A9AB8 DMTD_FB_LAST=048A9ABB TAG_REF_LAST=048A9AB9 TAG_FB_LAST=048A9ABC
EVENT_CHAIN_REQ: REF_COUNT=00000000 FB_COUNT=00000000 LAST=00000000
EVENT_CHAIN_LAST: GRANT=00000000 VALID=00000000 TRR=00000000
EVENT_CHAIN_DMTD_STATE: VALUE=0000000A REF_STATE=2 FB_STATE=2 REF_RESET=0 FB_RESET=0
EVENT_CHAIN_WR: SSTAT=00000000 PSTAT=00000001 LOCK_ENABLE=00000000 SPLL_STATE=00020009
EVENT_CHAIN_HELPER: STATE=00000100 ERROR=00000000 OUTPUT=00000000 REF_COUNT=00000000 TAG_COUNT=00000000 IRQ_COUNT=00000000 UPDATE_COUNT=00000000
=== DE5 [1-11.2] ===
EVENT_CHAIN_SAMPLE board=DE5 [1-11.2] label=BEGIN status=401084C1235082CF
EVENT_CHAIN_HW: CSR=01010000 ECCR=01000000 OCCR=00000000 RCER=00000001 OCER=00000001
EVENT_CHAIN_EIC: IDR=00000001 IER=00000000 IMR=00000001 ISR=00000000
EVENT_CHAIN_TRR: CSR=00020000 TAG_VALID=00000000 TRR_WRITE=00000000 TAG_SOURCE=0B19DBD2 REF=05ADBBC4 FEEDBACK=063500E0
EVENT_CHAIN_DMTD: REF_EVENTS=05ADBBC4 FB_EVENTS=063500E0 REF_SEEN=00000001 FB_SEEN=00000001
EVENT_CHAIN_ARB: PENDING=00000000 GRANT=00000000
EVENT_CHAIN_TICS: NOW=74B72265 DMTD_REF_LAST=2D5FFF7E DMTD_FB_LAST=2D5FFF7E TAG_REF_LAST=2D5FFF7F TAG_FB_LAST=2D5FFF7F
EVENT_CHAIN_REQ: REF_COUNT=00000000 FB_COUNT=00000000 LAST=00000000
EVENT_CHAIN_LAST: GRANT=00000000 VALID=00000000 TRR=00000000
EVENT_CHAIN_DMTD_STATE: VALUE=0000000A REF_STATE=2 FB_STATE=2 REF_RESET=0 FB_RESET=0
EVENT_CHAIN_WR: SSTAT=00000001 PSTAT=00000001 LOCK_ENABLE=00000004 SPLL_STATE=00030009
EVENT_CHAIN_HELPER: STATE=00000000 ERROR=00000000 OUTPUT=00000000 REF_COUNT=00000000 TAG_COUNT=00000000 IRQ_COUNT=00000000 UPDATE_COUNT=00000000
EVENT_CHAIN_SAMPLE board=DE5 [1-11.2] label=END status=401084E133BC82CF
EVENT_CHAIN_HW: CSR=01010000 ECCR=01000000 OCCR=00000000 RCER=00000001 OCER=00000001
EVENT_CHAIN_EIC: IDR=00000001 IER=00000000 IMR=00000001 ISR=00000000
EVENT_CHAIN_TRR: CSR=00020000 TAG_VALID=00000000 TRR_WRITE=00000000 TAG_SOURCE=0B19DBD2 REF=05ADBBC4 FEEDBACK=063500E0
EVENT_CHAIN_DMTD: REF_EVENTS=05ADBBC4 FB_EVENTS=063500E0 REF_SEEN=00000001 FB_SEEN=00000001
EVENT_CHAIN_ARB: PENDING=00000000 GRANT=00000000
EVENT_CHAIN_TICS: NOW=7962F7BD DMTD_REF_LAST=2D5FFF7E DMTD_FB_LAST=2D5FFF7E TAG_REF_LAST=2D5FFF7F TAG_FB_LAST=2D5FFF7F
EVENT_CHAIN_REQ: REF_COUNT=00000000 FB_COUNT=00000000 LAST=00000000
EVENT_CHAIN_LAST: GRANT=00000000 VALID=00000000 TRR=00000000
EVENT_CHAIN_DMTD_STATE: VALUE=0000000A REF_STATE=2 FB_STATE=2 REF_RESET=0 FB_RESET=0
EVENT_CHAIN_WR: SSTAT=00000001 PSTAT=00000001 LOCK_ENABLE=00000004 SPLL_STATE=00030009
EVENT_CHAIN_HELPER: STATE=00000000 ERROR=00000000 OUTPUT=00000000 REF_COUNT=00000000 TAG_COUNT=00000000 IRQ_COUNT=00000000 UPDATE_COUNT=00000000
EVENT_CHAIN_DONE
Info (23030): Evaluation of Tcl script scripts/jtag/read_step4_event_chain.tcl was successful
Info: Quartus Prime SignalTap II was successful. 0 errors, 0 warnings
    Info: Peak virtual memory: 772 megabytes
    Info: Processing ended: Thu Aug 20 04:51:06 2026
    Info: Elapsed time: 00:00:03
    Info: Total CPU time (on all processors): 00:00:00
SERIES_RUN=10
Info: *******************************************************************
Info: Running Quartus Prime SignalTap II
    Info: Version 17.0.0 Build 595 04/25/2017 SJ Standard Edition
    Info: Copyright (C) 2017  Intel Corporation. All rights reserved.
    Info: Your use of Intel Corporation's design tools, logic functions 
    Info: and other software and tools, and its AMPP partner logic 
    Info: functions, and any output files from any of the foregoing 
    Info: (including device programming or simulation files), and any 
    Info: associated documentation or information are expressly subject 
    Info: to the terms and conditions of the Intel Program License 
    Info: Subscription Agreement, the Intel Quartus Prime License Agreement,
    Info: the Intel MegaCore Function License Agreement, or other 
    Info: applicable license agreement, including, without limitation, 
    Info: that your use is for the sole purpose of programming logic 
    Info: devices manufactured by Intel and sold by Intel or its 
    Info: authorized distributors.  Please refer to the applicable 
    Info: agreement for further details.
    Info: Processing started: Thu Aug 20 04:51:06 2026
Info: Command: quartus_stp -t scripts/jtag/read_step4_event_chain.tcl 1000
Info: Quartus(args): 1000
EVENT_CHAIN_CONFIG gap_ms=1000 trr_r0_read=disabled
=== DE5 [1-11.1] ===
EVENT_CHAIN_SAMPLE board=DE5 [1-11.1] label=BEGIN status=101E1841247082FF
EVENT_CHAIN_HW: CSR=01010000 ECCR=01000000 OCCR=00000000 RCER=00000000 OCER=00000001
EVENT_CHAIN_EIC: IDR=00000001 IER=00000000 IMR=00000001 ISR=00000001
EVENT_CHAIN_TRR: CSR=00020000 TAG_VALID=00000000 TRR_WRITE=00000000 TAG_SOURCE=01348BEA REF=00ADC7FE FEEDBACK=009EAAEB
EVENT_CHAIN_DMTD: REF_EVENTS=00ADC7FE FB_EVENTS=009EAAEB REF_SEEN=00000001 FB_SEEN=00000001
EVENT_CHAIN_ARB: PENDING=00000000 GRANT=00000000
EVENT_CHAIN_TICS: NOW=5BA4DC87 DMTD_REF_LAST=5BAA394C DMTD_FB_LAST=048A9ABB TAG_REF_LAST=048A9AB9 TAG_FB_LAST=048A9ABC
EVENT_CHAIN_REQ: REF_COUNT=00000000 FB_COUNT=00000000 LAST=00000000
EVENT_CHAIN_LAST: GRANT=00000000 VALID=00000000 TRR=00000000
EVENT_CHAIN_DMTD_STATE: VALUE=0000000A REF_STATE=2 FB_STATE=2 REF_RESET=0 FB_RESET=0
EVENT_CHAIN_WR: SSTAT=00000000 PSTAT=00000001 LOCK_ENABLE=00000000 SPLL_STATE=00020009
EVENT_CHAIN_HELPER: STATE=00000100 ERROR=00000000 OUTPUT=00000000 REF_COUNT=00000000 TAG_COUNT=00000000 IRQ_COUNT=00000000 UPDATE_COUNT=00000000
EVENT_CHAIN_SAMPLE board=DE5 [1-11.1] label=END status=101E1841245082FF
EVENT_CHAIN_HW: CSR=01010000 ECCR=01000000 OCCR=00000000 RCER=00000000 OCER=00000001
EVENT_CHAIN_EIC: IDR=00000001 IER=00000000 IMR=00000001 ISR=00000000
EVENT_CHAIN_TRR: CSR=00020000 TAG_VALID=00000000 TRR_WRITE=00000000 TAG_SOURCE=01348BEA REF=00ADC7FE FEEDBACK=009EAAEB
EVENT_CHAIN_DMTD: REF_EVENTS=00ADC7FE FB_EVENTS=009EAAEB REF_SEEN=00000001 FB_SEEN=00000001
EVENT_CHAIN_ARB: PENDING=00000000 GRANT=00000000
EVENT_CHAIN_TICS: NOW=60505C2F DMTD_REF_LAST=048A9AB8 DMTD_FB_LAST=048A9ABB TAG_REF_LAST=048A9AB9 TAG_FB_LAST=048A9ABC
EVENT_CHAIN_REQ: REF_COUNT=00000000 FB_COUNT=00000000 LAST=00000000
EVENT_CHAIN_LAST: GRANT=00000000 VALID=00000000 TRR=00000000
EVENT_CHAIN_DMTD_STATE: VALUE=0000000A REF_STATE=2 FB_STATE=2 REF_RESET=0 FB_RESET=0
EVENT_CHAIN_WR: SSTAT=00000000 PSTAT=00000001 LOCK_ENABLE=00000000 SPLL_STATE=00020009
EVENT_CHAIN_HELPER: STATE=00000100 ERROR=00000000 OUTPUT=00000000 REF_COUNT=00000000 TAG_COUNT=00000000 IRQ_COUNT=00000000 UPDATE_COUNT=00000000
=== DE5 [1-11.2] ===
EVENT_CHAIN_SAMPLE board=DE5 [1-11.2] label=BEGIN status=401084E133BC82EF
EVENT_CHAIN_HW: CSR=01010000 ECCR=01000000 OCCR=00000000 RCER=00000001 OCER=00000001
EVENT_CHAIN_EIC: IDR=00000001 IER=00000000 IMR=00000001 ISR=00000000
EVENT_CHAIN_TRR: CSR=00020000 TAG_VALID=00000000 TRR_WRITE=00000000 TAG_SOURCE=0B19DBD2 REF=05ADBBC4 FEEDBACK=063500E0
EVENT_CHAIN_DMTD: REF_EVENTS=05ADBBC4 FB_EVENTS=063500E0 REF_SEEN=00000001 FB_SEEN=00000001
EVENT_CHAIN_ARB: PENDING=00000000 GRANT=00000000
EVENT_CHAIN_TICS: NOW=8203BE5F DMTD_REF_LAST=2D5FFF7E DMTD_FB_LAST=2D5FFF7E TAG_REF_LAST=2D5FFF7F TAG_FB_LAST=2D5FFF7F
EVENT_CHAIN_REQ: REF_COUNT=00000000 FB_COUNT=00000000 LAST=00000000
EVENT_CHAIN_LAST: GRANT=00000000 VALID=00000000 TRR=00000000
EVENT_CHAIN_DMTD_STATE: VALUE=0000000A REF_STATE=2 FB_STATE=2 REF_RESET=0 FB_RESET=0
EVENT_CHAIN_WR: SSTAT=00000001 PSTAT=00000001 LOCK_ENABLE=00000004 SPLL_STATE=00030009
EVENT_CHAIN_HELPER: STATE=00000000 ERROR=00000000 OUTPUT=00000000 REF_COUNT=00000000 TAG_COUNT=00000000 IRQ_COUNT=00000000 UPDATE_COUNT=00000000
EVENT_CHAIN_SAMPLE board=DE5 [1-11.2] label=END status=401084E133BC82CF
EVENT_CHAIN_HW: CSR=01010000 ECCR=01000000 OCCR=00000000 RCER=00000001 OCER=00000001
EVENT_CHAIN_EIC: IDR=00000001 IER=00000000 IMR=00000001 ISR=00000000
EVENT_CHAIN_TRR: CSR=00020000 TAG_VALID=00000000 TRR_WRITE=00000000 TAG_SOURCE=0B19DBD2 REF=05ADBBC4 FEEDBACK=063500E0
EVENT_CHAIN_DMTD: REF_EVENTS=05ADBBC4 FB_EVENTS=063500E0 REF_SEEN=00000001 FB_SEEN=00000001
EVENT_CHAIN_ARB: PENDING=00000000 GRANT=00000000
EVENT_CHAIN_TICS: NOW=86B06BBD DMTD_REF_LAST=2D5FFF7E DMTD_FB_LAST=2D5FFF7E TAG_REF_LAST=2D5FFF7F TAG_FB_LAST=2D5FFF7F
EVENT_CHAIN_REQ: REF_COUNT=00000000 FB_COUNT=00000000 LAST=00000000
EVENT_CHAIN_LAST: GRANT=00000000 VALID=00000000 TRR=00000000
EVENT_CHAIN_DMTD_STATE: VALUE=0000000A REF_STATE=2 FB_STATE=2 REF_RESET=0 FB_RESET=0
EVENT_CHAIN_WR: SSTAT=00000001 PSTAT=00000001 LOCK_ENABLE=00000004 SPLL_STATE=00030009
EVENT_CHAIN_HELPER: STATE=00000000 ERROR=00000000 OUTPUT=00000000 REF_COUNT=00000000 TAG_COUNT=00000000 IRQ_COUNT=00000000 UPDATE_COUNT=00000000
EVENT_CHAIN_DONE
Info (23030): Evaluation of Tcl script scripts/jtag/read_step4_event_chain.tcl was successful
Info: Quartus Prime SignalTap II was successful. 0 errors, 0 warnings
    Info: Peak virtual memory: 772 megabytes
    Info: Processing ended: Thu Aug 20 04:51:10 2026
    Info: Elapsed time: 00:00:04
    Info: Total CPU time (on all processors): 00:00:00
