Info: *******************************************************************
Info: Running Quartus Prime SignalTap II
    Info: Version 17.0.0 Build 595 04/25/2017 SJ Standard Edition
    Info: Copyright (C) 2017  Intel Corporation. All rights reserved.
    Info: Your use of Intel Corporation's design tools, logic functions 
    Info: and other software and tools, and its AMPP partner logic 
    Info: functions, and any output files from any of the foregoing 
    Info: (including device programming or simulation files), and any 
    Info: associated documentation or information are expressly subject 
    Info: to the terms and conditions of the Intel Program License 
    Info: Subscription Agreement, the Intel Quartus Prime License Agreement,
    Info: the Intel MegaCore Function License Agreement, or other 
    Info: applicable license agreement, including, without limitation, 
    Info: that your use is for the sole purpose of programming logic 
    Info: devices manufactured by Intel and sold by Intel or its 
    Info: authorized distributors.  Please refer to the applicable 
    Info: agreement for further details.
    Info: Processing started: Mon Oct  5 15:01:15 2026
Info: Command: quartus_stp -t scripts/jtag/read_step6_global_time_observability.tcl 1000 250 
Info: Quartus(args): 1000 250 {}
GLOBAL_TIME_CONFIG duration_ms=1000 sample_ms=250 board_filter= reference_clock_hz=125000000
=== DE5 [1-11.1] ===
GLOBAL_TIME_DEVICE device=@1: 10AX115H(1|2|2E2|2ES|3|3E3)/.. (0x02E660DD)
GLOBAL_TIME_SAMPLE board=DE5 [1-11.1] sample=0 elapsed_ms=0 RAW_LIVE=39238250000000D9 RAW0=73593F00000000D8 RAW1_BEFORE=0000000000006CF7 RAW1_AFTER=0000000000006CF7 STABLE=1 SNAPSHOT_VALID=1 SNAPSHOT_TIME_VALID=1 SNAPSHOT_PPS_VALID=1 SNAPSHOT_COUNT=217 TAI=216 CYCLES=124999999 LIVE_TAI_LO=217 LIVE_CYCLES=59914277 STATUS_RAW=C142446137BC82FF STATUS_SI_CONFIG=1 STATUS_PHY_READY=1 STATUS_TM_LINK_UP=1 STATUS_LINK_OK=1 STATUS_TIME_VALID=1 STATUS_PPS_VALID=1 STATUS_RX_READY=1 STATUS_TX_READY=1 STATUS_CPU_RESET_N=1
GLOBAL_TIME_SAMPLE board=DE5 [1-11.1] sample=1 elapsed_ms=252 RAW_LIVE=5759E660000000D9 RAW0=73593F00000000D8 RAW1_BEFORE=0000000000006CF7 RAW1_AFTER=0000000000006CF7 STABLE=1 SNAPSHOT_VALID=1 SNAPSHOT_TIME_VALID=1 SNAPSHOT_PPS_VALID=1 SNAPSHOT_COUNT=217 TAI=216 CYCLES=124999999 LIVE_TAI_LO=217 LIVE_CYCLES=91594342 STATUS_RAW=414244E137BC82FF STATUS_SI_CONFIG=1 STATUS_PHY_READY=1 STATUS_TM_LINK_UP=1 STATUS_LINK_OK=1 STATUS_TIME_VALID=1 STATUS_PPS_VALID=1 STATUS_RX_READY=1 STATUS_TX_READY=1 STATUS_CPU_RESET_N=1
GLOBAL_TIME_SAMPLE board=DE5 [1-11.1] sample=2 elapsed_ms=506 RAW_LIVE=759D3E90000000D9 RAW0=73593F00000000D8 RAW1_BEFORE=0000000000006CF7 RAW1_AFTER=0000000000006CF7 STABLE=1 SNAPSHOT_VALID=1 SNAPSHOT_TIME_VALID=1 SNAPSHOT_PPS_VALID=1 SNAPSHOT_COUNT=217 TAI=216 CYCLES=124999999 LIVE_TAI_LO=217 LIVE_CYCLES=123327465 STATUS_RAW=21424461371882FF STATUS_SI_CONFIG=1 STATUS_PHY_READY=1 STATUS_TM_LINK_UP=1 STATUS_LINK_OK=1 STATUS_TIME_VALID=1 STATUS_PPS_VALID=1 STATUS_RX_READY=1 STATUS_TX_READY=1 STATUS_CPU_RESET_N=1
GLOBAL_TIME_SAMPLE board=DE5 [1-11.1] sample=3 elapsed_ms=760 RAW_LIVE=1CB0A700000000DA RAW0=73593F00000000D9 RAW1_BEFORE=0000000000006D77 RAW1_AFTER=0000000000006D77 STABLE=1 SNAPSHOT_VALID=1 SNAPSHOT_TIME_VALID=1 SNAPSHOT_PPS_VALID=1 SNAPSHOT_COUNT=218 TAI=217 CYCLES=124999999 LIVE_TAI_LO=218 LIVE_CYCLES=30083696 STATUS_RAW=E1424461375882FF STATUS_SI_CONFIG=1 STATUS_PHY_READY=1 STATUS_TM_LINK_UP=1 STATUS_LINK_OK=1 STATUS_TIME_VALID=1 STATUS_PPS_VALID=1 STATUS_RX_READY=1 STATUS_TX_READY=1 STATUS_CPU_RESET_N=1
GLOBAL_TIME_DONE board=DE5 [1-11.1] samples=4 elapsed_ms=1015
=== DE5 [1-11.2] ===
GLOBAL_TIME_DEVICE device=@1: 10AX115H(1|2|2E2|2ES|3|3E3)/.. (0x02E660DD)
GLOBAL_TIME_SAMPLE board=DE5 [1-11.2] sample=0 elapsed_ms=1 RAW_LIVE=4F41A820000000DA RAW0=0000000000000000 RAW1_BEFORE=0000000000000000 RAW1_AFTER=0000000000000000 STABLE=1 SNAPSHOT_VALID=0 SNAPSHOT_TIME_VALID=0 SNAPSHOT_PPS_VALID=0 SNAPSHOT_COUNT=0 TAI=0 CYCLES=0 LIVE_TAI_LO=218 LIVE_CYCLES=83106434 STATUS_RAW=BE42A86135BC82EF STATUS_SI_CONFIG=1 STATUS_PHY_READY=1 STATUS_TM_LINK_UP=1 STATUS_LINK_OK=1 STATUS_TIME_VALID=0 STATUS_PPS_VALID=1 STATUS_RX_READY=1 STATUS_TX_READY=1 STATUS_CPU_RESET_N=1
GLOBAL_TIME_SAMPLE board=DE5 [1-11.2] sample=1 elapsed_ms=253 RAW_LIVE=6D746EB0000000DA RAW0=0000000000000000 RAW1_BEFORE=0000000000000000 RAW1_AFTER=0000000000000000 STABLE=1 SNAPSHOT_VALID=0 SNAPSHOT_TIME_VALID=0 SNAPSHOT_PPS_VALID=0 SNAPSHOT_COUNT=0 TAI=0 CYCLES=0 LIVE_TAI_LO=218 LIVE_CYCLES=114771691 STATUS_RAW=5942A8C1255082EF STATUS_SI_CONFIG=1 STATUS_PHY_READY=1 STATUS_TM_LINK_UP=1 STATUS_LINK_OK=1 STATUS_TIME_VALID=0 STATUS_PPS_VALID=1 STATUS_RX_READY=1 STATUS_TX_READY=1 STATUS_CPU_RESET_N=1
GLOBAL_TIME_SAMPLE board=DE5 [1-11.2] sample=2 elapsed_ms=507 RAW_LIVE=1493EDC0000000DB RAW0=0000000000000000 RAW1_BEFORE=0000000000000000 RAW1_AFTER=0000000000000000 STABLE=1 SNAPSHOT_VALID=0 SNAPSHOT_TIME_VALID=0 SNAPSHOT_PPS_VALID=0 SNAPSHOT_COUNT=0 TAI=0 CYCLES=0 LIVE_TAI_LO=219 LIVE_CYCLES=21577436 STATUS_RAW=9F42A8C1255082EF STATUS_SI_CONFIG=1 STATUS_PHY_READY=1 STATUS_TM_LINK_UP=1 STATUS_LINK_OK=1 STATUS_TIME_VALID=0 STATUS_PPS_VALID=1 STATUS_RX_READY=1 STATUS_TX_READY=1 STATUS_CPU_RESET_N=1
GLOBAL_TIME_SAMPLE board=DE5 [1-11.2] sample=3 elapsed_ms=762 RAW_LIVE=32E78BF0000000DB RAW0=0000000000000000 RAW1_BEFORE=0000000000000000 RAW1_AFTER=0000000000000000 STABLE=1 SNAPSHOT_VALID=0 SNAPSHOT_TIME_VALID=0 SNAPSHOT_PPS_VALID=0 SNAPSHOT_COUNT=0 TAI=0 CYCLES=0 LIVE_TAI_LO=219 LIVE_CYCLES=53377215 STATUS_RAW=2E42A8C1255082EF STATUS_SI_CONFIG=1 STATUS_PHY_READY=1 STATUS_TM_LINK_UP=1 STATUS_LINK_OK=1 STATUS_TIME_VALID=0 STATUS_PPS_VALID=1 STATUS_RX_READY=1 STATUS_TX_READY=1 STATUS_CPU_RESET_N=1
GLOBAL_TIME_DONE board=DE5 [1-11.2] samples=4 elapsed_ms=1016
Info (23030): Evaluation of Tcl script scripts/jtag/read_step6_global_time_observability.tcl was successful
Info: Quartus Prime SignalTap II was successful. 0 errors, 0 warnings
    Info: Peak virtual memory: 772 megabytes
    Info: Processing ended: Mon Oct  5 15:01:17 2026
    Info: Elapsed time: 00:00:02
    Info: Total CPU time (on all processors): 00:00:00
