2026-09-29T13:39:56.595450473Z	CAPTURE_META mode=smoke samples_per_board=5 gap_ms=0 retries=2 hard_timeout_seconds=1800
2026-09-29T13:39:56.598094022Z	CAPTURE_START_UTC=2026-09-29T13:39:56,595179450+00:00
2026-09-29T13:39:57.738942359Z	Info: *******************************************************************
2026-09-29T13:39:57.741452369Z	Info: Running Quartus Prime SignalTap II
2026-09-29T13:39:57.743983764Z	    Info: Version 17.0.0 Build 595 04/25/2017 SJ Standard Edition
2026-09-29T13:39:57.746563381Z	    Info: Copyright (C) 2017  Intel Corporation. All rights reserved.
2026-09-29T13:39:57.748752093Z	    Info: Your use of Intel Corporation's design tools, logic functions 
2026-09-29T13:39:57.750926850Z	    Info: and other software and tools, and its AMPP partner logic 
2026-09-29T13:39:57.752876225Z	    Info: functions, and any output files from any of the foregoing 
2026-09-29T13:39:57.755028663Z	    Info: (including device programming or simulation files), and any 
2026-09-29T13:39:57.756948327Z	    Info: associated documentation or information are expressly subject 
2026-09-29T13:39:57.758875201Z	    Info: to the terms and conditions of the Intel Program License 
2026-09-29T13:39:57.760603079Z	    Info: Subscription Agreement, the Intel Quartus Prime License Agreement,
2026-09-29T13:39:57.762325189Z	    Info: the Intel MegaCore Function License Agreement, or other 
2026-09-29T13:39:57.763673938Z	    Info: applicable license agreement, including, without limitation, 
2026-09-29T13:39:57.764884352Z	    Info: that your use is for the sole purpose of programming logic 
2026-09-29T13:39:57.766193682Z	    Info: devices manufactured by Intel and sold by Intel or its 
2026-09-29T13:39:57.767465534Z	    Info: authorized distributors.  Please refer to the applicable 
2026-09-29T13:39:57.768868368Z	    Info: agreement for further details.
2026-09-29T13:39:57.770687850Z	    Info: Processing started: Tue Sep 29 21:39:56 2026
2026-09-29T13:39:57.772735508Z	Info: Command: quartus_stp -t /home/b10504072/04_WR/artifacts/milestones/step6_global_time/source/scripts/jtag/read_wb_timeseries_session.tcl 5 0 2
2026-09-29T13:39:57.774873973Z	Info: Quartus(args): 5 0 2
2026-09-29T13:39:57.776763236Z	SESSION_TIME_SERIES_CONFIG samples=5 gap_ms=0 max_retries=2
2026-09-29T13:39:57.778877737Z	=== SESSION_BOARD DE5 [1-11.1] ===
2026-09-29T13:39:57.780779771Z	SESSION_SAMPLE board=DE5 [1-11.1] sample=001 attempt=0 status=B042B841215082FF
2026-09-29T13:39:57.782919542Z	FRAME_VALID: 0 CTRL_BEGIN=00000001 CTRL_END=00000001 RETRY_INDEX=0
2026-09-29T13:39:57.784872042Z	SPLL_BLOCK_VALID: 1 A=7181C0F0/7FFFFFF0/00000000 B=7181C0F0/7FFFFFF0/00000000
2026-09-29T13:39:57.786903093Z	PARENT_BLOCK_VALID: 1 A=02010306/0000FF00/020101F2 B=02010306/0000FF00/020101F2
2026-09-29T13:39:57.788634466Z	WR_STATE_BLOCK_VALID: 1 A=A0200067 B=A0200067
2026-09-29T13:39:57.790571537Z	WR_SIGNAL_BLOCK_VALID: 1 RX=10040007/10040007 TX=1005000E/1005000E FAIL=01036A02/01036A02 REJECT=00000000/00000000
2026-09-29T13:39:57.792383914Z	WR_CLOCK_ACTIVITY: BEGIN=002A1360948D988E END=002C709DF1B8F5CA
2026-09-29T13:39:57.793848688Z	WR_LOCK_BLOCK_VALID: 1 RESULT=542B0400/542B0400 POLLS=00000000/00000000 UNLOCKED=00000000/00000000 CALIB_FAIL=00000000/00000000 ENABLE=00000000/00000000 SPLL=00020004/00020004
2026-09-29T13:39:57.795297569Z	WR_SPLL_HW_BLOCK_VALID: 0 OCER=18E3A801/4419AC01 RCER=00000001/00000001 OCCR=FF0001FF/FF0001FF TRR_CSR=019A5660/019A5E74 DAC_HPLL=FB72E6D6/FDAF19DE DAC_MAIN=0000007E/0000007E
2026-09-29T13:39:57.796704119Z	WR_SPLL_LOCKDET: HELPER=00060100 LIMITS=03E807D0 MAIN=00000000 FREQ_LIMITS=00320032 PHASE_LIMITS=03E804B0
2026-09-29T13:39:57.797848917Z	WR_SPLL_ACTIVITY: REF_COUNT=00D86AFE TAG_COUNT=0101EE68 HELPER_ERROR=FFFDB610 HELPER_OUTPUT=0000FFFB VISIT_MASK=00000618 TRANSITIONS=00000003 LAST_STATE=00000004 IRQ_COUNT=01A9B6B5 IRQ_MASK=FFFF0001 IRQ_STATUS=FFFF0000
2026-09-29T13:39:57.799321025Z	WR_SPLL_EVENTS: TAG_VALID_COUNT=01DA5966/01DA627C TRR_WRITE_COUNT=01DA5966/01DA627C
2026-09-29T13:39:57.800893549Z	WR_SPLL_EVENTS_RAW: TAG_VALID_COUNT=01DA5C08/01DA64EE TRR_WRITE_COUNT=01DA5C34/01DA6518
2026-09-29T13:39:57.802889696Z	WR_SPLL_SOURCE_RAW: TAG_SOURCE_COUNT=02AF8BA7/02AF948B
2026-09-29T13:39:57.804786744Z	WDIAGS_VER:00000002 SPLL_CSR:7181C0F0 SPLL_ECCR:7FFFFFF0 SPLL_OCCR:00000000
2026-09-29T13:39:57.806933405Z	WDIAGS_SSTAT:A6C41006 WDIAGS_PSTAT:00000001 WDIAGS_PTP:01014106
2026-09-29T13:39:57.808865786Z	WDIAGS_PTP_RX:00002166 WDIAGS_PTP_TX:00004B76 WDIAGS_PTP_META:02010306
2026-09-29T13:39:57.810873510Z	WDIAGS_FOREIGN_META:0000FF00 WDIAGS_FILTER_META:00000000 WDIAGS_PARSE_META:020101F2
2026-09-29T13:39:57.812672866Z	WDIAGS_DMS_H:00000000 WDIAGS_DMS_L:00000000 WDIAGS_CKO:00000000 WDIAGS_SETP:00000000 WDIAGS_UCNT:00000000
2026-09-29T13:39:57.814671882Z	PPS_CR:01312D06 PPS_ESCR:0000110C WDIAGS_SPLL_HY:00000000 WDIAGS_SPLL_MY:00000000
2026-09-29T13:39:57.816703241Z	DECODE: status_low=FF time_valid=1 pps_valid=1 wr_mode=2 sstat_wr_valid=0 servo_state=0 link_up=1 spll_locked=0
2026-09-29T13:39:57.818593591Z	PARENT: foreign_count=0 foreign_best=255 detection=0 wr_config=0 is_wr=0 mode_on=1 calibrated=0
2026-09-29T13:39:57.820043829Z	WR_LOCAL: tag=A mode_on=1 parent_mode_on=1 calibrated=1 parent_is_wr=0 parent_calibrated=0 wr_config=3 parent_wr_config=0 state=0 next_state=0 parent_detection=0 wr_mode=1
2026-09-29T13:39:57.821519577Z	WR_SIGNAL: rx_msg=0x1004 rx_count=7 tx_msg=0x1005 tx_count=14 fail_role=1 fail_state=3 fail_count=27138
2026-09-29T13:39:57.822818995Z	WR_SIGNAL_REJECT: count=0 reason=0
2026-09-29T13:39:57.823948919Z	WR_LOCK: result=0 spll_locked=0 polls=0 unlocked=0 calibration_fail=0 enable=0 seq_state=4 align_state=0 mode=2 delock_count=0
2026-09-29T13:39:58.918158970Z	STEP5_LOCKDET: boundary=HELPER_LOCK HELPER locked=0 changed=0 cnt=6/1000 threshold=2000 ref_src=1 MAIN enabled=0 locked=0 freq=0 phase=0 freq_cnt=0/50 phase_cnt=0/1000 PSTAT_locked=0
2026-09-29T13:39:58.920272332Z	STEP5_SAMPLE_VALID: 1 (independent of live counter/DAC equality; full_frame_valid=0)
2026-09-29T13:39:58.922313828Z	SESSION_SAMPLE_RESULT board=DE5 [1-11.1] sample=001 accepted=1 retries=0
2026-09-29T13:39:58.924345767Z	SESSION_SAMPLE board=DE5 [1-11.1] sample=002 attempt=0 status=E042B841215082FF
2026-09-29T13:39:58.926341910Z	FRAME_VALID: 0 CTRL_BEGIN=00000001 CTRL_END=00000001 RETRY_INDEX=0
2026-09-29T13:39:58.928155464Z	SPLL_BLOCK_VALID: 1 A=7181C0F0/7FFFFFF0/00000000 B=7181C0F0/7FFFFFF0/00000000
2026-09-29T13:39:58.929863475Z	PARENT_BLOCK_VALID: 0 A=02010306/0000FF00/020101F3 B=02010306/0000FF00/020101F5
2026-09-29T13:39:58.931521053Z	WR_STATE_BLOCK_VALID: 1 A=A0200067 B=A0200067
2026-09-29T13:39:58.933408191Z	WR_SIGNAL_BLOCK_VALID: 1 RX=10040007/10040007 TX=1005000E/1005000E FAIL=01036A02/01036A02 REJECT=00000000/00000000
2026-09-29T13:39:58.935597608Z	WR_CLOCK_ACTIVITY: BEGIN=002D753DF658FA6B END=002CD8BF59C85DEC
2026-09-29T13:39:58.937483630Z	WR_LOCK_BLOCK_VALID: 1 RESULT=542B0400/542B0400 POLLS=00000000/00000000 UNLOCKED=00000000/00000000 CALIB_FAIL=00000000/00000000 ENABLE=00000000/00000000 SPLL=00020004/00020004
2026-09-29T13:39:58.939239068Z	WR_SPLL_HW_BLOCK_VALID: 0 OCER=6FEAB201/9B3EB601 RCER=00000001/00000001 OCCR=FF0001FF/FF0001FF TRR_CSR=019A6888/019A709C DAC_HPLL=FFEB5DA8/02279886 DAC_MAIN=0000007E/0000007F
2026-09-29T13:39:58.940774369Z	WR_SPLL_LOCKDET: HELPER=00060100 LIMITS=03E807D0 MAIN=00000000 FREQ_LIMITS=00320032 PHASE_LIMITS=03E804B0
2026-09-29T13:39:58.942166752Z	WR_SPLL_ACTIVITY: REF_COUNT=00D87413 TAG_COUNT=0101F77D HELPER_ERROR=FFFDB610 HELPER_OUTPUT=0000FFFB VISIT_MASK=00000618 TRANSITIONS=00000003 LAST_STATE=00000004 IRQ_COUNT=01A9C8DF IRQ_MASK=FFFF0001 IRQ_STATUS=FFFF0000
2026-09-29T13:39:58.943393875Z	WR_SPLL_EVENTS: TAG_VALID_COUNT=01DA6B90/01DA74A4 TRR_WRITE_COUNT=01DA6B90/01DA74A4
2026-09-29T13:39:58.944483229Z	WR_SPLL_EVENTS_RAW: TAG_VALID_COUNT=01DA6DEC/01DA76D2 TRR_WRITE_COUNT=01DA6E18/01DA76FE
2026-09-29T13:39:58.945466049Z	WR_SPLL_SOURCE_RAW: TAG_SOURCE_COUNT=02AF9D89/02AFA671
2026-09-29T13:39:58.946402459Z	WDIAGS_VER:00000002 SPLL_CSR:7181C0F0 SPLL_ECCR:7FFFFFF0 SPLL_OCCR:00000000
2026-09-29T13:39:58.947218368Z	WDIAGS_SSTAT:A6C41006 WDIAGS_PSTAT:00000001 WDIAGS_PTP:01014106
2026-09-29T13:39:58.947974041Z	WDIAGS_PTP_RX:00002167 WDIAGS_PTP_TX:00004B77 WDIAGS_PTP_META:02010306
2026-09-29T13:39:58.948699641Z	WDIAGS_FOREIGN_META:0000FF00 WDIAGS_FILTER_META:00000000 WDIAGS_PARSE_META:020101F3
2026-09-29T13:39:58.949367345Z	WDIAGS_DMS_H:00000000 WDIAGS_DMS_L:00000000 WDIAGS_CKO:00000000 WDIAGS_SETP:00000000 WDIAGS_UCNT:00000000
2026-09-29T13:39:58.949957849Z	PPS_CR:01312D06 PPS_ESCR:0000110C WDIAGS_SPLL_HY:00000000 WDIAGS_SPLL_MY:00000000
2026-09-29T13:39:58.950525927Z	DECODE: status_low=FF time_valid=1 pps_valid=1 wr_mode=2 sstat_wr_valid=0 servo_state=0 link_up=1 spll_locked=0
2026-09-29T13:39:58.951076090Z	PARENT: foreign_count=0 foreign_best=255 detection=0 wr_config=0 is_wr=0 mode_on=1 calibrated=0
2026-09-29T13:39:58.951610162Z	WR_LOCAL: tag=A mode_on=1 parent_mode_on=1 calibrated=1 parent_is_wr=0 parent_calibrated=0 wr_config=3 parent_wr_config=0 state=0 next_state=0 parent_detection=0 wr_mode=1
2026-09-29T13:39:58.952129400Z	WR_SIGNAL: rx_msg=0x1004 rx_count=7 tx_msg=0x1005 tx_count=14 fail_role=1 fail_state=3 fail_count=27138
2026-09-29T13:39:58.952583178Z	WR_SIGNAL_REJECT: count=0 reason=0
2026-09-29T13:39:58.953039476Z	WR_LOCK: result=0 spll_locked=0 polls=0 unlocked=0 calibration_fail=0 enable=0 seq_state=4 align_state=0 mode=2 delock_count=0
2026-09-29T13:39:58.953472588Z	STEP5_LOCKDET: boundary=HELPER_LOCK HELPER locked=0 changed=0 cnt=6/1000 threshold=2000 ref_src=1 MAIN enabled=0 locked=0 freq=0 phase=0 freq_cnt=0/50 phase_cnt=0/1000 PSTAT_locked=0
2026-09-29T13:39:58.953869973Z	STEP5_SAMPLE_VALID: 1 (independent of live counter/DAC equality; full_frame_valid=0)
2026-09-29T13:39:58.954259233Z	SESSION_SAMPLE_RESULT board=DE5 [1-11.1] sample=002 accepted=1 retries=0
2026-09-29T13:39:58.954625269Z	SESSION_SAMPLE board=DE5 [1-11.1] sample=003 attempt=0 status=4042B86131BC82FF
2026-09-29T13:39:58.954967218Z	FRAME_VALID: 0 CTRL_BEGIN=00000001 CTRL_END=00000001 RETRY_INDEX=0
2026-09-29T13:39:58.955304395Z	SPLL_BLOCK_VALID: 1 A=7181C0F0/7FFFFFF0/00000000 B=7181C0F0/7FFFFFF0/00000000
2026-09-29T13:39:58.955641218Z	PARENT_BLOCK_VALID: 1 A=02010306/0000FF00/020101F7 B=02010306/0000FF00/020101F7
2026-09-29T13:39:58.955969296Z	WR_STATE_BLOCK_VALID: 1 A=A0200067 B=A0200067
2026-09-29T13:39:58.956311643Z	WR_SIGNAL_BLOCK_VALID: 1 RX=10040007/10040007 TX=1005000E/1005000E FAIL=01036A02/01036A02 REJECT=00000000/00000000
2026-09-29T13:39:58.956647121Z	WR_CLOCK_ACTIVITY: BEGIN=0028DB425C4C6070 END=002B3D0CBE03C239
2026-09-29T13:39:58.956992494Z	WR_LOCK_BLOCK_VALID: 1 RESULT=542B0400/542B0400 POLLS=00000000/00000000 UNLOCKED=00000000/00000000 CALIB_FAIL=00000000/00000000 ENABLE=00000000/00000000 SPLL=00020004/00020004
2026-09-29T13:39:58.957338050Z	WR_SPLL_HW_BLOCK_VALID: 0 OCER=C6A4BA01/F1E7BE01 RCER=00000001/00000001 OCCR=FF0001FF/FF0001FF TRR_CSR=019A7AB0/019A82C4 DAC_HPLL=0463BD8A/069FF34E DAC_MAIN=0000007F/0000007F
2026-09-29T13:39:59.507356278Z	WR_SPLL_LOCKDET: HELPER=00060100 LIMITS=03E807D0 MAIN=00000000 FREQ_LIMITS=00320032 PHASE_LIMITS=03E804B0
2026-09-29T13:39:59.509616678Z	WR_SPLL_ACTIVITY: REF_COUNT=00D87BA3 TAG_COUNT=01020091 HELPER_ERROR=FFFDB610 HELPER_OUTPUT=0000FFFB VISIT_MASK=00000618 TRANSITIONS=00000003 LAST_STATE=00000004 IRQ_COUNT=01A9DB05 IRQ_MASK=FFFF0001 IRQ_STATUS=FFFF0000
2026-09-29T13:39:59.511773455Z	WR_SPLL_EVENTS: TAG_VALID_COUNT=01DA7DB8/01DA86CC TRR_WRITE_COUNT=01DA7DB8/01DA86CC
2026-09-29T13:39:59.513922462Z	WR_SPLL_EVENTS_RAW: TAG_VALID_COUNT=01DA7FC4/01DA88AA TRR_WRITE_COUNT=01DA7FF0/01DA88D6
2026-09-29T13:39:59.516085495Z	WR_SPLL_SOURCE_RAW: TAG_SOURCE_COUNT=02AFAF63/02AFB849
2026-09-29T13:39:59.518302437Z	WDIAGS_VER:00000002 SPLL_CSR:7181C0F0 SPLL_ECCR:7FFFFFF0 SPLL_OCCR:00000000
2026-09-29T13:39:59.520431364Z	WDIAGS_SSTAT:A6C41006 WDIAGS_PSTAT:00000001 WDIAGS_PTP:01014106
2026-09-29T13:39:59.522594025Z	WDIAGS_PTP_RX:00002168 WDIAGS_PTP_TX:00004B7B WDIAGS_PTP_META:02010306
2026-09-29T13:39:59.524744309Z	WDIAGS_FOREIGN_META:0000FF00 WDIAGS_FILTER_META:00000000 WDIAGS_PARSE_META:020101F7
2026-09-29T13:39:59.526892008Z	WDIAGS_DMS_H:00000000 WDIAGS_DMS_L:00000000 WDIAGS_CKO:00000002 WDIAGS_SETP:00000000 WDIAGS_UCNT:00000000
2026-09-29T13:39:59.528910934Z	PPS_CR:01312D06 PPS_ESCR:0000110C WDIAGS_SPLL_HY:00000000 WDIAGS_SPLL_MY:00000000
2026-09-29T13:39:59.530871760Z	DECODE: status_low=FF time_valid=1 pps_valid=1 wr_mode=2 sstat_wr_valid=0 servo_state=0 link_up=1 spll_locked=0
2026-09-29T13:39:59.532872561Z	PARENT: foreign_count=0 foreign_best=255 detection=0 wr_config=0 is_wr=0 mode_on=1 calibrated=0
2026-09-29T13:39:59.534960474Z	WR_LOCAL: tag=A mode_on=1 parent_mode_on=1 calibrated=1 parent_is_wr=0 parent_calibrated=0 wr_config=3 parent_wr_config=0 state=0 next_state=0 parent_detection=0 wr_mode=1
2026-09-29T13:39:59.536736143Z	WR_SIGNAL: rx_msg=0x1004 rx_count=7 tx_msg=0x1005 tx_count=14 fail_role=1 fail_state=3 fail_count=27138
2026-09-29T13:39:59.538654294Z	WR_SIGNAL_REJECT: count=0 reason=0
2026-09-29T13:39:59.540714136Z	WR_LOCK: result=0 spll_locked=0 polls=0 unlocked=0 calibration_fail=0 enable=0 seq_state=4 align_state=0 mode=2 delock_count=0
2026-09-29T13:39:59.542767014Z	STEP5_LOCKDET: boundary=HELPER_LOCK HELPER locked=0 changed=0 cnt=6/1000 threshold=2000 ref_src=1 MAIN enabled=0 locked=0 freq=0 phase=0 freq_cnt=0/50 phase_cnt=0/1000 PSTAT_locked=0
2026-09-29T13:39:59.544690013Z	STEP5_SAMPLE_VALID: 1 (independent of live counter/DAC equality; full_frame_valid=0)
2026-09-29T13:39:59.546782934Z	SESSION_SAMPLE_RESULT board=DE5 [1-11.1] sample=003 accepted=1 retries=0
2026-09-29T13:39:59.548506028Z	SESSION_SAMPLE board=DE5 [1-11.1] sample=004 attempt=0 status=D042B84121D082FF
2026-09-29T13:39:59.550195444Z	FRAME_VALID: 0 CTRL_BEGIN=00000001 CTRL_END=00000001 RETRY_INDEX=0
2026-09-29T13:39:59.551526493Z	SPLL_BLOCK_VALID: 1 A=7181C0F0/7FFFFFF0/00000000 B=7181C0F0/7FFFFFF0/00000000
2026-09-29T13:39:59.552667079Z	PARENT_BLOCK_VALID: 0 A=02010306/0000FF00/020101F8 B=02010306/0000FF00/020101F9
2026-09-29T13:39:59.553703634Z	WR_STATE_BLOCK_VALID: 1 A=A0200067 B=A0200067
2026-09-29T13:39:59.554647335Z	WR_SIGNAL_BLOCK_VALID: 1 RX=10040007/10040007 TX=1005000E/1005000E FAIL=01036A02/01036A02 REJECT=00000000/00000000
2026-09-29T13:39:59.555500402Z	WR_CLOCK_ACTIVITY: BEGIN=0028405AC152C588 END=002CA0CB21B025F8
2026-09-29T13:39:59.556332359Z	WR_LOCK_BLOCK_VALID: 1 RESULT=542B0400/542B0400 POLLS=00000000/00000000 UNLOCKED=00000000/00000000 CALIB_FAIL=00000000/00000000 ENABLE=00000000/00000000 SPLL=00020004/00020004
2026-09-29T13:39:59.557087296Z	WR_SPLL_HW_BLOCK_VALID: 0 OCER=1D25C401/4862C801 RCER=00000001/00000001 OCCR=FF0001FF/FF0001FF TRR_CSR=019A8CD8/019A94EC DAC_HPLL=08DC28A6/0B186024 DAC_MAIN=0000007F/0000007F
2026-09-29T13:39:59.557790335Z	WR_SPLL_LOCKDET: HELPER=00060100 LIMITS=03E807D0 MAIN=00000000 FREQ_LIMITS=00320032 PHASE_LIMITS=03E804B0
2026-09-29T13:39:59.558488863Z	WR_SPLL_ACTIVITY: REF_COUNT=00D884B7 TAG_COUNT=01020821 HELPER_ERROR=FFFDB610 HELPER_OUTPUT=0000FFFB VISIT_MASK=00000618 TRANSITIONS=00000003 LAST_STATE=00000004 IRQ_COUNT=01A9ED2D IRQ_MASK=FFFF0001 IRQ_STATUS=FFFF0000
2026-09-29T13:39:59.559100419Z	WR_SPLL_EVENTS: TAG_VALID_COUNT=01DA8FE0/01DA98F4 TRR_WRITE_COUNT=01DA8FE0/01DA98F4
2026-09-29T13:39:59.559676518Z	WR_SPLL_EVENTS_RAW: TAG_VALID_COUNT=01DA919C/01DA9A7E TRR_WRITE_COUNT=01DA91C8/01DA9AA8
2026-09-29T13:39:59.560225419Z	WR_SPLL_SOURCE_RAW: TAG_SOURCE_COUNT=02AFC13B/02AFCA14
2026-09-29T13:39:59.560729076Z	WDIAGS_VER:00000002 SPLL_CSR:7181C0F0 SPLL_ECCR:7FFFFFF0 SPLL_OCCR:00000000
2026-09-29T13:39:59.561221451Z	WDIAGS_SSTAT:A6C41006 WDIAGS_PSTAT:00000001 WDIAGS_PTP:01014106
2026-09-29T13:39:59.561678740Z	WDIAGS_PTP_RX:0000216A WDIAGS_PTP_TX:00004B7D WDIAGS_PTP_META:02010306
2026-09-29T13:39:59.562126060Z	WDIAGS_FOREIGN_META:0000FF00 WDIAGS_FILTER_META:00000000 WDIAGS_PARSE_META:020101F8
2026-09-29T13:39:59.562528774Z	WDIAGS_DMS_H:00000000 WDIAGS_DMS_L:00000000 WDIAGS_CKO:00000000 WDIAGS_SETP:00000000 WDIAGS_UCNT:00000000
2026-09-29T13:39:59.562927995Z	PPS_CR:01312D06 PPS_ESCR:0000110C WDIAGS_SPLL_HY:00000000 WDIAGS_SPLL_MY:00000000
2026-09-29T13:39:59.563303861Z	DECODE: status_low=FF time_valid=1 pps_valid=1 wr_mode=2 sstat_wr_valid=0 servo_state=0 link_up=1 spll_locked=0
2026-09-29T13:39:59.563663565Z	PARENT: foreign_count=0 foreign_best=255 detection=0 wr_config=0 is_wr=0 mode_on=1 calibrated=0
2026-09-29T13:40:00.860714557Z	WR_LOCAL: tag=A mode_on=1 parent_mode_on=1 calibrated=1 parent_is_wr=0 parent_calibrated=0 wr_config=3 parent_wr_config=0 state=0 next_state=0 parent_detection=0 wr_mode=1
2026-09-29T13:40:00.862859022Z	WR_SIGNAL: rx_msg=0x1004 rx_count=7 tx_msg=0x1005 tx_count=14 fail_role=1 fail_state=3 fail_count=27138
2026-09-29T13:40:00.864999828Z	WR_SIGNAL_REJECT: count=0 reason=0
2026-09-29T13:40:00.867175754Z	WR_LOCK: result=0 spll_locked=0 polls=0 unlocked=0 calibration_fail=0 enable=0 seq_state=4 align_state=0 mode=2 delock_count=0
2026-09-29T13:40:00.869155792Z	STEP5_LOCKDET: boundary=HELPER_LOCK HELPER locked=0 changed=0 cnt=6/1000 threshold=2000 ref_src=1 MAIN enabled=0 locked=0 freq=0 phase=0 freq_cnt=0/50 phase_cnt=0/1000 PSTAT_locked=0
2026-09-29T13:40:00.871273771Z	STEP5_SAMPLE_VALID: 1 (independent of live counter/DAC equality; full_frame_valid=0)
2026-09-29T13:40:00.873205132Z	SESSION_SAMPLE_RESULT board=DE5 [1-11.1] sample=004 accepted=1 retries=0
2026-09-29T13:40:00.875042422Z	SESSION_SAMPLE board=DE5 [1-11.1] sample=005 attempt=0 status=B042B8C1215082FF
2026-09-29T13:40:00.877172483Z	FRAME_VALID: 0 CTRL_BEGIN=00000001 CTRL_END=00000001 RETRY_INDEX=0
2026-09-29T13:40:00.879298699Z	SPLL_BLOCK_VALID: 1 A=7181C0F0/7FFFFFF0/00000000 B=7181C0F0/7FFFFFF0/00000000
2026-09-29T13:40:00.881361425Z	PARENT_BLOCK_VALID: 0 A=02010306/0000FF00/020101F9 B=02010306/0000FF00/020101FA
2026-09-29T13:40:00.883484418Z	WR_STATE_BLOCK_VALID: 1 A=A0200067 B=A0200067
2026-09-29T13:40:00.885552141Z	WR_SIGNAL_BLOCK_VALID: 1 RX=10040007/10040007 TX=1005000E/1005000E FAIL=01036A02/01036A02 REJECT=00000000/00000000
2026-09-29T13:40:00.887308894Z	WR_CLOCK_ACTIVITY: BEGIN=002FA329240F2857 END=00280268833C8796
2026-09-29T13:40:00.888795006Z	WR_LOCK_BLOCK_VALID: 1 RESULT=542B0400/542B0400 POLLS=00000000/00000000 UNLOCKED=00000000/00000000 CALIB_FAIL=00000000/00000000 ENABLE=00000000/00000000 SPLL=00020004/00020004
2026-09-29T13:40:00.890296297Z	WR_SPLL_HW_BLOCK_VALID: 0 OCER=733ECC01/9EA5D201 RCER=00000001/00000001 OCCR=FF0001FF/FF0001FF TRR_CSR=019A9E02/019AA816 DAC_HPLL=0D54AEA5/0F90E041 DAC_MAIN=0000007F/0000007F
2026-09-29T13:40:00.891670053Z	WR_SPLL_LOCKDET: HELPER=00060100 LIMITS=03E807D0 MAIN=00000000 FREQ_LIMITS=00320032 PHASE_LIMITS=03E804B0
2026-09-29T13:40:00.892986114Z	WR_SPLL_ACTIVITY: REF_COUNT=00D88DCC TAG_COUNT=01021136 HELPER_ERROR=FFFDB610 HELPER_OUTPUT=0000FFFB VISIT_MASK=00000618 TRANSITIONS=00000003 LAST_STATE=00000004 IRQ_COUNT=01A9FC54 IRQ_MASK=FFFF0001 IRQ_STATUS=FFFF0000
2026-09-29T13:40:00.894184677Z	WR_SPLL_EVENTS: TAG_VALID_COUNT=01DAA208/01DAAB1C TRR_WRITE_COUNT=01DAA208/01DAAB1C
2026-09-29T13:40:00.895113459Z	WR_SPLL_EVENTS_RAW: TAG_VALID_COUNT=01DAA35E/01DAAC4A TRR_WRITE_COUNT=01DAA38A/01DAAC74
2026-09-29T13:40:00.896028327Z	WR_SPLL_SOURCE_RAW: TAG_SOURCE_COUNT=02AFD2F6/02AFDBE0
2026-09-29T13:40:00.896932016Z	WDIAGS_VER:00000002 SPLL_CSR:7181C0F0 SPLL_ECCR:7FFFFFF0 SPLL_OCCR:00000000
2026-09-29T13:40:00.897765242Z	WDIAGS_SSTAT:A6C41006 WDIAGS_PSTAT:00000001 WDIAGS_PTP:01014106
2026-09-29T13:40:00.898446219Z	WDIAGS_PTP_RX:0000216B WDIAGS_PTP_TX:00004B80 WDIAGS_PTP_META:02010306
2026-09-29T13:40:00.899096422Z	WDIAGS_FOREIGN_META:0000FF00 WDIAGS_FILTER_META:00000000 WDIAGS_PARSE_META:020101F9
2026-09-29T13:40:00.899699929Z	WDIAGS_DMS_H:00000000 WDIAGS_DMS_L:00000000 WDIAGS_CKO:00000000 WDIAGS_SETP:00000000 WDIAGS_UCNT:00000000
2026-09-29T13:40:00.900300727Z	PPS_CR:01312D06 PPS_ESCR:0000110C WDIAGS_SPLL_HY:00000000 WDIAGS_SPLL_MY:00000000
2026-09-29T13:40:00.900976838Z	DECODE: status_low=FF time_valid=1 pps_valid=1 wr_mode=2 sstat_wr_valid=0 servo_state=0 link_up=1 spll_locked=0
2026-09-29T13:40:00.901552290Z	PARENT: foreign_count=0 foreign_best=255 detection=0 wr_config=0 is_wr=0 mode_on=1 calibrated=0
2026-09-29T13:40:00.902021970Z	WR_LOCAL: tag=A mode_on=1 parent_mode_on=1 calibrated=1 parent_is_wr=0 parent_calibrated=0 wr_config=3 parent_wr_config=0 state=0 next_state=0 parent_detection=0 wr_mode=1
2026-09-29T13:40:00.902459220Z	WR_SIGNAL: rx_msg=0x1004 rx_count=7 tx_msg=0x1005 tx_count=14 fail_role=1 fail_state=3 fail_count=27138
2026-09-29T13:40:00.902873165Z	WR_SIGNAL_REJECT: count=0 reason=0
2026-09-29T13:40:00.903280533Z	WR_LOCK: result=0 spll_locked=0 polls=0 unlocked=0 calibration_fail=0 enable=0 seq_state=4 align_state=0 mode=2 delock_count=0
2026-09-29T13:40:00.903681511Z	STEP5_LOCKDET: boundary=HELPER_LOCK HELPER locked=0 changed=0 cnt=6/1000 threshold=2000 ref_src=1 MAIN enabled=0 locked=0 freq=0 phase=0 freq_cnt=0/50 phase_cnt=0/1000 PSTAT_locked=0
2026-09-29T13:40:00.904067039Z	STEP5_SAMPLE_VALID: 1 (independent of live counter/DAC equality; full_frame_valid=0)
2026-09-29T13:40:00.904415980Z	SESSION_SAMPLE_RESULT board=DE5 [1-11.1] sample=005 accepted=1 retries=0
2026-09-29T13:40:00.904749077Z	STEP5_SERIES_RESULT board=DE5 [1-11.1] result=NEVER_LOCKED valid_samples=5
2026-09-29T13:40:00.905076795Z	=== SESSION_BOARD DE5 [1-11.2] ===
2026-09-29T13:40:00.905414702Z	SESSION_SAMPLE board=DE5 [1-11.2] sample=001 attempt=0 status=D4821A41205082FF
2026-09-29T13:40:00.905743369Z	FRAME_VALID: 0 CTRL_BEGIN=00000001 CTRL_END=00000001 RETRY_INDEX=0
2026-09-29T13:40:00.906070879Z	SPLL_BLOCK_VALID: 1 A=F101C0F0/7FFFFFF0/00000000 B=F101C0F0/7FFFFFF0/00000000
2026-09-29T13:40:00.906402616Z	PARENT_BLOCK_VALID: 0 A=03010309/03000001/0701699B B=03010309/03000001/07016A9D
2026-09-29T13:40:01.449877681Z	WR_STATE_BLOCK_VALID: 1 A=A040035F B=A040035F
2026-09-29T13:40:01.452085527Z	WR_SIGNAL_BLOCK_VALID: 1 RX=10050006/10050006 TX=10040007/10040007 FAIL=02020002/02020002 REJECT=00000000/00000000
2026-09-29T13:40:01.454183290Z	WR_CLOCK_ACTIVITY: BEGIN=002E5D418C6B8C88 END=002BB8A0E7B9E7E7
2026-09-29T13:40:01.456406561Z	WR_LOCK_BLOCK_VALID: 1 RESULT=E6490700/E6490700 POLLS=0084BA62/0084BA62 UNLOCKED=0084A84E/0084A84E CALIB_FAIL=00000459/00000459 ENABLE=0000000B/0000000B SPLL=00030008/00030008
2026-09-29T13:40:01.458693225Z	WR_SPLL_HW_BLOCK_VALID: 0 OCER=E0429E01/02B81E01 RCER=00000001/00000001 OCCR=FF0101FF/FF0101FF TRR_CSR=01BEF560/01BEFE50 DAC_HPLL=171DC64E/1959EE09 DAC_MAIN=00000080/00000080
2026-09-29T13:40:01.460673533Z	WR_SPLL_LOCKDET: HELPER=03E80001 LIMITS=03E807D0 MAIN=3E80320F FREQ_LIMITS=00320014 PHASE_LIMITS=03E804B0
2026-09-29T13:40:01.462875804Z	WR_SPLL_ACTIVITY: REF_COUNT=00FFA91D TAG_COUNT=00FF4C43 HELPER_ERROR=FFFFFFC7 HELPER_OUTPUT=0000B91B VISIT_MASK=00000778 TRANSITIONS=00000006 LAST_STATE=00000008 IRQ_COUNT=01FCB9D9 IRQ_MASK=FFFF0001 IRQ_STATUS=FFFF0000
2026-09-29T13:40:01.464796481Z	WR_SPLL_EVENTS: TAG_VALID_COUNT=01FEF85A/01FF014B TRR_WRITE_COUNT=01FEF85A/01FF014B
2026-09-29T13:40:01.466932673Z	WR_SPLL_EVENTS_RAW: TAG_VALID_COUNT=01FEF969/01FF0226 TRR_WRITE_COUNT=01FEF993/01FF0251
2026-09-29T13:40:01.468786813Z	WR_SPLL_SOURCE_RAW: TAG_SOURCE_COUNT=072ACD08/072AD5C6
2026-09-29T13:40:01.470666043Z	WDIAGS_VER:00000002 SPLL_CSR:F101C0F0 SPLL_ECCR:7FFFFFF0 SPLL_OCCR:00000000
2026-09-29T13:40:01.472231949Z	WDIAGS_SSTAT:00000501 WDIAGS_PSTAT:00000003 WDIAGS_PTP:00004109
2026-09-29T13:40:01.473749874Z	WDIAGS_PTP_RX:00004BB9 WDIAGS_PTP_TX:00002172 WDIAGS_PTP_META:03010309
2026-09-29T13:40:01.475042156Z	WDIAGS_FOREIGN_META:03000001 WDIAGS_FILTER_META:00000000 WDIAGS_PARSE_META:0701699B
2026-09-29T13:40:01.476219216Z	WDIAGS_DMS_H:00000000 WDIAGS_DMS_L:0002BFCF WDIAGS_CKO:0000027D WDIAGS_SETP:FFFFEB78 WDIAGS_UCNT:00000E56
2026-09-29T13:40:01.477381765Z	PPS_CR:01312D06 PPS_ESCR:0000110C WDIAGS_SPLL_HY:00000000 WDIAGS_SPLL_MY:00000000
2026-09-29T13:40:01.478274128Z	DECODE: status_low=FF time_valid=1 pps_valid=1 wr_mode=3 sstat_wr_valid=1 servo_state=5 link_up=1 spll_locked=1
2026-09-29T13:40:01.479058443Z	PARENT: foreign_count=1 foreign_best=0 detection=0 wr_config=3 is_wr=1 mode_on=1 calibrated=1
2026-09-29T13:40:01.479818686Z	WR_LOCAL: tag=A mode_on=1 parent_mode_on=1 calibrated=1 parent_is_wr=1 parent_calibrated=1 wr_config=2 parent_wr_config=3 state=0 next_state=0 parent_detection=0 wr_mode=2
2026-09-29T13:40:01.480549837Z	WR_SIGNAL: rx_msg=0x1005 rx_count=6 tx_msg=0x1004 tx_count=7 fail_role=2 fail_state=2 fail_count=2
2026-09-29T13:40:01.481193247Z	WR_SIGNAL_REJECT: count=0 reason=0
2026-09-29T13:40:01.481798990Z	WR_LOCK: result=0 spll_locked=1 polls=8698466 unlocked=8693838 calibration_fail=1113 enable=11 seq_state=8 align_state=0 mode=3 delock_count=0
2026-09-29T13:40:01.482403986Z	STEP5_LOCKDET: boundary=LOCKED_SAMPLE HELPER locked=1 changed=0 cnt=1000/1000 threshold=2000 ref_src=0 MAIN enabled=1 locked=1 freq=1 phase=1 freq_cnt=50/50 phase_cnt=1000/1000 PSTAT_locked=1
2026-09-29T13:40:01.482954373Z	STEP5_SAMPLE_VALID: 1 (independent of live counter/DAC equality; full_frame_valid=0)
2026-09-29T13:40:01.483435194Z	SESSION_SAMPLE_RESULT board=DE5 [1-11.2] sample=001 accepted=1 retries=0
2026-09-29T13:40:01.483915142Z	SESSION_SAMPLE board=DE5 [1-11.2] sample=002 attempt=0 status=D1821A61205082FF
2026-09-29T13:40:01.484387633Z	FRAME_VALID: 0 CTRL_BEGIN=00000001 CTRL_END=00000001 RETRY_INDEX=0
2026-09-29T13:40:01.484831987Z	SPLL_BLOCK_VALID: 1 A=F101C0F0/7FFFFFF0/00000000 B=F101C0F0/7FFFFFF0/00000000
2026-09-29T13:40:01.485255554Z	PARENT_BLOCK_VALID: 0 A=03010309/03000001/07016A9F B=03010309/03000001/07016AA0
2026-09-29T13:40:01.485641803Z	WR_STATE_BLOCK_VALID: 1 A=A040035F B=A040035F
2026-09-29T13:40:01.486015320Z	WR_SIGNAL_BLOCK_VALID: 1 RX=10050006/10050006 TX=10040007/10040007 FAIL=02020002/02020002 REJECT=00000000/00000000
2026-09-29T13:40:01.486377494Z	WR_CLOCK_ACTIVITY: BEGIN=002EBB23EA3BEA6A END=002A1C824B894BC9
2026-09-29T13:40:01.486736766Z	WR_LOCK_BLOCK_VALID: 1 RESULT=E6490700/E6490700 POLLS=0084BA62/0084BA62 UNLOCKED=0084A84E/0084A84E CALIB_FAIL=00000459/00000459 ENABLE=0000000B/0000000B SPLL=00030008/00030008
2026-09-29T13:40:01.487086753Z	WR_SPLL_HW_BLOCK_VALID: 0 OCER=366CDE01/69E29E01 RCER=00000001/00000001 OCCR=FF0101FF/FF0101FF TRR_CSR=01BE0740/01BE1032 DAC_HPLL=1B962EC3/1DD2632D DAC_MAIN=00000080/00000080
2026-09-29T13:40:01.487425475Z	WR_SPLL_LOCKDET: HELPER=03E80001 LIMITS=03E807D0 MAIN=3E80320F FREQ_LIMITS=00320014 PHASE_LIMITS=03E804B0
2026-09-29T13:40:01.487773949Z	WR_SPLL_ACTIVITY: REF_COUNT=00FFB20E TAG_COUNT=00FF5533 HELPER_ERROR=00000024 HELPER_OUTPUT=0000B975 VISIT_MASK=00000778 TRANSITIONS=00000006 LAST_STATE=00000008 IRQ_COUNT=01FCC8C0 IRQ_MASK=FFFF0001 IRQ_STATUS=FFFF0000
2026-09-29T13:40:01.488126001Z	WR_SPLL_EVENTS: TAG_VALID_COUNT=01FF0A3C/01FF132C TRR_WRITE_COUNT=01FF0A3C/01FF132C
2026-09-29T13:40:01.488464742Z	WR_SPLL_EVENTS_RAW: TAG_VALID_COUNT=01FF0AF2/01FF13B6 TRR_WRITE_COUNT=01FF0B1E/01FF13E1
2026-09-29T13:40:01.488790883Z	WR_SPLL_SOURCE_RAW: TAG_SOURCE_COUNT=072ADE93/072AE756
2026-09-29T13:40:02.039854036Z	WDIAGS_VER:00000002 SPLL_CSR:F101C0F0 SPLL_ECCR:7FFFFFF0 SPLL_OCCR:00000000
2026-09-29T13:40:02.042000473Z	WDIAGS_SSTAT:00000501 WDIAGS_PSTAT:00000003 WDIAGS_PTP:00004109
2026-09-29T13:40:02.044206356Z	WDIAGS_PTP_RX:00004BBB WDIAGS_PTP_TX:00002174 WDIAGS_PTP_META:03010309
2026-09-29T13:40:02.046523706Z	WDIAGS_FOREIGN_META:03000001 WDIAGS_FILTER_META:00000000 WDIAGS_PARSE_META:07016A9F
2026-09-29T13:40:02.048317601Z	WDIAGS_DMS_H:00000000 WDIAGS_DMS_L:0002BFCF WDIAGS_CKO:0000027D WDIAGS_SETP:FFFFEB78 WDIAGS_UCNT:00000E56
2026-09-29T13:40:02.050289053Z	PPS_CR:01312D06 PPS_ESCR:0000110C WDIAGS_SPLL_HY:00000000 WDIAGS_SPLL_MY:00000000
2026-09-29T13:40:02.052337997Z	DECODE: status_low=FF time_valid=1 pps_valid=1 wr_mode=3 sstat_wr_valid=1 servo_state=5 link_up=1 spll_locked=1
2026-09-29T13:40:02.054350330Z	PARENT: foreign_count=1 foreign_best=0 detection=0 wr_config=3 is_wr=1 mode_on=1 calibrated=1
2026-09-29T13:40:02.056421674Z	WR_LOCAL: tag=A mode_on=1 parent_mode_on=1 calibrated=1 parent_is_wr=1 parent_calibrated=1 wr_config=2 parent_wr_config=3 state=0 next_state=0 parent_detection=0 wr_mode=2
2026-09-29T13:40:02.058428997Z	WR_SIGNAL: rx_msg=0x1005 rx_count=6 tx_msg=0x1004 tx_count=7 fail_role=2 fail_state=2 fail_count=2
2026-09-29T13:40:02.060404364Z	WR_SIGNAL_REJECT: count=0 reason=0
2026-09-29T13:40:02.062380329Z	WR_LOCK: result=0 spll_locked=1 polls=8698466 unlocked=8693838 calibration_fail=1113 enable=11 seq_state=8 align_state=0 mode=3 delock_count=0
2026-09-29T13:40:02.064442790Z	STEP5_LOCKDET: boundary=LOCKED_SAMPLE HELPER locked=1 changed=0 cnt=1000/1000 threshold=2000 ref_src=0 MAIN enabled=1 locked=1 freq=1 phase=1 freq_cnt=50/50 phase_cnt=1000/1000 PSTAT_locked=1
2026-09-29T13:40:02.066403781Z	STEP5_SAMPLE_VALID: 1 (independent of live counter/DAC equality; full_frame_valid=0)
2026-09-29T13:40:02.068402113Z	SESSION_SAMPLE_RESULT board=DE5 [1-11.2] sample=002 accepted=1 retries=0
2026-09-29T13:40:02.070284067Z	SESSION_SAMPLE board=DE5 [1-11.2] sample=003 attempt=0 status=E4821A61205082FF
2026-09-29T13:40:02.071777434Z	FRAME_VALID: 0 CTRL_BEGIN=00000001 CTRL_END=00000001 RETRY_INDEX=0
2026-09-29T13:40:02.073102014Z	SPLL_BLOCK_VALID: 1 A=F101C0F0/7FFFFFF0/00000000 B=F101C0F0/7FFFFFF0/00000000
2026-09-29T13:40:02.074443705Z	PARENT_BLOCK_VALID: 0 A=03010309/03000001/07016AA1 B=03010309/03000001/07016AA5
2026-09-29T13:40:02.075443366Z	WR_STATE_BLOCK_VALID: 1 A=A040035F B=A040035F
2026-09-29T13:40:02.076388271Z	WR_SIGNAL_BLOCK_VALID: 1 RX=10050006/10050006 TX=10040007/10040007 FAIL=02020002/02020002 REJECT=00000000/00000000
2026-09-29T13:40:02.077386816Z	WR_CLOCK_ACTIVITY: BEGIN=002A1F284E2F4E70 END=002C81B3B0A8B0FA
2026-09-29T13:40:02.078179626Z	WR_LOCK_BLOCK_VALID: 1 RESULT=E6490700/E6490700 POLLS=0084BA63/0084BA63 UNLOCKED=0084A84E/0084A84E CALIB_FAIL=00000459/00000459 ENABLE=0000000B/0000000B SPLL=00030008/00030008
2026-09-29T13:40:02.078912039Z	WR_SPLL_HW_BLOCK_VALID: 0 OCER=9D4C5E01/D0B81F01 RCER=00000001/00000001 OCCR=FF0101FF/FF0101FF TRR_CSR=01BE1922/01BE1F18 DAC_HPLL=200E918A/218BF803 DAC_MAIN=00000080/00000080
2026-09-29T13:40:02.079569047Z	WR_SPLL_LOCKDET: HELPER=03E80001 LIMITS=03E807D0 MAIN=3E80320F FREQ_LIMITS=00320014 PHASE_LIMITS=03E804B0
2026-09-29T13:40:02.080318380Z	WR_SPLL_ACTIVITY: REF_COUNT=00FFBAFE TAG_COUNT=00FF5E24 HELPER_ERROR=FFFFFFBB HELPER_OUTPUT=0000B8F7 VISIT_MASK=00000778 TRANSITIONS=00000006 LAST_STATE=00000008 IRQ_COUNT=01FCDAA1 IRQ_MASK=FFFF0001 IRQ_STATUS=FFFF0000
2026-09-29T13:40:02.081150161Z	WR_SPLL_EVENTS: TAG_VALID_COUNT=01FF1C1D/01FF2213 TRR_WRITE_COUNT=01FF1C1D/01FF250E
2026-09-29T13:40:02.081846265Z	WR_SPLL_EVENTS_RAW: TAG_VALID_COUNT=01FF1C82/01FF254B TRR_WRITE_COUNT=01FF1CAD/01FF2576
2026-09-29T13:40:02.082526457Z	WR_SPLL_SOURCE_RAW: TAG_SOURCE_COUNT=072AF022/072AF8EB
2026-09-29T13:40:02.083241055Z	WDIAGS_VER:00000002 SPLL_CSR:F101C0F0 SPLL_ECCR:7FFFFFF0 SPLL_OCCR:00000000
2026-09-29T13:40:02.083921429Z	WDIAGS_SSTAT:00000501 WDIAGS_PSTAT:00000003 WDIAGS_PTP:00004109
2026-09-29T13:40:02.084809125Z	WDIAGS_PTP_RX:00004BBE WDIAGS_PTP_TX:00002174 WDIAGS_PTP_META:03010309
2026-09-29T13:40:02.085553365Z	WDIAGS_FOREIGN_META:03000001 WDIAGS_FILTER_META:00000000 WDIAGS_PARSE_META:07016AA1
2026-09-29T13:40:02.086337883Z	WDIAGS_DMS_H:00000000 WDIAGS_DMS_L:0002C03B WDIAGS_CKO:0000020F WDIAGS_SETP:FFFFEB78 WDIAGS_UCNT:00000E57
2026-09-29T13:40:02.087140051Z	PPS_CR:01312D06 PPS_ESCR:0000110C WDIAGS_SPLL_HY:00000000 WDIAGS_SPLL_MY:00000000
2026-09-29T13:40:02.088021979Z	DECODE: status_low=FF time_valid=1 pps_valid=1 wr_mode=3 sstat_wr_valid=1 servo_state=5 link_up=1 spll_locked=1
2026-09-29T13:40:02.089140458Z	PARENT: foreign_count=1 foreign_best=0 detection=0 wr_config=3 is_wr=1 mode_on=1 calibrated=1
2026-09-29T13:40:02.090175642Z	WR_LOCAL: tag=A mode_on=1 parent_mode_on=1 calibrated=1 parent_is_wr=1 parent_calibrated=1 wr_config=2 parent_wr_config=3 state=0 next_state=0 parent_detection=0 wr_mode=2
2026-09-29T13:40:02.091238193Z	WR_SIGNAL: rx_msg=0x1005 rx_count=6 tx_msg=0x1004 tx_count=7 fail_role=2 fail_state=2 fail_count=2
2026-09-29T13:40:02.092326288Z	WR_SIGNAL_REJECT: count=0 reason=0
2026-09-29T13:40:02.093528352Z	WR_LOCK: result=0 spll_locked=1 polls=8698467 unlocked=8693838 calibration_fail=1113 enable=11 seq_state=8 align_state=0 mode=3 delock_count=0
2026-09-29T13:40:03.224090972Z	STEP5_LOCKDET: boundary=LOCKED_SAMPLE HELPER locked=1 changed=0 cnt=1000/1000 threshold=2000 ref_src=0 MAIN enabled=1 locked=1 freq=1 phase=1 freq_cnt=50/50 phase_cnt=1000/1000 PSTAT_locked=1
2026-09-29T13:40:03.226214148Z	STEP5_SAMPLE_VALID: 1 (independent of live counter/DAC equality; full_frame_valid=0)
2026-09-29T13:40:03.228339727Z	SESSION_SAMPLE_RESULT board=DE5 [1-11.2] sample=003 accepted=1 retries=0
2026-09-29T13:40:03.230446449Z	SESSION_SAMPLE board=DE5 [1-11.2] sample=004 attempt=0 status=22821AE120FC82FF
2026-09-29T13:40:03.232575793Z	FRAME_VALID: 0 CTRL_BEGIN=00000001 CTRL_END=00000001 RETRY_INDEX=0
2026-09-29T13:40:03.234463715Z	SPLL_BLOCK_VALID: 1 A=F101C0F0/7FFFFFF0/00000000 B=F101C0F0/7FFFFFF0/00000000
2026-09-29T13:40:03.236469427Z	PARENT_BLOCK_VALID: 0 A=03010309/03000001/07016AA5 B=03010309/03000001/07016AA7
2026-09-29T13:40:03.237982433Z	WR_STATE_BLOCK_VALID: 1 A=A040035F B=A040035F
2026-09-29T13:40:03.239301919Z	WR_SIGNAL_BLOCK_VALID: 1 RX=10050006/10050006 TX=10040007/10040007 FAIL=02020002/02020002 REJECT=00000000/00000000
2026-09-29T13:40:03.240442188Z	WR_CLOCK_ACTIVITY: BEGIN=002C8423B318B36A END=002BECD41BB71C1B
2026-09-29T13:40:03.241460176Z	WR_LOCK_BLOCK_VALID: 0 RESULT=E6490700/E6490700 POLLS=0084BA63/0084BA64 UNLOCKED=0084A84E/0084A84E CALIB_FAIL=00000459/00000459 ENABLE=0000000B/0000000B SPLL=00030008/00030008
2026-09-29T13:40:03.242354376Z	WR_SPLL_HW_BLOCK_VALID: 0 OCER=0441DF01/38059F01 RCER=00000001/00000001 OCCR=FF0101FF/FF0101FF TRR_CSR=01BE2808/01BE30FA DAC_HPLL=23C83456/2604804E DAC_MAIN=00000080/00000080
2026-09-29T13:40:03.243141301Z	WR_SPLL_LOCKDET: HELPER=03E80001 LIMITS=03E807D0 MAIN=3E80320F FREQ_LIMITS=00320014 PHASE_LIMITS=03E804B0
2026-09-29T13:40:03.243882695Z	WR_SPLL_ACTIVITY: REF_COUNT=00FFC3EF TAG_COUNT=00FF6715 HELPER_ERROR=FFFFFFC1 HELPER_OUTPUT=0000B91E VISIT_MASK=00000778 TRANSITIONS=00000006 LAST_STATE=00000008 IRQ_COUNT=01FCEC83 IRQ_MASK=FFFF0001 IRQ_STATUS=FFFF0000
2026-09-29T13:40:03.244460948Z	WR_SPLL_EVENTS: TAG_VALID_COUNT=01FF2B04/01FF33F4 TRR_WRITE_COUNT=01FF2DFE/01FF33F4
2026-09-29T13:40:03.245164809Z	WR_SPLL_EVENTS_RAW: TAG_VALID_COUNT=01FF2E35/01FF36F7 TRR_WRITE_COUNT=01FF2E61/01FF3722
2026-09-29T13:40:03.245817493Z	WR_SPLL_SOURCE_RAW: TAG_SOURCE_COUNT=072B01D6/072B0A97
2026-09-29T13:40:03.246465162Z	WDIAGS_VER:00000002 SPLL_CSR:F101C0F0 SPLL_ECCR:7FFFFFF0 SPLL_OCCR:00000000
2026-09-29T13:40:03.246880963Z	WDIAGS_SSTAT:00000501 WDIAGS_PSTAT:00000003 WDIAGS_PTP:00004109
2026-09-29T13:40:03.247262041Z	WDIAGS_PTP_RX:00004BC1 WDIAGS_PTP_TX:00002177 WDIAGS_PTP_META:03010309
2026-09-29T13:40:03.247608785Z	WDIAGS_FOREIGN_META:03000001 WDIAGS_FILTER_META:00000000 WDIAGS_PARSE_META:07016AA5
2026-09-29T13:40:03.247946721Z	WDIAGS_DMS_H:00000000 WDIAGS_DMS_L:0002C01B WDIAGS_CKO:00000231 WDIAGS_SETP:FFFFEB78 WDIAGS_UCNT:00000E58
2026-09-29T13:40:03.248287009Z	PPS_CR:01312D06 PPS_ESCR:0000110C WDIAGS_SPLL_HY:00000000 WDIAGS_SPLL_MY:00000000
2026-09-29T13:40:03.248625229Z	DECODE: status_low=FF time_valid=1 pps_valid=1 wr_mode=3 sstat_wr_valid=1 servo_state=5 link_up=1 spll_locked=1
2026-09-29T13:40:03.248954898Z	PARENT: foreign_count=1 foreign_best=0 detection=0 wr_config=3 is_wr=1 mode_on=1 calibrated=1
2026-09-29T13:40:03.249301244Z	WR_LOCAL: tag=A mode_on=1 parent_mode_on=1 calibrated=1 parent_is_wr=1 parent_calibrated=1 wr_config=2 parent_wr_config=3 state=0 next_state=0 parent_detection=0 wr_mode=2
2026-09-29T13:40:03.249632502Z	WR_SIGNAL: rx_msg=0x1005 rx_count=6 tx_msg=0x1004 tx_count=7 fail_role=2 fail_state=2 fail_count=2
2026-09-29T13:40:03.249957544Z	WR_SIGNAL_REJECT: count=0 reason=0
2026-09-29T13:40:03.250289261Z	WR_LOCK: result=0 spll_locked=1 polls=8698467 unlocked=8693838 calibration_fail=1113 enable=11 seq_state=8 align_state=0 mode=3 delock_count=0
2026-09-29T13:40:03.250628483Z	STEP5_LOCKDET: boundary=LOCKED_SAMPLE HELPER locked=1 changed=0 cnt=1000/1000 threshold=2000 ref_src=0 MAIN enabled=1 locked=1 freq=1 phase=1 freq_cnt=50/50 phase_cnt=1000/1000 PSTAT_locked=1
2026-09-29T13:40:03.250963680Z	STEP5_SAMPLE_VALID: 1 (independent of live counter/DAC equality; full_frame_valid=0)
2026-09-29T13:40:03.251289335Z	SESSION_SAMPLE_RESULT board=DE5 [1-11.2] sample=004 accepted=1 retries=0
2026-09-29T13:40:03.251618697Z	SESSION_SAMPLE board=DE5 [1-11.2] sample=005 attempt=0 status=B0821AC130BC82FF
2026-09-29T13:40:03.251948818Z	FRAME_VALID: 0 CTRL_BEGIN=00000001 CTRL_END=00000001 RETRY_INDEX=0
2026-09-29T13:40:03.252282734Z	SPLL_BLOCK_VALID: 1 A=F101C0F0/7FFFFFF0/00000000 B=F101C0F0/7FFFFFF0/00000000
2026-09-29T13:40:03.252612730Z	PARENT_BLOCK_VALID: 0 A=03010309/03000001/07016AA7 B=03010309/03000001/07016BA8
2026-09-29T13:40:03.252947960Z	WR_STATE_BLOCK_VALID: 1 A=A040035F B=A040035F
2026-09-29T13:40:03.253286573Z	WR_SIGNAL_BLOCK_VALID: 1 RX=10050006/10050006 TX=10040007/10040007 FAIL=02020002/02020002 REJECT=00000000/00000000
2026-09-29T13:40:03.253615393Z	WR_CLOCK_ACTIVITY: BEGIN=002FEF531E371E9B END=0029546E834083B5
2026-09-29T13:40:03.253968418Z	WR_LOCK_BLOCK_VALID: 1 RESULT=E6490700/E6490700 POLLS=0084BA64/0084BA64 UNLOCKED=0084A84E/0084A84E CALIB_FAIL=00000459/00000459 ENABLE=0000000B/0000000B SPLL=00030008/00030008
2026-09-29T13:40:03.254307631Z	WR_SPLL_HW_BLOCK_VALID: 0 OCER=6B725F01/9F031F01 RCER=00000001/00000001 OCCR=FF0101FF/FF0101FF TRR_CSR=01BE39EA/01BE42DA DAC_HPLL=2840A069/2A7CE7A0 DAC_MAIN=00000080/00000080
2026-09-29T13:40:03.254642320Z	WR_SPLL_LOCKDET: HELPER=03E80001 LIMITS=03E807D0 MAIN=3E80320F FREQ_LIMITS=00320014 PHASE_LIMITS=03E804B0
2026-09-29T13:40:03.254988972Z	WR_SPLL_ACTIVITY: REF_COUNT=00FFCCE0 TAG_COUNT=00FF7005 HELPER_ERROR=0000004C HELPER_OUTPUT=0000B919 VISIT_MASK=00000778 TRANSITIONS=00000006 LAST_STATE=00000008 IRQ_COUNT=01FCFE64 IRQ_MASK=FFFF0001 IRQ_STATUS=FFFF0000
2026-09-29T13:40:03.255332414Z	WR_SPLL_EVENTS: TAG_VALID_COUNT=01FF3CE5/01FF45D6 TRR_WRITE_COUNT=01FF3CE5/01FF45D6
2026-09-29T13:40:03.255673348Z	WR_SPLL_EVENTS_RAW: TAG_VALID_COUNT=01FF3FCA/01FF4894 TRR_WRITE_COUNT=01FF3FF4/01FF48C0
2026-09-29T13:40:03.256008022Z	WR_SPLL_SOURCE_RAW: TAG_SOURCE_COUNT=072B136A/072B1C34
2026-09-29T13:40:03.256356467Z	WDIAGS_VER:00000002 SPLL_CSR:F101C0F0 SPLL_ECCR:7FFFFFF0 SPLL_OCCR:00000000
2026-09-29T13:40:03.256687633Z	WDIAGS_SSTAT:00000501 WDIAGS_PSTAT:00000003 WDIAGS_PTP:00004109
2026-09-29T13:40:03.257014707Z	WDIAGS_PTP_RX:00004BC4 WDIAGS_PTP_TX:00002178 WDIAGS_PTP_META:03010309
2026-09-29T13:40:03.257350741Z	WDIAGS_FOREIGN_META:03000001 WDIAGS_FILTER_META:00000000 WDIAGS_PARSE_META:07016AA7
2026-09-29T13:40:03.257687689Z	WDIAGS_DMS_H:00000000 WDIAGS_DMS_L:0002C01B WDIAGS_CKO:00000231 WDIAGS_SETP:FFFFEB78 WDIAGS_UCNT:00000E58
2026-09-29T13:40:03.258015220Z	PPS_CR:01312D06 PPS_ESCR:0000110C WDIAGS_SPLL_HY:00000000 WDIAGS_SPLL_MY:00000000
2026-09-29T13:40:03.258355925Z	DECODE: status_low=FF time_valid=1 pps_valid=1 wr_mode=3 sstat_wr_valid=1 servo_state=5 link_up=1 spll_locked=1
2026-09-29T13:40:03.258690660Z	PARENT: foreign_count=1 foreign_best=0 detection=0 wr_config=3 is_wr=1 mode_on=1 calibrated=1
2026-09-29T13:40:03.259028570Z	WR_LOCAL: tag=A mode_on=1 parent_mode_on=1 calibrated=1 parent_is_wr=1 parent_calibrated=1 wr_config=2 parent_wr_config=3 state=0 next_state=0 parent_detection=0 wr_mode=2
2026-09-29T13:40:03.259360530Z	WR_SIGNAL: rx_msg=0x1005 rx_count=6 tx_msg=0x1004 tx_count=7 fail_role=2 fail_state=2 fail_count=2
2026-09-29T13:40:03.259692593Z	WR_SIGNAL_REJECT: count=0 reason=0
2026-09-29T13:40:03.260024230Z	WR_LOCK: result=0 spll_locked=1 polls=8698468 unlocked=8693838 calibration_fail=1113 enable=11 seq_state=8 align_state=0 mode=3 delock_count=0
2026-09-29T13:40:03.260377792Z	STEP5_LOCKDET: boundary=LOCKED_SAMPLE HELPER locked=1 changed=0 cnt=1000/1000 threshold=2000 ref_src=0 MAIN enabled=1 locked=1 freq=1 phase=1 freq_cnt=50/50 phase_cnt=1000/1000 PSTAT_locked=1
2026-09-29T13:40:03.260706159Z	STEP5_SAMPLE_VALID: 1 (independent of live counter/DAC equality; full_frame_valid=0)
2026-09-29T13:40:03.261036727Z	SESSION_SAMPLE_RESULT board=DE5 [1-11.2] sample=005 accepted=1 retries=0
2026-09-29T13:40:03.261355312Z	STEP5_SERIES_RESULT board=DE5 [1-11.2] result=STABLE_LOCK_CANDIDATE valid_samples=5
2026-09-29T13:40:03.261669660Z	SESSION_TIME_SERIES_DONE
2026-09-29T13:40:03.262013993Z	Info (23030): Evaluation of Tcl script /home/b10504072/04_WR/artifacts/milestones/step6_global_time/source/scripts/jtag/read_wb_timeseries_session.tcl was successful
2026-09-29T13:40:03.262353855Z	Info: Quartus Prime SignalTap II was successful. 0 errors, 0 warnings
2026-09-29T13:40:03.262677646Z	    Info: Peak virtual memory: 772 megabytes
2026-09-29T13:40:03.263013566Z	    Info: Processing ended: Tue Sep 29 21:40:03 2026
2026-09-29T13:40:03.263339819Z	    Info: Elapsed time: 00:00:07
2026-09-29T13:40:03.263659907Z	    Info: Total CPU time (on all processors): 00:00:00
2026-09-29T13:40:03.263991942Z	CAPTURE_END_UTC=2026-09-29T13:40:03,256130692+00:00
2026-09-29T13:40:03.264326307Z	CAPTURE_PROCESS_EXIT=0
