Info: *******************************************************************
Info: Running Quartus Prime Signal Tap
    Info: Version 21.3.0 Build 170 09/23/2021 SC Pro Edition
    Info: Copyright (C) 2021  Intel Corporation. All rights reserved.
    Info: Your use of Intel Corporation's design tools, logic functions 
    Info: and other software and tools, and any partner logic 
    Info: functions, and any output files from any of the foregoing 
    Info: (including device programming or simulation files), and any 
    Info: associated documentation or information are expressly subject 
    Info: to the terms and conditions of the Intel Program License 
    Info: Subscription Agreement, the Intel Quartus Prime License Agreement,
    Info: the Intel FPGA IP License Agreement, or other applicable license
    Info: agreement, including, without limitation, that your use is for
    Info: the sole purpose of programming logic devices manufactured by
    Info: Intel and sold by Intel or its authorized distributors.  Please
    Info: refer to the applicable agreement for further details, at
    Info: https://fpgasoftware.intel.com/eula.
    Info: Processing started: Mon Sep 14 17:18:30 2026
    Info: System process ID: 714544
Info: Command: quartus_stp -t scripts/jtag/read_wb_runtime.tcl --raw
Info: Quartus(args): --raw
RAW mailbox completion toggle wb_sync_toggle=0

============================================================
White Rabbit Runtime 診斷：DE5 [1-11.1]
============================================================

## [Step 1] PHY / 光纖 Link
[pass] si_config_done           結果: 1/1
[pass] wr_ready                 結果: 1/1
[pass] core_tm_link_up          結果: 1/1
[pass] core_link_ok             結果: 1/1
[pass] wr_rx_ready              結果: 1/1
[pass] wr_tx_ready              結果: 1/1
[pass] core_phy_rst             結果: 0/0
[pass] si_id_error              結果: 0/0
[pass] wr_rx_enc_err            結果: 0/0
[pass] wr_tx_enc_err            結果: 0/0
[pass] CPU_RESET_n              結果: 1/1
[pass] wr_rx_locked_to_data     結果: 1/1
[info] wr_rx_locked_to_ref      結果: 1/NA
[info] MOD_PRS_n                結果: 0/NA
[info] INTERRUPT_n              結果: 1/NA
Step 1 pass

## [Step 2] Endpoint / MiniNIC / PTP
[pass] EP_MAC_H/EP_MAC_L        結果: 02:00:22:33:44:01/02:00:22:33:44:01
[pass] WDIAGS_MODE              結果: 2 MASTER/2 MASTER
[pass] WDIAGS_PTP               結果: 6 MASTER (raw=01014106)/6 MASTER
[pass] WDIAGS_PTP_RX            結果: Δ=13/Δ>0
RAW WDIAGS_PTP_RX            before=0x0000000E after=0x0000001B delta=13
[pass] WDIAGS_PTP_TX            結果: Δ=30/Δ>0
RAW WDIAGS_PTP_TX            before=0x0000001D after=0x0000003B delta=30
[pass] WDIAGS_TX                結果: Δ=37/Δ>0
RAW WDIAGS_TX                before=0x00000036 after=0x0000005B delta=37
[pass] WDIAGS_RX                結果: Δ=19/Δ>0
RAW WDIAGS_RX                before=0x00000019 after=0x0000002C delta=19
[pass] WDIAGS_RXERR             結果: Δ=0/Δ=0
RAW WDIAGS_RXERR             before=0x00000000 after=0x00000000 delta=0
Step 2 pass

## [Step 3] WR Parent / Signaling
Step 3 NA

## [Step 4A] Master SoftPLL Event Chain
[pass] DMTD_REF_ACCEPT_EVENT    結果: Δ=23005/Δ>=0
RAW DMTD_REF_ACCEPT_EVENT    before=0x000CE35D after=0x000D3D3A delta=23005
[pass] DMTD_FB_ACCEPT_EVENT     結果: Δ=23537/Δ>=0
RAW DMTD_FB_ACCEPT_EVENT     before=0x00414902 after=0x0041A4F3 delta=23537
[pass] DMTD_ACCEPT              結果: Δ=46542/Δ>0
[pass] SPLL_TAG_VALID_COUNT     結果: Δ=23537/Δ>0
RAW SPLL_TAG_VALID_COUNT     before=0x00027125 after=0x0002CD16 delta=23537
[pass] SPLL_TRR_WRITE_COUNT     結果: Δ=23538/Δ>0
RAW SPLL_TRR_WRITE_COUNT     before=0x00027152 after=0x0002CD44 delta=23538
[pass] WRPC_SPLL_TRR_POP_COUNT  結果: Δ=23626/Δ>0
RAW WRPC_SPLL_TRR_POP_COUNT  before=0x00027059 after=0x0002CCA3 delta=23626
[pass] WDIAGS_IRQ_COUNT         結果: Δ=23626/Δ>0
RAW WDIAGS_IRQ_COUNT         before=0x00027059 after=0x0002CCA3 delta=23626
[pass] WDIAGS_HELPER_UPDATE_COUNT 結果: Δ=23247/Δ>0
RAW WDIAGS_HELPER_UPDATE_COUNT before=0x000271D4 after=0x0002CCA3 delta=23247
[pass] BOOT_GENERATION          結果: Δ=0/Δ=0
RAW BOOT_GENERATION          before=0x00000001 after=0x00000001 delta=0
[pass] CPU_RESET_COUNT          結果: Δ=0/Δ=0
RAW CPU_RESET_COUNT          before=0x00000001 after=0x00000001 delta=0
[pass] WR_CORE_RESET_COUNT      結果: Δ=0/Δ=0
RAW WR_CORE_RESET_COUNT      before=0x00000001 after=0x00000001 delta=0
[pass] SI_CONFIG_DROP_COUNT     結果: Δ=0/Δ=0
RAW SI_CONFIG_DROP_COUNT     before=0x00000001 after=0x00000001 delta=0
STEP4A_MASTER_EVENT_CHAIN = PASS
Step 4 pass

## [Step 5] Closed-loop Lock
STEP5_RESULT = NOT_APPLICABLE_MASTER
STEP5_FIRST_INACTIVE_BOUNDARY = SLAVE_ONLY
Step 5 NA (Step5 closed-loop gate is for Slave)

## [Step 6] Global Time
Step 6 NA

============================================================
White Rabbit Runtime 診斷：DE5 [1-11.1]
============================================================
Step 1 PHY / Link             pass
Step 2 Endpoint / PTP         pass
Step 3 WR Handshake           NA
Step 4 Step4A Master Event Chain pass
Step 5 Closed-loop Lock       NA
Step 6 Global Time            NA
STEP1_REGRESSION = PASS
STEP2_REGRESSION = PASS
STEP3_REGRESSION = PASS
STEP4A_RESULT = PASS
STEP5_RESULT = NOT_APPLICABLE_MASTER
STEP5_FIRST_INACTIVE_BOUNDARY = SLAVE_ONLY
FAILURE_CLASSIFICATION = NO_FAILURE_EVIDENCE
============================================================

================ RAW_SNAPSHOT ================
RAW_SNAPSHOT board=DE5 [1-11.1] label=before
  status           = 8110C243317082FF
  cpu              = 0000007C00000ADC
  marker           = 000000010000B004
  store            = 0002622D0001EB08
  store_count      = 000000000112C461
  exception        = 8000000B00001224
  clock            = 003F4049FC890177
  boot_generation  = 00000001
  cpu_reset_count  = 00000001
  wr_core_reset_count = 00000001
  si_config_drop_count = 00000001
  pps_cr           = 01312D06
  pps_escr         = 0000000C
  ep_mach          = 02000200
  ep_macl          = 22334401
  ep_dsr           = 42000000
  ptp              = 01014106
  ptp_rx           = 0000000E
  ptp_tx           = 0000001D
  ptp_meta         = 02010306
  tx               = 00000036
  rx               = 00000019
  rxerr            = 00000000
  ptp_types        = 01010101
  foreign_meta     = INVALID
  filter_meta      = 00000000
  parse_meta       = 00010119
  wr_rx_signal     = 10000001
  wr_tx_signal     = 10010001
  wr_failure       = 00000000
  wr_state         = A0219864
  wr_reject        = 00000000
  pstat            = 00000001
  sstat            = 00000000
  sec_h            = 00000000
  sec_l            = 00000028
  ns               = 2BBF45B8
  lock_enable      = 00000000
  lock_result      = 00000000
  lock_polls       = 00000000
  lock_unlocked    = 00000000
  lock_calibration_fail = 00000000
  spll_state       = 00020004
  spll_ocer        = ECB36201
  spll_rcer        = 00000000
  spll_occr        = 8600014B
  spll_trr_csr     = 00026AC8
  spll_dac_hpll    = 32B9F9B5
  spll_dac_main    = 00000001
  spll_helper_state = 00060100
  spll_helper_limits = 03E807D0
  spll_main_state  = 00000000
  spll_main_limits = 00320032
  spll_main_phase_limits = 03E804B0
  spll_state_visit_mask = 00000618
  spll_state_transitions = 00000003
  spll_last_state  = 00000004
  spll_init_count  = 00000001
  dmtd_ref         = 000CE35D
  dmtd_fb          = 00414902
  dmtd_ref_high_qual_abort = 00196505
  dmtd_fb_high_qual_abort = 0001EB91
  tag_valid        = 00027125
  trr_write        = 00027152
  irq              = 00027059
  helper_update    = 000271D4
  spll_helper_error = FFFDB610
  spll_helper_output = 0000FFFB
  eic_isr          = FFFF0000
  current_tics     = 0000A642
RAW_SNAPSHOT board=DE5 [1-11.1] label=after
  status           = 0110C8C3215082FF
  cpu              = 0000007C00001220
  marker           = 000000010000B004
  store            = 0002BE9A0001EB08
  store_count      = 000000000141CBC6
  exception        = 8000000B00001228
  clock            = 002BC4727FFD85A3
  boot_generation  = 00000001
  cpu_reset_count  = 00000001
  wr_core_reset_count = 00000001
  si_config_drop_count = 00000001
  pps_cr           = 01312D06
  pps_escr         = 0000000C
  ep_mach          = 02000200
  ep_macl          = 22334401
  ep_dsr           = 42000000
  ptp              = 01014106
  ptp_rx           = 0000001B
  ptp_tx           = 0000003B
  ptp_meta         = 02010306
  tx               = 0000005B
  rx               = 0000002C
  rxerr            = 00000000
  ptp_types        = 01010101
  foreign_meta     = 0000FF00
  filter_meta      = 00000000
  parse_meta       = 0001012D
  wr_rx_signal     = 10000001
  wr_tx_signal     = 10010001
  wr_failure       = 00000000
  wr_state         = A0219864
  wr_reject        = 00000000
  pstat            = 00000001
  sstat            = 00000000
  sec_h            = 00000000
  sec_l            = 0000002E
  ns               = 31D22460
  lock_enable      = 00000000
  lock_result      = 00000000
  lock_polls       = 00000000
  lock_unlocked    = 00000000
  lock_calibration_fail = 00000000
  spll_state       = 00020004
  spll_ocer        = 3631BC01
  spll_rcer        = 00000000
  spll_occr        = 06000112
  spll_trr_csr     = 0002C816
  spll_dac_hpll    = 602D1490
  spll_dac_main    = 00000001
  spll_helper_state = 00060100
  spll_helper_limits = 03E807D0
  spll_main_state  = 00000000
  spll_main_limits = 00320032
  spll_main_phase_limits = 03E804B0
  spll_state_visit_mask = 00000618
  spll_state_transitions = 00000003
  spll_last_state  = 00000004
  spll_init_count  = 00000001
  dmtd_ref         = 000D3D3A
  dmtd_fb          = 0041A4F3
  dmtd_ref_high_qual_abort = 001B4438
  dmtd_fb_high_qual_abort = 0002343D
  tag_valid        = 0002CD16
  trr_write        = 0002CD44
  irq              = 0002CCA3
  helper_update    = 0002CCA3
  spll_helper_error = FFFDB610
  spll_helper_output = 0000FFFB
  eic_isr          = FFFF0000
  current_tics     = 0000BE18
RAW mailbox completion toggle wb_sync_toggle=0

============================================================
White Rabbit Runtime 診斷：DE5 [1-11.2]
============================================================

## [Step 1] PHY / 光纖 Link
[pass] si_config_done           結果: 1/1
[pass] wr_ready                 結果: 1/1
[pass] core_tm_link_up          結果: 1/1
[pass] core_link_ok             結果: 1/1
[pass] wr_rx_ready              結果: 1/1
[pass] wr_tx_ready              結果: 1/1
[pass] core_phy_rst             結果: 0/0
[pass] si_id_error              結果: 0/0
[pass] wr_rx_enc_err            結果: 0/0
[pass] wr_tx_enc_err            結果: 0/0
[pass] CPU_RESET_n              結果: 1/1
[pass] wr_rx_locked_to_data     結果: 1/1
[info] wr_rx_locked_to_ref      結果: 0/NA
[info] MOD_PRS_n                結果: 0/NA
[info] INTERRUPT_n              結果: 1/NA
Step 1 pass

## [Step 2] Endpoint / MiniNIC / PTP
[pass] EP_MAC_H/EP_MAC_L        結果: 02:00:22:33:44:02/02:00:22:33:44:02
[pass] WDIAGS_MODE              結果: 3 SLAVE/3 SLAVE
[info] WDIAGS_PTP               結果: 8 UNCALIBRATED (raw=00004108)/NA
[pass] WDIAGS_PTP_RX            結果: Δ=29/Δ>0
RAW WDIAGS_PTP_RX            before=0x0000003D after=0x0000005A delta=29
[pass] WDIAGS_PTP_TX            結果: Δ=13/Δ>0
RAW WDIAGS_PTP_TX            before=0x00000017 after=0x00000024 delta=13
[pass] WDIAGS_TX                結果: Δ=20/Δ>0
RAW WDIAGS_TX                before=0x00000035 after=0x00000049 delta=20
[pass] WDIAGS_RX                結果: Δ=37/Δ>0
RAW WDIAGS_RX                before=0x00000050 after=0x00000075 delta=37
[pass] WDIAGS_RXERR             結果: Δ=0/Δ=0
RAW WDIAGS_RXERR             before=0x00000000 after=0x00000000 delta=0
Step 2 NA

## [Step 3] WR Parent / Signaling
[pass] WDIAGS_FOREIGN_META      結果: 1/1
[pass] WDIAGS_FOREIGN_META      結果: 0/0
[info] WDIAGS_FOREIGN_META      結果: detection=0 config=3/NA
[pass] parentIsWRnode           結果: 1/1
[info] parentWrModeOn           結果: 0/NA
[pass] parentCalibrated         結果: 1/1
[pass] WR_RX_SIGNAL_DEBUG       結果: LOCK count=1/LOCK 0x1001,count>0
[pass] WR_TX_SIGNAL_DEBUG       結果: SLAVE_PRESENT count=1/SLAVE_PRESENT 0x1000,count>0
[pass] WDIAGS_TEMP              結果: WRS_S_LOCK next=WRS_S_LOCK/WRS_S_LOCK=2
[pass] LOCK_ENABLE              結果: 1/> 0
Step 3 pass

## [Step 4B] Slave SoftPLL Startup
[info] STEP4B_UPSTREAM_GATE     結果: BLOCKED/NA
STEP4B_ALLOWED = NO
STEP4B_RESULT = BLOCKED_BY_STEP2
STEP4B_FIRST_INACTIVE_BOUNDARY = UPSTREAM_PREREQUISITE
Step 4B BLOCKED (upstream prerequisite)
Step 4 NA

## [Step 5] Closed-loop Lock
STEP5_RESULT = UPSTREAM_NOT_READY
STEP5_FIRST_INACTIVE_BOUNDARY = UPSTREAM_STEP4B
Step 5 NA

## [Step 6] Global Time
Step 6 NA

============================================================
White Rabbit Runtime 診斷：DE5 [1-11.2]
============================================================
Step 1 PHY / Link             pass
Step 2 Endpoint / PTP         NA
Step 3 WR Handshake           pass
Step 4 Step4B Slave SoftPLL Startup blocked
Step 5 Closed-loop Lock       NA
Step 6 Global Time            NA
STEP1_REGRESSION = PASS
STEP2_REGRESSION = INVALID
STEP3_REGRESSION = PASS
STEP4B_ALLOWED = NO
STEP4B_RESULT = BLOCKED_BY_STEP2
STEP4B_FIRST_INACTIVE_BOUNDARY = UPSTREAM_PREREQUISITE
STEP5_RESULT = UPSTREAM_NOT_READY
STEP5_FIRST_INACTIVE_BOUNDARY = UPSTREAM_STEP4B
FAILURE_CLASSIFICATION = JTAG/DASHBOARD_MEASUREMENT_FAILURE
============================================================

================ RAW_SNAPSHOT ================
RAW_SNAPSHOT board=DE5 [1-11.2] label=before
  status           = D11071E3237082EF
  cpu              = 0000007C00001228
  marker           = 000000010000B004
  store            = 000147280001EB08
  store_count      = 00000000005002A3
  exception        = 8000000B00001228
  clock            = 002AF736F7ADF9FE
  boot_generation  = 00000001
  cpu_reset_count  = 00000001
  wr_core_reset_count = 00000001
  si_config_drop_count = 00000001
  pps_cr           = 01312D06
  pps_escr         = 00000000
  ep_mach          = 02000200
  ep_macl          = 22334402
  ep_dsr           = 42000000
  ptp              = 00004108
  ptp_rx           = 0000003D
  ptp_tx           = 00000017
  ptp_meta         = 03010308
  tx               = 00000035
  rx               = 00000050
  rxerr            = 00000000
  ptp_types        = 010D070E
  foreign_meta     = 03000001
  filter_meta      = 00000000
  parse_meta       = 050107F0
  wr_rx_signal     = 10010001
  wr_tx_signal     = 10000001
  wr_failure       = 00000000
  wr_state         = A041135C
  wr_reject        = 00000000
  pstat            = 00000001
  sstat            = 00000101
  sec_h            = 00000000
  sec_l            = 00000012
  ns               = 2020FA58
  lock_enable      = 00000001
  lock_result      = 00000001
  lock_polls       = 00001166
  lock_unlocked    = 00001166
  lock_calibration_fail = 00000000
  spll_state       = 00030004
  spll_ocer        = 1EA8CB01
  spll_rcer        = 00000001
  spll_occr        = 44000173
  spll_trr_csr     = 00025C94
  spll_dac_hpll    = 8DD912DD
  spll_dac_main    = 00000000
  spll_helper_state = 00000000
  spll_helper_limits = 03E807D0
  spll_main_state  = 00000000
  spll_main_limits = 00320032
  spll_main_phase_limits = 03E804B0
  spll_state_visit_mask = 00000618
  spll_state_transitions = 00000003
  spll_last_state  = 00000004
  spll_init_count  = 00000001
  dmtd_ref         = 01E81C43
  dmtd_fb          = 01B900D5
  dmtd_ref_high_qual_abort = 0007A58A
  dmtd_fb_high_qual_abort = 0005FC3C
  tag_valid        = 0001675F
  trr_write        = 000167B7
  irq              = 0001616C
  helper_update    = 000000CE
  spll_helper_error = 000249F0
  spll_helper_output = 00000005
  eic_isr          = CA400000
  current_tics     = 00004F8F
RAW_SNAPSHOT board=DE5 [1-11.2] label=after
  status           = D110EA41235082EF
  cpu              = 0000007C00001220
  marker           = 000000010000B004
  store            = 000000000001F127
  store_count      = 00000000007571C0
  exception        = 8000000B00001224
  clock            = 002F30B73077337B
  boot_generation  = 00000001
  cpu_reset_count  = 00000001
  wr_core_reset_count = 00000001
  si_config_drop_count = 00000001
  pps_cr           = 01312D06
  pps_escr         = 00000000
  ep_mach          = 02000200
  ep_macl          = 22334402
  ep_dsr           = 42000000
  ptp              = 00004108
  ptp_rx           = 0000005A
  ptp_tx           = 00000024
  ptp_meta         = 03010308
  tx               = 00000049
  rx               = 00000075
  rxerr            = 00000000
  ptp_types        = 02130A14
  foreign_meta     = 03000001
  filter_meta      = 00000000
  parse_meta       = 05010AEE
  wr_rx_signal     = 10010001
  wr_tx_signal     = 10000001
  wr_failure       = 00000000
  wr_state         = A041135C
  wr_reject        = 00000000
  pstat            = 00000001
  sstat            = 00000101
  sec_h            = 00000000
  sec_l            = 00000018
  ns               = 26256D18
  lock_enable      = 00000001
  lock_result      = 00000001
  lock_polls       = 00001AA9
  lock_unlocked    = 00001AA9
  lock_calibration_fail = 00000000
  spll_state       = 00030004
  spll_ocer        = 4CB05001
  spll_rcer        = 00000001
  spll_occr        = FF000171
  spll_trr_csr     = 000212C2
  spll_dac_hpll    = BA90A2A8
  spll_dac_main    = 00000000
  spll_helper_state = 00000000
  spll_helper_limits = 03E807D0
  spll_main_state  = 00000000
  spll_main_limits = 00320032
  spll_main_phase_limits = 03E804B0
  spll_state_visit_mask = 00000618
  spll_state_transitions = 00000003
  spll_last_state  = 00000004
  spll_init_count  = 00000001
  dmtd_ref         = 01E877DB
  dmtd_fb          = 01B95A59
  dmtd_ref_high_qual_abort = 000B938B
  dmtd_fb_high_qual_abort = 00090B24
  tag_valid        = 00021C7C
  trr_write        = 00021CD5
  irq              = 00021577
  helper_update    = 000000CE
  spll_helper_error = 000249F0
  spll_helper_output = 00000005
  eic_isr          = FFFF0000
  current_tics     = 00006764

============================================================
JTAG/WB transport health summary
============================================================
WB_TRANSPORT_PROTOCOL = PRELOAD_THEN_TOGGLE_COMMIT
WB_REQUEST_COUNT = 355
PRELOAD_COUNT = 355
COMMIT_COUNT = 355
WB_PROBE_READ_COUNT = 1775
PRELOAD_UNEXPECTED_TRIGGER_COUNT = 0
PROBE_3WAY_MATCH_COUNT = 355
STABLE_RESPONSE_WRONG_COUNT = 0
ADDRESS_CROSS_CONTAMINATION_COUNT = 0
TIMEOUT_COUNT = 0
INVALID_COUNT = 0
STALE_A5A5_COUNT = 0
UNSTABLE_TRANSACTION_COUNT = 0
DMTD_REF_DECREASE_COUNT = 0
DMTD_FB_DECREASE_COUNT = 0
PRELOAD_PROTOCOL_RUNTIME_REVALIDATION = PASS
JTAG_WB_DIAGNOSTIC_PATH = TRUSTED
============================================================

============================================================
STEP4A_RESULT = PASS
STEP4B_ALLOWED = NO
STEP4B_RESULT = BLOCKED_BY_STEP2
STEP4B_FIRST_INACTIVE_BOUNDARY = UPSTREAM_PREREQUISITE
STEP5_RESULT = NOT_APPLICABLE_MASTER
STEP5_FIRST_INACTIVE_BOUNDARY = SLAVE_ONLY
STEP5_RESULT = UPSTREAM_NOT_READY
STEP5_FIRST_INACTIVE_BOUNDARY = UPSTREAM_STEP4B
============================================================
Info (23030): Evaluation of Tcl script scripts/jtag/read_wb_runtime.tcl was successful
Info: Quartus Prime Signal Tap was successful. 0 errors, 0 warnings
    Info: Peak virtual memory: 677 megabytes
    Info: Processing ended: Mon Sep 14 17:18:45 2026
    Info: Elapsed time: 00:00:15
    Info: System process ID: 714544
