Info: *******************************************************************
Info: Running Quartus Prime Signal Tap
    Info: Version 21.3.0 Build 170 09/23/2021 SC Pro Edition
    Info: Copyright (C) 2021  Intel Corporation. All rights reserved.
    Info: Your use of Intel Corporation's design tools, logic functions 
    Info: and other software and tools, and any partner logic 
    Info: functions, and any output files from any of the foregoing 
    Info: (including device programming or simulation files), and any 
    Info: associated documentation or information are expressly subject 
    Info: to the terms and conditions of the Intel Program License 
    Info: Subscription Agreement, the Intel Quartus Prime License Agreement,
    Info: the Intel FPGA IP License Agreement, or other applicable license
    Info: agreement, including, without limitation, that your use is for
    Info: the sole purpose of programming logic devices manufactured by
    Info: Intel and sold by Intel or its authorized distributors.  Please
    Info: refer to the applicable agreement for further details, at
    Info: https://fpgasoftware.intel.com/eula.
    Info: Processing started: Tue Sep  8 11:38:24 2026
    Info: System process ID: 1731268
Info: Command: quartus_stp -t scripts/jtag/read_wb_runtime.tcl --raw
Info: Quartus(args): --raw
RAW mailbox completion toggle wb_sync_toggle=0

============================================================
White Rabbit Runtime 診斷：DE5 [1-11.1]
============================================================

## [Step 1] PHY / 光纖 Link
[pass] si_config_done           結果: 1/1
[pass] wr_ready                 結果: 1/1
[pass] core_tm_link_up          結果: 1/1
[pass] core_link_ok             結果: 1/1
[pass] wr_rx_ready              結果: 1/1
[pass] wr_tx_ready              結果: 1/1
[pass] core_phy_rst             結果: 0/0
[pass] si_id_error              結果: 0/0
[pass] wr_rx_enc_err            結果: 0/0
[pass] wr_tx_enc_err            結果: 0/0
[pass] CPU_RESET_n              結果: 1/1
[pass] wr_rx_locked_to_data     結果: 1/1
[info] wr_rx_locked_to_ref      結果: 1/NA
[info] MOD_PRS_n                結果: 0/NA
[info] INTERRUPT_n              結果: 1/NA
Step 1 pass

## [Step 2] Endpoint / MiniNIC / PTP
[pass] EP_MAC_H/EP_MAC_L        結果: 02:00:22:33:44:01/02:00:22:33:44:01
[pass] WDIAGS_MODE              結果: 2 MASTER/2 MASTER
[pass] WDIAGS_PTP               結果: 6 MASTER (raw=01014106)/6 MASTER
[pass] WDIAGS_PTP_RX            結果: Δ=13/Δ>0
RAW WDIAGS_PTP_RX            before=0x000000B8 after=0x000000C5 delta=13
[pass] WDIAGS_PTP_TX            結果: Δ=28/Δ>0
RAW WDIAGS_PTP_TX            before=0x00000221 after=0x0000023D delta=28
[pass] WDIAGS_TX                結果: Δ=35/Δ>0
RAW WDIAGS_TX                before=0x000002D2 after=0x000002F5 delta=35
[pass] WDIAGS_RX                結果: Δ=19/Δ>0
RAW WDIAGS_RX                before=0x0000011B after=0x0000012E delta=19
[pass] WDIAGS_RXERR             結果: Δ=0/Δ=0
RAW WDIAGS_RXERR             before=0x00000000 after=0x00000000 delta=0
Step 2 pass

## [Step 3] WR Parent / Signaling
Step 3 NA

## [Step 4A] Master SoftPLL Event Chain
[pass] DMTD_REF_ACCEPT_EVENT    結果: Δ=22935/Δ>=0
RAW DMTD_REF_ACCEPT_EVENT    before=0x00151297 after=0x00156C2E delta=22935
[pass] DMTD_FB_ACCEPT_EVENT     結果: Δ=23563/Δ>=0
RAW DMTD_FB_ACCEPT_EVENT     before=0x0049F019 after=0x004A4C24 delta=23563
[pass] DMTD_ACCEPT              結果: Δ=46498/Δ>0
[pass] SPLL_TAG_VALID_COUNT     結果: Δ=23561/Δ>0
RAW SPLL_TAG_VALID_COUNT     before=0x000A7CA6 after=0x000AD8AF delta=23561
[pass] SPLL_TRR_WRITE_COUNT     結果: Δ=23561/Δ>0
RAW SPLL_TRR_WRITE_COUNT     before=0x000A7CD3 after=0x000AD8DC delta=23561
[pass] WRPC_SPLL_TRR_POP_COUNT  結果: Δ=23625/Δ>0
RAW WRPC_SPLL_TRR_POP_COUNT  before=0x000A7BAA after=0x000AD7F3 delta=23625
[pass] WDIAGS_IRQ_COUNT         結果: Δ=23625/Δ>0
RAW WDIAGS_IRQ_COUNT         before=0x000A7BAA after=0x000AD7F3 delta=23625
[pass] WDIAGS_HELPER_UPDATE_COUNT 結果: Δ=23237/Δ>0
RAW WDIAGS_HELPER_UPDATE_COUNT before=0x000A7D2E after=0x000AD7F3 delta=23237
[pass] BOOT_GENERATION          結果: Δ=0/Δ=0
RAW BOOT_GENERATION          before=0x00000001 after=0x00000001 delta=0
[pass] CPU_RESET_COUNT          結果: Δ=0/Δ=0
RAW CPU_RESET_COUNT          before=0x00000001 after=0x00000001 delta=0
[pass] WR_CORE_RESET_COUNT      結果: Δ=0/Δ=0
RAW WR_CORE_RESET_COUNT      before=0x00000001 after=0x00000001 delta=0
[pass] SI_CONFIG_DROP_COUNT     結果: Δ=0/Δ=0
RAW SI_CONFIG_DROP_COUNT     before=0x00000001 after=0x00000001 delta=0
STEP4A_MASTER_EVENT_CHAIN = PASS
Step 4 pass

## [Step 5] Closed-loop Lock
STEP5_RESULT = NOT_APPLICABLE_MASTER
STEP5_FIRST_INACTIVE_BOUNDARY = SLAVE_ONLY
Step 5 NA (Step5 closed-loop gate is for Slave)

## [Step 6] Global Time
Step 6 NA

============================================================
White Rabbit Runtime 診斷：DE5 [1-11.1]
============================================================
Step 1 PHY / Link             pass
Step 2 Endpoint / PTP         pass
Step 3 WR Handshake           NA
Step 4 Step4A Master Event Chain pass
Step 5 Closed-loop Lock       NA
Step 6 Global Time            NA
STEP1_REGRESSION = PASS
STEP2_REGRESSION = PASS
STEP3_REGRESSION = PASS
STEP4A_RESULT = PASS
STEP5_RESULT = NOT_APPLICABLE_MASTER
STEP5_FIRST_INACTIVE_BOUNDARY = SLAVE_ONLY
FAILURE_CLASSIFICATION = NO_FAILURE_EVIDENCE
============================================================

================ RAW_SNAPSHOT ================
RAW_SNAPSHOT board=DE5 [1-11.1] label=before
  status           = 3110DE41285082FF
  cpu              = 0000007C000011B0
  marker           = 000000010000B004
  store            = 000A6E4B0001E2A0
  store_count      = 00000000044E0122
  exception        = 8000000B000011AC
  clock            = 002CAC795B5A7060
  boot_generation  = 00000001
  cpu_reset_count  = 00000001
  wr_core_reset_count = 00000001
  si_config_drop_count = 00000001
  pps_cr           = 01312D06
  pps_escr         = 0000000C
  ep_mach          = 02000200
  ep_macl          = 22334401
  ep_dsr           = 42000000
  ptp              = 01014106
  ptp_rx           = 000000B8
  ptp_tx           = 00000221
  ptp_meta         = 02020406
  tx               = 000002D2
  rx               = 0000011B
  rxerr            = 00000000
  ptp_types        = 01010101
  foreign_meta     = 0000FF00
  filter_meta      = 00000000
  parse_meta       = 00010135
  wr_rx_signal     = 10000001
  wr_tx_signal     = 10010004
  wr_failure       = 01030001
  wr_state         = A0000064
  wr_reject        = 00000000
  pstat            = 00000001
  sstat            = 00000000
  sec_h            = 00000000
  sec_l            = 000000B0
  ns               = 31DAFFA8
  lock_enable      = 00000000
  lock_result      = 00000000
  lock_polls       = 00000000
  lock_unlocked    = 00000000
  lock_calibration_fail = 00000000
  spll_state       = 00020004
  spll_ocer        = 76BDC201
  spll_rcer        = 00000000
  spll_occr        = 740001C4
  spll_trr_csr     = 000A789C
  spll_dac_hpll    = 29802760
  spll_dac_main    = 00000005
  spll_helper_state = 00000100
  spll_helper_limits = 271000C8
  spll_main_state  = 00000000
  spll_main_limits = 00320032
  spll_main_phase_limits = 03E804B0
  spll_state_visit_mask = 00000618
  spll_state_transitions = 00000003
  spll_last_state  = 00000004
  spll_init_count  = 00000001
  dmtd_ref         = 00151297
  dmtd_fb          = 0049F019
  dmtd_ref_high_qual_abort = 00A9AF78
  dmtd_fb_high_qual_abort = 00585D48
  tag_valid        = 000A7CA6
  trr_write        = 000A7CD3
  irq              = 000A7BAA
  helper_update    = 000A7D2E
  spll_helper_error = FFFDB610
  spll_helper_output = 0000FFFB
  eic_isr          = FFFF0000
  current_tics     = 0002B9E8
RAW_SNAPSHOT board=DE5 [1-11.1] label=after
  status           = 9110F5C3285082FF
  cpu              = 0000007C000011A0
  marker           = 000000010000B004
  store            = 000ACA180001E2A0
  store_count      = 0000000004758CA5
  exception        = 8000000B000011AC
  clock            = 0029E1088F36A4F3
  boot_generation  = 00000001
  cpu_reset_count  = 00000001
  wr_core_reset_count = 00000001
  si_config_drop_count = 00000001
  pps_cr           = 01312D06
  pps_escr         = 0000000C
  ep_mach          = 02000200
  ep_macl          = 22334401
  ep_dsr           = 42000000
  ptp              = 01014106
  ptp_rx           = 000000C5
  ptp_tx           = 0000023D
  ptp_meta         = 02020406
  tx               = 000002F5
  rx               = 0000012E
  rxerr            = 00000000
  ptp_types        = 01010101
  foreign_meta     = 0000FF00
  filter_meta      = 00000000
  parse_meta       = 0001014B
  wr_rx_signal     = 10000001
  wr_tx_signal     = 10010004
  wr_failure       = 01030001
  wr_state         = A0000064
  wr_reject        = 00000000
  pstat            = 00000001
  sstat            = 00000000
  sec_h            = 00000000
  sec_l            = 000000B6
  ns               = 37E852D8
  lock_enable      = 00000000
  lock_result      = 00000000
  lock_polls       = 00000000
  lock_unlocked    = 00000000
  lock_calibration_fail = 00000000
  spll_state       = 00020004
  spll_ocer        = 82051C01
  spll_rcer        = 00000000
  spll_occr        = C3000177
  spll_trr_csr     = 0008D268
  spll_dac_hpll    = 56362389
  spll_dac_main    = 00000005
  spll_helper_state = 00000100
  spll_helper_limits = 271000C8
  spll_main_state  = 00000000
  spll_main_limits = 00320032
  spll_main_phase_limits = 03E804B0
  spll_state_visit_mask = 00000618
  spll_state_transitions = 00000003
  spll_last_state  = 00000004
  spll_init_count  = 00000001
  dmtd_ref         = 00156C2E
  dmtd_fb          = 004A4C24
  dmtd_ref_high_qual_abort = 00AD3B20
  dmtd_fb_high_qual_abort = 005B63E4
  tag_valid        = 000AD8AF
  trr_write        = 000AD8DC
  irq              = 000AD7F3
  helper_update    = 000AD7F3
  spll_helper_error = FFFDB610
  spll_helper_output = 0000FFFB
  eic_isr          = FFFF0000
  current_tics     = 0002D1BC
RAW mailbox completion toggle wb_sync_toggle=0

============================================================
White Rabbit Runtime 診斷：DE5 [1-11.2]
============================================================

## [Step 1] PHY / 光纖 Link
[pass] si_config_done           結果: 1/1
[pass] wr_ready                 結果: 1/1
[pass] core_tm_link_up          結果: 1/1
[pass] core_link_ok             結果: 1/1
[pass] wr_rx_ready              結果: 1/1
[pass] wr_tx_ready              結果: 1/1
[pass] core_phy_rst             結果: 0/0
[pass] si_id_error              結果: 0/0
[pass] wr_rx_enc_err            結果: 0/0
[pass] wr_tx_enc_err            結果: 0/0
[pass] CPU_RESET_n              結果: 1/1
[pass] wr_rx_locked_to_data     結果: 1/1
[info] wr_rx_locked_to_ref      結果: 0/NA
[info] MOD_PRS_n                結果: 0/NA
[info] INTERRUPT_n              結果: 1/NA
Step 1 pass

## [Step 2] Endpoint / MiniNIC / PTP
[pass] EP_MAC_H/EP_MAC_L        結果: 02:00:22:33:44:02/02:00:22:33:44:02
[pass] WDIAGS_MODE              結果: 3 SLAVE/3 SLAVE
[pass] WDIAGS_PTP               結果: 9 SLAVE (raw=00004109)/9 SLAVE
[pass] WDIAGS_PTP_RX            結果: Δ=30/Δ>0
RAW WDIAGS_PTP_RX            before=0x000001C6 after=0x000001E4 delta=30
[pass] WDIAGS_PTP_TX            結果: Δ=3/Δ>0
RAW WDIAGS_PTP_TX            before=0x00000098 after=0x0000009B delta=3
[pass] WDIAGS_TX                結果: Δ=20/Δ>0
RAW WDIAGS_TX                before=0x00000149 after=0x0000015D delta=20
[pass] WDIAGS_RX                結果: Δ=34/Δ>0
RAW WDIAGS_RX                before=0x00000234 after=0x00000256 delta=34
[pass] WDIAGS_RXERR             結果: Δ=0/Δ=0
RAW WDIAGS_RXERR             before=0x00000000 after=0x00000000 delta=0
Step 2 pass

## [Step 3] WR Parent / Signaling
[pass] WDIAGS_FOREIGN_META      結果: 1/1
[pass] WDIAGS_FOREIGN_META      結果: 0/0
[info] WDIAGS_FOREIGN_META      結果: detection=0 config=3/NA
[pass] parentIsWRnode           結果: 1/1
[info] parentWrModeOn           結果: 0/NA
[pass] parentCalibrated         結果: 1/1
[pass] WR_RX_SIGNAL_DEBUG       結果: LOCK count=1/LOCK 0x1001,count>0
[pass] WR_TX_SIGNAL_DEBUG       結果: SLAVE_PRESENT count=1/SLAVE_PRESENT 0x1000,count>0
[info] WDIAGS_TEMP              結果: WRS_IDLE next=WRS_IDLE POST_STEP3_TIMEOUT/NA
[pass] LOCK_ENABLE              結果: 4/> 0
[info] WR_FAILURE_DEBUG         結果: TIMEOUT last_fail_state=WRS_S_LOCK failure_count=1/NA
Step 3 pass

## [Step 4B] Slave SoftPLL Startup
[pass] LOCK_ENABLE_COUNT        結果: 4/> 0
[pass] SPLL_MODE                結果: 3 (SPLL_MODE_SLAVE)/3 SPLL_MODE_SLAVE
[pass] SPLL_SEQ_STATE           結果: 4 (SEQ_WAIT_HELPER)/active, not 0/7
[pass] SPLL_STATE_VISIT_MASK    結果: 0x00000618/> 0
[pass] SPLL_INIT_COUNT          結果: 1/> 0
[pass] RCER                     結果: 0x00000001/> 0
[pass] OCER                     結果: 0x6306FA01/> 0
[info] SPLL_ALIGN_STATE         結果: 0/NA
[info] SPLL_STATE_TRANSITIONS   結果: 0x00000003/NA
[info] SPLL_LAST_STATE          結果: 4 (SEQ_WAIT_HELPER)/NA
[info] OCCR                     結果: 0xF9000130/NA
[pass] DMTD_REF_ACCEPT_EVENT    結果: Δ=24561/Δ>=0
RAW DMTD_REF_ACCEPT_EVENT    before=0x025685DA after=0x0256E5CB delta=24561
[pass] DMTD_FB_ACCEPT_EVENT     結果: Δ=23936/Δ>=0
RAW DMTD_FB_ACCEPT_EVENT     before=0x021CB130 after=0x021D0EB0 delta=23936
[pass] DMTD_ACCEPT              結果: Δ=48497/Δ>0
[pass] SPLL_TAG_VALID_COUNT     結果: Δ=48505/Δ>0
RAW SPLL_TAG_VALID_COUNT     before=0x000BE2D1 after=0x000CA04A delta=48505
[pass] SPLL_TRR_WRITE_COUNT     結果: Δ=48506/Δ>0
RAW SPLL_TRR_WRITE_COUNT     before=0x000BE32D after=0x000CA0A7 delta=48506
[pass] WRPC_SPLL_TRR_POP_COUNT  結果: Δ=48593/Δ>0
RAW WRPC_SPLL_TRR_POP_COUNT  before=0x000BE096 after=0x000C9E67 delta=48593
[pass] WDIAGS_IRQ_COUNT         結果: Δ=46792/Δ>0
RAW WDIAGS_IRQ_COUNT         before=0x000BA39A after=0x000C5A62 delta=46792
[pass] WDIAGS_HELPER_UPDATE_COUNT 結果: Δ=24615/Δ>0
RAW WDIAGS_HELPER_UPDATE_COUNT before=0x0006058D after=0x000665B4 delta=24615
[pass] BOOT_GENERATION          結果: Δ=0/Δ=0
RAW BOOT_GENERATION          before=0x00000001 after=0x00000001 delta=0
[pass] CPU_RESET_COUNT          結果: Δ=0/Δ=0
RAW CPU_RESET_COUNT          before=0x00000001 after=0x00000001 delta=0
[pass] WR_CORE_RESET_COUNT      結果: Δ=0/Δ=0
RAW WR_CORE_RESET_COUNT      before=0x00000001 after=0x00000001 delta=0
[pass] SI_CONFIG_DROP_COUNT     結果: Δ=0/Δ=0
RAW SI_CONFIG_DROP_COUNT     before=0x00000001 after=0x00000001 delta=0
STEP4B_ALLOWED = YES
STEP4B_RESULT = PASS
STEP4B_FIRST_INACTIVE_BOUNDARY = ACTIVE
Step 4B pass
Step 4 pass

## [Step 5] Closed-loop Lock
STEP5_LOCKDET_BEFORE: HELPER locked=0 changed=0 cnt=0/10000 threshold=200 ref_src=0 MAIN enabled=0 locked=0 freq=0 phase=0 freq_cnt=0/50 phase_cnt=0/1000 PSTAT_locked=0
STEP5_LOCKDET_AFTER: HELPER locked=0 changed=0 cnt=0/10000 threshold=200 ref_src=0 MAIN enabled=0 locked=0 freq=0 phase=0 freq_cnt=0/50 phase_cnt=0/1000 PSTAT_locked=0
[error] WDIAGS_PSTAT             結果: 0/1
STEP5_RESULT = NEVER_LOCKED
STEP5_FIRST_INACTIVE_BOUNDARY = HELPER_LOCK
Step 5 NA (single window is not stable-lock proof)

## [Step 6] Global Time
Step 6 NA

============================================================
White Rabbit Runtime 診斷：DE5 [1-11.2]
============================================================
Step 1 PHY / Link             pass
Step 2 Endpoint / PTP         pass
Step 3 WR Handshake           pass
Step 4 Step4B Slave SoftPLL Startup pass
Step 5 Closed-loop Lock       NA
Step 6 Global Time            NA
STEP1_REGRESSION = PASS
STEP2_REGRESSION = PASS
STEP3_REGRESSION = PASS
STEP4B_ALLOWED = YES
STEP4B_RESULT = PASS
STEP4B_FIRST_INACTIVE_BOUNDARY = ACTIVE
STEP5_RESULT = NEVER_LOCKED
STEP5_FIRST_INACTIVE_BOUNDARY = HELPER_LOCK
FAILURE_CLASSIFICATION = NO_FAILURE_EVIDENCE
============================================================

================ RAW_SNAPSHOT ================
RAW_SNAPSHOT board=DE5 [1-11.2] label=before
  status           = E11017C1363C82CF
  cpu              = 0000007C000011AC
  marker           = 000000010000B004
  store            = 000B85D70001E2A0
  store_count      = 000000000373D0CA
  exception        = 8000000B000011A8
  clock            = 00283ACC30923D78
  boot_generation  = 00000001
  cpu_reset_count  = 00000001
  wr_core_reset_count = 00000001
  si_config_drop_count = 00000001
  pps_cr           = 01312D02
  pps_escr         = 00000000
  ep_mach          = 02000200
  ep_macl          = 22334402
  ep_dsr           = 42000000
  ptp              = 00004109
  ptp_rx           = 000001C6
  ptp_tx           = 00000098
  ptp_meta         = 03020409
  tx               = 00000149
  rx               = 00000234
  rxerr            = 00000000
  ptp_types        = 04673267
  foreign_meta     = 03000001
  filter_meta      = 00000000
  parse_meta       = 050132BA
  wr_rx_signal     = 10010001
  wr_tx_signal     = 10000001
  wr_failure       = 02020001
  wr_state         = A000035C
  wr_reject        = 00000000
  pstat            = 00000001
  sstat            = 00000001
  sec_h            = 00000000
  sec_l            = 000000B8
  ns               = 0F710EA8
  lock_enable      = 00000004
  lock_result      = 00000001
  lock_polls       = 00005B1D
  lock_unlocked    = 00005B1D
  lock_calibration_fail = 00000000
  spll_state       = 00030004
  spll_ocer        = 7AF19A01
  spll_rcer        = 00000001
  spll_occr        = 2B0001C6
  spll_trr_csr     = 000ADA50
  spll_dac_hpll    = 1C028C24
  spll_dac_main    = 00000003
  spll_helper_state = 00000000
  spll_helper_limits = 271000C8
  spll_main_state  = 00000000
  spll_main_limits = 00320032
  spll_main_phase_limits = 03E804B0
  spll_state_visit_mask = 00000618
  spll_state_transitions = 00000003
  spll_last_state  = 00000004
  spll_init_count  = 00000001
  dmtd_ref         = 025685DA
  dmtd_fb          = 021CB130
  dmtd_ref_high_qual_abort = 00115DBF
  dmtd_fb_high_qual_abort = 0004743E
  tag_valid        = 000BE2D1
  trr_write        = 000BE32D
  irq              = 000BA39A
  helper_update    = 0006058D
  spll_helper_error = FFFDB610
  spll_helper_output = 0000FFFB
  eic_isr          = FFFF0000
  current_tics     = 0001A687
RAW_SNAPSHOT board=DE5 [1-11.2] label=after
  status           = B110E2C1265082CF
  cpu              = 0000007C0000119C
  marker           = 000000010000B004
  store            = 000C3EB40001E2A0
  store_count      = 0000000003A8C8E0
  exception        = 8000000B000011AC
  clock            = 00286ECE63D47174
  boot_generation  = 00000001
  cpu_reset_count  = 00000001
  wr_core_reset_count = 00000001
  si_config_drop_count = 00000001
  pps_cr           = 01312D02
  pps_escr         = 00000000
  ep_mach          = 02000200
  ep_macl          = 22334402
  ep_dsr           = 42000000
  ptp              = 00004109
  ptp_rx           = 000001E4
  ptp_tx           = 0000009B
  ptp_meta         = 03020409
  tx               = 0000015D
  rx               = 00000256
  rxerr            = 00000000
  ptp_types        = 046D356D
  foreign_meta     = 03000001
  filter_meta      = 00000000
  parse_meta       = 050135D6
  wr_rx_signal     = 10010001
  wr_tx_signal     = 10000001
  wr_failure       = 02020001
  wr_state         = A000035C
  wr_reject        = 00000000
  pstat            = 00000001
  sstat            = 00000001
  sec_h            = 00000000
  sec_l            = 000000BE
  ns               = 15574E60
  lock_enable      = 00000004
  lock_result      = 00000001
  lock_polls       = 00005B1D
  lock_unlocked    = 00005B1D
  lock_calibration_fail = 00000000
  spll_state       = 00030004
  spll_ocer        = 6306FA01
  spll_rcer        = 00000001
  spll_occr        = F9000130
  spll_trr_csr     = 000E941A
  spll_dac_hpll    = 4977CBB4
  spll_dac_main    = 00000003
  spll_helper_state = 00000000
  spll_helper_limits = 271000C8
  spll_main_state  = 00000000
  spll_main_limits = 00320032
  spll_main_phase_limits = 03E804B0
  spll_state_visit_mask = 00000618
  spll_state_transitions = 00000003
  spll_last_state  = 00000004
  spll_init_count  = 00000001
  dmtd_ref         = 0256E5CB
  dmtd_fb          = 021D0EB0
  dmtd_ref_high_qual_abort = 00127A39
  dmtd_fb_high_qual_abort = 0004BB19
  tag_valid        = 000CA04A
  trr_write        = 000CA0A7
  irq              = 000C5A62
  helper_update    = 000665B4
  spll_helper_error = FFFDB610
  spll_helper_output = 0000FFFB
  eic_isr          = FFFF0000
  current_tics     = 0001BE5B

============================================================
JTAG/WB transport health summary
============================================================
WB_TRANSPORT_PROTOCOL = PRELOAD_THEN_TOGGLE_COMMIT
WB_REQUEST_COUNT = 353
PRELOAD_COUNT = 353
COMMIT_COUNT = 353
WB_PROBE_READ_COUNT = 1765
PRELOAD_UNEXPECTED_TRIGGER_COUNT = 0
PROBE_3WAY_MATCH_COUNT = 353
STABLE_RESPONSE_WRONG_COUNT = 0
ADDRESS_CROSS_CONTAMINATION_COUNT = 0
TIMEOUT_COUNT = 0
INVALID_COUNT = 0
STALE_A5A5_COUNT = 0
UNSTABLE_TRANSACTION_COUNT = 0
DMTD_REF_DECREASE_COUNT = 0
DMTD_FB_DECREASE_COUNT = 0
PRELOAD_PROTOCOL_RUNTIME_REVALIDATION = PASS
JTAG_WB_DIAGNOSTIC_PATH = TRUSTED
============================================================

============================================================
STEP4A_RESULT = PASS
STEP4B_ALLOWED = YES
STEP4B_RESULT = PASS
STEP4B_FIRST_INACTIVE_BOUNDARY = ACTIVE
STEP5_RESULT = NOT_APPLICABLE_MASTER
STEP5_FIRST_INACTIVE_BOUNDARY = SLAVE_ONLY
STEP5_RESULT = NEVER_LOCKED
STEP5_FIRST_INACTIVE_BOUNDARY = HELPER_LOCK
============================================================
Info (23030): Evaluation of Tcl script scripts/jtag/read_wb_runtime.tcl was successful
Info: Quartus Prime Signal Tap was successful. 0 errors, 0 warnings
    Info: Peak virtual memory: 677 megabytes
    Info: Processing ended: Tue Sep  8 11:38:39 2026
    Info: Elapsed time: 00:00:15
    Info: System process ID: 1731268
