Info: *******************************************************************
Info: Running Quartus Prime SignalTap II
    Info: Version 17.0.0 Build 595 04/25/2017 SJ Standard Edition
    Info: Copyright (C) 2017  Intel Corporation. All rights reserved.
    Info: Your use of Intel Corporation's design tools, logic functions 
    Info: and other software and tools, and its AMPP partner logic 
    Info: functions, and any output files from any of the foregoing 
    Info: (including device programming or simulation files), and any 
    Info: associated documentation or information are expressly subject 
    Info: to the terms and conditions of the Intel Program License 
    Info: Subscription Agreement, the Intel Quartus Prime License Agreement,
    Info: the Intel MegaCore Function License Agreement, or other 
    Info: applicable license agreement, including, without limitation, 
    Info: that your use is for the sole purpose of programming logic 
    Info: devices manufactured by Intel and sold by Intel or its 
    Info: authorized distributors.  Please refer to the applicable 
    Info: agreement for further details.
    Info: Processing started: Mon Aug 24 15:09:32 2026
Info: Command: quartus_stp -t /home/b10504072/04_WR/scripts/jtag/read_step4_startup_focused.tcl 10 500 events
Info: Quartus(args): 10 500 events
STEP4_FOCUSED_CONFIG samples=10 gap_ms=500 group=events retries=5 trr_r0_read=disabled
=== STEP4_FOCUSED_BOARD DE5 [1-11.1] ===
STEP4_SERIES board=DE5 [1-11.1] register=SPLL_MODE_SEQUENCE samples=10 valid=10 timeout=0 invalid=0 decrease=1 first=00020009 last=00020009 delta=0
STEP4_SERIES board=DE5 [1-11.1] register=RCER samples=10 valid=10 timeout=0 invalid=0 decrease=0 first=00000000 last=00000000 delta=0
STEP4_SERIES board=DE5 [1-11.1] register=OCER samples=10 valid=10 timeout=0 invalid=0 decrease=1 first=43186401 last=6A381201 delta=656387584
STEP4_SERIES board=DE5 [1-11.1] register=DMTD_REF_EVENTS samples=10 valid=10 timeout=0 invalid=0 decrease=0 first=00ADF710 last=00ADF710 delta=0
STEP4_SERIES board=DE5 [1-11.1] register=DMTD_FB_EVENTS samples=10 valid=10 timeout=0 invalid=0 decrease=0 first=009E8060 last=009E8060 delta=0
STEP4_SERIES board=DE5 [1-11.1] register=DMTD_REF_ACCEPT samples=10 valid=10 timeout=0 invalid=0 decrease=0 first=02E3C512 last=02E3C512 delta=0
STEP4_SERIES board=DE5 [1-11.1] register=DMTD_FB_ACCEPT samples=10 valid=10 timeout=0 invalid=0 decrease=0 first=0241D0B2 last=0241D0B2 delta=0
STEP4_SERIES board=DE5 [1-11.1] register=DMTD_REF_SAMPLED samples=10 valid=10 timeout=0 invalid=0 decrease=0 first=313CBC00 last=58199834 delta=652008500
STEP4_SERIES board=DE5 [1-11.1] register=DMTD_FB_SAMPLED samples=10 valid=10 timeout=0 invalid=0 decrease=0 first=4417DC2B last=6AFC23F6 delta=652494795
STEP4_SERIES board=DE5 [1-11.1] register=DMTD_HIGH_QUAL_MAX_STAB samples=10 valid=10 timeout=0 invalid=0 decrease=0 first=00000008 last=00000008 delta=0
STEP4_SERIES board=DE5 [1-11.1] register=DMTD_D0_LOW_RUN_MAX samples=10 valid=10 timeout=0 invalid=0 decrease=0 first=0007FFFF last=0007FFFF delta=0
STEP4_SERIES board=DE5 [1-11.1] register=DMTD_REF_SEEN samples=10 valid=10 timeout=0 invalid=0 decrease=1 first=17E45004 last=2B535859 delta=326043733
STEP4_SERIES board=DE5 [1-11.1] register=DMTD_FB_SEEN samples=10 valid=10 timeout=0 invalid=0 decrease=0 first=00000000 last=00000000 delta=0
STEP4_SERIES board=DE5 [1-11.1] register=SPLL_DMTD_STATE samples=10 valid=10 timeout=0 invalid=0 decrease=1 first=0C000002 last=0C000002 delta=0
STEP4_GROUP board=DE5 [1-11.1] group=DMTD_BOUNDARY result=VALID
STEP4_SERIES64 board=DE5 [1-11.1] register=DMTD_NATIVE_EDGE_COUNT64 samples=10 valid=10 timeout=0 invalid=0 decrease=0 first=0000003CE57552DC last=0000003D0F267E07 delta=699476779 delta_mode=MODULO64
STEP4_SERIES board=DE5 [1-11.1] register=DEGLITCH_THRESHOLD samples=10 valid=10 timeout=0 invalid=0 decrease=1 first=008003E8 last=100003E8 delta=260046848
STEP4_SERIES64 board=DE5 [1-11.1] register=REF_D0_STABLE_HIT_COUNT64 samples=10 valid=10 timeout=0 invalid=0 decrease=0 first=0000003CDEC64B3B last=0000003D0876AAB7 delta=699424636 delta_mode=MODULO64
STEP4_SERIES64 board=DE5 [1-11.1] register=REF_D0_TRANSITION_COUNT64 samples=10 valid=10 timeout=0 invalid=0 decrease=0 first=0000003C58C28FDF last=0000003C8216E7F7 delta=693393432 delta_mode=MODULO64
STEP4_SERIES board=DE5 [1-11.1] register=NATIVE_REF_SAMPLED samples=10 valid=10 timeout=0 invalid=0 decrease=0 first=58D84C62 last=822C9A2E delta=693390796
STEP4_SERIES board=DE5 [1-11.1] register=NATIVE_REF_ACCEPT samples=10 valid=10 timeout=0 invalid=0 decrease=1 first=02E3C512 last=02E3C512 delta=0
STEP4_SERIES64 board=DE5 [1-11.1] register=FB_D0_STABLE_HIT_COUNT64 samples=10 valid=10 timeout=0 invalid=0 decrease=0 first=0000003C0007FFFF last=0000003D10AA9E4E delta=4574060111 delta_mode=MODULO64
STEP4_SERIES64 board=DE5 [1-11.1] register=FB_D0_TRANSITION_COUNT64 samples=10 valid=10 timeout=0 invalid=0 decrease=0 first=0000003C6BF14E6E last=0000003C954D57BF delta=693897553 delta_mode=MODULO64
STEP4_SERIES board=DE5 [1-11.1] register=NATIVE_FB_SAMPLED samples=10 valid=10 timeout=0 invalid=0 decrease=1 first=6C071F70 last=956315AD delta=693892669
STEP4_SERIES board=DE5 [1-11.1] register=NATIVE_FB_ACCEPT samples=10 valid=10 timeout=0 invalid=0 decrease=0 first=0241D0B2 last=0241D0B2 delta=0
STEP4_DMTD_CLOCK board=DE5 [1-11.1] dmtd_native_delta=699476779 dmtd_elapsed_ms=5596 dmtd_frequency_hz=124995850.429 result=INVALID
STEP4_D0_STABLE_THRESHOLD board=DE5 [1-11.1] threshold=NA threshold_delta=260046848 hit_length=NA ref_hit_delta=699424636 ref_hit_per_million_d0=1008698.097965 ref_d0_delta=693393432 ref_d0_to_dmtd_ratio=0.991303004 ref_sampled_delta=693390796 ref_sampled_to_dmtd_ratio=0.991299235 ref_sampled_to_d0_ratio=0.999996198 ref_accept_delta=0 fb_hit_delta=4574060111 fb_hit_per_million_d0=6591837.788193 fb_d0_delta=693897553 fb_d0_to_dmtd_ratio=0.992023715 fb_sampled_delta=693892669 fb_sampled_to_dmtd_ratio=0.992016733 fb_sampled_to_d0_ratio=0.999992961 fb_accept_delta=0 result=INVALID counter_cdc=GRAY2_HI_LO_HI
STEP4_SERIES board=DE5 [1-11.1] register=TAG_PENDING_COUNT samples=10 valid=10 timeout=0 invalid=0 decrease=0 first=00000000 last=00000000 delta=0
STEP4_SERIES board=DE5 [1-11.1] register=TAG_PENDING_REF_COUNT samples=10 valid=10 timeout=0 invalid=0 decrease=1 first=00000000 last=00000000 delta=0
STEP4_SERIES board=DE5 [1-11.1] register=TAG_PENDING_FB_COUNT samples=10 valid=10 timeout=0 invalid=0 decrease=0 first=00000000 last=00000000 delta=0
STEP4_SERIES board=DE5 [1-11.1] register=TAG_GRANT_COUNT samples=10 valid=10 timeout=0 invalid=0 decrease=0 first=00000000 last=00000000 delta=0
STEP4_SERIES board=DE5 [1-11.1] register=TAG_VALID_COUNT samples=10 valid=10 timeout=0 invalid=0 decrease=0 first=00000000 last=00000000 delta=0
STEP4_SERIES board=DE5 [1-11.1] register=TRR_WRITE_COUNT samples=10 valid=10 timeout=0 invalid=0 decrease=0 first=00000000 last=00000000 delta=0
STEP4_GROUP board=DE5 [1-11.1] group=TAG_ARBITRATION result=VALID
STEP4_SERIES board=DE5 [1-11.1] register=IRQ_COUNT samples=10 valid=10 timeout=0 invalid=0 decrease=0 first=00000000 last=00000000 delta=0
STEP4_SERIES board=DE5 [1-11.1] register=HELPER_UPDATE_COUNT samples=10 valid=10 timeout=0 invalid=0 decrease=0 first=00000000 last=00000000 delta=0
STEP4_SERIES board=DE5 [1-11.1] register=STATE_TRANSITION_COUNT samples=10 valid=10 timeout=0 invalid=0 decrease=1 first=00000000 last=00000000 delta=0
STEP4_GROUP board=DE5 [1-11.1] group=DOWNSTREAM result=VALID
STEP4_SERIES board=DE5 [1-11.1] register=CURRENT_TICS samples=10 valid=10 timeout=0 invalid=0 decrease=0 first=AC267027 last=BEC8FF13 delta=312643308
STEP4_SERIES board=DE5 [1-11.1] register=DMTD_REF_LAST_TICS samples=10 valid=10 timeout=0 invalid=0 decrease=0 first=048A9ABF last=048A9ABF delta=0
STEP4_SERIES board=DE5 [1-11.1] register=DMTD_FB_LAST_TICS samples=10 valid=10 timeout=0 invalid=0 decrease=0 first=048A9ABD last=048A9ABD delta=0
STEP4_SERIES board=DE5 [1-11.1] register=TAG_REF_LAST_TICS samples=10 valid=10 timeout=0 invalid=0 decrease=0 first=048A9AC0 last=048A9AC0 delta=0
STEP4_SERIES board=DE5 [1-11.1] register=TAG_FB_LAST_TICS samples=10 valid=10 timeout=0 invalid=0 decrease=0 first=048A9ABE last=048A9ABE delta=0
STEP4_SERIES board=DE5 [1-11.1] register=TAG_PENDING_LAST_TICS samples=10 valid=10 timeout=0 invalid=0 decrease=0 first=00000000 last=00000000 delta=0
STEP4_SERIES board=DE5 [1-11.1] register=TAG_GRANT_LAST_TICS samples=10 valid=10 timeout=0 invalid=0 decrease=0 first=00000000 last=00000000 delta=0
STEP4_SERIES board=DE5 [1-11.1] register=TAG_VALID_LAST_TICS samples=10 valid=10 timeout=0 invalid=0 decrease=0 first=00000000 last=00000000 delta=0
STEP4_SERIES board=DE5 [1-11.1] register=TRR_WRITE_LAST_TICS samples=10 valid=10 timeout=0 invalid=0 decrease=0 first=00000000 last=00000000 delta=0
STEP4_GROUP board=DE5 [1-11.1] group=EVENT_TIMING result=VALID
STEP4_HIGH_QUAL_MAX_STAB board=DE5 [1-11.1] ref_max_before_abort=8 fb_max_before_abort=0
STEP4_INPUT_D0_LOW_RUN_MAX board=DE5 [1-11.1] ref_max_d0_low_run=65535 fb_max_d0_low_run=7
STEP4_DEGLITCH_STATE board=DE5 [1-11.1] ref_state=2 fb_state=0 ref_stab_bucket=0 fb_stab_bucket=0 ref_threshold_reached=1 fb_threshold_reached=1
STEP4_DMTD_BOUNDARY board=DE5 [1-11.1] sampled_ref=652008500 accept_ref=0 sampled_fb=652494795 accept_fb=0
STEP4_QUALIFICATION_ABORT board=DE5 [1-11.1] ref_high=326043733 fb_high=0 delta_mode=MODULO32
STEP4_EVENT_ACTIVITY board=DE5 [1-11.1] dmtd=0 pending=0 grant=0 tag_valid=0 trr_write=0 irq=0 state_transition=0 helper_update=0
STEP4_EVENT_BOUNDARY board=DE5 [1-11.1] result=DMTD_SAMPLED_TRANSITION_TO_DEGLITCH_ACCEPT
=== STEP4_FOCUSED_BOARD DE5 [1-11.2] ===
STEP4_SERIES board=DE5 [1-11.2] register=SPLL_MODE_SEQUENCE samples=10 valid=10 timeout=0 invalid=0 decrease=0 first=00030009 last=00030009 delta=0
STEP4_SERIES board=DE5 [1-11.2] register=RCER samples=10 valid=10 timeout=0 invalid=0 decrease=0 first=00000001 last=00000001 delta=0
STEP4_SERIES board=DE5 [1-11.2] register=OCER samples=10 valid=10 timeout=0 invalid=0 decrease=1 first=2B0CA101 last=42047F01 delta=385342976
STEP4_SERIES board=DE5 [1-11.2] register=DMTD_REF_EVENTS samples=10 valid=10 timeout=0 invalid=0 decrease=0 first=04A8EA2B last=04A8EA2B delta=0
STEP4_SERIES board=DE5 [1-11.2] register=DMTD_FB_EVENTS samples=10 valid=10 timeout=0 invalid=0 decrease=0 first=0524C64A last=0524C64A delta=0
STEP4_SERIES board=DE5 [1-11.2] register=DMTD_REF_ACCEPT samples=10 valid=10 timeout=0 invalid=0 decrease=0 first=10F9ECD0 last=10F9ECD0 delta=0
STEP4_SERIES board=DE5 [1-11.2] register=DMTD_FB_ACCEPT samples=10 valid=10 timeout=0 invalid=0 decrease=0 first=12BF1EE2 last=12BF1EE2 delta=0
STEP4_SERIES board=DE5 [1-11.2] register=DMTD_REF_SAMPLED samples=10 valid=10 timeout=0 invalid=0 decrease=0 first=638A54F8 last=8AABEB70 delta=656512632
STEP4_SERIES board=DE5 [1-11.2] register=DMTD_FB_SAMPLED samples=10 valid=10 timeout=0 invalid=0 decrease=0 first=2C0DAE2F last=5305BAF1 delta=653790402
STEP4_SERIES board=DE5 [1-11.2] register=DMTD_HIGH_QUAL_MAX_STAB samples=10 valid=10 timeout=0 invalid=0 decrease=0 first=00000007 last=00000007 delta=0
STEP4_SERIES board=DE5 [1-11.2] register=DMTD_D0_LOW_RUN_MAX samples=10 valid=10 timeout=0 invalid=0 decrease=0 first=00010007 last=00010007 delta=0
STEP4_SERIES board=DE5 [1-11.2] register=DMTD_REF_SEEN samples=10 valid=10 timeout=0 invalid=0 decrease=1 first=0FEF6427 last=23816F11 delta=328338154
STEP4_SERIES board=DE5 [1-11.2] register=DMTD_FB_SEEN samples=10 valid=10 timeout=0 invalid=0 decrease=1 first=00000000 last=00000000 delta=0
STEP4_SERIES board=DE5 [1-11.2] register=SPLL_DMTD_STATE samples=10 valid=10 timeout=0 invalid=0 decrease=0 first=0C000002 last=0C000002 delta=0
STEP4_GROUP board=DE5 [1-11.2] group=DMTD_BOUNDARY result=VALID
STEP4_SERIES64 board=DE5 [1-11.2] register=DMTD_NATIVE_EDGE_COUNT64 samples=10 valid=10 timeout=0 invalid=0 decrease=0 first=0000003CB62C59AC last=0000003CDFDCDF2C delta=699434368 delta_mode=MODULO64
STEP4_SERIES board=DE5 [1-11.2] register=DEGLITCH_THRESHOLD samples=10 valid=10 timeout=0 invalid=0 decrease=1 first=104003E8 last=00C303E8 delta=DECREASED_OR_RESET
STEP4_SERIES64 board=DE5 [1-11.2] register=REF_D0_STABLE_HIT_COUNT64 samples=10 valid=10 timeout=0 invalid=0 decrease=0 first=0000003CAFEA1E64 last=0000003CD99C6918 delta=699550388 delta_mode=MODULO64
STEP4_SERIES64 board=DE5 [1-11.2] register=REF_D0_TRANSITION_COUNT64 samples=10 valid=10 timeout=0 invalid=0 decrease=0 first=0000003C8B52E6A6 last=0000003CB511296E delta=700334792 delta_mode=MODULO64
STEP4_SERIES board=DE5 [1-11.2] register=NATIVE_REF_SAMPLED samples=10 valid=10 timeout=0 invalid=0 decrease=0 first=8B68DBA5 last=B5270507 delta=700328290
STEP4_SERIES board=DE5 [1-11.2] register=NATIVE_REF_ACCEPT samples=10 valid=10 timeout=0 invalid=0 decrease=0 first=10F9ECD0 last=10F9ECD0 delta=0
STEP4_SERIES64 board=DE5 [1-11.2] register=FB_D0_STABLE_HIT_COUNT64 samples=10 valid=10 timeout=0 invalid=0 decrease=0 first=0000003CB7AE9A9F last=0000003CE1862ED1 delta=701994034 delta_mode=MODULO64
STEP4_SERIES64 board=DE5 [1-11.2] register=FB_D0_TRANSITION_COUNT64 samples=10 valid=10 timeout=0 invalid=0 decrease=0 first=0000003C541D27E0 last=0000003C7D8A5A18 delta=695022136 delta_mode=MODULO64
STEP4_SERIES board=DE5 [1-11.2] register=NATIVE_FB_SAMPLED samples=10 valid=10 timeout=0 invalid=0 decrease=0 first=54331E08 last=7DA015DA delta=695007186
STEP4_SERIES board=DE5 [1-11.2] register=NATIVE_FB_ACCEPT samples=10 valid=10 timeout=0 invalid=0 decrease=0 first=12BF1EE2 last=12BF1EE2 delta=0
STEP4_DMTD_CLOCK board=DE5 [1-11.2] dmtd_native_delta=699434368 dmtd_elapsed_ms=5596 dmtd_frequency_hz=124988271.623 result=INVALID
STEP4_D0_STABLE_THRESHOLD board=DE5 [1-11.2] threshold=NA threshold_delta=DECREASED_OR_RESET hit_length=NA ref_hit_delta=699550388 ref_hit_per_million_d0=998879.958544 ref_d0_delta=700334792 ref_d0_to_dmtd_ratio=1.001287360 ref_sampled_delta=700328290 ref_sampled_to_dmtd_ratio=1.001278064 ref_sampled_to_d0_ratio=0.999990716 ref_accept_delta=0 fb_hit_delta=701994034 fb_hit_per_million_d0=1010031.188417 fb_d0_delta=695022136 fb_d0_to_dmtd_ratio=0.993691714 fb_sampled_delta=695007186 fb_sampled_to_dmtd_ratio=0.993670340 fb_sampled_to_d0_ratio=0.999978490 fb_accept_delta=0 result=INVALID counter_cdc=GRAY2_HI_LO_HI
STEP4_SERIES board=DE5 [1-11.2] register=TAG_PENDING_COUNT samples=10 valid=10 timeout=0 invalid=0 decrease=0 first=00000000 last=00000000 delta=0
STEP4_SERIES board=DE5 [1-11.2] register=TAG_PENDING_REF_COUNT samples=10 valid=10 timeout=0 invalid=0 decrease=0 first=00000000 last=00000000 delta=0
STEP4_SERIES board=DE5 [1-11.2] register=TAG_PENDING_FB_COUNT samples=10 valid=10 timeout=0 invalid=0 decrease=0 first=00000000 last=00000000 delta=0
STEP4_SERIES board=DE5 [1-11.2] register=TAG_GRANT_COUNT samples=10 valid=10 timeout=0 invalid=0 decrease=0 first=00000000 last=00000000 delta=0
STEP4_SERIES board=DE5 [1-11.2] register=TAG_VALID_COUNT samples=10 valid=10 timeout=0 invalid=0 decrease=0 first=00000000 last=00000000 delta=0
STEP4_SERIES board=DE5 [1-11.2] register=TRR_WRITE_COUNT samples=10 valid=10 timeout=0 invalid=0 decrease=0 first=00000000 last=00000000 delta=0
STEP4_GROUP board=DE5 [1-11.2] group=TAG_ARBITRATION result=VALID
STEP4_SERIES board=DE5 [1-11.2] register=IRQ_COUNT samples=10 valid=10 timeout=0 invalid=0 decrease=0 first=00000000 last=00000000 delta=0
STEP4_SERIES board=DE5 [1-11.2] register=HELPER_UPDATE_COUNT samples=10 valid=10 timeout=0 invalid=0 decrease=1 first=00000000 last=00000000 delta=0
STEP4_SERIES board=DE5 [1-11.2] register=STATE_TRANSITION_COUNT samples=10 valid=10 timeout=0 invalid=0 decrease=0 first=00000000 last=00000000 delta=0
STEP4_GROUP board=DE5 [1-11.2] group=DOWNSTREAM result=VALID
STEP4_SERIES board=DE5 [1-11.2] register=CURRENT_TICS samples=10 valid=10 timeout=0 invalid=0 decrease=0 first=94A818C2 last=A74914E6 delta=312540196
STEP4_SERIES board=DE5 [1-11.2] register=DMTD_REF_LAST_TICS samples=10 valid=10 timeout=0 invalid=0 decrease=1 first=94ADA0D2 last=25B9E95A delta=DECREASED_OR_RESET
STEP4_SERIES board=DE5 [1-11.2] register=DMTD_FB_LAST_TICS samples=10 valid=10 timeout=0 invalid=0 decrease=0 first=25B9E959 last=25B9E959 delta=0
STEP4_SERIES board=DE5 [1-11.2] register=TAG_REF_LAST_TICS samples=10 valid=10 timeout=0 invalid=0 decrease=0 first=25B9E95B last=25B9E95B delta=0
STEP4_SERIES board=DE5 [1-11.2] register=TAG_FB_LAST_TICS samples=10 valid=10 timeout=0 invalid=0 decrease=0 first=25B9E95A last=25B9E95A delta=0
STEP4_SERIES board=DE5 [1-11.2] register=TAG_PENDING_LAST_TICS samples=10 valid=10 timeout=0 invalid=0 decrease=0 first=00000000 last=00000000 delta=0
STEP4_SERIES board=DE5 [1-11.2] register=TAG_GRANT_LAST_TICS samples=10 valid=10 timeout=0 invalid=0 decrease=0 first=00000000 last=00000000 delta=0
STEP4_SERIES board=DE5 [1-11.2] register=TAG_VALID_LAST_TICS samples=10 valid=10 timeout=0 invalid=0 decrease=0 first=00000000 last=00000000 delta=0
STEP4_SERIES board=DE5 [1-11.2] register=TRR_WRITE_LAST_TICS samples=10 valid=10 timeout=0 invalid=0 decrease=1 first=00000000 last=00000000 delta=0
STEP4_GROUP board=DE5 [1-11.2] group=EVENT_TIMING result=VALID
STEP4_HIGH_QUAL_MAX_STAB board=DE5 [1-11.2] ref_max_before_abort=7 fb_max_before_abort=0
STEP4_INPUT_D0_LOW_RUN_MAX board=DE5 [1-11.2] ref_max_d0_low_run=7 fb_max_d0_low_run=1
STEP4_DEGLITCH_STATE board=DE5 [1-11.2] ref_state=2 fb_state=0 ref_stab_bucket=0 fb_stab_bucket=0 ref_threshold_reached=1 fb_threshold_reached=1
STEP4_DMTD_BOUNDARY board=DE5 [1-11.2] sampled_ref=656512632 accept_ref=0 sampled_fb=653790402 accept_fb=0
STEP4_QUALIFICATION_ABORT board=DE5 [1-11.2] ref_high=328338154 fb_high=0 delta_mode=MODULO32
STEP4_EVENT_ACTIVITY board=DE5 [1-11.2] dmtd=0 pending=0 grant=0 tag_valid=0 trr_write=0 irq=0 state_transition=0 helper_update=0
STEP4_EVENT_BOUNDARY board=DE5 [1-11.2] result=DMTD_SAMPLED_TRANSITION_TO_DEGLITCH_ACCEPT
STEP4_FOCUSED_DONE
Info (23030): Evaluation of Tcl script /home/b10504072/04_WR/scripts/jtag/read_step4_startup_focused.tcl was successful
Info: Quartus Prime SignalTap II was successful. 0 errors, 0 warnings
    Info: Peak virtual memory: 772 megabytes
    Info: Processing ended: Mon Aug 24 15:10:24 2026
    Info: Elapsed time: 00:00:52
    Info: Total CPU time (on all processors): 00:00:01
