Info: *******************************************************************
Info: Running Quartus Prime Signal Tap
    Info: Version 21.3.0 Build 170 09/23/2021 SC Pro Edition
    Info: Copyright (C) 2021  Intel Corporation. All rights reserved.
    Info: Your use of Intel Corporation's design tools, logic functions 
    Info: and other software and tools, and any partner logic 
    Info: functions, and any output files from any of the foregoing 
    Info: (including device programming or simulation files), and any 
    Info: associated documentation or information are expressly subject 
    Info: to the terms and conditions of the Intel Program License 
    Info: Subscription Agreement, the Intel Quartus Prime License Agreement,
    Info: the Intel FPGA IP License Agreement, or other applicable license
    Info: agreement, including, without limitation, that your use is for
    Info: the sole purpose of programming logic devices manufactured by
    Info: Intel and sold by Intel or its authorized distributors.  Please
    Info: refer to the applicable agreement for further details, at
    Info: https://fpgasoftware.intel.com/eula.
    Info: Processing started: Sun Aug 30 05:41:14 2026
    Info: System process ID: 655018
Info: Command: quartus_stp -t scripts/jtag/read_step5_jtag_hpll_bounded_burst_ab.tcl 5 500 240 1000 10 0 128 "DE5 [1-11.2]"
Info: Quartus(args): 5 500 240 1000 10 0 128 {DE5 [1-11.2]}
STEP5_JTAG_HPLL_BOUNDED_BURST_AB_CONFIG a_seconds=5 poll_ms=500 max_polls=240 helper_poll_ms=1000 max_helper_polls=10 polarity_reverse=0 experiment=EXP-WRPC-STEP5-HPLL-PHYSICAL-DCO-GAIN-CALIBRATION fixed_sof=1 burst_size=128 board_filter=DE5 [1-11.2]
STEP5_BURST_SAMPLE board=DE5 [1-11.2] tag=A0 DCO_RAW=FF68000000002320 BURST_RAW=0000750000000000 POLARITY_RAW=0000000000000000 POLARITY_SOURCE=0 POLARITY_ACTIVE=0 STEP=0 BURST_TRIGGER_COUNT=0 FORCED_HPLL_PENDING_COUNT=0 FORCED_HPLL_COMPLETED_COUNT=0 RT_STATE_ENTER_COUNT=0 RUNTIME_START_COUNT=0 BUS_DONE_COUNT=117 PRECLAMP_ERROR=FDC5C0C6 PRECLAMP_ERROR_SIGNED=-37371706 RAW_TAG=00201519 RAW_TAG_SIGNED=2102553 EXPECTED_TAG=07C2D053 EXPECTED_TAG_SIGNED=130207827 TAG_DELTA=00003B6A TAG_DELTA_SIGNED=15210 EXPECTED_DELTA=00004000 EXPECTED_DELTA_SIGNED=16384 HELPER_UPDATE_COUNT=00007F30 HELPER_ERROR=FFFDB610 HELPER_OUTPUT=0000FFFB
STEP5_BURST_SAMPLE board=DE5 [1-11.2] tag=A01 DCO_RAW=FF68000000002320 BURST_RAW=0000750000000000 POLARITY_RAW=0000000000000000 POLARITY_SOURCE=0 POLARITY_ACTIVE=0 STEP=0 BURST_TRIGGER_COUNT=0 FORCED_HPLL_PENDING_COUNT=0 FORCED_HPLL_COMPLETED_COUNT=0 RT_STATE_ENTER_COUNT=0 RUNTIME_START_COUNT=0 BUS_DONE_COUNT=117 PRECLAMP_ERROR=FD7D59E3 PRECLAMP_ERROR_SIGNED=-42116637 RAW_TAG=0019AE36 RAW_TAG_SIGNED=1682998 EXPECTED_TAG=05CEEF53 EXPECTED_TAG_SIGNED=97447763 TAG_DELTA=00003B7D TAG_DELTA_SIGNED=15229 EXPECTED_DELTA=00004000 EXPECTED_DELTA_SIGNED=16384 HELPER_UPDATE_COUNT=00008F38 HELPER_ERROR=FFFDB610 HELPER_OUTPUT=0000FFFB
STEP5_BURST_SAMPLE board=DE5 [1-11.2] tag=A02 DCO_RAW=FF68000000002320 BURST_RAW=0000750000000000 POLARITY_RAW=0000000000000000 POLARITY_SOURCE=0 POLARITY_ACTIVE=0 STEP=0 BURST_TRIGGER_COUNT=0 FORCED_HPLL_PENDING_COUNT=0 FORCED_HPLL_COMPLETED_COUNT=0 RT_STATE_ENTER_COUNT=0 RUNTIME_START_COUNT=0 BUS_DONE_COUNT=117 PRECLAMP_ERROR=FD34FCE0 PRECLAMP_ERROR_SIGNED=-46859040 RAW_TAG=00135133 RAW_TAG_SIGNED=1265971 EXPECTED_TAG=03DB0E53 EXPECTED_TAG_SIGNED=64687699 TAG_DELTA=00003B78 TAG_DELTA_SIGNED=15224 EXPECTED_DELTA=00004000 EXPECTED_DELTA_SIGNED=16384 HELPER_UPDATE_COUNT=00009F40 HELPER_ERROR=FFFDB610 HELPER_OUTPUT=0000FFFB
STEP5_BURST_SAMPLE board=DE5 [1-11.2] tag=A03 DCO_RAW=FF68000000002320 BURST_RAW=0000750000000000 POLARITY_RAW=0000000000000000 POLARITY_SOURCE=0 POLARITY_ACTIVE=0 STEP=0 BURST_TRIGGER_COUNT=0 FORCED_HPLL_PENDING_COUNT=0 FORCED_HPLL_COMPLETED_COUNT=0 RT_STATE_ENTER_COUNT=0 RUNTIME_START_COUNT=0 BUS_DONE_COUNT=117 PRECLAMP_ERROR=FCECA072 PRECLAMP_ERROR_SIGNED=-51601294 RAW_TAG=000CF4C5 RAW_TAG_SIGNED=849093 EXPECTED_TAG=07DD0E53 EXPECTED_TAG_SIGNED=131927635 TAG_DELTA=00003B8A TAG_DELTA_SIGNED=15242 EXPECTED_DELTA=00004000 EXPECTED_DELTA_SIGNED=16384 HELPER_UPDATE_COUNT=0000AF48 HELPER_ERROR=FFFDB610 HELPER_OUTPUT=0000FFFB
STEP5_BURST_SAMPLE board=DE5 [1-11.2] tag=A04 DCO_RAW=FF68000000002320 BURST_RAW=0000750000000000 POLARITY_RAW=0000000000000000 POLARITY_SOURCE=0 POLARITY_ACTIVE=0 STEP=0 BURST_TRIGGER_COUNT=0 FORCED_HPLL_PENDING_COUNT=0 FORCED_HPLL_COMPLETED_COUNT=0 RT_STATE_ENTER_COUNT=0 RUNTIME_START_COUNT=0 BUS_DONE_COUNT=117 PRECLAMP_ERROR=FCA43DE2 PRECLAMP_ERROR_SIGNED=-56345118 RAW_TAG=00069235 RAW_TAG_SIGNED=430645 EXPECTED_TAG=05E92D53 EXPECTED_TAG_SIGNED=99167571 TAG_DELTA=00003B85 TAG_DELTA_SIGNED=15237 EXPECTED_DELTA=00004000 EXPECTED_DELTA_SIGNED=16384 HELPER_UPDATE_COUNT=0000BF50 HELPER_ERROR=FFFDB610 HELPER_OUTPUT=0000FFFB
STEP5_BURST_SAMPLE board=DE5 [1-11.2] tag=A05 DCO_RAW=FF68000000002320 BURST_RAW=0000750000000000 POLARITY_RAW=0000000000000000 POLARITY_SOURCE=0 POLARITY_ACTIVE=0 STEP=0 BURST_TRIGGER_COUNT=0 FORCED_HPLL_PENDING_COUNT=0 FORCED_HPLL_COMPLETED_COUNT=0 RT_STATE_ENTER_COUNT=0 RUNTIME_START_COUNT=0 BUS_DONE_COUNT=117 PRECLAMP_ERROR=FC5BD541 PRECLAMP_ERROR_SIGNED=-61090495 RAW_TAG=00002994 RAW_TAG_SIGNED=10644 EXPECTED_TAG=03F54C53 EXPECTED_TAG_SIGNED=66407507 TAG_DELTA=00003B7E TAG_DELTA_SIGNED=15230 EXPECTED_DELTA=00004000 EXPECTED_DELTA_SIGNED=16384 HELPER_UPDATE_COUNT=0000CF58 HELPER_ERROR=FFFDB610 HELPER_OUTPUT=0000FFFB
STEP5_BURST_DELTA board=DE5 [1-11.2] before=A0 after=A05 STEP_BEFORE=0 STEP_AFTER=0 DELTA_STEP=0 DELTA_BURST_TRIGGER_COUNT=0 DELTA_FORCED_HPLL_PENDING_COUNT=0 DELTA_FORCED_HPLL_COMPLETED_COUNT=0 DELTA_RT_STATE_ENTER_COUNT=0 DELTA_RUNTIME_START_COUNT=0 DELTA_BUS_DONE_COUNT=0 PRECLAMP_ERROR_BEFORE=-37371706 PRECLAMP_ERROR_AFTER=-61090495 DELTA_PRECLAMP_ERROR=-23718789 RAW_TAG_BEFORE=2102553 RAW_TAG_AFTER=10644 DELTA_RAW_TAG=-2091909 EXPECTED_TAG_BEFORE=130207827 EXPECTED_TAG_AFTER=66407507 DELTA_EXPECTED_TAG=-63800320 TAG_DELTA_BEFORE=15210 TAG_DELTA_AFTER=15230 DELTA_TAG_DELTA=20 EXPECTED_DELTA_BEFORE=16384 EXPECTED_DELTA_AFTER=16384 DELTA_EXPECTED_DELTA=0 DELTA_HELPER_UPDATE_COUNT=20520
STEP5_BURST_SAMPLE board=DE5 [1-11.2] tag=B_BEFORE DCO_RAW=FF68000000002320 BURST_RAW=0000750000000000 POLARITY_RAW=0000000000000000 POLARITY_SOURCE=0 POLARITY_ACTIVE=0 STEP=0 BURST_TRIGGER_COUNT=0 FORCED_HPLL_PENDING_COUNT=0 FORCED_HPLL_COMPLETED_COUNT=0 RT_STATE_ENTER_COUNT=0 RUNTIME_START_COUNT=0 BUS_DONE_COUNT=117 PRECLAMP_ERROR=FC5BD541 PRECLAMP_ERROR_SIGNED=-61090495 RAW_TAG=00002994 RAW_TAG_SIGNED=10644 EXPECTED_TAG=03F54C53 EXPECTED_TAG_SIGNED=66407507 TAG_DELTA=00003B7E TAG_DELTA_SIGNED=15230 EXPECTED_DELTA=00004000 EXPECTED_DELTA_SIGNED=16384 HELPER_UPDATE_COUNT=0000CF58 HELPER_ERROR=FFFDB610 HELPER_OUTPUT=0000FFFB
STEP5_BURST_TRIGGER board=DE5 [1-11.2] source=FORCE_HPLL_ONE_STEP transition=0->1->0 controller_burst_size=128
STEP5_BURST_SAMPLE board=DE5 [1-11.2] tag=B001 DCO_RAW=FF68000008002B20 BURST_RAW=0080F58080808001 POLARITY_RAW=0000000000000000 POLARITY_SOURCE=0 POLARITY_ACTIVE=0 STEP=128 BURST_TRIGGER_COUNT=1 FORCED_HPLL_PENDING_COUNT=128 FORCED_HPLL_COMPLETED_COUNT=128 RT_STATE_ENTER_COUNT=128 RUNTIME_START_COUNT=128 BUS_DONE_COUNT=245 PRECLAMP_ERROR=FC5BD541 PRECLAMP_ERROR_SIGNED=-61090495 RAW_TAG=00002994 RAW_TAG_SIGNED=10644 EXPECTED_TAG=03F54C53 EXPECTED_TAG_SIGNED=66407507 TAG_DELTA=00003B7E TAG_DELTA_SIGNED=15230 EXPECTED_DELTA=00004000 EXPECTED_DELTA_SIGNED=16384 HELPER_UPDATE_COUNT=0000CF58 HELPER_ERROR=FFFDB610 HELPER_OUTPUT=0000FFFB
STEP5_BURST_DELTA board=DE5 [1-11.2] before=B_BEFORE after=B001 STEP_BEFORE=0 STEP_AFTER=128 DELTA_STEP=128 DELTA_BURST_TRIGGER_COUNT=1 DELTA_FORCED_HPLL_PENDING_COUNT=128 DELTA_FORCED_HPLL_COMPLETED_COUNT=128 DELTA_RT_STATE_ENTER_COUNT=128 DELTA_RUNTIME_START_COUNT=128 DELTA_BUS_DONE_COUNT=128 PRECLAMP_ERROR_BEFORE=-61090495 PRECLAMP_ERROR_AFTER=-61090495 DELTA_PRECLAMP_ERROR=0 RAW_TAG_BEFORE=10644 RAW_TAG_AFTER=10644 DELTA_RAW_TAG=0 EXPECTED_TAG_BEFORE=66407507 EXPECTED_TAG_AFTER=66407507 DELTA_EXPECTED_TAG=0 TAG_DELTA_BEFORE=15230 TAG_DELTA_AFTER=15230 DELTA_TAG_DELTA=0 EXPECTED_DELTA_BEFORE=16384 EXPECTED_DELTA_AFTER=16384 DELTA_EXPECTED_DELTA=0 DELTA_HELPER_UPDATE_COUNT=0
STEP5_BURST_SAMPLE board=DE5 [1-11.2] tag=H001 DCO_RAW=FF68000008002B20 BURST_RAW=0080F58080808001 POLARITY_RAW=0000000000000000 POLARITY_SOURCE=0 POLARITY_ACTIVE=0 STEP=128 BURST_TRIGGER_COUNT=1 FORCED_HPLL_PENDING_COUNT=128 FORCED_HPLL_COMPLETED_COUNT=128 RT_STATE_ENTER_COUNT=128 RUNTIME_START_COUNT=128 BUS_DONE_COUNT=245 PRECLAMP_ERROR=FC14F3E2 PRECLAMP_ERROR_SIGNED=-65735710 RAW_TAG=0039C835 RAW_TAG_SIGNED=3786805 EXPECTED_TAG=07F5CC53 EXPECTED_TAG_SIGNED=133549139 TAG_DELTA=00003BA8 TAG_DELTA_SIGNED=15272 EXPECTED_DELTA=00004000 EXPECTED_DELTA_SIGNED=16384 HELPER_UPDATE_COUNT=0000DF5A HELPER_ERROR=FFFDB610 HELPER_OUTPUT=0000FFFB
STEP5_BURST_DELTA board=DE5 [1-11.2] before=B001 after=H001 STEP_BEFORE=128 STEP_AFTER=128 DELTA_STEP=0 DELTA_BURST_TRIGGER_COUNT=0 DELTA_FORCED_HPLL_PENDING_COUNT=0 DELTA_FORCED_HPLL_COMPLETED_COUNT=0 DELTA_RT_STATE_ENTER_COUNT=0 DELTA_RUNTIME_START_COUNT=0 DELTA_BUS_DONE_COUNT=0 PRECLAMP_ERROR_BEFORE=-61090495 PRECLAMP_ERROR_AFTER=-65735710 DELTA_PRECLAMP_ERROR=-4645215 RAW_TAG_BEFORE=10644 RAW_TAG_AFTER=3786805 DELTA_RAW_TAG=3776161 EXPECTED_TAG_BEFORE=66407507 EXPECTED_TAG_AFTER=133549139 DELTA_EXPECTED_TAG=67141632 TAG_DELTA_BEFORE=15230 TAG_DELTA_AFTER=15272 DELTA_TAG_DELTA=42 EXPECTED_DELTA_BEFORE=16384 EXPECTED_DELTA_AFTER=16384 DELTA_EXPECTED_DELTA=0 DELTA_HELPER_UPDATE_COUNT=4098
STEP5_HELPER_CORRELATION board=DE5 [1-11.2] COMPLETION_TAG=B001 FIRST_HELPER_TAG=H001 HELPER_UPDATE_SEEN=1 DELTA_HELPER_UPDATE_COUNT=4098
STEP5_BURST_RESULT board=DE5 [1-11.2] BURST_COMPLETED=1 POLL_TAG=B001
STEP5_BURST_EXPECTED board=DE5 [1-11.2] DELTA_BURST_TRIGGER_COUNT=1 DELTA_FORCED_HPLL_PENDING_COUNT=128 DELTA_FORCED_HPLL_COMPLETED_COUNT=128 DELTA_STEP>=128
STEP5_BURST_DONE board=DE5 [1-11.2]
STEP5_JTAG_HPLL_BOUNDED_BURST_AB_DONE
Info (23030): Evaluation of Tcl script scripts/jtag/read_step5_jtag_hpll_bounded_burst_ab.tcl was successful
Info: Quartus Prime Signal Tap was successful. 0 errors, 0 warnings
    Info: Peak virtual memory: 677 megabytes
    Info: Processing ended: Sun Aug 30 05:41:22 2026
    Info: Elapsed time: 00:00:08
    Info: System process ID: 655018
