Info: *******************************************************************
Info: Running Quartus Prime Signal Tap
    Info: Version 21.3.0 Build 170 09/23/2021 SC Pro Edition
    Info: Copyright (C) 2021  Intel Corporation. All rights reserved.
    Info: Your use of Intel Corporation's design tools, logic functions 
    Info: and other software and tools, and any partner logic 
    Info: functions, and any output files from any of the foregoing 
    Info: (including device programming or simulation files), and any 
    Info: associated documentation or information are expressly subject 
    Info: to the terms and conditions of the Intel Program License 
    Info: Subscription Agreement, the Intel Quartus Prime License Agreement,
    Info: the Intel FPGA IP License Agreement, or other applicable license
    Info: agreement, including, without limitation, that your use is for
    Info: the sole purpose of programming logic devices manufactured by
    Info: Intel and sold by Intel or its authorized distributors.  Please
    Info: refer to the applicable agreement for further details, at
    Info: https://fpgasoftware.intel.com/eula.
    Info: Processing started: Sat Aug 29 11:43:12 2026
    Info: System process ID: 43330
Info: Command: quartus_stp -t scripts/jtag/read_wb_runtime.tcl --raw
Info: Quartus(args): --raw
RAW mailbox completion toggle wb_sync_toggle=0

============================================================
White Rabbit Runtime 診斷：DE5 [1-11.1]
============================================================

## [Step 1] PHY / 光纖 Link
[pass] si_config_done           結果: 1/1
[pass] wr_ready                 結果: 1/1
[pass] core_tm_link_up          結果: 1/1
[pass] core_link_ok             結果: 1/1
[pass] wr_rx_ready              結果: 1/1
[pass] wr_tx_ready              結果: 1/1
[pass] core_phy_rst             結果: 0/0
[pass] si_id_error              結果: 0/0
[pass] wr_rx_enc_err            結果: 0/0
[pass] wr_tx_enc_err            結果: 0/0
[pass] CPU_RESET_n              結果: 1/1
[pass] wr_rx_locked_to_data     結果: 1/1
[info] wr_rx_locked_to_ref      結果: 0/NA
[info] MOD_PRS_n                結果: 0/NA
[info] INTERRUPT_n              結果: 1/NA
Step 1 pass

## [Step 2] Endpoint / MiniNIC / PTP
[pass] EP_MAC_H/EP_MAC_L        結果: 02:00:22:33:44:01/02:00:22:33:44:01
[pass] WDIAGS_MODE              結果: 2 MASTER/2 MASTER
[pass] WDIAGS_PTP               結果: 6 MASTER (raw=01014106)/6 MASTER
[pass] WDIAGS_PTP_RX            結果: Δ=8/Δ>0
RAW WDIAGS_PTP_RX            before=0x000001CF after=0x000001D7 delta=8
[pass] WDIAGS_PTP_TX            結果: Δ=20/Δ>0
RAW WDIAGS_PTP_TX            before=0x00000414 after=0x00000428 delta=20
[pass] WDIAGS_TX                結果: Δ=26/Δ>0
RAW WDIAGS_TX                before=0x0000053C after=0x00000556 delta=26
[pass] WDIAGS_RX                結果: Δ=13/Δ>0
RAW WDIAGS_RX                before=0x000002BC after=0x000002C9 delta=13
[pass] WDIAGS_RXERR             結果: Δ=0/Δ=0
RAW WDIAGS_RXERR             before=0x00000000 after=0x00000000 delta=0
Step 2 pass

## [Step 3] WR Parent / Signaling
Step 3 NA

## [Step 4A] Master SoftPLL Event Chain
[pass] DMTD_REF_ACCEPT_EVENT    結果: Δ=21331/Δ>=0
RAW DMTD_REF_ACCEPT_EVENT    before=0x0084270B after=0x00847A5E delta=21331
[pass] DMTD_FB_ACCEPT_EVENT     結果: Δ=21634/Δ>=0
RAW DMTD_FB_ACCEPT_EVENT     before=0x004F8230 after=0x004FD6B2 delta=21634
[pass] DMTD_ACCEPT              結果: Δ=42965/Δ>0
[pass] SPLL_TAG_VALID_COUNT     結果: Δ=21635/Δ>0
RAW SPLL_TAG_VALID_COUNT     before=0x00104555 after=0x001099D8 delta=21635
[pass] SPLL_TRR_WRITE_COUNT     結果: Δ=21637/Δ>0
RAW SPLL_TRR_WRITE_COUNT     before=0x0010456C after=0x001099F1 delta=21637
[pass] WRPC_SPLL_TRR_POP_COUNT  結果: Δ=20001/Δ>0
RAW WRPC_SPLL_TRR_POP_COUNT  before=0x00103C8E after=0x00108AAF delta=20001
[pass] WDIAGS_IRQ_COUNT         結果: Δ=20001/Δ>0
RAW WDIAGS_IRQ_COUNT         before=0x00103C8E after=0x00108AAF delta=20001
[pass] WDIAGS_HELPER_UPDATE_COUNT 結果: Δ=20001/Δ>0
RAW WDIAGS_HELPER_UPDATE_COUNT before=0x00103C8E after=0x00108AAF delta=20001
[pass] BOOT_GENERATION          結果: Δ=0/Δ=0
RAW BOOT_GENERATION          before=0x00000001 after=0x00000001 delta=0
[pass] CPU_RESET_COUNT          結果: Δ=0/Δ=0
RAW CPU_RESET_COUNT          before=0x00000001 after=0x00000001 delta=0
[pass] WR_CORE_RESET_COUNT      結果: Δ=0/Δ=0
RAW WR_CORE_RESET_COUNT      before=0x00000001 after=0x00000001 delta=0
[pass] SI_CONFIG_DROP_COUNT     結果: Δ=0/Δ=0
RAW SI_CONFIG_DROP_COUNT     before=0x00000001 after=0x00000001 delta=0
STEP4A_MASTER_EVENT_CHAIN = PASS
Step 4 pass

## [Step 5] Closed-loop Lock
[error] WDIAGS_PSTAT             結果: 0/1
Step 5 error

## [Step 6] Global Time
Step 6 NA

============================================================
White Rabbit Runtime 診斷：DE5 [1-11.1]
============================================================
Step 1 PHY / Link             pass
Step 2 Endpoint / PTP         pass
Step 3 WR Handshake           NA
Step 4 Step4A Master Event Chain pass
Step 5 Closed-loop Lock       error
Step 6 Global Time            NA
STEP1_REGRESSION = PASS
STEP2_REGRESSION = PASS
STEP3_REGRESSION = PASS
STEP4A_RESULT = PASS
FAILURE_CLASSIFICATION = NO_FAILURE_EVIDENCE
============================================================

================ RAW_SNAPSHOT ================
RAW_SNAPSHOT board=DE5 [1-11.1] label=before
  status           = B010B441321C82FF
  cpu              = 0000007C00003004
  marker           = 000000010000B004
  store            = 000002BD0001E1BC
  store_count      = 000000003AC0A985
  exception        = 8000000B00003E08
  clock            = 002AA13036E5578E
  boot_generation  = 00000001
  cpu_reset_count  = 00000001
  wr_core_reset_count = 00000001
  si_config_drop_count = 00000001
  pps_cr           = 01312D06
  pps_escr         = 0000010C
  ep_mach          = 02000200
  ep_macl          = 22334401
  ep_dsr           = 42000000
  ptp              = 01014106
  ptp_rx           = 000001CF
  ptp_tx           = 00000414
  ptp_meta         = 02020406
  tx               = 0000053C
  rx               = 000002BC
  rxerr            = 00000000
  ptp_types        = 01010101
  foreign_meta     = 0000FF00
  filter_meta      = 00000000
  parse_meta       = 00010121
  wr_rx_signal     = 10000001
  wr_tx_signal     = 10010004
  wr_failure       = 01030001
  wr_state         = A0000064
  wr_reject        = 00000000
  pstat            = 00000001
  sstat            = 00000000
  sec_h            = 00000000
  sec_l            = 0000010A
  ns               = 01E76900
  lock_enable      = 00000000
  spll_state       = 00020004
  spll_ocer        = 5B303601
  spll_rcer        = 00000000
  spll_occr        = B000010D
  spll_trr_csr     = 00123C8E
  spll_state_visit_mask = 00000618
  spll_state_transitions = 00000003
  spll_last_state  = 00000004
  spll_init_count  = 00000001
  dmtd_ref         = 0084270B
  dmtd_fb          = 004F8230
  dmtd_ref_high_qual_abort = 0347646D
  dmtd_fb_high_qual_abort = 008059BE
  tag_valid        = 00104555
  trr_write        = 0010456C
  irq              = 00103C8E
  helper_update    = 00103C8E
  eic_isr          = FFFF0000
  current_tics     = 000413F9
RAW_SNAPSHOT board=DE5 [1-11.1] label=after
  status           = B010B46132BC82FF
  cpu              = 0000007C0000EBBC
  marker           = 000000010000B004
  store            = 0001E04C0002FF88
  store_count      = 000000003C0BF3CC
  exception        = 8000000B00003E00
  clock            = 0028F11E862CA77E
  boot_generation  = 00000001
  cpu_reset_count  = 00000001
  wr_core_reset_count = 00000001
  si_config_drop_count = 00000001
  pps_cr           = 01312D06
  pps_escr         = 0000010C
  ep_mach          = 02000200
  ep_macl          = 22334401
  ep_dsr           = 42000000
  ptp              = 01014106
  ptp_rx           = 000001D7
  ptp_tx           = 00000428
  ptp_meta         = 02020406
  tx               = 00000556
  rx               = 000002C9
  rxerr            = 00000000
  ptp_types        = 01010101
  foreign_meta     = 0000FF00
  filter_meta      = 00000000
  parse_meta       = 00010130
  wr_rx_signal     = 10000001
  wr_tx_signal     = 10010004
  wr_failure       = 01030001
  wr_state         = A0000064
  wr_reject        = 00000000
  pstat            = 00000001
  sstat            = 00000000
  sec_h            = 00000000
  sec_l            = 0000010F
  ns               = 01E84150
  lock_enable      = 00000000
  spll_state       = 00020004
  spll_ocer        = 46868401
  spll_rcer        = 00000000
  spll_occr        = 6E000195
  spll_trr_csr     = 00128AAE
  spll_state_visit_mask = 00000618
  spll_state_transitions = 00000003
  spll_last_state  = 00000004
  spll_init_count  = 00000001
  dmtd_ref         = 00847A5E
  dmtd_fb          = 004FD6B2
  dmtd_ref_high_qual_abort = 034A89C2
  dmtd_fb_high_qual_abort = 0082F427
  tag_valid        = 001099D8
  trr_write        = 001099F1
  irq              = 00108AAF
  helper_update    = 00108AAF
  eic_isr          = FFFF0000
  current_tics     = 00042B69
RAW mailbox completion toggle wb_sync_toggle=0

============================================================
White Rabbit Runtime 診斷：DE5 [1-11.2]
============================================================

## [Step 1] PHY / 光纖 Link
[pass] si_config_done           結果: 1/1
[pass] wr_ready                 結果: 1/1
[pass] core_tm_link_up          結果: 1/1
[pass] core_link_ok             結果: 1/1
[pass] wr_rx_ready              結果: 1/1
[pass] wr_tx_ready              結果: 1/1
[pass] core_phy_rst             結果: 0/0
[pass] si_id_error              結果: 0/0
[pass] wr_rx_enc_err            結果: 0/0
[pass] wr_tx_enc_err            結果: 0/0
[pass] CPU_RESET_n              結果: 1/1
[pass] wr_rx_locked_to_data     結果: 1/1
[info] wr_rx_locked_to_ref      結果: 0/NA
[info] MOD_PRS_n                結果: 0/NA
[info] INTERRUPT_n              結果: 1/NA
Step 1 pass

## [Step 2] Endpoint / MiniNIC / PTP
[pass] EP_MAC_H/EP_MAC_L        結果: 02:00:22:33:44:02/02:00:22:33:44:02
[pass] WDIAGS_MODE              結果: 3 SLAVE/3 SLAVE
[pass] WDIAGS_PTP               結果: 9 SLAVE (raw=00004109)/9 SLAVE
[pass] WDIAGS_PTP_RX            結果: Δ=28/Δ>0
RAW WDIAGS_PTP_RX            before=0x00000428 after=0x00000444 delta=28
[pass] WDIAGS_PTP_TX            結果: Δ=4/Δ>0
RAW WDIAGS_PTP_TX            before=0x000000C9 after=0x000000CD delta=4
[pass] WDIAGS_TX                結果: Δ=20/Δ>0
RAW WDIAGS_TX                before=0x000002FD after=0x00000311 delta=20
[pass] WDIAGS_RX                結果: Δ=34/Δ>0
RAW WDIAGS_RX                before=0x0000051B after=0x0000053D delta=34
[pass] WDIAGS_RXERR             結果: Δ=0/Δ=0
RAW WDIAGS_RXERR             before=0x00000000 after=0x00000000 delta=0
Step 2 pass

## [Step 3] WR Parent / Signaling
[pass] WDIAGS_FOREIGN_META      結果: 1/1
[pass] WDIAGS_FOREIGN_META      結果: 0/0
[info] WDIAGS_FOREIGN_META      結果: detection=0 config=3/NA
[pass] parentIsWRnode           結果: 1/1
[info] parentWrModeOn           結果: 0/NA
[pass] parentCalibrated         結果: 1/1
[pass] WR_RX_SIGNAL_DEBUG       結果: LOCK count=1/LOCK 0x1001,count>0
[pass] WR_TX_SIGNAL_DEBUG       結果: SLAVE_PRESENT count=1/SLAVE_PRESENT 0x1000,count>0
[info] WDIAGS_TEMP              結果: WRS_IDLE next=WRS_IDLE POST_STEP3_TIMEOUT/NA
[pass] LOCK_ENABLE              結果: 4/> 0
[info] WR_FAILURE_DEBUG         結果: TIMEOUT last_fail_state=WRS_S_LOCK failure_count=1/NA
Step 3 pass

## [Step 4B] Slave SoftPLL Startup
[pass] LOCK_ENABLE_COUNT        結果: 4/> 0
[pass] SPLL_MODE                結果: 3 (SPLL_MODE_SLAVE)/3 SPLL_MODE_SLAVE
[pass] SPLL_SEQ_STATE           結果: 4 (SEQ_WAIT_HELPER)/active, not 0/7
[pass] SPLL_STATE_VISIT_MASK    結果: 0x00000618/> 0
[pass] SPLL_INIT_COUNT          結果: 4/> 0
[pass] RCER                     結果: 0x00000001/> 0
[pass] OCER                     結果: 0x1E9EF801/> 0
[info] SPLL_ALIGN_STATE         結果: 0/NA
[info] SPLL_STATE_TRANSITIONS   結果: 0x00000003/NA
[info] SPLL_LAST_STATE          結果: 4 (SEQ_WAIT_HELPER)/NA
[info] OCCR                     結果: 0x0F0001BD/NA
[pass] DMTD_REF_ACCEPT_EVENT    結果: Δ=21935/Δ>=0
RAW DMTD_REF_ACCEPT_EVENT    before=0x018DF312 after=0x018E48C1 delta=21935
[pass] DMTD_FB_ACCEPT_EVENT     結果: Δ=21632/Δ>=0
RAW DMTD_FB_ACCEPT_EVENT     before=0x01C40DA8 after=0x01C46228 delta=21632
[pass] DMTD_ACCEPT              結果: Δ=43567/Δ>0
[pass] SPLL_TAG_VALID_COUNT     結果: Δ=43568/Δ>0
RAW SPLL_TAG_VALID_COUNT     before=0x001D03F1 after=0x001DAE21 delta=43568
[pass] SPLL_TRR_WRITE_COUNT     結果: Δ=43567/Δ>0
RAW SPLL_TRR_WRITE_COUNT     before=0x001D041F after=0x001DAE4E delta=43567
[pass] WRPC_SPLL_TRR_POP_COUNT  結果: Δ=40280/Δ>0
RAW WRPC_SPLL_TRR_POP_COUNT  before=0x001D026F after=0x001D9FC7 delta=40280
[pass] WDIAGS_IRQ_COUNT         結果: Δ=39549/Δ>0
RAW WDIAGS_IRQ_COUNT         before=0x001C7A7A after=0x001D14F7 delta=39549
[pass] WDIAGS_HELPER_UPDATE_COUNT 結果: Δ=20280/Δ>0
RAW WDIAGS_HELPER_UPDATE_COUNT before=0x000BCF3D after=0x000C1E75 delta=20280
[pass] BOOT_GENERATION          結果: Δ=0/Δ=0
RAW BOOT_GENERATION          before=0x00000001 after=0x00000001 delta=0
[pass] CPU_RESET_COUNT          結果: Δ=0/Δ=0
RAW CPU_RESET_COUNT          before=0x00000001 after=0x00000001 delta=0
[pass] WR_CORE_RESET_COUNT      結果: Δ=0/Δ=0
RAW WR_CORE_RESET_COUNT      before=0x00000001 after=0x00000001 delta=0
[pass] SI_CONFIG_DROP_COUNT     結果: Δ=0/Δ=0
RAW SI_CONFIG_DROP_COUNT     before=0x00000001 after=0x00000001 delta=0
STEP4B_ALLOWED = YES
STEP4B_RESULT = PASS
STEP4B_FIRST_INACTIVE_BOUNDARY = ACTIVE
Step 4B pass
Step 4 pass

## [Step 5] Closed-loop Lock
[error] WDIAGS_PSTAT             結果: 0/1
Step 5 error

## [Step 6] Global Time
Step 6 NA

============================================================
White Rabbit Runtime 診斷：DE5 [1-11.2]
============================================================
Step 1 PHY / Link             pass
Step 2 Endpoint / PTP         pass
Step 3 WR Handshake           pass
Step 4 Step4B Slave SoftPLL Startup pass
Step 5 Closed-loop Lock       error
Step 6 Global Time            NA
STEP1_REGRESSION = PASS
STEP2_REGRESSION = PASS
STEP3_REGRESSION = PASS
STEP4B_ALLOWED = YES
STEP4B_RESULT = PASS
STEP4B_FIRST_INACTIVE_BOUNDARY = ACTIVE
FAILURE_CLASSIFICATION = NO_FAILURE_EVIDENCE
============================================================

================ RAW_SNAPSHOT ================
RAW_SNAPSHOT board=DE5 [1-11.2] label=before
  status           = F410C641205082EF
  cpu              = 0000007C00018560
  marker           = 000000010000B004
  store            = 0000C0E40002FEBC
  store_count      = 000000003BD57DF6
  exception        = 8000000B0000BA80
  clock            = 003F370F1B893953
  boot_generation  = 00000001
  cpu_reset_count  = 00000001
  wr_core_reset_count = 00000001
  si_config_drop_count = 00000001
  pps_cr           = 01312D06
  pps_escr         = 00000100
  ep_mach          = 02000200
  ep_macl          = 22334402
  ep_dsr           = 42000000
  ptp              = 00004109
  ptp_rx           = 00000428
  ptp_tx           = 000000C9
  ptp_meta         = 03020409
  tx               = 000002FD
  rx               = 0000051B
  rxerr            = 00000000
  ptp_types        = 04EC76ED
  foreign_meta     = 03000001
  filter_meta      = 00000000
  parse_meta       = 05017658
  wr_rx_signal     = 10010001
  wr_tx_signal     = 10000001
  wr_failure       = 02020001
  wr_state         = A000035C
  wr_reject        = 00000000
  pstat            = 00000001
  sstat            = 00000001
  sec_h            = 00000000
  sec_l            = 0000010F
  ns               = 20F358C8
  lock_enable      = 00000004
  spll_state       = 00030004
  spll_ocer        = C50D9A01
  spll_rcer        = 00000001
  spll_occr        = D900010A
  spll_trr_csr     = 001EE2F6
  spll_state_visit_mask = 00000618
  spll_state_transitions = 00000003
  spll_last_state  = 00000004
  spll_init_count  = 00000004
  dmtd_ref         = 018DF312
  dmtd_fb          = 01C40DA8
  dmtd_ref_high_qual_abort = 0014B3C8
  dmtd_fb_high_qual_abort = 000ED118
  tag_valid        = 001D03F1
  trr_write        = 001D041F
  irq              = 001C7A7A
  helper_update    = 000BCF3D
  eic_isr          = FFFF0000
  current_tics     = 0003BA26
RAW_SNAPSHOT board=DE5 [1-11.2] label=after
  status           = 9410C6E130B482CF
  cpu              = 0000007C00003E0C
  marker           = 000000010000B004
  store            = 004446130001E06C
  store_count      = 000000003D278E61
  exception        = 8000000B0000B9FC
  clock            = 003A7A945E637CD6
  boot_generation  = 00000001
  cpu_reset_count  = 00000001
  wr_core_reset_count = 00000001
  si_config_drop_count = 00000001
  pps_cr           = 01312D02
  pps_escr         = 00000100
  ep_mach          = 02000200
  ep_macl          = 22334402
  ep_dsr           = 42000000
  ptp              = 00004109
  ptp_rx           = 00000444
  ptp_tx           = 000000CD
  ptp_meta         = 03020409
  tx               = 00000311
  rx               = 0000053D
  rxerr            = 00000000
  ptp_types        = 04F279F3
  foreign_meta     = 03000001
  filter_meta      = 00000000
  parse_meta       = 05017976
  wr_rx_signal     = 10010001
  wr_tx_signal     = 10000001
  wr_failure       = 02020001
  wr_state         = A000035C
  wr_reject        = 00000000
  pstat            = 00000001
  sstat            = 00000001
  sec_h            = 00000000
  sec_l            = 00000115
  ns               = 20F48480
  lock_enable      = 00000004
  spll_state       = 00030004
  spll_ocer        = 1E9EF801
  spll_rcer        = 00000001
  spll_occr        = 0F0001BD
  spll_trr_csr     = 001E9EC6
  spll_state_visit_mask = 00000618
  spll_state_transitions = 00000003
  spll_last_state  = 00000004
  spll_init_count  = 00000004
  dmtd_ref         = 018E48C1
  dmtd_fb          = 01C46228
  dmtd_ref_high_qual_abort = 00152CA5
  dmtd_fb_high_qual_abort = 000F2845
  tag_valid        = 001DAE21
  trr_write        = 001DAE4E
  irq              = 001D14F7
  helper_update    = 000C1E75
  eic_isr          = FFFF0000
  current_tics     = 0003CDAE

============================================================
STEP4A_RESULT = PASS
STEP4B_ALLOWED = YES
STEP4B_RESULT = PASS
STEP4B_FIRST_INACTIVE_BOUNDARY = ACTIVE
============================================================
Info (23030): Evaluation of Tcl script scripts/jtag/read_wb_runtime.tcl was successful
Info: Quartus Prime Signal Tap was successful. 0 errors, 0 warnings
    Info: Peak virtual memory: 677 megabytes
    Info: Processing ended: Sat Aug 29 11:43:24 2026
    Info: Elapsed time: 00:00:12
    Info: System process ID: 43330
