Info: *******************************************************************
Info: Running Quartus Prime Signal Tap
    Info: Version 21.3.0 Build 170 09/23/2021 SC Pro Edition
    Info: Copyright (C) 2021  Intel Corporation. All rights reserved.
    Info: Your use of Intel Corporation's design tools, logic functions 
    Info: and other software and tools, and any partner logic 
    Info: functions, and any output files from any of the foregoing 
    Info: (including device programming or simulation files), and any 
    Info: associated documentation or information are expressly subject 
    Info: to the terms and conditions of the Intel Program License 
    Info: Subscription Agreement, the Intel Quartus Prime License Agreement,
    Info: the Intel FPGA IP License Agreement, or other applicable license
    Info: agreement, including, without limitation, that your use is for
    Info: the sole purpose of programming logic devices manufactured by
    Info: Intel and sold by Intel or its authorized distributors.  Please
    Info: refer to the applicable agreement for further details, at
    Info: https://fpgasoftware.intel.com/eula.
    Info: Processing started: Tue Sep  8 20:42:19 2026
    Info: System process ID: 34494
Info: Command: quartus_stp -t /home/b10504072/04_WR/artifacts/EXP-WRPC-STEP5-STATIC-COARSE-BRACKET-FDEC5632-20260908/source/scripts/jtag/read_wb_runtime.tcl --raw
Info: Quartus(args): --raw
RAW mailbox completion toggle wb_sync_toggle=0

============================================================
White Rabbit Runtime 診斷：DE5 [1-11.1]
============================================================

## [Step 1] PHY / 光纖 Link
[pass] si_config_done           結果: 1/1
[pass] wr_ready                 結果: 1/1
[pass] core_tm_link_up          結果: 1/1
[pass] core_link_ok             結果: 1/1
[pass] wr_rx_ready              結果: 1/1
[pass] wr_tx_ready              結果: 1/1
[pass] core_phy_rst             結果: 0/0
[pass] si_id_error              結果: 0/0
[pass] wr_rx_enc_err            結果: 0/0
[pass] wr_tx_enc_err            結果: 0/0
[pass] CPU_RESET_n              結果: 1/1
[pass] wr_rx_locked_to_data     結果: 1/1
[info] wr_rx_locked_to_ref      結果: 0/NA
[info] MOD_PRS_n                結果: 0/NA
[info] INTERRUPT_n              結果: 1/NA
Step 1 pass

## [Step 2] Endpoint / MiniNIC / PTP
[pass] EP_MAC_H/EP_MAC_L        結果: 02:00:22:33:44:01/02:00:22:33:44:01
[pass] WDIAGS_MODE              結果: 2 MASTER/2 MASTER
[pass] WDIAGS_PTP               結果: 6 MASTER (raw=01014106)/6 MASTER
[pass] WDIAGS_PTP_RX            結果: Δ=9/Δ>0
RAW WDIAGS_PTP_RX            before=0x00000035 after=0x0000003E delta=9
[pass] WDIAGS_PTP_TX            結果: Δ=24/Δ>0
RAW WDIAGS_PTP_TX            before=0x00000076 after=0x0000008E delta=24
[pass] WDIAGS_TX                結果: Δ=31/Δ>0
RAW WDIAGS_TX                before=0x000000A2 after=0x000000C1 delta=31
[pass] WDIAGS_RX                結果: Δ=15/Δ>0
RAW WDIAGS_RX                before=0x00000057 after=0x00000066 delta=15
[pass] WDIAGS_RXERR             結果: Δ=0/Δ=0
RAW WDIAGS_RXERR             before=0x00000000 after=0x00000000 delta=0
Step 2 pass

## [Step 3] WR Parent / Signaling
Step 3 NA

## [Step 4A] Master SoftPLL Event Chain
[pass] DMTD_REF_ACCEPT_EVENT    結果: Δ=24536/Δ>=0
RAW DMTD_REF_ACCEPT_EVENT    before=0x007790FA after=0x0077F0D2 delta=24536
[pass] DMTD_FB_ACCEPT_EVENT     結果: Δ=25090/Δ>=0
RAW DMTD_FB_ACCEPT_EVENT     before=0x0042F702 after=0x00435904 delta=25090
[pass] DMTD_ACCEPT              結果: Δ=49626/Δ>0
[pass] SPLL_TAG_VALID_COUNT     結果: Δ=25093/Δ>0
RAW SPLL_TAG_VALID_COUNT     before=0x00039680 after=0x0003F885 delta=25093
[pass] SPLL_TRR_WRITE_COUNT     結果: Δ=25093/Δ>0
RAW SPLL_TRR_WRITE_COUNT     before=0x000396B0 after=0x0003F8B5 delta=25093
[pass] WRPC_SPLL_TRR_POP_COUNT  結果: Δ=25176/Δ>0
RAW WRPC_SPLL_TRR_POP_COUNT  before=0x0003968B after=0x0003F8E3 delta=25176
[pass] WDIAGS_IRQ_COUNT         結果: Δ=25176/Δ>0
RAW WDIAGS_IRQ_COUNT         before=0x0003968B after=0x0003F8E3 delta=25176
[pass] WDIAGS_HELPER_UPDATE_COUNT 結果: Δ=25176/Δ>0
RAW WDIAGS_HELPER_UPDATE_COUNT before=0x0003968B after=0x0003F8E3 delta=25176
[pass] BOOT_GENERATION          結果: Δ=0/Δ=0
RAW BOOT_GENERATION          before=0x00000001 after=0x00000001 delta=0
[pass] CPU_RESET_COUNT          結果: Δ=0/Δ=0
RAW CPU_RESET_COUNT          before=0x00000001 after=0x00000001 delta=0
[pass] WR_CORE_RESET_COUNT      結果: Δ=0/Δ=0
RAW WR_CORE_RESET_COUNT      before=0x00000001 after=0x00000001 delta=0
[pass] SI_CONFIG_DROP_COUNT     結果: Δ=0/Δ=0
RAW SI_CONFIG_DROP_COUNT     before=0x00000001 after=0x00000001 delta=0
STEP4A_MASTER_EVENT_CHAIN = PASS
Step 4 pass

## [Step 5] Closed-loop Lock
STEP5_RESULT = NOT_APPLICABLE_MASTER
STEP5_FIRST_INACTIVE_BOUNDARY = SLAVE_ONLY
Step 5 NA (Step5 closed-loop gate is for Slave)

## [Step 6] Global Time
Step 6 NA

============================================================
White Rabbit Runtime 診斷：DE5 [1-11.1]
============================================================
Step 1 PHY / Link             pass
Step 2 Endpoint / PTP         pass
Step 3 WR Handshake           NA
Step 4 Step4A Master Event Chain pass
Step 5 Closed-loop Lock       NA
Step 6 Global Time            NA
STEP1_REGRESSION = PASS
STEP2_REGRESSION = PASS
STEP3_REGRESSION = PASS
STEP4A_RESULT = PASS
STEP5_RESULT = NOT_APPLICABLE_MASTER
STEP5_FIRST_INACTIVE_BOUNDARY = SLAVE_ONLY
FAILURE_CLASSIFICATION = NO_FAILURE_EVIDENCE
============================================================

================ RAW_SNAPSHOT ================
RAW_SNAPSHOT board=DE5 [1-11.1] label=before
  status           = 8110FA41255082FF
  cpu              = 0000007C000011B4
  marker           = 000000010000B004
  store            = 000387060001E298
  store_count      = 00000000015D4A81
  exception        = 8000000B000011A8
  clock            = 002B62427C6983A1
  boot_generation  = 00000001
  cpu_reset_count  = 00000001
  wr_core_reset_count = 00000001
  si_config_drop_count = 00000001
  pps_cr           = 01312D06
  pps_escr         = 0000000C
  ep_mach          = 02000200
  ep_macl          = 22334401
  ep_dsr           = 42000000
  ptp              = 01014106
  ptp_rx           = 00000035
  ptp_tx           = 00000076
  ptp_meta         = 02010306
  tx               = 000000A2
  rx               = 00000057
  rxerr            = 00000000
  ptp_types        = 01010101
  foreign_meta     = 0000FF00
  filter_meta      = 00000000
  parse_meta       = 0001015C
  wr_rx_signal     = 10000001
  wr_tx_signal     = 10010002
  wr_failure       = 00000000
  wr_state         = A0219864
  wr_reject        = 00000000
  pstat            = 00000001
  sstat            = 00000000
  sec_h            = 00000000
  sec_l            = 00000038
  ns               = 19F67058
  lock_enable      = 00000000
  lock_result      = 00000000
  lock_polls       = 00000000
  lock_unlocked    = 00000000
  lock_calibration_fail = 00000000
  spll_state       = 00020004
  spll_ocer        = 7AC78E01
  spll_rcer        = 00000000
  spll_occr        = 540001A3
  spll_trr_csr     = 000290B2
  spll_dac_hpll    = AA0FD8AD
  spll_dac_main    = 00000001
  spll_helper_state = 00000100
  spll_helper_limits = 271000C8
  spll_main_state  = 00000000
  spll_main_limits = 00320032
  spll_main_phase_limits = 03E804B0
  spll_state_visit_mask = 00000618
  spll_state_transitions = 00000003
  spll_last_state  = 00000004
  spll_init_count  = 00000001
  dmtd_ref         = 007790FA
  dmtd_fb          = 0042F702
  dmtd_ref_high_qual_abort = 00805932
  dmtd_fb_high_qual_abort = 00027F6A
  tag_valid        = 00039680
  trr_write        = 000396B0
  irq              = 0003968B
  helper_update    = 0003968B
  spll_helper_error = FFFDB610
  spll_helper_output = 0000FFFB
  eic_isr          = FFFF0000
  current_tics     = 0000E3FA
RAW_SNAPSHOT board=DE5 [1-11.1] label=after
  status           = D11062E135BC82FF
  cpu              = 0000007C000011A0
  marker           = 000000010000B004
  store            = 0003E9020001E298
  store_count      = 000000000186D2BA
  exception        = 8000000B000011AC
  clock            = 0028ADA0C708CF04
  boot_generation  = 00000001
  cpu_reset_count  = 00000001
  wr_core_reset_count = 00000001
  si_config_drop_count = 00000001
  pps_cr           = 01312D06
  pps_escr         = 0000000C
  ep_mach          = 02000200
  ep_macl          = 22334401
  ep_dsr           = 42000000
  ptp              = 01014106
  ptp_rx           = 0000003E
  ptp_tx           = 0000008E
  ptp_meta         = 02010306
  tx               = 000000C1
  rx               = 00000066
  rxerr            = 00000000
  ptp_types        = 01010101
  foreign_meta     = 0000FF00
  filter_meta      = 00000000
  parse_meta       = 0001016C
  wr_rx_signal     = 10000001
  wr_tx_signal     = 10010002
  wr_failure       = 00000000
  wr_state         = A0219864
  wr_reject        = 00000000
  pstat            = 00000001
  sstat            = 00000000
  sec_h            = 00000000
  sec_l            = 0000003E
  ns               = 1FD11FD8
  lock_enable      = 00000000
  lock_result      = 00000000
  lock_polls       = 00000000
  lock_unlocked    = 00000000
  lock_calibration_fail = 00000000
  spll_state       = 00020004
  spll_ocer        = BEF2EE01
  spll_rcer        = 00000000
  spll_occr        = F9000138
  spll_trr_csr     = 0002F40A
  spll_dac_hpll    = D783D239
  spll_dac_main    = 00000001
  spll_helper_state = 00000100
  spll_helper_limits = 271000C8
  spll_main_state  = 00000000
  spll_main_limits = 00320032
  spll_main_phase_limits = 03E804B0
  spll_state_visit_mask = 00000618
  spll_state_transitions = 00000003
  spll_last_state  = 00000004
  spll_init_count  = 00000001
  dmtd_ref         = 0077F0D2
  dmtd_fb          = 00435904
  dmtd_ref_high_qual_abort = 0082347B
  dmtd_fb_high_qual_abort = 0002C34C
  tag_valid        = 0003F885
  trr_write        = 0003F8B5
  irq              = 0003F8E3
  helper_update    = 0003F8E3
  spll_helper_error = FFFDB610
  spll_helper_output = 0000FFFB
  eic_isr          = FFFF0000
  current_tics     = 0000FB6A
RAW mailbox completion toggle wb_sync_toggle=0

============================================================
White Rabbit Runtime 診斷：DE5 [1-11.2]
============================================================

## [Step 1] PHY / 光纖 Link
[pass] si_config_done           結果: 1/1
[pass] wr_ready                 結果: 1/1
[pass] core_tm_link_up          結果: 1/1
[pass] core_link_ok             結果: 1/1
[pass] wr_rx_ready              結果: 1/1
[pass] wr_tx_ready              結果: 1/1
[pass] core_phy_rst             結果: 0/0
[pass] si_id_error              結果: 0/0
[pass] wr_rx_enc_err            結果: 0/0
[pass] wr_tx_enc_err            結果: 0/0
[pass] CPU_RESET_n              結果: 1/1
[pass] wr_rx_locked_to_data     結果: 1/1
[info] wr_rx_locked_to_ref      結果: 0/NA
[info] MOD_PRS_n                結果: 0/NA
[info] INTERRUPT_n              結果: 1/NA
Step 1 pass

## [Step 2] Endpoint / MiniNIC / PTP
[pass] EP_MAC_H/EP_MAC_L        結果: 02:00:22:33:44:02/02:00:22:33:44:02
[pass] WDIAGS_MODE              結果: 3 SLAVE/3 SLAVE
[info] WDIAGS_PTP               結果: 8 UNCALIBRATED (raw=00004108)/NA
[pass] WDIAGS_PTP_RX            結果: Δ=29/Δ>0
RAW WDIAGS_PTP_RX            before=0x00000094 after=0x000000B1 delta=29
[pass] WDIAGS_PTP_TX            結果: Δ=13/Δ>0
RAW WDIAGS_PTP_TX            before=0x0000003A after=0x00000047 delta=13
[pass] WDIAGS_TX                結果: Δ=20/Δ>0
RAW WDIAGS_TX                before=0x00000074 after=0x00000088 delta=20
[pass] WDIAGS_RX                結果: Δ=34/Δ>0
RAW WDIAGS_RX                before=0x000000BF after=0x000000E1 delta=34
[pass] WDIAGS_RXERR             結果: Δ=0/Δ=0
RAW WDIAGS_RXERR             before=0x00000000 after=0x00000000 delta=0
Step 2 NA

## [Step 3] WR Parent / Signaling
[pass] WDIAGS_FOREIGN_META      結果: 1/1
[pass] WDIAGS_FOREIGN_META      結果: 0/0
[info] WDIAGS_FOREIGN_META      結果: detection=0 config=3/NA
[pass] parentIsWRnode           結果: 1/1
[info] parentWrModeOn           結果: 0/NA
[pass] parentCalibrated         結果: 1/1
[pass] WR_RX_SIGNAL_DEBUG       結果: LOCK count=1/LOCK 0x1001,count>0
[pass] WR_TX_SIGNAL_DEBUG       結果: SLAVE_PRESENT count=1/SLAVE_PRESENT 0x1000,count>0
[pass] WDIAGS_TEMP              結果: WRS_S_LOCK next=WRS_S_LOCK/WRS_S_LOCK=2
[pass] LOCK_ENABLE              結果: 3/> 0
Step 3 pass

## [Step 4B] Slave SoftPLL Startup
[info] STEP4B_UPSTREAM_GATE     結果: BLOCKED/NA
STEP4B_ALLOWED = NO
STEP4B_RESULT = BLOCKED_BY_STEP2
STEP4B_FIRST_INACTIVE_BOUNDARY = UPSTREAM_PREREQUISITE
Step 4B BLOCKED (upstream prerequisite)
Step 4 NA

## [Step 5] Closed-loop Lock
STEP5_RESULT = UPSTREAM_NOT_READY
STEP5_FIRST_INACTIVE_BOUNDARY = UPSTREAM_STEP4B
Step 5 NA

## [Step 6] Global Time
Step 6 NA

============================================================
White Rabbit Runtime 診斷：DE5 [1-11.2]
============================================================
Step 1 PHY / Link             pass
Step 2 Endpoint / PTP         NA
Step 3 WR Handshake           pass
Step 4 Step4B Slave SoftPLL Startup blocked
Step 5 Closed-loop Lock       NA
Step 6 Global Time            NA
STEP1_REGRESSION = PASS
STEP2_REGRESSION = INVALID
STEP3_REGRESSION = PASS
STEP4B_ALLOWED = NO
STEP4B_RESULT = BLOCKED_BY_STEP2
STEP4B_FIRST_INACTIVE_BOUNDARY = UPSTREAM_PREREQUISITE
STEP5_RESULT = UPSTREAM_NOT_READY
STEP5_FIRST_INACTIVE_BOUNDARY = UPSTREAM_STEP4B
FAILURE_CLASSIFICATION = JTAG/DASHBOARD_MEASUREMENT_FAILURE
============================================================

================ RAW_SNAPSHOT ================
RAW_SNAPSHOT board=DE5 [1-11.2] label=before
  status           = B010F843255082EF
  cpu              = 0000007C000011B0
  marker           = 000000010000B004
  store            = 0003DBEA0001E298
  store_count      = 0000000001343E38
  exception        = 8000000B000011AC
  clock            = 0029A5C0A35AA8C9
  boot_generation  = 00000001
  cpu_reset_count  = 00000001
  wr_core_reset_count = 00000001
  si_config_drop_count = 00000001
  pps_cr           = 01312D06
  pps_escr         = 00000000
  ep_mach          = 02000200
  ep_macl          = 22334402
  ep_dsr           = 42000000
  ptp              = 00004108
  ptp_rx           = 00000094
  ptp_tx           = 0000003A
  ptp_meta         = 03010308
  tx               = 00000074
  rx               = 000000BF
  rxerr            = 00000000
  ptp_types        = 02221122
  foreign_meta     = 03000001
  filter_meta      = 00000000
  parse_meta       = 050111DC
  wr_rx_signal     = 10010001
  wr_tx_signal     = 10000001
  wr_failure       = 00000000
  wr_state         = A041135C
  wr_reject        = 00000000
  pstat            = 00000001
  sstat            = 00000101
  sec_h            = 00000000
  sec_l            = 00000029
  ns               = 0E3F4298
  lock_enable      = 00000003
  lock_result      = 00000001
  lock_polls       = 00002D9F
  lock_unlocked    = 00002DC6
  lock_calibration_fail = 00000000
  spll_state       = 00030004
  spll_ocer        = D280BE01
  spll_rcer        = 00000001
  spll_occr        = 9B00013D
  spll_trr_csr     = 00060874
  spll_dac_hpll    = 363C3087
  spll_dac_main    = 00000001
  spll_helper_state = 00000000
  spll_helper_limits = 271000C8
  spll_main_state  = 00000000
  spll_main_limits = 00320032
  spll_main_phase_limits = 03E804B0
  spll_state_visit_mask = 00000618
  spll_state_transitions = 00000003
  spll_last_state  = 00000004
  spll_init_count  = 00000001
  dmtd_ref         = 0257E5DE
  dmtd_fb          = 028D0A9C
  dmtd_ref_high_qual_abort = 00066508
  dmtd_fb_high_qual_abort = 00019E10
  tag_valid        = 000413E8
  trr_write        = 0004144F
  irq              = 0003FBE3
  helper_update    = 00020F52
  spll_helper_error = FFFDB610
  spll_helper_output = 0000FFFB
  eic_isr          = FFFF0000
  current_tics     = 0000A83B
RAW_SNAPSHOT board=DE5 [1-11.2] label=after
  status           = F010B061355882EF
  cpu              = 0000007C000011B0
  marker           = 000000010000B004
  store            = 0004A8740001E298
  store_count      = 0000000001703D0D
  exception        = 8000000B000011A8
  clock            = 0039E17CDE42E481
  boot_generation  = 00000001
  cpu_reset_count  = 00000001
  wr_core_reset_count = 00000001
  si_config_drop_count = 00000001
  pps_cr           = 01312D06
  pps_escr         = 00000000
  ep_mach          = 02000200
  ep_macl          = 22334402
  ep_dsr           = 42000000
  ptp              = 00004108
  ptp_rx           = 000000B1
  ptp_tx           = 00000047
  ptp_meta         = 03010308
  tx               = 00000088
  rx               = 000000E1
  rxerr            = 00000000
  ptp_types        = 03281428
  foreign_meta     = 03000001
  filter_meta      = 00000000
  parse_meta       = 05011401
  wr_rx_signal     = 10010001
  wr_tx_signal     = 10000001
  wr_failure       = 00000000
  wr_state         = A041135C
  wr_reject        = 00000000
  pstat            = 00000001
  sstat            = 00000101
  sec_h            = 00000000
  sec_l            = 0000002F
  ns               = 0E452878
  lock_enable      = 00000003
  lock_result      = 00000001
  lock_polls       = 000036E3
  lock_unlocked    = 000036E3
  lock_calibration_fail = 00000000
  spll_state       = 00030004
  spll_ocer        = 2F772801
  spll_rcer        = 00000001
  spll_occr        = 7C0001B7
  spll_trr_csr     = 0006DAE8
  spll_dac_hpll    = 63AFE161
  spll_dac_main    = 00000001
  spll_helper_state = 00000000
  spll_helper_limits = 271000C8
  spll_main_state  = 00000000
  spll_main_limits = 00320032
  spll_main_phase_limits = 03E804B0
  spll_state_visit_mask = 00000618
  spll_state_transitions = 00000003
  spll_last_state  = 00000004
  spll_init_count  = 00000001
  dmtd_ref         = 02585013
  dmtd_fb          = 028D72A2
  dmtd_ref_high_qual_abort = 0007C122
  dmtd_fb_high_qual_abort = 0001EFD4
  tag_valid        = 0004E62D
  trr_write        = 0004E695
  irq              = 0004C95C
  helper_update    = 0002799D
  spll_helper_error = FFFDB610
  spll_helper_output = 0000FFFB
  eic_isr          = FFFF0000
  current_tics     = 0000C00E

============================================================
JTAG/WB transport health summary
============================================================
WB_TRANSPORT_PROTOCOL = PRELOAD_THEN_TOGGLE_COMMIT
WB_REQUEST_COUNT = 354
PRELOAD_COUNT = 354
COMMIT_COUNT = 354
WB_PROBE_READ_COUNT = 1770
PRELOAD_UNEXPECTED_TRIGGER_COUNT = 0
PROBE_3WAY_MATCH_COUNT = 354
STABLE_RESPONSE_WRONG_COUNT = 0
ADDRESS_CROSS_CONTAMINATION_COUNT = 0
TIMEOUT_COUNT = 0
INVALID_COUNT = 0
STALE_A5A5_COUNT = 0
UNSTABLE_TRANSACTION_COUNT = 0
DMTD_REF_DECREASE_COUNT = 0
DMTD_FB_DECREASE_COUNT = 0
PRELOAD_PROTOCOL_RUNTIME_REVALIDATION = PASS
JTAG_WB_DIAGNOSTIC_PATH = TRUSTED
============================================================

============================================================
STEP4A_RESULT = PASS
STEP4B_ALLOWED = NO
STEP4B_RESULT = BLOCKED_BY_STEP2
STEP4B_FIRST_INACTIVE_BOUNDARY = UPSTREAM_PREREQUISITE
STEP5_RESULT = NOT_APPLICABLE_MASTER
STEP5_FIRST_INACTIVE_BOUNDARY = SLAVE_ONLY
STEP5_RESULT = UPSTREAM_NOT_READY
STEP5_FIRST_INACTIVE_BOUNDARY = UPSTREAM_STEP4B
============================================================
Info (23030): Evaluation of Tcl script /home/b10504072/04_WR/artifacts/EXP-WRPC-STEP5-STATIC-COARSE-BRACKET-FDEC5632-20260908/source/scripts/jtag/read_wb_runtime.tcl was successful
Info: Quartus Prime Signal Tap was successful. 0 errors, 0 warnings
    Info: Peak virtual memory: 676 megabytes
    Info: Processing ended: Tue Sep  8 20:42:34 2026
    Info: Elapsed time: 00:00:15
    Info: System process ID: 34494
