Info: *******************************************************************
Info: Running Quartus Prime Signal Tap
    Info: Version 21.3.0 Build 170 09/23/2021 SC Pro Edition
    Info: Copyright (C) 2021  Intel Corporation. All rights reserved.
    Info: Your use of Intel Corporation's design tools, logic functions 
    Info: and other software and tools, and any partner logic 
    Info: functions, and any output files from any of the foregoing 
    Info: (including device programming or simulation files), and any 
    Info: associated documentation or information are expressly subject 
    Info: to the terms and conditions of the Intel Program License 
    Info: Subscription Agreement, the Intel Quartus Prime License Agreement,
    Info: the Intel FPGA IP License Agreement, or other applicable license
    Info: agreement, including, without limitation, that your use is for
    Info: the sole purpose of programming logic devices manufactured by
    Info: Intel and sold by Intel or its authorized distributors.  Please
    Info: refer to the applicable agreement for further details, at
    Info: https://fpgasoftware.intel.com/eula.
    Info: Processing started: Tue Sep  8 23:53:58 2026
    Info: System process ID: 35307
Info: Command: quartus_stp -t /home/b10504072/04_WR/artifacts/EXP-WRPC-STEP5-HPLL-BOOTSTRAP-5632-PLUS-64-MAIN-ABSOLUTE-TARGET-20260908/source/scripts/jtag/read_wb_runtime.tcl --raw
Info: Quartus(args): --raw
RAW mailbox completion toggle wb_sync_toggle=0

============================================================
White Rabbit Runtime 診斷：DE5 [1-11.1]
============================================================

## [Step 1] PHY / 光纖 Link
[pass] si_config_done           結果: 1/1
[pass] wr_ready                 結果: 1/1
[pass] core_tm_link_up          結果: 1/1
[pass] core_link_ok             結果: 1/1
[pass] wr_rx_ready              結果: 1/1
[pass] wr_tx_ready              結果: 1/1
[pass] core_phy_rst             結果: 0/0
[pass] si_id_error              結果: 0/0
[pass] wr_rx_enc_err            結果: 0/0
[pass] wr_tx_enc_err            結果: 0/0
[pass] CPU_RESET_n              結果: 1/1
[pass] wr_rx_locked_to_data     結果: 1/1
[info] wr_rx_locked_to_ref      結果: 0/NA
[info] MOD_PRS_n                結果: 0/NA
[info] INTERRUPT_n              結果: 1/NA
Step 1 pass

## [Step 2] Endpoint / MiniNIC / PTP
[pass] EP_MAC_H/EP_MAC_L        結果: 02:00:22:33:44:01/02:00:22:33:44:01
[pass] WDIAGS_MODE              結果: 2 MASTER/2 MASTER
[pass] WDIAGS_PTP               結果: 6 MASTER (raw=01014106)/6 MASTER
[pass] WDIAGS_PTP_RX            結果: Δ=11/Δ>0
RAW WDIAGS_PTP_RX            before=0x000000D8 after=0x000000E3 delta=11
[pass] WDIAGS_PTP_TX            結果: Δ=26/Δ>0
RAW WDIAGS_PTP_TX            before=0x000001EF after=0x00000209 delta=26
[pass] WDIAGS_TX                結果: Δ=34/Δ>0
RAW WDIAGS_TX                before=0x0000027D after=0x0000029F delta=34
[pass] WDIAGS_RX                結果: Δ=18/Δ>0
RAW WDIAGS_RX                before=0x0000014E after=0x00000160 delta=18
[pass] WDIAGS_RXERR             結果: Δ=0/Δ=0
RAW WDIAGS_RXERR             before=0x00000000 after=0x00000000 delta=0
Step 2 pass

## [Step 3] WR Parent / Signaling
Step 3 NA

## [Step 4A] Master SoftPLL Event Chain
[pass] DMTD_REF_ACCEPT_EVENT    結果: Δ=24506/Δ>=0
RAW DMTD_REF_ACCEPT_EVENT    before=0x007C238A after=0x007C8344 delta=24506
[pass] DMTD_FB_ACCEPT_EVENT     結果: Δ=25104/Δ>=0
RAW DMTD_FB_ACCEPT_EVENT     before=0x004814DB after=0x004876EB delta=25104
[pass] DMTD_ACCEPT              結果: Δ=49610/Δ>0
[pass] SPLL_TAG_VALID_COUNT     結果: Δ=25109/Δ>0
RAW SPLL_TAG_VALID_COUNT     before=0x0008BDF0 after=0x00092005 delta=25109
[pass] SPLL_TRR_WRITE_COUNT     結果: Δ=25109/Δ>0
RAW SPLL_TRR_WRITE_COUNT     before=0x0008BE20 after=0x00092035 delta=25109
[pass] WRPC_SPLL_TRR_POP_COUNT  結果: Δ=25168/Δ>0
RAW WRPC_SPLL_TRR_POP_COUNT  before=0x0008BD51 after=0x00091FA1 delta=25168
[pass] WDIAGS_IRQ_COUNT         結果: Δ=25168/Δ>0
RAW WDIAGS_IRQ_COUNT         before=0x0008BD51 after=0x00091FA1 delta=25168
[pass] WDIAGS_HELPER_UPDATE_COUNT 結果: Δ=25169/Δ>0
RAW WDIAGS_HELPER_UPDATE_COUNT before=0x0008BD51 after=0x00091FA2 delta=25169
[pass] BOOT_GENERATION          結果: Δ=0/Δ=0
RAW BOOT_GENERATION          before=0x00000001 after=0x00000001 delta=0
[pass] CPU_RESET_COUNT          結果: Δ=0/Δ=0
RAW CPU_RESET_COUNT          before=0x00000001 after=0x00000001 delta=0
[pass] WR_CORE_RESET_COUNT      結果: Δ=0/Δ=0
RAW WR_CORE_RESET_COUNT      before=0x00000001 after=0x00000001 delta=0
[pass] SI_CONFIG_DROP_COUNT     結果: Δ=0/Δ=0
RAW SI_CONFIG_DROP_COUNT     before=0x00000001 after=0x00000001 delta=0
STEP4A_MASTER_EVENT_CHAIN = PASS
Step 4 pass

## [Step 5] Closed-loop Lock
STEP5_RESULT = NOT_APPLICABLE_MASTER
STEP5_FIRST_INACTIVE_BOUNDARY = SLAVE_ONLY
Step 5 NA (Step5 closed-loop gate is for Slave)

## [Step 6] Global Time
Step 6 NA

============================================================
White Rabbit Runtime 診斷：DE5 [1-11.1]
============================================================
Step 1 PHY / Link             pass
Step 2 Endpoint / PTP         pass
Step 3 WR Handshake           NA
Step 4 Step4A Master Event Chain pass
Step 5 Closed-loop Lock       NA
Step 6 Global Time            NA
STEP1_REGRESSION = PASS
STEP2_REGRESSION = PASS
STEP3_REGRESSION = PASS
STEP4A_RESULT = PASS
STEP5_RESULT = NOT_APPLICABLE_MASTER
STEP5_FIRST_INACTIVE_BOUNDARY = SLAVE_ONLY
FAILURE_CLASSIFICATION = NO_FAILURE_EVIDENCE
============================================================

================ RAW_SNAPSHOT ================
RAW_SNAPSHOT board=DE5 [1-11.1] label=before
  status           = 611022C1373C82FF
  cpu              = 0000007C000011B0
  marker           = 000000010000B004
  store            = 0008AEA40001E298
  store_count      = 00000000038FA51D
  exception        = 8000000B000011AC
  clock            = 002973186416759D
  boot_generation  = 00000001
  cpu_reset_count  = 00000001
  wr_core_reset_count = 00000001
  si_config_drop_count = 00000001
  pps_cr           = 01312D06
  pps_escr         = 0000000C
  ep_mach          = 02000200
  ep_macl          = 22334401
  ep_dsr           = 42000000
  ptp              = 01014106
  ptp_rx           = 000000D8
  ptp_tx           = 000001EF
  ptp_meta         = 02020406
  tx               = 0000027D
  rx               = 0000014E
  rxerr            = 00000000
  ptp_types        = 01020202
  foreign_meta     = 00000001
  filter_meta      = 00000000
  parse_meta       = 0001027F
  wr_rx_signal     = 10000001
  wr_tx_signal     = 10010004
  wr_failure       = 01030001
  wr_state         = A0000064
  wr_reject        = 00000000
  pstat            = 00000001
  sstat            = 00000000
  sec_h            = 00000000
  sec_l            = 0000008A
  ns               = 14A8A588
  lock_enable      = 00000000
  lock_result      = 00000000
  lock_polls       = 00000000
  lock_unlocked    = 00000000
  lock_calibration_fail = 00000000
  spll_state       = 00020004
  spll_ocer        = FB5DE801
  spll_rcer        = 00000000
  spll_occr        = CE000154
  spll_trr_csr     = 000AB878
  spll_dac_hpll    = 09BE4A25
  spll_dac_main    = 00000004
  spll_helper_state = 00000100
  spll_helper_limits = 271000C8
  spll_main_state  = 00000000
  spll_main_limits = 00320032
  spll_main_phase_limits = 03E804B0
  spll_state_visit_mask = 00000618
  spll_state_transitions = 00000003
  spll_last_state  = 00000004
  spll_init_count  = 00000001
  dmtd_ref         = 007C238A
  dmtd_fb          = 004814DB
  dmtd_ref_high_qual_abort = 005D2069
  dmtd_fb_high_qual_abort = 0042C222
  tag_valid        = 0008BDF0
  trr_write        = 0008BE20
  irq              = 0008BD51
  helper_update    = 0008BD51
  spll_helper_error = FFFDB610
  spll_helper_output = 0000FFFB
  eic_isr          = FFFF0000
  current_tics     = 0002238E
RAW_SNAPSHOT board=DE5 [1-11.1] label=after
  status           = 411095C1275082FF
  cpu              = 0000007C000011B0
  marker           = 000000010000B004
  store            = 000910740001E298
  store_count      = 0000000003B92B4C
  exception        = 8000000B000011A8
  clock            = 0038AA209A60ACAA
  boot_generation  = 00000001
  cpu_reset_count  = 00000001
  wr_core_reset_count = 00000001
  si_config_drop_count = 00000001
  pps_cr           = 01312D06
  pps_escr         = 0000000C
  ep_mach          = 02000200
  ep_macl          = 22334401
  ep_dsr           = 42000000
  ptp              = 01014106
  ptp_rx           = 000000E3
  ptp_tx           = 00000209
  ptp_meta         = 02020406
  tx               = 0000029F
  rx               = 00000160
  rxerr            = 00000000
  ptp_types        = 01020202
  foreign_meta     = 00000001
  filter_meta      = 00000000
  parse_meta       = 00010294
  wr_rx_signal     = 10000001
  wr_tx_signal     = 10010004
  wr_failure       = 01030001
  wr_state         = A0000064
  wr_reject        = 00000000
  pstat            = 00000001
  sstat            = 00000000
  sec_h            = 00000000
  sec_l            = 00000090
  ns               = 1AA87300
  lock_enable      = 00000000
  lock_result      = 00000000
  lock_polls       = 00000000
  lock_unlocked    = 00000000
  lock_calibration_fail = 00000000
  spll_state       = 00020004
  spll_ocer        = F7DA4801
  spll_rcer        = 00000000
  spll_occr        = D60001DD
  spll_trr_csr     = 000A1ACA
  spll_dac_hpll    = 372FF866
  spll_dac_main    = 00000004
  spll_helper_state = 00000100
  spll_helper_limits = 271000C8
  spll_main_state  = 00000000
  spll_main_limits = 00320032
  spll_main_phase_limits = 03E804B0
  spll_state_visit_mask = 00000618
  spll_state_transitions = 00000003
  spll_last_state  = 00000004
  spll_init_count  = 00000001
  dmtd_ref         = 007C8344
  dmtd_fb          = 004876EB
  dmtd_ref_high_qual_abort = 00613ABC
  dmtd_fb_high_qual_abort = 0045AFBC
  tag_valid        = 00092005
  trr_write        = 00092035
  irq              = 00091FA1
  helper_update    = 00091FA2
  spll_helper_error = FFFDB610
  spll_helper_output = 0000FFFB
  eic_isr          = FFFF0000
  current_tics     = 00023B62
RAW mailbox completion toggle wb_sync_toggle=1

============================================================
White Rabbit Runtime 診斷：DE5 [1-11.2]
============================================================

## [Step 1] PHY / 光纖 Link
[pass] si_config_done           結果: 1/1
[pass] wr_ready                 結果: 1/1
[pass] core_tm_link_up          結果: 1/1
[pass] core_link_ok             結果: 1/1
[pass] wr_rx_ready              結果: 1/1
[pass] wr_tx_ready              結果: 1/1
[pass] core_phy_rst             結果: 0/0
[pass] si_id_error              結果: 0/0
[pass] wr_rx_enc_err            結果: 0/0
[pass] wr_tx_enc_err            結果: 0/0
[pass] CPU_RESET_n              結果: 1/1
[pass] wr_rx_locked_to_data     結果: 1/1
[info] wr_rx_locked_to_ref      結果: 0/NA
[info] MOD_PRS_n                結果: 0/NA
[info] INTERRUPT_n              結果: 1/NA
Step 1 pass

## [Step 2] Endpoint / MiniNIC / PTP
[pass] EP_MAC_H/EP_MAC_L        結果: 02:00:22:33:44:02/02:00:22:33:44:02
[pass] WDIAGS_MODE              結果: 3 SLAVE/3 SLAVE
[pass] WDIAGS_PTP               結果: 9 SLAVE (raw=00004109)/9 SLAVE
[pass] WDIAGS_PTP_RX            結果: Δ=29/Δ>0
RAW WDIAGS_PTP_RX            before=0x00000315 after=0x00000332 delta=29
[pass] WDIAGS_PTP_TX            結果: Δ=3/Δ>0
RAW WDIAGS_PTP_TX            before=0x00000117 after=0x0000011A delta=3
[pass] WDIAGS_TX                結果: Δ=21/Δ>0
RAW WDIAGS_TX                before=0x00000270 after=0x00000285 delta=21
[pass] WDIAGS_RX                結果: Δ=37/Δ>0
RAW WDIAGS_RX                before=0x000003D6 after=0x000003FB delta=37
[pass] WDIAGS_RXERR             結果: Δ=0/Δ=0
RAW WDIAGS_RXERR             before=0x00000000 after=0x00000000 delta=0
Step 2 pass

## [Step 3] WR Parent / Signaling
[pass] WDIAGS_FOREIGN_META      結果: 1/1
[pass] WDIAGS_FOREIGN_META      結果: 0/0
[info] WDIAGS_FOREIGN_META      結果: detection=0 config=3/NA
[pass] parentIsWRnode           結果: 1/1
[info] parentWrModeOn           結果: 0/NA
[pass] parentCalibrated         結果: 1/1
[pass] WR_RX_SIGNAL_DEBUG       結果: LOCK count=1/LOCK 0x1001,count>0
[pass] WR_TX_SIGNAL_DEBUG       結果: SLAVE_PRESENT count=1/SLAVE_PRESENT 0x1000,count>0
[info] WDIAGS_TEMP              結果: WRS_IDLE next=WRS_IDLE POST_STEP3_TIMEOUT/NA
[pass] LOCK_ENABLE              結果: 4/> 0
[info] WR_FAILURE_DEBUG         結果: TIMEOUT last_fail_state=WRS_S_LOCK failure_count=1/NA
Step 3 pass

## [Step 4B] Slave SoftPLL Startup
[pass] LOCK_ENABLE_COUNT        結果: 4/> 0
[pass] SPLL_MODE                結果: 3 (SPLL_MODE_SLAVE)/3 SPLL_MODE_SLAVE
[pass] SPLL_SEQ_STATE           結果: 4 (SEQ_WAIT_HELPER)/active, not 0/7
[pass] SPLL_STATE_VISIT_MASK    結果: 0x00000618/> 0
[pass] SPLL_INIT_COUNT          結果: 1/> 0
[pass] RCER                     結果: 0x00000001/> 0
[pass] OCER                     結果: 0xFD959A01/> 0
[info] SPLL_ALIGN_STATE         結果: 0/NA
[info] SPLL_STATE_TRANSITIONS   結果: 0x00000003/NA
[info] SPLL_LAST_STATE          結果: 4 (SEQ_WAIT_HELPER)/NA
[info] OCCR                     結果: 0x7B00011D/NA
[pass] DMTD_REF_ACCEPT_EVENT    結果: Δ=27594/Δ>=0
RAW DMTD_REF_ACCEPT_EVENT    before=0x0255DA98 after=0x02564662 delta=27594
[pass] DMTD_FB_ACCEPT_EVENT     結果: Δ=26998/Δ>=0
RAW DMTD_FB_ACCEPT_EVENT     before=0x0288FA4F after=0x028963C5 delta=26998
[pass] DMTD_ACCEPT              結果: Δ=54592/Δ>0
[pass] SPLL_TAG_VALID_COUNT     結果: Δ=54593/Δ>0
RAW SPLL_TAG_VALID_COUNT     before=0x001CF24E after=0x001DC78F delta=54593
[pass] SPLL_TRR_WRITE_COUNT     結果: Δ=54593/Δ>0
RAW SPLL_TRR_WRITE_COUNT     before=0x001CF2B8 after=0x001DC7F9 delta=54593
[pass] WRPC_SPLL_TRR_POP_COUNT  結果: Δ=54728/Δ>0
RAW WRPC_SPLL_TRR_POP_COUNT  before=0x001CF0F7 after=0x001DC6BF delta=54728
[pass] WDIAGS_IRQ_COUNT         結果: Δ=53444/Δ>0
RAW WDIAGS_IRQ_COUNT         before=0x001C4C48 after=0x001D1D0C delta=53444
[pass] WDIAGS_HELPER_UPDATE_COUNT 結果: Δ=27662/Δ>0
RAW WDIAGS_HELPER_UPDATE_COUNT before=0x000E4817 after=0x000EB425 delta=27662
[pass] BOOT_GENERATION          結果: Δ=0/Δ=0
RAW BOOT_GENERATION          before=0x00000001 after=0x00000001 delta=0
[pass] CPU_RESET_COUNT          結果: Δ=0/Δ=0
RAW CPU_RESET_COUNT          before=0x00000001 after=0x00000001 delta=0
[pass] WR_CORE_RESET_COUNT      結果: Δ=0/Δ=0
RAW WR_CORE_RESET_COUNT      before=0x00000001 after=0x00000001 delta=0
[pass] SI_CONFIG_DROP_COUNT     結果: Δ=0/Δ=0
RAW SI_CONFIG_DROP_COUNT     before=0x00000001 after=0x00000001 delta=0
STEP4B_ALLOWED = YES
STEP4B_RESULT = PASS
STEP4B_FIRST_INACTIVE_BOUNDARY = ACTIVE
Step 4B pass
Step 4 pass

## [Step 5] Closed-loop Lock
STEP5_LOCKDET_BEFORE: HELPER locked=0 changed=0 cnt=0/10000 threshold=200 ref_src=0 MAIN enabled=0 locked=0 freq=0 phase=0 freq_cnt=0/50 phase_cnt=0/1000 PSTAT_locked=0
STEP5_LOCKDET_AFTER: HELPER locked=0 changed=0 cnt=0/10000 threshold=200 ref_src=0 MAIN enabled=0 locked=0 freq=0 phase=0 freq_cnt=0/50 phase_cnt=0/1000 PSTAT_locked=0
[error] WDIAGS_PSTAT             結果: 0/1
STEP5_RESULT = NEVER_LOCKED
STEP5_FIRST_INACTIVE_BOUNDARY = HELPER_LOCK
Step 5 NA (single window is not stable-lock proof)

## [Step 6] Global Time
Step 6 NA

============================================================
White Rabbit Runtime 診斷：DE5 [1-11.2]
============================================================
Step 1 PHY / Link             pass
Step 2 Endpoint / PTP         pass
Step 3 WR Handshake           pass
Step 4 Step4B Slave SoftPLL Startup pass
Step 5 Closed-loop Lock       NA
Step 6 Global Time            NA
STEP1_REGRESSION = PASS
STEP2_REGRESSION = PASS
STEP3_REGRESSION = PASS
STEP4B_ALLOWED = YES
STEP4B_RESULT = PASS
STEP4B_FIRST_INACTIVE_BOUNDARY = ACTIVE
STEP5_RESULT = NEVER_LOCKED
STEP5_FIRST_INACTIVE_BOUNDARY = HELPER_LOCK
FAILURE_CLASSIFICATION = NO_FAILURE_EVIDENCE
============================================================

================ RAW_SNAPSHOT ================
RAW_SNAPSHOT board=DE5 [1-11.2] label=before
  status           = D11E8841389882CF
  cpu              = 0000007C000011B0
  marker           = 000000010000B004
  store            = 001C2C900001E298
  store_count      = 000000000814DF9E
  exception        = 8000000B000011AC
  clock            = 00392730433861E7
  boot_generation  = 00000001
  cpu_reset_count  = 00000001
  wr_core_reset_count = 00000001
  si_config_drop_count = 00000001
  pps_cr           = 01312D02
  pps_escr         = 00000000
  ep_mach          = 02000200
  ep_macl          = 22334402
  ep_dsr           = 42000000
  ptp              = 00004109
  ptp_rx           = 00000315
  ptp_tx           = 00000117
  ptp_meta         = 03020409
  tx               = 00000270
  rx               = 000003D6
  rxerr            = 00000000
  ptp_types        = 04783B78
  foreign_meta     = 03000001
  filter_meta      = 00000000
  parse_meta       = 05013B1A
  wr_rx_signal     = 10010001
  wr_tx_signal     = 10000001
  wr_failure       = 02020001
  wr_state         = A000035C
  wr_reject        = 00000000
  pstat            = 00000001
  sstat            = 00000001
  sec_h            = 00000000
  sec_l            = 00000091
  ns               = 2FE09580
  lock_enable      = 00000004
  lock_result      = 00000001
  lock_polls       = 00005B19
  lock_unlocked    = 00005B19
  lock_calibration_fail = 00000000
  spll_state       = 00030004
  spll_ocer        = F9893001
  spll_rcer        = 00000001
  spll_occr        = 790001B9
  spll_trr_csr     = 001EE678
  spll_dac_hpll    = 7B950AA3
  spll_dac_main    = 00000006
  spll_helper_state = 00000000
  spll_helper_limits = 271000C8
  spll_main_state  = 00000000
  spll_main_limits = 00320032
  spll_main_phase_limits = 03E804B0
  spll_state_visit_mask = 00000618
  spll_state_transitions = 00000003
  spll_last_state  = 00000004
  spll_init_count  = 00000001
  dmtd_ref         = 0255DA98
  dmtd_fb          = 0288FA4F
  dmtd_ref_high_qual_abort = 09DE1CF9
  dmtd_fb_high_qual_abort = 0069C131
  tag_valid        = 001CF24E
  trr_write        = 001CF2B8
  irq              = 001C4C48
  helper_update    = 000E4817
  spll_helper_error = FFFDB610
  spll_helper_output = 0000FFFB
  eic_isr          = FFFF0000
  current_tics     = 00037F30
RAW_SNAPSHOT board=DE5 [1-11.2] label=after
  status           = 411E9041285082EF
  cpu              = 0000007C000011B8
  marker           = 000000010000B004
  store            = 001CFCD30001E298
  store_count      = 00000000084F4DD9
  exception        = 8000000B000011A8
  clock            = 00297FAC9ADCBA5E
  boot_generation  = 00000001
  cpu_reset_count  = 00000001
  wr_core_reset_count = 00000001
  si_config_drop_count = 00000001
  pps_cr           = 01312D06
  pps_escr         = 00000000
  ep_mach          = 02000200
  ep_macl          = 22334402
  ep_dsr           = 42000000
  ptp              = 00004109
  ptp_rx           = 00000332
  ptp_tx           = 0000011A
  ptp_meta         = 03020409
  tx               = 00000285
  rx               = 000003FB
  rxerr            = 00000000
  ptp_types        = 047F3E7F
  foreign_meta     = 03000001
  filter_meta      = 00000000
  parse_meta       = 05013E37
  wr_rx_signal     = 10010001
  wr_tx_signal     = 10000001
  wr_failure       = 02020001
  wr_state         = A000035C
  wr_reject        = 00000000
  pstat            = 00000001
  sstat            = 00000001
  sec_h            = 00000000
  sec_l            = 00000097
  ns               = 35CB23C0
  lock_enable      = 00000004
  lock_result      = 00000001
  lock_polls       = 00005B19
  lock_unlocked    = 00005B19
  lock_calibration_fail = 00000000
  spll_state       = 00030004
  spll_ocer        = FD959A01
  spll_rcer        = 00000001
  spll_occr        = 7B00011D
  spll_trr_csr     = 001EBC46
  spll_dac_hpll    = A908A1E0
  spll_dac_main    = 00000006
  spll_helper_state = 00000000
  spll_helper_limits = 271000C8
  spll_main_state  = 00000000
  spll_main_limits = 00320032
  spll_main_phase_limits = 03E804B0
  spll_state_visit_mask = 00000618
  spll_state_transitions = 00000003
  spll_last_state  = 00000004
  spll_init_count  = 00000001
  dmtd_ref         = 02564662
  dmtd_fb          = 028963C5
  dmtd_ref_high_qual_abort = 09E195BF
  dmtd_fb_high_qual_abort = 006CB78A
  tag_valid        = 001DC78F
  trr_write        = 001DC7F9
  irq              = 001D1D0C
  helper_update    = 000EB425
  spll_helper_error = FFFDB610
  spll_helper_output = 0000FFFB
  eic_isr          = FFFF0000
  current_tics     = 00039703

============================================================
JTAG/WB transport health summary
============================================================
WB_TRANSPORT_PROTOCOL = PRELOAD_THEN_TOGGLE_COMMIT
WB_REQUEST_COUNT = 352
PRELOAD_COUNT = 352
COMMIT_COUNT = 352
WB_PROBE_READ_COUNT = 1760
PRELOAD_UNEXPECTED_TRIGGER_COUNT = 0
PROBE_3WAY_MATCH_COUNT = 352
STABLE_RESPONSE_WRONG_COUNT = 0
ADDRESS_CROSS_CONTAMINATION_COUNT = 0
TIMEOUT_COUNT = 0
INVALID_COUNT = 0
STALE_A5A5_COUNT = 0
UNSTABLE_TRANSACTION_COUNT = 0
DMTD_REF_DECREASE_COUNT = 0
DMTD_FB_DECREASE_COUNT = 0
PRELOAD_PROTOCOL_RUNTIME_REVALIDATION = PASS
JTAG_WB_DIAGNOSTIC_PATH = TRUSTED
============================================================

============================================================
STEP4A_RESULT = PASS
STEP4B_ALLOWED = YES
STEP4B_RESULT = PASS
STEP4B_FIRST_INACTIVE_BOUNDARY = ACTIVE
STEP5_RESULT = NOT_APPLICABLE_MASTER
STEP5_FIRST_INACTIVE_BOUNDARY = SLAVE_ONLY
STEP5_RESULT = NEVER_LOCKED
STEP5_FIRST_INACTIVE_BOUNDARY = HELPER_LOCK
============================================================
Info (23030): Evaluation of Tcl script /home/b10504072/04_WR/artifacts/EXP-WRPC-STEP5-HPLL-BOOTSTRAP-5632-PLUS-64-MAIN-ABSOLUTE-TARGET-20260908/source/scripts/jtag/read_wb_runtime.tcl was successful
Info: Quartus Prime Signal Tap was successful. 0 errors, 0 warnings
    Info: Peak virtual memory: 676 megabytes
    Info: Processing ended: Tue Sep  8 23:54:13 2026
    Info: Elapsed time: 00:00:15
    Info: System process ID: 35307
