Info: *******************************************************************
Info: Running Quartus Prime Signal Tap
    Info: Version 21.3.0 Build 170 09/23/2021 SC Pro Edition
    Info: Copyright (C) 2021  Intel Corporation. All rights reserved.
    Info: Your use of Intel Corporation's design tools, logic functions 
    Info: and other software and tools, and any partner logic 
    Info: functions, and any output files from any of the foregoing 
    Info: (including device programming or simulation files), and any 
    Info: associated documentation or information are expressly subject 
    Info: to the terms and conditions of the Intel Program License 
    Info: Subscription Agreement, the Intel Quartus Prime License Agreement,
    Info: the Intel FPGA IP License Agreement, or other applicable license
    Info: agreement, including, without limitation, that your use is for
    Info: the sole purpose of programming logic devices manufactured by
    Info: Intel and sold by Intel or its authorized distributors.  Please
    Info: refer to the applicable agreement for further details, at
    Info: https://fpgasoftware.intel.com/eula.
    Info: Processing started: Wed Sep  2 21:05:59 2026
    Info: System process ID: 3639549
Info: Command: quartus_stp -t scripts/jtag/read_wb_runtime.tcl --raw
Info: Quartus(args): --raw
RAW mailbox completion toggle wb_sync_toggle=0

============================================================
White Rabbit Runtime 診斷：DE5 [1-11.1]
============================================================

## [Step 1] PHY / 光纖 Link
[pass] si_config_done           結果: 1/1
[pass] wr_ready                 結果: 1/1
[pass] core_tm_link_up          結果: 1/1
[pass] core_link_ok             結果: 1/1
[pass] wr_rx_ready              結果: 1/1
[pass] wr_tx_ready              結果: 1/1
[pass] core_phy_rst             結果: 0/0
[pass] si_id_error              結果: 0/0
[pass] wr_rx_enc_err            結果: 0/0
[pass] wr_tx_enc_err            結果: 0/0
[pass] CPU_RESET_n              結果: 1/1
[pass] wr_rx_locked_to_data     結果: 1/1
[info] wr_rx_locked_to_ref      結果: 0/NA
[info] MOD_PRS_n                結果: 0/NA
[info] INTERRUPT_n              結果: 1/NA
Step 1 pass

## [Step 2] Endpoint / MiniNIC / PTP
[pass] EP_MAC_H/EP_MAC_L        結果: 02:00:22:33:44:01/02:00:22:33:44:01
[pass] WDIAGS_MODE              結果: 2 MASTER/2 MASTER
[pass] WDIAGS_PTP               結果: 6 MASTER (raw=01014106)/6 MASTER
[pass] WDIAGS_PTP_RX            結果: Δ=9/Δ>0
RAW WDIAGS_PTP_RX            before=0x0000262D after=0x00002636 delta=9
[pass] WDIAGS_PTP_TX            結果: Δ=26/Δ>0
RAW WDIAGS_PTP_TX            before=0x00005643 after=0x0000565D delta=26
[pass] WDIAGS_TX                結果: Δ=32/Δ>0
RAW WDIAGS_TX                before=0x00006D67 after=0x00006D87 delta=32
[pass] WDIAGS_RX                結果: Δ=15/Δ>0
RAW WDIAGS_RX                before=0x00003974 after=0x00003983 delta=15
[pass] WDIAGS_RXERR             結果: Δ=0/Δ=0
RAW WDIAGS_RXERR             before=0x00000000 after=0x00000000 delta=0
Step 2 pass

## [Step 3] WR Parent / Signaling
Step 3 NA

## [Step 4A] Master SoftPLL Event Chain
[pass] DMTD_REF_ACCEPT_EVENT    結果: Δ=26117/Δ>=0
RAW DMTD_REF_ACCEPT_EVENT    before=0x014C81DB after=0x014CE7E0 delta=26117
[pass] DMTD_FB_ACCEPT_EVENT     結果: Δ=24318/Δ>=0
RAW DMTD_FB_ACCEPT_EVENT     before=0x016DA2DD after=0x016E01DB delta=24318
[pass] DMTD_ACCEPT              結果: Δ=50435/Δ>0
[pass] SPLL_TAG_VALID_COUNT     結果: Δ=24328/Δ>0
RAW SPLL_TAG_VALID_COUNT     before=0x012E7815 after=0x012ED71D delta=24328
[pass] SPLL_TRR_WRITE_COUNT     結果: Δ=24329/Δ>0
RAW SPLL_TRR_WRITE_COUNT     before=0x012E7843 after=0x012ED74C delta=24329
[pass] WRPC_SPLL_TRR_POP_COUNT  結果: Δ=24402/Δ>0
RAW WRPC_SPLL_TRR_POP_COUNT  before=0x012E7737 after=0x012ED689 delta=24402
[pass] WDIAGS_IRQ_COUNT         結果: Δ=24402/Δ>0
RAW WDIAGS_IRQ_COUNT         before=0x012E7737 after=0x012ED689 delta=24402
[pass] WDIAGS_HELPER_UPDATE_COUNT 結果: Δ=24002/Δ>0
RAW WDIAGS_HELPER_UPDATE_COUNT before=0x012E78C7 after=0x012ED689 delta=24002
[pass] BOOT_GENERATION          結果: Δ=0/Δ=0
RAW BOOT_GENERATION          before=0x00000001 after=0x00000001 delta=0
[pass] CPU_RESET_COUNT          結果: Δ=0/Δ=0
RAW CPU_RESET_COUNT          before=0x00000001 after=0x00000001 delta=0
[pass] WR_CORE_RESET_COUNT      結果: Δ=0/Δ=0
RAW WR_CORE_RESET_COUNT      before=0x00000001 after=0x00000001 delta=0
[pass] SI_CONFIG_DROP_COUNT     結果: Δ=0/Δ=0
RAW SI_CONFIG_DROP_COUNT     before=0x00000001 after=0x00000001 delta=0
STEP4A_MASTER_EVENT_CHAIN = PASS
Step 4 pass

## [Step 5] Closed-loop Lock
STEP5_RESULT = NOT_APPLICABLE_MASTER
STEP5_FIRST_INACTIVE_BOUNDARY = SLAVE_ONLY
Step 5 NA (Step5 closed-loop gate is for Slave)

## [Step 6] Global Time
Step 6 NA

============================================================
White Rabbit Runtime 診斷：DE5 [1-11.1]
============================================================
Step 1 PHY / Link             pass
Step 2 Endpoint / PTP         pass
Step 3 WR Handshake           NA
Step 4 Step4A Master Event Chain pass
Step 5 Closed-loop Lock       NA
Step 6 Global Time            NA
STEP1_REGRESSION = PASS
STEP2_REGRESSION = PASS
STEP3_REGRESSION = PASS
STEP4A_RESULT = PASS
STEP5_RESULT = NOT_APPLICABLE_MASTER
STEP5_FIRST_INACTIVE_BOUNDARY = SLAVE_ONLY
FAILURE_CLASSIFICATION = NO_FAILURE_EVIDENCE
============================================================

================ RAW_SNAPSHOT ================
RAW_SNAPSHOT board=DE5 [1-11.1] label=before
  status           = 9110666136BC82FF
  cpu              = 0000007C000011A8
  marker           = 000000010000B004
  store            = 012E692B0001E2A0
  store_count      = 000000008141562D
  exception        = 8000000B000011B0
  clock            = 003A52A8D2092F04
  boot_generation  = 00000001
  cpu_reset_count  = 00000001
  wr_core_reset_count = 00000001
  si_config_drop_count = 00000001
  pps_cr           = 01312D06
  pps_escr         = 0000130C
  ep_mach          = 02000200
  ep_macl          = 22334401
  ep_dsr           = 42000000
  ptp              = 01014106
  ptp_rx           = 0000262D
  ptp_tx           = 00005643
  ptp_meta         = 02020406
  tx               = 00006D67
  rx               = 00003974
  rxerr            = 00000000
  ptp_types        = 01030203
  foreign_meta     = 00000001
  filter_meta      = 00000000
  parse_meta       = 000102F0
  wr_rx_signal     = 10000001
  wr_tx_signal     = 10010004
  wr_failure       = 01030001
  wr_state         = A0000064
  wr_reject        = 00000000
  pstat            = 00000001
  sstat            = 00000000
  sec_h            = 00000000
  sec_l            = 0000135B
  ns               = 06507340
  lock_enable      = 00000000
  lock_result      = 00000000
  lock_polls       = 00000000
  lock_unlocked    = 00000000
  lock_calibration_fail = 00000000
  spll_state       = 00020004
  spll_ocer        = 9E603A01
  spll_rcer        = 00000000
  spll_occr        = FF0001FF
  spll_trr_csr     = 012E7290
  spll_dac_hpll    = 3A479DC3
  spll_dac_main    = 00000090
  spll_helper_state = 00020100
  spll_helper_limits = 271000C8
  spll_main_state  = 00000000
  spll_main_limits = 00320032
  spll_main_phase_limits = 03E804B0
  spll_state_visit_mask = 00000618
  spll_state_transitions = 00000003
  spll_last_state  = 00000004
  spll_init_count  = 00000001
  dmtd_ref         = 014C81DB
  dmtd_fb          = 016DA2DD
  dmtd_ref_high_qual_abort = 0ACF2916
  dmtd_fb_high_qual_abort = 0946B0AC
  tag_valid        = 012E7815
  trr_write        = 012E7843
  irq              = 012E7737
  helper_update    = 012E78C7
  spll_helper_error = 000249F0
  spll_helper_output = 00000005
  eic_isr          = FFFF0000
  current_tics     = 004BA2C9
RAW_SNAPSHOT board=DE5 [1-11.1] label=after
  status           = 911005C1365882FF
  cpu              = 0000007C00003E90
  marker           = 000000010000B004
  store            = 012EC80A0001E2A0
  store_count      = 000000008169ECCC
  exception        = 8000000B000011AC
  clock            = 002A90AC0F416CFA
  boot_generation  = 00000001
  cpu_reset_count  = 00000001
  wr_core_reset_count = 00000001
  si_config_drop_count = 00000001
  pps_cr           = 01312D06
  pps_escr         = 0000130C
  ep_mach          = 02000200
  ep_macl          = 22334401
  ep_dsr           = 42000000
  ptp              = 01014106
  ptp_rx           = 00002636
  ptp_tx           = 0000565D
  ptp_meta         = 02020406
  tx               = 00006D87
  rx               = 00003983
  rxerr            = 00000000
  ptp_types        = 01030203
  foreign_meta     = 00000001
  filter_meta      = 00000000
  parse_meta       = 00010203
  wr_rx_signal     = 10000001
  wr_tx_signal     = 10010004
  wr_failure       = 01030001
  wr_state         = A0000064
  wr_reject        = 00000000
  pstat            = 00000001
  sstat            = 00000000
  sec_h            = 00000000
  sec_l            = 00001361
  ns               = 0C4565E0
  lock_enable      = 00000000
  lock_result      = 00000000
  lock_polls       = 00000000
  lock_unlocked    = 00000000
  lock_calibration_fail = 00000000
  spll_state       = 00020004
  spll_ocer        = FCBB9E01
  spll_rcer        = 00000000
  spll_occr        = FF0001FF
  spll_trr_csr     = 012ED0D8
  spll_dac_hpll    = 66FCD07F
  spll_dac_main    = 00000090
  spll_helper_state = 00020100
  spll_helper_limits = 271000C8
  spll_main_state  = 00000000
  spll_main_limits = 00320032
  spll_main_phase_limits = 03E804B0
  spll_state_visit_mask = 00000618
  spll_state_transitions = 00000003
  spll_last_state  = 00000004
  spll_init_count  = 00000001
  dmtd_ref         = 014CE7E0
  dmtd_fb          = 016E01DB
  dmtd_ref_high_qual_abort = 0AD28F74
  dmtd_fb_high_qual_abort = 09499A07
  tag_valid        = 012ED71D
  trr_write        = 012ED74C
  irq              = 012ED689
  helper_update    = 012ED689
  spll_helper_error = 000249F0
  spll_helper_output = 00000005
  eic_isr          = FFFF0000
  current_tics     = 004BBA9D
RAW mailbox completion toggle wb_sync_toggle=0

============================================================
White Rabbit Runtime 診斷：DE5 [1-11.2]
============================================================

## [Step 1] PHY / 光纖 Link
[pass] si_config_done           結果: 1/1
[pass] wr_ready                 結果: 1/1
[pass] core_tm_link_up          結果: 1/1
[pass] core_link_ok             結果: 1/1
[pass] wr_rx_ready              結果: 1/1
[pass] wr_tx_ready              結果: 1/1
[pass] core_phy_rst             結果: 0/0
[pass] si_id_error              結果: 0/0
[pass] wr_rx_enc_err            結果: 0/0
[pass] wr_tx_enc_err            結果: 0/0
[pass] CPU_RESET_n              結果: 1/1
[pass] wr_rx_locked_to_data     結果: 1/1
[info] wr_rx_locked_to_ref      結果: 1/NA
[info] MOD_PRS_n                結果: 0/NA
[info] INTERRUPT_n              結果: 1/NA
Step 1 pass

## [Step 2] Endpoint / MiniNIC / PTP
[pass] EP_MAC_H/EP_MAC_L        結果: 02:00:22:33:44:02/02:00:22:33:44:02
[pass] WDIAGS_MODE              結果: 3 SLAVE/3 SLAVE
[pass] WDIAGS_PTP               結果: 9 SLAVE (raw=00004109)/9 SLAVE
[pass] WDIAGS_PTP_RX            結果: Δ=27/Δ>0
RAW WDIAGS_PTP_RX            before=0x00005662 after=0x0000567D delta=27
[pass] WDIAGS_PTP_TX            結果: Δ=2/Δ>0
RAW WDIAGS_PTP_TX            before=0x00000BF8 after=0x00000BFA delta=2
[pass] WDIAGS_TX                結果: Δ=16/Δ>0
RAW WDIAGS_TX                before=0x00003D9B after=0x00003DAB delta=16
[pass] WDIAGS_RX                結果: Δ=30/Δ>0
RAW WDIAGS_RX                before=0x000069B8 after=0x000069D6 delta=30
[pass] WDIAGS_RXERR             結果: Δ=0/Δ=0
RAW WDIAGS_RXERR             before=0x00000000 after=0x00000000 delta=0
Step 2 pass

## [Step 3] WR Parent / Signaling
[pass] WDIAGS_FOREIGN_META      結果: 1/1
[pass] WDIAGS_FOREIGN_META      結果: 0/0
[info] WDIAGS_FOREIGN_META      結果: detection=0 config=3/NA
[pass] parentIsWRnode           結果: 1/1
[info] parentWrModeOn           結果: 0/NA
[pass] parentCalibrated         結果: 1/1
[pass] WR_RX_SIGNAL_DEBUG       結果: LOCK count=1/LOCK 0x1001,count>0
[pass] WR_TX_SIGNAL_DEBUG       結果: SLAVE_PRESENT count=1/SLAVE_PRESENT 0x1000,count>0
[info] WDIAGS_TEMP              結果: WRS_IDLE next=WRS_IDLE POST_STEP3_TIMEOUT/NA
[pass] LOCK_ENABLE              結果: 4/> 0
[info] WR_FAILURE_DEBUG         結果: TIMEOUT last_fail_state=WRS_S_LOCK failure_count=1/NA
Step 3 pass

## [Step 4B] Slave SoftPLL Startup
[pass] LOCK_ENABLE_COUNT        結果: 4/> 0
[pass] SPLL_MODE                結果: 3 (SPLL_MODE_SLAVE)/3 SPLL_MODE_SLAVE
[pass] SPLL_SEQ_STATE           結果: 6 (SEQ_WAIT_MAIN)/active, not 0/7
[pass] SPLL_STATE_VISIT_MASK    結果: 0x00000678/> 0
[pass] SPLL_INIT_COUNT          結果: 1/> 0
[pass] RCER                     結果: 0x00000001/> 0
[pass] OCER                     結果: 0xCDE1CA01/> 0
[info] SPLL_ALIGN_STATE         結果: 0/NA
[info] SPLL_STATE_TRANSITIONS   結果: 0x00000005/NA
[info] SPLL_LAST_STATE          結果: 6 (SEQ_WAIT_MAIN)/NA
[info] OCCR                     結果: 0xFF0001FF/NA
[pass] DMTD_REF_ACCEPT_EVENT    結果: Δ=22529/Δ>=0
RAW DMTD_REF_ACCEPT_EVENT    before=0x0C4CB8F7 after=0x0C4D10F8 delta=22529
[pass] DMTD_FB_ACCEPT_EVENT     結果: Δ=24331/Δ>=0
RAW DMTD_FB_ACCEPT_EVENT     before=0x0B528DD9 after=0x0B52ECE4 delta=24331
[pass] DMTD_ACCEPT              結果: Δ=46860/Δ>0
[pass] SPLL_TAG_VALID_COUNT     結果: Δ=46873/Δ>0
RAW SPLL_TAG_VALID_COUNT     before=0x02471FC3 after=0x0247D6DC delta=46873
[pass] SPLL_TRR_WRITE_COUNT     結果: Δ=46875/Δ>0
RAW SPLL_TRR_WRITE_COUNT     before=0x0247201D after=0x0247D738 delta=46875
[pass] WRPC_SPLL_TRR_POP_COUNT  結果: Δ=46988/Δ>0
RAW WRPC_SPLL_TRR_POP_COUNT  before=0x02471DFA after=0x0247D586 delta=46988
[pass] WDIAGS_IRQ_COUNT         結果: Δ=46053/Δ>0
RAW WDIAGS_IRQ_COUNT         before=0x0239CDF5 after=0x023A81DA delta=46053
[pass] WDIAGS_HELPER_UPDATE_COUNT 結果: Δ=22220/Δ>0
RAW WDIAGS_HELPER_UPDATE_COUNT before=0x011A0DC8 after=0x011A6494 delta=22220
[pass] BOOT_GENERATION          結果: Δ=0/Δ=0
RAW BOOT_GENERATION          before=0x00000001 after=0x00000001 delta=0
[pass] CPU_RESET_COUNT          結果: Δ=0/Δ=0
RAW CPU_RESET_COUNT          before=0x00000001 after=0x00000001 delta=0
[pass] WR_CORE_RESET_COUNT      結果: Δ=0/Δ=0
RAW WR_CORE_RESET_COUNT      before=0x00000001 after=0x00000001 delta=0
[pass] SI_CONFIG_DROP_COUNT     結果: Δ=0/Δ=0
RAW SI_CONFIG_DROP_COUNT     before=0x00000001 after=0x00000001 delta=0
STEP4B_ALLOWED = YES
STEP4B_RESULT = PASS
STEP4B_FIRST_INACTIVE_BOUNDARY = ACTIVE
Step 4B pass
Step 4 pass

## [Step 5] Closed-loop Lock
STEP5_LOCKDET_BEFORE: HELPER locked=0 changed=0 cnt=0/10000 threshold=200 ref_src=0 MAIN enabled=1 locked=0 freq=0 phase=0 freq_cnt=0/50 phase_cnt=0/1000 PSTAT_locked=0
STEP5_LOCKDET_AFTER: HELPER locked=0 changed=0 cnt=0/10000 threshold=200 ref_src=0 MAIN enabled=1 locked=0 freq=0 phase=0 freq_cnt=0/50 phase_cnt=0/1000 PSTAT_locked=0
[error] WDIAGS_PSTAT             結果: 0/1
STEP5_RESULT = NEVER_LOCKED
STEP5_FIRST_INACTIVE_BOUNDARY = HELPER_LOCK
Step 5 NA (single window is not stable-lock proof)

## [Step 6] Global Time
Step 6 NA

============================================================
White Rabbit Runtime 診斷：DE5 [1-11.2]
============================================================
Step 1 PHY / Link             pass
Step 2 Endpoint / PTP         pass
Step 3 WR Handshake           pass
Step 4 Step4B Slave SoftPLL Startup pass
Step 5 Closed-loop Lock       NA
Step 6 Global Time            NA
STEP1_REGRESSION = PASS
STEP2_REGRESSION = PASS
STEP3_REGRESSION = PASS
STEP4B_ALLOWED = YES
STEP4B_RESULT = PASS
STEP4B_FIRST_INACTIVE_BOUNDARY = ACTIVE
STEP5_RESULT = NEVER_LOCKED
STEP5_FIRST_INACTIVE_BOUNDARY = HELPER_LOCK
FAILURE_CLASSIFICATION = NO_FAILURE_EVIDENCE
============================================================

================ RAW_SNAPSHOT ================
RAW_SNAPSHOT board=DE5 [1-11.2] label=before
  status           = 4E1E50E134BC82CF
  cpu              = 0000007C000011A8
  marker           = 000000010000B004
  store            = 0239B39D0001E2A0
  store_count      = 00000000ABFA176C
  exception        = 8000000B000011AC
  clock            = 003C618F45A0A5CC
  boot_generation  = 00000001
  cpu_reset_count  = 00000001
  wr_core_reset_count = 00000001
  si_config_drop_count = 00000001
  pps_cr           = 01312D02
  pps_escr         = 00001300
  ep_mach          = 02000200
  ep_macl          = 22334402
  ep_dsr           = 42000000
  ptp              = 00004109
  ptp_rx           = 00005662
  ptp_tx           = 00000BF8
  ptp_meta         = 03020409
  tx               = 00003D9B
  rx               = 000069B8
  rxerr            = 00000000
  ptp_types        = 0445A745
  foreign_meta     = 03000001
  filter_meta      = 00000000
  parse_meta       = 0501A748
  wr_rx_signal     = 10010001
  wr_tx_signal     = 10000001
  wr_failure       = 02020001
  wr_state         = A000035C
  wr_reject        = 00000000
  pstat            = 00000001
  sstat            = 00000001
  sec_h            = 00000000
  sec_l            = 00001362
  ns               = 1E3FB4E8
  lock_enable      = 00000004
  lock_result      = 00000001
  lock_polls       = 00005B1D
  lock_unlocked    = 00005B1D
  lock_calibration_fail = 00000000
  spll_state       = 00030006
  spll_ocer        = 66DE7201
  spll_rcer        = 00000001
  spll_occr        = FF0001FF
  spll_trr_csr     = 020614EA
  spll_dac_hpll    = F54AA937
  spll_dac_main    = 00000090
  spll_helper_state = 00000000
  spll_helper_limits = 271000C8
  spll_main_state  = 00000001
  spll_main_limits = 00320032
  spll_main_phase_limits = 03E804B0
  spll_state_visit_mask = 00000678
  spll_state_transitions = 00000005
  spll_last_state  = 00000006
  spll_init_count  = 00000001
  dmtd_ref         = 0C4CB8F7
  dmtd_fb          = 0B528DD9
  dmtd_ref_high_qual_abort = 031CD6EF
  dmtd_fb_high_qual_abort = 012C9DBB
  tag_valid        = 02471FC3
  trr_write        = 0247201D
  irq              = 0239CDF5
  helper_update    = 011A0DC8
  spll_helper_error = 000249F0
  spll_helper_output = 00000005
  eic_isr          = FFFF0000
  current_tics     = 004C08B7
RAW_SNAPSHOT board=DE5 [1-11.2] label=after
  status           = 5E1EF8E334BC82CF
  cpu              = 0000007C000011B0
  marker           = 000000010000B004
  store            = 023A66B80001E2A0
  store_count      = 00000000AC2CC0B1
  exception        = 8000000B000011A8
  clock            = 002CA0D18432E51C
  boot_generation  = 00000001
  cpu_reset_count  = 00000001
  wr_core_reset_count = 00000001
  si_config_drop_count = 00000001
  pps_cr           = 01312D02
  pps_escr         = 00001300
  ep_mach          = 02000200
  ep_macl          = 22334402
  ep_dsr           = 42000000
  ptp              = 00004109
  ptp_rx           = 0000567D
  ptp_tx           = 00000BFA
  ptp_meta         = 03020409
  tx               = 00003DAB
  rx               = 000069D6
  rxerr            = 00000000
  ptp_types        = 044BAA4B
  foreign_meta     = 03000001
  filter_meta      = 00000000
  parse_meta       = 0501AA5C
  wr_rx_signal     = 10010001
  wr_tx_signal     = 10000001
  wr_failure       = 02020001
  wr_state         = A000035C
  wr_reject        = 00000000
  pstat            = 00000001
  sstat            = 00000001
  sec_h            = 00000000
  sec_l            = 00001368
  ns               = 244D0450
  lock_enable      = 00000004
  lock_result      = 00000001
  lock_polls       = 00005B1D
  lock_unlocked    = 00005B1D
  lock_calibration_fail = 00000000
  spll_state       = 00030006
  spll_ocer        = CDE1CA01
  spll_rcer        = 00000001
  spll_occr        = FF0001FF
  spll_trr_csr     = 0206CC8A
  spll_dac_hpll    = 2201E163
  spll_dac_main    = 00000091
  spll_helper_state = 00000000
  spll_helper_limits = 271000C8
  spll_main_state  = 00000001
  spll_main_limits = 00320032
  spll_main_phase_limits = 03E804B0
  spll_state_visit_mask = 00000678
  spll_state_transitions = 00000005
  spll_last_state  = 00000006
  spll_init_count  = 00000001
  dmtd_ref         = 0C4D10F8
  dmtd_fb          = 0B52ECE4
  dmtd_ref_high_qual_abort = 031DD520
  dmtd_fb_high_qual_abort = 012CFCBF
  tag_valid        = 0247D6DC
  trr_write        = 0247D738
  irq              = 023A81DA
  helper_update    = 011A6494
  spll_helper_error = 000249F0
  spll_helper_output = 00000005
  eic_isr          = FFFF0000
  current_tics     = 004C208A

============================================================
JTAG/WB transport health summary
============================================================
WB_TRANSPORT_PROTOCOL = PRELOAD_THEN_TOGGLE_COMMIT
WB_REQUEST_COUNT = 352
PRELOAD_COUNT = 352
COMMIT_COUNT = 352
WB_PROBE_READ_COUNT = 1760
PRELOAD_UNEXPECTED_TRIGGER_COUNT = 0
PROBE_3WAY_MATCH_COUNT = 352
STABLE_RESPONSE_WRONG_COUNT = 0
ADDRESS_CROSS_CONTAMINATION_COUNT = 0
TIMEOUT_COUNT = 0
INVALID_COUNT = 0
STALE_A5A5_COUNT = 0
UNSTABLE_TRANSACTION_COUNT = 0
DMTD_REF_DECREASE_COUNT = 0
DMTD_FB_DECREASE_COUNT = 0
PRELOAD_PROTOCOL_RUNTIME_REVALIDATION = PASS
JTAG_WB_DIAGNOSTIC_PATH = TRUSTED
============================================================

============================================================
STEP4A_RESULT = PASS
STEP4B_ALLOWED = YES
STEP4B_RESULT = PASS
STEP4B_FIRST_INACTIVE_BOUNDARY = ACTIVE
STEP5_RESULT = NOT_APPLICABLE_MASTER
STEP5_FIRST_INACTIVE_BOUNDARY = SLAVE_ONLY
STEP5_RESULT = NEVER_LOCKED
STEP5_FIRST_INACTIVE_BOUNDARY = HELPER_LOCK
============================================================
Info (23030): Evaluation of Tcl script scripts/jtag/read_wb_runtime.tcl was successful
Info: Quartus Prime Signal Tap was successful. 0 errors, 0 warnings
    Info: Peak virtual memory: 677 megabytes
    Info: Processing ended: Wed Sep  2 21:06:14 2026
    Info: Elapsed time: 00:00:15
    Info: System process ID: 3639549
