Info: *******************************************************************
Info: Running Quartus Prime SignalTap II
    Info: Version 17.0.0 Build 595 04/25/2017 SJ Standard Edition
    Info: Copyright (C) 2017  Intel Corporation. All rights reserved.
    Info: Your use of Intel Corporation's design tools, logic functions 
    Info: and other software and tools, and its AMPP partner logic 
    Info: functions, and any output files from any of the foregoing 
    Info: (including device programming or simulation files), and any 
    Info: associated documentation or information are expressly subject 
    Info: to the terms and conditions of the Intel Program License 
    Info: Subscription Agreement, the Intel Quartus Prime License Agreement,
    Info: the Intel MegaCore Function License Agreement, or other 
    Info: applicable license agreement, including, without limitation, 
    Info: that your use is for the sole purpose of programming logic 
    Info: devices manufactured by Intel and sold by Intel or its 
    Info: authorized distributors.  Please refer to the applicable 
    Info: agreement for further details.
    Info: Processing started: Fri Oct  2 13:14:44 2026
Info: Command: quartus_stp -t scripts/jtag/read_step5_helper_pi_state_rail_audit.tcl 5 250 "DE5 [1-11.1]" 1
Info: Quartus(args): 5 250 {DE5 [1-11.1]} 1
STEP5_GUARDED_HELPER_DYNAMICS_CONFIG samples=5 gap_ms=250 board_filter=DE5 [1-11.1] experiment=EXP-S5-HELPER-STARTUP-RAIL-DIAGNOSTIC-LANE0-20260919 read_only=1 control_write=0 diagnostic_request_writes=1 wb_transport=preload_then_toggle_commit snapshot_transport=serialized_request_in_band_epoch_v3_double_read double_read=1 bootstrap_steps=3388 code_per_physical_step=64 kp=-2250 ki=-2 helper_pi_integral_decimation=1 effective_ki=-2 threshold=2000 lock_samples=1000 normal_hpll_cooldown_loads=0 helper_pi_update_decimation=1 fresh_reset_required=1 pi_trace=enabled
=== DE5 [1-11.1] ===
ATOMIC_TRANSPORT_PROBE board=DE5 [1-11.1] DATA_WRITE_DONE=1 CR_WRITE_DONE=1 DIAG_NW=00000001 DIAG_CR_READ_DONE=1 REQUEST_READBACK=00000001 DIAG_CR_AFTER=00000000 CPU_STORE=000006AD00021DA0 CPU_STORE_COUNT=00000000AB1CFA74 CPU_DATA_DIAG_ADDR=000000000002E018 CPU_DATA_DIAG_META=000000000000003F
V3_REJECT_ATTRIBUTION board=DE5 [1-11.1] sample=1 request_seq=1 FRAME_VALID=0 PRIMARY_REJECT_REASON=ACK_TIMEOUT FAILED_FIELD=SNAPSHOT_ACK_SEQ
STEP5_PI_SAMPLE board=DE5 [1-11.1] sample=1 elapsed_ms=0 FRAME_VALID=0 PI_TRACE_PRESENT=0 PI_SNAPSHOT_REJECTS=1 PI_EPOCH=INVALID TAG_RAW=INVALID P_ADDER=INVALID P_SETPOINT=INVALID RAW_ERROR=INVALID LD_ERROR=INVALID PI_INTEGRATOR_BEFORE=INVALID PI_I_NEW=INVALID PI_INTEGRATOR_AFTER=INVALID PI_PROP_TERM=INVALID PI_Y_PREROUND=INVALID PI_UNCLAMPED_OUTPUT=INVALID PI_Y_MIN=INVALID PI_Y_MAX=INVALID PI_CLAMPED_OUTPUT=INVALID PI_CLAMP_SIDE=INVALID HELPER_ERROR=INVALID HELPER_OUTPUT=INVALID FREQ_ERROR=INVALID TARGET_CODE=INVALID APPLIED_CODE=INVALID NORMAL_REQ=INVALID NORMAL_COMPLETED=INVALID NORMAL_FINC=INVALID NORMAL_FDEC=INVALID DCO_STEP=INVALID FORCED_COMPLETED=INVALID BOOTSTRAP_COMPLETED=INVALID BOOTSTRAP_DONE=INVALID SPLL_INIT_COUNT=1 CLEAR_DACS_COUNT=1 SPLL_DELOCK_COUNT=0 MAIN_ENABLED=0 MAIN_FREQ_LOCKED=0 MAIN_PHASE_LOCKED=0 MAIN_LOCKED=0 PSTAT_LOCKED=0 HELPER_LOCKED=INVALID HELPER_LOCK_COUNT=INVALID BOOT_GENERATION=1 CPU_RESET=1 WR_CORE_RESET=0 SI_CONFIG_DROP=0 RXERR_COUNT=0
STEP5_ATOMIC_SNAPSHOT_SAMPLE board=DE5 [1-11.1] sample=1 REQUEST_SEQ=1 LAST_REQ_SEQ=1742166 BANK_SEQ=INVALID SNAPSHOT_ACK_SEQ=0 SNAPSHOT_REQ_COUNT=0 SNAPSHOT_BANK_COMMIT_COUNT=519521071 SNAPSHOT_ACK_COUNT=0 SNAPSHOT_OVERWRITE_COUNT=3775446224 ACK_TIMEOUT=1 ACK_MISMATCH=0 EPOCH_GENERATION_MISMATCH=0 EPOCH_CHANGED_DURING_READ=0
V3_REJECT_ATTRIBUTION board=DE5 [1-11.1] sample=2 request_seq=2 FRAME_VALID=0 PRIMARY_REJECT_REASON=ACK_TIMEOUT FAILED_FIELD=SNAPSHOT_ACK_SEQ
STEP5_PI_SAMPLE board=DE5 [1-11.1] sample=2 elapsed_ms=250 FRAME_VALID=0 PI_TRACE_PRESENT=0 PI_SNAPSHOT_REJECTS=1 PI_EPOCH=INVALID TAG_RAW=INVALID P_ADDER=INVALID P_SETPOINT=INVALID RAW_ERROR=INVALID LD_ERROR=INVALID PI_INTEGRATOR_BEFORE=INVALID PI_I_NEW=INVALID PI_INTEGRAT