Info: *******************************************************************
Info: Running Quartus Prime SignalTap II
    Info: Version 17.0.0 Build 595 04/25/2017 SJ Standard Edition
    Info: Copyright (C) 2017  Intel Corporation. All rights reserved.
    Info: Your use of Intel Corporation's design tools, logic functions 
    Info: and other software and tools, and its AMPP partner logic 
    Info: functions, and any output files from any of the foregoing 
    Info: (including device programming or simulation files), and any 
    Info: associated documentation or information are expressly subject 
    Info: to the terms and conditions of the Intel Program License 
    Info: Subscription Agreement, the Intel Quartus Prime License Agreement,
    Info: the Intel MegaCore Function License Agreement, or other 
    Info: applicable license agreement, including, without limitation, 
    Info: that your use is for the sole purpose of programming logic 
    Info: devices manufactured by Intel and sold by Intel or its 
    Info: authorized distributors.  Please refer to the applicable 
    Info: agreement for further details.
    Info: Processing started: Wed Sep  2 19:10:18 2026
Info: Command: quartus_stp -t scripts/jtag/read_wb_runtime.tcl --raw
Info: Quartus(args): --raw
RAW mailbox completion toggle wb_sync_toggle=1

============================================================
White Rabbit Runtime 診斷：DE5 [1-11.1]
============================================================

## [Step 1] PHY / 光纖 Link
[pass] si_config_done           結果: 1/1
[pass] wr_ready                 結果: 1/1
[pass] core_tm_link_up          結果: 1/1
[pass] core_link_ok             結果: 1/1
[pass] wr_rx_ready              結果: 1/1
[pass] wr_tx_ready              結果: 1/1
[pass] core_phy_rst             結果: 0/0
[pass] si_id_error              結果: 0/0
[pass] wr_rx_enc_err            結果: 0/0
[pass] wr_tx_enc_err            結果: 0/0
[pass] CPU_RESET_n              結果: 1/1
[pass] wr_rx_locked_to_data     結果: 1/1
[info] wr_rx_locked_to_ref      結果: 1/NA
[info] MOD_PRS_n                結果: 0/NA
[info] INTERRUPT_n              結果: 1/NA
Step 1 pass

## [Step 2] Endpoint / MiniNIC / PTP
[pass] EP_MAC_H/EP_MAC_L        結果: 02:00:22:33:44:01/02:00:22:33:44:01
[pass] WDIAGS_MODE              結果: 2 MASTER/2 MASTER
[pass] WDIAGS_PTP               結果: 6 MASTER (raw=01014106)/6 MASTER
[pass] WDIAGS_PTP_RX            結果: Δ=13/Δ>0
RAW WDIAGS_PTP_RX            before=0x000000F2 after=0x000000FF delta=13
[pass] WDIAGS_PTP_TX            結果: Δ=30/Δ>0
RAW WDIAGS_PTP_TX            before=0x00000222 after=0x00000240 delta=30
[pass] WDIAGS_TX                結果: Δ=38/Δ>0
RAW WDIAGS_TX                before=0x000002BE after=0x000002E4 delta=38
[pass] WDIAGS_RX                結果: Δ=19/Δ>0
RAW WDIAGS_RX                before=0x00000173 after=0x00000186 delta=19
[pass] WDIAGS_RXERR             結果: Δ=0/Δ=0
RAW WDIAGS_RXERR             before=0x00000000 after=0x00000000 delta=0
Step 2 pass

## [Step 3] WR Parent / Signaling
Step 3 NA

## [Step 4A] Master SoftPLL Event Chain
[pass] DMTD_REF_ACCEPT_EVENT    結果: Δ=25344/Δ>=0
RAW DMTD_REF_ACCEPT_EVENT    before=0x007C8DE3 after=0x007CF0E3 delta=25344
[pass] DMTD_FB_ACCEPT_EVENT     結果: Δ=24223/Δ>=0
RAW DMTD_FB_ACCEPT_EVENT     before=0x00484C0E after=0x0048AAAD delta=24223
[pass] DMTD_ACCEPT              結果: Δ=49567/Δ>0
[pass] SPLL_TAG_VALID_COUNT     結果: Δ=24230/Δ>0
RAW SPLL_TAG_VALID_COUNT     before=0x00092923 after=0x000987C9 delta=24230
[pass] SPLL_TRR_WRITE_COUNT     結果: Δ=24231/Δ>0
RAW SPLL_TRR_WRITE_COUNT     before=0x00092950 after=0x000987F7 delta=24231
[pass] WRPC_SPLL_TRR_POP_COUNT  結果: Δ=24399/Δ>0
RAW WRPC_SPLL_TRR_POP_COUNT  before=0x0009284B after=0x0009879A delta=24399
[pass] WDIAGS_IRQ_COUNT         結果: Δ=24399/Δ>0
RAW WDIAGS_IRQ_COUNT         before=0x0009284B after=0x0009879A delta=24399
[pass] WDIAGS_HELPER_UPDATE_COUNT 結果: Δ=24399/Δ>0
RAW WDIAGS_HELPER_UPDATE_COUNT before=0x0009284B after=0x0009879A delta=24399
[pass] BOOT_GENERATION          結果: Δ=0/Δ=0
RAW BOOT_GENERATION          before=0x00000001 after=0x00000001 delta=0
[pass] CPU_RESET_COUNT          結果: Δ=0/Δ=0
RAW CPU_RESET_COUNT          before=0x00000001 after=0x00000001 delta=0
[pass] WR_CORE_RESET_COUNT      結果: Δ=0/Δ=0
RAW WR_CORE_RESET_COUNT      before=0x00000001 after=0x00000001 delta=0
[pass] SI_CONFIG_DROP_COUNT     結果: Δ=0/Δ=0
RAW SI_CONFIG_DROP_COUNT     before=0x00000001 after=0x00000001 delta=0
STEP4A_MASTER_EVENT_CHAIN = PASS
Step 4 pass

## [Step 5] Closed-loop Lock
STEP5_RESULT = NOT_APPLICABLE_MASTER
STEP5_FIRST_INACTIVE_BOUNDARY = SLAVE_ONLY
Step 5 NA (Step5 closed-loop gate is for Slave)

## [Step 6] Global Time
Step 6 NA

============================================================
White Rabbit Runtime 診斷：DE5 [1-11.1]
============================================================
Step 1 PHY / Link             pass
Step 2 Endpoint / PTP         pass
Step 3 WR Handshake           NA
Step 4 Step4A Master Event Chain pass
Step 5 Closed-loop Lock       NA
Step 6 Global Time            NA
STEP1_REGRESSION = PASS
STEP2_REGRESSION = PASS
STEP3_REGRESSION = PASS
STEP4A_RESULT = PASS
STEP5_RESULT = NOT_APPLICABLE_MASTER
STEP5_FIRST_INACTIVE_BOUNDARY = SLAVE_ONLY
FAILURE_CLASSIFICATION = NO_FAILURE_EVIDENCE
============================================================

================ RAW_SNAPSHOT ================
RAW_SNAPSHOT board=DE5 [1-11.1] label=before
  status           = B11097E124B482FF
  cpu              = 0000007C000011B0
  marker           = 000000010000B004
  store            = 00091AE70001E240
  store_count      = 0000000003C44BA4
  exception        = 8000000B000011A8
  clock            = 002D4A6F39A24C01
  boot_generation  = 00000001
  cpu_reset_count  = 00000001
  wr_core_reset_count = 00000001
  si_config_drop_count = 00000001
  pps_cr           = 01312D06
  pps_escr         = 0000000C
  ep_mach          = 02000200
  ep_macl          = 22334401
  ep_dsr           = 42000000
  ptp              = 01014106
  ptp_rx           = 000000F2
  ptp_tx           = 00000222
  ptp_meta         = 02020406
  tx               = 000002BE
  rx               = 00000173
  rxerr            = 00000000
  ptp_types        = 01030203
  foreign_meta     = 00000001
  filter_meta      = 00000000
  parse_meta       = 000102A2
  wr_rx_signal     = 10000001
  wr_tx_signal     = 10010004
  wr_failure       = 01030001
  wr_state         = A0000064
  wr_reject        = 00000000
  pstat            = 00000001
  sstat            = 00000000
  sec_h            = 00000000
  sec_l            = 00000095
  ns               = 20A08198
  lock_enable      = 00000000
  lock_result      = 00000000
  lock_polls       = 00000000
  lock_unlocked    = 00000000
  lock_calibration_fail = 00000000
  spll_state       = 00020004
  spll_ocer        = 3FE6FA01
  spll_rcer        = 00000000
  spll_occr        = D80001F4
  spll_trr_csr     = 000A229E
  spll_dac_hpll    = 5DF1BAEF
  spll_dac_main    = 00000004
  spll_helper_state = 00000100
  spll_helper_limits = 271000C8
  spll_main_state  = 00000000
  spll_main_limits = 00320032
  spll_main_phase_limits = 03E804B0
  spll_state_visit_mask = 00000618
  spll_state_transitions = 00000003
  spll_last_state  = 00000004
  spll_init_count  = 00000001
  dmtd_ref         = 007C8DE3
  dmtd_fb          = 00484C0E
  dmtd_ref_high_qual_abort = 0054613C
  dmtd_fb_high_qual_abort = 004801F7
  tag_valid        = 00092923
  trr_write        = 00092950
  irq              = 0009284B
  helper_update    = 0009284B
  spll_helper_error = FFFDB610
  spll_helper_output = 0000FFFB
  eic_isr          = FFFF0000
  current_tics     = 00024F4D
RAW_SNAPSHOT board=DE5 [1-11.1] label=after
  status           = 41101C6334BC82FF
  cpu              = 0000007C000011B0
  marker           = 000000010000B004
  store            = 0009791E0001E240
  store_count      = 0000000003EC966B
  exception        = 8000000B000011A8
  clock            = 002B383426A139BD
  boot_generation  = 00000001
  cpu_reset_count  = 00000001
  wr_core_reset_count = 00000001
  si_config_drop_count = 00000001
  pps_cr           = 01312D06
  pps_escr         = 0000000C
  ep_mach          = 02000200
  ep_macl          = 22334401
  ep_dsr           = 42000000
  ptp              = 01014106
  ptp_rx           = 000000FF
  ptp_tx           = 00000240
  ptp_meta         = 02020406
  tx               = 000002E4
  rx               = 00000186
  rxerr            = 00000000
  ptp_types        = 01030203
  foreign_meta     = 00000001
  filter_meta      = 00000000
  parse_meta       = 000102B5
  wr_rx_signal     = 10000001
  wr_tx_signal     = 10010004
  wr_failure       = 01030001
  wr_state         = A0000064
  wr_reject        = 00000000
  pstat            = 00000001
  sstat            = 00000000
  sec_h            = 00000000
  sec_l            = 0000009B
  ns               = 26837CE8
  lock_enable      = 00000000
  lock_result      = 00000000
  lock_polls       = 00000000
  lock_unlocked    = 00000000
  lock_calibration_fail = 00000000
  spll_state       = 00020004
  spll_ocer        = A0255C01
  spll_rcer        = 00000000
  spll_occr        = C80001CA
  spll_trr_csr     = 000A82E8
  spll_dac_hpll    = 8AA29FA9
  spll_dac_main    = 00000004
  spll_helper_state = 00000100
  spll_helper_limits = 271000C8
  spll_main_state  = 00000000
  spll_main_limits = 00320032
  spll_main_phase_limits = 03E804B0
  spll_state_visit_mask = 00000618
  spll_state_transitions = 00000003
  spll_last_state  = 00000004
  spll_init_count  = 00000001
  dmtd_ref         = 007CF0E3
  dmtd_fb          = 0048AAAD
  dmtd_ref_high_qual_abort = 0057C8F7
  dmtd_fb_high_qual_abort = 004AE9D3
  tag_valid        = 000987C9
  trr_write        = 000987F7
  irq              = 0009879A
  helper_update    = 0009879A
  spll_helper_error = FFFDB610
  spll_helper_output = 0000FFFB
  eic_isr          = FFFF0000
  current_tics     = 00026720
RAW mailbox completion toggle wb_sync_toggle=1

============================================================
White Rabbit Runtime 診斷：DE5 [1-11.2]
============================================================

## [Step 1] PHY / 光纖 Link
[pass] si_config_done           結果: 1/1
[pass] wr_ready                 結果: 1/1
[pass] core_tm_link_up          結果: 1/1
[pass] core_link_ok             結果: 1/1
[pass] wr_rx_ready              結果: 1/1
[pass] wr_tx_ready              結果: 1/1
[pass] core_phy_rst             結果: 0/0
[pass] si_id_error              結果: 0/0
[pass] wr_rx_enc_err            結果: 0/0
[pass] wr_tx_enc_err            結果: 0/0
[pass] CPU_RESET_n              結果: 1/1
[pass] wr_rx_locked_to_data     結果: 1/1
[info] wr_rx_locked_to_ref      結果: 0/NA
[info] MOD_PRS_n                結果: 0/NA
[info] INTERRUPT_n              結果: 1/NA
Step 1 pass

## [Step 2] Endpoint / MiniNIC / PTP
[pass] EP_MAC_H/EP_MAC_L        結果: 02:00:22:33:44:02/02:00:22:33:44:02
[pass] WDIAGS_MODE              結果: 3 SLAVE/3 SLAVE
[pass] WDIAGS_PTP               結果: 9 SLAVE (raw=00004109)/9 SLAVE
[pass] WDIAGS_PTP_RX            結果: Δ=26/Δ>0
RAW WDIAGS_PTP_RX            before=0x00000245 after=0x0000025F delta=26
[pass] WDIAGS_PTP_TX            結果: Δ=2/Δ>0
RAW WDIAGS_PTP_TX            before=0x000000AD after=0x000000AF delta=2
[pass] WDIAGS_TX                結果: Δ=18/Δ>0
RAW WDIAGS_TX                before=0x000001DD after=0x000001EF delta=18
[pass] WDIAGS_RX                結果: Δ=32/Δ>0
RAW WDIAGS_RX                before=0x000002D1 after=0x000002F1 delta=32
[pass] WDIAGS_RXERR             結果: Δ=0/Δ=0
RAW WDIAGS_RXERR             before=0x00000000 after=0x00000000 delta=0
Step 2 pass

## [Step 3] WR Parent / Signaling
[pass] WDIAGS_FOREIGN_META      結果: 1/1
[pass] WDIAGS_FOREIGN_META      結果: 0/0
[info] WDIAGS_FOREIGN_META      結果: detection=0 config=3/NA
[pass] parentIsWRnode           結果: 1/1
[info] parentWrModeOn           結果: 0/NA
[pass] parentCalibrated         結果: 1/1
[pass] WR_RX_SIGNAL_DEBUG       結果: LOCK count=1/LOCK 0x1001,count>0
[pass] WR_TX_SIGNAL_DEBUG       結果: SLAVE_PRESENT count=1/SLAVE_PRESENT 0x1000,count>0
[info] WDIAGS_TEMP              結果: WRS_IDLE next=WRS_IDLE POST_STEP3_TIMEOUT/NA
[pass] LOCK_ENABLE              結果: 4/> 0
[info] WR_FAILURE_DEBUG         結果: TIMEOUT last_fail_state=WRS_S_LOCK failure_count=1/NA
Step 3 pass

## [Step 4B] Slave SoftPLL Startup
[pass] LOCK_ENABLE_COUNT        結果: 4/> 0
[pass] SPLL_MODE                結果: 3 (SPLL_MODE_SLAVE)/3 SPLL_MODE_SLAVE
[pass] SPLL_SEQ_STATE           結果: 6 (SEQ_WAIT_MAIN)/active, not 0/7
[pass] SPLL_STATE_VISIT_MASK    結果: 0x00000678/> 0
[pass] SPLL_INIT_COUNT          結果: 1/> 0
[pass] RCER                     結果: 0x00000001/> 0
[pass] OCER                     結果: 0xCD9B8A01/> 0
[info] SPLL_ALIGN_STATE         結果: 0/NA
[info] SPLL_STATE_TRANSITIONS   結果: 0x00000005/NA
[info] SPLL_LAST_STATE          結果: 6 (SEQ_WAIT_MAIN)/NA
[info] OCCR                     結果: 0x9100016C/NA
[pass] DMTD_REF_ACCEPT_EVENT    結果: Δ=23169/Δ>=0
RAW DMTD_REF_ACCEPT_EVENT    before=0x0B951A86 after=0x0B957507 delta=23169
[pass] DMTD_FB_ACCEPT_EVENT     結果: Δ=24298/Δ>=0
RAW DMTD_FB_ACCEPT_EVENT     before=0x0A2C1A68 after=0x0A2C7952 delta=24298
[pass] DMTD_ACCEPT              結果: Δ=47467/Δ>0
[pass] SPLL_TAG_VALID_COUNT     結果: Δ=47492/Δ>0
RAW SPLL_TAG_VALID_COUNT     before=0x000F24E6 after=0x000FDE6A delta=47492
[pass] SPLL_TRR_WRITE_COUNT     結果: Δ=47496/Δ>0
RAW SPLL_TRR_WRITE_COUNT     before=0x000F253C after=0x000FDEC4 delta=47496
[pass] WRPC_SPLL_TRR_POP_COUNT  結果: Δ=47667/Δ>0
RAW WRPC_SPLL_TRR_POP_COUNT  before=0x000F22FA after=0x000FDD2D delta=47667
[pass] WDIAGS_IRQ_COUNT         結果: Δ=46028/Δ>0
RAW WDIAGS_IRQ_COUNT         before=0x000ECF33 after=0x000F82FF delta=46028
[pass] WDIAGS_HELPER_UPDATE_COUNT 結果: Δ=22882/Δ>0
RAW WDIAGS_HELPER_UPDATE_COUNT before=0x00076508 after=0x0007BE6A delta=22882
[pass] BOOT_GENERATION          結果: Δ=0/Δ=0
RAW BOOT_GENERATION          before=0x00000001 after=0x00000001 delta=0
[pass] CPU_RESET_COUNT          結果: Δ=0/Δ=0
RAW CPU_RESET_COUNT          before=0x00000001 after=0x00000001 delta=0
[pass] WR_CORE_RESET_COUNT      結果: Δ=0/Δ=0
RAW WR_CORE_RESET_COUNT      before=0x00000001 after=0x00000001 delta=0
[pass] SI_CONFIG_DROP_COUNT     結果: Δ=0/Δ=0
RAW SI_CONFIG_DROP_COUNT     before=0x00000001 after=0x00000001 delta=0
STEP4B_ALLOWED = YES
STEP4B_RESULT = PASS
STEP4B_FIRST_INACTIVE_BOUNDARY = ACTIVE
Step 4B pass
Step 4 pass

## [Step 5] Closed-loop Lock
STEP5_LOCKDET_BEFORE: HELPER locked=1 changed=0 cnt=10000/10000 threshold=200 ref_src=0 MAIN enabled=1 locked=0 freq=0 phase=0 freq_cnt=0/50 phase_cnt=0/1000 PSTAT_locked=0
STEP5_LOCKDET_AFTER: HELPER locked=1 changed=0 cnt=8097/10000 threshold=200 ref_src=0 MAIN enabled=1 locked=0 freq=0 phase=0 freq_cnt=0/50 phase_cnt=0/1000 PSTAT_locked=0
[error] WDIAGS_PSTAT             結果: 0/1
STEP5_RESULT = NEVER_LOCKED
STEP5_FIRST_INACTIVE_BOUNDARY = MAIN_FREQUENCY_LOCK
Step 5 NA (single window is not stable-lock proof)

## [Step 6] Global Time
Step 6 NA

============================================================
White Rabbit Runtime 診斷：DE5 [1-11.2]
============================================================
Step 1 PHY / Link             pass
Step 2 Endpoint / PTP         pass
Step 3 WR Handshake           pass
Step 4 Step4B Slave SoftPLL Startup pass
Step 5 Closed-loop Lock       NA
Step 6 Global Time            NA
STEP1_REGRESSION = PASS
STEP2_REGRESSION = PASS
STEP3_REGRESSION = PASS
STEP4B_ALLOWED = YES
STEP4B_RESULT = PASS
STEP4B_FIRST_INACTIVE_BOUNDARY = ACTIVE
STEP5_RESULT = NEVER_LOCKED
STEP5_FIRST_INACTIVE_BOUNDARY = MAIN_FREQUENCY_LOCK
FAILURE_CLASSIFICATION = NO_FAILURE_EVIDENCE
============================================================

================ RAW_SNAPSHOT ================
RAW_SNAPSHOT board=DE5 [1-11.2] label=before
  status           = 5D1EC8C1225082CF
  cpu              = 0000007C000011B0
  marker           = 000000010000B004
  store            = 000000000001E85F
  store_count      = 0000000004B0B15E
  exception        = 8000000B000011AC
  clock            = 0028BBEA2CC84250
  boot_generation  = 00000001
  cpu_reset_count  = 00000001
  wr_core_reset_count = 00000001
  si_config_drop_count = 00000001
  pps_cr           = 01312D02
  pps_escr         = 00000000
  ep_mach          = 02000200
  ep_macl          = 22334402
  ep_dsr           = 42000000
  ptp              = 00004109
  ptp_rx           = 00000245
  ptp_tx           = 000000AD
  ptp_meta         = 03020409
  tx               = 000001DD
  rx               = 000002D1
  rxerr            = 00000000
  ptp_types        = 04844184
  foreign_meta     = 03000001
  filter_meta      = 00000000
  parse_meta       = 0501414A
  wr_rx_signal     = 10010001
  wr_tx_signal     = 10000001
  wr_failure       = 02020001
  wr_state         = A000035C
  wr_reject        = 00000000
  pstat            = 00000001
  sstat            = 00000001
  sec_h            = 00000000
  sec_l            = 0000009C
  ns               = 2EC98068
  lock_enable      = 00000004
  lock_result      = 00000001
  lock_polls       = 00005B1D
  lock_unlocked    = 00005B1D
  lock_calibration_fail = 00000000
  spll_state       = 00030006
  spll_ocer        = 67633001
  spll_rcer        = 00000001
  spll_occr        = 2300012B
  spll_trr_csr     = 000E1CE6
  spll_dac_hpll    = F959EC25
  spll_dac_main    = 00000004
  spll_helper_state = 27100001
  spll_helper_limits = 271000C8
  spll_main_state  = 00000001
  spll_main_limits = 00320032
  spll_main_phase_limits = 03E804B0
  spll_state_visit_mask = 00000678
  spll_state_transitions = 00000005
  spll_last_state  = 00000006
  spll_init_count  = 00000001
  dmtd_ref         = 0B951A86
  dmtd_fb          = 0A2C1A68
  dmtd_ref_high_qual_abort = 0015855F
  dmtd_fb_high_qual_abort = 0007C34A
  tag_valid        = 000F24E6
  trr_write        = 000F253C
  irq              = 000ECF33
  helper_update    = 00076508
  spll_helper_error = 0000006F
  spll_helper_output = 000009CB
  eic_isr          = FFFF0000
  current_tics     = 0002B474
RAW_SNAPSHOT board=DE5 [1-11.2] label=after
  status           = 091E9541225082CF
  cpu              = 0000007C000011B0
  marker           = 000000010000B004
  store            = 000F67D20001E240
  store_count      = 0000000004F39065
  exception        = 8000000B000011B0
  clock            = 0029A954197E2FC3
  boot_generation  = 00000001
  cpu_reset_count  = 00000001
  wr_core_reset_count = 00000001
  si_config_drop_count = 00000001
  pps_cr           = 01312D02
  pps_escr         = 00000000
  ep_mach          = 02000200
  ep_macl          = 22334402
  ep_dsr           = 42000000
  ptp              = 00004109
  ptp_rx           = 0000025F
  ptp_tx           = 000000AF
  ptp_meta         = 03020409
  tx               = 000001EF
  rx               = 000002F1
  rxerr            = 00000000
  ptp_types        = 048A448A
  foreign_meta     = 03000001
  filter_meta      = 00000000
  parse_meta       = 05014461
  wr_rx_signal     = 10010001
  wr_tx_signal     = 10000001
  wr_failure       = 02020001
  wr_state         = A000035C
  wr_reject        = 00000000
  pstat            = 00000001
  sstat            = 00000001
  sec_h            = 00000000
  sec_l            = 000000A2
  ns               = 34B3D6A8
  lock_enable      = 00000004
  lock_result      = 00000001
  lock_polls       = 00005B1D
  lock_unlocked    = 00005B1D
  lock_calibration_fail = 00000000
  spll_state       = 00030006
  spll_ocer        = CD9B8A01
  spll_rcer        = 00000001
  spll_occr        = 9100016C
  spll_trr_csr     = 000ED40E
  spll_dac_hpll    = 260E1DD3
  spll_dac_main    = 00000005
  spll_helper_state = 1FA10001
  spll_helper_limits = 271000C8
  spll_main_state  = 00000001
  spll_main_limits = 00320032
  spll_main_phase_limits = 03E804B0
  spll_state_visit_mask = 00000678
  spll_state_transitions = 00000005
  spll_last_state  = 00000006
  spll_init_count  = 00000001
  dmtd_ref         = 0B957507
  dmtd_fb          = 0A2C7952
  dmtd_ref_high_qual_abort = 001698C1
  dmtd_fb_high_qual_abort = 000822A9
  tag_valid        = 000FDE6A
  trr_write        = 000FDEC4
  irq              = 000F82FF
  helper_update    = 0007BE6A
  spll_helper_error = 000000A7
  spll_helper_output = 000009C6
  eic_isr          = FFFF0000
  current_tics     = 0002CC47

============================================================
JTAG/WB transport health summary
============================================================
WB_TRANSPORT_PROTOCOL = PRELOAD_THEN_TOGGLE_COMMIT
WB_REQUEST_COUNT = 353
PRELOAD_COUNT = 353
COMMIT_COUNT = 353
WB_PROBE_READ_COUNT = 1765
PRELOAD_UNEXPECTED_TRIGGER_COUNT = 0
PROBE_3WAY_MATCH_COUNT = 353
STABLE_RESPONSE_WRONG_COUNT = 0
ADDRESS_CROSS_CONTAMINATION_COUNT = 0
TIMEOUT_COUNT = 0
INVALID_COUNT = 0
STALE_A5A5_COUNT = 0
UNSTABLE_TRANSACTION_COUNT = 0
DMTD_REF_DECREASE_COUNT = 0
DMTD_FB_DECREASE_COUNT = 0
PRELOAD_PROTOCOL_RUNTIME_REVALIDATION = PASS
JTAG_WB_DIAGNOSTIC_PATH = TRUSTED
============================================================

============================================================
STEP4A_RESULT = PASS
STEP4B_ALLOWED = YES
STEP4B_RESULT = PASS
STEP4B_FIRST_INACTIVE_BOUNDARY = ACTIVE
STEP5_RESULT = NOT_APPLICABLE_MASTER
STEP5_FIRST_INACTIVE_BOUNDARY = SLAVE_ONLY
STEP5_RESULT = NEVER_LOCKED
STEP5_FIRST_INACTIVE_BOUNDARY = MAIN_FREQUENCY_LOCK
============================================================
Info (23030): Evaluation of Tcl script scripts/jtag/read_wb_runtime.tcl was successful
Info: Quartus Prime SignalTap II was successful. 0 errors, 0 warnings
    Info: Peak virtual memory: 776 megabytes
    Info: Processing ended: Wed Sep  2 19:10:33 2026
    Info: Elapsed time: 00:00:15
    Info: Total CPU time (on all processors): 00:00:00
