Info: *******************************************************************
Info: Running Quartus Prime SignalTap II
    Info: Version 17.0.0 Build 595 04/25/2017 SJ Standard Edition
    Info: Copyright (C) 2017  Intel Corporation. All rights reserved.
    Info: Your use of Intel Corporation's design tools, logic functions 
    Info: and other software and tools, and its AMPP partner logic 
    Info: functions, and any output files from any of the foregoing 
    Info: (including device programming or simulation files), and any 
    Info: associated documentation or information are expressly subject 
    Info: to the terms and conditions of the Intel Program License 
    Info: Subscription Agreement, the Intel Quartus Prime License Agreement,
    Info: the Intel MegaCore Function License Agreement, or other 
    Info: applicable license agreement, including, without limitation, 
    Info: that your use is for the sole purpose of programming logic 
    Info: devices manufactured by Intel and sold by Intel or its 
    Info: authorized distributors.  Please refer to the applicable 
    Info: agreement for further details.
    Info: Processing started: Thu Aug 20 06:11:06 2026
Info: Command: quartus_stp -t /home/b10504072/04_WR/scripts/jtag/read_clock_activity.tcl 1000
Info: Quartus(args): 1000
CLOCK_ACTIVITY_CONFIG gap_ms=1000
=== DE5 [1-11.1] ===
CLOCK_ACTIVITY label=BEGIN raw=002AFBDAFD13435A REF=17242 DMTD=64787 RX=64474 TOGGLE=0/1/0 PHY_READY=1 RX_LOCK_REF=0 RX_LOCK_DATA=1 RESERVED_HIGH=0x000
CLOCK_ACTIVITY label=END raw=003B74EC7607BC6D REF=48237 DMTD=30215 RX=29932 TOGGLE=1/1/0 PHY_READY=1 RX_LOCK_REF=1 RX_LOCK_DATA=1 RESERVED_HIGH=0x000
=== DE5 [1-11.2] ===
CLOCK_ACTIVITY label=BEGIN raw=002AE5E0A3D5E706 REF=59142 DMTD=41941 RX=58848 TOGGLE=0/1/0 PHY_READY=1 RX_LOCK_REF=0 RX_LOCK_DATA=1 RESERVED_HIGH=0x000
CLOCK_ACTIVITY label=END raw=003E5E991C6F5FBE REF=24510 DMTD=7279 RX=24217 TOGGLE=0/1/1 PHY_READY=1 RX_LOCK_REF=1 RX_LOCK_DATA=1 RESERVED_HIGH=0x000
Info (23030): Evaluation of Tcl script /home/b10504072/04_WR/scripts/jtag/read_clock_activity.tcl was successful
Info: Quartus Prime SignalTap II was successful. 0 errors, 0 warnings
    Info: Peak virtual memory: 772 megabytes
    Info: Processing ended: Thu Aug 20 06:11:10 2026
    Info: Elapsed time: 00:00:04
    Info: Total CPU time (on all processors): 00:00:00
