Info: *******************************************************************
Info: Running Quartus Prime Signal Tap
    Info: Version 21.3.0 Build 170 09/23/2021 SC Pro Edition
    Info: Copyright (C) 2021  Intel Corporation. All rights reserved.
    Info: Your use of Intel Corporation's design tools, logic functions 
    Info: and other software and tools, and any partner logic 
    Info: functions, and any output files from any of the foregoing 
    Info: (including device programming or simulation files), and any 
    Info: associated documentation or information are expressly subject 
    Info: to the terms and conditions of the Intel Program License 
    Info: Subscription Agreement, the Intel Quartus Prime License Agreement,
    Info: the Intel FPGA IP License Agreement, or other applicable license
    Info: agreement, including, without limitation, that your use is for
    Info: the sole purpose of programming logic devices manufactured by
    Info: Intel and sold by Intel or its authorized distributors.  Please
    Info: refer to the applicable agreement for further details, at
    Info: https://fpgasoftware.intel.com/eula.
    Info: Processing started: Tue Sep  8 14:38:41 2026
    Info: System process ID: 2735
Info: Command: quartus_stp -t scripts/jtag/read_wb_runtime.tcl --raw
Info: Quartus(args): --raw
RAW mailbox completion toggle wb_sync_toggle=0

============================================================
White Rabbit Runtime 診斷：DE5 [1-11.1]
============================================================

## [Step 1] PHY / 光纖 Link
[pass] si_config_done           結果: 1/1
[pass] wr_ready                 結果: 1/1
[pass] core_tm_link_up          結果: 1/1
[pass] core_link_ok             結果: 1/1
[pass] wr_rx_ready              結果: 1/1
[pass] wr_tx_ready              結果: 1/1
[pass] core_phy_rst             結果: 0/0
[pass] si_id_error              結果: 0/0
[pass] wr_rx_enc_err            結果: 0/0
[pass] wr_tx_enc_err            結果: 0/0
[pass] CPU_RESET_n              結果: 1/1
[pass] wr_rx_locked_to_data     結果: 1/1
[info] wr_rx_locked_to_ref      結果: 1/NA
[info] MOD_PRS_n                結果: 0/NA
[info] INTERRUPT_n              結果: 1/NA
Step 1 pass

## [Step 2] Endpoint / MiniNIC / PTP
[pass] EP_MAC_H/EP_MAC_L        結果: 02:00:22:33:44:01/02:00:22:33:44:01
[pass] WDIAGS_MODE              結果: 2 MASTER/2 MASTER
[pass] WDIAGS_PTP               結果: 6 MASTER (raw=01014106)/6 MASTER
[pass] WDIAGS_PTP_RX            結果: Δ=15/Δ>0
RAW WDIAGS_PTP_RX            before=0x0000001B after=0x0000002A delta=15
[pass] WDIAGS_PTP_TX            結果: Δ=31/Δ>0
RAW WDIAGS_PTP_TX            before=0x000000D5 after=0x000000F4 delta=31
[pass] WDIAGS_TX                結果: Δ=38/Δ>0
RAW WDIAGS_TX                before=0x00000134 after=0x0000015A delta=38
[pass] WDIAGS_RX                結果: Δ=21/Δ>0
RAW WDIAGS_RX                before=0x0000002D after=0x00000042 delta=21
[pass] WDIAGS_RXERR             結果: Δ=0/Δ=0
RAW WDIAGS_RXERR             before=0x00000000 after=0x00000000 delta=0
Step 2 pass

## [Step 3] WR Parent / Signaling
Step 3 NA

## [Step 4A] Master SoftPLL Event Chain
[pass] DMTD_REF_ACCEPT_EVENT    結果: Δ=22894/Δ>=0
RAW DMTD_REF_ACCEPT_EVENT    before=0x0078C586 after=0x00791EF4 delta=22894
[pass] DMTD_FB_ACCEPT_EVENT     結果: Δ=23511/Δ>=0
RAW DMTD_FB_ACCEPT_EVENT     before=0x00457618 after=0x0045D1EF delta=23511
[pass] DMTD_ACCEPT              結果: Δ=46405/Δ>0
[pass] SPLL_TAG_VALID_COUNT     結果: Δ=23519/Δ>0
RAW SPLL_TAG_VALID_COUNT     before=0x00067F19 after=0x0006DAF8 delta=23519
[pass] SPLL_TRR_WRITE_COUNT     結果: Δ=23521/Δ>0
RAW SPLL_TRR_WRITE_COUNT     before=0x00067F45 after=0x0006DB26 delta=23521
[pass] WRPC_SPLL_TRR_POP_COUNT  結果: Δ=23625/Δ>0
RAW WRPC_SPLL_TRR_POP_COUNT  before=0x00067E51 after=0x0006DA9A delta=23625
[pass] WDIAGS_IRQ_COUNT         結果: Δ=23625/Δ>0
RAW WDIAGS_IRQ_COUNT         before=0x00067E51 after=0x0006DA9A delta=23625
[pass] WDIAGS_HELPER_UPDATE_COUNT 結果: Δ=23625/Δ>0
RAW WDIAGS_HELPER_UPDATE_COUNT before=0x00067E51 after=0x0006DA9A delta=23625
[pass] BOOT_GENERATION          結果: Δ=0/Δ=0
RAW BOOT_GENERATION          before=0x00000001 after=0x00000001 delta=0
[pass] CPU_RESET_COUNT          結果: Δ=0/Δ=0
RAW CPU_RESET_COUNT          before=0x00000001 after=0x00000001 delta=0
[pass] WR_CORE_RESET_COUNT      結果: Δ=0/Δ=0
RAW WR_CORE_RESET_COUNT      before=0x00000001 after=0x00000001 delta=0
[pass] SI_CONFIG_DROP_COUNT     結果: Δ=0/Δ=0
RAW SI_CONFIG_DROP_COUNT     before=0x00000001 after=0x00000001 delta=0
STEP4A_MASTER_EVENT_CHAIN = PASS
Step 4 pass

## [Step 5] Closed-loop Lock
STEP5_RESULT = NOT_APPLICABLE_MASTER
STEP5_FIRST_INACTIVE_BOUNDARY = SLAVE_ONLY
Step 5 NA (Step5 closed-loop gate is for Slave)

## [Step 6] Global Time
Step 6 NA

============================================================
White Rabbit Runtime 診斷：DE5 [1-11.1]
============================================================
Step 1 PHY / Link             pass
Step 2 Endpoint / PTP         pass
Step 3 WR Handshake           NA
Step 4 Step4A Master Event Chain pass
Step 5 Closed-loop Lock       NA
Step 6 Global Time            NA
STEP1_REGRESSION = PASS
STEP2_REGRESSION = PASS
STEP3_REGRESSION = PASS
STEP4A_RESULT = PASS
STEP5_RESULT = NOT_APPLICABLE_MASTER
STEP5_FIRST_INACTIVE_BOUNDARY = SLAVE_ONLY
FAILURE_CLASSIFICATION = NO_FAILURE_EVIDENCE
============================================================

================ RAW_SNAPSHOT ================
RAW_SNAPSHOT board=DE5 [1-11.1] label=before
  status           = A01017E130BC82FF
  cpu              = 0000007C000011A0
  marker           = 000000010000B004
  store            = 0006708B0001E2A0
  store_count      = 000000000292C452
  exception        = 8000000B000011A8
  clock            = 003B5A444365506F
  boot_generation  = 00000001
  cpu_reset_count  = 00000001
  wr_core_reset_count = 00000001
  si_config_drop_count = 00000001
  pps_cr           = 01312D06
  pps_escr         = 0000000C
  ep_mach          = 02000200
  ep_macl          = 22334401
  ep_dsr           = 42000000
  ptp              = 01014106
  ptp_rx           = 0000001B
  ptp_tx           = 000000D5
  ptp_meta         = 02010306
  tx               = 00000134
  rx               = 0000002D
  rxerr            = 00000000
  ptp_types        = 01010101
  foreign_meta     = 0000FF00
  filter_meta      = 00000000
  parse_meta       = 0001012E
  wr_rx_signal     = 10000001
  wr_tx_signal     = 10010001
  wr_failure       = 00000000
  wr_state         = A0219864
  wr_reject        = 00000000
  pstat            = 00000001
  sstat            = 00000000
  sec_h            = 00000000
  sec_l            = 0000006D
  ns               = 14091A20
  lock_enable      = 00000000
  lock_result      = 00000000
  lock_polls       = 00000000
  lock_unlocked    = 00000000
  lock_calibration_fail = 00000000
  spll_state       = 00020004
  spll_ocer        = FB0BE801
  spll_rcer        = 00000000
  spll_occr        = E100015B
  spll_trr_csr     = 000678C4
  spll_dac_hpll    = 43A2F3B3
  spll_dac_main    = 00000003
  spll_helper_state = 00000100
  spll_helper_limits = 271000C8
  spll_main_state  = 00000000
  spll_main_limits = 00320032
  spll_main_phase_limits = 03E804B0
  spll_state_visit_mask = 00000618
  spll_state_transitions = 00000003
  spll_last_state  = 00000004
  spll_init_count  = 00000001
  dmtd_ref         = 0078C586
  dmtd_fb          = 00457618
  dmtd_ref_high_qual_abort = 048B309B
  dmtd_fb_high_qual_abort = 0004CCA9
  tag_valid        = 00067F19
  trr_write        = 00067F45
  irq              = 00067E51
  helper_update    = 00067E51
  spll_helper_error = FFFDB610
  spll_helper_output = 0000FFFB
  eic_isr          = FFFF0000
  current_tics     = 0001B23B
RAW_SNAPSHOT board=DE5 [1-11.1] label=after
  status           = 9010966330BC82FF
  cpu              = 0000007C000011B0
  marker           = 000000010000B004
  store            = 0006CC8F0001E2A0
  store_count      = 0000000002BA6DF3
  exception        = 8000000B000011AC
  clock            = 002DAAE1934EA111
  boot_generation  = 00000001
  cpu_reset_count  = 00000001
  wr_core_reset_count = 00000001
  si_config_drop_count = 00000001
  pps_cr           = 01312D06
  pps_escr         = 0000000C
  ep_mach          = 02000200
  ep_macl          = 22334401
  ep_dsr           = 42000000
  ptp              = 01014106
  ptp_rx           = 0000002A
  ptp_tx           = 000000F4
  ptp_meta         = 02010306
  tx               = 0000015A
  rx               = 00000042
  rxerr            = 00000000
  ptp_types        = 01010101
  foreign_meta     = 0000FF00
  filter_meta      = 00000000
  parse_meta       = 00010143
  wr_rx_signal     = 10000001
  wr_tx_signal     = 10010002
  wr_failure       = 00000000
  wr_state         = A0219864
  wr_reject        = 00000000
  pstat            = 00000001
  sstat            = 00000000
  sec_h            = 00000000
  sec_l            = 00000073
  ns               = 1A111FB0
  lock_enable      = 00000000
  lock_result      = 00000000
  lock_polls       = 00000000
  lock_unlocked    = 00000000
  lock_calibration_fail = 00000000
  spll_state       = 00020004
  spll_ocer        = 4E084001
  spll_rcer        = 00000000
  spll_occr        = 58000153
  spll_trr_csr     = 0006D60E
  spll_dac_hpll    = 7114FF16
  spll_dac_main    = 00000003
  spll_helper_state = 00000100
  spll_helper_limits = 271000C8
  spll_main_state  = 00000000
  spll_main_limits = 00320032
  spll_main_phase_limits = 03E804B0
  spll_state_visit_mask = 00000618
  spll_state_transitions = 00000003
  spll_last_state  = 00000004
  spll_init_count  = 00000001
  dmtd_ref         = 00791EF4
  dmtd_fb          = 0045D1EF
  dmtd_ref_high_qual_abort = 048C3139
  dmtd_fb_high_qual_abort = 000510BA
  tag_valid        = 0006DAF8
  trr_write        = 0006DB26
  irq              = 0006DA9A
  helper_update    = 0006DA9A
  spll_helper_error = FFFDB610
  spll_helper_output = 0000FFFB
  eic_isr          = FFFF0000
  current_tics     = 0001CA0F
RAW mailbox completion toggle wb_sync_toggle=0

============================================================
White Rabbit Runtime 診斷：DE5 [1-11.2]
============================================================

## [Step 1] PHY / 光纖 Link
[pass] si_config_done           結果: 1/1
[pass] wr_ready                 結果: 1/1
[pass] core_tm_link_up          結果: 1/1
[pass] core_link_ok             結果: 1/1
[pass] wr_rx_ready              結果: 1/1
[pass] wr_tx_ready              結果: 1/1
[pass] core_phy_rst             結果: 0/0
[pass] si_id_error              結果: 0/0
[pass] wr_rx_enc_err            結果: 0/0
[pass] wr_tx_enc_err            結果: 0/0
[pass] CPU_RESET_n              結果: 1/1
[pass] wr_rx_locked_to_data     結果: 1/1
[info] wr_rx_locked_to_ref      結果: 0/NA
[info] MOD_PRS_n                結果: 0/NA
[info] INTERRUPT_n              結果: 1/NA
Step 1 pass

## [Step 2] Endpoint / MiniNIC / PTP
[pass] EP_MAC_H/EP_MAC_L        結果: 02:00:22:33:44:02/02:00:22:33:44:02
[pass] WDIAGS_MODE              結果: 3 SLAVE/3 SLAVE
[info] WDIAGS_PTP               結果: 8 UNCALIBRATED (raw=00004108)/NA
[pass] WDIAGS_PTP_RX            結果: Δ=26/Δ>0
RAW WDIAGS_PTP_RX            before=0x0000005C after=0x00000076 delta=26
[pass] WDIAGS_PTP_TX            結果: Δ=11/Δ>0
RAW WDIAGS_PTP_TX            before=0x00000025 after=0x00000030 delta=11
[pass] WDIAGS_TX                結果: Δ=20/Δ>0
RAW WDIAGS_TX                before=0x0000004A after=0x0000005E delta=20
[pass] WDIAGS_RX                結果: Δ=32/Δ>0
RAW WDIAGS_RX                before=0x00000076 after=0x00000096 delta=32
[pass] WDIAGS_RXERR             結果: Δ=0/Δ=0
RAW WDIAGS_RXERR             before=0x00000000 after=0x00000000 delta=0
Step 2 NA

## [Step 3] WR Parent / Signaling
[pass] WDIAGS_FOREIGN_META      結果: 1/1
[pass] WDIAGS_FOREIGN_META      結果: 0/0
[info] WDIAGS_FOREIGN_META      結果: detection=0 config=3/NA
[pass] parentIsWRnode           結果: 1/1
[info] parentWrModeOn           結果: 0/NA
[pass] parentCalibrated         結果: 1/1
[pass] WR_RX_SIGNAL_DEBUG       結果: LOCK count=1/LOCK 0x1001,count>0
[pass] WR_TX_SIGNAL_DEBUG       結果: SLAVE_PRESENT count=1/SLAVE_PRESENT 0x1000,count>0
[pass] WDIAGS_TEMP              結果: WRS_S_LOCK next=WRS_S_LOCK/WRS_S_LOCK=2
[pass] LOCK_ENABLE              結果: 2/> 0
Step 3 pass

## [Step 4B] Slave SoftPLL Startup
[info] STEP4B_UPSTREAM_GATE     結果: BLOCKED/NA
STEP4B_ALLOWED = NO
STEP4B_RESULT = BLOCKED_BY_STEP2
STEP4B_FIRST_INACTIVE_BOUNDARY = UPSTREAM_PREREQUISITE
Step 4B BLOCKED (upstream prerequisite)
Step 4 NA

## [Step 5] Closed-loop Lock
STEP5_RESULT = UPSTREAM_NOT_READY
STEP5_FIRST_INACTIVE_BOUNDARY = UPSTREAM_STEP4B
Step 5 NA

## [Step 6] Global Time
Step 6 NA

============================================================
White Rabbit Runtime 診斷：DE5 [1-11.2]
============================================================
Step 1 PHY / Link             pass
Step 2 Endpoint / PTP         NA
Step 3 WR Handshake           pass
Step 4 Step4B Slave SoftPLL Startup blocked
Step 5 Closed-loop Lock       NA
Step 6 Global Time            NA
STEP1_REGRESSION = PASS
STEP2_REGRESSION = INVALID
STEP3_REGRESSION = PASS
STEP4B_ALLOWED = NO
STEP4B_RESULT = BLOCKED_BY_STEP2
STEP4B_FIRST_INACTIVE_BOUNDARY = UPSTREAM_PREREQUISITE
STEP5_RESULT = UPSTREAM_NOT_READY
STEP5_FIRST_INACTIVE_BOUNDARY = UPSTREAM_STEP4B
FAILURE_CLASSIFICATION = JTAG/DASHBOARD_MEASUREMENT_FAILURE
============================================================

================ RAW_SNAPSHOT ================
RAW_SNAPSHOT board=DE5 [1-11.2] label=before
  status           = D1105641265082EF
  cpu              = 0000007C000011B4
  marker           = 000000010000B004
  store            = 00021F960001E2A0
  store_count      = 0000000000AE0881
  exception        = 8000000B0000118C
  clock            = 002F3B2D3AE53E13
  boot_generation  = 00000001
  cpu_reset_count  = 00000001
  wr_core_reset_count = 00000001
  si_config_drop_count = 00000001
  pps_cr           = 01312D06
  pps_escr         = 00000000
  ep_mach          = 02000200
  ep_macl          = 22334402
  ep_dsr           = 42000000
  ptp              = 00004108
  ptp_rx           = 0000005C
  ptp_tx           = 00000025
  ptp_meta         = 03010308
  tx               = 0000004A
  rx               = 00000076
  rxerr            = 00000000
  ptp_types        = 02130B14
  foreign_meta     = 03000001
  filter_meta      = 00000000
  parse_meta       = 05010BD6
  wr_rx_signal     = 10010001
  wr_tx_signal     = 10000001
  wr_failure       = 00000000
  wr_state         = A041135C
  wr_reject        = 00000000
  pstat            = 00000001
  sstat            = 00000101
  sec_h            = 00000000
  sec_l            = 00000019
  ns               = 08433360
  lock_enable      = 00000002
  lock_result      = 00000001
  lock_polls       = 00001B6B
  lock_unlocked    = 00001B6B
  lock_calibration_fail = 00000000
  spll_state       = 00030004
  spll_ocer        = 2001D001
  spll_rcer        = 00000001
  spll_occr        = D6000125
  spll_trr_csr     = 000240B6
  spll_dac_hpll    = BF089815
  spll_dac_main    = 00000000
  spll_helper_state = 00000000
  spll_helper_limits = 271000C8
  spll_main_state  = 00000000
  spll_main_limits = 00320032
  spll_main_phase_limits = 03E804B0
  spll_state_visit_mask = 00000618
  spll_state_transitions = 00000003
  spll_last_state  = 00000004
  spll_init_count  = 00000001
  dmtd_ref         = 01EA4AC1
  dmtd_fb          = 01B5CC31
  dmtd_ref_high_qual_abort = 000AC6A3
  dmtd_fb_high_qual_abort = 0009744C
  tag_valid        = 00024A3C
  trr_write        = 00024A9A
  irq              = 00023DD5
  helper_update    = 000128C9
  spll_helper_error = FFFDB610
  spll_helper_output = 0000FFFB
  eic_isr          = FFFF0001
  current_tics     = 000069BB
RAW_SNAPSHOT board=DE5 [1-11.2] label=after
  status           = 61100841265082EF
  cpu              = 0000007C00000014
  marker           = 000000010000B004
  store            = 0002DC220001E2A0
  store_count      = 0000000000E65AA9
  exception        = 8000000B000011A8
  clock            = 0028AD35AC2AB016
  boot_generation  = 00000001
  cpu_reset_count  = 00000001
  wr_core_reset_count = 00000001
  si_config_drop_count = 00000001
  pps_cr           = 01312D06
  pps_escr         = 00000000
  ep_mach          = 02000200
  ep_macl          = 22334402
  ep_dsr           = 42000000
  ptp              = 00004108
  ptp_rx           = 00000076
  ptp_tx           = 00000030
  ptp_meta         = 03010308
  tx               = 0000005E
  rx               = 00000096
  rxerr            = 00000000
  ptp_types        = 02190E1A
  foreign_meta     = 03000001
  filter_meta      = 00000000
  parse_meta       = 05010EFE
  wr_rx_signal     = 10010001
  wr_tx_signal     = 10000001
  wr_failure       = 00000000
  wr_state         = A041135C
  wr_reject        = 00000000
  pstat            = 00000001
  sstat            = 00000101
  sec_h            = 00000000
  sec_l            = 0000001F
  ns               = 0E3E1F58
  lock_enable      = 00000002
  lock_result      = 00000001
  lock_polls       = 000024AE
  lock_unlocked    = 000024AE
  lock_calibration_fail = 00000000
  spll_state       = 00030004
  spll_ocer        = 31203201
  spll_rcer        = 00000001
  spll_occr        = 3A00018B
  spll_trr_csr     = 00020054
  spll_dac_hpll    = EC795217
  spll_dac_main    = 00000000
  spll_helper_state = 00000000
  spll_helper_limits = 271000C8
  spll_main_state  = 00000000
  spll_main_limits = 00320032
  spll_main_phase_limits = 03E804B0
  spll_state_visit_mask = 00000618
  spll_state_transitions = 00000003
  spll_last_state  = 00000004
  spll_init_count  = 00000001
  dmtd_ref         = 01EAAC3B
  dmtd_fb          = 01B62B3F
  dmtd_ref_high_qual_abort = 000E4C3D
  dmtd_fb_high_qual_abort = 000C8FFC
  tag_valid        = 00030AC4
  trr_write        = 00030B24
  irq              = 0002FA61
  helper_update    = 00018A4E
  spll_helper_error = FFFDB610
  spll_helper_output = 0000FFFB
  eic_isr          = FFFF0000
  current_tics     = 0000818F

============================================================
JTAG/WB transport health summary
============================================================
WB_TRANSPORT_PROTOCOL = PRELOAD_THEN_TOGGLE_COMMIT
WB_REQUEST_COUNT = 355
PRELOAD_COUNT = 355
COMMIT_COUNT = 355
WB_PROBE_READ_COUNT = 1775
PRELOAD_UNEXPECTED_TRIGGER_COUNT = 0
PROBE_3WAY_MATCH_COUNT = 355
STABLE_RESPONSE_WRONG_COUNT = 0
ADDRESS_CROSS_CONTAMINATION_COUNT = 0
TIMEOUT_COUNT = 0
INVALID_COUNT = 0
STALE_A5A5_COUNT = 0
UNSTABLE_TRANSACTION_COUNT = 0
DMTD_REF_DECREASE_COUNT = 0
DMTD_FB_DECREASE_COUNT = 0
PRELOAD_PROTOCOL_RUNTIME_REVALIDATION = PASS
JTAG_WB_DIAGNOSTIC_PATH = TRUSTED
============================================================

============================================================
STEP4A_RESULT = PASS
STEP4B_ALLOWED = NO
STEP4B_RESULT = BLOCKED_BY_STEP2
STEP4B_FIRST_INACTIVE_BOUNDARY = UPSTREAM_PREREQUISITE
STEP5_RESULT = NOT_APPLICABLE_MASTER
STEP5_FIRST_INACTIVE_BOUNDARY = SLAVE_ONLY
STEP5_RESULT = UPSTREAM_NOT_READY
STEP5_FIRST_INACTIVE_BOUNDARY = UPSTREAM_STEP4B
============================================================
Info (23030): Evaluation of Tcl script scripts/jtag/read_wb_runtime.tcl was successful
Info: Quartus Prime Signal Tap was successful. 0 errors, 0 warnings
    Info: Peak virtual memory: 677 megabytes
    Info: Processing ended: Tue Sep  8 14:38:56 2026
    Info: Elapsed time: 00:00:15
    Info: System process ID: 2735
