1) DE5 [1-11.1]
2) DE5 [1-11.2]
Info: *******************************************************************
Info: Running Quartus Prime Programmer
    Info: Version 17.0.0 Build 595 04/25/2017 SJ Standard Edition
    Info: Copyright (C) 2017  Intel Corporation. All rights reserved.
    Info: Your use of Intel Corporation's design tools, logic functions 
    Info: and other software and tools, and its AMPP partner logic 
    Info: functions, and any output files from any of the foregoing 
    Info: (including device programming or simulation files), and any 
    Info: associated documentation or information are expressly subject 
    Info: to the terms and conditions of the Intel Program License 
    Info: Subscription Agreement, the Intel Quartus Prime License Agreement,
    Info: the Intel MegaCore Function License Agreement, or other 
    Info: applicable license agreement, including, without limitation, 
    Info: that your use is for the sole purpose of programming logic 
    Info: devices manufactured by Intel and sold by Intel or its 
    Info: authorized distributors.  Please refer to the applicable 
    Info: agreement for further details.
    Info: Processing started: Tue Sep 22 16:23:33 2026
Info: Command: quartus_pgm -l
Info: Quartus Prime Programmer was successful. 0 errors, 0 warnings
    Info: Peak virtual memory: 407 megabytes
    Info: Processing ended: Tue Sep 22 16:23:33 2026
    Info: Elapsed time: 00:00:00
    Info: Total CPU time (on all processors): 00:00:00
Info: *******************************************************************
Info: Running Quartus Prime Programmer
    Info: Version 17.0.0 Build 595 04/25/2017 SJ Standard Edition
    Info: Copyright (C) 2017  Intel Corporation. All rights reserved.
    Info: Your use of Intel Corporation's design tools, logic functions 
    Info: and other software and tools, and its AMPP partner logic 
    Info: functions, and any output files from any of the foregoing 
    Info: (including device programming or simulation files), and any 
    Info: associated documentation or information are expressly subject 
    Info: to the terms and conditions of the Intel Program License 
    Info: Subscription Agreement, the Intel Quartus Prime License Agreement,
    Info: the Intel MegaCore Function License Agreement, or other 
    Info: applicable license agreement, including, without limitation, 
    Info: that your use is for the sole purpose of programming logic 
    Info: devices manufactured by Intel and sold by Intel or its 
    Info: authorized distributors.  Please refer to the applicable 
    Info: agreement for further details.
    Info: Processing started: Tue Sep 22 16:23:33 2026
Info: Command: quartus_pgm -c "DE5 [1-11.2]" -m jtag -o p;/home/b10504072/pain-worktrees/step6-wr-handshake-classification-fix/quartus/jtag_runtime_diag/output_files_slave_jtag/DE5a_wr_slave_jtag.sof
Info (213045): Using programming cable "DE5 [1-11.2]"
Info (213011): Using programming file /home/b10504072/pain-worktrees/step6-wr-handshake-classification-fix/quartus/jtag_runtime_diag/output_files_slave_jtag/DE5a_wr_slave_jtag.sof with checksum 0x30B1E229 for device 10AX115N2F45@1
Info (209060): Started Programmer operation at Tue Sep 22 16:23:37 2026
Info (209016): Configuring device index 1
Info (209017): Device 1 contains JTAG ID code 0x02E660DD
Info (209007): Configuration succeeded -- 1 device(s) configured
Info (209011): Successfully performed operation(s)
Info (209061): Ended Programmer operation at Tue Sep 22 16:23:52 2026
Info: Quartus Prime Programmer was successful. 0 errors, 0 warnings
    Info: Peak virtual memory: 1647 megabytes
    Info: Processing ended: Tue Sep 22 16:23:52 2026
    Info: Elapsed time: 00:00:19
    Info: Total CPU time (on all processors): 00:00:05
Info: *******************************************************************
Info: Running Quartus Prime Programmer
    Info: Version 17.0.0 Build 595 04/25/2017 SJ Standard Edition
    Info: Copyright (C) 2017  Intel Corporation. All rights reserved.
    Info: Your use of Intel Corporation's design tools, logic functions 
    Info: and other software and tools, and its AMPP partner logic 
    Info: functions, and any output files from any of the foregoing 
    Info: (including device programming or simulation files), and any 
    Info: associated documentation or information are expressly subject 
    Info: to the terms and conditions of the Intel Program License 
    Info: Subscription Agreement, the Intel Quartus Prime License Agreement,
    Info: the Intel MegaCore Function License Agreement, or other 
    Info: applicable license agreement, including, without limitation, 
    Info: that your use is for the sole purpose of programming logic 
    Info: devices manufactured by Intel and sold by Intel or its 
    Info: authorized distributors.  Please refer to the applicable 
    Info: agreement for further details.
    Info: Processing started: Tue Sep 22 16:23:52 2026
Info: Command: quartus_pgm -c "DE5 [1-11.1]" -m jtag -o p;/home/b10504072/pain-worktrees/step6-wr-handshake-classification-fix/quartus/jtag_runtime_diag/output_files_master_jtag/DE5a_wr_master_jtag.sof
Info (213045): Using programming cable "DE5 [1-11.1]"
Info (213011): Using programming file /home/b10504072/pain-worktrees/step6-wr-handshake-classification-fix/quartus/jtag_runtime_diag/output_files_master_jtag/DE5a_wr_master_jtag.sof with checksum 0x30B18F28 for device 10AX115N2F45@1
Info (209060): Started Programmer operation at Tue Sep 22 16:23:56 2026
Info (209016): Configuring device index 1
Info (209017): Device 1 contains JTAG ID code 0x02E660DD
Info (209007): Configuration succeeded -- 1 device(s) configured
Info (209011): Successfully performed operation(s)
Info (209061): Ended Programmer operation at Tue Sep 22 16:24:10 2026
Info: Quartus Prime Programmer was successful. 0 errors, 0 warnings
    Info: Peak virtual memory: 1651 megabytes
    Info: Processing ended: Tue Sep 22 16:24:10 2026
    Info: Elapsed time: 00:00:18
    Info: Total CPU time (on all processors): 00:00:05
2026-09-22T16:24:11+08:00
slave_cable=DE5 [1-11.2]
master_cable=DE5 [1-11.1]
9d641d754b423ff80cc6862e297ab3c7b9b8a729ff02dd7b6e794cd4a778826e  /home/b10504072/pain-worktrees/step6-wr-handshake-classification-fix/quartus/jtag_runtime_diag/output_files_slave_jtag/DE5a_wr_slave_jtag.sof
4d140e6edb3d6d3257d59124d459a06f2572b70c71d7dc77b47aaee6346ea311  /home/b10504072/pain-worktrees/step6-wr-handshake-classification-fix/quartus/jtag_runtime_diag/output_files_master_jtag/DE5a_wr_master_jtag.sof
JTAG_F4L_SCHEDULE_OBSERVABILITY_PROGRAM=PASS
