Info: *******************************************************************
Info: Running Quartus Prime SignalTap II
    Info: Version 17.0.0 Build 595 04/25/2017 SJ Standard Edition
    Info: Copyright (C) 2017  Intel Corporation. All rights reserved.
    Info: Your use of Intel Corporation's design tools, logic functions 
    Info: and other software and tools, and its AMPP partner logic 
    Info: functions, and any output files from any of the foregoing 
    Info: (including device programming or simulation files), and any 
    Info: associated documentation or information are expressly subject 
    Info: to the terms and conditions of the Intel Program License 
    Info: Subscription Agreement, the Intel Quartus Prime License Agreement,
    Info: the Intel MegaCore Function License Agreement, or other 
    Info: applicable license agreement, including, without limitation, 
    Info: that your use is for the sole purpose of programming logic 
    Info: devices manufactured by Intel and sold by Intel or its 
    Info: authorized distributors.  Please refer to the applicable 
    Info: agreement for further details.
    Info: Processing started: Mon Aug 31 04:31:46 2026
Info: Command: quartus_stp -t /home/b10504072/04_WR/scripts/jtag/read_wb_runtime.tcl --raw
Info: Quartus(args): --raw
RAW mailbox completion toggle wb_sync_toggle=0

============================================================
White Rabbit Runtime 診斷：DE5 [1-11.1]
============================================================

## [Step 1] PHY / 光纖 Link
[pass] si_config_done           結果: 1/1
[pass] wr_ready                 結果: 1/1
[pass] core_tm_link_up          結果: 1/1
[pass] core_link_ok             結果: 1/1
[pass] wr_rx_ready              結果: 1/1
[pass] wr_tx_ready              結果: 1/1
[pass] core_phy_rst             結果: 0/0
[pass] si_id_error              結果: 0/0
[pass] wr_rx_enc_err            結果: 0/0
[pass] wr_tx_enc_err            結果: 0/0
[pass] CPU_RESET_n              結果: 1/1
[pass] wr_rx_locked_to_data     結果: 1/1
[info] wr_rx_locked_to_ref      結果: 1/NA
[info] MOD_PRS_n                結果: 0/NA
[info] INTERRUPT_n              結果: 1/NA
Step 1 pass

## [Step 2] Endpoint / MiniNIC / PTP
[pass] EP_MAC_H/EP_MAC_L        結果: 02:00:22:33:44:01/02:00:22:33:44:01
[pass] WDIAGS_MODE              結果: 2 MASTER/2 MASTER
[pass] WDIAGS_PTP               結果: 6 MASTER (raw=01014106)/6 MASTER
[pass] WDIAGS_PTP_RX            結果: Δ=11/Δ>0
RAW WDIAGS_PTP_RX            before=0x00000094 after=0x0000009F delta=11
[pass] WDIAGS_PTP_TX            結果: Δ=26/Δ>0
RAW WDIAGS_PTP_TX            before=0x00000146 after=0x00000160 delta=26
[pass] WDIAGS_TX                結果: Δ=32/Δ>0
RAW WDIAGS_TX                before=0x000001A6 after=0x000001C6 delta=32
[pass] WDIAGS_RX                結果: Δ=18/Δ>0
RAW WDIAGS_RX                before=0x000000E3 after=0x000000F5 delta=18
[pass] WDIAGS_RXERR             結果: Δ=0/Δ=0
RAW WDIAGS_RXERR             before=0x00000000 after=0x00000000 delta=0
Step 2 pass

## [Step 3] WR Parent / Signaling
Step 3 NA

## [Step 4A] Master SoftPLL Event Chain
[pass] DMTD_REF_ACCEPT_EVENT    結果: Δ=23122/Δ>=0
RAW DMTD_REF_ACCEPT_EVENT    before=0x0011686D after=0x0011C2BF delta=23122
[pass] DMTD_FB_ACCEPT_EVENT     結果: Δ=22198/Δ>=0
RAW DMTD_FB_ACCEPT_EVENT     before=0x0045657E after=0x0045BC34 delta=22198
[pass] DMTD_ACCEPT              結果: Δ=45320/Δ>0
[pass] SPLL_TAG_VALID_COUNT     結果: Δ=22198/Δ>0
RAW SPLL_TAG_VALID_COUNT     before=0x000616C2 after=0x00066D78 delta=22198
[pass] SPLL_TRR_WRITE_COUNT     結果: Δ=22199/Δ>0
RAW SPLL_TRR_WRITE_COUNT     before=0x000616D9 after=0x00066D90 delta=22199
[pass] WRPC_SPLL_TRR_POP_COUNT  結果: Δ=22000/Δ>0
RAW WRPC_SPLL_TRR_POP_COUNT  before=0x00061644 after=0x00066C34 delta=22000
[pass] WDIAGS_IRQ_COUNT         結果: Δ=22000/Δ>0
RAW WDIAGS_IRQ_COUNT         before=0x00061644 after=0x00066C34 delta=22000
[pass] WDIAGS_HELPER_UPDATE_COUNT 結果: Δ=22400/Δ>0
RAW WDIAGS_HELPER_UPDATE_COUNT before=0x00061644 after=0x00066DC4 delta=22400
[pass] BOOT_GENERATION          結果: Δ=0/Δ=0
RAW BOOT_GENERATION          before=0x00000001 after=0x00000001 delta=0
[pass] CPU_RESET_COUNT          結果: Δ=0/Δ=0
RAW CPU_RESET_COUNT          before=0x00000001 after=0x00000001 delta=0
[pass] WR_CORE_RESET_COUNT      結果: Δ=0/Δ=0
RAW WR_CORE_RESET_COUNT      before=0x00000001 after=0x00000001 delta=0
[pass] SI_CONFIG_DROP_COUNT     結果: Δ=0/Δ=0
RAW SI_CONFIG_DROP_COUNT     before=0x00000001 after=0x00000001 delta=0
STEP4A_MASTER_EVENT_CHAIN = PASS
Step 4 pass

## [Step 5] Closed-loop Lock
STEP5_RESULT = NOT_APPLICABLE_MASTER
STEP5_FIRST_INACTIVE_BOUNDARY = SLAVE_ONLY
Step 5 NA (Step5 closed-loop gate is for Slave)

## [Step 6] Global Time
Step 6 NA

============================================================
White Rabbit Runtime 診斷：DE5 [1-11.1]
============================================================
Step 1 PHY / Link             pass
Step 2 Endpoint / PTP         pass
Step 3 WR Handshake           NA
Step 4 Step4A Master Event Chain pass
Step 5 Closed-loop Lock       NA
Step 6 Global Time            NA
STEP1_REGRESSION = PASS
STEP2_REGRESSION = PASS
STEP3_REGRESSION = PASS
STEP4A_RESULT = PASS
STEP5_RESULT = NOT_APPLICABLE_MASTER
STEP5_FIRST_INACTIVE_BOUNDARY = SLAVE_ONLY
FAILURE_CLASSIFICATION = NO_FAILURE_EVIDENCE
============================================================

================ RAW_SNAPSHOT ================
RAW_SNAPSHOT board=DE5 [1-11.1] label=before
  status           = 31109241235082FF
  cpu              = 0000007C0000406C
  marker           = 000000010000B004
  store            = 3B9ACA000002FF8C
  store_count      = 0000000013CBE774
  exception        = 8000000B0000406C
  clock            = 002876FE6D7E79C6
  boot_generation  = 00000001
  cpu_reset_count  = 00000001
  wr_core_reset_count = 00000001
  si_config_drop_count = 00000001
  pps_cr           = 01312D06
  pps_escr         = 0000000C
  ep_mach          = 02000200
  ep_macl          = 22334401
  ep_dsr           = 42000000
  ptp              = 01014106
  ptp_rx           = 00000094
  ptp_tx           = 00000146
  ptp_meta         = 02020406
  tx               = 000001A6
  rx               = 000000E3
  rxerr            = 00000000
  ptp_types        = 01030203
  foreign_meta     = 00000001
  filter_meta      = 00000000
  parse_meta       = 0001020A
  wr_rx_signal     = 10000001
  wr_tx_signal     = 10010004
  wr_failure       = 01030001
  wr_state         = A0000064
  wr_reject        = 00000000
  pstat            = 00000001
  sstat            = 00000000
  sec_h            = 00000000
  sec_l            = 00000063
  ns               = 1A4D8918
  lock_enable      = 00000000
  lock_result      = 00000000
  lock_polls       = 00000000
  lock_unlocked    = 00000000
  lock_calibration_fail = 00000000
  spll_state       = 00020004
  spll_ocer        = 2BC6C401
  spll_rcer        = 00000000
  spll_occr        = AA0001B5
  spll_trr_csr     = 00061224
  spll_dac_hpll    = E7E040B1
  spll_dac_main    = 00000002
  spll_helper_state = 00000100
  spll_helper_limits = 271000C8
  spll_main_state  = 00000000
  spll_main_limits = 00320032
  spll_main_phase_limits = 03E804B0
  spll_state_visit_mask = 00000618
  spll_state_transitions = 00000003
  spll_last_state  = 00000004
  spll_init_count  = 00000001
  dmtd_ref         = 0011686D
  dmtd_fb          = 0045657E
  dmtd_ref_high_qual_abort = 003E984C
  dmtd_fb_high_qual_abort = 00310325
  tag_valid        = 000616C2
  trr_write        = 000616D9
  irq              = 00061644
  helper_update    = 00061644
  spll_helper_error = FFFDB610
  spll_helper_output = 0000FFFB
  eic_isr          = FFFF0000
  current_tics     = 00018A68
RAW_SNAPSHOT board=DE5 [1-11.1] label=after
  status           = 61109243235082FF
  cpu              = 0000007C00018E90
  marker           = 000000010000B004
  store            = 0001D9900002FF38
  store_count      = 000000001527ED6D
  exception        = 8000000B00018E6C
  clock            = 003DD21FC7EAD4DF
  boot_generation  = 00000001
  cpu_reset_count  = 00000001
  wr_core_reset_count = 00000001
  si_config_drop_count = 00000001
  pps_cr           = 01312D06
  pps_escr         = 0000000C
  ep_mach          = 02000200
  ep_macl          = 22334401
  ep_dsr           = 42000000
  ptp              = 01014106
  ptp_rx           = 0000009F
  ptp_tx           = 00000160
  ptp_meta         = 02020406
  tx               = 000001C6
  rx               = 000000F5
  rxerr            = 00000000
  ptp_types        = 01030203
  foreign_meta     = 00000001
  filter_meta      = 00000000
  parse_meta       = 0001021F
  wr_rx_signal     = 10000001
  wr_tx_signal     = 10010004
  wr_failure       = 01030001
  wr_state         = A0000064
  wr_reject        = 00000000
  pstat            = 00000001
  sstat            = 00000000
  sec_h            = 00000000
  sec_l            = 00000069
  ns               = 027723D0
  lock_enable      = 00000000
  lock_result      = 00000000
  lock_polls       = 00000000
  lock_unlocked    = 00000000
  lock_calibration_fail = 00000000
  spll_state       = 00020004
  spll_ocer        = F03E2001
  spll_rcer        = 00000000
  spll_occr        = 2800019C
  spll_trr_csr     = 00066AA8
  spll_dac_hpll    = 10DCB2D3
  spll_dac_main    = 00000003
  spll_helper_state = 00000100
  spll_helper_limits = 271000C8
  spll_main_state  = 00000000
  spll_main_limits = 00320032
  spll_main_phase_limits = 03E804B0
  spll_state_visit_mask = 00000618
  spll_state_transitions = 00000003
  spll_last_state  = 00000004
  spll_init_count  = 00000001
  dmtd_ref         = 0011C2BF
  dmtd_fb          = 0045BC34
  dmtd_ref_high_qual_abort = 00421243
  dmtd_fb_high_qual_abort = 0033BE87
  tag_valid        = 00066D78
  trr_write        = 00066D90
  irq              = 00066C34
  helper_update    = 00066DC4
  spll_helper_error = FFFDB610
  spll_helper_output = 0000FFFB
  eic_isr          = FFFF0000
  current_tics     = 0001A048
RAW mailbox completion toggle wb_sync_toggle=1

============================================================
White Rabbit Runtime 診斷：DE5 [1-11.2]
============================================================

## [Step 1] PHY / 光纖 Link
[pass] si_config_done           結果: 1/1
[pass] wr_ready                 結果: 1/1
[pass] core_tm_link_up          結果: 1/1
[pass] core_link_ok             結果: 1/1
[pass] wr_rx_ready              結果: 1/1
[pass] wr_tx_ready              結果: 1/1
[pass] core_phy_rst             結果: 0/0
[pass] si_id_error              結果: 0/0
[pass] wr_rx_enc_err            結果: 0/0
[pass] wr_tx_enc_err            結果: 0/0
[pass] CPU_RESET_n              結果: 1/1
[pass] wr_rx_locked_to_data     結果: 1/1
[info] wr_rx_locked_to_ref      結果: 0/NA
[info] MOD_PRS_n                結果: 0/NA
[info] INTERRUPT_n              結果: 1/NA
Step 1 pass

## [Step 2] Endpoint / MiniNIC / PTP
[pass] EP_MAC_H/EP_MAC_L        結果: 02:00:22:33:44:02/02:00:22:33:44:02
[pass] WDIAGS_MODE              結果: 3 SLAVE/3 SLAVE
[pass] WDIAGS_PTP               結果: 9 SLAVE (raw=00004109)/9 SLAVE
[pass] WDIAGS_PTP_RX            結果: Δ=23/Δ>0
RAW WDIAGS_PTP_RX            before=0x0000037C after=0x00000393 delta=23
[pass] WDIAGS_PTP_TX            結果: Δ=2/Δ>0
RAW WDIAGS_PTP_TX            before=0x00000137 after=0x00000139 delta=2
[pass] WDIAGS_TX                結果: Δ=16/Δ>0
RAW WDIAGS_TX                before=0x000002C0 after=0x000002D0 delta=16
[pass] WDIAGS_RX                結果: Δ=29/Δ>0
RAW WDIAGS_RX                before=0x00000452 after=0x0000046F delta=29
[pass] WDIAGS_RXERR             結果: Δ=0/Δ=0
RAW WDIAGS_RXERR             before=0x00000000 after=0x00000000 delta=0
Step 2 pass

## [Step 3] WR Parent / Signaling
[pass] WDIAGS_FOREIGN_META      結果: 1/1
[pass] WDIAGS_FOREIGN_META      結果: 0/0
[info] WDIAGS_FOREIGN_META      結果: detection=0 config=3/NA
[pass] parentIsWRnode           結果: 1/1
[info] parentWrModeOn           結果: 0/NA
[pass] parentCalibrated         結果: 1/1
[pass] WR_RX_SIGNAL_DEBUG       結果: LOCK count=1/LOCK 0x1001,count>0
[pass] WR_TX_SIGNAL_DEBUG       結果: SLAVE_PRESENT count=1/SLAVE_PRESENT 0x1000,count>0
[info] WDIAGS_TEMP              結果: WRS_IDLE next=WRS_IDLE POST_STEP3_TIMEOUT/NA
[pass] LOCK_ENABLE              結果: 4/> 0
[info] WR_FAILURE_DEBUG         結果: TIMEOUT last_fail_state=WRS_S_LOCK failure_count=1/NA
Step 3 pass

## [Step 4B] Slave SoftPLL Startup
[pass] LOCK_ENABLE_COUNT        結果: 4/> 0
[pass] SPLL_MODE                結果: 3 (SPLL_MODE_SLAVE)/3 SPLL_MODE_SLAVE
[pass] SPLL_SEQ_STATE           結果: 4 (SEQ_WAIT_HELPER)/active, not 0/7
[pass] SPLL_STATE_VISIT_MASK    結果: 0x00000618/> 0
[pass] SPLL_INIT_COUNT          結果: 1/> 0
[pass] RCER                     結果: 0x00000001/> 0
[pass] OCER                     結果: 0x342E3401/> 0
[info] SPLL_ALIGN_STATE         結果: 0/NA
[info] SPLL_STATE_TRANSITIONS   結果: 0x00000003/NA
[info] SPLL_LAST_STATE          結果: 4 (SEQ_WAIT_HELPER)/NA
[info] OCCR                     結果: 0x64000120/NA
[pass] DMTD_REF_ACCEPT_EVENT    結果: Δ=21272/Δ>=0
RAW DMTD_REF_ACCEPT_EVENT    before=0x02B6246E after=0x02B67786 delta=21272
[pass] DMTD_FB_ACCEPT_EVENT     結果: Δ=22196/Δ>=0
RAW DMTD_FB_ACCEPT_EVENT     before=0x0286286E after=0x02867F22 delta=22196
[pass] DMTD_ACCEPT              結果: Δ=43468/Δ>0
[pass] SPLL_TAG_VALID_COUNT     結果: Δ=43467/Δ>0
RAW SPLL_TAG_VALID_COUNT     before=0x001BCEFE after=0x001C78C9 delta=43467
[pass] SPLL_TRR_WRITE_COUNT     結果: Δ=43467/Δ>0
RAW SPLL_TRR_WRITE_COUNT     before=0x001BCF2B after=0x001C78F6 delta=43467
[pass] WRPC_SPLL_TRR_POP_COUNT  結果: Δ=43869/Δ>0
RAW WRPC_SPLL_TRR_POP_COUNT  before=0x001BCD66 after=0x001C78C3 delta=43869
[pass] WDIAGS_IRQ_COUNT         結果: Δ=42969/Δ>0
RAW WDIAGS_IRQ_COUNT         before=0x001B437F after=0x001BEB58 delta=42969
[pass] WDIAGS_HELPER_UPDATE_COUNT 結果: Δ=21468/Δ>0
RAW WDIAGS_HELPER_UPDATE_COUNT before=0x000D4463 after=0x000D983F delta=21468
[pass] BOOT_GENERATION          結果: Δ=0/Δ=0
RAW BOOT_GENERATION          before=0x00000001 after=0x00000001 delta=0
[pass] CPU_RESET_COUNT          結果: Δ=0/Δ=0
RAW CPU_RESET_COUNT          before=0x00000001 after=0x00000001 delta=0
[pass] WR_CORE_RESET_COUNT      結果: Δ=0/Δ=0
RAW WR_CORE_RESET_COUNT      before=0x00000001 after=0x00000001 delta=0
[pass] SI_CONFIG_DROP_COUNT     結果: Δ=0/Δ=0
RAW SI_CONFIG_DROP_COUNT     before=0x00000001 after=0x00000001 delta=0
STEP4B_ALLOWED = YES
STEP4B_RESULT = PASS
STEP4B_FIRST_INACTIVE_BOUNDARY = ACTIVE
Step 4B pass
Step 4 pass

## [Step 5] Closed-loop Lock
STEP5_LOCKDET_BEFORE: HELPER locked=0 changed=0 cnt=0/10000 threshold=200 ref_src=0 MAIN enabled=0 locked=0 freq=0 phase=0 freq_cnt=0/50 phase_cnt=0/1000 PSTAT_locked=0
STEP5_LOCKDET_AFTER: HELPER locked=0 changed=0 cnt=0/10000 threshold=200 ref_src=0 MAIN enabled=0 locked=0 freq=0 phase=0 freq_cnt=0/50 phase_cnt=0/1000 PSTAT_locked=0
[error] WDIAGS_PSTAT             結果: 0/1
STEP5_RESULT = NEVER_LOCKED
STEP5_FIRST_INACTIVE_BOUNDARY = HELPER_LOCK
Step 5 NA (single window is not stable-lock proof)

## [Step 6] Global Time
Step 6 NA

============================================================
White Rabbit Runtime 診斷：DE5 [1-11.2]
============================================================
Step 1 PHY / Link             pass
Step 2 Endpoint / PTP         pass
Step 3 WR Handshake           pass
Step 4 Step4B Slave SoftPLL Startup pass
Step 5 Closed-loop Lock       NA
Step 6 Global Time            NA
STEP1_REGRESSION = PASS
STEP2_REGRESSION = PASS
STEP3_REGRESSION = PASS
STEP4B_ALLOWED = YES
STEP4B_RESULT = PASS
STEP4B_FIRST_INACTIVE_BOUNDARY = ACTIVE
STEP5_RESULT = NEVER_LOCKED
STEP5_FIRST_INACTIVE_BOUNDARY = HELPER_LOCK
FAILURE_CLASSIFICATION = NO_FAILURE_EVIDENCE
============================================================

================ RAW_SNAPSHOT ================
RAW_SNAPSHOT board=DE5 [1-11.2] label=before
  status           = C11E60E135BC82CF
  cpu              = 0000007C0000A7C4
  marker           = 000000010000B004
  store            = 000000000001EC58
  store_count      = 000000003E2A6341
  exception        = 8000000B00005E84
  clock            = 0029C7069C0EBA93
  boot_generation  = 00000001
  cpu_reset_count  = 00000001
  wr_core_reset_count = 00000001
  si_config_drop_count = 00000001
  pps_cr           = 01312D02
  pps_escr         = 00000000
  ep_mach          = 02000200
  ep_macl          = 22334402
  ep_dsr           = 42000000
  ptp              = 00004109
  ptp_rx           = 0000037C
  ptp_tx           = 00000137
  ptp_meta         = 03020409
  tx               = 000002C0
  rx               = 00000452
  rxerr            = 00000000
  ptp_types        = 044F2850
  foreign_meta     = 03000001
  filter_meta      = 00000000
  parse_meta       = 0501287C
  wr_rx_signal     = 10010001
  wr_tx_signal     = 10000001
  wr_failure       = 02020001
  wr_state         = A000035C
  wr_reject        = 00000000
  pstat            = 00000001
  sstat            = 00000001
  sec_h            = 00000000
  sec_l            = 00000069
  ns               = 2D0EC3E8
  lock_enable      = 00000004
  lock_result      = 00000001
  lock_polls       = 000D7812
  lock_unlocked    = 000D7812
  lock_calibration_fail = 00000000
  spll_state       = 00030004
  spll_ocer        = B784E001
  spll_rcer        = 00000001
  spll_occr        = 6600012C
  spll_trr_csr     = 001ACA56
  spll_dac_hpll    = 3C045C47
  spll_dac_main    = 00000007
  spll_helper_state = 00000000
  spll_helper_limits = 271000C8
  spll_main_state  = 00000000
  spll_main_limits = 00320032
  spll_main_phase_limits = 03E804B0
  spll_state_visit_mask = 00000618
  spll_state_transitions = 00000003
  spll_last_state  = 00000004
  spll_init_count  = 00000001
  dmtd_ref         = 02B6246E
  dmtd_fb          = 0286286E
  dmtd_ref_high_qual_abort = 05B18193
  dmtd_fb_high_qual_abort = 0013370E
  tag_valid        = 001BCEFE
  trr_write        = 001BCF2B
  irq              = 001B437F
  helper_update    = 000D4463
  spll_helper_error = 000249F0
  spll_helper_output = 00000005
  eic_isr          = FFFF0000
  current_tics     = 0003D25E
RAW_SNAPSHOT board=DE5 [1-11.2] label=after
  status           = 411E60C1255082CF
  cpu              = 0000007C00018E5C
  marker           = 000000010000B004
  store            = 0001D9900002FF38
  store_count      = 000000003F8D3005
  exception        = 8000000B0000406C
  clock            = 00281BE4F0460F78
  boot_generation  = 00000001
  cpu_reset_count  = 00000001
  wr_core_reset_count = 00000001
  si_config_drop_count = 00000001
  pps_cr           = 01312D02
  pps_escr         = 00000000
  ep_mach          = 02000200
  ep_macl          = 22334402
  ep_dsr           = 42000000
  ptp              = 00004109
  ptp_rx           = 00000393
  ptp_tx           = 00000139
  ptp_meta         = 03020409
  tx               = 000002D0
  rx               = 0000046F
  rxerr            = 00000000
  ptp_types        = 04552B55
  foreign_meta     = 03000001
  filter_meta      = 00000000
  parse_meta       = 05012B92
  wr_rx_signal     = 10010001
  wr_tx_signal     = 10000001
  wr_failure       = 02020001
  wr_state         = A000035C
  wr_reject        = 00000000
  pstat            = 00000001
  sstat            = 00000001
  sec_h            = 00000000
  sec_l            = 0000006F
  ns               = 0F3D8120
  lock_enable      = 00000004
  lock_result      = 00000001
  lock_polls       = 000D7812
  lock_unlocked    = 000D7812
  lock_calibration_fail = 00000000
  spll_state       = 00030004
  spll_ocer        = 342E3401
  spll_rcer        = 00000001
  spll_occr        = 64000120
  spll_trr_csr     = 001E72A4
  spll_dac_hpll    = 64FED897
  spll_dac_main    = 00000007
  spll_helper_state = 00000000
  spll_helper_limits = 271000C8
  spll_main_state  = 00000000
  spll_main_limits = 00320032
  spll_main_phase_limits = 03E804B0
  spll_state_visit_mask = 00000618
  spll_state_transitions = 00000003
  spll_last_state  = 00000004
  spll_init_count  = 00000001
  dmtd_ref         = 02B67786
  dmtd_fb          = 02867F22
  dmtd_ref_high_qual_abort = 05B3404C
  dmtd_fb_high_qual_abort = 0013AA8E
  tag_valid        = 001C78C9
  trr_write        = 001C78F6
  irq              = 001BEB58
  helper_update    = 000D983F
  spll_helper_error = 000249F0
  spll_helper_output = 00000005
  eic_isr          = FFFF0000
  current_tics     = 0003E7DA

============================================================
STEP4A_RESULT = PASS
STEP4B_ALLOWED = YES
STEP4B_RESULT = PASS
STEP4B_FIRST_INACTIVE_BOUNDARY = ACTIVE
STEP5_RESULT = NOT_APPLICABLE_MASTER
STEP5_FIRST_INACTIVE_BOUNDARY = SLAVE_ONLY
STEP5_RESULT = NEVER_LOCKED
STEP5_FIRST_INACTIVE_BOUNDARY = HELPER_LOCK
============================================================
Info (23030): Evaluation of Tcl script /home/b10504072/04_WR/scripts/jtag/read_wb_runtime.tcl was successful
Info: Quartus Prime SignalTap II was successful. 0 errors, 0 warnings
    Info: Peak virtual memory: 776 megabytes
    Info: Processing ended: Mon Aug 31 04:31:59 2026
    Info: Elapsed time: 00:00:13
    Info: Total CPU time (on all processors): 00:00:00
