Info: *******************************************************************
Info: Running Quartus Prime SignalTap II
    Info: Version 17.0.0 Build 595 04/25/2017 SJ Standard Edition
    Info: Copyright (C) 2017  Intel Corporation. All rights reserved.
    Info: Your use of Intel Corporation's design tools, logic functions 
    Info: and other software and tools, and its AMPP partner logic 
    Info: functions, and any output files from any of the foregoing 
    Info: (including device programming or simulation files), and any 
    Info: associated documentation or information are expressly subject 
    Info: to the terms and conditions of the Intel Program License 
    Info: Subscription Agreement, the Intel Quartus Prime License Agreement,
    Info: the Intel MegaCore Function License Agreement, or other 
    Info: applicable license agreement, including, without limitation, 
    Info: that your use is for the sole purpose of programming logic 
    Info: devices manufactured by Intel and sold by Intel or its 
    Info: authorized distributors.  Please refer to the applicable 
    Info: agreement for further details.
    Info: Processing started: Tue Sep 15 09:00:37 2026
Info: Command: quartus_stp -t scripts/jtag/read_wb_runtime.tcl --raw
Info: Quartus(args): --raw
RAW mailbox completion toggle wb_sync_toggle=1

============================================================
White Rabbit Runtime 診斷：DE5 [1-11.1]
============================================================

## [Step 1] PHY / 光纖 Link
[pass] si_config_done           結果: 1/1
[pass] wr_ready                 結果: 1/1
[pass] core_tm_link_up          結果: 1/1
[pass] core_link_ok             結果: 1/1
[pass] wr_rx_ready              結果: 1/1
[pass] wr_tx_ready              結果: 1/1
[pass] core_phy_rst             結果: 0/0
[pass] si_id_error              結果: 0/0
[pass] wr_rx_enc_err            結果: 0/0
[pass] wr_tx_enc_err            結果: 0/0
[pass] CPU_RESET_n              結果: 1/1
[pass] wr_rx_locked_to_data     結果: 1/1
[info] wr_rx_locked_to_ref      結果: 0/NA
[info] MOD_PRS_n                結果: 0/NA
[info] INTERRUPT_n              結果: 1/NA
Step 1 pass

## [Step 2] Endpoint / MiniNIC / PTP
[pass] EP_MAC_H/EP_MAC_L        結果: 02:00:22:33:44:01/02:00:22:33:44:01
[pass] WDIAGS_MODE              結果: 2 MASTER/2 MASTER
[pass] WDIAGS_PTP               結果: 6 MASTER (raw=01014106)/6 MASTER
[pass] WDIAGS_PTP_RX            結果: Δ=8/Δ>0
RAW WDIAGS_PTP_RX            before=0x00000296 after=0x0000029E delta=8
[pass] WDIAGS_PTP_TX            結果: Δ=25/Δ>0
RAW WDIAGS_PTP_TX            before=0x000005CB after=0x000005E4 delta=25
[pass] WDIAGS_TX                結果: Δ=32/Δ>0
RAW WDIAGS_TX                before=0x0000077E after=0x0000079E delta=32
[pass] WDIAGS_RX                結果: Δ=14/Δ>0
RAW WDIAGS_RX                before=0x000003F0 after=0x000003FE delta=14
[pass] WDIAGS_RXERR             結果: Δ=0/Δ=0
RAW WDIAGS_RXERR             before=0x00000000 after=0x00000000 delta=0
Step 2 pass

## [Step 3] WR Parent / Signaling
Step 3 NA

## [Step 4A] Master SoftPLL Event Chain
[pass] DMTD_REF_ACCEPT_EVENT    結果: Δ=23421/Δ>=0
RAW DMTD_REF_ACCEPT_EVENT    before=0x0089D14F after=0x008A2CCC delta=23421
[pass] DMTD_FB_ACCEPT_EVENT     結果: Δ=23491/Δ>=0
RAW DMTD_FB_ACCEPT_EVENT     before=0x005B9D86 after=0x005BF949 delta=23491
[pass] DMTD_ACCEPT              結果: Δ=46912/Δ>0
[pass] SPLL_TAG_VALID_COUNT     結果: Δ=23501/Δ>0
RAW SPLL_TAG_VALID_COUNT     before=0x001695AF after=0x0016F17C delta=23501
[pass] SPLL_TRR_WRITE_COUNT     結果: Δ=23503/Δ>0
RAW SPLL_TRR_WRITE_COUNT     before=0x001695DA after=0x0016F1A9 delta=23503
[pass] WRPC_SPLL_TRR_POP_COUNT  結果: Δ=23626/Δ>0
RAW WRPC_SPLL_TRR_POP_COUNT  before=0x00169518 after=0x0016F162 delta=23626
[pass] WDIAGS_IRQ_COUNT         結果: Δ=23626/Δ>0
RAW WDIAGS_IRQ_COUNT         before=0x00169518 after=0x0016F162 delta=23626
[pass] WDIAGS_HELPER_UPDATE_COUNT 結果: Δ=23627/Δ>0
RAW WDIAGS_HELPER_UPDATE_COUNT before=0x00169518 after=0x0016F163 delta=23627
[pass] BOOT_GENERATION          結果: Δ=0/Δ=0
RAW BOOT_GENERATION          before=0x00000001 after=0x00000001 delta=0
[pass] CPU_RESET_COUNT          結果: Δ=0/Δ=0
RAW CPU_RESET_COUNT          before=0x00000001 after=0x00000001 delta=0
[pass] WR_CORE_RESET_COUNT      結果: Δ=0/Δ=0
RAW WR_CORE_RESET_COUNT      before=0x00000001 after=0x00000001 delta=0
[pass] SI_CONFIG_DROP_COUNT     結果: Δ=0/Δ=0
RAW SI_CONFIG_DROP_COUNT     before=0x00000001 after=0x00000001 delta=0
STEP4A_MASTER_EVENT_CHAIN = PASS
Step 4 pass

## [Step 5] Closed-loop Lock
STEP5_RESULT = NOT_APPLICABLE_MASTER
STEP5_FIRST_INACTIVE_BOUNDARY = SLAVE_ONLY
Step 5 NA (Step5 closed-loop gate is for Slave)

## [Step 6] Global Time
Step 6 NA

============================================================
White Rabbit Runtime 診斷：DE5 [1-11.1]
============================================================
Step 1 PHY / Link             pass
Step 2 Endpoint / PTP         pass
Step 3 WR Handshake           NA
Step 4 Step4A Master Event Chain pass
Step 5 Closed-loop Lock       NA
Step 6 Global Time            NA
STEP1_REGRESSION = PASS
STEP2_REGRESSION = PASS
STEP3_REGRESSION = PASS
STEP4A_RESULT = PASS
STEP5_RESULT = NOT_APPLICABLE_MASTER
STEP5_FIRST_INACTIVE_BOUNDARY = SLAVE_ONLY
FAILURE_CLASSIFICATION = NO_FAILURE_EVIDENCE
============================================================

================ RAW_SNAPSHOT ================
RAW_SNAPSHOT board=DE5 [1-11.1] label=before
  status           = 011E606134BC82FF
  cpu              = 0000007C00005CA0
  marker           = 000000010000B004
  store            = 000000000001F177
  store_count      = 000000000B50B3E1
  exception        = 8000000B00001224
  clock            = 002EE1179183BEBC
  boot_generation  = 00000001
  cpu_reset_count  = 00000001
  wr_core_reset_count = 00000001
  si_config_drop_count = 00000001
  pps_cr           = 01312D06
  pps_escr         = 0000010C
  ep_mach          = 02000200
  ep_macl          = 22334401
  ep_dsr           = 42000000
  ptp              = 01014106
  ptp_rx           = 00000296
  ptp_tx           = 000005CB
  ptp_meta         = 02020406
  tx               = 0000077E
  rx               = 000003F0
  rxerr            = 00000000
  ptp_types        = 01010101
  foreign_meta     = 0000FF00
  filter_meta      = 00000000
  parse_meta       = 0001015B
  wr_rx_signal     = 10000001
  wr_tx_signal     = 10010004
  wr_failure       = 01036A01
  wr_state         = A0000064
  wr_reject        = 00000000
  pstat            = 00000001
  sstat            = 8DBB1006
  sec_h            = 00000000
  sec_l            = 0000017D
  ns               = 20E0F230
  lock_enable      = 00000000
  lock_result      = 8DBB0400
  lock_polls       = 00000000
  lock_unlocked    = 00000000
  lock_calibration_fail = 00000000
  spll_state       = 00020004
  spll_ocer        = E6805801
  spll_rcer        = 00000000
  spll_occr        = 81000156
  spll_trr_csr     = 0016908C
  spll_dac_hpll    = 1DE2B84F
  spll_dac_main    = 0000000B
  spll_helper_state = 00060100
  spll_helper_limits = 03E807D0
  spll_main_state  = 00000000
  spll_main_limits = 00320032
  spll_main_phase_limits = 03E804B0
  spll_state_visit_mask = 00000618
  spll_state_transitions = 00000003
  spll_last_state  = 00000004
  spll_init_count  = 00000001
  dmtd_ref         = 0089D14F
  dmtd_fb          = 005B9D86
  dmtd_ref_high_qual_abort = 00E1C411
  dmtd_fb_high_qual_abort = 00BEB7A7
  tag_valid        = 001695AF
  trr_write        = 001695DA
  irq              = 00169518
  helper_update    = 00169518
  spll_helper_error = FFFDB610
  spll_helper_output = 0000FFFB
  eic_isr          = FFFF0000
  current_tics     = 0005D98E
RAW_SNAPSHOT board=DE5 [1-11.1] label=after
  status           = 211EC8E134BC82FF
  cpu              = 0000007C0000122C
  marker           = 000000010000B004
  store            = 0016E3110001EB58
  store_count      = 000000000B7F0BC4
  exception        = 8000000B00001220
  clock            = 002FC5F575ABA39B
  boot_generation  = 00000001
  cpu_reset_count  = 00000001
  wr_core_reset_count = 00000001
  si_config_drop_count = 00000001
  pps_cr           = 01312D06
  pps_escr         = 0000010C
  ep_mach          = 02000200
  ep_macl          = 22334401
  ep_dsr           = 42000000
  ptp              = 01014106
  ptp_rx           = 0000029E
  ptp_tx           = 000005E4
  ptp_meta         = 02020406
  tx               = 0000079E
  rx               = 000003FE
  rxerr            = 00000000
  ptp_types        = 01010101
  foreign_meta     = 0000FF00
  filter_meta      = 00000000
  parse_meta       = 0001016C
  wr_rx_signal     = 10000001
  wr_tx_signal     = 10010004
  wr_failure       = 01036A01
  wr_state         = A0000064
  wr_reject        = 00000000
  pstat            = 00000001
  sstat            = 8DBB1006
  sec_h            = 00000000
  sec_l            = 00000183
  ns               = 26D07630
  lock_enable      = 00000000
  lock_result      = 8DBB0400
  lock_polls       = 00000000
  lock_unlocked    = 00000000
  lock_calibration_fail = 00000000
  spll_state       = 00020004
  spll_ocer        = E773B201
  spll_rcer        = 00000000
  spll_occr        = DC0001AD
  spll_trr_csr     = 0016ECD8
  spll_dac_hpll    = 4B565623
  spll_dac_main    = 0000000B
  spll_helper_state = 00060100
  spll_helper_limits = 03E807D0
  spll_main_state  = 00000000
  spll_main_limits = 00320032
  spll_main_phase_limits = 03E804B0
  spll_state_visit_mask = 00000618
  spll_state_transitions = 00000003
  spll_last_state  = 00000004
  spll_init_count  = 00000001
  dmtd_ref         = 008A2CCC
  dmtd_fb          = 005BF949
  dmtd_ref_high_qual_abort = 00E52CDD
  dmtd_fb_high_qual_abort = 00C1BE65
  tag_valid        = 0016F17C
  trr_write        = 0016F1A9
  irq              = 0016F162
  helper_update    = 0016F163
  spll_helper_error = FFFDB610
  spll_helper_output = 0000FFFB
  eic_isr          = FFFF0000
  current_tics     = 0005F161
RAW mailbox completion toggle wb_sync_toggle=0

============================================================
White Rabbit Runtime 診斷：DE5 [1-11.2]
============================================================

## [Step 1] PHY / 光纖 Link
[pass] si_config_done           結果: 1/1
[pass] wr_ready                 結果: 1/1
[pass] core_tm_link_up          結果: 1/1
[pass] core_link_ok             結果: 1/1
[pass] wr_rx_ready              結果: 1/1
[pass] wr_tx_ready              結果: 1/1
[pass] core_phy_rst             結果: 0/0
[pass] si_id_error              結果: 0/0
[pass] wr_rx_enc_err            結果: 0/0
[pass] wr_tx_enc_err            結果: 0/0
[pass] CPU_RESET_n              結果: 1/1
[pass] wr_rx_locked_to_data     結果: 1/1
[info] wr_rx_locked_to_ref      結果: 0/NA
[info] MOD_PRS_n                結果: 0/NA
[info] INTERRUPT_n              結果: 1/NA
Step 1 pass

## [Step 2] Endpoint / MiniNIC / PTP
[pass] EP_MAC_H/EP_MAC_L        結果: 02:00:22:33:44:02/02:00:22:33:44:02
[pass] WDIAGS_MODE              結果: 3 SLAVE/3 SLAVE
[pass] WDIAGS_PTP               結果: 9 SLAVE (raw=00004109)/9 SLAVE
[pass] WDIAGS_PTP_RX            結果: Δ=25/Δ>0
RAW WDIAGS_PTP_RX            before=0x000004B8 after=0x000004D1 delta=25
[pass] WDIAGS_PTP_TX            結果: Δ=2/Δ>0
RAW WDIAGS_PTP_TX            before=0x000001EE after=0x000001F0 delta=2
[pass] WDIAGS_TX                結果: Δ=17/Δ>0
RAW WDIAGS_TX                before=0x00000362 after=0x00000373 delta=17
[pass] WDIAGS_RX                結果: Δ=31/Δ>0
RAW WDIAGS_RX                before=0x000005CE after=0x000005ED delta=31
[pass] WDIAGS_RXERR             結果: Δ=0/Δ=0
RAW WDIAGS_RXERR             before=0x00000000 after=0x00000000 delta=0
Step 2 pass

## [Step 3] WR Parent / Signaling
[pass] WDIAGS_FOREIGN_META      結果: 1/1
[pass] WDIAGS_FOREIGN_META      結果: 0/0
[info] WDIAGS_FOREIGN_META      結果: detection=0 config=3/NA
[pass] parentIsWRnode           結果: 1/1
[info] parentWrModeOn           結果: 0/NA
[pass] parentCalibrated         結果: 1/1
[pass] WR_RX_SIGNAL_DEBUG       結果: LOCK count=1/LOCK 0x1001,count>0
[pass] WR_TX_SIGNAL_DEBUG       結果: SLAVE_PRESENT count=1/SLAVE_PRESENT 0x1000,count>0
[info] WDIAGS_TEMP              結果: WRS_IDLE next=WRS_IDLE POST_STEP3_TIMEOUT/NA
[pass] LOCK_ENABLE              結果: 4/> 0
[info] WR_FAILURE_DEBUG         結果: TIMEOUT last_fail_state=WRS_S_LOCK failure_count=35329/NA
Step 3 pass

## [Step 4B] Slave SoftPLL Startup
[pass] LOCK_ENABLE_COUNT        結果: 4/> 0
[pass] SPLL_MODE                結果: 3 (SPLL_MODE_SLAVE)/3 SPLL_MODE_SLAVE
[pass] SPLL_SEQ_STATE           結果: 6 (SEQ_WAIT_MAIN)/active, not 0/7
[pass] SPLL_STATE_VISIT_MASK    結果: 0x00000678/> 0
[pass] SPLL_INIT_COUNT          結果: 1/> 0
[pass] RCER                     結果: 0x00000001/> 0
[pass] OCER                     結果: 0xB2684701/> 0
[info] SPLL_ALIGN_STATE         結果: 0/NA
[info] SPLL_STATE_TRANSITIONS   結果: 0x00000005/NA
[info] SPLL_LAST_STATE          結果: 6 (SEQ_WAIT_MAIN)/NA
[info] OCCR                     結果: 0xCC00013E/NA
[pass] DMTD_REF_ACCEPT_EVENT    結果: Δ=23143/Δ>=0
RAW DMTD_REF_ACCEPT_EVENT    before=0x02BB9D88 after=0x02BBF7EF delta=23143
[pass] DMTD_FB_ACCEPT_EVENT     結果: Δ=23077/Δ>=0
RAW DMTD_FB_ACCEPT_EVENT     before=0x027CBC87 after=0x027D16AC delta=23077
[pass] DMTD_ACCEPT              結果: Δ=46220/Δ>0
[pass] SPLL_TAG_VALID_COUNT     結果: Δ=46237/Δ>0
RAW SPLL_TAG_VALID_COUNT     before=0x001EFFB4 after=0x001FB451 delta=46237
[pass] SPLL_TRR_WRITE_COUNT     結果: Δ=46241/Δ>0
RAW SPLL_TRR_WRITE_COUNT     before=0x001F0009 after=0x001FB4AA delta=46241
[pass] WRPC_SPLL_TRR_POP_COUNT  結果: Δ=46472/Δ>0
RAW WRPC_SPLL_TRR_POP_COUNT  before=0x001EFE91 after=0x001FB419 delta=46472
[pass] WDIAGS_IRQ_COUNT         結果: Δ=44738/Δ>0
RAW WDIAGS_IRQ_COUNT         before=0x001DDAC3 after=0x001E8985 delta=44738
[pass] WDIAGS_HELPER_UPDATE_COUNT 結果: Δ=23270/Δ>0
RAW WDIAGS_HELPER_UPDATE_COUNT before=0x000F0CFA after=0x000F67E0 delta=23270
[pass] BOOT_GENERATION          結果: Δ=0/Δ=0
RAW BOOT_GENERATION          before=0x00000001 after=0x00000001 delta=0
[pass] CPU_RESET_COUNT          結果: Δ=0/Δ=0
RAW CPU_RESET_COUNT          before=0x00000001 after=0x00000001 delta=0
[pass] WR_CORE_RESET_COUNT      結果: Δ=0/Δ=0
RAW WR_CORE_RESET_COUNT      before=0x00000001 after=0x00000001 delta=0
[pass] SI_CONFIG_DROP_COUNT     結果: Δ=0/Δ=0
RAW SI_CONFIG_DROP_COUNT     before=0x00000001 after=0x00000001 delta=0
STEP4B_ALLOWED = YES
STEP4B_RESULT = PASS
STEP4B_FIRST_INACTIVE_BOUNDARY = ACTIVE
Step 4B pass
Step 4 pass

## [Step 5] Closed-loop Lock
STEP5_LOCKDET_BEFORE: HELPER locked=1 changed=0 cnt=1000/1000 threshold=2000 ref_src=0 MAIN enabled=1 locked=0 freq=1 phase=0 freq_cnt=46/50 phase_cnt=100/1000 PSTAT_locked=0
STEP5_LOCKDET_AFTER: HELPER locked=1 changed=0 cnt=1000/1000 threshold=2000 ref_src=0 MAIN enabled=1 locked=0 freq=0 phase=0 freq_cnt=18/50 phase_cnt=141/1000 PSTAT_locked=0
[error] WDIAGS_PSTAT             結果: 0/1
STEP5_RESULT = NEVER_LOCKED
STEP5_FIRST_INACTIVE_BOUNDARY = MAIN_FREQUENCY_LOCK
Step 5 NA (single window is not stable-lock proof)

## [Step 6] Global Time
Step 6 NA

============================================================
White Rabbit Runtime 診斷：DE5 [1-11.2]
============================================================
Step 1 PHY / Link             pass
Step 2 Endpoint / PTP         pass
Step 3 WR Handshake           pass
Step 4 Step4B Slave SoftPLL Startup pass
Step 5 Closed-loop Lock       NA
Step 6 Global Time            NA
STEP1_REGRESSION = PASS
STEP2_REGRESSION = PASS
STEP3_REGRESSION = PASS
STEP4B_ALLOWED = YES
STEP4B_RESULT = PASS
STEP4B_FIRST_INACTIVE_BOUNDARY = ACTIVE
STEP5_RESULT = NEVER_LOCKED
STEP5_FIRST_INACTIVE_BOUNDARY = MAIN_FREQUENCY_LOCK
FAILURE_CLASSIFICATION = NO_FAILURE_EVIDENCE
============================================================

================ RAW_SNAPSHOT ================
RAW_SNAPSHOT board=DE5 [1-11.2] label=before
  status           = 5210786130BC82CF
  cpu              = 0000007C00001234
  marker           = 000000010000B004
  store            = 001DC1730001EB60
  store_count      = 000000000D386745
  exception        = 8000000B00001228
  clock            = 0029FE1EE07600C9
  boot_generation  = 00000001
  cpu_reset_count  = 00000001
  wr_core_reset_count = 00000001
  si_config_drop_count = 00000001
  pps_cr           = 01312D02
  pps_escr         = 00000100
  ep_mach          = 02000200
  ep_macl          = 22334402
  ep_dsr           = 42000000
  ptp              = 00004109
  ptp_rx           = 000004B8
  ptp_tx           = 000001EE
  ptp_meta         = 03020409
  tx               = 00000362
  rx               = 000005CE
  rxerr            = 00000000
  ptp_types        = 040E870E
  foreign_meta     = 03000001
  filter_meta      = 00000000
  parse_meta       = 0501878A
  wr_rx_signal     = 10010001
  wr_tx_signal     = 10000001
  wr_failure       = 02028A01
  wr_state         = A000035C
  wr_reject        = 00000000
  pstat            = 00000001
  sstat            = D91E1007
  sec_h            = 00000000
  sec_l            = 00000184
  ns               = 3114D518
  lock_enable      = 00000004
  lock_result      = D91E0601
  lock_polls       = 00016A40
  lock_unlocked    = 00016A40
  lock_calibration_fail = 00000000
  spll_state       = 00030006
  spll_ocer        = 49028701
  spll_rcer        = 00000001
  spll_occr        = A1000199
  spll_trr_csr     = 001EF5A2
  spll_dac_hpll    = 1317BA87
  spll_dac_main    = 00000008
  spll_helper_state = 03E80001
  spll_helper_limits = 03E807D0
  spll_main_state  = 06402E05
  spll_main_limits = 00320032
  spll_main_phase_limits = 03E804B0
  spll_state_visit_mask = 00000678
  spll_state_transitions = 00000005
  spll_last_state  = 00000006
  spll_init_count  = 00000001
  dmtd_ref         = 02BB9D88
  dmtd_fb          = 027CBC87
  dmtd_ref_high_qual_abort = 00310CA6
  dmtd_fb_high_qual_abort = 00117561
  tag_valid        = 001EFFB4
  trr_write        = 001F0009
  irq              = 001DDAC3
  helper_update    = 000F0CFA
  spll_helper_error = 000000A2
  spll_helper_output = 0000E465
  eic_isr          = FFFF0000
  current_tics     = 00044153
RAW_SNAPSHOT board=DE5 [1-11.2] label=after
  status           = 0B10E2E130BC82CF
  cpu              = 0000007C00001230
  marker           = 000000010000B004
  store            = 001E6E730001EB60
  store_count      = 000000000D83FB4D
  exception        = 8000000B00001228
  clock            = 002FFAB9DC5DFD63
  boot_generation  = 00000001
  cpu_reset_count  = 00000001
  wr_core_reset_count = 00000001
  si_config_drop_count = 00000001
  pps_cr           = 01312D02
  pps_escr         = 00000100
  ep_mach          = 02000200
  ep_macl          = 22334402
  ep_dsr           = 42000000
  ptp              = 00004109
  ptp_rx           = 000004D1
  ptp_tx           = 000001F0
  ptp_meta         = 03020409
  tx               = 00000373
  rx               = 000005ED
  rxerr            = 00000000
  ptp_types        = 04148A14
  foreign_meta     = 03000001
  filter_meta      = 00000000
  parse_meta       = 05018AA0
  wr_rx_signal     = 10010001
  wr_tx_signal     = 10000001
  wr_failure       = 02028A01
  wr_state         = A000035C
  wr_reject        = 00000000
  pstat            = 00000001
  sstat            = D91E1007
  sec_h            = 00000000
  sec_l            = 0000018A
  ns               = 36F47B60
  lock_enable      = 00000004
  lock_result      = D91E0601
  lock_polls       = 00016A40
  lock_unlocked    = 00016A40
  lock_calibration_fail = 00000000
  spll_state       = 00030006
  spll_ocer        = B2684701
  spll_rcer        = 00000001
  spll_occr        = CC00013E
  spll_trr_csr     = 001EAB2E
  spll_dac_hpll    = 408CA119
  spll_dac_main    = 00000008
  spll_helper_state = 03E80001
  spll_helper_limits = 03E807D0
  spll_main_state  = 08D01201
  spll_main_limits = 00320032
  spll_main_phase_limits = 03E804B0
  spll_state_visit_mask = 00000678
  spll_state_transitions = 00000005
  spll_last_state  = 00000006
  spll_init_count  = 00000001
  dmtd_ref         = 02BBF7EF
  dmtd_fb          = 027D16AC
  dmtd_ref_high_qual_abort = 003232AC
  dmtd_fb_high_qual_abort = 0011DB6D
  tag_valid        = 001FB451
  trr_write        = 001FB4AA
  irq              = 001E8985
  helper_update    = 000F67E0
  spll_helper_error = 0000002F
  spll_helper_output = 0000E44F
  eic_isr          = FFFF0000
  current_tics     = 00045928

============================================================
JTAG/WB transport health summary
============================================================
WB_TRANSPORT_PROTOCOL = PRELOAD_THEN_TOGGLE_COMMIT
WB_REQUEST_COUNT = 352
PRELOAD_COUNT = 352
COMMIT_COUNT = 352
WB_PROBE_READ_COUNT = 1760
PRELOAD_UNEXPECTED_TRIGGER_COUNT = 0
PROBE_3WAY_MATCH_COUNT = 352
STABLE_RESPONSE_WRONG_COUNT = 0
ADDRESS_CROSS_CONTAMINATION_COUNT = 0
TIMEOUT_COUNT = 0
INVALID_COUNT = 0
STALE_A5A5_COUNT = 0
UNSTABLE_TRANSACTION_COUNT = 0
DMTD_REF_DECREASE_COUNT = 0
DMTD_FB_DECREASE_COUNT = 0
PRELOAD_PROTOCOL_RUNTIME_REVALIDATION = PASS
JTAG_WB_DIAGNOSTIC_PATH = TRUSTED
============================================================

============================================================
STEP4A_RESULT = PASS
STEP4B_ALLOWED = YES
STEP4B_RESULT = PASS
STEP4B_FIRST_INACTIVE_BOUNDARY = ACTIVE
STEP5_RESULT = NOT_APPLICABLE_MASTER
STEP5_FIRST_INACTIVE_BOUNDARY = SLAVE_ONLY
STEP5_RESULT = NEVER_LOCKED
STEP5_FIRST_INACTIVE_BOUNDARY = MAIN_FREQUENCY_LOCK
============================================================
Info (23030): Evaluation of Tcl script scripts/jtag/read_wb_runtime.tcl was successful
Info: Quartus Prime SignalTap II was successful. 0 errors, 0 warnings
    Info: Peak virtual memory: 776 megabytes
    Info: Processing ended: Tue Sep 15 09:00:52 2026
    Info: Elapsed time: 00:00:15
    Info: Total CPU time (on all processors): 00:00:01
