Info: *******************************************************************
Info: Running Quartus Prime SignalTap II
    Info: Version 17.0.0 Build 595 04/25/2017 SJ Standard Edition
    Info: Copyright (C) 2017  Intel Corporation. All rights reserved.
    Info: Your use of Intel Corporation's design tools, logic functions 
    Info: and other software and tools, and its AMPP partner logic 
    Info: functions, and any output files from any of the foregoing 
    Info: (including device programming or simulation files), and any 
    Info: associated documentation or information are expressly subject 
    Info: to the terms and conditions of the Intel Program License 
    Info: Subscription Agreement, the Intel Quartus Prime License Agreement,
    Info: the Intel MegaCore Function License Agreement, or other 
    Info: applicable license agreement, including, without limitation, 
    Info: that your use is for the sole purpose of programming logic 
    Info: devices manufactured by Intel and sold by Intel or its 
    Info: authorized distributors.  Please refer to the applicable 
    Info: agreement for further details.
    Info: Processing started: Mon Oct  5 13:49:31 2026
Info: Command: quartus_stp -t scripts/jtag/read_clock_activity.tcl 2000
Info: Quartus(args): 2000
CLOCK_ACTIVITY_CONFIG gap_ms=2000
=== DE5 [1-11.1] ===
CLOCK_ACTIVITY label=BEGIN raw=002E7A453D0B7B96 REF=31638 DMTD=15627 RX=31301 TOGGLE=0/1/1 PHY_READY=1 RX_LOCK_REF=0 RX_LOCK_DATA=1 RESERVED_HIGH=0x000
CLOCK_ACTIVITY label=END raw=002B673A29C36889 REF=26761 DMTD=10691 RX=26426 TOGGLE=1/1/0 PHY_READY=1 RX_LOCK_REF=0 RX_LOCK_DATA=1 RESERVED_HIGH=0x000
=== DE5 [1-11.2] ===
CLOCK_ACTIVITY label=BEGIN raw=002F0FD376F3B7A3 REF=47011 DMTD=30451 RX=4051 TOGGLE=1/1/1 PHY_READY=1 RX_LOCK_REF=0 RX_LOCK_DATA=1 RESERVED_HIGH=0x000
CLOCK_ACTIVITY label=END raw=002EFDA9648FA57A REF=42362 DMTD=25743 RX=64937 TOGGLE=0/1/1 PHY_READY=1 RX_LOCK_REF=0 RX_LOCK_DATA=1 RESERVED_HIGH=0x000
Info (23030): Evaluation of Tcl script scripts/jtag/read_clock_activity.tcl was successful
Info: Quartus Prime SignalTap II was successful. 0 errors, 0 warnings
    Info: Peak virtual memory: 772 megabytes
    Info: Processing ended: Mon Oct  5 13:49:36 2026
    Info: Elapsed time: 00:00:05
    Info: Total CPU time (on all processors): 00:00:00
