Info: *******************************************************************
Info: Running Quartus Prime Signal Tap
    Info: Version 21.3.0 Build 170 09/23/2021 SC Pro Edition
    Info: Copyright (C) 2021  Intel Corporation. All rights reserved.
    Info: Your use of Intel Corporation's design tools, logic functions 
    Info: and other software and tools, and any partner logic 
    Info: functions, and any output files from any of the foregoing 
    Info: (including device programming or simulation files), and any 
    Info: associated documentation or information are expressly subject 
    Info: to the terms and conditions of the Intel Program License 
    Info: Subscription Agreement, the Intel Quartus Prime License Agreement,
    Info: the Intel FPGA IP License Agreement, or other applicable license
    Info: agreement, including, without limitation, that your use is for
    Info: the sole purpose of programming logic devices manufactured by
    Info: Intel and sold by Intel or its authorized distributors.  Please
    Info: refer to the applicable agreement for further details, at
    Info: https://fpgasoftware.intel.com/eula.
    Info: Processing started: Wed Sep  2 07:43:13 2026
    Info: System process ID: 3131722
Info: Command: quartus_stp -t scripts/jtag/read_wb_runtime.tcl --raw
Info: Quartus(args): --raw
RAW mailbox completion toggle wb_sync_toggle=0

============================================================
White Rabbit Runtime 診斷：DE5 [1-11.1]
============================================================

## [Step 1] PHY / 光纖 Link
[pass] si_config_done           結果: 1/1
[pass] wr_ready                 結果: 1/1
[pass] core_tm_link_up          結果: 1/1
[pass] core_link_ok             結果: 1/1
[pass] wr_rx_ready              結果: 1/1
[pass] wr_tx_ready              結果: 1/1
[pass] core_phy_rst             結果: 0/0
[pass] si_id_error              結果: 0/0
[pass] wr_rx_enc_err            結果: 0/0
[pass] wr_tx_enc_err            結果: 0/0
[pass] CPU_RESET_n              結果: 1/1
[pass] wr_rx_locked_to_data     結果: 1/1
[info] wr_rx_locked_to_ref      結果: 0/NA
[info] MOD_PRS_n                結果: 0/NA
[info] INTERRUPT_n              結果: 1/NA
Step 1 pass

## [Step 2] Endpoint / MiniNIC / PTP
[pass] EP_MAC_H/EP_MAC_L        結果: 02:00:22:33:44:01/02:00:22:33:44:01
[pass] WDIAGS_MODE              結果: 2 MASTER/2 MASTER
[pass] WDIAGS_PTP               結果: 6 MASTER (raw=01014106)/6 MASTER
[pass] WDIAGS_PTP_RX            結果: Δ=12/Δ>0
RAW WDIAGS_PTP_RX            before=0x000000ED after=0x000000F9 delta=12
[pass] WDIAGS_PTP_TX            結果: Δ=29/Δ>0
RAW WDIAGS_PTP_TX            before=0x00000210 after=0x0000022D delta=29
[pass] WDIAGS_TX                結果: Δ=34/Δ>0
RAW WDIAGS_TX                before=0x000002A7 after=0x000002C9 delta=34
[pass] WDIAGS_RX                結果: Δ=18/Δ>0
RAW WDIAGS_RX                before=0x00000168 after=0x0000017A delta=18
[pass] WDIAGS_RXERR             結果: Δ=0/Δ=0
RAW WDIAGS_RXERR             before=0x00000000 after=0x00000000 delta=0
Step 2 pass

## [Step 3] WR Parent / Signaling
Step 3 NA

## [Step 4A] Master SoftPLL Event Chain
[pass] DMTD_REF_ACCEPT_EVENT    結果: Δ=25364/Δ>=0
RAW DMTD_REF_ACCEPT_EVENT    before=0x007C5A87 after=0x007CBD9B delta=25364
[pass] DMTD_FB_ACCEPT_EVENT     結果: Δ=24328/Δ>=0
RAW DMTD_FB_ACCEPT_EVENT     before=0x0047F2CA after=0x004851D2 delta=24328
[pass] DMTD_ACCEPT              結果: Δ=49692/Δ>0
[pass] SPLL_TAG_VALID_COUNT     結果: Δ=24334/Δ>0
RAW SPLL_TAG_VALID_COUNT     before=0x0008CF34 after=0x00092E42 delta=24334
[pass] SPLL_TRR_WRITE_COUNT     結果: Δ=24335/Δ>0
RAW SPLL_TRR_WRITE_COUNT     before=0x0008CF62 after=0x00092E71 delta=24335
[pass] WRPC_SPLL_TRR_POP_COUNT  結果: Δ=24394/Δ>0
RAW WRPC_SPLL_TRR_POP_COUNT  before=0x0008CF3F after=0x00092E89 delta=24394
[pass] WDIAGS_IRQ_COUNT         結果: Δ=24394/Δ>0
RAW WDIAGS_IRQ_COUNT         before=0x0008CF3F after=0x00092E89 delta=24394
[pass] WDIAGS_HELPER_UPDATE_COUNT 結果: Δ=24394/Δ>0
RAW WDIAGS_HELPER_UPDATE_COUNT before=0x0008CF3F after=0x00092E89 delta=24394
[pass] BOOT_GENERATION          結果: Δ=0/Δ=0
RAW BOOT_GENERATION          before=0x00000001 after=0x00000001 delta=0
[pass] CPU_RESET_COUNT          結果: Δ=0/Δ=0
RAW CPU_RESET_COUNT          before=0x00000001 after=0x00000001 delta=0
[pass] WR_CORE_RESET_COUNT      結果: Δ=0/Δ=0
RAW WR_CORE_RESET_COUNT      before=0x00000001 after=0x00000001 delta=0
[pass] SI_CONFIG_DROP_COUNT     結果: Δ=0/Δ=0
RAW SI_CONFIG_DROP_COUNT     before=0x00000001 after=0x00000001 delta=0
STEP4A_MASTER_EVENT_CHAIN = PASS
Step 4 pass

## [Step 5] Closed-loop Lock
STEP5_RESULT = NOT_APPLICABLE_MASTER
STEP5_FIRST_INACTIVE_BOUNDARY = SLAVE_ONLY
Step 5 NA (Step5 closed-loop gate is for Slave)

## [Step 6] Global Time
Step 6 NA

============================================================
White Rabbit Runtime 診斷：DE5 [1-11.1]
============================================================
Step 1 PHY / Link             pass
Step 2 Endpoint / PTP         pass
Step 3 WR Handshake           NA
Step 4 Step4A Master Event Chain pass
Step 5 Closed-loop Lock       NA
Step 6 Global Time            NA
STEP1_REGRESSION = PASS
STEP2_REGRESSION = PASS
STEP3_REGRESSION = PASS
STEP4A_RESULT = PASS
STEP5_RESULT = NOT_APPLICABLE_MASTER
STEP5_FIRST_INACTIVE_BOUNDARY = SLAVE_ONLY
FAILURE_CLASSIFICATION = NO_FAILURE_EVIDENCE
============================================================

================ RAW_SNAPSHOT ================
RAW_SNAPSHOT board=DE5 [1-11.1] label=before
  status           = 2110F96336BC82FF
  cpu              = 0000007C00001220
  marker           = 000000010000B004
  store            = 0008C05F0001DFB0
  store_count      = 00000000039C8954
  exception        = 8000000B00001224
  clock            = 002F204F100B21B5
  boot_generation  = 00000001
  cpu_reset_count  = 00000001
  wr_core_reset_count = 00000001
  si_config_drop_count = 00000001
  pps_cr           = 01312D06
  pps_escr         = 0000000C
  ep_mach          = 02000200
  ep_macl          = 22334401
  ep_dsr           = 42000000
  ptp              = 01014106
  ptp_rx           = 000000ED
  ptp_tx           = 00000210
  ptp_meta         = 02020406
  tx               = 000002A7
  rx               = 00000168
  rxerr            = 00000000
  ptp_types        = 01020202
  foreign_meta     = 00000001
  filter_meta      = 00000000
  parse_meta       = 00010286
  wr_rx_signal     = 10000001
  wr_tx_signal     = 10010004
  wr_failure       = 01030001
  wr_state         = A0000064
  wr_reject        = 00000000
  pstat            = 00000001
  sstat            = 00000000
  sec_h            = 00000000
  sec_l            = 0000008F
  ns               = 329066F0
  lock_enable      = 00000000
  lock_result      = 00000000
  lock_polls       = 00000000
  lock_unlocked    = 00000000
  lock_calibration_fail = 00000000
  spll_state       = 00020004
  spll_ocer        = 04B9CC01
  spll_rcer        = 00000000
  spll_occr        = 5A00011A
  spll_trr_csr     = 000ACA86
  spll_dac_hpll    = 32B7AB84
  spll_dac_main    = 00000004
  spll_helper_state = 00000100
  spll_helper_limits = 271000C8
  spll_main_state  = 00000000
  spll_main_limits = 00320032
  spll_main_phase_limits = 03E804B0
  spll_state_visit_mask = 00000618
  spll_state_transitions = 00000003
  spll_last_state  = 00000004
  spll_init_count  = 00000001
  dmtd_ref         = 007C5A87
  dmtd_fb          = 0047F2CA
  dmtd_ref_high_qual_abort = 0051187C
  dmtd_fb_high_qual_abort = 004541AE
  tag_valid        = 0008CF34
  trr_write        = 0008CF62
  irq              = 0008CF3F
  helper_update    = 0008CF3F
  spll_helper_error = FFFDB610
  spll_helper_output = 0000FFFB
  eic_isr          = FFFF0000
  current_tics     = 00023908
RAW_SNAPSHOT board=DE5 [1-11.1] label=after
  status           = C11084C126B082FF
  cpu              = 0000007C00001234
  marker           = 000000010000B004
  store            = FFFDB6100001E000
  store_count      = 0000000003C50409
  exception        = 8000000B00001220
  clock            = 002F577B467158D9
  boot_generation  = 00000001
  cpu_reset_count  = 00000001
  wr_core_reset_count = 00000001
  si_config_drop_count = 00000001
  pps_cr           = 01312D06
  pps_escr         = 0000000C
  ep_mach          = 02000200
  ep_macl          = 22334401
  ep_dsr           = 42000000
  ptp              = 01014106
  ptp_rx           = 000000F9
  ptp_tx           = 0000022D
  ptp_meta         = 02020406
  tx               = 000002C9
  rx               = 0000017A
  rxerr            = 00000000
  ptp_types        = 01020202
  foreign_meta     = 00000001
  filter_meta      = 00000000
  parse_meta       = 0001029A
  wr_rx_signal     = 10000001
  wr_tx_signal     = 10010004
  wr_failure       = 01030001
  wr_state         = A0000064
  wr_reject        = 00000000
  pstat            = 00000001
  sstat            = 00000000
  sec_h            = 00000000
  sec_l            = 00000095
  ns               = 3272D538
  lock_enable      = 00000000
  lock_result      = 00000000
  lock_polls       = 00000000
  lock_unlocked    = 00000000
  lock_calibration_fail = 00000000
  spll_state       = 00020004
  spll_ocer        = 73603001
  spll_rcer        = 00000000
  spll_occr        = 0D000116
  spll_trr_csr     = 000A28DE
  spll_dac_hpll    = 602E1CBA
  spll_dac_main    = 00000004
  spll_helper_state = 00000100
  spll_helper_limits = 271000C8
  spll_main_state  = 00000000
  spll_main_limits = 00320032
  spll_main_phase_limits = 03E804B0
  spll_state_visit_mask = 00000618
  spll_state_transitions = 00000003
  spll_last_state  = 00000004
  spll_init_count  = 00000001
  dmtd_ref         = 007CBD9B
  dmtd_fb          = 004851D2
  dmtd_ref_high_qual_abort = 00548108
  dmtd_fb_high_qual_abort = 00482CEF
  tag_valid        = 00092E42
  trr_write        = 00092E71
  irq              = 00092E89
  helper_update    = 00092E89
  spll_helper_error = FFFDB610
  spll_helper_output = 0000FFFB
  eic_isr          = FFFF0000
  current_tics     = 00025078
RAW mailbox completion toggle wb_sync_toggle=0

============================================================
White Rabbit Runtime 診斷：DE5 [1-11.2]
============================================================

## [Step 1] PHY / 光纖 Link
[pass] si_config_done           結果: 1/1
[pass] wr_ready                 結果: 1/1
[pass] core_tm_link_up          結果: 1/1
[pass] core_link_ok             結果: 1/1
[pass] wr_rx_ready              結果: 1/1
[pass] wr_tx_ready              結果: 1/1
[pass] core_phy_rst             結果: 0/0
[pass] si_id_error              結果: 0/0
[pass] wr_rx_enc_err            結果: 0/0
[pass] wr_tx_enc_err            結果: 0/0
[pass] CPU_RESET_n              結果: 1/1
[pass] wr_rx_locked_to_data     結果: 1/1
[info] wr_rx_locked_to_ref      結果: 0/NA
[info] MOD_PRS_n                結果: 0/NA
[info] INTERRUPT_n              結果: 1/NA
Step 1 pass

## [Step 2] Endpoint / MiniNIC / PTP
[pass] EP_MAC_H/EP_MAC_L        結果: 02:00:22:33:44:02/02:00:22:33:44:02
[pass] WDIAGS_MODE              結果: 3 SLAVE/3 SLAVE
[pass] WDIAGS_PTP               結果: 9 SLAVE (raw=00004109)/9 SLAVE
[pass] WDIAGS_PTP_RX            結果: Δ=27/Δ>0
RAW WDIAGS_PTP_RX            before=0x000004FD after=0x00000518 delta=27
[pass] WDIAGS_PTP_TX            結果: Δ=4/Δ>0
RAW WDIAGS_PTP_TX            before=0x0000015F after=0x00000163 delta=4
[pass] WDIAGS_TX                結果: Δ=19/Δ>0
RAW WDIAGS_TX                before=0x000003CB after=0x000003DE delta=19
[pass] WDIAGS_RX                結果: Δ=33/Δ>0
RAW WDIAGS_RX                before=0x00000628 after=0x00000649 delta=33
[pass] WDIAGS_RXERR             結果: Δ=0/Δ=0
RAW WDIAGS_RXERR             before=0x00000000 after=0x00000000 delta=0
Step 2 pass

## [Step 3] WR Parent / Signaling
[pass] WDIAGS_FOREIGN_META      結果: 1/1
[pass] WDIAGS_FOREIGN_META      結果: 0/0
[info] WDIAGS_FOREIGN_META      結果: detection=0 config=3/NA
[pass] parentIsWRnode           結果: 1/1
[info] parentWrModeOn           結果: 0/NA
[pass] parentCalibrated         結果: 1/1
[pass] WR_RX_SIGNAL_DEBUG       結果: LOCK count=1/LOCK 0x1001,count>0
[pass] WR_TX_SIGNAL_DEBUG       結果: SLAVE_PRESENT count=1/SLAVE_PRESENT 0x1000,count>0
[info] WDIAGS_TEMP              結果: WRS_IDLE next=WRS_IDLE POST_STEP3_TIMEOUT/NA
[pass] LOCK_ENABLE              結果: 4/> 0
[info] WR_FAILURE_DEBUG         結果: TIMEOUT last_fail_state=WRS_S_LOCK failure_count=1/NA
Step 3 pass

## [Step 4B] Slave SoftPLL Startup
[pass] LOCK_ENABLE_COUNT        結果: 4/> 0
[pass] SPLL_MODE                結果: 3 (SPLL_MODE_SLAVE)/3 SPLL_MODE_SLAVE
[pass] SPLL_SEQ_STATE           結果: 4 (SEQ_WAIT_HELPER)/active, not 0/7
[pass] SPLL_STATE_VISIT_MASK    結果: 0x00000618/> 0
[pass] SPLL_INIT_COUNT          結果: 1/> 0
[pass] RCER                     結果: 0x00000001/> 0
[pass] OCER                     結果: 0x43B83E01/> 0
[info] SPLL_ALIGN_STATE         結果: 0/NA
[info] SPLL_STATE_TRANSITIONS   結果: 0x00000003/NA
[info] SPLL_LAST_STATE          結果: 4 (SEQ_WAIT_HELPER)/NA
[info] OCCR                     結果: 0x1900016D/NA
[pass] DMTD_REF_ACCEPT_EVENT    結果: Δ=23264/Δ>=0
RAW DMTD_REF_ACCEPT_EVENT    before=0x02673D96 after=0x02679876 delta=23264
[pass] DMTD_FB_ACCEPT_EVENT     結果: Δ=24300/Δ>=0
RAW DMTD_FB_ACCEPT_EVENT     before=0x029582D2 after=0x0295E1BE delta=24300
[pass] DMTD_ACCEPT              結果: Δ=47564/Δ>0
[pass] SPLL_TAG_VALID_COUNT     結果: Δ=47562/Δ>0
RAW SPLL_TAG_VALID_COUNT     before=0x0025D4BE after=0x00268E88 delta=47562
[pass] SPLL_TRR_WRITE_COUNT     結果: Δ=47562/Δ>0
RAW SPLL_TRR_WRITE_COUNT     before=0x0025D519 after=0x00268EE3 delta=47562
[pass] WRPC_SPLL_TRR_POP_COUNT  結果: Δ=46965/Δ>0
RAW WRPC_SPLL_TRR_POP_COUNT  before=0x0025D4E4 after=0x00268C59 delta=46965
[pass] WDIAGS_IRQ_COUNT         結果: Δ=46775/Δ>0
RAW WDIAGS_IRQ_COUNT         before=0x0025164B after=0x0025CD02 delta=46775
[pass] WDIAGS_HELPER_UPDATE_COUNT 結果: Δ=23354/Δ>0
RAW WDIAGS_HELPER_UPDATE_COUNT before=0x00122368 after=0x00127EA2 delta=23354
[pass] BOOT_GENERATION          結果: Δ=0/Δ=0
RAW BOOT_GENERATION          before=0x00000001 after=0x00000001 delta=0
[pass] CPU_RESET_COUNT          結果: Δ=0/Δ=0
RAW CPU_RESET_COUNT          before=0x00000001 after=0x00000001 delta=0
[pass] WR_CORE_RESET_COUNT      結果: Δ=0/Δ=0
RAW WR_CORE_RESET_COUNT      before=0x00000001 after=0x00000001 delta=0
[pass] SI_CONFIG_DROP_COUNT     結果: Δ=0/Δ=0
RAW SI_CONFIG_DROP_COUNT     before=0x00000001 after=0x00000001 delta=0
STEP4B_ALLOWED = YES
STEP4B_RESULT = PASS
STEP4B_FIRST_INACTIVE_BOUNDARY = ACTIVE
Step 4B pass
Step 4 pass

## [Step 5] Closed-loop Lock
STEP5_LOCKDET_BEFORE: HELPER locked=0 changed=0 cnt=1/10000 threshold=200 ref_src=0 MAIN enabled=0 locked=0 freq=0 phase=0 freq_cnt=0/50 phase_cnt=0/1000 PSTAT_locked=0
STEP5_LOCKDET_AFTER: HELPER locked=0 changed=0 cnt=1/10000 threshold=200 ref_src=0 MAIN enabled=0 locked=0 freq=0 phase=0 freq_cnt=0/50 phase_cnt=0/1000 PSTAT_locked=0
[error] WDIAGS_PSTAT             結果: 0/1
STEP5_RESULT = NEVER_LOCKED
STEP5_FIRST_INACTIVE_BOUNDARY = HELPER_LOCK
Step 5 NA (single window is not stable-lock proof)

## [Step 6] Global Time
Step 6 NA

============================================================
White Rabbit Runtime 診斷：DE5 [1-11.2]
============================================================
Step 1 PHY / Link             pass
Step 2 Endpoint / PTP         pass
Step 3 WR Handshake           pass
Step 4 Step4B Slave SoftPLL Startup pass
Step 5 Closed-loop Lock       NA
Step 6 Global Time            NA
STEP1_REGRESSION = PASS
STEP2_REGRESSION = PASS
STEP3_REGRESSION = PASS
STEP4B_ALLOWED = YES
STEP4B_RESULT = PASS
STEP4B_FIRST_INACTIVE_BOUNDARY = ACTIVE
STEP5_RESULT = NEVER_LOCKED
STEP5_FIRST_INACTIVE_BOUNDARY = HELPER_LOCK
FAILURE_CLASSIFICATION = NO_FAILURE_EVIDENCE
============================================================

================ RAW_SNAPSHOT ================
RAW_SNAPSHOT board=DE5 [1-11.2] label=before
  status           = 201ED06138BC82CF
  cpu              = 0000007C00001220
  marker           = 000000010000B004
  store            = 0024F94A0001DFB0
  store_count      = 000000000AA98A75
  exception        = 8000000B00001224
  clock            = 002CE5BDB520DDEC
  boot_generation  = 00000001
  cpu_reset_count  = 00000001
  wr_core_reset_count = 00000001
  si_config_drop_count = 00000001
  pps_cr           = 01312D02
  pps_escr         = 00000000
  ep_mach          = 02000200
  ep_macl          = 22334402
  ep_dsr           = 42000000
  ptp              = 00004109
  ptp_rx           = 000004FD
  ptp_tx           = 0000015F
  ptp_meta         = 03020409
  tx               = 000003CB
  rx               = 00000628
  rxerr            = 00000000
  ptp_types        = 047E3E7E
  foreign_meta     = 03000001
  filter_meta      = 00000000
  parse_meta       = 05013E20
  wr_rx_signal     = 10010001
  wr_tx_signal     = 10000001
  wr_failure       = 02020001
  wr_state         = A000035C
  wr_reject        = 00000000
  pstat            = 00000001
  sstat            = 00000001
  sec_h            = 00000000
  sec_l            = 00000097
  ns               = 0AA5F4E8
  lock_enable      = 00000004
  lock_result      = 00000001
  lock_polls       = 00005B1A
  lock_unlocked    = 00005B1A
  lock_calibration_fail = 00000000
  spll_state       = 00030004
  spll_ocer        = D0CFE201
  spll_rcer        = 00000001
  spll_occr        = A00001C6
  spll_trr_csr     = 0026CAB2
  spll_dac_hpll    = AF9F744A
  spll_dac_main    = 00000009
  spll_helper_state = 00010000
  spll_helper_limits = 271000C8
  spll_main_state  = 00000000
  spll_main_limits = 00320032
  spll_main_phase_limits = 03E804B0
  spll_state_visit_mask = 00000618
  spll_state_transitions = 00000003
  spll_last_state  = 00000004
  spll_init_count  = 00000001
  dmtd_ref         = 02673D96
  dmtd_fb          = 029582D2
  dmtd_ref_high_qual_abort = 01F9B0C6
  dmtd_fb_high_qual_abort = 000FD7D3
  tag_valid        = 0025D4BE
  trr_write        = 0025D519
  irq              = 0025164B
  helper_update    = 00122368
  spll_helper_error = 000249F0
  spll_helper_output = 00000005
  eic_isr          = FFFF0000
  current_tics     = 00051CDC
RAW_SNAPSHOT board=DE5 [1-11.2] label=after
  status           = 301EAA41285082CF
  cpu              = 0000007C00001228
  marker           = 000000010000B004
  store            = 0025AF7C0001DFB0
  store_count      = 000000000ADD2BED
  exception        = 8000000B00001224
  clock            = 003D35B504622DEB
  boot_generation  = 00000001
  cpu_reset_count  = 00000001
  wr_core_reset_count = 00000001
  si_config_drop_count = 00000001
  pps_cr           = 01312D02
  pps_escr         = 00000000
  ep_mach          = 02000200
  ep_macl          = 22334402
  ep_dsr           = 42000000
  ptp              = 00004109
  ptp_rx           = 00000518
  ptp_tx           = 00000163
  ptp_meta         = 03020409
  tx               = 000003DE
  rx               = 00000649
  rxerr            = 00000000
  ptp_types        = 04844184
  foreign_meta     = 03000001
  filter_meta      = 00000000
  parse_meta       = 05014139
  wr_rx_signal     = 10010001
  wr_tx_signal     = 10000001
  wr_failure       = 02020001
  wr_state         = A000035C
  wr_reject        = 00000000
  pstat            = 00000001
  sstat            = 00000001
  sec_h            = 00000000
  sec_l            = 0000009D
  ns               = 10ACC150
  lock_enable      = 00000004
  lock_result      = 00000001
  lock_polls       = 00005B1A
  lock_unlocked    = 00005B1A
  lock_calibration_fail = 00000000
  spll_state       = 00030004
  spll_ocer        = 43B83E01
  spll_rcer        = 00000001
  spll_occr        = 1900016D
  spll_trr_csr     = 00268638
  spll_dac_hpll    = DD0FB993
  spll_dac_main    = 00000009
  spll_helper_state = 00010000
  spll_helper_limits = 271000C8
  spll_main_state  = 00000000
  spll_main_limits = 00320032
  spll_main_phase_limits = 03E804B0
  spll_state_visit_mask = 00000618
  spll_state_transitions = 00000003
  spll_last_state  = 00000004
  spll_init_count  = 00000001
  dmtd_ref         = 02679876
  dmtd_fb          = 0295E1BE
  dmtd_ref_high_qual_abort = 01FAA9FA
  dmtd_fb_high_qual_abort = 001024E9
  tag_valid        = 00268E88
  trr_write        = 00268EE3
  irq              = 0025CD02
  helper_update    = 00127EA2
  spll_helper_error = 000249F0
  spll_helper_output = 00000005
  eic_isr          = FFFF0000
  current_tics     = 000534AE

============================================================
JTAG/WB transport health summary
============================================================
WB_TRANSPORT_PROTOCOL = PRELOAD_THEN_TOGGLE_COMMIT
WB_REQUEST_COUNT = 353
PRELOAD_COUNT = 353
COMMIT_COUNT = 353
WB_PROBE_READ_COUNT = 1765
PRELOAD_UNEXPECTED_TRIGGER_COUNT = 0
PROBE_3WAY_MATCH_COUNT = 353
STABLE_RESPONSE_WRONG_COUNT = 0
ADDRESS_CROSS_CONTAMINATION_COUNT = 0
TIMEOUT_COUNT = 0
INVALID_COUNT = 0
STALE_A5A5_COUNT = 0
UNSTABLE_TRANSACTION_COUNT = 0
DMTD_REF_DECREASE_COUNT = 0
DMTD_FB_DECREASE_COUNT = 0
PRELOAD_PROTOCOL_RUNTIME_REVALIDATION = PASS
JTAG_WB_DIAGNOSTIC_PATH = TRUSTED
============================================================

============================================================
STEP4A_RESULT = PASS
STEP4B_ALLOWED = YES
STEP4B_RESULT = PASS
STEP4B_FIRST_INACTIVE_BOUNDARY = ACTIVE
STEP5_RESULT = NOT_APPLICABLE_MASTER
STEP5_FIRST_INACTIVE_BOUNDARY = SLAVE_ONLY
STEP5_RESULT = NEVER_LOCKED
STEP5_FIRST_INACTIVE_BOUNDARY = HELPER_LOCK
============================================================
Info (23030): Evaluation of Tcl script scripts/jtag/read_wb_runtime.tcl was successful
Info: Quartus Prime Signal Tap was successful. 0 errors, 0 warnings
    Info: Peak virtual memory: 677 megabytes
    Info: Processing ended: Wed Sep  2 07:43:28 2026
    Info: Elapsed time: 00:00:15
    Info: System process ID: 3131722
