Info: *******************************************************************
Info: Running Quartus Prime SignalTap II
    Info: Version 17.0.0 Build 595 04/25/2017 SJ Standard Edition
    Info: Copyright (C) 2017  Intel Corporation. All rights reserved.
    Info: Your use of Intel Corporation's design tools, logic functions 
    Info: and other software and tools, and its AMPP partner logic 
    Info: functions, and any output files from any of the foregoing 
    Info: (including device programming or simulation files), and any 
    Info: associated documentation or information are expressly subject 
    Info: to the terms and conditions of the Intel Program License 
    Info: Subscription Agreement, the Intel Quartus Prime License Agreement,
    Info: the Intel MegaCore Function License Agreement, or other 
    Info: applicable license agreement, including, without limitation, 
    Info: that your use is for the sole purpose of programming logic 
    Info: devices manufactured by Intel and sold by Intel or its 
    Info: authorized distributors.  Please refer to the applicable 
    Info: agreement for further details.
    Info: Processing started: Tue Sep  1 16:54:17 2026
Info: Command: quartus_stp -t scripts/jtag/read_wb_runtime.tcl --raw
Info: Quartus(args): --raw
RAW mailbox completion toggle wb_sync_toggle=0

============================================================
White Rabbit Runtime 診斷：DE5 [1-11.1]
============================================================

## [Step 1] PHY / 光纖 Link
[pass] si_config_done           結果: 1/1
[pass] wr_ready                 結果: 1/1
[pass] core_tm_link_up          結果: 1/1
[pass] core_link_ok             結果: 1/1
[pass] wr_rx_ready              結果: 1/1
[pass] wr_tx_ready              結果: 1/1
[pass] core_phy_rst             結果: 0/0
[pass] si_id_error              結果: 0/0
[pass] wr_rx_enc_err            結果: 0/0
[pass] wr_tx_enc_err            結果: 0/0
[pass] CPU_RESET_n              結果: 1/1
[pass] wr_rx_locked_to_data     結果: 1/1
[info] wr_rx_locked_to_ref      結果: 0/NA
[info] MOD_PRS_n                結果: 0/NA
[info] INTERRUPT_n              結果: 1/NA
Step 1 pass

## [Step 2] Endpoint / MiniNIC / PTP
[pass] EP_MAC_H/EP_MAC_L        結果: 02:00:22:33:44:01/02:00:22:33:44:01
[pass] WDIAGS_MODE              結果: 2 MASTER/2 MASTER
[pass] WDIAGS_PTP               結果: 6 MASTER (raw=01014106)/6 MASTER
[pass] WDIAGS_PTP_RX            結果: Δ=11/Δ>0
RAW WDIAGS_PTP_RX            before=0x00000466 after=0x00000471 delta=11
[pass] WDIAGS_PTP_TX            結果: Δ=24/Δ>0
RAW WDIAGS_PTP_TX            before=0x000009CA after=0x000009E2 delta=24
[pass] WDIAGS_TX                結果: Δ=30/Δ>0
RAW WDIAGS_TX                before=0x00000C87 after=0x00000CA5 delta=30
[pass] WDIAGS_RX                結果: Δ=16/Δ>0
RAW WDIAGS_RX                before=0x0000069E after=0x000006AE delta=16
[pass] WDIAGS_RXERR             結果: Δ=0/Δ=0
RAW WDIAGS_RXERR             before=0x00000000 after=0x00000000 delta=0
Step 2 pass

## [Step 3] WR Parent / Signaling
Step 3 NA

## [Step 4A] Master SoftPLL Event Chain
[pass] DMTD_REF_ACCEPT_EVENT    結果: Δ=23227/Δ>=0
RAW DMTD_REF_ACCEPT_EVENT    before=0x009930AA after=0x00998B65 delta=23227
[pass] DMTD_FB_ACCEPT_EVENT     結果: Δ=22197/Δ>=0
RAW DMTD_FB_ACCEPT_EVENT     before=0x0063FB42 after=0x006451F7 delta=22197
[pass] DMTD_ACCEPT              結果: Δ=45424/Δ>0
[pass] SPLL_TAG_VALID_COUNT     結果: Δ=22201/Δ>0
RAW SPLL_TAG_VALID_COUNT     before=0x0024D884 after=0x00252F3D delta=22201
[pass] SPLL_TRR_WRITE_COUNT     結果: Δ=22201/Δ>0
RAW SPLL_TRR_WRITE_COUNT     before=0x0024D89B after=0x00252F54 delta=22201
[pass] WRPC_SPLL_TRR_POP_COUNT  結果: Δ=22402/Δ>0
RAW WRPC_SPLL_TRR_POP_COUNT  before=0x0024D7E5 after=0x00252F67 delta=22402
[pass] WDIAGS_IRQ_COUNT         結果: Δ=22402/Δ>0
RAW WDIAGS_IRQ_COUNT         before=0x0024D7E5 after=0x00252F67 delta=22402
[pass] WDIAGS_HELPER_UPDATE_COUNT 結果: Δ=22402/Δ>0
RAW WDIAGS_HELPER_UPDATE_COUNT before=0x0024D7E5 after=0x00252F67 delta=22402
[pass] BOOT_GENERATION          結果: Δ=0/Δ=0
RAW BOOT_GENERATION          before=0x00000001 after=0x00000001 delta=0
[pass] CPU_RESET_COUNT          結果: Δ=0/Δ=0
RAW CPU_RESET_COUNT          before=0x00000001 after=0x00000001 delta=0
[pass] WR_CORE_RESET_COUNT      結果: Δ=0/Δ=0
RAW WR_CORE_RESET_COUNT      before=0x00000001 after=0x00000001 delta=0
[pass] SI_CONFIG_DROP_COUNT     結果: Δ=0/Δ=0
RAW SI_CONFIG_DROP_COUNT     before=0x00000001 after=0x00000001 delta=0
STEP4A_MASTER_EVENT_CHAIN = PASS
Step 4 pass

## [Step 5] Closed-loop Lock
STEP5_RESULT = NOT_APPLICABLE_MASTER
STEP5_FIRST_INACTIVE_BOUNDARY = SLAVE_ONLY
Step 5 NA (Step5 closed-loop gate is for Slave)

## [Step 6] Global Time
Step 6 NA

============================================================
White Rabbit Runtime 診斷：DE5 [1-11.1]
============================================================
Step 1 PHY / Link             pass
Step 2 Endpoint / PTP         pass
Step 3 WR Handshake           NA
Step 4 Step4A Master Event Chain pass
Step 5 Closed-loop Lock       NA
Step 6 Global Time            NA
STEP1_REGRESSION = PASS
STEP2_REGRESSION = PASS
STEP3_REGRESSION = PASS
STEP4A_RESULT = PASS
STEP5_RESULT = NOT_APPLICABLE_MASTER
STEP5_FIRST_INACTIVE_BOUNDARY = SLAVE_ONLY
FAILURE_CLASSIFICATION = NO_FAILURE_EVIDENCE
============================================================

================ RAW_SNAPSHOT ================
RAW_SNAPSHOT board=DE5 [1-11.1] label=before
  status           = E11E8DE135BC82FF
  cpu              = 0000007C00001230
  marker           = 000000010000B004
  store            = 0024D1020001DFB0
  store_count      = 000000000F8CB0F7
  exception        = 8000000B00001224
  clock            = 003A465EBC4D0618
  boot_generation  = 00000001
  cpu_reset_count  = 00000001
  wr_core_reset_count = 00000001
  si_config_drop_count = 00000001
  pps_cr           = 01312D06
  pps_escr         = 0000020C
  ep_mach          = 02000200
  ep_macl          = 22334401
  ep_dsr           = 42000000
  ptp              = 01014106
  ptp_rx           = 00000466
  ptp_tx           = 000009CA
  ptp_meta         = 02020406
  tx               = 00000C87
  rx               = 0000069E
  rxerr            = 00000000
  ptp_types        = 01010101
  foreign_meta     = 0000FF00
  filter_meta      = 00000000
  parse_meta       = 00010194
  wr_rx_signal     = 10000001
  wr_tx_signal     = 10010004
  wr_failure       = 01030001
  wr_state         = A0000064
  wr_reject        = 00000000
  pstat            = 00000001
  sstat            = 00000000
  sec_h            = 00000000
  sec_l            = 0000025B
  ns               = 14FF7038
  lock_enable      = 00000000
  lock_result      = 00000000
  lock_polls       = 00000000
  lock_unlocked    = 00000000
  lock_calibration_fail = 00000000
  spll_state       = 00020004
  spll_ocer        = DCB5A001
  spll_rcer        = 00000000
  spll_occr        = 540001BD
  spll_trr_csr     = 0026D654
  spll_dac_hpll    = 929054EB
  spll_dac_main    = 00000011
  spll_helper_state = 00000100
  spll_helper_limits = 271000C8
  spll_main_state  = 00000000
  spll_main_limits = 00320032
  spll_main_phase_limits = 03E804B0
  spll_state_visit_mask = 00000618
  spll_state_transitions = 00000003
  spll_last_state  = 00000004
  spll_init_count  = 00000001
  dmtd_ref         = 009930AA
  dmtd_fb          = 0063FB42
  dmtd_ref_high_qual_abort = 01A4A947
  dmtd_fb_high_qual_abort = 0121CC5A
  tag_valid        = 0024D884
  trr_write        = 0024D89B
  irq              = 0024D7E5
  helper_update    = 0024D7E5
  spll_helper_error = FFFDB610
  spll_helper_output = 0000FFFB
  eic_isr          = FFFF0000
  current_tics     = 00093AC8
RAW_SNAPSHOT board=DE5 [1-11.1] label=after
  status           = C11E6BE135BC82FF
  cpu              = 0000007C00001228
  marker           = 000000010000B004
  store            = 002527980001DFB0
  store_count      = 000000000FB19BE6
  exception        = 8000000B00001224
  clock            = 003F90B105EB5063
  boot_generation  = 00000001
  cpu_reset_count  = 00000001
  wr_core_reset_count = 00000001
  si_config_drop_count = 00000001
  pps_cr           = 01312D06
  pps_escr         = 0000020C
  ep_mach          = 02000200
  ep_macl          = 22334401
  ep_dsr           = 42000000
  ptp              = 01014106
  ptp_rx           = 00000471
  ptp_tx           = 000009E2
  ptp_meta         = 02020406
  tx               = 00000CA5
  rx               = 000006AE
  rxerr            = 00000000
  ptp_types        = 01010101
  foreign_meta     = 0000FF00
  filter_meta      = 00000000
  parse_meta       = 000101A7
  wr_rx_signal     = 10000001
  wr_tx_signal     = 10010004
  wr_failure       = 01030001
  wr_state         = A0000064
  wr_reject        = 00000000
  pstat            = 00000001
  sstat            = 00000000
  sec_h            = 00000000
  sec_l            = 00000260
  ns               = 38C00750
  lock_enable      = 00000000
  lock_result      = 00000000
  lock_polls       = 00000000
  lock_unlocked    = 00000000
  lock_calibration_fail = 00000000
  spll_state       = 00020004
  spll_ocer        = 0661FC01
  spll_rcer        = 00000000
  spll_occr        = 60000142
  spll_trr_csr     = 00262C46
  spll_dac_hpll    = BB8BA96E
  spll_dac_main    = 00000011
  spll_helper_state = 00000100
  spll_helper_limits = 271000C8
  spll_main_state  = 00000000
  spll_main_limits = 00320032
  spll_main_phase_limits = 03E804B0
  spll_state_visit_mask = 00000618
  spll_state_transitions = 00000003
  spll_last_state  = 00000004
  spll_init_count  = 00000001
  dmtd_ref         = 00998B65
  dmtd_fb          = 006451F7
  dmtd_ref_high_qual_abort = 01A86BD2
  dmtd_fb_high_qual_abort = 012475F1
  tag_valid        = 00252F3D
  trr_write        = 00252F54
  irq              = 00252F67
  helper_update    = 00252F67
  spll_helper_error = FFFDB610
  spll_helper_output = 0000FFFB
  eic_isr          = FFFF0000
  current_tics     = 000950A8
RAW mailbox completion toggle wb_sync_toggle=0

============================================================
White Rabbit Runtime 診斷：DE5 [1-11.2]
============================================================

## [Step 1] PHY / 光纖 Link
[pass] si_config_done           結果: 1/1
[pass] wr_ready                 結果: 1/1
[pass] core_tm_link_up          結果: 1/1
[pass] core_link_ok             結果: 1/1
[pass] wr_rx_ready              結果: 1/1
[pass] wr_tx_ready              結果: 1/1
[pass] core_phy_rst             結果: 0/0
[pass] si_id_error              結果: 0/0
[pass] wr_rx_enc_err            結果: 0/0
[pass] wr_tx_enc_err            結果: 0/0
[pass] CPU_RESET_n              結果: 1/1
[pass] wr_rx_locked_to_data     結果: 1/1
[info] wr_rx_locked_to_ref      結果: 0/NA
[info] MOD_PRS_n                結果: 0/NA
[info] INTERRUPT_n              結果: 1/NA
Step 1 pass

## [Step 2] Endpoint / MiniNIC / PTP
[pass] EP_MAC_H/EP_MAC_L        結果: 02:00:22:33:44:02/02:00:22:33:44:02
[pass] WDIAGS_MODE              結果: 3 SLAVE/3 SLAVE
[pass] WDIAGS_PTP               結果: 9 SLAVE (raw=00004109)/9 SLAVE
[pass] WDIAGS_PTP_RX            結果: Δ=25/Δ>0
RAW WDIAGS_PTP_RX            before=0x00000930 after=0x00000949 delta=25
[pass] WDIAGS_PTP_TX            結果: Δ=2/Δ>0
RAW WDIAGS_PTP_TX            before=0x00000187 after=0x00000189 delta=2
[pass] WDIAGS_TX                結果: Δ=16/Δ>0
RAW WDIAGS_TX                before=0x00000697 after=0x000006A7 delta=16
[pass] WDIAGS_RX                結果: Δ=30/Δ>0
RAW WDIAGS_RX                before=0x00000B40 after=0x00000B5E delta=30
[pass] WDIAGS_RXERR             結果: Δ=0/Δ=0
RAW WDIAGS_RXERR             before=0x00000000 after=0x00000000 delta=0
Step 2 pass

## [Step 3] WR Parent / Signaling
[pass] WDIAGS_FOREIGN_META      結果: 1/1
[pass] WDIAGS_FOREIGN_META      結果: 0/0
[info] WDIAGS_FOREIGN_META      結果: detection=0 config=3/NA
[pass] parentIsWRnode           結果: 1/1
[info] parentWrModeOn           結果: 0/NA
[pass] parentCalibrated         結果: 1/1
[pass] WR_RX_SIGNAL_DEBUG       結果: LOCK count=1/LOCK 0x1001,count>0
[pass] WR_TX_SIGNAL_DEBUG       結果: SLAVE_PRESENT count=1/SLAVE_PRESENT 0x1000,count>0
[info] WDIAGS_TEMP              結果: WRS_IDLE next=WRS_IDLE POST_STEP3_TIMEOUT/NA
[pass] LOCK_ENABLE              結果: 4/> 0
[info] WR_FAILURE_DEBUG         結果: TIMEOUT last_fail_state=WRS_S_LOCK failure_count=1/NA
Step 3 pass

## [Step 4B] Slave SoftPLL Startup
[pass] LOCK_ENABLE_COUNT        結果: 4/> 0
[pass] SPLL_MODE                結果: 3 (SPLL_MODE_SLAVE)/3 SPLL_MODE_SLAVE
[pass] SPLL_SEQ_STATE           結果: 4 (SEQ_WAIT_HELPER)/active, not 0/7
[pass] SPLL_STATE_VISIT_MASK    結果: 0x00000618/> 0
[pass] SPLL_INIT_COUNT          結果: 1/> 0
[pass] RCER                     結果: 0x00000001/> 0
[pass] OCER                     結果: 0x8A6F8801/> 0
[info] SPLL_ALIGN_STATE         結果: 0/NA
[info] SPLL_STATE_TRANSITIONS   結果: 0x00000003/NA
[info] SPLL_LAST_STATE          結果: 4 (SEQ_WAIT_HELPER)/NA
[info] OCCR                     結果: 0x4C0001E6/NA
[pass] DMTD_REF_ACCEPT_EVENT    結果: Δ=21162/Δ>=0
RAW DMTD_REF_ACCEPT_EVENT    before=0x027060A0 after=0x0270B34A delta=21162
[info] DMTD_FB_ACCEPT_EVENT     結果: Δ=counter decreased/reset/NA
RAW DMTD_FB_ACCEPT_EVENT     before=0x02A2D033 after=0x0270B360 delta=counter decreased/reset
[info] DMTD_ACCEPT              結果: Δ=JTAG read inconsistent/Δ>0
[pass] SPLL_TAG_VALID_COUNT     結果: Δ=43352/Δ>0
RAW SPLL_TAG_VALID_COUNT     before=0x003D8087 after=0x003E29DF delta=43352
[pass] SPLL_TRR_WRITE_COUNT     結果: Δ=43353/Δ>0
RAW SPLL_TRR_WRITE_COUNT     before=0x003D80B3 after=0x003E2A0C delta=43353
[pass] WRPC_SPLL_TRR_POP_COUNT  結果: Δ=42973/Δ>0
RAW WRPC_SPLL_TRR_POP_COUNT  before=0x003D7F7D after=0x003E275A delta=42973
[pass] WDIAGS_IRQ_COUNT         結果: Δ=42109/Δ>0
RAW WDIAGS_IRQ_COUNT         before=0x003C3E11 after=0x003CE28E delta=42109
[pass] WDIAGS_HELPER_UPDATE_COUNT 結果: Δ=21361/Δ>0
RAW WDIAGS_HELPER_UPDATE_COUNT before=0x001E04DB after=0x001E584C delta=21361
[pass] BOOT_GENERATION          結果: Δ=0/Δ=0
RAW BOOT_GENERATION          before=0x00000001 after=0x00000001 delta=0
[pass] CPU_RESET_COUNT          結果: Δ=0/Δ=0
RAW CPU_RESET_COUNT          before=0x00000001 after=0x00000001 delta=0
[pass] WR_CORE_RESET_COUNT      結果: Δ=0/Δ=0
RAW WR_CORE_RESET_COUNT      before=0x00000001 after=0x00000001 delta=0
[pass] SI_CONFIG_DROP_COUNT     結果: Δ=0/Δ=0
RAW SI_CONFIG_DROP_COUNT     before=0x00000001 after=0x00000001 delta=0
STEP4B_ALLOWED = YES
STEP4B_RESULT = STARTUP_PROVEN_EVENT_PROCESSING_NOT_PROVEN
STEP4B_FIRST_INACTIVE_BOUNDARY = DMTD_ACCEPT
Step 4B STARTUP_PROVEN_EVENT_PROCESSING_NOT_PROVEN
Step 4 NA

## [Step 5] Closed-loop Lock
STEP5_RESULT = UPSTREAM_NOT_READY
STEP5_FIRST_INACTIVE_BOUNDARY = UPSTREAM_STEP4B
Step 5 NA

## [Step 6] Global Time
Step 6 NA

============================================================
White Rabbit Runtime 診斷：DE5 [1-11.2]
============================================================
Step 1 PHY / Link             pass
Step 2 Endpoint / PTP         pass
Step 3 WR Handshake           pass
Step 4 Step4B Slave SoftPLL Startup NA
Step 5 Closed-loop Lock       NA
Step 6 Global Time            NA
STEP1_REGRESSION = PASS
STEP2_REGRESSION = PASS
STEP3_REGRESSION = PASS
STEP4B_ALLOWED = YES
STEP4B_RESULT = STARTUP_PROVEN_EVENT_PROCESSING_NOT_PROVEN
STEP4B_FIRST_INACTIVE_BOUNDARY = DMTD_ACCEPT
STEP5_RESULT = UPSTREAM_NOT_READY
STEP5_FIRST_INACTIVE_BOUNDARY = UPSTREAM_STEP4B
FAILURE_CLASSIFICATION = NO_FAILURE_EVIDENCE
============================================================

================ RAW_SNAPSHOT ================
RAW_SNAPSHOT board=DE5 [1-11.2] label=before
  status           = 81107241265082CF
  cpu              = 0000007C00001218
  marker           = 000000010000B004
  store            = 003C309E0001DFB0
  store_count      = 0000000011756E4A
  exception        = 8000000B00001224
  clock            = 002DAD3F72B4B31F
  boot_generation  = 00000001
  cpu_reset_count  = 00000001
  wr_core_reset_count = 00000001
  si_config_drop_count = 00000001
  pps_cr           = 01312D02
  pps_escr         = 00000200
  ep_mach          = 02000200
  ep_macl          = 22334402
  ep_dsr           = 42000000
  ptp              = 00004109
  ptp_rx           = 00000930
  ptp_tx           = 00000187
  ptp_meta         = 03020409
  tx               = 00000697
  rx               = 00000B40
  rxerr            = 00000000
  ptp_types        = 04080208
  foreign_meta     = 03000001
  filter_meta      = 00000000
  parse_meta       = 0501028F
  wr_rx_signal     = 10010001
  wr_tx_signal     = 10000001
  wr_failure       = 02020001
  wr_state         = A000035C
  wr_reject        = 00000000
  pstat            = 00000001
  sstat            = 00000001
  sec_h            = 00000000
  sec_l            = 00000261
  ns               = 24208300
  lock_enable      = 00000004
  lock_result      = 00000001
  lock_polls       = 00005B1B
  lock_unlocked    = 00005B1B
  lock_calibration_fail = 00000000
  spll_state       = 00030004
  spll_ocer        = 28773601
  spll_rcer        = 00000001
  spll_occr        = 760001C8
  spll_trr_csr     = 003E785C
  spll_dac_hpll    = 56098951
  spll_dac_main    = 0000000F
  spll_helper_state = 01310000
  spll_helper_limits = 271000C8
  spll_main_state  = 00000000
  spll_main_limits = 00320032
  spll_main_phase_limits = 03E804B0
  spll_state_visit_mask = 00000618
  spll_state_transitions = 00000003
  spll_last_state  = 00000004
  spll_init_count  = 00000001
  dmtd_ref         = 027060A0
  dmtd_fb          = 02A2D033
  dmtd_ref_high_qual_abort = 00506E70
  dmtd_fb_high_qual_abort = 0018B613
  tag_valid        = 003D8087
  trr_write        = 003D80B3
  irq              = 003C3E11
  helper_update    = 001E04DB
  spll_helper_error = 00000332
  spll_helper_output = 00003921
  eic_isr          = FFFF0000
  current_tics     = 00080EC4
RAW_SNAPSHOT board=DE5 [1-11.2] label=after
  status           = C110F86136BC82CF
  cpu              = 0000007C00001228
  marker           = 000000010000B004
  store            = 003CD6830001DFB0
  store_count      = 0000000011A5245B
  exception        = 8000000B00001220
  clock            = 003D03B7C886099F
  boot_generation  = 00000001
  cpu_reset_count  = 00000001
  wr_core_reset_count = 00000001
  si_config_drop_count = 00000001
  pps_cr           = 01312D02
  pps_escr         = 00000200
  ep_mach          = 02000200
  ep_macl          = 22334402
  ep_dsr           = 42000000
  ptp              = 00004109
  ptp_rx           = 00000949
  ptp_tx           = 00000189
  ptp_meta         = 03020409
  tx               = 000006A7
  rx               = 00000B5E
  rxerr            = 00000000
  ptp_types        = 040E050E
  foreign_meta     = 03000001
  filter_meta      = 00000000
  parse_meta       = 050105A3
  wr_rx_signal     = 10010001
  wr_tx_signal     = 10000001
  wr_failure       = 02020001
  wr_state         = A000035C
  wr_reject        = 00000000
  pstat            = 00000001
  sstat            = 00000001
  sec_h            = 00000000
  sec_l            = 00000267
  ns               = 0C471F68
  lock_enable      = 00000004
  lock_result      = 00000001
  lock_polls       = 00005B1B
  lock_unlocked    = 00005B1B
  lock_calibration_fail = 00000000
  spll_state       = 00030004
  spll_ocer        = 8A6F8801
  spll_rcer        = 00000001
  spll_occr        = 4C0001E6
  spll_trr_csr     = 003E244C
  spll_dac_hpll    = 7F03A6BD
  spll_dac_main    = 0000000F
  spll_helper_state = 00640000
  spll_helper_limits = 271000C8
  spll_main_state  = 00000000
  spll_main_limits = 00320032
  spll_main_phase_limits = 03E804B0
  spll_state_visit_mask = 00000618
  spll_state_transitions = 00000003
  spll_last_state  = 00000004
  spll_init_count  = 00000001
  dmtd_ref         = 0270B34A
  dmtd_fb          = 0270B360
  dmtd_ref_high_qual_abort = 00514A7F
  dmtd_fb_high_qual_abort = 0018FA89
  tag_valid        = 003E29DF
  trr_write        = 003E2A0C
  irq              = 003CE28E
  helper_update    = 001E584C
  spll_helper_error = 00000011
  spll_helper_output = 00003723
  eic_isr          = FFFF0000
  current_tics     = 000824A4

============================================================
STEP4A_RESULT = PASS
STEP4B_ALLOWED = YES
STEP4B_RESULT = STARTUP_PROVEN_EVENT_PROCESSING_NOT_PROVEN
STEP4B_FIRST_INACTIVE_BOUNDARY = DMTD_ACCEPT
STEP5_RESULT = NOT_APPLICABLE_MASTER
STEP5_FIRST_INACTIVE_BOUNDARY = SLAVE_ONLY
STEP5_RESULT = UPSTREAM_NOT_READY
STEP5_FIRST_INACTIVE_BOUNDARY = UPSTREAM_STEP4B
============================================================
Info (23030): Evaluation of Tcl script scripts/jtag/read_wb_runtime.tcl was successful
Info: Quartus Prime SignalTap II was successful. 0 errors, 0 warnings
    Info: Peak virtual memory: 776 megabytes
    Info: Processing ended: Tue Sep  1 16:54:29 2026
    Info: Elapsed time: 00:00:12
    Info: Total CPU time (on all processors): 00:00:00
