nohup: ignoring input
Info: *******************************************************************
Info: Running Quartus Prime Signal Tap
    Info: Version 21.3.0 Build 170 09/23/2021 SC Pro Edition
    Info: Copyright (C) 2021  Intel Corporation. All rights reserved.
    Info: Your use of Intel Corporation's design tools, logic functions 
    Info: and other software and tools, and any partner logic 
    Info: functions, and any output files from any of the foregoing 
    Info: (including device programming or simulation files), and any 
    Info: associated documentation or information are expressly subject 
    Info: to the terms and conditions of the Intel Program License 
    Info: Subscription Agreement, the Intel Quartus Prime License Agreement,
    Info: the Intel FPGA IP License Agreement, or other applicable license
    Info: agreement, including, without limitation, that your use is for
    Info: the sole purpose of programming logic devices manufactured by
    Info: Intel and sold by Intel or its authorized distributors.  Please
    Info: refer to the applicable agreement for further details, at
    Info: https://fpgasoftware.intel.com/eula.
    Info: Processing started: Wed Sep  2 10:05:55 2026
    Info: System process ID: 3229599
Info: Command: quartus_stp -t scripts/jtag/read_wb_runtime.tcl --raw
Info: Quartus(args): --raw
RAW mailbox completion toggle wb_sync_toggle=1

============================================================
White Rabbit Runtime 診斷：DE5 [1-11.1]
============================================================

## [Step 1] PHY / 光纖 Link
[pass] si_config_done           結果: 1/1
[pass] wr_ready                 結果: 1/1
[pass] core_tm_link_up          結果: 1/1
[pass] core_link_ok             結果: 1/1
[pass] wr_rx_ready              結果: 1/1
[pass] wr_tx_ready              結果: 1/1
[pass] core_phy_rst             結果: 0/0
[pass] si_id_error              結果: 0/0
[pass] wr_rx_enc_err            結果: 0/0
[pass] wr_tx_enc_err            結果: 0/0
[pass] CPU_RESET_n              結果: 1/1
[pass] wr_rx_locked_to_data     結果: 1/1
[info] wr_rx_locked_to_ref      結果: 1/NA
[info] MOD_PRS_n                結果: 0/NA
[info] INTERRUPT_n              結果: 1/NA
Step 1 pass

## [Step 2] Endpoint / MiniNIC / PTP
[pass] EP_MAC_H/EP_MAC_L        結果: 02:00:22:33:44:01/02:00:22:33:44:01
[pass] WDIAGS_MODE              結果: 2 MASTER/2 MASTER
[pass] WDIAGS_PTP               結果: 6 MASTER (raw=01014106)/6 MASTER
[pass] WDIAGS_PTP_RX            結果: Δ=12/Δ>0
RAW WDIAGS_PTP_RX            before=0x00000131 after=0x0000013D delta=12
[pass] WDIAGS_PTP_TX            結果: Δ=28/Δ>0
RAW WDIAGS_PTP_TX            before=0x000002BB after=0x000002D7 delta=28
[pass] WDIAGS_TX                結果: Δ=36/Δ>0
RAW WDIAGS_TX                before=0x00000381 after=0x000003A5 delta=36
[pass] WDIAGS_RX                結果: Δ=18/Δ>0
RAW WDIAGS_RX                before=0x000001D6 after=0x000001E8 delta=18
[pass] WDIAGS_RXERR             結果: Δ=0/Δ=0
RAW WDIAGS_RXERR             before=0x00000000 after=0x00000000 delta=0
Step 2 pass

## [Step 3] WR Parent / Signaling
Step 3 NA

## [Step 4A] Master SoftPLL Event Chain
[pass] DMTD_REF_ACCEPT_EVENT    結果: Δ=25358/Δ>=0
RAW DMTD_REF_ACCEPT_EVENT    before=0x007EF62F after=0x007F593D delta=25358
[pass] DMTD_FB_ACCEPT_EVENT     結果: Δ=24338/Δ>=0
RAW DMTD_FB_ACCEPT_EVENT     before=0x004A73A5 after=0x004AD2B7 delta=24338
[pass] DMTD_ACCEPT              結果: Δ=49696/Δ>0
[pass] SPLL_TAG_VALID_COUNT     結果: Δ=24337/Δ>0
RAW SPLL_TAG_VALID_COUNT     before=0x000B5037 after=0x000BAF48 delta=24337
[pass] SPLL_TRR_WRITE_COUNT     結果: Δ=24337/Δ>0
RAW SPLL_TRR_WRITE_COUNT     before=0x000B5065 after=0x000BAF76 delta=24337
[pass] WRPC_SPLL_TRR_POP_COUNT  結果: Δ=24396/Δ>0
RAW WRPC_SPLL_TRR_POP_COUNT  before=0x000B4FDD after=0x000BAF29 delta=24396
[pass] WDIAGS_IRQ_COUNT         結果: Δ=24396/Δ>0
RAW WDIAGS_IRQ_COUNT         before=0x000B4FDD after=0x000BAF29 delta=24396
[pass] WDIAGS_HELPER_UPDATE_COUNT 結果: Δ=24396/Δ>0
RAW WDIAGS_HELPER_UPDATE_COUNT before=0x000B4FDD after=0x000BAF29 delta=24396
[pass] BOOT_GENERATION          結果: Δ=0/Δ=0
RAW BOOT_GENERATION          before=0x00000001 after=0x00000001 delta=0
[pass] CPU_RESET_COUNT          結果: Δ=0/Δ=0
RAW CPU_RESET_COUNT          before=0x00000001 after=0x00000001 delta=0
[pass] WR_CORE_RESET_COUNT      結果: Δ=0/Δ=0
RAW WR_CORE_RESET_COUNT      before=0x00000001 after=0x00000001 delta=0
[pass] SI_CONFIG_DROP_COUNT     結果: Δ=0/Δ=0
RAW SI_CONFIG_DROP_COUNT     before=0x00000001 after=0x00000001 delta=0
STEP4A_MASTER_EVENT_CHAIN = PASS
Step 4 pass

## [Step 5] Closed-loop Lock
STEP5_RESULT = NOT_APPLICABLE_MASTER
STEP5_FIRST_INACTIVE_BOUNDARY = SLAVE_ONLY
Step 5 NA (Step5 closed-loop gate is for Slave)

## [Step 6] Global Time
Step 6 NA

============================================================
White Rabbit Runtime 診斷：DE5 [1-11.1]
============================================================
Step 1 PHY / Link             pass
Step 2 Endpoint / PTP         pass
Step 3 WR Handshake           NA
Step 4 Step4A Master Event Chain pass
Step 5 Closed-loop Lock       NA
Step 6 Global Time            NA
STEP1_REGRESSION = PASS
STEP2_REGRESSION = PASS
STEP3_REGRESSION = PASS
STEP4A_RESULT = PASS
STEP5_RESULT = NOT_APPLICABLE_MASTER
STEP5_FIRST_INACTIVE_BOUNDARY = SLAVE_ONLY
FAILURE_CLASSIFICATION = NO_FAILURE_EVIDENCE
============================================================

================ RAW_SNAPSHOT ================
RAW_SNAPSHOT board=DE5 [1-11.1] label=before
  status           = 7110446133BC82FF
  cpu              = 0000007C00001228
  marker           = 000000010000B004
  store            = 000B41640001DFB0
  store_count      = 0000000004AE1393
  exception        = 8000000B00001224
  clock            = 002BC9A4B42BCAD7
  boot_generation  = 00000001
  cpu_reset_count  = 00000001
  wr_core_reset_count = 00000001
  si_config_drop_count = 00000001
  pps_cr           = 01312D06
  pps_escr         = 0000000C
  ep_mach          = 02000200
  ep_macl          = 22334401
  ep_dsr           = 42000000
  ptp              = 01014106
  ptp_rx           = 00000131
  ptp_tx           = 000002BB
  ptp_meta         = 02020406
  tx               = 00000381
  rx               = 000001D6
  rxerr            = 00000000
  ptp_types        = 01030203
  foreign_meta     = 00000001
  filter_meta      = 00000000
  parse_meta       = 0001020F
  wr_rx_signal     = 10000001
  wr_tx_signal     = 10010004
  wr_failure       = 01030001
  wr_state         = A0000064
  wr_reject        = 00000000
  pstat            = 00000001
  sstat            = 00000000
  sec_h            = 00000000
  sec_l            = 000000B8
  ns               = 32894798
  lock_enable      = 00000000
  lock_result      = 00000000
  lock_polls       = 00000000
  lock_unlocked    = 00000000
  lock_calibration_fail = 00000000
  spll_state       = 00020004
  spll_ocer        = 2D3A6E01
  spll_rcer        = 00000000
  spll_occr        = EF00018C
  spll_trr_csr     = 000A4A30
  spll_dac_hpll    = 6435D304
  spll_dac_main    = 00000005
  spll_helper_state = 00000100
  spll_helper_limits = 271000C8
  spll_main_state  = 00000000
  spll_main_limits = 00320032
  spll_main_phase_limits = 03E804B0
  spll_state_visit_mask = 00000618
  spll_state_transitions = 00000003
  spll_last_state  = 00000004
  spll_init_count  = 00000001
  dmtd_ref         = 007EF62F
  dmtd_fb          = 004A73A5
  dmtd_ref_high_qual_abort = 007EBA87
  dmtd_fb_high_qual_abort = 0058F56C
  tag_valid        = 000B5037
  trr_write        = 000B5065
  irq              = 000B4FDD
  helper_update    = 000B4FDD
  spll_helper_error = FFFDB610
  spll_helper_output = 0000FFFB
  eic_isr          = FFFF0000
  current_tics     = 0002D932
RAW_SNAPSHOT board=DE5 [1-11.1] label=after
  status           = C1106343235082FF
  cpu              = 0000007C00001228
  marker           = 000000010000B004
  store            = 000BA0300001DFB0
  store_count      = 0000000004D68C1C
  exception        = 8000000B00001228
  clock            = 002DFEB3E874FFDD
  boot_generation  = 00000001
  cpu_reset_count  = 00000001
  wr_core_reset_count = 00000001
  si_config_drop_count = 00000001
  pps_cr           = 01312D06
  pps_escr         = 0000000C
  ep_mach          = 02000200
  ep_macl          = 22334401
  ep_dsr           = 42000000
  ptp              = 01014106
  ptp_rx           = 0000013D
  ptp_tx           = 000002D7
  ptp_meta         = 02020406
  tx               = 000003A5
  rx               = 000001E8
  rxerr            = 00000000
  ptp_types        = 01030203
  foreign_meta     = 00000001
  filter_meta      = 00000000
  parse_meta       = 00010220
  wr_rx_signal     = 10000001
  wr_tx_signal     = 10010004
  wr_failure       = 01030001
  wr_state         = A0000064
  wr_reject        = 00000000
  pstat            = 00000001
  sstat            = 00000000
  sec_h            = 00000000
  sec_l            = 000000BE
  ns               = 388F61B8
  lock_enable      = 00000000
  lock_result      = 00000000
  lock_polls       = 00000000
  lock_unlocked    = 00000000
  lock_calibration_fail = 00000000
  spll_state       = 00020004
  spll_ocer        = 9D29D201
  spll_rcer        = 00000000
  spll_occr        = EF0001F9
  spll_trr_csr     = 000AAA7C
  spll_dac_hpll    = 91A6BAEB
  spll_dac_main    = 00000005
  spll_helper_state = 00000100
  spll_helper_limits = 271000C8
  spll_main_state  = 00000000
  spll_main_limits = 00320032
  spll_main_phase_limits = 03E804B0
  spll_state_visit_mask = 00000618
  spll_state_transitions = 00000003
  spll_last_state  = 00000004
  spll_init_count  = 00000001
  dmtd_ref         = 007F593D
  dmtd_fb          = 004AD2B7
  dmtd_ref_high_qual_abort = 0082E49D
  dmtd_fb_high_qual_abort = 005BE14B
  tag_valid        = 000BAF48
  trr_write        = 000BAF76
  irq              = 000BAF29
  helper_update    = 000BAF29
  spll_helper_error = FFFDB610
  spll_helper_output = 0000FFFB
  eic_isr          = FFFF0000
  current_tics     = 0002F105
RAW mailbox completion toggle wb_sync_toggle=0

============================================================
White Rabbit Runtime 診斷：DE5 [1-11.2]
============================================================

## [Step 1] PHY / 光纖 Link
[pass] si_config_done           結果: 1/1
[pass] wr_ready                 結果: 1/1
[pass] core_tm_link_up          結果: 1/1
[pass] core_link_ok             結果: 1/1
[pass] wr_rx_ready              結果: 1/1
[pass] wr_tx_ready              結果: 1/1
[pass] core_phy_rst             結果: 0/0
[pass] si_id_error              結果: 0/0
[pass] wr_rx_enc_err            結果: 0/0
[pass] wr_tx_enc_err            結果: 0/0
[pass] CPU_RESET_n              結果: 1/1
[pass] wr_rx_locked_to_data     結果: 1/1
[info] wr_rx_locked_to_ref      結果: 0/NA
[info] MOD_PRS_n                結果: 0/NA
[info] INTERRUPT_n              結果: 1/NA
Step 1 pass

## [Step 2] Endpoint / MiniNIC / PTP
[pass] EP_MAC_H/EP_MAC_L        結果: 02:00:22:33:44:02/02:00:22:33:44:02
[pass] WDIAGS_MODE              結果: 3 SLAVE/3 SLAVE
[pass] WDIAGS_PTP               結果: 9 SLAVE (raw=00004109)/9 SLAVE
[pass] WDIAGS_PTP_RX            結果: Δ=33/Δ>0
RAW WDIAGS_PTP_RX            before=0x00000303 after=0x00000324 delta=33
[pass] WDIAGS_PTP_TX            結果: Δ=5/Δ>0
RAW WDIAGS_PTP_TX            before=0x000000DB after=0x000000E0 delta=5
[pass] WDIAGS_TX                結果: Δ=26/Δ>0
RAW WDIAGS_TX                before=0x00000267 after=0x00000281 delta=26
[pass] WDIAGS_RX                結果: Δ=39/Δ>0
RAW WDIAGS_RX                before=0x000003C1 after=0x000003E8 delta=39
[pass] WDIAGS_RXERR             結果: Δ=0/Δ=0
RAW WDIAGS_RXERR             before=0x00000000 after=0x00000000 delta=0
Step 2 pass

## [Step 3] WR Parent / Signaling
[pass] WDIAGS_FOREIGN_META      結果: 1/1
[pass] WDIAGS_FOREIGN_META      結果: 0/0
[info] WDIAGS_FOREIGN_META      結果: detection=0 config=3/NA
[pass] parentIsWRnode           結果: 1/1
[info] parentWrModeOn           結果: 0/NA
[pass] parentCalibrated         結果: 1/1
[pass] WR_RX_SIGNAL_DEBUG       結果: LOCK count=1/LOCK 0x1001,count>0
[pass] WR_TX_SIGNAL_DEBUG       結果: SLAVE_PRESENT count=1/SLAVE_PRESENT 0x1000,count>0
[info] WDIAGS_TEMP              結果: WRS_IDLE next=WRS_IDLE POST_STEP3_TIMEOUT/NA
[pass] LOCK_ENABLE              結果: 4/> 0
[info] WR_FAILURE_DEBUG         結果: TIMEOUT last_fail_state=WRS_S_LOCK failure_count=1/NA
Step 3 pass

## [Step 4B] Slave SoftPLL Startup
[pass] LOCK_ENABLE_COUNT        結果: 4/> 0
[pass] SPLL_MODE                結果: 3 (SPLL_MODE_SLAVE)/3 SPLL_MODE_SLAVE
[pass] SPLL_SEQ_STATE           結果: 4 (SEQ_WAIT_HELPER)/active, not 0/7
[pass] SPLL_STATE_VISIT_MASK    結果: 0x00000618/> 0
[pass] SPLL_INIT_COUNT          結果: 1/> 0
[pass] RCER                     結果: 0x00000001/> 0
[pass] OCER                     結果: 0x579DEE01/> 0
[info] SPLL_ALIGN_STATE         結果: 0/NA
[info] SPLL_STATE_TRANSITIONS   結果: 0x00000003/NA
[info] SPLL_LAST_STATE          結果: 4 (SEQ_WAIT_HELPER)/NA
[info] OCCR                     結果: 0x63000162/NA
[pass] DMTD_REF_ACCEPT_EVENT    結果: Δ=23263/Δ>=0
RAW DMTD_REF_ACCEPT_EVENT    before=0x0260C2A0 after=0x02611D7F delta=23263
[pass] DMTD_FB_ACCEPT_EVENT     結果: Δ=24281/Δ>=0
RAW DMTD_FB_ACCEPT_EVENT     before=0x028EC72C after=0x028F2605 delta=24281
[pass] DMTD_ACCEPT              結果: Δ=47544/Δ>0
[pass] SPLL_TAG_VALID_COUNT     結果: Δ=47539/Δ>0
RAW SPLL_TAG_VALID_COUNT     before=0x001911BB after=0x0019CB6E delta=47539
[pass] SPLL_TRR_WRITE_COUNT     結果: Δ=47539/Δ>0
RAW SPLL_TRR_WRITE_COUNT     before=0x00191216 after=0x0019CBC9 delta=47539
[pass] WRPC_SPLL_TRR_POP_COUNT  結果: Δ=47774/Δ>0
RAW WRPC_SPLL_TRR_POP_COUNT  before=0x0019103B after=0x0019CAD9 delta=47774
[pass] WDIAGS_IRQ_COUNT         結果: Δ=46795/Δ>0
RAW WDIAGS_IRQ_COUNT         before=0x00189396 after=0x00194A61 delta=46795
[pass] WDIAGS_HELPER_UPDATE_COUNT 結果: Δ=23376/Δ>0
RAW WDIAGS_HELPER_UPDATE_COUNT before=0x000BFC82 after=0x000C57D2 delta=23376
[pass] BOOT_GENERATION          結果: Δ=0/Δ=0
RAW BOOT_GENERATION          before=0x00000001 after=0x00000001 delta=0
[pass] CPU_RESET_COUNT          結果: Δ=0/Δ=0
RAW CPU_RESET_COUNT          before=0x00000001 after=0x00000001 delta=0
[pass] WR_CORE_RESET_COUNT      結果: Δ=0/Δ=0
RAW WR_CORE_RESET_COUNT      before=0x00000001 after=0x00000001 delta=0
[pass] SI_CONFIG_DROP_COUNT     結果: Δ=0/Δ=0
RAW SI_CONFIG_DROP_COUNT     before=0x00000001 after=0x00000001 delta=0
STEP4B_ALLOWED = YES
STEP4B_RESULT = PASS
STEP4B_FIRST_INACTIVE_BOUNDARY = ACTIVE
Step 4B pass
Step 4 pass

## [Step 5] Closed-loop Lock
STEP5_LOCKDET_BEFORE: HELPER locked=0 changed=0 cnt=1/10000 threshold=200 ref_src=0 MAIN enabled=0 locked=0 freq=0 phase=0 freq_cnt=0/50 phase_cnt=0/1000 PSTAT_locked=0
STEP5_LOCKDET_AFTER: HELPER locked=0 changed=0 cnt=1/10000 threshold=200 ref_src=0 MAIN enabled=0 locked=0 freq=0 phase=0 freq_cnt=0/50 phase_cnt=0/1000 PSTAT_locked=0
[error] WDIAGS_PSTAT             結果: 0/1
STEP5_RESULT = NEVER_LOCKED
STEP5_FIRST_INACTIVE_BOUNDARY = HELPER_LOCK
Step 5 NA (single window is not stable-lock proof)

## [Step 6] Global Time
Step 6 NA

============================================================
White Rabbit Runtime 診斷：DE5 [1-11.2]
============================================================
Step 1 PHY / Link             pass
Step 2 Endpoint / PTP         pass
Step 3 WR Handshake           pass
Step 4 Step4B Slave SoftPLL Startup pass
Step 5 Closed-loop Lock       NA
Step 6 Global Time            NA
STEP1_REGRESSION = PASS
STEP2_REGRESSION = PASS
STEP3_REGRESSION = PASS
STEP4B_ALLOWED = YES
STEP4B_RESULT = PASS
STEP4B_FIRST_INACTIVE_BOUNDARY = ACTIVE
STEP5_RESULT = NEVER_LOCKED
STEP5_FIRST_INACTIVE_BOUNDARY = HELPER_LOCK
FAILURE_CLASSIFICATION = NO_FAILURE_EVIDENCE
============================================================

================ RAW_SNAPSHOT ================
RAW_SNAPSHOT board=DE5 [1-11.2] label=before
  status           = D11EF1C1225082CF
  cpu              = 0000007C00001220
  marker           = 000000010000B004
  store            = 001878AE0001DFB0
  store_count      = 00000000070B3666
  exception        = 8000000B00001224
  clock            = 002F14759F49BADB
  boot_generation  = 00000001
  cpu_reset_count  = 00000001
  wr_core_reset_count = 00000001
  si_config_drop_count = 00000001
  pps_cr           = 01312D02
  pps_escr         = 00000000
  ep_mach          = 02000200
  ep_macl          = 22334402
  ep_dsr           = 42000000
  ptp              = 00004109
  ptp_rx           = 00000303
  ptp_tx           = 000000DB
  ptp_meta         = 03020409
  tx               = 00000267
  rx               = 000003C1
  rxerr            = 00000000
  ptp_types        = 04A753A7
  foreign_meta     = 03000001
  filter_meta      = 00000000
  parse_meta       = 050153E3
  wr_rx_signal     = 10010001
  wr_tx_signal     = 10000001
  wr_failure       = 02020001
  wr_state         = A000035C
  wr_reject        = 00000000
  pstat            = 00000001
  sstat            = 00000001
  sec_h            = 00000000
  sec_l            = 000000C0
  ns               = 0CCDE258
  lock_enable      = 00000004
  lock_result      = 00000001
  lock_polls       = 00005B1D
  lock_unlocked    = 00005B1D
  lock_calibration_fail = 00000000
  spll_state       = 00030004
  spll_ocer        = E63E9401
  spll_rcer        = 00000001
  spll_occr        = D400013C
  spll_trr_csr     = 001A0618
  spll_dac_hpll    = 694B3BAD
  spll_dac_main    = 00000006
  spll_helper_state = 00010000
  spll_helper_limits = 271000C8
  spll_main_state  = 00000000
  spll_main_limits = 00320032
  spll_main_phase_limits = 03E804B0
  spll_state_visit_mask = 00000618
  spll_state_transitions = 00000003
  spll_last_state  = 00000004
  spll_init_count  = 00000001
  dmtd_ref         = 0260C2A0
  dmtd_fb          = 028EC72C
  dmtd_ref_high_qual_abort = 0994313A
  dmtd_fb_high_qual_abort = 000A83C8
  tag_valid        = 001911BB
  trr_write        = 00191216
  irq              = 00189396
  helper_update    = 000BFC82
  spll_helper_error = 000249F0
  spll_helper_output = 00000005
  eic_isr          = FFFF0000
  current_tics     = 000375CE
RAW_SNAPSHOT board=DE5 [1-11.2] label=after
  status           = 911ECD41225482CF
  cpu              = 0000007C00001228
  marker           = 000000010000B004
  store            = 00192E6E0001DFB0
  store_count      = 00000000073EC8FC
  exception        = 8000000B00001224
  clock            = 002D433FCD5EE9AD
  boot_generation  = 00000001
  cpu_reset_count  = 00000001
  wr_core_reset_count = 00000001
  si_config_drop_count = 00000001
  pps_cr           = 01312D02
  pps_escr         = 00000000
  ep_mach          = 02000200
  ep_macl          = 22334402
  ep_dsr           = 42000000
  ptp              = 00004109
  ptp_rx           = 00000324
  ptp_tx           = 000000E0
  ptp_meta         = 03020409
  tx               = 00000281
  rx               = 000003E8
  rxerr            = 00000000
  ptp_types        = 04AD56AD
  foreign_meta     = 03000001
  filter_meta      = 00000000
  parse_meta       = 05015608
  wr_rx_signal     = 10010001
  wr_tx_signal     = 10000001
  wr_failure       = 02020001
  wr_state         = A000035C
  wr_reject        = 00000000
  pstat            = 00000001
  sstat            = 00000001
  sec_h            = 00000000
  sec_l            = 000000C6
  ns               = 12D90610
  lock_enable      = 00000004
  lock_result      = 00000001
  lock_polls       = 00005B1D
  lock_unlocked    = 00005B1D
  lock_calibration_fail = 00000000
  spll_state       = 00030004
  spll_ocer        = 579DEE01
  spll_rcer        = 00000001
  spll_occr        = 63000162
  spll_trr_csr     = 001AC0BC
  spll_dac_hpll    = 96BE5EA6
  spll_dac_main    = 00000006
  spll_helper_state = 00010000
  spll_helper_limits = 271000C8
  spll_main_state  = 00000000
  spll_main_limits = 00320032
  spll_main_phase_limits = 03E804B0
  spll_state_visit_mask = 00000618
  spll_state_transitions = 00000003
  spll_last_state  = 00000004
  spll_init_count  = 00000001
  dmtd_ref         = 02611D7F
  dmtd_fb          = 028F2605
  dmtd_ref_high_qual_abort = 099534B1
  dmtd_fb_high_qual_abort = 000AD01D
  tag_valid        = 0019CB6E
  trr_write        = 0019CBC9
  irq              = 00194A61
  helper_update    = 000C57D2
  spll_helper_error = 000249F0
  spll_helper_output = 00000005
  eic_isr          = FFFF0000
  current_tics     = 00038DA2

============================================================
JTAG/WB transport health summary
============================================================
WB_TRANSPORT_PROTOCOL = PRELOAD_THEN_TOGGLE_COMMIT
WB_REQUEST_COUNT = 353
PRELOAD_COUNT = 353
COMMIT_COUNT = 353
WB_PROBE_READ_COUNT = 1765
PRELOAD_UNEXPECTED_TRIGGER_COUNT = 0
PROBE_3WAY_MATCH_COUNT = 353
STABLE_RESPONSE_WRONG_COUNT = 0
ADDRESS_CROSS_CONTAMINATION_COUNT = 0
TIMEOUT_COUNT = 0
INVALID_COUNT = 0
STALE_A5A5_COUNT = 0
UNSTABLE_TRANSACTION_COUNT = 0
DMTD_REF_DECREASE_COUNT = 0
DMTD_FB_DECREASE_COUNT = 0
PRELOAD_PROTOCOL_RUNTIME_REVALIDATION = PASS
JTAG_WB_DIAGNOSTIC_PATH = TRUSTED
============================================================

============================================================
STEP4A_RESULT = PASS
STEP4B_ALLOWED = YES
STEP4B_RESULT = PASS
STEP4B_FIRST_INACTIVE_BOUNDARY = ACTIVE
STEP5_RESULT = NOT_APPLICABLE_MASTER
STEP5_FIRST_INACTIVE_BOUNDARY = SLAVE_ONLY
STEP5_RESULT = NEVER_LOCKED
STEP5_FIRST_INACTIVE_BOUNDARY = HELPER_LOCK
============================================================
Info (23030): Evaluation of Tcl script scripts/jtag/read_wb_runtime.tcl was successful
Info: Quartus Prime Signal Tap was successful. 0 errors, 0 warnings
    Info: Peak virtual memory: 677 megabytes
    Info: Processing ended: Wed Sep  2 10:06:10 2026
    Info: Elapsed time: 00:00:15
    Info: System process ID: 3229599
