Info: *******************************************************************
Info: Running Quartus Prime Signal Tap
    Info: Version 21.3.0 Build 170 09/23/2021 SC Pro Edition
    Info: Copyright (C) 2021  Intel Corporation. All rights reserved.
    Info: Your use of Intel Corporation's design tools, logic functions 
    Info: and other software and tools, and any partner logic 
    Info: functions, and any output files from any of the foregoing 
    Info: (including device programming or simulation files), and any 
    Info: associated documentation or information are expressly subject 
    Info: to the terms and conditions of the Intel Program License 
    Info: Subscription Agreement, the Intel Quartus Prime License Agreement,
    Info: the Intel FPGA IP License Agreement, or other applicable license
    Info: agreement, including, without limitation, that your use is for
    Info: the sole purpose of programming logic devices manufactured by
    Info: Intel and sold by Intel or its authorized distributors.  Please
    Info: refer to the applicable agreement for further details, at
    Info: https://fpgasoftware.intel.com/eula.
    Info: Processing started: Tue Sep  8 14:06:04 2026
    Info: System process ID: 2727
Info: Command: quartus_stp -t scripts/jtag/read_wb_runtime.tcl --raw
Info: Quartus(args): --raw
RAW mailbox completion toggle wb_sync_toggle=0

============================================================
White Rabbit Runtime 診斷：DE5 [1-11.1]
============================================================

## [Step 1] PHY / 光纖 Link
[pass] si_config_done           結果: 1/1
[pass] wr_ready                 結果: 1/1
[pass] core_tm_link_up          結果: 1/1
[pass] core_link_ok             結果: 1/1
[pass] wr_rx_ready              結果: 1/1
[pass] wr_tx_ready              結果: 1/1
[pass] core_phy_rst             結果: 0/0
[pass] si_id_error              結果: 0/0
[pass] wr_rx_enc_err            結果: 0/0
[pass] wr_tx_enc_err            結果: 0/0
[pass] CPU_RESET_n              結果: 1/1
[pass] wr_rx_locked_to_data     結果: 1/1
[info] wr_rx_locked_to_ref      結果: 0/NA
[info] MOD_PRS_n                結果: 0/NA
[info] INTERRUPT_n              結果: 1/NA
Step 1 pass

## [Step 2] Endpoint / MiniNIC / PTP
[pass] EP_MAC_H/EP_MAC_L        結果: 02:00:22:33:44:01/02:00:22:33:44:01
[pass] WDIAGS_MODE              結果: 2 MASTER/2 MASTER
[pass] WDIAGS_PTP               結果: 6 MASTER (raw=01014106)/6 MASTER
[pass] WDIAGS_PTP_RX            結果: Δ=14/Δ>0
RAW WDIAGS_PTP_RX            before=0x00000012 after=0x00000020 delta=14
[pass] WDIAGS_PTP_TX            結果: Δ=31/Δ>0
RAW WDIAGS_PTP_TX            before=0x000000BC after=0x000000DB delta=31
[pass] WDIAGS_TX                結果: Δ=42/Δ>0
RAW WDIAGS_TX                before=0x00000111 after=0x0000013B delta=42
[pass] WDIAGS_RX                結果: Δ=21/Δ>0
RAW WDIAGS_RX                before=0x00000023 after=0x00000038 delta=21
[pass] WDIAGS_RXERR             結果: Δ=0/Δ=0
RAW WDIAGS_RXERR             before=0x00000000 after=0x00000000 delta=0
Step 2 pass

## [Step 3] WR Parent / Signaling
Step 3 NA

## [Step 4A] Master SoftPLL Event Chain
[pass] DMTD_REF_ACCEPT_EVENT    結果: Δ=22900/Δ>=0
RAW DMTD_REF_ACCEPT_EVENT    before=0x000FCAB3 after=0x00102427 delta=22900
[pass] DMTD_FB_ACCEPT_EVENT     結果: Δ=23513/Δ>=0
RAW DMTD_FB_ACCEPT_EVENT     before=0x0045094F after=0x00456528 delta=23513
[pass] DMTD_ACCEPT              結果: Δ=46413/Δ>0
[pass] SPLL_TAG_VALID_COUNT     結果: Δ=23514/Δ>0
RAW SPLL_TAG_VALID_COUNT     before=0x000612F3 after=0x00066ECD delta=23514
[pass] SPLL_TRR_WRITE_COUNT     結果: Δ=23514/Δ>0
RAW SPLL_TRR_WRITE_COUNT     before=0x00061320 after=0x00066EFA delta=23514
[pass] WRPC_SPLL_TRR_POP_COUNT  結果: Δ=23249/Δ>0
RAW WRPC_SPLL_TRR_POP_COUNT  before=0x000612DE after=0x00066DAF delta=23249
[pass] WDIAGS_IRQ_COUNT         結果: Δ=23630/Δ>0
RAW WDIAGS_IRQ_COUNT         before=0x000612DE after=0x00066F2C delta=23630
[pass] WDIAGS_HELPER_UPDATE_COUNT 結果: Δ=23629/Δ>0
RAW WDIAGS_HELPER_UPDATE_COUNT before=0x000612DF after=0x00066F2C delta=23629
[pass] BOOT_GENERATION          結果: Δ=0/Δ=0
RAW BOOT_GENERATION          before=0x00000001 after=0x00000001 delta=0
[pass] CPU_RESET_COUNT          結果: Δ=0/Δ=0
RAW CPU_RESET_COUNT          before=0x00000001 after=0x00000001 delta=0
[pass] WR_CORE_RESET_COUNT      結果: Δ=0/Δ=0
RAW WR_CORE_RESET_COUNT      before=0x00000001 after=0x00000001 delta=0
[pass] SI_CONFIG_DROP_COUNT     結果: Δ=0/Δ=0
RAW SI_CONFIG_DROP_COUNT     before=0x00000001 after=0x00000001 delta=0
STEP4A_MASTER_EVENT_CHAIN = PASS
Step 4 pass

## [Step 5] Closed-loop Lock
STEP5_RESULT = NOT_APPLICABLE_MASTER
STEP5_FIRST_INACTIVE_BOUNDARY = SLAVE_ONLY
Step 5 NA (Step5 closed-loop gate is for Slave)

## [Step 6] Global Time
Step 6 NA

============================================================
White Rabbit Runtime 診斷：DE5 [1-11.1]
============================================================
Step 1 PHY / Link             pass
Step 2 Endpoint / PTP         pass
Step 3 WR Handshake           NA
Step 4 Step4A Master Event Chain pass
Step 5 Closed-loop Lock       NA
Step 6 Global Time            NA
STEP1_REGRESSION = PASS
STEP2_REGRESSION = PASS
STEP3_REGRESSION = PASS
STEP4A_RESULT = PASS
STEP5_RESULT = NOT_APPLICABLE_MASTER
STEP5_FIRST_INACTIVE_BOUNDARY = SLAVE_ONLY
FAILURE_CLASSIFICATION = NO_FAILURE_EVIDENCE
============================================================

================ RAW_SNAPSHOT ================
RAW_SNAPSHOT board=DE5 [1-11.1] label=before
  status           = 411057E130BC82FF
  cpu              = 0000007C000011AC
  marker           = 000000010000B004
  store            = 000603BE0001E2A0
  store_count      = 000000000264ED45
  exception        = 8000000B000011A8
  clock            = 002CA577AFF8BC28
  boot_generation  = 00000001
  cpu_reset_count  = 00000001
  wr_core_reset_count = 00000001
  si_config_drop_count = 00000001
  pps_cr           = 01312D06
  pps_escr         = 0000000C
  ep_mach          = 02000200
  ep_macl          = 22334401
  ep_dsr           = 42000000
  ptp              = 01014106
  ptp_rx           = 00000012
  ptp_tx           = 000000BC
  ptp_meta         = 02010306
  tx               = 00000111
  rx               = 00000023
  rxerr            = 00000000
  ptp_types        = 01010101
  foreign_meta     = INVALID
  filter_meta      = 00000000
  parse_meta       = 00010128
  wr_rx_signal     = 10000001
  wr_tx_signal     = 10010001
  wr_failure       = 00000000
  wr_state         = A0219864
  wr_reject        = 00000000
  pstat            = 00000001
  sstat            = 00000000
  sec_h            = 00000000
  sec_l            = 00000066
  ns               = 0E0AC3B8
  lock_enable      = 00000000
  lock_result      = 00000000
  lock_polls       = 00000000
  lock_unlocked    = 00000000
  lock_calibration_fail = 00000000
  spll_state       = 00020004
  spll_ocer        = 9517B001
  spll_rcer        = 00000000
  spll_occr        = 0F0001D9
  spll_trr_csr     = 00060E54
  spll_dac_hpll    = 0D9A2A70
  spll_dac_main    = 00000003
  spll_helper_state = 00000100
  spll_helper_limits = 271000C8
  spll_main_state  = 00000000
  spll_main_limits = 00320032
  spll_main_phase_limits = 03E804B0
  spll_state_visit_mask = 00000618
  spll_state_transitions = 00000003
  spll_last_state  = 00000004
  spll_init_count  = 00000001
  dmtd_ref         = 000FCAB3
  dmtd_fb          = 0045094F
  dmtd_ref_high_qual_abort = 0445A63F
  dmtd_fb_high_qual_abort = 0004782B
  tag_valid        = 000612F3
  trr_write        = 00061320
  irq              = 000612DE
  helper_update    = 000612DF
  spll_helper_error = FFFDB610
  spll_helper_output = 0000FFFB
  eic_isr          = FFFF0001
  current_tics     = 0001967F
RAW_SNAPSHOT board=DE5 [1-11.1] label=after
  status           = 41102AC1205082FF
  cpu              = 0000007C000011B8
  marker           = 000000010000B004
  store            = 000660610001E2A0
  store_count      = 00000000028CDAE7
  exception        = 8000000B000011AC
  clock            = 002F44554E215B0B
  boot_generation  = 00000001
  cpu_reset_count  = 00000001
  wr_core_reset_count = 00000001
  si_config_drop_count = 00000001
  pps_cr           = 01312D06
  pps_escr         = 0000000C
  ep_mach          = 02000200
  ep_macl          = 22334401
  ep_dsr           = 42000000
  ptp              = 01014106
  ptp_rx           = 00000020
  ptp_tx           = 000000DB
  ptp_meta         = 02010306
  tx               = 0000013B
  rx               = 00000038
  rxerr            = 00000000
  ptp_types        = 01010101
  foreign_meta     = 0000FF00
  filter_meta      = 00000000
  parse_meta       = 0001013F
  wr_rx_signal     = 10000001
  wr_tx_signal     = 10010001
  wr_failure       = 00000000
  wr_state         = A0219864
  wr_reject        = 00000000
  pstat            = 00000001
  sstat            = 00000000
  sec_h            = 00000000
  sec_l            = 0000006C
  ns               = 0E22CD20
  lock_enable      = 00000000
  lock_result      = 00000000
  lock_polls       = 00000000
  lock_unlocked    = 00000000
  lock_calibration_fail = 00000000
  spll_state       = 00020004
  spll_ocer        = E99B0A01
  spll_rcer        = 00000000
  spll_occr        = BE00019F
  spll_trr_csr     = 00066AA8
  spll_dac_hpll    = 3B112125
  spll_dac_main    = 00000003
  spll_helper_state = 00000100
  spll_helper_limits = 271000C8
  spll_main_state  = 00000000
  spll_main_limits = 00320032
  spll_main_phase_limits = 03E804B0
  spll_state_visit_mask = 00000618
  spll_state_transitions = 00000003
  spll_last_state  = 00000004
  spll_init_count  = 00000001
  dmtd_ref         = 00102427
  dmtd_fb          = 00456528
  dmtd_ref_high_qual_abort = 044697F7
  dmtd_fb_high_qual_abort = 0004BB9D
  tag_valid        = 00066ECD
  trr_write        = 00066EFA
  irq              = 00066F2C
  helper_update    = 00066F2C
  spll_helper_error = FFFDB610
  spll_helper_output = 0000FFFB
  eic_isr          = FFFF0000
  current_tics     = 0001ADEE
RAW mailbox completion toggle wb_sync_toggle=0

============================================================
White Rabbit Runtime 診斷：DE5 [1-11.2]
============================================================

## [Step 1] PHY / 光纖 Link
[pass] si_config_done           結果: 1/1
[pass] wr_ready                 結果: 1/1
[pass] core_tm_link_up          結果: 1/1
[pass] core_link_ok             結果: 1/1
[pass] wr_rx_ready              結果: 1/1
[pass] wr_tx_ready              結果: 1/1
[pass] core_phy_rst             結果: 0/0
[pass] si_id_error              結果: 0/0
[pass] wr_rx_enc_err            結果: 0/0
[pass] wr_tx_enc_err            結果: 0/0
[pass] CPU_RESET_n              結果: 1/1
[pass] wr_rx_locked_to_data     結果: 1/1
[info] wr_rx_locked_to_ref      結果: 1/NA
[info] MOD_PRS_n                結果: 0/NA
[info] INTERRUPT_n              結果: 1/NA
Step 1 pass

## [Step 2] Endpoint / MiniNIC / PTP
[pass] EP_MAC_H/EP_MAC_L        結果: 02:00:22:33:44:02/02:00:22:33:44:02
[pass] WDIAGS_MODE              結果: 3 SLAVE/3 SLAVE
[info] WDIAGS_PTP               結果: 8 UNCALIBRATED (raw=00004108)/NA
[pass] WDIAGS_PTP_RX            結果: Δ=27/Δ>0
RAW WDIAGS_PTP_RX            before=0x0000004E after=0x00000069 delta=27
[pass] WDIAGS_PTP_TX            結果: Δ=11/Δ>0
RAW WDIAGS_PTP_TX            before=0x0000001D after=0x00000028 delta=11
[pass] WDIAGS_TX                結果: Δ=18/Δ>0
RAW WDIAGS_TX                before=0x00000040 after=0x00000052 delta=18
[pass] WDIAGS_RX                結果: Δ=33/Δ>0
RAW WDIAGS_RX                before=0x00000066 after=0x00000087 delta=33
[pass] WDIAGS_RXERR             結果: Δ=0/Δ=0
RAW WDIAGS_RXERR             before=0x00000000 after=0x00000000 delta=0
Step 2 NA

## [Step 3] WR Parent / Signaling
[pass] WDIAGS_FOREIGN_META      結果: 1/1
[pass] WDIAGS_FOREIGN_META      結果: 0/0
[info] WDIAGS_FOREIGN_META      結果: detection=0 config=3/NA
[pass] parentIsWRnode           結果: 1/1
[info] parentWrModeOn           結果: 0/NA
[pass] parentCalibrated         結果: 1/1
[pass] WR_RX_SIGNAL_DEBUG       結果: LOCK count=1/LOCK 0x1001,count>0
[pass] WR_TX_SIGNAL_DEBUG       結果: SLAVE_PRESENT count=1/SLAVE_PRESENT 0x1000,count>0
[pass] WDIAGS_TEMP              結果: WRS_S_LOCK next=WRS_S_LOCK/WRS_S_LOCK=2
[pass] LOCK_ENABLE              結果: 2/> 0
Step 3 pass

## [Step 4B] Slave SoftPLL Startup
[info] STEP4B_UPSTREAM_GATE     結果: BLOCKED/NA
STEP4B_ALLOWED = NO
STEP4B_RESULT = BLOCKED_BY_STEP2
STEP4B_FIRST_INACTIVE_BOUNDARY = UPSTREAM_PREREQUISITE
Step 4B BLOCKED (upstream prerequisite)
Step 4 NA

## [Step 5] Closed-loop Lock
STEP5_RESULT = UPSTREAM_NOT_READY
STEP5_FIRST_INACTIVE_BOUNDARY = UPSTREAM_STEP4B
Step 5 NA

## [Step 6] Global Time
Step 6 NA

============================================================
White Rabbit Runtime 診斷：DE5 [1-11.2]
============================================================
Step 1 PHY / Link             pass
Step 2 Endpoint / PTP         NA
Step 3 WR Handshake           pass
Step 4 Step4B Slave SoftPLL Startup blocked
Step 5 Closed-loop Lock       NA
Step 6 Global Time            NA
STEP1_REGRESSION = PASS
STEP2_REGRESSION = INVALID
STEP3_REGRESSION = PASS
STEP4B_ALLOWED = NO
STEP4B_RESULT = BLOCKED_BY_STEP2
STEP4B_FIRST_INACTIVE_BOUNDARY = UPSTREAM_PREREQUISITE
STEP5_RESULT = UPSTREAM_NOT_READY
STEP5_FIRST_INACTIVE_BOUNDARY = UPSTREAM_STEP4B
FAILURE_CLASSIFICATION = JTAG/DASHBOARD_MEASUREMENT_FAILURE
============================================================

================ RAW_SNAPSHOT ================
RAW_SNAPSHOT board=DE5 [1-11.2] label=before
  status           = 31109EC1205082EF
  cpu              = 0000007C000011B0
  marker           = 000000010000B004
  store            = 000195C50001E2A0
  store_count      = 0000000000885368
  exception        = 8000000B000011AC
  clock            = 003B9FDA9FEBA2C9
  boot_generation  = 00000001
  cpu_reset_count  = 00000001
  wr_core_reset_count = 00000001
  si_config_drop_count = 00000001
  pps_cr           = 01312D06
  pps_escr         = 00000000
  ep_mach          = 02000200
  ep_macl          = 22334402
  ep_dsr           = 42000000
  ptp              = 00004108
  ptp_rx           = 0000004E
  ptp_tx           = 0000001D
  ptp_meta         = 03010308
  tx               = 00000040
  rx               = 00000066
  rxerr            = 00000000
  ptp_types        = 01120912
  foreign_meta     = 03000001
  filter_meta      = 00000000
  parse_meta       = 0501095D
  wr_rx_signal     = 10010001
  wr_tx_signal     = 10000001
  wr_failure       = 00000000
  wr_state         = A041135C
  wr_reject        = 00000000
  pstat            = 00000001
  sstat            = 00000101
  sec_h            = 00000000
  sec_l            = 00000016
  ns               = 32127220
  lock_enable      = 00000001
  lock_result      = 00000001
  lock_polls       = 000014DC
  lock_unlocked    = 00001503
  lock_calibration_fail = 00000000
  spll_state       = 00030004
  spll_ocer        = 0C437E01
  spll_rcer        = 00000001
  spll_occr        = CA0001FB
  spll_trr_csr     = 0002B220
  spll_dac_hpll    = AD239FC8
  spll_dac_main    = 00000000
  spll_helper_state = 00000000
  spll_helper_limits = 271000C8
  spll_main_state  = 00000000
  spll_main_limits = 00320032
  spll_main_phase_limits = 03E804B0
  spll_state_visit_mask = 00000618
  spll_state_transitions = 00000003
  spll_last_state  = 00000004
  spll_init_count  = 00000001
  dmtd_ref         = 024D210A
  dmtd_fb          = 0213F9FD
  dmtd_ref_high_qual_abort = 0002849D
  dmtd_fb_high_qual_abort = 0000A5FD
  tag_valid        = 0001BBB6
  trr_write        = 0001BC12
  irq              = 0001B253
  helper_update    = 0000E08B
  spll_helper_error = FFFDB610
  spll_helper_output = 0000FFFB
  eic_isr          = DD920000
  current_tics     = 0000605A
RAW_SNAPSHOT board=DE5 [1-11.2] label=after
  status           = 61107543205082EF
  cpu              = 0000007C000011B0
  marker           = 000000010000B004
  store            = 001000000002FDB8
  store_count      = 0000000000BFAF5D
  exception        = 8000000B000011AC
  clock            = 002BD0B6D009D3A1
  boot_generation  = 00000001
  cpu_reset_count  = 00000001
  wr_core_reset_count = 00000001
  si_config_drop_count = 00000001
  pps_cr           = 01312D06
  pps_escr         = 00000000
  ep_mach          = 02000200
  ep_macl          = 22334402
  ep_dsr           = 42000000
  ptp              = 00004108
  ptp_rx           = 00000069
  ptp_tx           = 00000028
  ptp_meta         = 03010308
  tx               = 00000052
  rx               = 00000087
  rxerr            = 00000000
  ptp_types        = 02180C18
  foreign_meta     = 03000001
  filter_meta      = 00000000
  parse_meta       = 05010C84
  wr_rx_signal     = 10010001
  wr_tx_signal     = 10000001
  wr_failure       = 00000000
  wr_state         = A041135C
  wr_reject        = 00000000
  pstat            = 00000001
  sstat            = 00000101
  sec_h            = 00000000
  sec_l            = 0000001C
  ns               = 31F58228
  lock_enable      = 00000002
  lock_result      = 00000001
  lock_polls       = 00001E1F
  lock_unlocked    = 00001E1F
  lock_calibration_fail = 00000000
  spll_state       = 00030004
  spll_ocer        = F42ADE01
  spll_rcer        = 00000001
  spll_occr        = C100012D
  spll_trr_csr     = 00027000
  spll_dac_hpll    = DA997C1B
  spll_dac_main    = 00000000
  spll_helper_state = 00000000
  spll_helper_limits = 271000C8
  spll_main_state  = 00000000
  spll_main_limits = 00320032
  spll_main_phase_limits = 03E804B0
  spll_state_visit_mask = 00000618
  spll_state_transitions = 00000003
  spll_last_state  = 00000004
  spll_init_count  = 00000001
  dmtd_ref         = 024D812E
  dmtd_fb          = 021457BA
  dmtd_ref_high_qual_abort = 000399F6
  dmtd_fb_high_qual_abort = 0000EC13
  tag_valid        = 00027997
  trr_write        = 000279F4
  irq              = 00026C3E
  helper_update    = 000140B0
  spll_helper_error = FFFDB610
  spll_helper_output = 0000FFFB
  eic_isr          = FFFF0000
  current_tics     = 00007830

============================================================
JTAG/WB transport health summary
============================================================
WB_TRANSPORT_PROTOCOL = PRELOAD_THEN_TOGGLE_COMMIT
WB_REQUEST_COUNT = 357
PRELOAD_COUNT = 357
COMMIT_COUNT = 357
WB_PROBE_READ_COUNT = 1785
PRELOAD_UNEXPECTED_TRIGGER_COUNT = 0
PROBE_3WAY_MATCH_COUNT = 357
STABLE_RESPONSE_WRONG_COUNT = 0
ADDRESS_CROSS_CONTAMINATION_COUNT = 0
TIMEOUT_COUNT = 0
INVALID_COUNT = 0
STALE_A5A5_COUNT = 0
UNSTABLE_TRANSACTION_COUNT = 0
DMTD_REF_DECREASE_COUNT = 0
DMTD_FB_DECREASE_COUNT = 0
PRELOAD_PROTOCOL_RUNTIME_REVALIDATION = PASS
JTAG_WB_DIAGNOSTIC_PATH = TRUSTED
============================================================

============================================================
STEP4A_RESULT = PASS
STEP4B_ALLOWED = NO
STEP4B_RESULT = BLOCKED_BY_STEP2
STEP4B_FIRST_INACTIVE_BOUNDARY = UPSTREAM_PREREQUISITE
STEP5_RESULT = NOT_APPLICABLE_MASTER
STEP5_FIRST_INACTIVE_BOUNDARY = SLAVE_ONLY
STEP5_RESULT = UPSTREAM_NOT_READY
STEP5_FIRST_INACTIVE_BOUNDARY = UPSTREAM_STEP4B
============================================================
Info (23030): Evaluation of Tcl script scripts/jtag/read_wb_runtime.tcl was successful
Info: Quartus Prime Signal Tap was successful. 0 errors, 0 warnings
    Info: Peak virtual memory: 677 megabytes
    Info: Processing ended: Tue Sep  8 14:06:19 2026
    Info: Elapsed time: 00:00:15
    Info: System process ID: 2727
