Info: *******************************************************************
Info: Running Quartus Prime SignalTap II
    Info: Version 17.0.0 Build 595 04/25/2017 SJ Standard Edition
    Info: Copyright (C) 2017  Intel Corporation. All rights reserved.
    Info: Your use of Intel Corporation's design tools, logic functions 
    Info: and other software and tools, and its AMPP partner logic 
    Info: functions, and any output files from any of the foregoing 
    Info: (including device programming or simulation files), and any 
    Info: associated documentation or information are expressly subject 
    Info: to the terms and conditions of the Intel Program License 
    Info: Subscription Agreement, the Intel Quartus Prime License Agreement,
    Info: the Intel MegaCore Function License Agreement, or other 
    Info: applicable license agreement, including, without limitation, 
    Info: that your use is for the sole purpose of programming logic 
    Info: devices manufactured by Intel and sold by Intel or its 
    Info: authorized distributors.  Please refer to the applicable 
    Info: agreement for further details.
    Info: Processing started: Sun Aug 23 23:01:01 2026
Info: Command: quartus_stp -t scripts/jtag/read_master_ptp_slave_parent_long.tcl 20 500
Info: Quartus(args): 20 500
MINIMAL_RUNTIME_CONFIG samples=20 gap_ms=500
=== MINIMAL_BOARD DE5 [1-11.1] ===
MIN_SAMPLE board=DE5 [1-11.1] sample=001 status=FF marker=0000B004 seen=1 fault=0 im_valid=1 MODE=2 PTP=00000006 PTP_RX=00000018 PTP_TX=00000035 SSTAT=00000000 PSTAT=00000001 FOREIGN=0000FF00 PARSE=00010132 SPLL_STATE=00020009 OCER=45203001 RCER=00000000 OCCR=0200013A TRR_CSR=002E09E6 EIC_IMR=013CFFFF EIC_ISR=013CFFFF REF=00000000 TAG=00000000 TAG_SOURCE=01339113 TAG_VALID=00000000 TRR_WRITE=00000000 IRQ=00000000 HELPER_ERROR=00000000
MIN_SAMPLE board=DE5 [1-11.1] sample=002 status=FF marker=0000B004 seen=1 fault=0 im_valid=1 MODE=2 PTP=00000006 PTP_RX=00000018 PTP_TX=00000035 SSTAT=00000000 PSTAT=00000001 FOREIGN=0000FF00 PARSE=00010132 SPLL_STATE=00020009 OCER=45203001 RCER=00000000 OCCR=0200013A TRR_CSR=002E09E6 EIC_IMR=013CFFFF EIC_ISR=013CFFFE REF=00000000 TAG=00000000 TAG_SOURCE=01339113 TAG_VALID=00000000 TRR_WRITE=00000000 IRQ=00000000 HELPER_ERROR=00000000
MIN_SAMPLE board=DE5 [1-11.1] sample=003 status=FF marker=0000B004 seen=1 fault=0 im_valid=1 MODE=2 PTP=00000006 PTP_RX=00000019 PTP_TX=00000037 SSTAT=00000000 PSTAT=00000001 FOREIGN=0000FF00 PARSE=00010135 SPLL_STATE=00020009 OCER=4D045501 RCER=00000000 OCCR=0200013A TRR_CSR=002E09E6 EIC_IMR=013CFFFF EIC_ISR=013CFFFE REF=00000000 TAG=00000000 TAG_SOURCE=01339113 TAG_VALID=00000000 TRR_WRITE=00000000 IRQ=00000000 HELPER_ERROR=00000000
MIN_SAMPLE board=DE5 [1-11.1] sample=004 status=FF marker=0000B004 seen=1 fault=0 im_valid=1 MODE=2 PTP=00000006 PTP_RX=0000001B PTP_TX=0000003C SSTAT=00000000 PSTAT=00000001 FOREIGN=0000FF00 PARSE=00010138 SPLL_STATE=00020009 OCER=64288101 RCER=00000000 OCCR=0200013A TRR_CSR=002E09E6 EIC_IMR=013CFFFF EIC_ISR=013CFFFE REF=00000000 TAG=00000000 TAG_SOURCE=00000000 TAG_VALID=00000000 TRR_WRITE=00000000 IRQ=00000000 HELPER_ERROR=00000000
MIN_SAMPLE board=DE5 [1-11.1] sample=005 status=FF marker=0000B004 seen=1 fault=0 im_valid=1 MODE=2 PTP=00000006 PTP_RX=0000001B PTP_TX=0000003C SSTAT=00000000 PSTAT=00000001 FOREIGN=0000FF00 PARSE=0001013B SPLL_STATE=00020009 OCER=6C0CB001 RCER=00000000 OCCR=0200013A TRR_CSR=002E09E6 EIC_IMR=013CFFFF EIC_ISR=013CFFFE REF=00000000 TAG=00000000 TAG_SOURCE=01339113 TAG_VALID=00000000 TRR_WRITE=00000000 IRQ=00000000 HELPER_ERROR=00000000
MIN_SAMPLE board=DE5 [1-11.1] sample=006 status=FF marker=0000B004 seen=1 fault=0 im_valid=1 MODE=2 PTP=00000006 PTP_RX=0000001E PTP_TX=00000041 SSTAT=00000000 PSTAT=00000001 FOREIGN=0000FF00 PARSE=0001013B SPLL_STATE=00020009 OCER=6C0CB001 RCER=00000000 OCCR=0200013A TRR_CSR=002E09E6 EIC_IMR=013CFFFF EIC_ISR=013CFFFF REF=00000000 TAG=00000000 TAG_SOURCE=01339113 TAG_VALID=00000000 TRR_WRITE=00000000 IRQ=00000000 HELPER_ERROR=00000000
MIN_SAMPLE board=DE5 [1-11.1] sample=007 status=FF marker=0000B004 seen=1 fault=0 im_valid=1 MODE=2 PTP=00000006 PTP_RX=00000022 PTP_TX=00000048 SSTAT=00000000 PSTAT=00000001 FOREIGN=0000FF00 PARSE=0001013F SPLL_STATE=00020009 OCER=6334DA01 RCER=00000000 OCCR=0200013A TRR_CSR=002E09E6 EIC_IMR=013CFFFF EIC_ISR=013CFFFE REF=00000000 TAG=00000000 TAG_SOURCE=01339113 TAG_VALID=00000000 TRR_WRITE=00000000 IRQ=00000000 HELPER_ERROR=00000000
MIN_SAMPLE board=DE5 [1-11.1] sample=008 status=FF marker=0000B004 seen=1 fault=0 im_valid=1 MODE=2 PTP=00000006 PTP_RX=00000023 PTP_TX=0000004B SSTAT=00000000 PSTAT=00000001 FOREIGN=0000FF00 PARSE=00010142 SPLL_STATE=00020009 OCER=6A180301 RCER=00000000 OCCR=0200013A TRR_CSR=002E09E6 EIC_IMR=0200FFFF EIC_ISR=0200FFFE REF=00000000 TAG=00000000 TAG_SOURCE=01339113 TAG_VALID=00000000 TRR_WRITE=00000000 IRQ=00000000 HELPER_ERROR=00000000
MIN_SAMPLE board=DE5 [1-11.1] sample=009 status=FF marker=0000B004 seen=1 fault=0 im_valid=1 MODE=2 PTP=00000006 PTP_RX=00000023 PTP_TX=0000004B SSTAT=01339113 PSTAT=00000001 FOREIGN=0000FF00 PARSE=00010142 SPLL_STATE=00020009 OCER=6A180301 RCER=00000000 OCCR=0200013A TRR_CSR=002E09E6 EIC_IMR=0200FFFF EIC_ISR=0200FFFE REF=00000000 TAG=00000000 TAG_SOURCE=01339113 TAG_VALID=00000000 TRR_WRITE=00000000 IRQ=00000000 HELPER_ERROR=00000000
MIN_SAMPLE board=DE5 [1-11.1] sample=010 status=FF marker=0000B004 seen=1 fault=0 im_valid=1 MODE=2 PTP=00000006 PTP_RX=00000025 PTP_TX=00000050 SSTAT=00000000 PSTAT=00000001 FOREIGN=0000FF00 PARSE=00010146 SPLL_STATE=00020009 OCER=023C2C01 RCER=00000000 OCCR=0200013A TRR_CSR=002E09E6 EIC_IMR=0200FFFF EIC_ISR=0200FFFE REF=00000000 TAG=00000000 TAG_SOURCE=01339113 TAG_VALID=00000000 TRR_WRITE=00000000 IRQ=00000000 HELPER_ERROR=00000000
MIN_SAMPLE board=DE5 [1-11.1] sample=011 status=FF marker=0000B004 seen=1 fault=0 im_valid=1 MODE=2 PTP=00000006 PTP_RX=00000028 PTP_TX=00000056 SSTAT=00000000 PSTAT=00000000 FOREIGN=0000FF00 PARSE=0001014A SPLL_STATE=00020009 OCER=09245801 RCER=00000000 OCCR=0200013A TRR_CSR=002E09E6 EIC_IMR=0200FFFF EIC_ISR=0200FFFF REF=00000000 TAG=00000000 TAG_SOURCE=01339113 TAG_VALID=00000000 TRR_WRITE=00000000 IRQ=00000000 HELPER_ERROR=00000000
MIN_SAMPLE board=DE5 [1-11.1] sample=012 status=FF marker=0000B004 seen=1 fault=0 im_valid=1 MODE=2 PTP=00000006 PTP_RX=00000028 PTP_TX=00000056 SSTAT=00000000 PSTAT=00000001 FOREIGN=0000FF00 PARSE=0001014A SPLL_STATE=00020009 OCER=09245801 RCER=00000000 OCCR=0200013A TRR_CSR=002E09E6 EIC_IMR=0200FFFF EIC_ISR=0200FFFE REF=00000000 TAG=00000000 TAG_SOURCE=01339113 TAG_VALID=00000000 TRR_WRITE=00000000 IRQ=00000000 HELPER_ERROR=00000000
MIN_SAMPLE board=DE5 [1-11.1] sample=013 status=FF marker=0000B004 seen=1 fault=0 im_valid=1 MODE=2 PTP=00000006 PTP_RX=00000029 PTP_TX=0000005A SSTAT=00000000 PSTAT=00000001 FOREIGN=0000FF00 PARSE=0001014E SPLL_STATE=00020009 OCER=01088001 RCER=00000000 OCCR=0200013A TRR_CSR=002E09E6 EIC_IMR=0200FFFF EIC_ISR=0200FFFF REF=00000000 TAG=00000000 TAG_SOURCE=01339113 TAG_VALID=00000000 TRR_WRITE=00000000 IRQ=00000000 HELPER_ERROR=00000000
MIN_SAMPLE board=DE5 [1-11.1] sample=014 status=FF marker=0000B004 seen=1 fault=0 im_valid=1 MODE=2 PTP=00000006 PTP_RX=0000002B PTP_TX=0000005E SSTAT=00000000 PSTAT=00000001 FOREIGN=0000FF00 PARSE=00010150 SPLL_STATE=00020009 OCER=082CAE01 RCER=00000000 OCCR=0200013A TRR_CSR=002E09E6 EIC_IMR=0200FFFF EIC_ISR=0200FFFE REF=00000000 TAG=00000000 TAG_SOURCE=01339113 TAG_VALID=00000000 TRR_WRITE=00000000 IRQ=00000000 HELPER_ERROR=00000000
MIN_SAMPLE board=DE5 [1-11.1] sample=015 status=FF marker=0000B004 seen=1 fault=0 im_valid=1 MODE=2 PTP=00000006 PTP_RX=0000002B PTP_TX=0000005E SSTAT=00000000 PSTAT=00000001 FOREIGN=0000FF00 PARSE=00010150 SPLL_STATE=00020009 OCER=082CAE01 RCER=082CAE01 OCCR=0200013A TRR_CSR=002E09E6 EIC_IMR=0200FFFF EIC_ISR=0200FFFE REF=00000000 TAG=00000000 TAG_SOURCE=01339113 TAG_VALID=00000000 TRR_WRITE=00000000 IRQ=00000000 HELPER_ERROR=00000000
MIN_SAMPLE board=DE5 [1-11.1] sample=016 status=FF marker=0000B004 seen=1 fault=0 im_valid=1 MODE=2 PTP=00000006 PTP_RX=0000002D PTP_TX=00000063 SSTAT=00000000 PSTAT=00000001 FOREIGN=0000FF00 PARSE=00010155 SPLL_STATE=00020009 OCER=0F10D801 RCER=0F10D801 OCCR=0200013A TRR_CSR=002E09E6 EIC_IMR=0200FFFF EIC_ISR=0200FFFE REF=00000000 TAG=00000000 TAG_SOURCE=01339113 TAG_VALID=00000000 TRR_WRITE=00000000 IRQ=00320032 HELPER_ERROR=00000000
MIN_SAMPLE board=DE5 [1-11.1] sample=017 status=FF marker=0000B004 seen=1 fault=0 im_valid=1 MODE=2 PTP=00000006 PTP_RX=0000002F PTP_TX=00000067 SSTAT=00000001 PSTAT=00000001 FOREIGN=0000FF00 PARSE=00010158 SPLL_STATE=00020009 OCER=27380301 RCER=00000000 OCCR=0200013A TRR_CSR=0201FFFF EIC_IMR=0200FFFF EIC_ISR=0200FFFE REF=00000000 TAG=00000000 TAG_SOURCE=01339113 TAG_VALID=00000000 TRR_WRITE=00000000 IRQ=00000000 HELPER_ERROR=00000000
MIN_SAMPLE board=DE5 [1-11.1] sample=018 status=FF marker=0000B004 seen=1 fault=0 im_valid=1 MODE=2 PTP=00000006 PTP_RX=0000002F PTP_TX=00000067 SSTAT=00000000 PSTAT=00000001 FOREIGN=0000FF00 PARSE=00010158 SPLL_STATE=00020009 OCER=27380301 RCER=00000000 OCCR=0200013A TRR_CSR=0200013A EIC_IMR=0200FFFF EIC_ISR=0200FFFE REF=00000000 TAG=00000000 TAG_SOURCE=01339113 TAG_VALID=00000000 TRR_WRITE=00000000 IRQ=00000000 HELPER_ERROR=00000000
MIN_SAMPLE board=DE5 [1-11.1] sample=019 status=FF marker=0000B004 seen=1 fault=0 im_valid=1 MODE=2 PTP=00000006 PTP_RX=00000031 PTP_TX=0000006B SSTAT=00000000 PSTAT=00000001 FOREIGN=0000FF00 PARSE=0001015A SPLL_STATE=00020009 OCER=2E1C2E01 RCER=00000000 OCCR=0200013A TRR_CSR=002E09E6 EIC_IMR=0200FFFF EIC_ISR=0200FFFE REF=00000000 TAG=00000000 TAG_SOURCE=01339113 TAG_VALID=00000000 TRR_WRITE=00000000 IRQ=00000000 HELPER_ERROR=00000000
MIN_SAMPLE board=DE5 [1-11.1] sample=020 status=FF marker=0000B004 seen=1 fault=0 im_valid=1 MODE=2 PTP=00000006 PTP_RX=00000034 PTP_TX=00000073 SSTAT=00000000 PSTAT=00000001 FOREIGN=0000FF00 PARSE=0001015F SPLL_STATE=00020009 OCER=26005901 RCER=00000000 OCCR=0200013A TRR_CSR=002E09E6 EIC_IMR=0200FFFF EIC_ISR=0200FFFF REF=00000000 TAG=00000000 TAG_SOURCE=01339113 TAG_VALID=00000000 TRR_WRITE=00000000 IRQ=00000000 HELPER_ERROR=00000000
=== MINIMAL_BOARD DE5 [1-11.2] ===
MIN_SAMPLE board=DE5 [1-11.2] sample=001 status=EF marker=0000B004 seen=1 fault=0 im_valid=1 MODE=3 PTP=00000008 PTP_RX=00000070 PTP_TX=00000027 SSTAT=00000101 PSTAT=00000001 FOREIGN=03000001 PARSE=05010D0B SPLL_STATE=00030009 OCER=66246201 RCER=00000001 OCCR=07000119 TRR_CSR=061E1CD4 EIC_IMR=6138FFFF EIC_ISR=6138FFFE REF=00000000 TAG=00000000 TAG_SOURCE=0BCEFDB2 TAG_VALID=00000000 TRR_WRITE=00000000 IRQ=00000000 HELPER_ERROR=00000000
MIN_SAMPLE board=DE5 [1-11.2] sample=002 status=EF marker=0000B004 seen=1 fault=0 im_valid=1 MODE=3 PTP=00000008 PTP_RX=00000073 PTP_TX=00000028 SSTAT=0BCEFDB2 PSTAT=00000001 FOREIGN=03000001 PARSE=05010D29 SPLL_STATE=00030009 OCER=00030009 RCER=6E104901 OCCR=07000119 TRR_CSR=061E1CD4 EIC_IMR=6138FFFF EIC_ISR=6138FFFE REF=00000000 TAG=00000000 TAG_SOURCE=0BCEFDB2 TAG_VALID=00000000 TRR_WRITE=00000000 IRQ=00000000 HELPER_ERROR=00000000
MIN_SAMPLE board=DE5 [1-11.2] sample=003 status=EF marker=0000B004 seen=1 fault=0 im_valid=1 MODE=3 PTP=00000008 PTP_RX=00000078 PTP_TX=0000002A SSTAT=00000101 PSTAT=00000001 FOREIGN=03000001 PARSE=05010E34 SPLL_STATE=00030009 OCER=053C2B01 RCER=00000001 OCCR=07000119 TRR_CSR=061E1CD4 EIC_IMR=6138FFFF EIC_ISR=6138FFFE REF=00000000 TAG=00000000 TAG_SOURCE=0BCEFDB2 TAG_VALID=00000000 TRR_WRITE=00000000 IRQ=00000000 HELPER_ERROR=00000000
MIN_SAMPLE board=DE5 [1-11.2] sample=004 status=EF marker=0000B004 seen=1 fault=0 im_valid=1 MODE=3 PTP=00000008 PTP_RX=00000078 PTP_TX=0000002A SSTAT=00000101 PSTAT=00000001 FOREIGN=03000001 PARSE=05010E34 SPLL_STATE=00030009 OCER=053C2B01 RCER=00000001 OCCR=07000119 TRR_CSR=061E1CD4 EIC_IMR=6138FFFF EIC_ISR=6138FFFE REF=6138FFFE TAG=00000000 TAG_SOURCE=00000001 TAG_VALID=00000000 TRR_WRITE=00000000 IRQ=00000000 HELPER_ERROR=00000000
MIN_SAMPLE board=DE5 [1-11.2] sample=005 status=EF marker=0000B004 seen=1 fault=0 im_valid=1 MODE=3 PTP=00000008 PTP_RX=0000007B PTP_TX=0000002B SSTAT=00000101 PSTAT=00000001 FOREIGN=03000001 PARSE=05010E52 SPLL_STATE=00030009 OCER=00030009 RCER=00000001 OCCR=07000119 TRR_CSR=00430004 EIC_IMR=061E1CD4 EIC_ISR=6138FFFE REF=00000000 TAG=00000000 TAG_SOURCE=0BCEFDB2 TAG_VALID=00000000 TRR_WRITE=00000000 IRQ=00000000 HELPER_ERROR=00000000
MIN_SAMPLE board=DE5 [1-11.2] sample=006 status=EF marker=0000B004 seen=1 fault=0 im_valid=1 MODE=3 PTP=00000008 PTP_RX=0000007F PTP_TX=0000002C SSTAT=00000101 PSTAT=00000001 FOREIGN=03000001 PARSE=05010F63 SPLL_STATE=00030009 OCER=00030009 RCER=00000001 OCCR=07000119 TRR_CSR=061E1CD4 EIC_IMR=6138FFFF EIC_ISR=6138FFFE REF=00000000 TAG=00000000 TAG_SOURCE=0BCEFDB2 TAG_VALID=00000000 TRR_WRITE=00000000 IRQ=00000000 HELPER_ERROR=00000000
MIN_SAMPLE board=DE5 [1-11.2] sample=007 status=EF marker=0000B004 seen=1 fault=0 im_valid=1 MODE=3 PTP=00000008 PTP_RX=0000007F PTP_TX=0000002C SSTAT=00000101 PSTAT=00000001 FOREIGN=03000001 PARSE=05010F63 SPLL_STATE=00030009 OCER=0414E701 RCER=00000001 OCCR=07000119 TRR_CSR=061E1CD4 EIC_IMR=6138FFFF EIC_ISR=6138FFFE REF=00000000 TAG=00000000 TAG_SOURCE=0BCEFDB2 TAG_VALID=00000000 TRR_WRITE=00000000 IRQ=00000000 HELPER_ERROR=00000000
MIN_SAMPLE board=DE5 [1-11.2] sample=008 status=EF marker=0000B004 seen=1 fault=0 im_valid=1 MODE=3 PTP=00000008 PTP_RX=00000083 PTP_TX=0000002E SSTAT=00000101 PSTAT=00000001 FOREIGN=03000001 PARSE=05010F6D SPLL_STATE=00030009 OCER=0B00CA01 RCER=00000001 OCCR=07000119 TRR_CSR=061E1CD4 EIC_IMR=6138FFFF EIC_ISR=6138FFFE REF=00000000 TAG=00000000 TAG_SOURCE=0BCEFDB2 TAG_VALID=00000000 TRR_WRITE=00000000 IRQ=00000000 HELPER_ERROR=00000000
MIN_SAMPLE board=DE5 [1-11.2] sample=009 status=EF marker=0000B004 seen=1 fault=0 im_valid=1 MODE=3 PTP=00000008 PTP_RX=00000088 PTP_TX=00000030 SSTAT=00000101 PSTAT=00000001 FOREIGN=03000001 PARSE=05011078 SPLL_STATE=00030009 OCER=232CAE01 RCER=00000001 OCCR=07000119 TRR_CSR=07000119 EIC_IMR=6138FFFF EIC_ISR=6138FFFE REF=00000000 TAG=00000000 TAG_SOURCE=0BCEFDB2 TAG_VALID=00000000 TRR_WRITE=00000000 IRQ=00000000 HELPER_ERROR=00000000
MIN_SAMPLE board=DE5 [1-11.2] sample=010 status=EF marker=0000B004 seen=1 fault=0 im_valid=1 MODE=3 PTP=00000008 PTP_RX=00000088 PTP_TX=00000030 SSTAT=00000101 PSTAT=00000001 FOREIGN=03000001 PARSE=05011078 SPLL_STATE=00030009 OCER=232CAE01 RCER=00000001 OCCR=07000119 TRR_CSR=061E1CD4 EIC_IMR=6138FFFF EIC_ISR=6138FFFE REF=00000000 TAG=00000000 TAG_SOURCE=0BCEFDB2 TAG_VALID=00000000 TRR_WRITE=00000000 IRQ=00000000 HELPER_ERROR=00000000
MIN_SAMPLE board=DE5 [1-11.2] sample=011 status=EF marker=0000B004 seen=1 fault=0 im_valid=1 MODE=3 PTP=00000008 PTP_RX=0000008B PTP_TX=00000031 SSTAT=00000000 PSTAT=00000001 FOREIGN=03000001 PARSE=05011098 SPLL_STATE=00030009 OCER=2A189801 RCER=00000001 OCCR=07000119 TRR_CSR=07000119 EIC_IMR=6138FFFF EIC_ISR=6138FFFE REF=00000000 TAG=00000000 TAG_SOURCE=0BCEFDB2 TAG_VALID=00000000 TRR_WRITE=00000000 IRQ=00000000 HELPER_ERROR=00000000
MIN_SAMPLE board=DE5 [1-11.2] sample=012 status=EF marker=0000B004 seen=1 fault=0 im_valid=1 MODE=3 PTP=00000008 PTP_RX=00000090 PTP_TX=00000033 SSTAT=00000101 PSTAT=00000001 FOREIGN=03000001 PARSE=050111A2 SPLL_STATE=00030009 OCER=00030009 RCER=00000001 OCCR=07000119 TRR_CSR=061E1CD4 EIC_IMR=6138FFFF EIC_ISR=6138FFFE REF=00000000 TAG=00000000 TAG_SOURCE=0BCEFDB2 TAG_VALID=00000000 TRR_WRITE=00000000 IRQ=00000000 HELPER_ERROR=00000000
MIN_SAMPLE board=DE5 [1-11.2] sample=013 status=EF marker=0000B004 seen=1 fault=0 im_valid=1 MODE=3 PTP=00000008 PTP_RX=00000090 PTP_TX=00000033 SSTAT=00000101 PSTAT=00000001 FOREIGN=03000001 PARSE=050111A2 SPLL_STATE=00030009 OCER=22048101 RCER=00000001 OCCR=07000119 TRR_CSR=07000119 EIC_IMR=6138FFFF EIC_ISR=6138FFFE REF=00000000 TAG=00000000 TAG_SOURCE=0BCEFDB2 TAG_VALID=00000000 TRR_WRITE=00000000 IRQ=00000000 HELPER_ERROR=00000000
MIN_SAMPLE board=DE5 [1-11.2] sample=014 status=CF marker=0000B004 seen=1 fault=0 im_valid=1 MODE=3 PTP=00000008 PTP_RX=00000095 PTP_TX=00000036 SSTAT=00000101 PSTAT=00000001 FOREIGN=03000001 PARSE=0501118A SPLL_STATE=00030009 OCER=29306B01 RCER=00000001 OCCR=07000119 TRR_CSR=061E1CD4 EIC_IMR=6138FFFF EIC_ISR=6138FFFE REF=00000000 TAG=00000000 TAG_SOURCE=0BCEFDB2 TAG_VALID=00000000 TRR_WRITE=00000000 IRQ=00000000 HELPER_ERROR=00000000
MIN_SAMPLE board=DE5 [1-11.2] sample=015 status=CF marker=0000B004 seen=1 fault=0 im_valid=1 MODE=3 PTP=00000008 PTP_RX=0000009B PTP_TX=00000037 SSTAT=00000101 PSTAT=00000001 FOREIGN=03000001 PARSE=05011294 SPLL_STATE=00030009 OCER=401C5301 RCER=00000001 OCCR=07000119 TRR_CSR=061E1CD4 EIC_IMR=6138FFFF EIC_ISR=6138FFFF REF=00000000 TAG=00000000 TAG_SOURCE=0BCEFDB2 TAG_VALID=00000000 TRR_WRITE=00000000 IRQ=00000000 HELPER_ERROR=00000000
MIN_SAMPLE board=DE5 [1-11.2] sample=016 status=CF marker=0000B004 seen=1 fault=0 im_valid=1 MODE=3 PTP=00000008 PTP_RX=0000009B PTP_TX=00000037 SSTAT=00000000 PSTAT=00000001 FOREIGN=03000001 PARSE=050112B4 SPLL_STATE=00030009 OCER=48083D01 RCER=00000001 OCCR=07000119 TRR_CSR=07000119 EIC_IMR=061E1CD4 EIC_ISR=6138FFFE REF=00000000 TAG=00000000 TAG_SOURCE=03E804B0 TAG_VALID=00000000 TRR_WRITE=00000000 IRQ=00000000 HELPER_ERROR=00000000
MIN_SAMPLE board=DE5 [1-11.2] sample=017 status=CF marker=0000B004 seen=1 fault=0 im_valid=1 MODE=3 PTP=00000008 PTP_RX=0000009E PTP_TX=00000037 SSTAT=00000101 PSTAT=00000001 FOREIGN=03000001 PARSE=050112B4 SPLL_STATE=00030009 OCER=48083D01 RCER=00000001 OCCR=07000119 TRR_CSR=061E1CD4 EIC_IMR=6138FFFF EIC_ISR=6138FFFE REF=00000000 TAG=00000000 TAG_SOURCE=0BCEFDB2 TAG_VALID=00000000 TRR_WRITE=00000000 IRQ=00000000 HELPER_ERROR=00000000
MIN_SAMPLE board=DE5 [1-11.2] sample=018 status=EF marker=0000B004 seen=1 fault=0 im_valid=1 MODE=3 PTP=00000008 PTP_RX=000000A3 PTP_TX=00000037 SSTAT=00000101 PSTAT=00000001 FOREIGN=03000001 PARSE=050113C2 SPLL_STATE=00030009 OCER=4F342801 RCER=00000001 OCCR=07000119 TRR_CSR=061E1CD4 EIC_IMR=6138FFFF EIC_ISR=6138FFFE REF=00000000 TAG=00000000 TAG_SOURCE=0BCEFDB2 TAG_VALID=00000000 TRR_WRITE=00000000 IRQ=00000000 HELPER_ERROR=00000000
MIN_SAMPLE board=DE5 [1-11.2] sample=019 status=EF marker=0000B004 seen=1 fault=0 im_valid=1 MODE=3 PTP=00000008 PTP_RX=000000A8 PTP_TX=0000003A SSTAT=00000101 PSTAT=00000001 FOREIGN=03000001 PARSE=050113BA SPLL_STATE=00030009 OCER=47200F01 RCER=00000001 OCCR=07000119 TRR_CSR=061E1CD4 EIC_IMR=6138FFFF EIC_ISR=6138FFFE REF=00000000 TAG=00000000 TAG_SOURCE=0BCEFDB2 TAG_VALID=00000000 TRR_WRITE=00000000 IRQ=00000000 HELPER_ERROR=00000000
MIN_SAMPLE board=DE5 [1-11.2] sample=020 status=EF marker=0000B004 seen=1 fault=0 im_valid=1 MODE=3 PTP=00000008 PTP_RX=000000A8 PTP_TX=0000003A SSTAT=00000101 PSTAT=00000001 FOREIGN=03000001 PARSE=050113BA SPLL_STATE=00030009 OCER=47200F01 RCER=00000001 OCCR=07000119 TRR_CSR=07000119 EIC_IMR=6138FFFF EIC_ISR=6138FFFE REF=00000000 TAG=00000000 TAG_SOURCE=0BCEFDB2 TAG_VALID=00000000 TRR_WRITE=00000000 IRQ=00000000 HELPER_ERROR=00000000
MINIMAL_RUNTIME_DONE
Info (23030): Evaluation of Tcl script scripts/jtag/read_master_ptp_slave_parent_long.tcl was successful
Info: Quartus Prime SignalTap II was successful. 0 errors, 0 warnings
    Info: Peak virtual memory: 772 megabytes
    Info: Processing ended: Sun Aug 23 23:01:28 2026
    Info: Elapsed time: 00:00:27
    Info: Total CPU time (on all processors): 00:00:00
