Info: *******************************************************************
Info: Running Quartus Prime Signal Tap
    Info: Version 21.3.0 Build 170 09/23/2021 SC Pro Edition
    Info: Copyright (C) 2021  Intel Corporation. All rights reserved.
    Info: Your use of Intel Corporation's design tools, logic functions 
    Info: and other software and tools, and any partner logic 
    Info: functions, and any output files from any of the foregoing 
    Info: (including device programming or simulation files), and any 
    Info: associated documentation or information are expressly subject 
    Info: to the terms and conditions of the Intel Program License 
    Info: Subscription Agreement, the Intel Quartus Prime License Agreement,
    Info: the Intel FPGA IP License Agreement, or other applicable license
    Info: agreement, including, without limitation, that your use is for
    Info: the sole purpose of programming logic devices manufactured by
    Info: Intel and sold by Intel or its authorized distributors.  Please
    Info: refer to the applicable agreement for further details, at
    Info: https://fpgasoftware.intel.com/eula.
    Info: Processing started: Mon Sep 14 16:29:53 2026
    Info: System process ID: 664075
Info: Command: quartus_stp -t scripts/jtag/read_wb_runtime.tcl --raw
Info: Quartus(args): --raw
RAW mailbox completion toggle wb_sync_toggle=0

============================================================
White Rabbit Runtime 診斷：DE5 [1-11.1]
============================================================

## [Step 1] PHY / 光纖 Link
[pass] si_config_done           結果: 1/1
[pass] wr_ready                 結果: 1/1
[pass] core_tm_link_up          結果: 1/1
[pass] core_link_ok             結果: 1/1
[pass] wr_rx_ready              結果: 1/1
[pass] wr_tx_ready              結果: 1/1
[pass] core_phy_rst             結果: 0/0
[pass] si_id_error              結果: 0/0
[pass] wr_rx_enc_err            結果: 0/0
[pass] wr_tx_enc_err            結果: 0/0
[pass] CPU_RESET_n              結果: 1/1
[pass] wr_rx_locked_to_data     結果: 1/1
[info] wr_rx_locked_to_ref      結果: 0/NA
[info] MOD_PRS_n                結果: 0/NA
[info] INTERRUPT_n              結果: 1/NA
Step 1 pass

## [Step 2] Endpoint / MiniNIC / PTP
[pass] EP_MAC_H/EP_MAC_L        結果: 02:00:22:33:44:01/02:00:22:33:44:01
[pass] WDIAGS_MODE              結果: 2 MASTER/2 MASTER
[pass] WDIAGS_PTP               結果: 6 MASTER (raw=01014106)/6 MASTER
[pass] WDIAGS_PTP_RX            結果: Δ=9/Δ>0
RAW WDIAGS_PTP_RX            before=0x00000037 after=0x00000040 delta=9
[pass] WDIAGS_PTP_TX            結果: Δ=27/Δ>0
RAW WDIAGS_PTP_TX            before=0x00000082 after=0x0000009D delta=27
[pass] WDIAGS_TX                結果: Δ=34/Δ>0
RAW WDIAGS_TX                before=0x000000AF after=0x000000D1 delta=34
[pass] WDIAGS_RX                結果: Δ=16/Δ>0
RAW WDIAGS_RX                before=0x0000005C after=0x0000006C delta=16
[pass] WDIAGS_RXERR             結果: Δ=0/Δ=0
RAW WDIAGS_RXERR             before=0x00000000 after=0x00000000 delta=0
Step 2 pass

## [Step 3] WR Parent / Signaling
Step 3 NA

## [Step 4A] Master SoftPLL Event Chain
[pass] DMTD_REF_ACCEPT_EVENT    結果: Δ=22969/Δ>=0
RAW DMTD_REF_ACCEPT_EVENT    before=0x000DD982 after=0x000E333B delta=22969
[pass] DMTD_FB_ACCEPT_EVENT     結果: Δ=23547/Δ>=0
RAW DMTD_FB_ACCEPT_EVENT     before=0x00424278 after=0x00429E73 delta=23547
[pass] DMTD_ACCEPT              結果: Δ=46516/Δ>0
[pass] SPLL_TAG_VALID_COUNT     結果: Δ=23549/Δ>0
RAW SPLL_TAG_VALID_COUNT     before=0x00036AC3 after=0x0003C6C0 delta=23549
[pass] SPLL_TRR_WRITE_COUNT     結果: Δ=23549/Δ>0
RAW SPLL_TRR_WRITE_COUNT     before=0x00036AF0 after=0x0003C6ED delta=23549
[pass] WRPC_SPLL_TRR_POP_COUNT  結果: Δ=23635/Δ>0
RAW WRPC_SPLL_TRR_POP_COUNT  before=0x00036A27 after=0x0003C67A delta=23635
[pass] WDIAGS_IRQ_COUNT         結果: Δ=23635/Δ>0
RAW WDIAGS_IRQ_COUNT         before=0x00036A27 after=0x0003C67A delta=23635
[pass] WDIAGS_HELPER_UPDATE_COUNT 結果: Δ=23635/Δ>0
RAW WDIAGS_HELPER_UPDATE_COUNT before=0x00036A27 after=0x0003C67A delta=23635
[pass] BOOT_GENERATION          結果: Δ=0/Δ=0
RAW BOOT_GENERATION          before=0x00000001 after=0x00000001 delta=0
[pass] CPU_RESET_COUNT          結果: Δ=0/Δ=0
RAW CPU_RESET_COUNT          before=0x00000001 after=0x00000001 delta=0
[pass] WR_CORE_RESET_COUNT      結果: Δ=0/Δ=0
RAW WR_CORE_RESET_COUNT      before=0x00000001 after=0x00000001 delta=0
[pass] SI_CONFIG_DROP_COUNT     結果: Δ=0/Δ=0
RAW SI_CONFIG_DROP_COUNT     before=0x00000001 after=0x00000001 delta=0
STEP4A_MASTER_EVENT_CHAIN = PASS
Step 4 pass

## [Step 5] Closed-loop Lock
STEP5_RESULT = NOT_APPLICABLE_MASTER
STEP5_FIRST_INACTIVE_BOUNDARY = SLAVE_ONLY
Step 5 NA (Step5 closed-loop gate is for Slave)

## [Step 6] Global Time
Step 6 NA

============================================================
White Rabbit Runtime 診斷：DE5 [1-11.1]
============================================================
Step 1 PHY / Link             pass
Step 2 Endpoint / PTP         pass
Step 3 WR Handshake           NA
Step 4 Step4A Master Event Chain pass
Step 5 Closed-loop Lock       NA
Step 6 Global Time            NA
STEP1_REGRESSION = PASS
STEP2_REGRESSION = PASS
STEP3_REGRESSION = PASS
STEP4A_RESULT = PASS
STEP5_RESULT = NOT_APPLICABLE_MASTER
STEP5_FIRST_INACTIVE_BOUNDARY = SLAVE_ONLY
FAILURE_CLASSIFICATION = NO_FAILURE_EVIDENCE
============================================================

================ RAW_SNAPSHOT ================
RAW_SNAPSHOT board=DE5 [1-11.1] label=before
  status           = 2110A941295082FF
  cpu              = 0000007C00001234
  marker           = 000000010000B004
  store            = 00035C720001EB08
  store_count      = 000000000195990E
  exception        = 8000000B00001224
  clock            = 002B763E37993E7B
  boot_generation  = 00000001
  cpu_reset_count  = 00000001
  wr_core_reset_count = 00000001
  si_config_drop_count = 00000001
  pps_cr           = 01312D06
  pps_escr         = 0000000C
  ep_mach          = 02000200
  ep_macl          = 22334401
  ep_dsr           = 42000000
  ptp              = 01014106
  ptp_rx           = 00000037
  ptp_tx           = 00000082
  ptp_meta         = 02010306
  tx               = 000000AF
  rx               = 0000005C
  rxerr            = 00000000
  ptp_types        = 01010101
  foreign_meta     = 0000FF00
  filter_meta      = 00000000
  parse_meta       = 0001016C
  wr_rx_signal     = 10000001
  wr_tx_signal     = 10010002
  wr_failure       = 00000000
  wr_state         = A0219864
  wr_reject        = 00000000
  pstat            = 00000001
  sstat            = 00000000
  sec_h            = 00000000
  sec_l            = 00000039
  ns               = 0EC39D80
  lock_enable      = 00000000
  lock_result      = 00000000
  lock_polls       = 00000000
  lock_unlocked    = 00000000
  lock_calibration_fail = 00000000
  spll_state       = 00020004
  spll_ocer        = B0CB6001
  spll_rcer        = 00000000
  spll_occr        = 15000153
  spll_trr_csr     = 000264A4
  spll_dac_hpll    = ADBB96FE
  spll_dac_main    = 00000001
  spll_helper_state = 00060100
  spll_helper_limits = 03E807D0
  spll_main_state  = 00000000
  spll_main_limits = 00320032
  spll_main_phase_limits = 03E804B0
  spll_state_visit_mask = 00000618
  spll_state_transitions = 00000003
  spll_last_state  = 00000004
  spll_init_count  = 00000001
  dmtd_ref         = 000DD982
  dmtd_fb          = 00424278
  dmtd_ref_high_qual_abort = 001D0627
  dmtd_fb_high_qual_abort = 0002AF91
  tag_valid        = 00036AC3
  trr_write        = 00036AF0
  irq              = 00036A27
  helper_update    = 00036A27
  spll_helper_error = FFFDB610
  spll_helper_output = 0000FFFB
  eic_isr          = FFFF0000
  current_tics     = 0000E6C2
RAW_SNAPSHOT board=DE5 [1-11.1] label=after
  status           = 311082C1295082FF
  cpu              = 0000007C00001228
  marker           = 000000010000B004
  store            = 0003B8390001EB08
  store_count      = 0000000001C4487C
  exception        = 8000000B00001224
  clock            = 002DA85D6906709F
  boot_generation  = 00000001
  cpu_reset_count  = 00000001
  wr_core_reset_count = 00000001
  si_config_drop_count = 00000001
  pps_cr           = 01312D06
  pps_escr         = 0000000C
  ep_mach          = 02000200
  ep_macl          = 22334401
  ep_dsr           = 42000000
  ptp              = 01014106
  ptp_rx           = 00000040
  ptp_tx           = 0000009D
  ptp_meta         = 02010306
  tx               = 000000D1
  rx               = 0000006C
  rxerr            = 00000000
  ptp_types        = 01010101
  foreign_meta     = 0000FF00
  filter_meta      = 00000000
  parse_meta       = 00010181
  wr_rx_signal     = 10000001
  wr_tx_signal     = 10010003
  wr_failure       = 00000000
  wr_state         = A0219864
  wr_reject        = 00000000
  pstat            = 00000001
  sstat            = 00000000
  sec_h            = 00000000
  sec_l            = 0000003F
  ns               = 14A5DFE0
  lock_enable      = 00000000
  lock_result      = 00000000
  lock_polls       = 00000000
  lock_unlocked    = 00000000
  lock_calibration_fail = 00000000
  spll_state       = 00020004
  spll_ocer        = F8FBBA01
  spll_rcer        = 00000000
  spll_occr        = 7E000108
  spll_trr_csr     = 0002C0EC
  spll_dac_hpll    = DB2BF517
  spll_dac_main    = 00000001
  spll_helper_state = 00060100
  spll_helper_limits = 03E807D0
  spll_main_state  = 00000000
  spll_main_limits = 00320032
  spll_main_phase_limits = 03E804B0
  spll_state_visit_mask = 00000618
  spll_state_transitions = 00000003
  spll_last_state  = 00000004
  spll_init_count  = 00000001
  dmtd_ref         = 000E333B
  dmtd_fb          = 00429E73
  dmtd_ref_high_qual_abort = 001EEE0B
  dmtd_fb_high_qual_abort = 0002F89F
  tag_valid        = 0003C6C0
  trr_write        = 0003C6ED
  irq              = 0003C67A
  helper_update    = 0003C67A
  spll_helper_error = FFFDB610
  spll_helper_output = 0000FFFB
  eic_isr          = FFFF0000
  current_tics     = 0000FE98
RAW mailbox completion toggle wb_sync_toggle=0

============================================================
White Rabbit Runtime 診斷：DE5 [1-11.2]
============================================================

## [Step 1] PHY / 光纖 Link
[pass] si_config_done           結果: 1/1
[pass] wr_ready                 結果: 1/1
[pass] core_tm_link_up          結果: 1/1
[pass] core_link_ok             結果: 1/1
[pass] wr_rx_ready              結果: 1/1
[pass] wr_tx_ready              結果: 1/1
[pass] core_phy_rst             結果: 0/0
[pass] si_id_error              結果: 0/0
[pass] wr_rx_enc_err            結果: 0/0
[pass] wr_tx_enc_err            結果: 0/0
[pass] CPU_RESET_n              結果: 1/1
[pass] wr_rx_locked_to_data     結果: 1/1
[info] wr_rx_locked_to_ref      結果: 0/NA
[info] MOD_PRS_n                結果: 0/NA
[info] INTERRUPT_n              結果: 1/NA
Step 1 pass

## [Step 2] Endpoint / MiniNIC / PTP
[pass] EP_MAC_H/EP_MAC_L        結果: 02:00:22:33:44:02/02:00:22:33:44:02
[pass] WDIAGS_MODE              結果: 3 SLAVE/3 SLAVE
[info] WDIAGS_PTP               結果: 8 UNCALIBRATED (raw=00004108)/NA
[pass] WDIAGS_PTP_RX            結果: Δ=20/Δ>0
RAW WDIAGS_PTP_RX            before=0x00000084 after=0x00000098 delta=20
[pass] WDIAGS_PTP_TX            結果: Δ=12/Δ>0
RAW WDIAGS_PTP_TX            before=0x00000042 after=0x0000004E delta=12
[pass] WDIAGS_TX                結果: Δ=19/Δ>0
RAW WDIAGS_TX                before=0x0000007B after=0x0000008E delta=19
[pass] WDIAGS_RX                結果: Δ=24/Δ>0
RAW WDIAGS_RX                before=0x000000AE after=0x000000C6 delta=24
[error] WDIAGS_RXERR             結果: Δ=5/Δ=0
RAW WDIAGS_RXERR             before=0x0000001C after=0x00000021 delta=5
Step 2 error

## [Step 3] WR Parent / Signaling
[pass] WDIAGS_FOREIGN_META      結果: 1/1
[pass] WDIAGS_FOREIGN_META      結果: 0/0
[info] WDIAGS_FOREIGN_META      結果: detection=1 config=3/NA
[pass] parentIsWRnode           結果: 1/1
[info] parentWrModeOn           結果: 0/NA
[pass] parentCalibrated         結果: 1/1
[pass] WR_RX_SIGNAL_DEBUG       結果: LOCK count=1/LOCK 0x1001,count>0
[pass] WR_TX_SIGNAL_DEBUG       結果: SLAVE_PRESENT count=1/SLAVE_PRESENT 0x1000,count>0
[pass] WDIAGS_TEMP              結果: WRS_S_LOCK next=WRS_S_LOCK/WRS_S_LOCK=2
[pass] LOCK_ENABLE              結果: 1/> 0
Step 3 pass

## [Step 4B] Slave SoftPLL Startup
[info] STEP4B_UPSTREAM_GATE     結果: BLOCKED/NA
STEP4B_ALLOWED = NO
STEP4B_RESULT = BLOCKED_BY_STEP2
STEP4B_FIRST_INACTIVE_BOUNDARY = UPSTREAM_PREREQUISITE
Step 4B BLOCKED (upstream prerequisite)
Step 4 NA

## [Step 5] Closed-loop Lock
STEP5_RESULT = UPSTREAM_NOT_READY
STEP5_FIRST_INACTIVE_BOUNDARY = UPSTREAM_STEP4B
Step 5 NA

## [Step 6] Global Time
Step 6 NA

============================================================
White Rabbit Runtime 診斷：DE5 [1-11.2]
============================================================
Step 1 PHY / Link             pass
Step 2 Endpoint / PTP         error
Step 3 WR Handshake           pass
Step 4 Step4B Slave SoftPLL Startup blocked
Step 5 Closed-loop Lock       NA
Step 6 Global Time            NA
STEP1_REGRESSION = PASS
STEP2_REGRESSION = INVALID
STEP3_REGRESSION = PASS
STEP4B_ALLOWED = NO
STEP4B_RESULT = BLOCKED_BY_STEP2
STEP4B_FIRST_INACTIVE_BOUNDARY = UPSTREAM_PREREQUISITE
STEP5_RESULT = UPSTREAM_NOT_READY
STEP5_FIRST_INACTIVE_BOUNDARY = UPSTREAM_STEP4B
FAILURE_CLASSIFICATION = JTAG/DASHBOARD_MEASUREMENT_FAILURE
============================================================

================ RAW_SNAPSHOT ================
RAW_SNAPSHOT board=DE5 [1-11.2] label=before
  status           = 71101BE130BC82EF
  cpu              = 0000007C00001230
  marker           = 000000010000B004
  store            = 0003C97D0001EB08
  store_count      = 0000000000DE777B
  exception        = 8000000B00001224
  clock            = 002CA4A5A1E8A76C
  boot_generation  = 00000001
  cpu_reset_count  = 00000001
  wr_core_reset_count = 00000001
  si_config_drop_count = 00000001
  pps_cr           = 01312D06
  pps_escr         = 00000000
  ep_mach          = 02000200
  ep_macl          = 22334402
  ep_dsr           = 42000000
  ptp              = 00004108
  ptp_rx           = 00000084
  ptp_tx           = 00000042
  ptp_meta         = 03010308
  tx               = 0000007B
  rx               = 000000AE
  rxerr            = 0000001C
  ptp_types        = 02200E1C
  foreign_meta     = 03010001
  filter_meta      = 00000000
  parse_meta       = 05010E74
  wr_rx_signal     = 10010001
  wr_tx_signal     = 10000001
  wr_failure       = 00000000
  wr_state         = A049135C
  wr_reject        = 00000000
  pstat            = 00000001
  sstat            = 00000101
  sec_h            = 00000000
  sec_l            = 0000002E
  ns               = 02559D80
  lock_enable      = 00000001
  lock_result      = 00000001
  lock_polls       = 00003226
  lock_unlocked    = 00003226
  lock_calibration_fail = 00000000
  spll_state       = 00030004
  spll_ocer        = A29AA901
  spll_rcer        = 00000001
  spll_occr        = B9000180
  spll_trr_csr     = 0002E716
  spll_dac_hpll    = 59FF806E
  spll_dac_main    = 00000001
  spll_helper_state = 00000000
  spll_helper_limits = 03E807D0
  spll_main_state  = 00000000
  spll_main_limits = 00320032
  spll_main_phase_limits = 03E804B0
  spll_state_visit_mask = 00000618
  spll_state_transitions = 00000003
  spll_last_state  = 00000004
  spll_init_count  = 00000001
  dmtd_ref         = 02A9EDCB
  dmtd_fb          = 02E65533
  dmtd_ref_high_qual_abort = 0015DE43
  dmtd_fb_high_qual_abort = 0010FA9B
  tag_valid        = 0003F1A7
  trr_write        = 0003F201
  irq              = 0003E4C3
  helper_update    = 000000D0
  spll_helper_error = FFFEB767
  spll_helper_output = 00000005
  eic_isr          = FFFF0000
  current_tics     = 0000BAFC
RAW_SNAPSHOT board=DE5 [1-11.2] label=after
  status           = 7110ABC1205082EF
  cpu              = 0000007C0000122C
  marker           = 000000010000B004
  store            = 00047D490001EB08
  store_count      = 000000000103D66D
  exception        = 8000000B00001228
  clock            = 002A08E605710BA8
  boot_generation  = 00000001
  cpu_reset_count  = 00000001
  wr_core_reset_count = 00000001
  si_config_drop_count = 00000001
  pps_cr           = 01312D06
  pps_escr         = 00000000
  ep_mach          = 02000200
  ep_macl          = 22334402
  ep_dsr           = 42000000
  ptp              = 00004108
  ptp_rx           = 00000098
  ptp_tx           = 0000004E
  ptp_meta         = 03010308
  tx               = 0000008E
  rx               = 000000C6
  rxerr            = 00000021
  ptp_types        = 02241121
  foreign_meta     = 03010001
  filter_meta      = 00000000
  parse_meta       = 0501116D
  wr_rx_signal     = 10010001
  wr_tx_signal     = 10000001
  wr_failure       = 00000000
  wr_state         = A049135C
  wr_reject        = 00000000
  pstat            = 00000001
  sstat            = 00000101
  sec_h            = 00000000
  sec_l            = 00000034
  ns               = 085619F0
  lock_enable      = 00000001
  lock_result      = 00000001
  lock_polls       = 00003B5A
  lock_unlocked    = 00003B5A
  lock_calibration_fail = 00000000
  spll_state       = 00030004
  spll_ocer        = D0A32E01
  spll_rcer        = 00000001
  spll_occr        = F600012E
  spll_trr_csr     = 00069D34
  spll_dac_hpll    = 8773AC1B
  spll_dac_main    = 00000001
  spll_helper_state = 00000000
  spll_helper_limits = 03E807D0
  spll_main_state  = 00000000
  spll_main_limits = 00320032
  spll_main_phase_limits = 03E804B0
  spll_state_visit_mask = 00000618
  spll_state_transitions = 00000003
  spll_last_state  = 00000004
  spll_init_count  = 00000001
  dmtd_ref         = 02AA49A3
  dmtd_fb          = 02E6AECA
  dmtd_ref_high_qual_abort = 0019DC1D
  dmtd_fb_high_qual_abort = 00140B89
  tag_valid        = 0004A714
  trr_write        = 0004A76E
  irq              = 000498A6
  helper_update    = 000000D0
  spll_helper_error = FFFEB767
  spll_helper_output = 00000005
  eic_isr          = FFFF0000
  current_tics     = 0000D2D0

============================================================
JTAG/WB transport health summary
============================================================
WB_TRANSPORT_PROTOCOL = PRELOAD_THEN_TOGGLE_COMMIT
WB_REQUEST_COUNT = 353
PRELOAD_COUNT = 353
COMMIT_COUNT = 353
WB_PROBE_READ_COUNT = 1765
PRELOAD_UNEXPECTED_TRIGGER_COUNT = 0
PROBE_3WAY_MATCH_COUNT = 353
STABLE_RESPONSE_WRONG_COUNT = 0
ADDRESS_CROSS_CONTAMINATION_COUNT = 0
TIMEOUT_COUNT = 0
INVALID_COUNT = 0
STALE_A5A5_COUNT = 0
UNSTABLE_TRANSACTION_COUNT = 0
DMTD_REF_DECREASE_COUNT = 0
DMTD_FB_DECREASE_COUNT = 0
PRELOAD_PROTOCOL_RUNTIME_REVALIDATION = PASS
JTAG_WB_DIAGNOSTIC_PATH = TRUSTED
============================================================

============================================================
STEP4A_RESULT = PASS
STEP4B_ALLOWED = NO
STEP4B_RESULT = BLOCKED_BY_STEP2
STEP4B_FIRST_INACTIVE_BOUNDARY = UPSTREAM_PREREQUISITE
STEP5_RESULT = NOT_APPLICABLE_MASTER
STEP5_FIRST_INACTIVE_BOUNDARY = SLAVE_ONLY
STEP5_RESULT = UPSTREAM_NOT_READY
STEP5_FIRST_INACTIVE_BOUNDARY = UPSTREAM_STEP4B
============================================================
Info (23030): Evaluation of Tcl script scripts/jtag/read_wb_runtime.tcl was successful
Info: Quartus Prime Signal Tap was successful. 0 errors, 0 warnings
    Info: Peak virtual memory: 677 megabytes
    Info: Processing ended: Mon Sep 14 16:30:08 2026
    Info: Elapsed time: 00:00:15
    Info: System process ID: 664075
