Info: *******************************************************************
Info: Running Quartus Prime SignalTap II
    Info: Version 17.0.0 Build 595 04/25/2017 SJ Standard Edition
    Info: Copyright (C) 2017  Intel Corporation. All rights reserved.
    Info: Your use of Intel Corporation's design tools, logic functions 
    Info: and other software and tools, and its AMPP partner logic 
    Info: functions, and any output files from any of the foregoing 
    Info: (including device programming or simulation files), and any 
    Info: associated documentation or information are expressly subject 
    Info: to the terms and conditions of the Intel Program License 
    Info: Subscription Agreement, the Intel Quartus Prime License Agreement,
    Info: the Intel MegaCore Function License Agreement, or other 
    Info: applicable license agreement, including, without limitation, 
    Info: that your use is for the sole purpose of programming logic 
    Info: devices manufactured by Intel and sold by Intel or its 
    Info: authorized distributors.  Please refer to the applicable 
    Info: agreement for further details.
    Info: Processing started: Tue Sep 22 16:26:05 2026
Info: Command: quartus_stp -t scripts/jtag/read_wb_runtime.tcl --raw
Info: Quartus(args): --raw
RAW mailbox completion toggle wb_sync_toggle=0

============================================================
White Rabbit Runtime 診斷：DE5 [1-11.1]
============================================================

## [Step 1] PHY / 光纖 Link
[pass] si_config_done           結果: 1/1
[pass] wr_ready                 結果: 1/1
[pass] core_tm_link_up          結果: 1/1
[pass] core_link_ok             結果: 1/1
[pass] wr_rx_ready              結果: 1/1
[pass] wr_tx_ready              結果: 1/1
[pass] core_phy_rst             結果: 0/0
[pass] si_id_error              結果: 0/0
[pass] wr_rx_enc_err            結果: 0/0
[pass] wr_tx_enc_err            結果: 0/0
[pass] CPU_RESET_n              結果: 1/1
[pass] wr_rx_locked_to_data     結果: 1/1
[info] wr_rx_locked_to_ref      結果: 0/NA
[info] MOD_PRS_n                結果: 0/NA
[info] INTERRUPT_n              結果: 1/NA
Step 1 pass

## [Step 2] Endpoint / MiniNIC / PTP
[pass] EP_MAC_H/EP_MAC_L        結果: 02:00:22:33:44:01/02:00:22:33:44:01
[pass] WDIAGS_MODE              結果: 2 MASTER/2 MASTER
[pass] WDIAGS_PTP               結果: 6 MASTER (raw=01014106)/6 MASTER
[pass] WDIAGS_PTP_RX            結果: Δ=13/Δ>0
RAW WDIAGS_PTP_RX            before=0x000000B2 after=0x000000BF delta=13
[pass] WDIAGS_PTP_TX            結果: Δ=28/Δ>0
RAW WDIAGS_PTP_TX            before=0x00000188 after=0x000001A4 delta=28
[pass] WDIAGS_TX                結果: Δ=35/Δ>0
RAW WDIAGS_TX                before=0x000001F9 after=0x0000021C delta=35
[pass] WDIAGS_RX                結果: Δ=19/Δ>0
RAW WDIAGS_RX                before=0x00000110 after=0x00000123 delta=19
[pass] WDIAGS_RXERR             結果: Δ=0/Δ=0
RAW WDIAGS_RXERR             before=0x00000000 after=0x00000000 delta=0
Step 2 pass

## [Step 3] WR Parent / Signaling
Step 3 NA

## [Step 4A] Master SoftPLL Event Chain
[pass] DMTD_REF_ACCEPT_EVENT    結果: Δ=23514/Δ>=0
RAW DMTD_REF_ACCEPT_EVENT    before=0x0011E031 after=0x00123C0B delta=23514
[pass] DMTD_FB_ACCEPT_EVENT     結果: Δ=23513/Δ>=0
RAW DMTD_FB_ACCEPT_EVENT     before=0x0046485A after=0x0046A433 delta=23513
[pass] DMTD_ACCEPT              結果: Δ=47027/Δ>0
[pass] SPLL_TAG_VALID_COUNT     結果: Δ=47010/Δ>0
RAW SPLL_TAG_VALID_COUNT     before=0x000A435C after=0x000AFAFE delta=47010
[pass] SPLL_TRR_WRITE_COUNT     結果: Δ=47014/Δ>0
RAW SPLL_TRR_WRITE_COUNT     before=0x000A43B1 after=0x000AFB57 delta=47014
[pass] WRPC_SPLL_TRR_POP_COUNT  結果: Δ=47257/Δ>0
RAW WRPC_SPLL_TRR_POP_COUNT  before=0x000A4240 after=0x000AFAD9 delta=47257
[pass] WDIAGS_IRQ_COUNT         結果: Δ=47257/Δ>0
RAW WDIAGS_IRQ_COUNT         before=0x000A3E24 after=0x000AF6BD delta=47257
[pass] WDIAGS_HELPER_UPDATE_COUNT 結果: Δ=23628/Δ>0
RAW WDIAGS_HELPER_UPDATE_COUNT before=0x0006C88C after=0x000724D8 delta=23628
[pass] BOOT_GENERATION          結果: Δ=0/Δ=0
RAW BOOT_GENERATION          before=0x00000001 after=0x00000001 delta=0
[pass] CPU_RESET_COUNT          結果: Δ=0/Δ=0
RAW CPU_RESET_COUNT          before=0x00000001 after=0x00000001 delta=0
[pass] WR_CORE_RESET_COUNT      結果: Δ=0/Δ=0
RAW WR_CORE_RESET_COUNT      before=0x00000001 after=0x00000001 delta=0
[pass] SI_CONFIG_DROP_COUNT     結果: Δ=0/Δ=0
RAW SI_CONFIG_DROP_COUNT     before=0x00000001 after=0x00000001 delta=0
STEP4A_MASTER_EVENT_CHAIN = PASS
Step 4 pass

## [Step 5] Closed-loop Lock
STEP5_RESULT = NOT_APPLICABLE_MASTER
STEP5_FIRST_INACTIVE_BOUNDARY = SLAVE_ONLY
Step 5 NA (Step5 closed-loop gate is for Slave)

## [Step 6] Global Time
Step 6 NA

============================================================
White Rabbit Runtime 診斷：DE5 [1-11.1]
============================================================
Step 1 PHY / Link             pass
Step 2 Endpoint / PTP         pass
Step 3 WR Handshake           NA
Step 4 Step4A Master Event Chain pass
Step 5 Closed-loop Lock       NA
Step 6 Global Time            NA
STEP1_REGRESSION = PASS
STEP2_REGRESSION = PASS
STEP3_REGRESSION = PASS
STEP4A_RESULT = PASS
STEP5_RESULT = NOT_APPLICABLE_MASTER
STEP5_FIRST_INACTIVE_BOUNDARY = SLAVE_ONLY
FAILURE_CLASSIFICATION = NO_FAILURE_EVIDENCE
============================================================

================ RAW_SNAPSHOT ================
RAW_SNAPSHOT board=DE5 [1-11.1] label=before
  status           = 5110A06136BC82FF
  cpu              = 0000007C0000521C
  marker           = 000000010000B004
  store            = 00CE99000001F810
  store_count      = 0000000017B3BDD3
  exception        = 8000000B0001A7BC
  clock            = 002F0C6902470FE7
  boot_generation  = 00000001
  cpu_reset_count  = 00000001
  wr_core_reset_count = 00000001
  si_config_drop_count = 00000001
  pps_cr           = 01312D06
  pps_escr         = 0000000C
  ep_mach          = 02000200
  ep_macl          = 22334401
  ep_dsr           = 42000000
  ptp              = 01014106
  ptp_rx           = 000000B2
  ptp_tx           = 00000188
  ptp_meta         = 02010306
  tx               = 000001F9
  rx               = 00000110
  rxerr            = 00000000
  ptp_types        = 04020202
  foreign_meta     = 00000001
  filter_meta      = 00000000
  parse_meta       = 02010239
  wr_rx_signal     = 10040004
  wr_tx_signal     = 10050004
  wr_failure       = 00000000
  wr_state         = A0200067
  wr_reject        = 00000000
  pstat            = 00000001
  sstat            = 00000000
  sec_h            = 00000000
  sec_l            = 00000072
  ns               = 0E6FDCF0
  lock_enable      = 00000000
  lock_result      = 00000000
  lock_polls       = 00000000
  lock_unlocked    = 00000000
  lock_calibration_fail = 00000000
  spll_state       = 00020004
  spll_ocer        = 684A9401
  spll_rcer        = 00000001
  spll_occr        = 0C0001B6
  spll_trr_csr     = 000A382A
  spll_dac_hpll    = 5626296E
  spll_dac_main    = 00000003
  spll_helper_state = 00060100
  spll_helper_limits = 03E807D0
  spll_main_state  = 00000000
  spll_main_limits = 00320032
  spll_main_phase_limits = 03E804B0
  spll_state_visit_mask = 00000618
  spll_state_transitions = 00000003
  spll_last_state  = 00000004
  spll_init_count  = 00000001
  dmtd_ref         = 0011E031
  dmtd_fb          = 0046485A
  dmtd_ref_high_qual_abort = 000F1B77
  dmtd_fb_high_qual_abort = 003F4F09
  tag_valid        = 000A435C
  trr_write        = 000A43B1
  irq              = 000A3E24
  helper_update    = 0006C88C
  spll_helper_error = FFFDB610
  spll_helper_output = 0000FFFB
  eic_isr          = FFFF0000
  current_tics     = 0001C565
RAW_SNAPSHOT board=DE5 [1-11.1] label=after
  status           = D110A0E136BC82FF
  cpu              = 0000007C0001A808
  marker           = 000000010000B004
  store            = 01AC01AC0002FF7E
  store_count      = 00000000193539CC
  exception        = 8000000B00009DF8
  clock            = 002F039FF8C7071D
  boot_generation  = 00000001
  cpu_reset_count  = 00000001
  wr_core_reset_count = 00000001
  si_config_drop_count = 00000001
  pps_cr           = 01312D06
  pps_escr         = 0000000C
  ep_mach          = 02000200
  ep_macl          = 22334401
  ep_dsr           = 42000000
  ptp              = 01014106
  ptp_rx           = 000000BF
  ptp_tx           = 000001A4
  ptp_meta         = 02010306
  tx               = 0000021C
  rx               = 00000123
  rxerr            = 00000000
  ptp_types        = 04020202
  foreign_meta     = 00000001
  filter_meta      = 00000000
  parse_meta       = 0201024F
  wr_rx_signal     = 10040004
  wr_tx_signal     = 10050004
  wr_failure       = 00000000
  wr_state         = A0200067
  wr_reject        = 00000000
  pstat            = 00000001
  sstat            = 00000000
  sec_h            = 00000000
  sec_l            = 00000078
  ns               = 14671A70
  lock_enable      = 00000000
  lock_result      = 00000000
  lock_polls       = 00000000
  lock_unlocked    = 00000000
  lock_calibration_fail = 00000000
  spll_state       = 00020004
  spll_ocer        = C9EAF001
  spll_rcer        = 00000001
  spll_occr        = 880001D6
  spll_trr_csr     = 000AF0C4
  spll_dac_hpll    = 83991987
  spll_dac_main    = 00000003
  spll_helper_state = 00060100
  spll_helper_limits = 03E807D0
  spll_main_state  = 00000000
  spll_main_limits = 00320032
  spll_main_phase_limits = 03E804B0
  spll_state_visit_mask = 00000618
  spll_state_transitions = 00000003
  spll_last_state  = 00000004
  spll_init_count  = 00000001
  dmtd_ref         = 00123C0B
  dmtd_fb          = 0046A433
  dmtd_ref_high_qual_abort = 000FF3F7
  dmtd_fb_high_qual_abort = 0042A85B
  tag_valid        = 000AFAFE
  trr_write        = 000AFB57
  irq              = 000AF6BD
  helper_update    = 000724D8
  spll_helper_error = FFFDB610
  spll_helper_output = 0000FFFB
  eic_isr          = FFFF0000
  current_tics     = 0001DD39
RAW mailbox completion toggle wb_sync_toggle=0

============================================================
White Rabbit Runtime 診斷：DE5 [1-11.2]
============================================================

## [Step 1] PHY / 光纖 Link
[pass] si_config_done           結果: 1/1
[pass] wr_ready                 結果: 1/1
[pass] core_tm_link_up          結果: 1/1
[pass] core_link_ok             結果: 1/1
[pass] wr_rx_ready              結果: 1/1
[pass] wr_tx_ready              結果: 1/1
[pass] core_phy_rst             結果: 0/0
[pass] si_id_error              結果: 0/0
[pass] wr_rx_enc_err            結果: 0/0
[pass] wr_tx_enc_err            結果: 0/0
[pass] CPU_RESET_n              結果: 1/1
[pass] wr_rx_locked_to_data     結果: 1/1
[info] wr_rx_locked_to_ref      結果: 0/NA
[info] MOD_PRS_n                結果: 0/NA
[info] INTERRUPT_n              結果: 1/NA
Step 1 pass

## [Step 2] Endpoint / MiniNIC / PTP
[pass] EP_MAC_H/EP_MAC_L        結果: 02:00:22:33:44:02/02:00:22:33:44:02
[pass] WDIAGS_MODE              結果: 3 SLAVE/3 SLAVE
[pass] WDIAGS_PTP               結果: 9 SLAVE (raw=00004109)/9 SLAVE
[pass] WDIAGS_PTP_RX            結果: Δ=29/Δ>0
RAW WDIAGS_PTP_RX            before=0x000001AA after=0x000001C7 delta=29
[pass] WDIAGS_PTP_TX            結果: Δ=14/Δ>0
RAW WDIAGS_PTP_TX            before=0x000000B7 after=0x000000C5 delta=14
[pass] WDIAGS_TX                結果: Δ=22/Δ>0
RAW WDIAGS_TX                before=0x00000171 after=0x00000187 delta=22
[pass] WDIAGS_RX                結果: Δ=35/Δ>0
RAW WDIAGS_RX                before=0x00000215 after=0x00000238 delta=35
[pass] WDIAGS_RXERR             結果: Δ=0/Δ=0
RAW WDIAGS_RXERR             before=0x00000000 after=0x00000000 delta=0
Step 2 pass

## [Step 3] WR Parent / Signaling
[pass] WDIAGS_FOREIGN_META      結果: 1/1
[pass] WDIAGS_FOREIGN_META      結果: 0/0
[info] WDIAGS_FOREIGN_META      結果: detection=0 config=3/NA
[pass] parentIsWRnode           結果: 1/1
[info] parentWrModeOn           結果: 1/NA
[pass] parentCalibrated         結果: 1/1
[info] WR_RX_SIGNAL_DEBUG       結果: WR_MODE_ON count=4/NA
[info] WR_TX_SIGNAL_DEBUG       結果: CALIBRATED count=4/NA
[info] WDIAGS_TEMP              結果: WRS_IDLE next=WRS_IDLE/NA
[pass] LOCK_ENABLE              結果: 1/> 0
Step 3 NA

## [Step 4B] Slave SoftPLL Startup
[info] STEP4B_UPSTREAM_GATE     結果: BLOCKED/NA
STEP4B_ALLOWED = NO
STEP4B_RESULT = BLOCKED_BY_STEP3
STEP4B_FIRST_INACTIVE_BOUNDARY = UPSTREAM_PREREQUISITE
Step 4B BLOCKED (upstream prerequisite)
Step 4 NA

## [Step 5] Closed-loop Lock
STEP5_RESULT = UPSTREAM_NOT_READY
STEP5_FIRST_INACTIVE_BOUNDARY = UPSTREAM_STEP4B
Step 5 NA

## [Step 6] Global Time
Step 6 NA

============================================================
White Rabbit Runtime 診斷：DE5 [1-11.2]
============================================================
Step 1 PHY / Link             pass
Step 2 Endpoint / PTP         pass
Step 3 WR Handshake           NA
Step 4 Step4B Slave SoftPLL Startup blocked
Step 5 Closed-loop Lock       NA
Step 6 Global Time            NA
STEP1_REGRESSION = PASS
STEP2_REGRESSION = PASS
STEP3_REGRESSION = INVALID
STEP4B_ALLOWED = NO
STEP4B_RESULT = BLOCKED_BY_STEP3
STEP4B_FIRST_INACTIVE_BOUNDARY = UPSTREAM_PREREQUISITE
STEP5_RESULT = UPSTREAM_NOT_READY
STEP5_FIRST_INACTIVE_BOUNDARY = UPSTREAM_STEP4B
FAILURE_CLASSIFICATION = JTAG/DASHBOARD_MEASUREMENT_FAILURE
============================================================

================ RAW_SNAPSHOT ================
RAW_SNAPSHOT board=DE5 [1-11.2] label=before
  status           = FE1E566132BC82FF
  cpu              = 0000007C000051F4
  marker           = 000000010000B004
  store            = 0000008C00020DF8
  store_count      = 0000000022FD3134
  exception        = 8000000B0000B624
  clock            = 002B436808B51967
  boot_generation  = 00000001
  cpu_reset_count  = 00000001
  wr_core_reset_count = 00000001
  si_config_drop_count = 00000001
  pps_cr           = 01312D06
  pps_escr         = 0000000C
  ep_mach          = 02000200
  ep_macl          = 22334402
  ep_dsr           = 42000000
  ptp              = 00004109
  ptp_rx           = 000001AA
  ptp_tx           = 000000B7
  ptp_meta         = 03010309
  tx               = 00000171
  rx               = 00000215
  rxerr            = 00000000
  ptp_types        = 04603060
  foreign_meta     = 03000001
  filter_meta      = 00000000
  parse_meta       = 07013078
  wr_rx_signal     = 10050004
  wr_tx_signal     = 10040004
  wr_failure       = 00000000
  wr_state         = A040035F
  wr_reject        = 00000000
  pstat            = 00000003
  sstat            = 00000501
  sec_h            = 00000000
  sec_l            = 00000079
  ns               = 1E13D260
  lock_enable      = 00000001
  lock_result      = 00000100
  lock_polls       = 0004C7C2
  lock_unlocked    = 0004C282
  lock_calibration_fail = 0000050D
  spll_state       = 00030008
  spll_ocer        = 77709E01
  spll_rcer        = 00000001
  spll_occr        = 070101CB
  spll_trr_csr     = 000AA60A
  spll_dac_hpll    = EF3D6518
  spll_dac_main    = 00000003
  spll_helper_state = 03E80001
  spll_helper_limits = 03E807D0
  spll_main_state  = 3E80320F
  spll_main_limits = 00320014
  spll_main_phase_limits = 03E804B0
  spll_state_visit_mask = 00000778
  spll_state_transitions = 00000006
  spll_last_state  = 00000008
  spll_init_count  = 00000001
  dmtd_ref         = 0B43375D
  dmtd_fb          = 0A4BFF20
  dmtd_ref_high_qual_abort = 0035B658
  dmtd_fb_high_qual_abort = 002DAD47
  tag_valid        = 000AB026
  trr_write        = 000AB07B
  irq              = 000A8DE9
  helper_update    = 0004DF5D
  spll_helper_error = 0000001F
  spll_helper_output = 0000CE7A
  eic_isr          = FFFF0000
  current_tics     = 00022A8A
RAW_SNAPSHOT board=DE5 [1-11.2] label=after
  status           = B01E56E132BC82FF
  cpu              = 0000007C00004298
  marker           = 000000010000B004
  store            = 0004CA5D00020CD8
  store_count      = 0000000024A24A3E
  exception        = 8000000B0001A6E8
  clock            = 002A1D26E1BFF324
  boot_generation  = 00000001
  cpu_reset_count  = 00000001
  wr_core_reset_count = 00000001
  si_config_drop_count = 00000001
  pps_cr           = 01312D06
  pps_escr         = 0000000C
  ep_mach          = 02000200
  ep_macl          = 22334402
  ep_dsr           = 42000000
  ptp              = 00004109
  ptp_rx           = 000001C7
  ptp_tx           = 000000C5
  ptp_meta         = 03010309
  tx               = 00000187
  rx               = 00000238
  rxerr            = 00000000
  ptp_types        = 04663366
  foreign_meta     = 03000001
  filter_meta      = 00000000
  parse_meta       = 07013394
  wr_rx_signal     = 10050004
  wr_tx_signal     = 10040004
  wr_failure       = 00000000
  wr_state         = A040035F
  wr_reject        = 00000000
  pstat            = 00000003
  sstat            = 00000401
  sec_h            = 00000000
  sec_l            = 0000007F
  ns               = 1E14ECD8
  lock_enable      = 00000001
  lock_result      = 00000100
  lock_polls       = 0004C7C9
  lock_unlocked    = 0004C282
  lock_calibration_fail = 0000050D
  spll_state       = 00030008
  spll_ocer        = 7F2CA201
  spll_rcer        = 00000001
  spll_occr        = 53010185
  spll_trr_csr     = 000A5BD2
  spll_dac_hpll    = 1CB03A5F
  spll_dac_main    = 00000004
  spll_helper_state = 03E80001
  spll_helper_limits = 03E807D0
  spll_main_state  = 3E80320F
  spll_main_limits = 00320014
  spll_main_phase_limits = 03E804B0
  spll_state_visit_mask = 00000778
  spll_state_transitions = 00000006
  spll_last_state  = 00000008
  spll_init_count  = 00000001
  dmtd_ref         = 0B439144
  dmtd_fb          = 0A4C590C
  dmtd_ref_high_qual_abort = 00393B13
  dmtd_fb_high_qual_abort = 0030AF2C
  tag_valid        = 000B6405
  trr_write        = 000B645D
  irq              = 000B43B2
  helper_update    = 00053A42
  spll_helper_error = 00000046
  spll_helper_output = 0000CEDB
  eic_isr          = FFFF0000
  current_tics     = 000241FA

============================================================
JTAG/WB transport health summary
============================================================
WB_TRANSPORT_PROTOCOL = PRELOAD_THEN_TOGGLE_COMMIT
WB_REQUEST_COUNT = 353
PRELOAD_COUNT = 353
COMMIT_COUNT = 353
WB_PROBE_READ_COUNT = 1765
PRELOAD_UNEXPECTED_TRIGGER_COUNT = 0
PROBE_3WAY_MATCH_COUNT = 353
STABLE_RESPONSE_WRONG_COUNT = 0
ADDRESS_CROSS_CONTAMINATION_COUNT = 0
TIMEOUT_COUNT = 0
INVALID_COUNT = 0
STALE_A5A5_COUNT = 0
UNSTABLE_TRANSACTION_COUNT = 0
DMTD_REF_DECREASE_COUNT = 0
DMTD_FB_DECREASE_COUNT = 0
PRELOAD_PROTOCOL_RUNTIME_REVALIDATION = PASS
JTAG_WB_DIAGNOSTIC_PATH = TRUSTED
============================================================

============================================================
STEP4A_RESULT = PASS
STEP4B_ALLOWED = NO
STEP4B_RESULT = BLOCKED_BY_STEP3
STEP4B_FIRST_INACTIVE_BOUNDARY = UPSTREAM_PREREQUISITE
STEP5_RESULT = NOT_APPLICABLE_MASTER
STEP5_FIRST_INACTIVE_BOUNDARY = SLAVE_ONLY
STEP5_RESULT = UPSTREAM_NOT_READY
STEP5_FIRST_INACTIVE_BOUNDARY = UPSTREAM_STEP4B
============================================================
Info (23030): Evaluation of Tcl script scripts/jtag/read_wb_runtime.tcl was successful
Info: Quartus Prime SignalTap II was successful. 0 errors, 0 warnings
    Info: Peak virtual memory: 776 megabytes
    Info: Processing ended: Tue Sep 22 16:26:20 2026
    Info: Elapsed time: 00:00:15
    Info: Total CPU time (on all processors): 00:00:00
