Info: *******************************************************************
Info: Running Quartus Prime Signal Tap
    Info: Version 21.3.0 Build 170 09/23/2021 SC Pro Edition
    Info: Copyright (C) 2021  Intel Corporation. All rights reserved.
    Info: Your use of Intel Corporation's design tools, logic functions 
    Info: and other software and tools, and any partner logic 
    Info: functions, and any output files from any of the foregoing 
    Info: (including device programming or simulation files), and any 
    Info: associated documentation or information are expressly subject 
    Info: to the terms and conditions of the Intel Program License 
    Info: Subscription Agreement, the Intel Quartus Prime License Agreement,
    Info: the Intel FPGA IP License Agreement, or other applicable license
    Info: agreement, including, without limitation, that your use is for
    Info: the sole purpose of programming logic devices manufactured by
    Info: Intel and sold by Intel or its authorized distributors.  Please
    Info: refer to the applicable agreement for further details, at
    Info: https://fpgasoftware.intel.com/eula.
    Info: Processing started: Wed Sep  2 21:43:37 2026
    Info: System process ID: 3653420
Info: Command: quartus_stp -t scripts/jtag/read_wb_runtime.tcl --raw
Info: Quartus(args): --raw
RAW mailbox completion toggle wb_sync_toggle=0

============================================================
White Rabbit Runtime 診斷：DE5 [1-11.1]
============================================================

## [Step 1] PHY / 光纖 Link
[pass] si_config_done           結果: 1/1
[pass] wr_ready                 結果: 1/1
[pass] core_tm_link_up          結果: 1/1
[pass] core_link_ok             結果: 1/1
[pass] wr_rx_ready              結果: 1/1
[pass] wr_tx_ready              結果: 1/1
[pass] core_phy_rst             結果: 0/0
[pass] si_id_error              結果: 0/0
[pass] wr_rx_enc_err            結果: 0/0
[pass] wr_tx_enc_err            結果: 0/0
[pass] CPU_RESET_n              結果: 1/1
[pass] wr_rx_locked_to_data     結果: 1/1
[info] wr_rx_locked_to_ref      結果: 0/NA
[info] MOD_PRS_n                結果: 0/NA
[info] INTERRUPT_n              結果: 1/NA
Step 1 pass

## [Step 2] Endpoint / MiniNIC / PTP
[pass] EP_MAC_H/EP_MAC_L        結果: 02:00:22:33:44:01/02:00:22:33:44:01
[pass] WDIAGS_MODE              結果: 2 MASTER/2 MASTER
[pass] WDIAGS_PTP               結果: 6 MASTER (raw=01014106)/6 MASTER
[pass] WDIAGS_PTP_RX            結果: Δ=11/Δ>0
RAW WDIAGS_PTP_RX            before=0x00000CFA after=0x00000D05 delta=11
[pass] WDIAGS_PTP_TX            結果: Δ=24/Δ>0
RAW WDIAGS_PTP_TX            before=0x00001D25 after=0x00001D3D delta=24
[pass] WDIAGS_TX                結果: Δ=33/Δ>0
RAW WDIAGS_TX                before=0x000024F6 after=0x00002517 delta=33
[pass] WDIAGS_RX                結果: Δ=17/Δ>0
RAW WDIAGS_RX                before=0x0000137C after=0x0000138D delta=17
[pass] WDIAGS_RXERR             結果: Δ=0/Δ=0
RAW WDIAGS_RXERR             before=0x00000000 after=0x00000000 delta=0
Step 2 pass

## [Step 3] WR Parent / Signaling
Step 3 NA

## [Step 4A] Master SoftPLL Event Chain
[pass] DMTD_REF_ACCEPT_EVENT    結果: Δ=25311/Δ>=0
RAW DMTD_REF_ACCEPT_EVENT    before=0x0077C1B5 after=0x00782494 delta=25311
[pass] DMTD_FB_ACCEPT_EVENT     結果: Δ=24309/Δ>=0
RAW DMTD_FB_ACCEPT_EVENT     before=0x00A629CA after=0x00A688BF delta=24309
[pass] DMTD_ACCEPT              結果: Δ=49620/Δ>0
[pass] SPLL_TAG_VALID_COUNT     結果: Δ=24309/Δ>0
RAW SPLL_TAG_VALID_COUNT     before=0x0066FEA6 after=0x00675D9B delta=24309
[pass] SPLL_TRR_WRITE_COUNT     結果: Δ=24310/Δ>0
RAW SPLL_TRR_WRITE_COUNT     before=0x0066FED5 after=0x00675DCB delta=24310
[pass] WRPC_SPLL_TRR_POP_COUNT  結果: Δ=24405/Δ>0
RAW WRPC_SPLL_TRR_POP_COUNT  before=0x0066FE7E after=0x00675DD3 delta=24405
[pass] WDIAGS_IRQ_COUNT         結果: Δ=24405/Δ>0
RAW WDIAGS_IRQ_COUNT         before=0x0066FE7E after=0x00675DD3 delta=24405
[pass] WDIAGS_HELPER_UPDATE_COUNT 結果: Δ=24405/Δ>0
RAW WDIAGS_HELPER_UPDATE_COUNT before=0x0066FE7E after=0x00675DD3 delta=24405
[pass] BOOT_GENERATION          結果: Δ=0/Δ=0
RAW BOOT_GENERATION          before=0x00000001 after=0x00000001 delta=0
[pass] CPU_RESET_COUNT          結果: Δ=0/Δ=0
RAW CPU_RESET_COUNT          before=0x00000001 after=0x00000001 delta=0
[pass] WR_CORE_RESET_COUNT      結果: Δ=0/Δ=0
RAW WR_CORE_RESET_COUNT      before=0x00000001 after=0x00000001 delta=0
[pass] SI_CONFIG_DROP_COUNT     結果: Δ=0/Δ=0
RAW SI_CONFIG_DROP_COUNT     before=0x00000001 after=0x00000001 delta=0
STEP4A_MASTER_EVENT_CHAIN = PASS
Step 4 pass

## [Step 5] Closed-loop Lock
STEP5_RESULT = NOT_APPLICABLE_MASTER
STEP5_FIRST_INACTIVE_BOUNDARY = SLAVE_ONLY
Step 5 NA (Step5 closed-loop gate is for Slave)

## [Step 6] Global Time
Step 6 NA

============================================================
White Rabbit Runtime 診斷：DE5 [1-11.1]
============================================================
Step 1 PHY / Link             pass
Step 2 Endpoint / PTP         pass
Step 3 WR Handshake           NA
Step 4 Step4A Master Event Chain pass
Step 5 Closed-loop Lock       NA
Step 6 Global Time            NA
STEP1_REGRESSION = PASS
STEP2_REGRESSION = PASS
STEP3_REGRESSION = PASS
STEP4A_RESULT = PASS
STEP5_RESULT = NOT_APPLICABLE_MASTER
STEP5_FIRST_INACTIVE_BOUNDARY = SLAVE_ONLY
FAILURE_CLASSIFICATION = NO_FAILURE_EVIDENCE
============================================================

================ RAW_SNAPSHOT ================
RAW_SNAPSHOT board=DE5 [1-11.1] label=before
  status           = 1110B641215082FF
  cpu              = 0000007C000011AC
  marker           = 000000010000B004
  store            = 0066EFB60001E2A0
  store_count      = 000000002BEA2606
  exception        = 8000000B000011AC
  clock            = 002F56B37F954D9D
  boot_generation  = 00000001
  cpu_reset_count  = 00000001
  wr_core_reset_count = 00000001
  si_config_drop_count = 00000001
  pps_cr           = 01312D06
  pps_escr         = 0000060C
  ep_mach          = 02000200
  ep_macl          = 22334401
  ep_dsr           = 42000000
  ptp              = 01014106
  ptp_rx           = 00000CFA
  ptp_tx           = 00001D25
  ptp_meta         = 02020406
  tx               = 000024F6
  rx               = 0000137C
  rxerr            = 00000000
  ptp_types        = 01030203
  foreign_meta     = 00000001
  filter_meta      = 00000000
  parse_meta       = 00010210
  wr_rx_signal     = 10000001
  wr_tx_signal     = 10010004
  wr_failure       = 01030001
  wr_state         = A0000064
  wr_reject        = 00000000
  pstat            = 00000001
  sstat            = 00000000
  sec_h            = 00000000
  sec_l            = 00000696
  ns               = 399F85F0
  lock_enable      = 00000000
  lock_result      = 00000000
  lock_polls       = 00000000
  lock_unlocked    = 00000000
  lock_calibration_fail = 00000000
  spll_state       = 00020004
  spll_ocer        = 3D926E01
  spll_rcer        = 00000000
  spll_occr        = FF0001FF
  spll_trr_csr     = 0026F8CA
  spll_dac_hpll    = 1BE5C93F
  spll_dac_main    = 00000031
  spll_helper_state = 00000100
  spll_helper_limits = 271000C8
  spll_main_state  = 00000000
  spll_main_limits = 00320032
  spll_main_phase_limits = 03E804B0
  spll_state_visit_mask = 00000618
  spll_state_transitions = 00000003
  spll_last_state  = 00000004
  spll_init_count  = 00000001
  dmtd_ref         = 0077C1B5
  dmtd_fb          = 00A629CA
  dmtd_ref_high_qual_abort = 048540F2
  dmtd_fb_high_qual_abort = 032885CC
  tag_valid        = 0066FEA6
  trr_write        = 0066FED5
  irq              = 0066FE7E
  helper_update    = 0066FE7E
  spll_helper_error = FFFDB610
  spll_helper_output = 0000FFFB
  eic_isr          = FFFF0000
  current_tics     = 0019C4C7
RAW_SNAPSHOT board=DE5 [1-11.1] label=after
  status           = D110D4C121D082FF
  cpu              = 0000007C000011B8
  marker           = 000000010000B004
  store            = 00674E9E0001E2A0
  store_count      = 000000002C12BCE0
  exception        = 8000000B000011AC
  clock            = 002F9925C1419007
  boot_generation  = 00000001
  cpu_reset_count  = 00000001
  wr_core_reset_count = 00000001
  si_config_drop_count = 00000001
  pps_cr           = 01312D06
  pps_escr         = 0000060C
  ep_mach          = 02000200
  ep_macl          = 22334401
  ep_dsr           = 42000000
  ptp              = 01014106
  ptp_rx           = 00000D05
  ptp_tx           = 00001D3D
  ptp_meta         = 02020406
  tx               = 00002517
  rx               = 0000138D
  rxerr            = 00000000
  ptp_types        = 01030203
  foreign_meta     = 00000001
  filter_meta      = 00000000
  parse_meta       = 00010224
  wr_rx_signal     = 10000001
  wr_tx_signal     = 10010004
  wr_failure       = 01030001
  wr_state         = A0000064
  wr_reject        = 00000000
  pstat            = 00000001
  sstat            = 00000000
  sec_h            = 00000000
  sec_l            = 0000069C
  ns               = 398F7AD0
  lock_enable      = 00000000
  lock_result      = 00000000
  lock_polls       = 00000000
  lock_unlocked    = 00000000
  lock_calibration_fail = 00000000
  spll_state       = 00020004
  spll_ocer        = AE37D201
  spll_rcer        = 00000000
  spll_occr        = FF0001FF
  spll_trr_csr     = 0026581E
  spll_dac_hpll    = 4959CF7E
  spll_dac_main    = 00000031
  spll_helper_state = 00000100
  spll_helper_limits = 271000C8
  spll_main_state  = 00000000
  spll_main_limits = 00320032
  spll_main_phase_limits = 03E804B0
  spll_state_visit_mask = 00000618
  spll_state_transitions = 00000003
  spll_last_state  = 00000004
  spll_init_count  = 00000001
  dmtd_ref         = 00782494
  dmtd_fb          = 00A688BF
  dmtd_ref_high_qual_abort = 04896AC8
  dmtd_fb_high_qual_abort = 032B70F8
  tag_valid        = 00675D9B
  trr_write        = 00675DCB
  irq              = 00675DD3
  helper_update    = 00675DD3
  spll_helper_error = FFFDB610
  spll_helper_output = 0000FFFB
  eic_isr          = FFFF0000
  current_tics     = 0019DC37
RAW mailbox completion toggle wb_sync_toggle=1

============================================================
White Rabbit Runtime 診斷：DE5 [1-11.2]
============================================================

## [Step 1] PHY / 光纖 Link
[pass] si_config_done           結果: 1/1
[pass] wr_ready                 結果: 1/1
[pass] core_tm_link_up          結果: 1/1
[pass] core_link_ok             結果: 1/1
[pass] wr_rx_ready              結果: 1/1
[pass] wr_tx_ready              結果: 1/1
[pass] core_phy_rst             結果: 0/0
[pass] si_id_error              結果: 0/0
[pass] wr_rx_enc_err            結果: 0/0
[pass] wr_tx_enc_err            結果: 0/0
[pass] CPU_RESET_n              結果: 1/1
[pass] wr_rx_locked_to_data     結果: 1/1
[info] wr_rx_locked_to_ref      結果: 0/NA
[info] MOD_PRS_n                結果: 0/NA
[info] INTERRUPT_n              結果: 1/NA
Step 1 pass

## [Step 2] Endpoint / MiniNIC / PTP
[pass] EP_MAC_H/EP_MAC_L        結果: 02:00:22:33:44:02/02:00:22:33:44:02
[pass] WDIAGS_MODE              結果: 3 SLAVE/3 SLAVE
[pass] WDIAGS_PTP               結果: 9 SLAVE (raw=00004109)/9 SLAVE
[pass] WDIAGS_PTP_RX            結果: Δ=25/Δ>0
RAW WDIAGS_PTP_RX            before=0x00001DEC after=0x00001E05 delta=25
[pass] WDIAGS_PTP_TX            結果: Δ=3/Δ>0
RAW WDIAGS_PTP_TX            before=0x000004A7 after=0x000004AA delta=3
[pass] WDIAGS_TX                結果: Δ=17/Δ>0
RAW WDIAGS_TX                before=0x00001597 after=0x000015A8 delta=17
[pass] WDIAGS_RX                結果: Δ=32/Δ>0
RAW WDIAGS_RX                before=0x000024A4 after=0x000024C4 delta=32
[pass] WDIAGS_RXERR             結果: Δ=0/Δ=0
RAW WDIAGS_RXERR             before=0x00000000 after=0x00000000 delta=0
Step 2 pass

## [Step 3] WR Parent / Signaling
[pass] WDIAGS_FOREIGN_META      結果: 1/1
[pass] WDIAGS_FOREIGN_META      結果: 0/0
[info] WDIAGS_FOREIGN_META      結果: detection=0 config=3/NA
[pass] parentIsWRnode           結果: 1/1
[info] parentWrModeOn           結果: 0/NA
[pass] parentCalibrated         結果: 1/1
[pass] WR_RX_SIGNAL_DEBUG       結果: LOCK count=1/LOCK 0x1001,count>0
[pass] WR_TX_SIGNAL_DEBUG       結果: SLAVE_PRESENT count=1/SLAVE_PRESENT 0x1000,count>0
[info] WDIAGS_TEMP              結果: WRS_IDLE next=WRS_IDLE POST_STEP3_TIMEOUT/NA
[pass] LOCK_ENABLE              結果: 4/> 0
[info] WR_FAILURE_DEBUG         結果: TIMEOUT last_fail_state=WRS_S_LOCK failure_count=1/NA
Step 3 pass

## [Step 4B] Slave SoftPLL Startup
[pass] LOCK_ENABLE_COUNT        結果: 4/> 0
[pass] SPLL_MODE                結果: 3 (SPLL_MODE_SLAVE)/3 SPLL_MODE_SLAVE
[pass] SPLL_SEQ_STATE           結果: 4 (SEQ_WAIT_HELPER)/active, not 0/7
[pass] SPLL_STATE_VISIT_MASK    結果: 0x00000618/> 0
[pass] SPLL_INIT_COUNT          結果: 1/> 0
[pass] RCER                     結果: 0x00000001/> 0
[pass] OCER                     結果: 0xCE283801/> 0
[info] SPLL_ALIGN_STATE         結果: 0/NA
[info] SPLL_STATE_TRANSITIONS   結果: 0x00000003/NA
[info] SPLL_LAST_STATE          結果: 4 (SEQ_WAIT_HELPER)/NA
[info] OCCR                     結果: 0xFF0001FF/NA
[pass] DMTD_REF_ACCEPT_EVENT    結果: Δ=23298/Δ>=0
RAW DMTD_REF_ACCEPT_EVENT    before=0x031A17D6 after=0x031A72D8 delta=23298
[pass] DMTD_FB_ACCEPT_EVENT     結果: Δ=24299/Δ>=0
RAW DMTD_FB_ACCEPT_EVENT     before=0x02EB4421 after=0x02EBA30C delta=24299
[pass] DMTD_ACCEPT              結果: Δ=47597/Δ>0
[pass] SPLL_TAG_VALID_COUNT     結果: Δ=47596/Δ>0
RAW SPLL_TAG_VALID_COUNT     before=0x00CE9DBC after=0x00CF57A8 delta=47596
[pass] SPLL_TRR_WRITE_COUNT     結果: Δ=47597/Δ>0
RAW SPLL_TRR_WRITE_COUNT     before=0x00CE9E17 after=0x00CF5804 delta=47597
[pass] WRPC_SPLL_TRR_POP_COUNT  結果: Δ=47001/Δ>0
RAW WRPC_SPLL_TRR_POP_COUNT  before=0x00CE9E0B after=0x00CF55A4 delta=47001
[pass] WDIAGS_IRQ_COUNT         結果: Δ=46806/Δ>0
RAW WDIAGS_IRQ_COUNT         before=0x00CA7737 after=0x00CB2E0D delta=46806
[pass] WDIAGS_HELPER_UPDATE_COUNT 結果: Δ=23390/Δ>0
RAW WDIAGS_HELPER_UPDATE_COUNT before=0x00641E3F after=0x0064799D delta=23390
[pass] BOOT_GENERATION          結果: Δ=0/Δ=0
RAW BOOT_GENERATION          before=0x00000001 after=0x00000001 delta=0
[pass] CPU_RESET_COUNT          結果: Δ=0/Δ=0
RAW CPU_RESET_COUNT          before=0x00000001 after=0x00000001 delta=0
[pass] WR_CORE_RESET_COUNT      結果: Δ=0/Δ=0
RAW WR_CORE_RESET_COUNT      before=0x00000001 after=0x00000001 delta=0
[pass] SI_CONFIG_DROP_COUNT     結果: Δ=0/Δ=0
RAW SI_CONFIG_DROP_COUNT     before=0x00000001 after=0x00000001 delta=0
STEP4B_ALLOWED = YES
STEP4B_RESULT = PASS
STEP4B_FIRST_INACTIVE_BOUNDARY = ACTIVE
Step 4B pass
Step 4 pass

## [Step 5] Closed-loop Lock
STEP5_LOCKDET_BEFORE: HELPER locked=0 changed=0 cnt=2/10000 threshold=200 ref_src=0 MAIN enabled=0 locked=0 freq=0 phase=0 freq_cnt=0/50 phase_cnt=0/1000 PSTAT_locked=0
STEP5_LOCKDET_AFTER: HELPER locked=0 changed=0 cnt=2/10000 threshold=200 ref_src=0 MAIN enabled=0 locked=0 freq=0 phase=0 freq_cnt=0/50 phase_cnt=0/1000 PSTAT_locked=0
[error] WDIAGS_PSTAT             結果: 0/1
STEP5_RESULT = NEVER_LOCKED
STEP5_FIRST_INACTIVE_BOUNDARY = HELPER_LOCK
Step 5 NA (single window is not stable-lock proof)

## [Step 6] Global Time
Step 6 NA

============================================================
White Rabbit Runtime 診斷：DE5 [1-11.2]
============================================================
Step 1 PHY / Link             pass
Step 2 Endpoint / PTP         pass
Step 3 WR Handshake           pass
Step 4 Step4B Slave SoftPLL Startup pass
Step 5 Closed-loop Lock       NA
Step 6 Global Time            NA
STEP1_REGRESSION = PASS
STEP2_REGRESSION = PASS
STEP3_REGRESSION = PASS
STEP4B_ALLOWED = YES
STEP4B_RESULT = PASS
STEP4B_FIRST_INACTIVE_BOUNDARY = ACTIVE
STEP5_RESULT = NEVER_LOCKED
STEP5_FIRST_INACTIVE_BOUNDARY = HELPER_LOCK
FAILURE_CLASSIFICATION = NO_FAILURE_EVIDENCE
============================================================

================ RAW_SNAPSHOT ================
RAW_SNAPSHOT board=DE5 [1-11.2] label=before
  status           = 011EF66137BC82EF
  cpu              = 0000007C000011AC
  marker           = 000000010000B004
  store            = 00CA5A8A0001E2A0
  store_count      = 000000003984B185
  exception        = 8000000B000011B0
  clock            = 002FA32173BB4A23
  boot_generation  = 00000001
  cpu_reset_count  = 00000001
  wr_core_reset_count = 00000001
  si_config_drop_count = 00000001
  pps_cr           = 01312D06
  pps_escr         = 00000600
  ep_mach          = 02000200
  ep_macl          = 22334402
  ep_dsr           = 42000000
  ptp              = 00004109
  ptp_rx           = 00001DEC
  ptp_tx           = 000004A7
  ptp_meta         = 03020409
  tx               = 00001597
  rx               = 000024A4
  rxerr            = 00000000
  ptp_types        = 04804180
  foreign_meta     = 03000001
  filter_meta      = 00000000
  parse_meta       = 050141F1
  wr_rx_signal     = 10010001
  wr_tx_signal     = 10000001
  wr_failure       = 02020001
  wr_state         = A000035C
  wr_reject        = 00000000
  pstat            = 00000001
  sstat            = 00000001
  sec_h            = 00000000
  sec_l            = 0000069E
  ns               = 17379EE8
  lock_enable      = 00000004
  lock_result      = 00000001
  lock_polls       = 00005B1B
  lock_unlocked    = 00005B1B
  lock_calibration_fail = 00000000
  spll_state       = 00030004
  spll_ocer        = 6695DC01
  spll_rcer        = 00000001
  spll_occr        = FF0001FF
  spll_trr_csr     = 008E94D4
  spll_dac_hpll    = F5461452
  spll_dac_main    = 00000032
  spll_helper_state = 00020000
  spll_helper_limits = 271000C8
  spll_main_state  = 00000000
  spll_main_limits = 00320032
  spll_main_phase_limits = 03E804B0
  spll_state_visit_mask = 00000618
  spll_state_transitions = 00000003
  spll_last_state  = 00000004
  spll_init_count  = 00000001
  dmtd_ref         = 031A17D6
  dmtd_fb          = 02EB4421
  dmtd_ref_high_qual_abort = 0AE9D524
  dmtd_fb_high_qual_abort = 006A82EC
  tag_valid        = 00CE9DBC
  trr_write        = 00CE9E17
  irq              = 00CA7737
  helper_update    = 00641E3F
  spll_helper_error = 000249F0
  spll_helper_output = 00000005
  eic_isr          = FFFF0000
  current_tics     = 001AD053
RAW_SNAPSHOT board=DE5 [1-11.2] label=after
  status           = 311EDC6137BC82CF
  cpu              = 0000007C000011A0
  marker           = 000000010000B004
  store            = 00CB105F0001E2A0
  store_count      = 0000000039B84632
  exception        = 8000000B000011AC
  clock            = 002CD4A7A48C7BB2
  boot_generation  = 00000001
  cpu_reset_count  = 00000001
  wr_core_reset_count = 00000001
  si_config_drop_count = 00000001
  pps_cr           = 01312D02
  pps_escr         = 00000600
  ep_mach          = 02000200
  ep_macl          = 22334402
  ep_dsr           = 42000000
  ptp              = 00004109
  ptp_rx           = 00001E05
  ptp_tx           = 000004AA
  ptp_meta         = 03020409
  tx               = 000015A8
  rx               = 000024C4
  rxerr            = 00000000
  ptp_types        = 04864486
  foreign_meta     = 03000001
  filter_meta      = 00000000
  parse_meta       = 05014405
  wr_rx_signal     = 10010001
  wr_tx_signal     = 10000001
  wr_failure       = 02020001
  wr_state         = A000035C
  wr_reject        = 00000000
  pstat            = 00000001
  sstat            = 00000001
  sec_h            = 00000000
  sec_l            = 000006A4
  ns               = 174F7D10
  lock_enable      = 00000004
  lock_result      = 00000001
  lock_polls       = 00005B1B
  lock_unlocked    = 00005B1B
  lock_calibration_fail = 00000000
  spll_state       = 00030004
  spll_ocer        = CE283801
  spll_rcer        = 00000001
  spll_occr        = FF0001FF
  spll_trr_csr     = 008E4C7A
  spll_dac_hpll    = 22B97F74
  spll_dac_main    = 00000033
  spll_helper_state = 00020000
  spll_helper_limits = 271000C8
  spll_main_state  = 00000000
  spll_main_limits = 00320032
  spll_main_phase_limits = 03E804B0
  spll_state_visit_mask = 00000618
  spll_state_transitions = 00000003
  spll_last_state  = 00000004
  spll_init_count  = 00000001
  dmtd_ref         = 031A72D8
  dmtd_fb          = 02EBA30C
  dmtd_ref_high_qual_abort = 0AEB0F08
  dmtd_fb_high_qual_abort = 006AE19D
  tag_valid        = 00CF57A8
  trr_write        = 00CF5804
  irq              = 00CB2E0D
  helper_update    = 0064799D
  spll_helper_error = 000249F0
  spll_helper_output = 00000005
  eic_isr          = FFFF0000
  current_tics     = 001AE826

============================================================
JTAG/WB transport health summary
============================================================
WB_TRANSPORT_PROTOCOL = PRELOAD_THEN_TOGGLE_COMMIT
WB_REQUEST_COUNT = 352
PRELOAD_COUNT = 352
COMMIT_COUNT = 352
WB_PROBE_READ_COUNT = 1760
PRELOAD_UNEXPECTED_TRIGGER_COUNT = 0
PROBE_3WAY_MATCH_COUNT = 352
STABLE_RESPONSE_WRONG_COUNT = 0
ADDRESS_CROSS_CONTAMINATION_COUNT = 0
TIMEOUT_COUNT = 0
INVALID_COUNT = 0
STALE_A5A5_COUNT = 0
UNSTABLE_TRANSACTION_COUNT = 0
DMTD_REF_DECREASE_COUNT = 0
DMTD_FB_DECREASE_COUNT = 0
PRELOAD_PROTOCOL_RUNTIME_REVALIDATION = PASS
JTAG_WB_DIAGNOSTIC_PATH = TRUSTED
============================================================

============================================================
STEP4A_RESULT = PASS
STEP4B_ALLOWED = YES
STEP4B_RESULT = PASS
STEP4B_FIRST_INACTIVE_BOUNDARY = ACTIVE
STEP5_RESULT = NOT_APPLICABLE_MASTER
STEP5_FIRST_INACTIVE_BOUNDARY = SLAVE_ONLY
STEP5_RESULT = NEVER_LOCKED
STEP5_FIRST_INACTIVE_BOUNDARY = HELPER_LOCK
============================================================
Info (23030): Evaluation of Tcl script scripts/jtag/read_wb_runtime.tcl was successful
Info: Quartus Prime Signal Tap was successful. 0 errors, 0 warnings
    Info: Peak virtual memory: 677 megabytes
    Info: Processing ended: Wed Sep  2 21:43:52 2026
    Info: Elapsed time: 00:00:15
    Info: System process ID: 3653420
