Info: *******************************************************************
Info: Running Quartus Prime Signal Tap
    Info: Version 21.3.0 Build 170 09/23/2021 SC Pro Edition
    Info: Copyright (C) 2021  Intel Corporation. All rights reserved.
    Info: Your use of Intel Corporation's design tools, logic functions 
    Info: and other software and tools, and any partner logic 
    Info: functions, and any output files from any of the foregoing 
    Info: (including device programming or simulation files), and any 
    Info: associated documentation or information are expressly subject 
    Info: to the terms and conditions of the Intel Program License 
    Info: Subscription Agreement, the Intel Quartus Prime License Agreement,
    Info: the Intel FPGA IP License Agreement, or other applicable license
    Info: agreement, including, without limitation, that your use is for
    Info: the sole purpose of programming logic devices manufactured by
    Info: Intel and sold by Intel or its authorized distributors.  Please
    Info: refer to the applicable agreement for further details, at
    Info: https://fpgasoftware.intel.com/eula.
    Info: Processing started: Wed Sep  2 21:22:40 2026
    Info: System process ID: 3645846
Info: Command: quartus_stp -t scripts/jtag/read_wb_runtime.tcl --raw
Info: Quartus(args): --raw
RAW mailbox completion toggle wb_sync_toggle=0

============================================================
White Rabbit Runtime 診斷：DE5 [1-11.1]
============================================================

## [Step 1] PHY / 光纖 Link
[pass] si_config_done           結果: 1/1
[pass] wr_ready                 結果: 1/1
[pass] core_tm_link_up          結果: 1/1
[pass] core_link_ok             結果: 1/1
[pass] wr_rx_ready              結果: 1/1
[pass] wr_tx_ready              結果: 1/1
[pass] core_phy_rst             結果: 0/0
[pass] si_id_error              結果: 0/0
[pass] wr_rx_enc_err            結果: 0/0
[pass] wr_tx_enc_err            結果: 0/0
[pass] CPU_RESET_n              結果: 1/1
[pass] wr_rx_locked_to_data     結果: 1/1
[info] wr_rx_locked_to_ref      結果: 0/NA
[info] MOD_PRS_n                結果: 0/NA
[info] INTERRUPT_n              結果: 1/NA
Step 1 pass

## [Step 2] Endpoint / MiniNIC / PTP
[pass] EP_MAC_H/EP_MAC_L        結果: 02:00:22:33:44:01/02:00:22:33:44:01
[pass] WDIAGS_MODE              結果: 2 MASTER/2 MASTER
[pass] WDIAGS_PTP               結果: 6 MASTER (raw=01014106)/6 MASTER
[pass] WDIAGS_PTP_RX            結果: Δ=11/Δ>0
RAW WDIAGS_PTP_RX            before=0x0000033F after=0x0000034A delta=11
[pass] WDIAGS_PTP_TX            結果: Δ=26/Δ>0
RAW WDIAGS_PTP_TX            before=0x00000729 after=0x00000743 delta=26
[pass] WDIAGS_TX                結果: Δ=33/Δ>0
RAW WDIAGS_TX                before=0x00000916 after=0x00000937 delta=33
[pass] WDIAGS_RX                結果: Δ=17/Δ>0
RAW WDIAGS_RX                before=0x000004D9 after=0x000004EA delta=17
[pass] WDIAGS_RXERR             結果: Δ=0/Δ=0
RAW WDIAGS_RXERR             before=0x00000000 after=0x00000000 delta=0
Step 2 pass

## [Step 3] WR Parent / Signaling
Step 3 NA

## [Step 4A] Master SoftPLL Event Chain
[pass] DMTD_REF_ACCEPT_EVENT    結果: Δ=25373/Δ>=0
RAW DMTD_REF_ACCEPT_EVENT    before=0x002684B7 after=0x0026E7D4 delta=25373
[pass] DMTD_FB_ACCEPT_EVENT     結果: Δ=24365/Δ>=0
RAW DMTD_FB_ACCEPT_EVENT     before=0x005973F5 after=0x0059D322 delta=24365
[pass] DMTD_ACCEPT              結果: Δ=49738/Δ>0
[pass] SPLL_TAG_VALID_COUNT     結果: Δ=24365/Δ>0
RAW SPLL_TAG_VALID_COUNT     before=0x001A48D0 after=0x001AA7FD delta=24365
[pass] SPLL_TRR_WRITE_COUNT     結果: Δ=24365/Δ>0
RAW SPLL_TRR_WRITE_COUNT     before=0x001A48FF after=0x001AA82C delta=24365
[pass] WRPC_SPLL_TRR_POP_COUNT  結果: Δ=24407/Δ>0
RAW WRPC_SPLL_TRR_POP_COUNT  before=0x001A48BA after=0x001AA811 delta=24407
[pass] WDIAGS_IRQ_COUNT         結果: Δ=24407/Δ>0
RAW WDIAGS_IRQ_COUNT         before=0x001A48BA after=0x001AA811 delta=24407
[pass] WDIAGS_HELPER_UPDATE_COUNT 結果: Δ=24406/Δ>0
RAW WDIAGS_HELPER_UPDATE_COUNT before=0x001A48BB after=0x001AA811 delta=24406
[pass] BOOT_GENERATION          結果: Δ=0/Δ=0
RAW BOOT_GENERATION          before=0x00000001 after=0x00000001 delta=0
[pass] CPU_RESET_COUNT          結果: Δ=0/Δ=0
RAW CPU_RESET_COUNT          before=0x00000001 after=0x00000001 delta=0
[pass] WR_CORE_RESET_COUNT      結果: Δ=0/Δ=0
RAW WR_CORE_RESET_COUNT      before=0x00000001 after=0x00000001 delta=0
[pass] SI_CONFIG_DROP_COUNT     結果: Δ=0/Δ=0
RAW SI_CONFIG_DROP_COUNT     before=0x00000001 after=0x00000001 delta=0
STEP4A_MASTER_EVENT_CHAIN = PASS
Step 4 pass

## [Step 5] Closed-loop Lock
STEP5_RESULT = NOT_APPLICABLE_MASTER
STEP5_FIRST_INACTIVE_BOUNDARY = SLAVE_ONLY
Step 5 NA (Step5 closed-loop gate is for Slave)

## [Step 6] Global Time
Step 6 NA

============================================================
White Rabbit Runtime 診斷：DE5 [1-11.1]
============================================================
Step 1 PHY / Link             pass
Step 2 Endpoint / PTP         pass
Step 3 WR Handshake           NA
Step 4 Step4A Master Event Chain pass
Step 5 Closed-loop Lock       NA
Step 6 Global Time            NA
STEP1_REGRESSION = PASS
STEP2_REGRESSION = PASS
STEP3_REGRESSION = PASS
STEP4A_RESULT = PASS
STEP5_RESULT = NOT_APPLICABLE_MASTER
STEP5_FIRST_INACTIVE_BOUNDARY = SLAVE_ONLY
FAILURE_CLASSIFICATION = NO_FAILURE_EVIDENCE
============================================================

================ RAW_SNAPSHOT ================
RAW_SNAPSHOT board=DE5 [1-11.1] label=before
  status           = 51105FC3215082FF
  cpu              = 0000007C000011AC
  marker           = 000000010000B004
  store            = 001A39B70001E2A0
  store_count      = 000000000B186668
  exception        = 8000000B000011AC
  clock            = 002E2FABFB072FA4
  boot_generation  = 00000001
  cpu_reset_count  = 00000001
  wr_core_reset_count = 00000001
  si_config_drop_count = 00000001
  pps_cr           = 01312D06
  pps_escr         = 0000010C
  ep_mach          = 02000200
  ep_macl          = 22334401
  ep_dsr           = 42000000
  ptp              = 01014106
  ptp_rx           = 0000033F
  ptp_tx           = 00000729
  ptp_meta         = 02020406
  tx               = 00000916
  rx               = 000004D9
  rxerr            = 00000000
  ptp_types        = 01030203
  foreign_meta     = 00000001
  filter_meta      = 00000000
  parse_meta       = 00010234
  wr_rx_signal     = 10000001
  wr_tx_signal     = 10010004
  wr_failure       = 01030001
  wr_state         = A0000064
  wr_reject        = 00000000
  pstat            = 00000001
  sstat            = 00000000
  sec_h            = 00000000
  sec_l            = 000001AE
  ns               = 0916FA58
  lock_enable      = 00000000
  lock_result      = 00000000
  lock_polls       = 00000000
  lock_unlocked    = 00000000
  lock_calibration_fail = 00000000
  spll_state       = 00020004
  spll_ocer        = 04973201
  spll_rcer        = 00000000
  spll_occr        = C20001B0
  spll_trr_csr     = 001A440A
  spll_dac_hpll    = 87DC01CD
  spll_dac_main    = 0000000C
  spll_helper_state = 00000100
  spll_helper_limits = 271000C8
  spll_main_state  = 00000000
  spll_main_limits = 00320032
  spll_main_phase_limits = 03E804B0
  spll_state_visit_mask = 00000618
  spll_state_transitions = 00000003
  spll_last_state  = 00000004
  spll_init_count  = 00000001
  dmtd_ref         = 002684B7
  dmtd_fb          = 005973F5
  dmtd_ref_high_qual_abort = 012859BC
  dmtd_fb_high_qual_abort = 00CEB163
  tag_valid        = 001A48D0
  trr_write        = 001A48FF
  irq              = 001A48BA
  helper_update    = 001A48BB
  spll_helper_error = FFFDB610
  spll_helper_output = 0000FFFB
  eic_isr          = FFFF0000
  current_tics     = 00069766
RAW_SNAPSHOT board=DE5 [1-11.1] label=after
  status           = 4110624121F082FF
  cpu              = 0000007C000011B0
  marker           = 000000010000B004
  store            = 001A98D30001E2A0
  store_count      = 000000000B4113EF
  exception        = 8000000B000011A8
  clock            = 002E8A8B55218A7C
  boot_generation  = 00000001
  cpu_reset_count  = 00000001
  wr_core_reset_count = 00000001
  si_config_drop_count = 00000001
  pps_cr           = 01312D06
  pps_escr         = 0000010C
  ep_mach          = 02000200
  ep_macl          = 22334401
  ep_dsr           = 42000000
  ptp              = 01014106
  ptp_rx           = 0000034A
  ptp_tx           = 00000743
  ptp_meta         = 02020406
  tx               = 00000937
  rx               = 000004EA
  rxerr            = 00000000
  ptp_types        = 01030203
  foreign_meta     = 00000001
  filter_meta      = 00000000
  parse_meta       = 00010245
  wr_rx_signal     = 10000001
  wr_tx_signal     = 10010004
  wr_failure       = 01030001
  wr_state         = A0000064
  wr_reject        = 00000000
  pstat            = 00000001
  sstat            = 00000000
  sec_h            = 00000000
  sec_l            = 000001B4
  ns               = 09011A70
  lock_enable      = 00000000
  lock_result      = 00000000
  lock_polls       = 00000000
  lock_unlocked    = 00000000
  lock_calibration_fail = 00000000
  spll_state       = 00020004
  spll_ocer        = 76959601
  spll_rcer        = 00000000
  spll_occr        = F000019C
  spll_trr_csr     = 001AA260
  spll_dac_hpll    = B55204B5
  spll_dac_main    = 0000000C
  spll_helper_state = 00000100
  spll_helper_limits = 271000C8
  spll_main_state  = 00000000
  spll_main_limits = 00320032
  spll_main_phase_limits = 03E804B0
  spll_state_visit_mask = 00000618
  spll_state_transitions = 00000003
  spll_last_state  = 00000004
  spll_init_count  = 00000001
  dmtd_ref         = 0026E7D4
  dmtd_fb          = 0059D322
  dmtd_ref_high_qual_abort = 012C8BC8
  dmtd_fb_high_qual_abort = 00D19D57
  tag_valid        = 001AA7FD
  trr_write        = 001AA82C
  irq              = 001AA811
  helper_update    = 001AA811
  spll_helper_error = FFFDB610
  spll_helper_output = 0000FFFB
  eic_isr          = FFFF0000
  current_tics     = 0006AF3B
RAW mailbox completion toggle wb_sync_toggle=1

============================================================
White Rabbit Runtime 診斷：DE5 [1-11.2]
============================================================

## [Step 1] PHY / 光纖 Link
[pass] si_config_done           結果: 1/1
[pass] wr_ready                 結果: 1/1
[pass] core_tm_link_up          結果: 1/1
[pass] core_link_ok             結果: 1/1
[pass] wr_rx_ready              結果: 1/1
[pass] wr_tx_ready              結果: 1/1
[pass] core_phy_rst             結果: 0/0
[pass] si_id_error              結果: 0/0
[pass] wr_rx_enc_err            結果: 0/0
[pass] wr_tx_enc_err            結果: 0/0
[pass] CPU_RESET_n              結果: 1/1
[pass] wr_rx_locked_to_data     結果: 1/1
[info] wr_rx_locked_to_ref      結果: 0/NA
[info] MOD_PRS_n                結果: 0/NA
[info] INTERRUPT_n              結果: 1/NA
Step 1 pass

## [Step 2] Endpoint / MiniNIC / PTP
[pass] EP_MAC_H/EP_MAC_L        結果: 02:00:22:33:44:02/02:00:22:33:44:02
[pass] WDIAGS_MODE              結果: 3 SLAVE/3 SLAVE
[pass] WDIAGS_PTP               結果: 9 SLAVE (raw=00004109)/9 SLAVE
[pass] WDIAGS_PTP_RX            結果: Δ=27/Δ>0
RAW WDIAGS_PTP_RX            before=0x000007F1 after=0x0000080C delta=27
[pass] WDIAGS_PTP_TX            結果: Δ=4/Δ>0
RAW WDIAGS_PTP_TX            before=0x000001B3 after=0x000001B7 delta=4
[pass] WDIAGS_TX                結果: Δ=19/Δ>0
RAW WDIAGS_TX                before=0x000005F8 after=0x0000060B delta=19
[pass] WDIAGS_RX                結果: Δ=33/Δ>0
RAW WDIAGS_RX                before=0x000009C3 after=0x000009E4 delta=33
[pass] WDIAGS_RXERR             結果: Δ=0/Δ=0
RAW WDIAGS_RXERR             before=0x00000000 after=0x00000000 delta=0
Step 2 pass

## [Step 3] WR Parent / Signaling
[pass] WDIAGS_FOREIGN_META      結果: 1/1
[pass] WDIAGS_FOREIGN_META      結果: 0/0
[info] WDIAGS_FOREIGN_META      結果: detection=0 config=3/NA
[pass] parentIsWRnode           結果: 1/1
[info] parentWrModeOn           結果: 0/NA
[pass] parentCalibrated         結果: 1/1
[pass] WR_RX_SIGNAL_DEBUG       結果: LOCK count=1/LOCK 0x1001,count>0
[pass] WR_TX_SIGNAL_DEBUG       結果: SLAVE_PRESENT count=1/SLAVE_PRESENT 0x1000,count>0
[info] WDIAGS_TEMP              結果: WRS_IDLE next=WRS_IDLE POST_STEP3_TIMEOUT/NA
[pass] LOCK_ENABLE              結果: 4/> 0
[info] WR_FAILURE_DEBUG         結果: TIMEOUT last_fail_state=WRS_S_LOCK failure_count=1/NA
Step 3 pass

## [Step 4B] Slave SoftPLL Startup
[pass] LOCK_ENABLE_COUNT        結果: 4/> 0
[pass] SPLL_MODE                結果: 3 (SPLL_MODE_SLAVE)/3 SPLL_MODE_SLAVE
[pass] SPLL_SEQ_STATE           結果: 4 (SEQ_WAIT_HELPER)/active, not 0/7
[pass] SPLL_STATE_VISIT_MASK    結果: 0x00000618/> 0
[pass] SPLL_INIT_COUNT          結果: 1/> 0
[pass] RCER                     結果: 0x00000001/> 0
[pass] OCER                     結果: 0xB0D20A01/> 0
[info] SPLL_ALIGN_STATE         結果: 0/NA
[info] SPLL_STATE_TRANSITIONS   結果: 0x00000003/NA
[info] SPLL_LAST_STATE          結果: 4 (SEQ_WAIT_HELPER)/NA
[info] OCCR                     結果: 0x9100014E/NA
[pass] DMTD_REF_ACCEPT_EVENT    結果: Δ=23363/Δ>=0
RAW DMTD_REF_ACCEPT_EVENT    before=0x02D1E94F after=0x02D24492 delta=23363
[pass] DMTD_FB_ACCEPT_EVENT     結果: Δ=24372/Δ>=0
RAW DMTD_FB_ACCEPT_EVENT     before=0x029E8E7A after=0x029EEDAE delta=24372
[pass] DMTD_ACCEPT              結果: Δ=47735/Δ>0
[pass] SPLL_TAG_VALID_COUNT     結果: Δ=47750/Δ>0
RAW SPLL_TAG_VALID_COUNT     before=0x0039B98B after=0x003A7411 delta=47750
[pass] SPLL_TRR_WRITE_COUNT     結果: Δ=47752/Δ>0
RAW SPLL_TRR_WRITE_COUNT     before=0x0039B9E5 after=0x003A746D delta=47752
[pass] WRPC_SPLL_TRR_POP_COUNT  結果: Δ=47795/Δ>0
RAW WRPC_SPLL_TRR_POP_COUNT  before=0x0039B96C after=0x003A741F delta=47795
[pass] WDIAGS_IRQ_COUNT         結果: Δ=46821/Δ>0
RAW WDIAGS_IRQ_COUNT         before=0x0038937C after=0x00394A61 delta=46821
[pass] WDIAGS_HELPER_UPDATE_COUNT 結果: Δ=23392/Δ>0
RAW WDIAGS_HELPER_UPDATE_COUNT before=0x001BEF81 after=0x001C4AE1 delta=23392
[pass] BOOT_GENERATION          結果: Δ=0/Δ=0
RAW BOOT_GENERATION          before=0x00000001 after=0x00000001 delta=0
[pass] CPU_RESET_COUNT          結果: Δ=0/Δ=0
RAW CPU_RESET_COUNT          before=0x00000001 after=0x00000001 delta=0
[pass] WR_CORE_RESET_COUNT      結果: Δ=0/Δ=0
RAW WR_CORE_RESET_COUNT      before=0x00000001 after=0x00000001 delta=0
[pass] SI_CONFIG_DROP_COUNT     結果: Δ=0/Δ=0
RAW SI_CONFIG_DROP_COUNT     before=0x00000001 after=0x00000001 delta=0
STEP4B_ALLOWED = YES
STEP4B_RESULT = PASS
STEP4B_FIRST_INACTIVE_BOUNDARY = ACTIVE
Step 4B pass
Step 4 pass

## [Step 5] Closed-loop Lock
STEP5_LOCKDET_BEFORE: HELPER locked=0 changed=0 cnt=2/10000 threshold=200 ref_src=0 MAIN enabled=0 locked=0 freq=0 phase=0 freq_cnt=0/50 phase_cnt=0/1000 PSTAT_locked=0
STEP5_LOCKDET_AFTER: HELPER locked=0 changed=0 cnt=2/10000 threshold=200 ref_src=0 MAIN enabled=0 locked=0 freq=0 phase=0 freq_cnt=0/50 phase_cnt=0/1000 PSTAT_locked=0
[error] WDIAGS_PSTAT             結果: 0/1
STEP5_RESULT = NEVER_LOCKED
STEP5_FIRST_INACTIVE_BOUNDARY = HELPER_LOCK
Step 5 NA (single window is not stable-lock proof)

## [Step 6] Global Time
Step 6 NA

============================================================
White Rabbit Runtime 診斷：DE5 [1-11.2]
============================================================
Step 1 PHY / Link             pass
Step 2 Endpoint / PTP         pass
Step 3 WR Handshake           pass
Step 4 Step4B Slave SoftPLL Startup pass
Step 5 Closed-loop Lock       NA
Step 6 Global Time            NA
STEP1_REGRESSION = PASS
STEP2_REGRESSION = PASS
STEP3_REGRESSION = PASS
STEP4B_ALLOWED = YES
STEP4B_RESULT = PASS
STEP4B_FIRST_INACTIVE_BOUNDARY = ACTIVE
STEP5_RESULT = NEVER_LOCKED
STEP5_FIRST_INACTIVE_BOUNDARY = HELPER_LOCK
FAILURE_CLASSIFICATION = NO_FAILURE_EVIDENCE
============================================================

================ RAW_SNAPSHOT ================
RAW_SNAPSHOT board=DE5 [1-11.2] label=before
  status           = 411ED6C127F882CF
  cpu              = 0000007C000011B8
  marker           = 000000010000B004
  store            = 003876E60001E2A0
  store_count      = 00000000102D6AB8
  exception        = 8000000B000011A8
  clock            = 0029AE9E0F964C93
  boot_generation  = 00000001
  cpu_reset_count  = 00000001
  wr_core_reset_count = 00000001
  si_config_drop_count = 00000001
  pps_cr           = 01312D02
  pps_escr         = 00000100
  ep_mach          = 02000200
  ep_macl          = 22334402
  ep_dsr           = 42000000
  ptp              = 00004109
  ptp_rx           = 000007F1
  ptp_tx           = 000001B3
  ptp_meta         = 03020409
  tx               = 000005F8
  rx               = 000009C3
  rxerr            = 00000000
  ptp_types        = 049BCC9B
  foreign_meta     = 03000001
  filter_meta      = 00000000
  parse_meta       = 0501CCEC
  wr_rx_signal     = 10010001
  wr_tx_signal     = 10000001
  wr_failure       = 02020001
  wr_state         = A000035C
  wr_reject        = 00000000
  pstat            = 00000001
  sstat            = 00000001
  sec_h            = 00000000
  sec_l            = 000001B5
  ns               = 22914700
  lock_enable      = 00000004
  lock_result      = 00000001
  lock_polls       = 00005B1B
  lock_unlocked    = 00005B1B
  lock_calibration_fail = 00000000
  spll_state       = 00030004
  spll_ocer        = 48B1AE01
  spll_rcer        = 00000001
  spll_occr        = 470001D8
  spll_trr_csr     = 003AB048
  spll_dac_hpll    = 6151A432
  spll_dac_main    = 0000000E
  spll_helper_state = 00020000
  spll_helper_limits = 271000C8
  spll_main_state  = 00000000
  spll_main_limits = 00320032
  spll_main_phase_limits = 03E804B0
  spll_state_visit_mask = 00000618
  spll_state_transitions = 00000003
  spll_last_state  = 00000004
  spll_init_count  = 00000001
  dmtd_ref         = 02D1E94F
  dmtd_fb          = 029E8E7A
  dmtd_ref_high_qual_abort = 09DC0515
  dmtd_fb_high_qual_abort = 001DC297
  tag_valid        = 0039B98B
  trr_write        = 0039B9E5
  irq              = 0038937C
  helper_update    = 001BEF81
  spll_helper_error = 000249F0
  spll_helper_output = 00000005
  eic_isr          = FFFF0000
  current_tics     = 0007A357
RAW_SNAPSHOT board=DE5 [1-11.2] label=after
  status           = 911E516137BC82CF
  cpu              = 0000007C000011B0
  marker           = 000000010000B004
  store            = 00392D0A0001E2A0
  store_count      = 0000000010611D2A
  exception        = 8000000B000011A8
  clock            = 0028F51E5560931A
  boot_generation  = 00000001
  cpu_reset_count  = 00000001
  wr_core_reset_count = 00000001
  si_config_drop_count = 00000001
  pps_cr           = 01312D02
  pps_escr         = 00000100
  ep_mach          = 02000200
  ep_macl          = 22334402
  ep_dsr           = 42000000
  ptp              = 00004109
  ptp_rx           = 0000080C
  ptp_tx           = 000001B7
  ptp_meta         = 03020409
  tx               = 0000060B
  rx               = 000009E4
  rxerr            = 00000000
  ptp_types        = 04A1CFA1
  foreign_meta     = 03000001
  filter_meta      = 00000000
  parse_meta       = 0501CF06
  wr_rx_signal     = 10010001
  wr_tx_signal     = 10000001
  wr_failure       = 02020001
  wr_state         = A000035C
  wr_reject        = 00000000
  pstat            = 00000001
  sstat            = 00000001
  sec_h            = 00000000
  sec_l            = 000001BB
  ns               = 229145E8
  lock_enable      = 00000004
  lock_result      = 00000001
  lock_polls       = 00005B1B
  lock_unlocked    = 00005B1B
  lock_calibration_fail = 00000000
  spll_state       = 00030004
  spll_ocer        = B0D20A01
  spll_rcer        = 00000001
  spll_occr        = 9100014E
  spll_trr_csr     = 003A6AEA
  spll_dac_hpll    = 8EC172D8
  spll_dac_main    = 0000000E
  spll_helper_state = 00020000
  spll_helper_limits = 271000C8
  spll_main_state  = 00000000
  spll_main_limits = 00320032
  spll_main_phase_limits = 03E804B0
  spll_state_visit_mask = 00000618
  spll_state_transitions = 00000003
  spll_last_state  = 00000004
  spll_init_count  = 00000001
  dmtd_ref         = 02D24492
  dmtd_fb          = 029EEDAE
  dmtd_ref_high_qual_abort = 09DD5A4C
  dmtd_fb_high_qual_abort = 001E213E
  tag_valid        = 003A7411
  trr_write        = 003A746D
  irq              = 00394A61
  helper_update    = 001C4AE1
  spll_helper_error = 000249F0
  spll_helper_output = 00000005
  eic_isr          = FFFF0000
  current_tics     = 0007BB2B

============================================================
JTAG/WB transport health summary
============================================================
WB_TRANSPORT_PROTOCOL = PRELOAD_THEN_TOGGLE_COMMIT
WB_REQUEST_COUNT = 356
PRELOAD_COUNT = 356
COMMIT_COUNT = 356
WB_PROBE_READ_COUNT = 1780
PRELOAD_UNEXPECTED_TRIGGER_COUNT = 0
PROBE_3WAY_MATCH_COUNT = 356
STABLE_RESPONSE_WRONG_COUNT = 0
ADDRESS_CROSS_CONTAMINATION_COUNT = 0
TIMEOUT_COUNT = 0
INVALID_COUNT = 0
STALE_A5A5_COUNT = 0
UNSTABLE_TRANSACTION_COUNT = 0
DMTD_REF_DECREASE_COUNT = 0
DMTD_FB_DECREASE_COUNT = 0
PRELOAD_PROTOCOL_RUNTIME_REVALIDATION = PASS
JTAG_WB_DIAGNOSTIC_PATH = TRUSTED
============================================================

============================================================
STEP4A_RESULT = PASS
STEP4B_ALLOWED = YES
STEP4B_RESULT = PASS
STEP4B_FIRST_INACTIVE_BOUNDARY = ACTIVE
STEP5_RESULT = NOT_APPLICABLE_MASTER
STEP5_FIRST_INACTIVE_BOUNDARY = SLAVE_ONLY
STEP5_RESULT = NEVER_LOCKED
STEP5_FIRST_INACTIVE_BOUNDARY = HELPER_LOCK
============================================================
Info (23030): Evaluation of Tcl script scripts/jtag/read_wb_runtime.tcl was successful
Info: Quartus Prime Signal Tap was successful. 0 errors, 0 warnings
    Info: Peak virtual memory: 677 megabytes
    Info: Processing ended: Wed Sep  2 21:22:55 2026
    Info: Elapsed time: 00:00:15
    Info: System process ID: 3645846
