

Info: *******************************************************************
Info: Running Quartus Prime Programmer
    Info: Version 21.3.0 Build 170 09/23/2021 SC Pro Edition
    Info: Copyright (C) 2021  Intel Corporation. All rights reserved.
    Info: Your use of Intel Corporation's design tools, logic functions 
    Info: and other software and tools, and any partner logic 
    Info: functions, and any output files from any of the foregoing 
    Info: (including device programming or simulation files), and any 
    Info: associated documentation or information are expressly subject 
    Info: to the terms and conditions of the Intel Program License 
    Info: Subscription Agreement, the Intel Quartus Prime License Agreement,
    Info: the Intel FPGA IP License Agreement, or other applicable license
    Info: agreement, including, without limitation, that your use is for
    Info: the sole purpose of programming logic devices manufactured by
    Info: Intel and sold by Intel or its authorized distributors.  Please
    Info: refer to the applicable agreement for further details, at
    Info: https://fpgasoftware.intel.com/eula.
    Info: Processing started: Wed Sep  2 21:14:08 2026
    Info: System process ID: 3642562
Info: Command: quartus_pgm -c "DE5 [1-11.2]" -m jtag -o p;/home/b10504072/04_WR/artifacts/exp-step5-frozen-fit-20260902/staging-88604a5-maintrace-run-20260902/quartus/jtag_runtime_diag/output_files_slave_jtag/DE5a_wr_slave_jtag.sof
Info (213045): Using programming cable "DE5 [1-11.2]"
Info (213011): Using programming file /home/b10504072/04_WR/artifacts/exp-step5-frozen-fit-20260902/staging-88604a5-maintrace-run-20260902/quartus/jtag_runtime_diag/output_files_slave_jtag/DE5a_wr_slave_jtag.sof with checksum 0x30B622DD for device 10AX115N2F45@1
Info (209060): Started Programmer operation at Wed Sep  2 21:14:14 2026
Info (209016): Configuring device index 1
Info (209017): Device 1 contains JTAG ID code 0x02E660DD
Info (209007): Configuration succeeded -- 1 device(s) configured
Info (209011): Successfully performed operation(s)
Info (209061): Ended Programmer operation at Wed Sep  2 21:14:28 2026
Info: Quartus Prime Programmer was successful. 0 errors, 0 warnings
    Info: Peak virtual memory: 2458 megabytes
    Info: Processing ended: Wed Sep  2 21:14:28 2026
    Info: Elapsed time: 00:00:20
    Info: System process ID: 3642562
