Info: *******************************************************************
Info: Running Quartus Prime SignalTap II
    Info: Version 17.0.0 Build 595 04/25/2017 SJ Standard Edition
    Info: Copyright (C) 2017  Intel Corporation. All rights reserved.
    Info: Your use of Intel Corporation's design tools, logic functions 
    Info: and other software and tools, and its AMPP partner logic 
    Info: functions, and any output files from any of the foregoing 
    Info: (including device programming or simulation files), and any 
    Info: associated documentation or information are expressly subject 
    Info: to the terms and conditions of the Intel Program License 
    Info: Subscription Agreement, the Intel Quartus Prime License Agreement,
    Info: the Intel MegaCore Function License Agreement, or other 
    Info: applicable license agreement, including, without limitation, 
    Info: that your use is for the sole purpose of programming logic 
    Info: devices manufactured by Intel and sold by Intel or its 
    Info: authorized distributors.  Please refer to the applicable 
    Info: agreement for further details.
    Info: Processing started: Mon Aug 24 14:17:58 2026
Info: Command: quartus_stp -t scripts/jtag/read_master_ptp_slave_parent_long.tcl 10 500
Info: Quartus(args): 10 500
MINIMAL_RUNTIME_CONFIG samples=10 gap_ms=500
=== MINIMAL_BOARD DE5 [1-11.1] ===
MIN_SAMPLE board=DE5 [1-11.1] sample=001 status=EF marker=0000B004 seen=1 fault=0 im_valid=1 MODE=3 PTP=00000004 PTP_RX=000006CE PTP_TX=00000556 SSTAT=00000001 PSTAT=00000001 FOREIGN=0000FF00 PARSE=00C17A90 SPLL_STATE=00000000 OCER=23346600 RCER=00000000 OCCR=00000100 TRR_CSR=00020000 EIC_IMR=40100000 EIC_ISR=00000000 REF=00000000 TAG=00000000 TAG_SOURCE=448C26EC TAG_VALID=00000000 TRR_WRITE=00000000 IRQ=00000000 HELPER_ERROR=00000000
MIN_SAMPLE board=DE5 [1-11.1] sample=002 status=EF marker=0000B004 seen=1 fault=0 im_valid=1 MODE=3 PTP=00000004 PTP_RX=000006CE PTP_TX=00000556 SSTAT=00000001 PSTAT=00000001 FOREIGN=0000FF00 PARSE=00C17A91 SPLL_STATE=00000000 OCER=2420E800 RCER=00000000 OCCR=00000100 TRR_CSR=00020000 EIC_IMR=40240000 EIC_ISR=00000000 REF=00000000 TAG=00000000 TAG_SOURCE=44E95F75 TAG_VALID=00000000 TRR_WRITE=00000000 IRQ=00000000 HELPER_ERROR=00000000
MIN_SAMPLE board=DE5 [1-11.1] sample=003 status=EF marker=0000B004 seen=1 fault=0 im_valid=1 MODE=3 PTP=00000004 PTP_RX=000006CE PTP_TX=00000556 SSTAT=00000001 PSTAT=00000001 FOREIGN=0000FF00 PARSE=00C17A92 SPLL_STATE=00000000 OCER=25105400 RCER=00000000 OCCR=00000100 TRR_CSR=00000000 EIC_IMR=40380000 EIC_ISR=00000000 REF=00000000 TAG=00000000 TAG_SOURCE=45462D67 TAG_VALID=00000000 TRR_WRITE=00000000 IRQ=00000000 HELPER_ERROR=00000000
MIN_SAMPLE board=DE5 [1-11.1] sample=004 status=EF marker=0000B004 seen=1 fault=0 im_valid=1 MODE=3 PTP=00000004 PTP_RX=000006CE PTP_TX=00000556 SSTAT=00000001 PSTAT=00000001 FOREIGN=0000FF00 PARSE=00C17A92 SPLL_STATE=00000000 OCER=25105400 RCER=00000000 OCCR=00000100 TRR_CSR=00020000 EIC_IMR=410C0000 EIC_ISR=00000000 REF=00000000 TAG=00000000 TAG_SOURCE=45A2EB1C TAG_VALID=00000000 TRR_WRITE=00000000 IRQ=00000000 HELPER_ERROR=00000000
MIN_SAMPLE board=DE5 [1-11.1] sample=005 valid=0 STATUS=511E5E41255082EF PTP=00000004 PTP_META=03020404 FOREIGN=INVALID PARSE=00C27B93 SPLL_STATE=00000000
MIN_SAMPLE board=DE5 [1-11.1] sample=006 valid=0 STATUS=511E5E41353C82EF PTP=00000004 PTP_META=03020404 FOREIGN=INVALID PARSE=00C27B96 SPLL_STATE=00000000
MIN_SAMPLE board=DE5 [1-11.1] sample=007 valid=0 STATUS=511E5EC3255482EF PTP=00000004 PTP_META=03020404 FOREIGN=INVALID PARSE=00C27B97 SPLL_STATE=00000000
MIN_SAMPLE board=DE5 [1-11.1] sample=008 valid=0 STATUS=511E5E6135F882EF PTP=00000004 PTP_META=03020404 FOREIGN=INVALID PARSE=00C27B97 SPLL_STATE=00000000
MIN_SAMPLE board=DE5 [1-11.1] sample=009 valid=0 STATUS=511E5EE135BC82EF PTP=00000004 PTP_META=03020404 FOREIGN=INVALID PARSE=00C27B98 SPLL_STATE=00000000
MIN_SAMPLE board=DE5 [1-11.1] sample=010 valid=0 STATUS=511E5EC3255482EF PTP=00000004 PTP_META=03020404 FOREIGN=INVALID PARSE=00C27B99 SPLL_STATE=00000000
=== MINIMAL_BOARD DE5 [1-11.2] ===
MIN_SAMPLE board=DE5 [1-11.2] sample=001 status=EF marker=0000B004 seen=1 fault=0 im_valid=1 MODE=3 PTP=00000009 PTP_RX=00000556 PTP_TX=0000069D SSTAT=00000001 PSTAT=00000001 FOREIGN=00000001 PARSE=00BF9F33 SPLL_STATE=00000000 OCER=263CE400 RCER=00000000 OCCR=00000100 TRR_CSR=00020000 EIC_IMR=02180000 EIC_ISR=00000000 REF=00000000 TAG=00000000 TAG_SOURCE=2609B9F8 TAG_VALID=00000000 TRR_WRITE=00000000 IRQ=00000000 HELPER_ERROR=00000000
MIN_SAMPLE board=DE5 [1-11.2] sample=002 status=EF marker=0000B004 seen=1 fault=0 im_valid=1 MODE=3 PTP=00000009 PTP_RX=00000556 PTP_TX=0000069E SSTAT=00000001 PSTAT=00000001 FOREIGN=00000001 PARSE=00BF9F35 SPLL_STATE=00000000 OCER=27247200 RCER=00000000 OCCR=00000100 TRR_CSR=00020000 EIC_IMR=021C0000 EIC_ISR=00000000 REF=00000000 TAG=00000000 TAG_SOURCE=266554BB TAG_VALID=00000000 TRR_WRITE=00000000 IRQ=00000000 HELPER_ERROR=00000000
MIN_SAMPLE board=DE5 [1-11.2] sample=003 status=EF marker=0000B004 seen=1 fault=0 im_valid=1 MODE=3 PTP=00000009 PTP_RX=00000556 PTP_TX=0000069F SSTAT=00000001 PSTAT=00000001 FOREIGN=00000001 PARSE=00BF9F37 SPLL_STATE=00000000 OCER=28081E00 RCER=00000000 OCCR=00000100 TRR_CSR=00020000 EIC_IMR=021C0000 EIC_ISR=00000000 REF=00000000 TAG=00000000 TAG_SOURCE=26C0F073 TAG_VALID=00000000 TRR_WRITE=00000000 IRQ=00000000 HELPER_ERROR=00000000
MIN_SAMPLE board=DE5 [1-11.2] sample=004 status=EF marker=0000B004 seen=1 fault=0 im_valid=1 MODE=3 PTP=00000009 PTP_RX=00000556 PTP_TX=0000069F SSTAT=00000001 PSTAT=00000001 FOREIGN=00000001 PARSE=00BF9F37 SPLL_STATE=00000000 OCER=28081E00 RCER=00000000 OCCR=00000100 TRR_CSR=00020000 EIC_IMR=021C0000 EIC_ISR=00000000 REF=00000000 TAG=00000000 TAG_SOURCE=271C8846 TAG_VALID=00000000 TRR_WRITE=00000000 IRQ=00000000 HELPER_ERROR=00000000
MIN_SAMPLE board=DE5 [1-11.2] sample=005 status=EF marker=0000B004 seen=1 fault=0 im_valid=1 MODE=3 PTP=00000009 PTP_RX=00000556 PTP_TX=000006A0 SSTAT=00000001 PSTAT=00000001 FOREIGN=00000001 PARSE=00BF9F39 SPLL_STATE=00000000 OCER=2930D000 RCER=00000000 OCCR=00000100 TRR_CSR=00020000 EIC_IMR=02200000 EIC_ISR=00000000 REF=00000000 TAG=00000000 TAG_SOURCE=27785CA8 TAG_VALID=00000000 TRR_WRITE=00000000 IRQ=00000000 HELPER_ERROR=00000000
MIN_SAMPLE board=DE5 [1-11.2] sample=006 status=EF marker=0000B004 seen=1 fault=0 im_valid=1 MODE=3 PTP=00000009 PTP_RX=00000559 PTP_TX=000006A2 SSTAT=00000001 PSTAT=00000001 FOREIGN=00000001 PARSE=00BFA03D SPLL_STATE=00000000 OCER=2B145800 RCER=00000000 OCCR=00000100 TRR_CSR=00020000 EIC_IMR=02200000 EIC_ISR=00000000 REF=00000000 TAG=00000000 TAG_SOURCE=27D404A4 TAG_VALID=00000000 TRR_WRITE=00000000 IRQ=00000000 HELPER_ERROR=00000000
MIN_SAMPLE board=DE5 [1-11.2] sample=007 status=EF marker=0000B004 seen=1 fault=0 im_valid=1 MODE=3 PTP=00000009 PTP_RX=00000559 PTP_TX=000006A2 SSTAT=00000001 PSTAT=00000001 FOREIGN=00000001 PARSE=00BFA03D SPLL_STATE=00000000 OCER=2B145800 RCER=00000000 OCCR=00000100 TRR_CSR=00020000 EIC_IMR=02200000 EIC_ISR=00000000 REF=00000000 TAG=00000000 TAG_SOURCE=282FBC1A TAG_VALID=00000000 TRR_WRITE=00000000 IRQ=00000000 HELPER_ERROR=00000000
MIN_SAMPLE board=DE5 [1-11.2] sample=008 status=EF marker=0000B004 seen=1 fault=0 im_valid=1 MODE=3 PTP=00000009 PTP_RX=00000559 PTP_TX=000006A3 SSTAT=00000001 PSTAT=00000001 FOREIGN=00000001 PARSE=00BFA03F SPLL_STATE=00000000 OCER=2C38F000 RCER=00000000 OCCR=00000100 TRR_CSR=00020000 EIC_IMR=02240000 EIC_ISR=00000000 REF=00000000 TAG=00000000 TAG_SOURCE=288B6671 TAG_VALID=00000000 TRR_WRITE=00000000 IRQ=00000000 HELPER_ERROR=00000000
MIN_SAMPLE board=DE5 [1-11.2] sample=009 status=EF marker=0000B004 seen=1 fault=0 im_valid=1 MODE=3 PTP=00000009 PTP_RX=00000559 PTP_TX=000006A6 SSTAT=00000001 PSTAT=00000001 FOREIGN=00000001 PARSE=00BFA045 SPLL_STATE=00000000 OCER=2D208000 RCER=00000000 OCCR=00000100 TRR_CSR=00020000 EIC_IMR=02240000 EIC_ISR=00000000 REF=00000000 TAG=00000000 TAG_SOURCE=28E7053A TAG_VALID=00000000 TRR_WRITE=00000000 IRQ=00000000 HELPER_ERROR=00000000
MIN_SAMPLE board=DE5 [1-11.2] sample=010 status=EF marker=0000B004 seen=1 fault=0 im_valid=1 MODE=3 PTP=00000009 PTP_RX=00000559 PTP_TX=000006A6 SSTAT=00000001 PSTAT=00000001 FOREIGN=00000001 PARSE=00BFA045 SPLL_STATE=00000000 OCER=2D208000 RCER=00000000 OCCR=00000100 TRR_CSR=00020000 EIC_IMR=02280000 EIC_ISR=00000000 REF=00000000 TAG=00000000 TAG_SOURCE=2942C3B1 TAG_VALID=00000000 TRR_WRITE=00000000 IRQ=00000000 HELPER_ERROR=00000000
MINIMAL_RUNTIME_DONE
Info (23030): Evaluation of Tcl script scripts/jtag/read_master_ptp_slave_parent_long.tcl was successful
Info: Quartus Prime SignalTap II was successful. 0 errors, 0 warnings
    Info: Peak virtual memory: 772 megabytes
    Info: Processing ended: Mon Aug 24 14:18:12 2026
    Info: Elapsed time: 00:00:14
    Info: Total CPU time (on all processors): 00:00:00
