Info: *******************************************************************
Info: Running Quartus Prime SignalTap II
    Info: Version 17.0.0 Build 595 04/25/2017 SJ Standard Edition
    Info: Copyright (C) 2017  Intel Corporation. All rights reserved.
    Info: Your use of Intel Corporation's design tools, logic functions 
    Info: and other software and tools, and its AMPP partner logic 
    Info: functions, and any output files from any of the foregoing 
    Info: (including device programming or simulation files), and any 
    Info: associated documentation or information are expressly subject 
    Info: to the terms and conditions of the Intel Program License 
    Info: Subscription Agreement, the Intel Quartus Prime License Agreement,
    Info: the Intel MegaCore Function License Agreement, or other 
    Info: applicable license agreement, including, without limitation, 
    Info: that your use is for the sole purpose of programming logic 
    Info: devices manufactured by Intel and sold by Intel or its 
    Info: authorized distributors.  Please refer to the applicable 
    Info: agreement for further details.
    Info: Processing started: Sun Aug 23 20:21:24 2026
Info: Command: quartus_stp -t scripts/jtag/read_wr_handshake_focused.tcl 20 250
Info: Quartus(args): 20 250
FOCUSED_CONFIG samples=20 gap_ms=250
=== FOCUSED_BOARD DE5 [1-11.1] ===
FOCUSED_SAMPLE board=DE5 [1-11.1] sample=001 valid=1 status=FF mac=02:00:22:33:44:01 mode=2 ptp=6 ptp_rx=65 ptp_tx=148 minic_tx=205 minic_rx=117 rxerr=0 foreign=0/255 detection=0 wr_config=0 parent=0/0/0 local_state=3 next_state=3 rx=0x1000/1 tx=0x1001/2 fail=0/0/0 reject=0/0 lock=0/0 polls=0 enable=0 rcer=0x00000000 sstat=0x00000000 pstat=0x00000001
FOCUSED_SAMPLE board=DE5 [1-11.1] sample=002 valid=1 status=FF mac=02:00:22:33:44:01 mode=2 ptp=6 ptp_rx=67 ptp_tx=154 minic_tx=212 minic_rx=120 rxerr=0 foreign=0/255 detection=0 wr_config=0 parent=0/0/0 local_state=3 next_state=3 rx=0x1000/1 tx=0x1001/3 fail=0/0/0 reject=0/0 lock=0/0 polls=0 enable=0 rcer=0x00000000 sstat=0x00000000 pstat=0x00000001
FOCUSED_SAMPLE board=DE5 [1-11.1] sample=003 valid=1 status=FF mac=02:00:22:33:44:01 mode=2 ptp=6 ptp_rx=67 ptp_tx=154 minic_tx=212 minic_rx=120 rxerr=0 foreign=0/255 detection=0 wr_config=0 parent=0/0/0 local_state=3 next_state=3 rx=0x1000/1 tx=0x1001/3 fail=0/0/0 reject=0/0 lock=0/0 polls=0 enable=0 rcer=0x00000000 sstat=0x00000000 pstat=0x00000001
FOCUSED_SAMPLE board=DE5 [1-11.1] sample=004 valid=1 status=FF mac=02:00:22:33:44:01 mode=2 ptp=6 ptp_rx=69 ptp_tx=159 minic_tx=219 minic_rx=123 rxerr=0 foreign=0/255 detection=0 wr_config=0 parent=0/0/0 local_state=3 next_state=3 rx=0x1000/1 tx=0x1001/3 fail=0/0/0 reject=0/0 lock=0/0 polls=0 enable=0 rcer=0x00000000 sstat=0x00000000 pstat=0x00000001
FOCUSED_SAMPLE board=DE5 [1-11.1] sample=005 valid=1 status=FF mac=02:00:22:33:44:01 mode=2 ptp=6 ptp_rx=69 ptp_tx=159 minic_tx=219 minic_rx=123 rxerr=0 foreign=0/255 detection=0 wr_config=0 parent=0/0/0 local_state=3 next_state=3 rx=0x1000/1 tx=0x1001/3 fail=0/0/0 reject=0/0 lock=0/0 polls=0 enable=0 rcer=0x00000000 sstat=0x00000000 pstat=0x00000001
FOCUSED_SAMPLE board=DE5 [1-11.1] sample=006 valid=1 status=FF mac=02:00:22:33:44:01 mode=2 ptp=6 ptp_rx=71 ptp_tx=163 minic_tx=224 minic_rx=126 rxerr=0 foreign=0/255 detection=0 wr_config=0 parent=0/0/0 local_state=3 next_state=3 rx=0x1000/1 tx=0x1001/3 fail=0/0/0 reject=0/0 lock=0/0 polls=0 enable=0 rcer=0x00000000 sstat=0x00000000 pstat=0x00000001
FOCUSED_SAMPLE board=DE5 [1-11.1] sample=007 valid=1 status=FF mac=02:00:22:33:44:01 mode=2 ptp=6 ptp_rx=71 ptp_tx=163 minic_tx=224 minic_rx=126 rxerr=0 foreign=0/255 detection=0 wr_config=0 parent=0/0/0 local_state=3 next_state=3 rx=0x1000/1 tx=0x1001/3 fail=0/0/0 reject=0/0 lock=0/0 polls=0 enable=0 rcer=0x00000000 sstat=0x00000000 pstat=0x00000001
FOCUSED_SAMPLE board=DE5 [1-11.1] sample=008 valid=1 status=FF mac=02:00:22:33:44:01 mode=2 ptp=6 ptp_rx=73 ptp_tx=168 minic_tx=230 minic_rx=129 rxerr=0 foreign=0/255 detection=0 wr_config=0 parent=0/0/0 local_state=3 next_state=3 rx=0x1000/1 tx=0x1001/3 fail=0/0/0 reject=0/0 lock=0/0 polls=0 enable=0 rcer=0x00000000 sstat=0x00000000 pstat=0x00000001
FOCUSED_SAMPLE board=DE5 [1-11.1] sample=009 valid=1 status=FF mac=02:00:22:33:44:01 mode=2 ptp=6 ptp_rx=73 ptp_tx=168 minic_tx=230 minic_rx=129 rxerr=0 foreign=0/255 detection=0 wr_config=0 parent=0/0/0 local_state=3 next_state=3 rx=0x1000/1 tx=0x1001/3 fail=0/0/0 reject=0/0 lock=0/0 polls=0 enable=0 rcer=0x00000000 sstat=0x00000000 pstat=0x00000001
FOCUSED_SAMPLE board=DE5 [1-11.1] sample=010 valid=1 status=FF mac=02:00:22:33:44:01 mode=2 ptp=6 ptp_rx=74 ptp_tx=171 minic_tx=234 minic_rx=131 rxerr=0 foreign=0/255 detection=0 wr_config=0 parent=0/0/0 local_state=3 next_state=3 rx=0x1000/1 tx=0x1001/3 fail=0/0/0 reject=0/0 lock=0/0 polls=0 enable=0 rcer=0x00000000 sstat=0x00000000 pstat=0x00000001
FOCUSED_SAMPLE board=DE5 [1-11.1] sample=011 valid=1 status=FF mac=02:00:22:33:44:01 mode=2 ptp=6 ptp_rx=77 ptp_tx=176 minic_tx=240 minic_rx=135 rxerr=0 foreign=0/255 detection=0 wr_config=0 parent=0/0/0 local_state=3 next_state=3 rx=0x1000/1 tx=0x1001/3 fail=0/0/0 reject=0/0 lock=0/0 polls=0 enable=0 rcer=0x00000000 sstat=0x00000000 pstat=0x00000001
FOCUSED_SAMPLE board=DE5 [1-11.1] sample=012 valid=1 status=FF mac=02:00:22:33:44:01 mode=2 ptp=6 ptp_rx=77 ptp_tx=176 minic_tx=240 minic_rx=135 rxerr=0 foreign=0/255 detection=0 wr_config=0 parent=0/0/0 local_state=3 next_state=3 rx=0x1000/1 tx=0x1001/3 fail=0/0/0 reject=0/0 lock=0/0 polls=0 enable=0 rcer=0x00000000 sstat=0x00000000 pstat=0x00000001
FOCUSED_SAMPLE board=DE5 [1-11.1] sample=013 valid=1 status=FF mac=02:00:22:33:44:01 mode=2 ptp=6 ptp_rx=78 ptp_tx=180 minic_tx=246 minic_rx=137 rxerr=0 foreign=0/255 detection=0 wr_config=0 parent=0/0/0 local_state=3 next_state=3 rx=0x1000/1 tx=0x1001/3 fail=0/0/0 reject=0/0 lock=0/0 polls=0 enable=0 rcer=0x00000000 sstat=0x00000000 pstat=0x00000001
FOCUSED_SAMPLE board=DE5 [1-11.1] sample=014 valid=1 status=FF mac=02:00:22:33:44:01 mode=2 ptp=6 ptp_rx=78 ptp_tx=180 minic_tx=246 minic_rx=137 rxerr=0 foreign=0/255 detection=0 wr_config=0 parent=0/0/0 local_state=3 next_state=3 rx=0x1000/1 tx=0x1001/3 fail=0/0/0 reject=0/0 lock=0/0 polls=0 enable=0 rcer=0x00000000 sstat=0x00000000 pstat=0x00000001
FOCUSED_SAMPLE board=DE5 [1-11.1] sample=015 valid=1 status=FF mac=02:00:22:33:44:01 mode=2 ptp=6 ptp_rx=80 ptp_tx=184 minic_tx=251 minic_rx=140 rxerr=0 foreign=0/255 detection=0 wr_config=0 parent=0/0/0 local_state=3 next_state=3 rx=0x1000/1 tx=0x1001/3 fail=0/0/0 reject=0/0 lock=0/0 polls=0 enable=0 rcer=0x00000000 sstat=0x00000000 pstat=0x00000001
FOCUSED_SAMPLE board=DE5 [1-11.1] sample=016 valid=1 status=FF mac=02:00:22:33:44:01 mode=2 ptp=6 ptp_rx=80 ptp_tx=184 minic_tx=251 minic_rx=140 rxerr=0 foreign=0/255 detection=0 wr_config=0 parent=0/0/0 local_state=3 next_state=3 rx=0x1000/1 tx=0x1001/3 fail=0/0/0 reject=0/0 lock=0/0 polls=0 enable=0 rcer=0x00000000 sstat=0x00000000 pstat=0x00000001
FOCUSED_SAMPLE board=DE5 [1-11.1] sample=017 valid=1 status=FF mac=02:00:22:33:44:01 mode=2 ptp=6 ptp_rx=82 ptp_tx=189 minic_tx=257 minic_rx=143 rxerr=0 foreign=0/255 detection=0 wr_config=0 parent=0/0/0 local_state=3 next_state=3 rx=0x1000/1 tx=0x1001/3 fail=0/0/0 reject=0/0 lock=0/0 polls=0 enable=0 rcer=0x00000000 sstat=0x00000000 pstat=0x00000001
FOCUSED_SAMPLE board=DE5 [1-11.1] sample=018 valid=1 status=FF mac=02:00:22:33:44:01 mode=2 ptp=6 ptp_rx=82 ptp_tx=189 minic_tx=257 minic_rx=143 rxerr=0 foreign=0/255 detection=0 wr_config=0 parent=0/0/0 local_state=3 next_state=3 rx=0x1000/1 tx=0x1001/3 fail=0/0/0 reject=0/0 lock=0/0 polls=0 enable=0 rcer=0x00000000 sstat=0x00000000 pstat=0x00000001
FOCUSED_SAMPLE board=DE5 [1-11.1] sample=019 valid=1 status=FF mac=02:00:22:33:44:01 mode=2 ptp=6 ptp_rx=83 ptp_tx=192 minic_tx=261 minic_rx=145 rxerr=0 foreign=0/255 detection=0 wr_config=0 parent=0/0/0 local_state=3 next_state=3 rx=0x1000/1 tx=0x1001/3 fail=0/0/0 reject=0/0 lock=0/0 polls=0 enable=0 rcer=0x00000000 sstat=0x00000000 pstat=0x00000001
FOCUSED_SAMPLE board=DE5 [1-11.1] sample=020 valid=1 status=FF mac=02:00:22:33:44:01 mode=2 ptp=6 ptp_rx=83 ptp_tx=192 minic_tx=261 minic_rx=145 rxerr=0 foreign=0/255 detection=0 wr_config=0 parent=0/0/0 local_state=3 next_state=3 rx=0x1000/1 tx=0x1001/3 fail=0/0/0 reject=0/0 lock=0/0 polls=0 enable=0 rcer=0x00000000 sstat=0x00000000 pstat=0x00000001
FOCUSED_GATE board=DE5 [1-11.1] valid_samples=20 invalid_samples=0 counter_decreased=0 PTP_TX_DELTA=44 STEP2_REGRESSION=PASS STEP3_REGRESSION=NA POST_STEP3_LOCK_STAGE=NOT_OBSERVED STATE_EVIDENCE=STABLE signal_good=0 signal_bad=0 state_idle=0 state_good=0
=== FOCUSED_BOARD DE5 [1-11.2] ===
FOCUSED_SAMPLE board=DE5 [1-11.2] sample=001 valid=1 status=EF mac=02:00:22:33:44:02 mode=3 ptp=8 ptp_rx=192 ptp_tx=67 minic_tx=144 minic_rx=242 rxerr=0 foreign=1/0 detection=0 wr_config=3 parent=1/0/1 local_state=2 next_state=2 rx=0x1001/1 tx=0x1000/1 fail=0/0/0 reject=0/0 lock=1/0 polls=635095 enable=3 rcer=0x00000001 sstat=0x00000101 pstat=0x00000001
FOCUSED_SAMPLE board=DE5 [1-11.2] sample=002 valid=1 status=EF mac=02:00:22:33:44:02 mode=3 ptp=8 ptp_rx=196 ptp_tx=69 minic_tx=147 minic_rx=247 rxerr=0 foreign=1/0 detection=0 wr_config=3 parent=1/0/1 local_state=2 next_state=2 rx=0x1001/1 tx=0x1000/1 fail=0/0/0 reject=0/0 lock=1/0 polls=650988 enable=3 rcer=0x00000001 sstat=0x00000101 pstat=0x00000001
FOCUSED_SAMPLE board=DE5 [1-11.2] sample=003 valid=1 status=EF mac=02:00:22:33:44:02 mode=3 ptp=8 ptp_rx=196 ptp_tx=69 minic_tx=147 minic_rx=247 rxerr=0 foreign=1/0 detection=0 wr_config=3 parent=1/0/1 local_state=2 next_state=2 rx=0x1001/1 tx=0x1000/1 fail=0/0/0 reject=0/0 lock=1/0 polls=650988 enable=3 rcer=0x00000001 sstat=0x00000101 pstat=0x00000001
FOCUSED_SAMPLE board=DE5 [1-11.2] sample=004 valid=1 status=EF mac=02:00:22:33:44:02 mode=3 ptp=8 ptp_rx=201 ptp_tx=71 minic_tx=151 minic_rx=253 rxerr=0 foreign=1/0 detection=0 wr_config=3 parent=1/0/1 local_state=2 next_state=2 rx=0x1001/1 tx=0x1000/1 fail=0/0/0 reject=0/0 lock=1/0 polls=666857 enable=3 rcer=0x00000001 sstat=0x00000101 pstat=0x00000001
FOCUSED_SAMPLE board=DE5 [1-11.2] sample=005 valid=1 status=EF mac=02:00:22:33:44:02 mode=3 ptp=8 ptp_rx=201 ptp_tx=71 minic_tx=151 minic_rx=253 rxerr=0 foreign=1/0 detection=0 wr_config=3 parent=1/0/1 local_state=2 next_state=2 rx=0x1001/1 tx=0x1000/1 fail=0/0/0 reject=0/0 lock=1/0 polls=666857 enable=3 rcer=0x00000001 sstat=0x00000101 pstat=0x00000001
FOCUSED_SAMPLE board=DE5 [1-11.2] sample=006 valid=1 status=EF mac=02:00:22:33:44:02 mode=3 ptp=8 ptp_rx=206 ptp_tx=74 minic_tx=155 minic_rx=259 rxerr=0 foreign=1/0 detection=0 wr_config=3 parent=1/0/1 local_state=2 next_state=2 rx=0x1001/1 tx=0x1000/1 fail=0/0/0 reject=0/0 lock=1/0 polls=682730 enable=3 rcer=0x00000001 sstat=0x00000101 pstat=0x00000001
FOCUSED_SAMPLE board=DE5 [1-11.2] sample=007 valid=1 status=EF mac=02:00:22:33:44:02 mode=3 ptp=8 ptp_rx=206 ptp_tx=74 minic_tx=155 minic_rx=259 rxerr=0 foreign=1/0 detection=0 wr_config=3 parent=1/0/1 local_state=2 next_state=2 rx=0x1001/1 tx=0x1000/1 fail=0/0/0 reject=0/0 lock=1/0 polls=682730 enable=3 rcer=0x00000001 sstat=0x00000101 pstat=0x00000001
FOCUSED_SAMPLE board=DE5 [1-11.2] sample=008 valid=1 status=EF mac=02:00:22:33:44:02 mode=3 ptp=8 ptp_rx=210 ptp_tx=75 minic_tx=157 minic_rx=264 rxerr=0 foreign=1/0 detection=0 wr_config=3 parent=1/0/1 local_state=2 next_state=2 rx=0x1001/1 tx=0x1000/1 fail=0/0/0 reject=0/0 lock=1/0 polls=698631 enable=3 rcer=0x00000001 sstat=0x00000101 pstat=0x00000001
FOCUSED_SAMPLE board=DE5 [1-11.2] sample=009 valid=1 status=EF mac=02:00:22:33:44:02 mode=3 ptp=8 ptp_rx=210 ptp_tx=75 minic_tx=157 minic_rx=264 rxerr=0 foreign=1/0 detection=0 wr_config=3 parent=1/0/1 local_state=2 next_state=2 rx=0x1001/1 tx=0x1000/1 fail=0/0/0 reject=0/0 lock=1/0 polls=698631 enable=3 rcer=0x00000001 sstat=0x00000101 pstat=0x00000001
FOCUSED_SAMPLE board=DE5 [1-11.2] sample=010 valid=1 status=CF mac=02:00:22:33:44:02 mode=3 ptp=8 ptp_rx=213 ptp_tx=76 minic_tx=159 minic_rx=268 rxerr=0 foreign=1/0 detection=0 wr_config=3 parent=1/0/1 local_state=2 next_state=2 rx=0x1001/1 tx=0x1000/1 fail=0/0/0 reject=0/0 lock=1/0 polls=714543 enable=3 rcer=0x00000001 sstat=0x00000101 pstat=0x00000001
FOCUSED_SAMPLE board=DE5 [1-11.2] sample=011 valid=1 status=CF mac=02:00:22:33:44:02 mode=3 ptp=8 ptp_rx=213 ptp_tx=76 minic_tx=159 minic_rx=268 rxerr=0 foreign=1/0 detection=0 wr_config=3 parent=1/0/1 local_state=2 next_state=2 rx=0x1001/1 tx=0x1000/1 fail=0/0/0 reject=0/0 lock=1/0 polls=730409 enable=4 rcer=0x00000001 sstat=0x00000101 pstat=0x00000001
FOCUSED_SAMPLE board=DE5 [1-11.2] sample=012 valid=1 status=CF mac=02:00:22:33:44:02 mode=3 ptp=8 ptp_rx=220 ptp_tx=76 minic_tx=163 minic_rx=276 rxerr=0 foreign=1/0 detection=0 wr_config=3 parent=1/0/1 local_state=2 next_state=2 rx=0x1001/1 tx=0x1000/1 fail=0/0/0 reject=0/0 lock=1/0 polls=730409 enable=4 rcer=0x00000001 sstat=0x00000101 pstat=0x00000001
FOCUSED_SAMPLE board=DE5 [1-11.2] sample=013 valid=1 status=CF mac=02:00:22:33:44:02 mode=3 ptp=8 ptp_rx=220 ptp_tx=76 minic_tx=163 minic_rx=276 rxerr=0 foreign=1/0 detection=0 wr_config=3 parent=1/0/1 local_state=2 next_state=2 rx=0x1001/1 tx=0x1000/1 fail=0/0/0 reject=0/0 lock=1/0 polls=746288 enable=4 rcer=0x00000001 sstat=0x00000101 pstat=0x00000001
FOCUSED_SAMPLE board=DE5 [1-11.2] sample=014 valid=1 status=CF mac=02:00:22:33:44:02 mode=3 ptp=8 ptp_rx=224 ptp_tx=76 minic_tx=167 minic_rx=281 rxerr=0 foreign=1/0 detection=0 wr_config=3 parent=1/0/1 local_state=2 next_state=2 rx=0x1001/1 tx=0x1000/1 fail=0/0/0 reject=0/0 lock=1/0 polls=746288 enable=4 rcer=0x00000001 sstat=0x00000101 pstat=0x00000001
FOCUSED_SAMPLE board=DE5 [1-11.2] sample=015 valid=1 status=CF mac=02:00:22:33:44:02 mode=3 ptp=8 ptp_rx=224 ptp_tx=76 minic_tx=169 minic_rx=286 rxerr=0 foreign=1/0 detection=0 wr_config=3 parent=1/0/1 local_state=2 next_state=2 rx=0x1001/1 tx=0x1000/1 fail=0/0/0 reject=0/0 lock=1/0 polls=762191 enable=4 rcer=0x00000001 sstat=0x00000101 pstat=0x00000001
FOCUSED_SAMPLE board=DE5 [1-11.2] sample=016 valid=1 status=EF mac=02:00:22:33:44:02 mode=3 ptp=8 ptp_rx=228 ptp_tx=76 minic_tx=169 minic_rx=286 rxerr=0 foreign=1/0 detection=0 wr_config=3 parent=1/0/1 local_state=2 next_state=2 rx=0x1001/1 tx=0x1000/1 fail=0/0/0 reject=0/0 lock=1/0 polls=762191 enable=4 rcer=0x00000001 sstat=0x00000101 pstat=0x00000001
FOCUSED_SAMPLE board=DE5 [1-11.2] sample=017 valid=1 status=EF mac=02:00:22:33:44:02 mode=3 ptp=8 ptp_rx=231 ptp_tx=77 minic_tx=171 minic_rx=290 rxerr=0 foreign=1/0 detection=0 wr_config=3 parent=1/0/1 local_state=2 next_state=2 rx=0x1001/1 tx=0x1000/1 fail=0/0/0 reject=0/0 lock=1/0 polls=778101 enable=4 rcer=0x00000001 sstat=0x00000101 pstat=0x00000001
FOCUSED_SAMPLE board=DE5 [1-11.2] sample=018 valid=1 status=EF mac=02:00:22:33:44:02 mode=3 ptp=8 ptp_rx=231 ptp_tx=77 minic_tx=171 minic_rx=290 rxerr=0 foreign=1/0 detection=0 wr_config=3 parent=1/0/1 local_state=2 next_state=2 rx=0x1001/1 tx=0x1000/1 fail=0/0/0 reject=0/0 lock=1/0 polls=778101 enable=4 rcer=0x00000001 sstat=0x00000101 pstat=0x00000001
FOCUSED_SAMPLE board=DE5 [1-11.2] sample=019 valid=1 status=EF mac=02:00:22:33:44:02 mode=3 ptp=8 ptp_rx=237 ptp_tx=80 minic_tx=175 minic_rx=297 rxerr=0 foreign=1/0 detection=0 wr_config=3 parent=1/0/1 local_state=2 next_state=2 rx=0x1001/1 tx=0x1000/1 fail=0/0/0 reject=0/0 lock=1/0 polls=793966 enable=4 rcer=0x00000001 sstat=0x00000101 pstat=0x00000001
FOCUSED_SAMPLE board=DE5 [1-11.2] sample=020 valid=1 status=EF mac=02:00:22:33:44:02 mode=3 ptp=8 ptp_rx=237 ptp_tx=80 minic_tx=175 minic_rx=297 rxerr=0 foreign=1/0 detection=0 wr_config=3 parent=1/0/1 local_state=2 next_state=2 rx=0x1001/1 tx=0x1000/1 fail=0/0/0 reject=0/0 lock=1/0 polls=793966 enable=4 rcer=0x00000001 sstat=0x00000101 pstat=0x00000001
FOCUSED_GATE board=DE5 [1-11.2] valid_samples=20 invalid_samples=0 counter_decreased=0 PTP_TX_DELTA=13 STEP2_REGRESSION=FAIL STEP3_REGRESSION=PASS POST_STEP3_LOCK_STAGE=NOT_OBSERVED STATE_EVIDENCE=STABLE signal_good=20 signal_bad=0 state_idle=0 state_good=20
FOCUSED_DONE
Info (23030): Evaluation of Tcl script scripts/jtag/read_wr_handshake_focused.tcl was successful
Info: Quartus Prime SignalTap II was successful. 0 errors, 0 warnings
    Info: Peak virtual memory: 772 megabytes
    Info: Processing ended: Sun Aug 23 20:21:45 2026
    Info: Elapsed time: 00:00:21
    Info: Total CPU time (on all processors): 00:00:01
