Info: *******************************************************************
Info: Running Quartus Prime SignalTap II
    Info: Version 17.0.0 Build 595 04/25/2017 SJ Standard Edition
    Info: Copyright (C) 2017  Intel Corporation. All rights reserved.
    Info: Your use of Intel Corporation's design tools, logic functions 
    Info: and other software and tools, and its AMPP partner logic 
    Info: functions, and any output files from any of the foregoing 
    Info: (including device programming or simulation files), and any 
    Info: associated documentation or information are expressly subject 
    Info: to the terms and conditions of the Intel Program License 
    Info: Subscription Agreement, the Intel Quartus Prime License Agreement,
    Info: the Intel MegaCore Function License Agreement, or other 
    Info: applicable license agreement, including, without limitation, 
    Info: that your use is for the sole purpose of programming logic 
    Info: devices manufactured by Intel and sold by Intel or its 
    Info: authorized distributors.  Please refer to the applicable 
    Info: agreement for further details.
    Info: Processing started: Sun Aug 23 17:52:55 2026
Info: Command: quartus_stp -t /home/b10504072/04_WR/scripts/jtag/read_wr_handshake_focused.tcl 30 500
Info: Quartus(args): 30 500
FOCUSED_CONFIG samples=30 gap_ms=500
=== FOCUSED_BOARD DE5 [1-11.1] ===
FOCUSED_SAMPLE board=DE5 [1-11.1] sample=001 valid=1 status=FF mac=02:00:22:33:44:01 mode=2 ptp=6 ptp_rx=1214 ptp_tx=2718 minic_tx=3455 minic_rx=1835 rxerr=0 foreign=0/255 detection=0 wr_config=0 parent=0/0/0 local_state=0 next_state=0 rx=0x1000/1 tx=0x1001/4 fail=1/3/1 reject=0/0 lock=0/0 polls=0 enable=0 rcer=0x00000000 sstat=0x00000000 pstat=0x00000001
FOCUSED_SAMPLE board=DE5 [1-11.1] sample=002 valid=1 status=FF mac=02:00:22:33:44:01 mode=2 ptp=6 ptp_rx=1217 ptp_tx=2726 minic_tx=3464 minic_rx=1839 rxerr=0 foreign=0/255 detection=0 wr_config=0 parent=0/0/0 local_state=0 next_state=0 rx=0x1000/1 tx=0x1001/4 fail=1/3/1 reject=0/0 lock=0/0 polls=0 enable=0 rcer=0x00000000 sstat=0x00000000 pstat=0x00000001
FOCUSED_SAMPLE board=DE5 [1-11.1] sample=003 valid=1 status=FF mac=02:00:22:33:44:01 mode=2 ptp=6 ptp_rx=1219 ptp_tx=2730 minic_tx=3469 minic_rx=1842 rxerr=0 foreign=0/255 detection=0 wr_config=0 parent=0/0/0 local_state=0 next_state=0 rx=0x1000/1 tx=0x1001/4 fail=1/3/1 reject=0/0 lock=0/0 polls=0 enable=0 rcer=0x00000000 sstat=0x00000000 pstat=0x00000001
FOCUSED_SAMPLE board=DE5 [1-11.1] sample=004 valid=1 status=FF mac=02:00:22:33:44:01 mode=2 ptp=6 ptp_rx=1220 ptp_tx=2734 minic_tx=3475 minic_rx=1844 rxerr=0 foreign=0/255 detection=0 wr_config=0 parent=0/0/0 local_state=0 next_state=0 rx=0x1000/1 tx=0x1001/4 fail=1/3/1 reject=0/0 lock=0/0 polls=0 enable=0 rcer=0x00000000 sstat=0x00000000 pstat=0x00000001
FOCUSED_SAMPLE board=DE5 [1-11.1] sample=005 valid=1 status=FF mac=02:00:22:33:44:01 mode=2 ptp=6 ptp_rx=1220 ptp_tx=2734 minic_tx=3475 minic_rx=1844 rxerr=0 foreign=0/255 detection=0 wr_config=0 parent=0/0/0 local_state=0 next_state=0 rx=0x1000/1 tx=0x1001/4 fail=1/3/1 reject=0/0 lock=0/0 polls=0 enable=0 rcer=0x00000000 sstat=0x00000000 pstat=0x00000001
FOCUSED_SAMPLE board=DE5 [1-11.1] sample=006 valid=1 status=FF mac=02:00:22:33:44:01 mode=2 ptp=6 ptp_rx=1222 ptp_tx=2738 minic_tx=3480 minic_rx=1847 rxerr=0 foreign=0/255 detection=0 wr_config=0 parent=0/0/0 local_state=0 next_state=0 rx=0x1000/1 tx=0x1001/4 fail=1/3/1 reject=0/0 lock=0/0 polls=0 enable=0 rcer=0x00000000 sstat=0x00000000 pstat=0x00000001
FOCUSED_SAMPLE board=DE5 [1-11.1] sample=007 valid=1 status=FF mac=02:00:22:33:44:01 mode=2 ptp=6 ptp_rx=1224 ptp_tx=2743 minic_tx=3486 minic_rx=1850 rxerr=0 foreign=0/255 detection=0 wr_config=0 parent=0/0/0 local_state=0 next_state=0 rx=0x1000/1 tx=0x1001/4 fail=1/3/1 reject=0/0 lock=0/0 polls=0 enable=0 rcer=0x00000000 sstat=0x00000000 pstat=0x00000001
FOCUSED_SAMPLE board=DE5 [1-11.1] sample=008 valid=1 status=FF mac=02:00:22:33:44:01 mode=2 ptp=6 ptp_rx=1225 ptp_tx=2747 minic_tx=3491 minic_rx=1852 rxerr=0 foreign=0/255 detection=0 wr_config=0 parent=0/0/0 local_state=0 next_state=0 rx=0x1000/1 tx=0x1001/4 fail=1/3/1 reject=0/0 lock=0/0 polls=0 enable=0 rcer=0x00000000 sstat=0x00000000 pstat=0x00000001
FOCUSED_SAMPLE board=DE5 [1-11.1] sample=009 valid=1 status=FF mac=02:00:22:33:44:01 mode=2 ptp=6 ptp_rx=1225 ptp_tx=2752 minic_tx=3497 minic_rx=1856 rxerr=0 foreign=0/255 detection=0 wr_config=0 parent=0/0/0 local_state=0 next_state=0 rx=0x1000/1 tx=0x1001/4 fail=1/3/1 reject=0/0 lock=0/0 polls=0 enable=0 rcer=0x00000000 sstat=0x00000000 pstat=0x00000001
FOCUSED_SAMPLE board=DE5 [1-11.1] sample=010 valid=1 status=FF mac=02:00:22:33:44:01 mode=2 ptp=6 ptp_rx=1228 ptp_tx=2752 minic_tx=3497 minic_rx=1856 rxerr=0 foreign=0/255 detection=0 wr_config=0 parent=0/0/0 local_state=0 next_state=0 rx=0x1000/1 tx=0x0103/1 fail=1/3/1 reject=0/0 lock=0/0 polls=0 enable=0 rcer=0x00000000 sstat=0x00000000 pstat=0x00000001
FOCUSED_SAMPLE board=DE5 [1-11.1] sample=011 valid=1 status=FF mac=02:00:22:33:44:01 mode=2 ptp=6 ptp_rx=1229 ptp_tx=2756 minic_tx=3503 minic_rx=1858 rxerr=0 foreign=0/255 detection=0 wr_config=0 parent=0/0/0 local_state=0 next_state=0 rx=0x1000/1 tx=0x1001/4 fail=1/3/1 reject=0/0 lock=0/0 polls=0 enable=0 rcer=0x00000000 sstat=0x00000000 pstat=0x00000001
FOCUSED_SAMPLE board=DE5 [1-11.1] sample=012 valid=1 status=FF mac=02:00:22:33:44:01 mode=2 ptp=6 ptp_rx=1231 ptp_tx=2760 minic_tx=3508 minic_rx=1861 rxerr=0 foreign=0/255 detection=0 wr_config=0 parent=0/0/0 local_state=0 next_state=0 rx=0x1000/1 tx=0x1001/4 fail=1/3/1 reject=0/0 lock=0/0 polls=0 enable=0 rcer=0x00000000 sstat=0x00000000 pstat=0x00000001
FOCUSED_SAMPLE board=DE5 [1-11.1] sample=013 valid=1 status=FF mac=02:00:22:33:44:01 mode=2 ptp=6 ptp_rx=1233 ptp_tx=2765 minic_tx=3514 minic_rx=1864 rxerr=0 foreign=0/255 detection=0 wr_config=0 parent=0/0/0 local_state=0 next_state=0 rx=0x1000/1 tx=0x1001/4 fail=1/3/1 reject=0/0 lock=0/0 polls=0 enable=0 rcer=0x00000000 sstat=0x00000000 pstat=0x00000001
FOCUSED_SAMPLE board=DE5 [1-11.1] sample=014 valid=1 status=FF mac=02:00:22:33:44:01 mode=2 ptp=6 ptp_rx=1233 ptp_tx=2765 minic_tx=3514 minic_rx=1864 rxerr=0 foreign=0/255 detection=0 wr_config=0 parent=0/0/0 local_state=0 next_state=0 rx=0x1000/1 tx=0x1001/4 fail=1/3/1 reject=0/0 lock=0/0 polls=0 enable=0 rcer=0x00000000 sstat=0x00000000 pstat=0x00000001
FOCUSED_SAMPLE board=DE5 [1-11.1] sample=015 valid=1 status=FF mac=02:00:22:33:44:01 mode=2 ptp=6 ptp_rx=1234 ptp_tx=2768 minic_tx=3518 minic_rx=1866 rxerr=0 foreign=0/255 detection=0 wr_config=0 parent=0/0/0 local_state=0 next_state=0 rx=0x1000/1 tx=0x1001/4 fail=1/3/1 reject=0/0 lock=0/0 polls=0 enable=0 rcer=0x00000000 sstat=0x00000000 pstat=0x00000001
FOCUSED_SAMPLE board=DE5 [1-11.1] sample=016 valid=1 status=FF mac=02:00:22:33:44:01 mode=2 ptp=6 ptp_rx=1237 ptp_tx=2773 minic_tx=3524 minic_rx=1870 rxerr=0 foreign=0/255 detection=0 wr_config=0 parent=0/0/0 local_state=0 next_state=0 rx=0x1000/1 tx=0x1001/4 fail=1/3/1 reject=0/0 lock=0/0 polls=0 enable=0 rcer=0x00000000 sstat=0x00000000 pstat=0x00000001
FOCUSED_SAMPLE board=DE5 [1-11.1] sample=017 valid=1 status=FF mac=02:00:22:33:44:01 mode=2 ptp=6 ptp_rx=1239 ptp_tx=2778 minic_tx=3531 minic_rx=1873 rxerr=0 foreign=0/255 detection=0 wr_config=0 parent=0/0/0 local_state=0 next_state=0 rx=0x1000/1 tx=0x1001/4 fail=1/3/1 reject=0/0 lock=0/0 polls=0 enable=0 rcer=0x00000000 sstat=0x00000000 pstat=0x00000001
FOCUSED_SAMPLE board=DE5 [1-11.1] sample=018 valid=1 status=FF mac=02:00:22:33:44:01 mode=2 ptp=6 ptp_rx=1242 ptp_tx=2783 minic_tx=3537 minic_rx=1877 rxerr=0 foreign=0/255 detection=0 wr_config=0 parent=0/0/0 local_state=0 next_state=0 rx=0x1000/1 tx=0x1001/4 fail=1/3/1 reject=0/0 lock=0/0 polls=0 enable=0 rcer=0x00000000 sstat=0x00000000 pstat=0x00000001
FOCUSED_SAMPLE board=DE5 [1-11.1] sample=019 valid=1 status=FF mac=02:00:22:33:44:01 mode=2 ptp=6 ptp_rx=1242 ptp_tx=2783 minic_tx=3537 minic_rx=1877 rxerr=0 foreign=0/255 detection=0 wr_config=0 parent=0/0/0 local_state=0 next_state=0 rx=0x1000/1 tx=0x1001/4 fail=1/3/1 reject=0/0 lock=0/0 polls=0 enable=0 rcer=0x00000000 sstat=0x00000000 pstat=0x00000001
FOCUSED_SAMPLE board=DE5 [1-11.1] sample=020 valid=1 status=FF mac=02:00:22:33:44:01 mode=2 ptp=6 ptp_rx=1245 ptp_tx=2789 minic_tx=3544 minic_rx=1881 rxerr=0 foreign=0/255 detection=0 wr_config=0 parent=0/0/0 local_state=0 next_state=0 rx=0x1000/1 tx=0x1001/4 fail=1/3/1 reject=0/0 lock=0/0 polls=0 enable=0 rcer=0x00000000 sstat=0x00000000 pstat=0x00000001
FOCUSED_SAMPLE board=DE5 [1-11.1] sample=021 valid=1 status=FF mac=02:00:22:33:44:01 mode=2 ptp=6 ptp_rx=1246 ptp_tx=2792 minic_tx=3548 minic_rx=1883 rxerr=0 foreign=0/255 detection=0 wr_config=0 parent=0/0/0 local_state=0 next_state=0 rx=0x1000/1 tx=0x1001/4 fail=1/3/1 reject=0/0 lock=0/0 polls=0 enable=0 rcer=0x00000000 sstat=0x00000000 pstat=0x00000001
FOCUSED_SAMPLE board=DE5 [1-11.1] sample=022 valid=1 status=FF mac=02:00:22:33:44:01 mode=2 ptp=6 ptp_rx=1248 ptp_tx=2797 minic_tx=3554 minic_rx=1886 rxerr=0 foreign=0/255 detection=0 wr_config=0 parent=0/0/0 local_state=0 next_state=0 rx=0x1000/1 tx=0x1001/4 fail=1/3/1 reject=0/0 lock=0/0 polls=0 enable=0 rcer=0x00000000 sstat=0x00000000 pstat=0x00000001
FOCUSED_SAMPLE board=DE5 [1-11.1] sample=023 valid=1 status=FF mac=02:00:22:33:44:01 mode=2 ptp=6 ptp_rx=1248 ptp_tx=2797 minic_tx=3554 minic_rx=1886 rxerr=0 foreign=0/255 detection=0 wr_config=0 parent=0/0/0 local_state=0 next_state=0 rx=0x1000/1 tx=0x1001/4 fail=1/3/1 reject=0/0 lock=0/0 polls=0 enable=0 rcer=0x00000000 sstat=0x00000000 pstat=0x00000001
FOCUSED_SAMPLE board=DE5 [1-11.1] sample=024 valid=1 status=FF mac=02:00:22:33:44:01 mode=2 ptp=6 ptp_rx=1249 ptp_tx=2800 minic_tx=3559 minic_rx=1888 rxerr=0 foreign=0/255 detection=0 wr_config=0 parent=0/0/0 local_state=0 next_state=0 rx=0x1000/1 tx=0x1001/4 fail=1/3/1 reject=0/0 lock=0/0 polls=0 enable=0 rcer=0x00000000 sstat=0x00000000 pstat=0x00000001
FOCUSED_SAMPLE board=DE5 [1-11.1] sample=025 valid=1 status=FF mac=02:00:22:33:44:01 mode=2 ptp=6 ptp_rx=1251 ptp_tx=2805 minic_tx=3565 minic_rx=1891 rxerr=0 foreign=0/255 detection=0 wr_config=0 parent=0/0/0 local_state=0 next_state=0 rx=0x1000/1 tx=0x1001/4 fail=1/3/1 reject=0/0 lock=0/0 polls=0 enable=0 rcer=0x00000000 sstat=0x00000000 pstat=0x00000001
FOCUSED_SAMPLE board=DE5 [1-11.1] sample=026 valid=1 status=FF mac=02:00:22:33:44:01 mode=2 ptp=6 ptp_rx=1254 ptp_tx=2811 minic_tx=3572 minic_rx=1895 rxerr=0 foreign=0/255 detection=0 wr_config=0 parent=0/0/0 local_state=0 next_state=0 rx=0x1000/1 tx=0x1001/4 fail=1/3/1 reject=0/0 lock=0/0 polls=0 enable=0 rcer=0x00000000 sstat=0x00000000 pstat=0x00000001
FOCUSED_SAMPLE board=DE5 [1-11.1] sample=027 valid=1 status=FF mac=02:00:22:33:44:01 mode=2 ptp=6 ptp_rx=1256 ptp_tx=2815 minic_tx=3577 minic_rx=1898 rxerr=0 foreign=0/255 detection=0 wr_config=0 parent=0/0/0 local_state=0 next_state=0 rx=0x1000/1 tx=0x1001/4 fail=1/3/1 reject=0/0 lock=0/0 polls=0 enable=0 rcer=0x00000000 sstat=0x00000000 pstat=0x00000001
FOCUSED_SAMPLE board=DE5 [1-11.1] sample=028 valid=1 status=FF mac=02:00:22:33:44:01 mode=2 ptp=6 ptp_rx=1256 ptp_tx=2815 minic_tx=3577 minic_rx=1898 rxerr=0 foreign=0/255 detection=0 wr_config=0 parent=0/0/0 local_state=0 next_state=0 rx=0x1000/1 tx=0x1001/4 fail=1/3/1 reject=0/0 lock=0/0 polls=0 enable=0 rcer=0x00000000 sstat=0x00000000 pstat=0x00000001
FOCUSED_SAMPLE board=DE5 [1-11.1] sample=029 valid=1 status=FF mac=02:00:22:33:44:01 mode=2 ptp=6 ptp_rx=1258 ptp_tx=2820 minic_tx=3583 minic_rx=1901 rxerr=0 foreign=0/255 detection=0 wr_config=0 parent=0/0/0 local_state=0 next_state=0 rx=0x1000/1 tx=0x1001/4 fail=1/3/1 reject=0/0 lock=0/0 polls=0 enable=0 rcer=0x00000000 sstat=0x00000000 pstat=0x00000001
FOCUSED_SAMPLE board=DE5 [1-11.1] sample=030 valid=1 status=FF mac=02:00:22:33:44:01 mode=2 ptp=6 ptp_rx=1259 ptp_tx=2821 minic_tx=3586 minic_rx=1903 rxerr=0 foreign=0/255 detection=0 wr_config=0 parent=0/0/0 local_state=0 next_state=0 rx=0x1000/1 tx=0x1001/4 fail=1/3/1 reject=0/0 lock=0/0 polls=0 enable=0 rcer=0x00000000 sstat=0x00000000 pstat=0x00000001
FOCUSED_GATE board=DE5 [1-11.1] valid_samples=30 invalid_samples=0 counter_decreased=0 PTP_TX_DELTA=103 STEP2_REGRESSION=PASS STEP3_REGRESSION=NA POST_STEP3_LOCK_STAGE=NOT_OBSERVED STATE_EVIDENCE=STABLE signal_good=0 signal_bad=0 state_idle=0 state_good=0
=== FOCUSED_BOARD DE5 [1-11.2] ===
FOCUSED_SAMPLE board=DE5 [1-11.2] sample=001 valid=1 status=CF mac=02:00:22:33:44:02 mode=3 ptp=9 ptp_rx=2821 ptp_tx=439 minic_tx=2016 minic_rx=3452 rxerr=0 foreign=1/0 detection=0 wr_config=3 parent=1/0/1 local_state=0 next_state=0 rx=0x1001/1 tx=0x1000/1 fail=2/2/1 reject=0/0 lock=1/0 polls=953147 enable=4 rcer=0x00000001 sstat=0x00000001 pstat=0x00000001
FOCUSED_SAMPLE board=DE5 [1-11.2] sample=002 valid=1 status=CF mac=02:00:22:33:44:02 mode=3 ptp=9 ptp_rx=2825 ptp_tx=439 minic_tx=2019 minic_rx=3457 rxerr=0 foreign=1/0 detection=0 wr_config=3 parent=1/0/1 local_state=0 next_state=0 rx=0x1001/1 tx=0x0202/1 fail=2/2/1 reject=0/0 lock=1/0 polls=953147 enable=4 rcer=0x00000001 sstat=0x00000001 pstat=0x00000001
FOCUSED_SAMPLE board=DE5 [1-11.2] sample=003 valid=1 status=EF mac=02:00:22:33:44:02 mode=3 ptp=9 ptp_rx=2829 ptp_tx=439 minic_tx=2022 minic_rx=3462 rxerr=0 foreign=1/0 detection=0 wr_config=3 parent=1/0/1 local_state=0 next_state=0 rx=0x0000/0 tx=0x1000/1 fail=2/2/1 reject=0/0 lock=1/0 polls=953147 enable=4 rcer=0x00000001 sstat=0x00000001 pstat=0x00000001
FOCUSED_SAMPLE board=DE5 [1-11.2] sample=004 valid=1 status=CF mac=02:00:22:33:44:02 mode=3 ptp=9 ptp_rx=2835 ptp_tx=440 minic_tx=2026 minic_rx=3469 rxerr=0 foreign=1/0 detection=0 wr_config=3 parent=1/0/1 local_state=0 next_state=0 rx=0x1001/1 tx=0x1000/1 fail=2/2/1 reject=0/0 lock=1/0 polls=953147 enable=4 rcer=0x00000001 sstat=0x00000001 pstat=0x00000001
FOCUSED_SAMPLE board=DE5 [1-11.2] sample=005 valid=1 status=CF mac=02:00:22:33:44:02 mode=3 ptp=9 ptp_rx=2840 ptp_tx=440 minic_tx=2030 minic_rx=3475 rxerr=0 foreign=1/0 detection=0 wr_config=3 parent=1/0/1 local_state=0 next_state=0 rx=0x1001/1 tx=0x1000/1 fail=2/2/1 reject=0/0 lock=1/0 polls=953147 enable=4 rcer=0x00000001 sstat=0x00000001 pstat=0x00000001
FOCUSED_SAMPLE board=DE5 [1-11.2] sample=006 valid=1 status=CF mac=02:00:22:33:44:02 mode=3 ptp=9 ptp_rx=2840 ptp_tx=440 minic_tx=2030 minic_rx=3475 rxerr=0 foreign=1/0 detection=0 wr_config=3 parent=1/0/1 local_state=0 next_state=0 rx=0x1001/1 tx=0x1000/1 fail=2/2/1 reject=0/0 lock=1/0 polls=953147 enable=4 rcer=0x00000001 sstat=0x00000001 pstat=0x00000001
FOCUSED_SAMPLE board=DE5 [1-11.2] sample=007 valid=1 status=EF mac=02:00:22:33:44:02 mode=3 ptp=9 ptp_rx=2845 ptp_tx=440 minic_tx=2033 minic_rx=3481 rxerr=0 foreign=1/0 detection=0 wr_config=3 parent=1/0/1 local_state=0 next_state=0 rx=0x1001/1 tx=0x0202/1 fail=2/2/1 reject=0/0 lock=1/0 polls=953147 enable=4 rcer=0x00000001 sstat=0x00000001 pstat=0x00000001
FOCUSED_SAMPLE board=DE5 [1-11.2] sample=008 valid=1 status=CF mac=02:00:22:33:44:02 mode=3 ptp=9 ptp_rx=2848 ptp_tx=441 minic_tx=2036 minic_rx=3485 rxerr=0 foreign=1/0 detection=0 wr_config=3 parent=1/0/1 local_state=0 next_state=0 rx=0x1001/1 tx=0x1000/1 fail=2/2/1 reject=0/0 lock=1/0 polls=953147 enable=4 rcer=0x00000001 sstat=0x00000001 pstat=0x00000001
FOCUSED_SAMPLE board=DE5 [1-11.2] sample=009 valid=1 status=CF mac=02:00:22:33:44:02 mode=3 ptp=9 ptp_rx=2854 ptp_tx=442 minic_tx=2040 minic_rx=3492 rxerr=0 foreign=1/0 detection=0 wr_config=3 parent=1/0/1 local_state=0 next_state=0 rx=0x1001/1 tx=0x1001/1 fail=2/2/1 reject=0/0 lock=1/0 polls=953147 enable=4 rcer=0x00000001 sstat=0x00000001 pstat=0x00000001
FOCUSED_SAMPLE board=DE5 [1-11.2] sample=010 valid=1 status=CF mac=02:00:22:33:44:02 mode=3 ptp=9 ptp_rx=2859 ptp_tx=442 minic_tx=2044 minic_rx=3498 rxerr=0 foreign=1/0 detection=0 wr_config=3 parent=1/0/1 local_state=0 next_state=0 rx=0x1001/1 tx=0x1000/1 fail=2/2/1 reject=0/0 lock=1/0 polls=953147 enable=4 rcer=0x00000001 sstat=0x00000001 pstat=0x00000001
FOCUSED_SAMPLE board=DE5 [1-11.2] sample=011 valid=1 status=CF mac=02:00:22:33:44:02 mode=3 ptp=9 ptp_rx=2859 ptp_tx=442 minic_tx=2044 minic_rx=3498 rxerr=0 foreign=1/0 detection=0 wr_config=3 parent=1/0/1 local_state=0 next_state=0 rx=0x1001/1 tx=0x1000/1 fail=2/2/1 reject=0/0 lock=1/0 polls=953147 enable=4 rcer=0x00000001 sstat=0x00000001 pstat=0x00000001
FOCUSED_SAMPLE board=DE5 [1-11.2] sample=012 valid=1 status=EF mac=02:00:22:33:44:02 mode=3 ptp=9 ptp_rx=2863 ptp_tx=442 minic_tx=2046 minic_rx=3503 rxerr=0 foreign=1/0 detection=0 wr_config=3 parent=1/0/1 local_state=0 next_state=0 rx=0x1001/1 tx=0x1000/1 fail=2/2/1 reject=0/0 lock=1/0 polls=953147 enable=4 rcer=0x00000001 sstat=0x00000001 pstat=0x00000001
FOCUSED_SAMPLE board=DE5 [1-11.2] sample=013 valid=1 status=CF mac=02:00:22:33:44:02 mode=3 ptp=9 ptp_rx=2867 ptp_tx=443 minic_tx=2049 minic_rx=3508 rxerr=0 foreign=1/0 detection=0 wr_config=3 parent=1/0/1 local_state=0 next_state=0 rx=0x1001/1 tx=0x1000/1 fail=2/2/1 reject=0/0 lock=1/0 polls=953147 enable=4 rcer=0x00000001 sstat=0x00000001 pstat=0x00000001
FOCUSED_SAMPLE board=DE5 [1-11.2] sample=014 valid=1 status=CF mac=02:00:22:33:44:02 mode=3 ptp=9 ptp_rx=2874 ptp_tx=443 minic_tx=2055 minic_rx=3516 rxerr=0 foreign=1/0 detection=0 wr_config=3 parent=1/0/1 local_state=0 next_state=0 rx=0x1001/1 tx=0x1000/1 fail=2/2/1 reject=0/0 lock=1/0 polls=953147 enable=4 rcer=0x00000001 sstat=0x00000001 pstat=0x00000001
FOCUSED_SAMPLE board=DE5 [1-11.2] sample=015 valid=1 status=CF mac=02:00:22:33:44:02 mode=3 ptp=9 ptp_rx=2877 ptp_tx=443 minic_tx=2057 minic_rx=3520 rxerr=0 foreign=1/0 detection=0 wr_config=3 parent=1/0/1 local_state=0 next_state=0 rx=0x1001/1 tx=0x1000/1 fail=2/2/1 reject=0/0 lock=1/0 polls=953147 enable=4 rcer=0x00000001 sstat=0x00000001 pstat=0x00000001
FOCUSED_SAMPLE board=DE5 [1-11.2] sample=016 valid=1 status=EF mac=02:00:22:33:44:02 mode=3 ptp=9 ptp_rx=2877 ptp_tx=443 minic_tx=2057 minic_rx=3520 rxerr=0 foreign=1/0 detection=0 wr_config=3 parent=1/0/1 local_state=0 next_state=0 rx=0x1001/1 tx=0x1000/1 fail=2/2/1 reject=0/0 lock=1/0 polls=953147 enable=4 rcer=0x00000001 sstat=0x00000001 pstat=0x00000001
FOCUSED_SAMPLE board=DE5 [1-11.2] sample=017 valid=1 status=CF mac=02:00:22:33:44:02 mode=3 ptp=9 ptp_rx=2881 ptp_tx=444 minic_tx=2059 minic_rx=3525 rxerr=0 foreign=1/0 detection=0 wr_config=3 parent=1/0/1 local_state=0 next_state=0 rx=0x1001/1 tx=0x1000/1 fail=2/2/1 reject=0/0 lock=1/0 polls=953147 enable=4 rcer=0x00000001 sstat=0x00000001 pstat=0x00000001
FOCUSED_SAMPLE board=DE5 [1-11.2] sample=018 valid=1 status=CF mac=02:00:22:33:44:02 mode=3 ptp=9 ptp_rx=2885 ptp_tx=445 minic_tx=2062 minic_rx=3530 rxerr=0 foreign=1/0 detection=0 wr_config=3 parent=1/0/1 local_state=0 next_state=0 rx=0x1001/1 tx=0x1000/1 fail=2/2/1 reject=0/0 lock=1/0 polls=953147 enable=4 rcer=0x00000001 sstat=0x00000001 pstat=0x00000001
FOCUSED_SAMPLE board=DE5 [1-11.2] sample=019 valid=1 status=CF mac=02:00:22:33:44:02 mode=3 ptp=9 ptp_rx=2890 ptp_tx=445 minic_tx=2065 minic_rx=3536 rxerr=0 foreign=1/0 detection=0 wr_config=3 parent=1/0/1 local_state=0 next_state=0 rx=0x0000/0 tx=0x1000/1 fail=2/2/1 reject=0/0 lock=1/0 polls=953147 enable=4 rcer=0x00000001 sstat=0x00000001 pstat=0x00000001
FOCUSED_SAMPLE board=DE5 [1-11.2] sample=020 valid=1 status=CF mac=02:00:22:33:44:02 mode=3 ptp=9 ptp_rx=2894 ptp_tx=445 minic_tx=2069 minic_rx=3541 rxerr=0 foreign=1/0 detection=0 wr_config=3 parent=1/0/1 local_state=0 next_state=0 rx=0x1001/1 tx=0x1000/1 fail=2/2/1 reject=0/0 lock=1/0 polls=953147 enable=4 rcer=0x00000001 sstat=0x00000001 pstat=0x00000001
FOCUSED_SAMPLE board=DE5 [1-11.2] sample=021 valid=1 status=EF mac=02:00:22:33:44:02 mode=3 ptp=9 ptp_rx=2894 ptp_tx=445 minic_tx=2069 minic_rx=3541 rxerr=0 foreign=1/0 detection=0 wr_config=3 parent=1/0/1 local_state=0 next_state=0 rx=0x1001/1 tx=0x1000/1 fail=2/2/1 reject=0/0 lock=1/0 polls=953147 enable=4 rcer=0x00000001 sstat=0x00000001 pstat=0x00000001
FOCUSED_SAMPLE board=DE5 [1-11.2] sample=022 valid=1 status=CF mac=02:00:22:33:44:02 mode=3 ptp=9 ptp_rx=2899 ptp_tx=447 minic_tx=2072 minic_rx=3547 rxerr=0 foreign=1/0 detection=0 wr_config=3 parent=1/0/1 local_state=0 next_state=0 rx=0x1001/1 tx=0x0202/1 fail=2/2/1 reject=0/0 lock=1/0 polls=953147 enable=4 rcer=0x00000001 sstat=0x00000001 pstat=0x00000001
FOCUSED_SAMPLE board=DE5 [1-11.2] sample=023 valid=1 status=CF mac=02:00:22:33:44:02 mode=3 ptp=9 ptp_rx=2904 ptp_tx=447 minic_tx=2075 minic_rx=3553 rxerr=0 foreign=1/0 detection=0 wr_config=3 parent=1/0/1 local_state=0 next_state=0 rx=0x1001/1 tx=0x1000/1 fail=2/2/1 reject=0/0 lock=1/0 polls=953147 enable=4 rcer=0x00000001 sstat=0x00000001 pstat=0x00000001
FOCUSED_SAMPLE board=DE5 [1-11.2] sample=024 valid=1 status=CF mac=02:00:22:33:44:02 mode=3 ptp=9 ptp_rx=2907 ptp_tx=447 minic_tx=2077 minic_rx=3557 rxerr=0 foreign=1/0 detection=0 wr_config=3 parent=1/0/1 local_state=0 next_state=0 rx=0x0000/0 tx=0x1000/1 fail=2/2/1 reject=0/0 lock=1/0 polls=953147 enable=4 rcer=0x00000001 sstat=0x00000001 pstat=0x00000001
FOCUSED_SAMPLE board=DE5 [1-11.2] sample=025 valid=1 status=EF mac=02:00:22:33:44:02 mode=3 ptp=9 ptp_rx=2907 ptp_tx=447 minic_tx=2077 minic_rx=3557 rxerr=0 foreign=1/0 detection=0 wr_config=3 parent=1/0/1 local_state=0 next_state=0 rx=0x1001/1 tx=0x1000/1 fail=2/2/1 reject=0/0 lock=1/0 polls=953147 enable=4 rcer=0x00000001 sstat=0x00000001 pstat=0x00000001
FOCUSED_SAMPLE board=DE5 [1-11.2] sample=026 valid=1 status=CF mac=02:00:22:33:44:02 mode=3 ptp=9 ptp_rx=2909 ptp_tx=448 minic_tx=2079 minic_rx=3560 rxerr=0 foreign=1/0 detection=0 wr_config=3 parent=1/0/1 local_state=0 next_state=0 rx=0x1001/1 tx=0x1000/1 fail=2/2/1 reject=0/0 lock=1/0 polls=953147 enable=4 rcer=0x00000001 sstat=0x00000001 pstat=0x00000001
FOCUSED_SAMPLE board=DE5 [1-11.2] sample=027 valid=1 status=CF mac=02:00:22:33:44:02 mode=3 ptp=9 ptp_rx=2914 ptp_tx=449 minic_tx=2084 minic_rx=3566 rxerr=0 foreign=1/0 detection=0 wr_config=3 parent=1/0/1 local_state=0 next_state=0 rx=0x1001/1 tx=0x1000/1 fail=2/2/1 reject=0/0 lock=1/0 polls=953147 enable=4 rcer=0x00000001 sstat=0x00000001 pstat=0x00000001
FOCUSED_SAMPLE board=DE5 [1-11.2] sample=028 valid=1 status=CF mac=02:00:22:33:44:02 mode=3 ptp=9 ptp_rx=2918 ptp_tx=449 minic_tx=2087 minic_rx=3571 rxerr=0 foreign=1/0 detection=0 wr_config=3 parent=1/0/1 local_state=0 next_state=0 rx=0x1001/1 tx=0x1000/1 fail=2/2/1 reject=0/0 lock=1/0 polls=953147 enable=4 rcer=0x00000001 sstat=0x00000001 pstat=0x00000001
FOCUSED_SAMPLE board=DE5 [1-11.2] sample=029 valid=1 status=CF mac=02:00:22:33:44:02 mode=3 ptp=9 ptp_rx=2924 ptp_tx=449 minic_tx=2091 minic_rx=3578 rxerr=0 foreign=1/0 detection=0 wr_config=3 parent=1/0/1 local_state=0 next_state=0 rx=0x1001/1 tx=0x1000/1 fail=2/2/1 reject=0/0 lock=1/0 polls=953147 enable=4 rcer=0x00000001 sstat=0x00000001 pstat=0x00000001
FOCUSED_SAMPLE board=DE5 [1-11.2] sample=030 valid=1 status=CF mac=02:00:22:33:44:02 mode=3 ptp=9 ptp_rx=2924 ptp_tx=449 minic_tx=2091 minic_rx=3578 rxerr=0 foreign=1/0 detection=0 wr_config=3 parent=1/0/1 local_state=0 next_state=0 rx=0x1001/1 tx=0x1000/1 fail=2/2/1 reject=0/0 lock=1/0 polls=953147 enable=4 rcer=0x00000001 sstat=0x00000001 pstat=0x00000001
FOCUSED_GATE board=DE5 [1-11.2] valid_samples=30 invalid_samples=0 counter_decreased=0 PTP_TX_DELTA=10 STEP2_REGRESSION=PASS STEP3_REGRESSION=PASS POST_STEP3_LOCK_STAGE=TIMEOUT STATE_EVIDENCE=READ_INCONSISTENT signal_good=23 signal_bad=7 state_idle=30 state_good=0
FOCUSED_DONE
Info (23030): Evaluation of Tcl script /home/b10504072/04_WR/scripts/jtag/read_wr_handshake_focused.tcl was successful
Info: Quartus Prime SignalTap II was successful. 0 errors, 0 warnings
    Info: Peak virtual memory: 772 megabytes
    Info: Processing ended: Sun Aug 23 17:53:41 2026
    Info: Elapsed time: 00:00:46
    Info: Total CPU time (on all processors): 00:00:01
