Info: *******************************************************************
Info: Running Quartus Prime SignalTap II
    Info: Version 17.0.0 Build 595 04/25/2017 SJ Standard Edition
    Info: Copyright (C) 2017  Intel Corporation. All rights reserved.
    Info: Your use of Intel Corporation's design tools, logic functions 
    Info: and other software and tools, and its AMPP partner logic 
    Info: functions, and any output files from any of the foregoing 
    Info: (including device programming or simulation files), and any 
    Info: associated documentation or information are expressly subject 
    Info: to the terms and conditions of the Intel Program License 
    Info: Subscription Agreement, the Intel Quartus Prime License Agreement,
    Info: the Intel MegaCore Function License Agreement, or other 
    Info: applicable license agreement, including, without limitation, 
    Info: that your use is for the sole purpose of programming logic 
    Info: devices manufactured by Intel and sold by Intel or its 
    Info: authorized distributors.  Please refer to the applicable 
    Info: agreement for further details.
    Info: Processing started: Thu Aug 27 01:22:45 2026
Info: Command: quartus_stp -t scripts/jtag/read_boot_init_static_p_startup_lifetime_diag.tcl 12 1000
Info: Quartus(args): 12 1000
BOOT_INIT_STATIC_P_STARTUP_CONFIG samples=12 gap_ms=1000 filter=
=== BOOT_INIT_STATIC_P_STARTUP_BOARD DE5 [1-11.1] ===
BOOT_INIT_STATIC_P_STARTUP_SAMPLE board=DE5 [1-11.1] sample=001 elapsed_ms=12 PSTAT=79E79E79 ASTAT=001FDE00 VALID_MASK=0x3F TRACE_VALID=1 LINK=1 LOCKED=0 AUX=0 P_AT_RESET_EARLY=30 P_AFTER_BSS_DATA_INIT=30 P_AFTER_BOARD_INIT=30 P_AFTER_SHELL_INIT=30 P_BEFORE_SHELL_BOOT_SCRIPT=30 P_AT_BOOT_SCRIPT_ENTRY=30 VALID_RESET=1 VALID_BSS=1 VALID_BOARD=1 VALID_SHELL=1 VALID_BEFORE=1 VALID_ENTRY=1
BOOT_INIT_STATIC_P_STARTUP_SAMPLE board=DE5 [1-11.1] sample=002 elapsed_ms=1029 PSTAT=79E79E79 ASTAT=001FDE00 VALID_MASK=0x3F TRACE_VALID=1 LINK=1 LOCKED=0 AUX=0 P_AT_RESET_EARLY=30 P_AFTER_BSS_DATA_INIT=30 P_AFTER_BOARD_INIT=30 P_AFTER_SHELL_INIT=30 P_BEFORE_SHELL_BOOT_SCRIPT=30 P_AT_BOOT_SCRIPT_ENTRY=30 VALID_RESET=1 VALID_BSS=1 VALID_BOARD=1 VALID_SHELL=1 VALID_BEFORE=1 VALID_ENTRY=1
BOOT_INIT_STATIC_P_STARTUP_SAMPLE board=DE5 [1-11.1] sample=003 elapsed_ms=2045 PSTAT=79E79E79 ASTAT=001FDE00 VALID_MASK=0x3F TRACE_VALID=1 LINK=1 LOCKED=0 AUX=0 P_AT_RESET_EARLY=30 P_AFTER_BSS_DATA_INIT=30 P_AFTER_BOARD_INIT=30 P_AFTER_SHELL_INIT=30 P_BEFORE_SHELL_BOOT_SCRIPT=30 P_AT_BOOT_SCRIPT_ENTRY=30 VALID_RESET=1 VALID_BSS=1 VALID_BOARD=1 VALID_SHELL=1 VALID_BEFORE=1 VALID_ENTRY=1
BOOT_INIT_STATIC_P_STARTUP_SAMPLE board=DE5 [1-11.1] sample=004 elapsed_ms=3062 PSTAT=79E79E79 ASTAT=001FDE00 VALID_MASK=0x3F TRACE_VALID=1 LINK=1 LOCKED=0 AUX=0 P_AT_RESET_EARLY=30 P_AFTER_BSS_DATA_INIT=30 P_AFTER_BOARD_INIT=30 P_AFTER_SHELL_INIT=30 P_BEFORE_SHELL_BOOT_SCRIPT=30 P_AT_BOOT_SCRIPT_ENTRY=30 VALID_RESET=1 VALID_BSS=1 VALID_BOARD=1 VALID_SHELL=1 VALID_BEFORE=1 VALID_ENTRY=1
BOOT_INIT_STATIC_P_STARTUP_SAMPLE board=DE5 [1-11.1] sample=005 elapsed_ms=4079 PSTAT=79E79E79 ASTAT=001FDE00 VALID_MASK=0x3F TRACE_VALID=1 LINK=1 LOCKED=0 AUX=0 P_AT_RESET_EARLY=30 P_AFTER_BSS_DATA_INIT=30 P_AFTER_BOARD_INIT=30 P_AFTER_SHELL_INIT=30 P_BEFORE_SHELL_BOOT_SCRIPT=30 P_AT_BOOT_SCRIPT_ENTRY=30 VALID_RESET=1 VALID_BSS=1 VALID_BOARD=1 VALID_SHELL=1 VALID_BEFORE=1 VALID_ENTRY=1
BOOT_INIT_STATIC_P_STARTUP_SAMPLE board=DE5 [1-11.1] sample=006 elapsed_ms=5095 PSTAT=79E79E79 ASTAT=001FDE00 VALID_MASK=0x3F TRACE_VALID=1 LINK=1 LOCKED=0 AUX=0 P_AT_RESET_EARLY=30 P_AFTER_BSS_DATA_INIT=30 P_AFTER_BOARD_INIT=30 P_AFTER_SHELL_INIT=30 P_BEFORE_SHELL_BOOT_SCRIPT=30 P_AT_BOOT_SCRIPT_ENTRY=30 VALID_RESET=1 VALID_BSS=1 VALID_BOARD=1 VALID_SHELL=1 VALID_BEFORE=1 VALID_ENTRY=1
BOOT_INIT_STATIC_P_STARTUP_SAMPLE board=DE5 [1-11.1] sample=007 elapsed_ms=6112 PSTAT=79E79E79 ASTAT=001FDE00 VALID_MASK=0x3F TRACE_VALID=1 LINK=1 LOCKED=0 AUX=0 P_AT_RESET_EARLY=30 P_AFTER_BSS_DATA_INIT=30 P_AFTER_BOARD_INIT=30 P_AFTER_SHELL_INIT=30 P_BEFORE_SHELL_BOOT_SCRIPT=30 P_AT_BOOT_SCRIPT_ENTRY=30 VALID_RESET=1 VALID_BSS=1 VALID_BOARD=1 VALID_SHELL=1 VALID_BEFORE=1 VALID_ENTRY=1
BOOT_INIT_STATIC_P_STARTUP_SAMPLE board=DE5 [1-11.1] sample=008 elapsed_ms=7128 PSTAT=79E79E79 ASTAT=001FDE00 VALID_MASK=0x3F TRACE_VALID=1 LINK=1 LOCKED=0 AUX=0 P_AT_RESET_EARLY=30 P_AFTER_BSS_DATA_INIT=30 P_AFTER_BOARD_INIT=30 P_AFTER_SHELL_INIT=30 P_BEFORE_SHELL_BOOT_SCRIPT=30 P_AT_BOOT_SCRIPT_ENTRY=30 VALID_RESET=1 VALID_BSS=1 VALID_BOARD=1 VALID_SHELL=1 VALID_BEFORE=1 VALID_ENTRY=1
BOOT_INIT_STATIC_P_STARTUP_SAMPLE board=DE5 [1-11.1] sample=009 elapsed_ms=8144 PSTAT=79E79E79 ASTAT=001FDE00 VALID_MASK=0x3F TRACE_VALID=1 LINK=1 LOCKED=0 AUX=0 P_AT_RESET_EARLY=30 P_AFTER_BSS_DATA_INIT=30 P_AFTER_BOARD_INIT=30 P_AFTER_SHELL_INIT=30 P_BEFORE_SHELL_BOOT_SCRIPT=30 P_AT_BOOT_SCRIPT_ENTRY=30 VALID_RESET=1 VALID_BSS=1 VALID_BOARD=1 VALID_SHELL=1 VALID_BEFORE=1 VALID_ENTRY=1
BOOT_INIT_STATIC_P_STARTUP_SAMPLE board=DE5 [1-11.1] sample=010 elapsed_ms=9161 PSTAT=79E79E79 ASTAT=001FDE00 VALID_MASK=0x3F TRACE_VALID=1 LINK=1 LOCKED=0 AUX=0 P_AT_RESET_EARLY=30 P_AFTER_BSS_DATA_INIT=30 P_AFTER_BOARD_INIT=30 P_AFTER_SHELL_INIT=30 P_BEFORE_SHELL_BOOT_SCRIPT=30 P_AT_BOOT_SCRIPT_ENTRY=30 VALID_RESET=1 VALID_BSS=1 VALID_BOARD=1 VALID_SHELL=1 VALID_BEFORE=1 VALID_ENTRY=1
BOOT_INIT_STATIC_P_STARTUP_SAMPLE board=DE5 [1-11.1] sample=011 elapsed_ms=10178 PSTAT=79E79E79 ASTAT=001FDE00 VALID_MASK=0x3F TRACE_VALID=1 LINK=1 LOCKED=0 AUX=0 P_AT_RESET_EARLY=30 P_AFTER_BSS_DATA_INIT=30 P_AFTER_BOARD_INIT=30 P_AFTER_SHELL_INIT=30 P_BEFORE_SHELL_BOOT_SCRIPT=30 P_AT_BOOT_SCRIPT_ENTRY=30 VALID_RESET=1 VALID_BSS=1 VALID_BOARD=1 VALID_SHELL=1 VALID_BEFORE=1 VALID_ENTRY=1
BOOT_INIT_STATIC_P_STARTUP_SAMPLE board=DE5 [1-11.1] sample=012 elapsed_ms=11195 PSTAT=79E79E79 ASTAT=001FDE00 VALID_MASK=0x3F TRACE_VALID=1 LINK=1 LOCKED=0 AUX=0 P_AT_RESET_EARLY=30 P_AFTER_BSS_DATA_INIT=30 P_AFTER_BOARD_INIT=30 P_AFTER_SHELL_INIT=30 P_BEFORE_SHELL_BOOT_SCRIPT=30 P_AT_BOOT_SCRIPT_ENTRY=30 VALID_RESET=1 VALID_BSS=1 VALID_BOARD=1 VALID_SHELL=1 VALID_BEFORE=1 VALID_ENTRY=1
=== BOOT_INIT_STATIC_P_STARTUP_BOARD DE5 [1-11.2] ===
BOOT_INIT_STATIC_P_STARTUP_SAMPLE board=DE5 [1-11.2] sample=001 elapsed_ms=12 PSTAT=00000001 ASTAT=001FC000 VALID_MASK=0x3F TRACE_VALID=1 LINK=1 LOCKED=0 AUX=0 P_AT_RESET_EARLY=0 P_AFTER_BSS_DATA_INIT=0 P_AFTER_BOARD_INIT=0 P_AFTER_SHELL_INIT=0 P_BEFORE_SHELL_BOOT_SCRIPT=0 P_AT_BOOT_SCRIPT_ENTRY=0 VALID_RESET=1 VALID_BSS=1 VALID_BOARD=1 VALID_SHELL=1 VALID_BEFORE=1 VALID_ENTRY=1
BOOT_INIT_STATIC_P_STARTUP_SAMPLE board=DE5 [1-11.2] sample=002 elapsed_ms=1028 PSTAT=00000001 ASTAT=001FC000 VALID_MASK=0x3F TRACE_VALID=1 LINK=1 LOCKED=0 AUX=0 P_AT_RESET_EARLY=0 P_AFTER_BSS_DATA_INIT=0 P_AFTER_BOARD_INIT=0 P_AFTER_SHELL_INIT=0 P_BEFORE_SHELL_BOOT_SCRIPT=0 P_AT_BOOT_SCRIPT_ENTRY=0 VALID_RESET=1 VALID_BSS=1 VALID_BOARD=1 VALID_SHELL=1 VALID_BEFORE=1 VALID_ENTRY=1
BOOT_INIT_STATIC_P_STARTUP_SAMPLE board=DE5 [1-11.2] sample=003 elapsed_ms=2045 PSTAT=00000001 ASTAT=001FC000 VALID_MASK=0x3F TRACE_VALID=1 LINK=1 LOCKED=0 AUX=0 P_AT_RESET_EARLY=0 P_AFTER_BSS_DATA_INIT=0 P_AFTER_BOARD_INIT=0 P_AFTER_SHELL_INIT=0 P_BEFORE_SHELL_BOOT_SCRIPT=0 P_AT_BOOT_SCRIPT_ENTRY=0 VALID_RESET=1 VALID_BSS=1 VALID_BOARD=1 VALID_SHELL=1 VALID_BEFORE=1 VALID_ENTRY=1
BOOT_INIT_STATIC_P_STARTUP_SAMPLE board=DE5 [1-11.2] sample=004 elapsed_ms=3061 PSTAT=00000001 ASTAT=001FC000 VALID_MASK=0x3F TRACE_VALID=1 LINK=1 LOCKED=0 AUX=0 P_AT_RESET_EARLY=0 P_AFTER_BSS_DATA_INIT=0 P_AFTER_BOARD_INIT=0 P_AFTER_SHELL_INIT=0 P_BEFORE_SHELL_BOOT_SCRIPT=0 P_AT_BOOT_SCRIPT_ENTRY=0 VALID_RESET=1 VALID_BSS=1 VALID_BOARD=1 VALID_SHELL=1 VALID_BEFORE=1 VALID_ENTRY=1
BOOT_INIT_STATIC_P_STARTUP_SAMPLE board=DE5 [1-11.2] sample=005 elapsed_ms=4078 PSTAT=00000001 ASTAT=001FC000 VALID_MASK=0x3F TRACE_VALID=1 LINK=1 LOCKED=0 AUX=0 P_AT_RESET_EARLY=0 P_AFTER_BSS_DATA_INIT=0 P_AFTER_BOARD_INIT=0 P_AFTER_SHELL_INIT=0 P_BEFORE_SHELL_BOOT_SCRIPT=0 P_AT_BOOT_SCRIPT_ENTRY=0 VALID_RESET=1 VALID_BSS=1 VALID_BOARD=1 VALID_SHELL=1 VALID_BEFORE=1 VALID_ENTRY=1
BOOT_INIT_STATIC_P_STARTUP_SAMPLE board=DE5 [1-11.2] sample=006 elapsed_ms=5093 PSTAT=00000001 ASTAT=001FC000 VALID_MASK=0x3F TRACE_VALID=1 LINK=1 LOCKED=0 AUX=0 P_AT_RESET_EARLY=0 P_AFTER_BSS_DATA_INIT=0 P_AFTER_BOARD_INIT=0 P_AFTER_SHELL_INIT=0 P_BEFORE_SHELL_BOOT_SCRIPT=0 P_AT_BOOT_SCRIPT_ENTRY=0 VALID_RESET=1 VALID_BSS=1 VALID_BOARD=1 VALID_SHELL=1 VALID_BEFORE=1 VALID_ENTRY=1
BOOT_INIT_STATIC_P_STARTUP_SAMPLE board=DE5 [1-11.2] sample=007 elapsed_ms=6110 PSTAT=00000001 ASTAT=001FC000 VALID_MASK=0x3F TRACE_VALID=1 LINK=1 LOCKED=0 AUX=0 P_AT_RESET_EARLY=0 P_AFTER_BSS_DATA_INIT=0 P_AFTER_BOARD_INIT=0 P_AFTER_SHELL_INIT=0 P_BEFORE_SHELL_BOOT_SCRIPT=0 P_AT_BOOT_SCRIPT_ENTRY=0 VALID_RESET=1 VALID_BSS=1 VALID_BOARD=1 VALID_SHELL=1 VALID_BEFORE=1 VALID_ENTRY=1
BOOT_INIT_STATIC_P_STARTUP_SAMPLE board=DE5 [1-11.2] sample=008 elapsed_ms=7126 PSTAT=00000001 ASTAT=001FC000 VALID_MASK=0x3F TRACE_VALID=1 LINK=1 LOCKED=0 AUX=0 P_AT_RESET_EARLY=0 P_AFTER_BSS_DATA_INIT=0 P_AFTER_BOARD_INIT=0 P_AFTER_SHELL_INIT=0 P_BEFORE_SHELL_BOOT_SCRIPT=0 P_AT_BOOT_SCRIPT_ENTRY=0 VALID_RESET=1 VALID_BSS=1 VALID_BOARD=1 VALID_SHELL=1 VALID_BEFORE=1 VALID_ENTRY=1
BOOT_INIT_STATIC_P_STARTUP_SAMPLE board=DE5 [1-11.2] sample=009 elapsed_ms=8142 PSTAT=00000001 ASTAT=001FC000 VALID_MASK=0x3F TRACE_VALID=1 LINK=1 LOCKED=0 AUX=0 P_AT_RESET_EARLY=0 P_AFTER_BSS_DATA_INIT=0 P_AFTER_BOARD_INIT=0 P_AFTER_SHELL_INIT=0 P_BEFORE_SHELL_BOOT_SCRIPT=0 P_AT_BOOT_SCRIPT_ENTRY=0 VALID_RESET=1 VALID_BSS=1 VALID_BOARD=1 VALID_SHELL=1 VALID_BEFORE=1 VALID_ENTRY=1
BOOT_INIT_STATIC_P_STARTUP_SAMPLE board=DE5 [1-11.2] sample=010 elapsed_ms=9158 PSTAT=00000001 ASTAT=001FC000 VALID_MASK=0x3F TRACE_VALID=1 LINK=1 LOCKED=0 AUX=0 P_AT_RESET_EARLY=0 P_AFTER_BSS_DATA_INIT=0 P_AFTER_BOARD_INIT=0 P_AFTER_SHELL_INIT=0 P_BEFORE_SHELL_BOOT_SCRIPT=0 P_AT_BOOT_SCRIPT_ENTRY=0 VALID_RESET=1 VALID_BSS=1 VALID_BOARD=1 VALID_SHELL=1 VALID_BEFORE=1 VALID_ENTRY=1
BOOT_INIT_STATIC_P_STARTUP_SAMPLE board=DE5 [1-11.2] sample=011 elapsed_ms=10174 PSTAT=00000001 ASTAT=001FC000 VALID_MASK=0x3F TRACE_VALID=1 LINK=1 LOCKED=0 AUX=0 P_AT_RESET_EARLY=0 P_AFTER_BSS_DATA_INIT=0 P_AFTER_BOARD_INIT=0 P_AFTER_SHELL_INIT=0 P_BEFORE_SHELL_BOOT_SCRIPT=0 P_AT_BOOT_SCRIPT_ENTRY=0 VALID_RESET=1 VALID_BSS=1 VALID_BOARD=1 VALID_SHELL=1 VALID_BEFORE=1 VALID_ENTRY=1
BOOT_INIT_STATIC_P_STARTUP_SAMPLE board=DE5 [1-11.2] sample=012 elapsed_ms=11190 PSTAT=00000001 ASTAT=001FC000 VALID_MASK=0x3F TRACE_VALID=1 LINK=1 LOCKED=0 AUX=0 P_AT_RESET_EARLY=0 P_AFTER_BSS_DATA_INIT=0 P_AFTER_BOARD_INIT=0 P_AFTER_SHELL_INIT=0 P_BEFORE_SHELL_BOOT_SCRIPT=0 P_AT_BOOT_SCRIPT_ENTRY=0 VALID_RESET=1 VALID_BSS=1 VALID_BOARD=1 VALID_SHELL=1 VALID_BEFORE=1 VALID_ENTRY=1
BOOT_INIT_STATIC_P_STARTUP_DONE
Info (23030): Evaluation of Tcl script scripts/jtag/read_boot_init_static_p_startup_lifetime_diag.tcl was successful
Info: Quartus Prime SignalTap II was successful. 0 errors, 0 warnings
    Info: Peak virtual memory: 772 megabytes
    Info: Processing ended: Thu Aug 27 01:23:07 2026
    Info: Elapsed time: 00:00:22
    Info: Total CPU time (on all processors): 00:00:00
