Info: *******************************************************************
Info: Running Quartus Prime SignalTap II
    Info: Version 17.0.0 Build 595 04/25/2017 SJ Standard Edition
    Info: Copyright (C) 2017  Intel Corporation. All rights reserved.
    Info: Your use of Intel Corporation's design tools, logic functions 
    Info: and other software and tools, and its AMPP partner logic 
    Info: functions, and any output files from any of the foregoing 
    Info: (including device programming or simulation files), and any 
    Info: associated documentation or information are expressly subject 
    Info: to the terms and conditions of the Intel Program License 
    Info: Subscription Agreement, the Intel Quartus Prime License Agreement,
    Info: the Intel MegaCore Function License Agreement, or other 
    Info: applicable license agreement, including, without limitation, 
    Info: that your use is for the sole purpose of programming logic 
    Info: devices manufactured by Intel and sold by Intel or its 
    Info: authorized distributors.  Please refer to the applicable 
    Info: agreement for further details.
    Info: Processing started: Tue Sep 15 14:42:05 2026
Info: Command: quartus_stp -t scripts/jtag/read_step5_main_frequency_prelock_observability.tcl 300 500  120000 130000 acquisition
Info: Quartus(args): 300 500 {} 120000 130000 acquisition
------------------------------------------------
can't read "samples": no such variable
    while executing
"list  STEP5_F4E_CONFIG  "experiment=EXP-S5-F4E-ACQUISITION-MAIN-PHASE-PROGRESS-20260915"  "run_role=acquisition"  "samples_max=$samples"  "target_dura..."
    (procedure "run_f4e_acquisition" line 9)
    invoked from within
"run_f4e_acquisition"
    invoked from within
"if {$run_role eq "acquisition"} {
  run_f4e_acquisition
  exit 0
}"
    (file "scripts/jtag/read_step5_main_frequency_prelock_observability.tcl" line 2170)
------------------------------------------------
Error (23031): Evaluation of Tcl script scripts/jtag/read_step5_main_frequency_prelock_observability.tcl unsuccessful
Error: Quartus Prime SignalTap II was unsuccessful. 1 error, 0 warnings
    Error: Peak virtual memory: 772 megabytes
    Error: Processing ended: Tue Sep 15 14:42:06 2026
    Error: Elapsed time: 00:00:01
    Error: Total CPU time (on all processors): 00:00:00
