S6U_CONFIG run_tag=20261001T040923Z candidate_source=a62c264dbbfc15b31c316188dd7f851d28ec2a6d duration_ms=30000 sample_ms=100 board=1-11.2 phase_context=2 join=exact_UCNT read_only=1 no_compile=1 no_program=1 external_watchdog_s=90
S6U_SOF_PREFLIGHT slave=5af7150671dfb293acd82c68f47df9688fc1f23d40cf912ed3c6764467754018 master=9a0f1087c0dd75330c94cd7f24780359d4c3d89dacd7c207d734e29568d721c5
1) DE5 [1-11.1]
2) DE5 [1-11.2]
Info: *******************************************************************
Info: Running Quartus Prime Programmer
    Info: Version 17.0.0 Build 595 04/25/2017 SJ Standard Edition
    Info: Copyright (C) 2017  Intel Corporation. All rights reserved.
    Info: Your use of Intel Corporation's design tools, logic functions 
    Info: and other software and tools, and its AMPP partner logic 
    Info: functions, and any output files from any of the foregoing 
    Info: (including device programming or simulation files), and any 
    Info: associated documentation or information are expressly subject 
    Info: to the terms and conditions of the Intel Program License 
    Info: Subscription Agreement, the Intel Quartus Prime License Agreement,
    Info: the Intel MegaCore Function License Agreement, or other 
    Info: applicable license agreement, including, without limitation, 
    Info: that your use is for the sole purpose of programming logic 
    Info: devices manufactured by Intel and sold by Intel or its 
    Info: authorized distributors.  Please refer to the applicable 
    Info: agreement for further details.
    Info: Processing started: Thu Oct  1 12:09:23 2026
Info: Command: quartus_pgm -l
Info: Quartus Prime Programmer was successful. 0 errors, 0 warnings
    Info: Peak virtual memory: 407 megabytes
    Info: Processing ended: Thu Oct  1 12:09:24 2026
    Info: Elapsed time: 00:00:01
    Info: Total CPU time (on all processors): 00:00:00
Info: *******************************************************************
Info: Running Quartus Prime SignalTap II
    Info: Version 17.0.0 Build 595 04/25/2017 SJ Standard Edition
    Info: Copyright (C) 2017  Intel Corporation. All rights reserved.
    Info: Your use of Intel Corporation's design tools, logic functions 
    Info: and other software and tools, and its AMPP partner logic 
    Info: functions, and any output files from any of the foregoing 
    Info: (including device programming or simulation files), and any 
    Info: associated documentation or information are expressly subject 
    Info: to the terms and conditions of the Intel Program License 
    Info: Subscription Agreement, the Intel Quartus Prime License Agreement,
    Info: the Intel MegaCore Function License Agreement, or other 
    Info: applicable license agreement, including, without limitation, 
    Info: that your use is for the sole purpose of programming logic 
    Info: devices manufactured by Intel and sold by Intel or its 
    Info: authorized distributors.  Please refer to the applicable 
    Info: agreement for further details.
    Info: Processing started: Thu Oct  1 12:09:24 2026
Info: Command: quartus_stp -t /home/b10504072/04_WR/scripts/jtag/read_step6_servo_interleaved_offset.tcl 30000 100 1-11.2 2
Info: Quartus(args): 30000 100 1-11.2 2
S6_INTERLEAVED_CONFIG duration_ms=30000 sample_ms=100 board_filter=1-11.2 phase_context=2 context_join=mode_specific read_only=1 wb_register_writes=0 fpga_program=0 reset=0
S6_INTERLEAVED_CONTEXT_CONFIG join_mode=MATCHED_UCNT_SEPARATE_FRAMES
S6_INTERLEAVED_BOARD board=DE5 [1-11.2] device=@1: 10AX115H(1|2|2E2|2ES|3|3E3)/.. (0x02E660DD)
S6_INTERLEAVED_TIMING board=DE5 [1-11.2] sample=0000 DIAG_WAIT_START_US=1790827765265817 DIAG_EPOCH_WAIT_BASELINE=34646 FRAME_START_US=1790827765395569 CKO_HOST_US=1790827765406699 PHASE_CONTEXT_START_US=1790827765495972 PHASE_CONTEXT_END_US=1790827765562572 FRAME_END_US=1790827765451108 DIAG_WAIT_MS=130
S6_INTERLEAVED_CONTEXT_TIMING board=DE5 [1-11.2] sample=0000 PHASE_CONTEXT_FRAME_START_US=1790827765495972 PHASE_CONTEXT_FRAME_END_US=1790827765562572 PHASE_CONTEXT_WAIT_MS=44 PHASE_CONTEXT_FRAME_VALID=1 PHASE_CONTEXT_EPOCH_BEFORE=34648 PHASE_CONTEXT_EPOCH_AFTER=34648 PHASE_CONTEXT_UCNT=00000A47
S6_INTERLEAVED_SAMPLE board=DE5 [1-11.2] sample=0000 elapsed_ms=0 row_ms=343.050 HEALTH_START_US=1790827765220026 HEALTH_END_US=1790827765232435 DIAG_WAIT_START_US=1790827765265817 DIAG_WAIT_MS=130 DIAG_EPOCH_WAIT_BASELINE=34646 FRAME_START_US=1790827765395569 CKO_HOST_US=1790827765406699 PHASE_CONTEXT_START_US=1790827765495972 PHASE_CONTEXT_END_US=1790827765562572 FRAME_END_US=1790827765451108 ROW_END_US=1790827765563073 READS_VALID=1 COHERENT=0 QUALIFYING_SAMPLE=0 TAI=0 CYCLES=0 GLOBAL_TIME_VALID=0 SNAPSHOT_STABLE=1 SNAPSHOT_VALID=0 SNAPSHOT_COUNT=0 STATUS_TIME_VALID=0 STATUS_PPS_VALID=1 ESCR_TIME_VALID=0 ESCR_PPS_VALID=0 STEP1_GATE=1 STATUS_SI_CONFIG_DONE=1 STATUS_WR_READY=1 STATUS_TM_LINK=1 STATUS_LINK_OK=1 STATUS_RX_READY=1 STATUS_TX_READY=1 STATUS_CPU_RESET_N=1 STATUS_RX_LOCKED_TO_DATA=1 HELPER_LOCK=1 MAIN_LOCK=1 MAIN_FREQ_LOCK=1 MAIN_PHASE_LOCK=1 PSTAT_LOCK=1 DIAG_VALID_BEFORE=1 DIAG_VALID_AFTER=1 DIAG_EPOCH_BEFORE=34647 DIAG_EPOCH_AFTER=34647 DIAG_EPOCH_STABLE=1 DIAG_EPOCH_BEFORE_OK=1 DIAG_FRAME_VALID=1 UCNT=00000A47 SSTAT=00000301 SERVO_STATE=3 CKO_RAW=FFFFF5EF CKO_PS=-2577 BOOT_GENERATION=00000001 CPU_RESET_COUNT=00000001 WR_CORE_RESET_COUNT=00000001 SI_CONFIG_DROP_COUNT=00000001 RESET_CHANGED=0 PHASE_CONTEXT=2 PHASE_CONTEXT_VALID=1 DMS_HI=00000000 DMS_LO=0002A9FC DMS_PS=174588 SETP_RAW=00001103 SETP_PS=4355 PHASE_CONTEXT_FRAME_VALID=1 PHASE_CONTEXT_MATCH=1 PHASE_CONTEXT_UCNT=00000A47 PHASE_CONTEXT_EPOCH_BEFORE=34648 PHASE_CONTEXT_EPOCH_AFTER=34648 PHASE_CONTEXT_FRAME_START_US=1790827765495972 PHASE_CONTEXT_FRAME_END_US=1790827765562572 PHASE_CONTEXT_WAIT_MS=44
S6_INTERLEAVED_TIMING board=DE5 [1-11.2] sample=0001 DIAG_WAIT_START_US=1790827765715294 DIAG_EPOCH_WAIT_BASELINE=34650 FRAME_START_US=1790827765800323 CKO_HOST_US=1790827765811995 PHASE_CONTEXT_START_US=1790827765994289 PHASE_CONTEXT_END_US=1790827766065450 FRAME_END_US=1790827765858775 DIAG_WAIT_MS=85
S6_INTERLEAVED_CONTEXT_TIMING board=DE5 [1-11.2] sample=0001 PHASE_CONTEXT_FRAME_START_US=1790827765994289 PHASE_CONTEXT_FRAME_END_US=1790827766065450 PHASE_CONTEXT_WAIT_MS=136 PHASE_CONTEXT_FRAME_VALID=1 PHASE_CONTEXT_EPOCH_BEFORE=34653 PHASE_CONTEXT_EPOCH_AFTER=34653 PHASE_CONTEXT_UCNT=00000A47
S6_INTERLEAVED_SAMPLE board=DE5 [1-11.2] sample=0001 elapsed_ms=445 row_ms=402.028 HEALTH_START_US=1790827765664149 HEALTH_END_US=1790827765680368 DIAG_WAIT_START_US=1790827765715294 DIAG_WAIT_MS=85 DIAG_EPOCH_WAIT_BASELINE=34650 FRAME_START_US=1790827765800323 CKO_HOST_US=1790827765811995 PHASE_CONTEXT_START_US=1790827765994289 PHASE_CONTEXT_END_US=1790827766065450 FRAME_END_US=1790827765858775 ROW_END_US=1790827766066170 READS_VALID=1 COHERENT=0 QUALIFYING_SAMPLE=0 TAI=0 CYCLES=0 GLOBAL_TIME_VALID=0 SNAPSHOT_STABLE=1 SNAPSHOT_VALID=0 SNAPSHOT_COUNT=0 STATUS_TIME_VALID=0 STATUS_PPS_VALID=1 ESCR_TIME_VALID=0 ESCR_PPS_VALID=0 STEP1_GATE=1 STATUS_SI_CONFIG_DONE=1 STATUS_WR_READY=1 STATUS_TM_LINK=1 STATUS_LINK_OK=1 STATUS_RX_READY=1 STATUS_TX_READY=1 STATUS_CPU_RESET_N=1 STATUS_RX_LOCKED_TO_DATA=1 HELPER_LOCK=1 MAIN_LOCK=1 MAIN_FREQ_LOCK=1 MAIN_PHASE_LOCK=1 PSTAT_LOCK=1 DIAG_VALID_BEFORE=1 DIAG_VALID_AFTER=1 DIAG_EPOCH_BEFORE=34651 DIAG_EPOCH_AFTER=34651 DIAG_EPOCH_STABLE=1 DIAG_EPOCH_BEFORE_OK=1 DIAG_FRAME_VALID=1 UCNT=00000A47 SSTAT=00000301 SERVO_STATE=3 CKO_RAW=FFFFF5EF CKO_PS=-2577 BOOT_GENERATION=00000001 CPU_RESET_COUNT=00000001 WR_CORE_RESET_COUNT=00000001 SI_CONFIG_DROP_COUNT=00000001 RESET_CHANGED=0 PHASE_CONTEXT=2 PHASE_CONTEXT_VALID=1 DMS_HI=00000000 DMS_LO=0002A9FC DMS_PS=174588 SETP_RAW=00001103 SETP_PS=4355 PHASE_CONTEXT_FRAME_VALID=1 PHASE_CONTEXT_MATCH=1 PHASE_CONTEXT_UCNT=00000A47 PHASE_CONTEXT_EPOCH_BEFORE=34653 PHASE_CONTEXT_EPOCH_AFTER=34653 PHASE_CONTEXT_FRAME_START_US=1790827765994289 PHASE_CONTEXT_FRAME_END_US=1790827766065450 PHASE_CONTEXT_WAIT_MS=136
S6_INTERLEAVED_TIMING board=DE5 [1-11.2] sample=0002 DIAG_WAIT_START_US=1790827766217619 DIAG_EPOCH_WAIT_BASELINE=34655 FRAME_START_US=1790827766302706 CKO_HOST_US=1790827766314354 PHASE_CONTEXT_START_US=1790827766496781 PHASE_CONTEXT_END_US=1790827766566729 FRAME_END_US=1790827766360888 DIAG_WAIT_MS=85
S6_INTERLEAVED_CONTEXT_TIMING board=DE5 [1-11.2] sample=0002 PHASE_CONTEXT_FRAME_START_US=1790827766496781 PHASE_CONTEXT_FRAME_END_US=1790827766566729 PHASE_CONTEXT_WAIT_MS=136 PHASE_CONTEXT_FRAME_VALID=1 PHASE_CONTEXT_EPOCH_BEFORE=34658 PHASE_CONTEXT_EPOCH_AFTER=34658 PHASE_CONTEXT_UCNT=00000A48
S6_INTERLEAVED_SAMPLE board=DE5 [1-11.2] sample=0002 elapsed_ms=947 row_ms=400.488 HEALTH_START_US=1790827766166920 HEALTH_END_US=1790827766182653 DIAG_WAIT_START_US=1790827766217619 DIAG_WAIT_MS=85 DIAG_EPOCH_WAIT_BASELINE=34655 FRAME_START_US=1790827766302706 CKO_HOST_US=1790827766314354 PHASE_CONTEXT_START_US=1790827766496781 PHASE_CONTEXT_END_US=1790827766566729 FRAME_END_US=1790827766360888 ROW_END_US=1790827766567400 READS_VALID=1 COHERENT=0 QUALIFYING_SAMPLE=0 TAI=0 CYCLES=0 GLOBAL_TIME_VALID=0 SNAPSHOT_STABLE=1 SNAPSHOT_VALID=0 SNAPSHOT_COUNT=0 STATUS_TIME_VALID=0 STATUS_PPS_VALID=1 ESCR_TIME_VALID=0 ESCR_PPS_VALID=0 STEP1_GATE=1 STATUS_SI_CONFIG_DONE=1 STATUS_WR_READY=1 STATUS_TM_LINK=1 STATUS_LINK_OK=1 STATUS_RX_READY=1 STATUS_TX_READY=1 STATUS_CPU_RESET_N=1 STATUS_RX_LOCKED_TO_DATA=1 HELPER_LOCK=1 MAIN_LOCK=1 MAIN_FREQ_LOCK=1 MAIN_PHASE_LOCK=1 PSTAT_LOCK=1 DIAG_VALID_BEFORE=1 DIAG_VALID_AFTER=1 DIAG_EPOCH_BEFORE=34656 DIAG_EPOCH_AFTER=34656 DIAG_EPOCH_STABLE=1 DIAG_EPOCH_BEFORE_OK=1 DIAG_FRAME_VALID=1 UCNT=00000A47 SSTAT=00000301 SERVO_STATE=3 CKO_RAW=FFFFF5EF CKO_PS=-2577 BOOT_GENERATION=00000001 CPU_RESET_COUNT=00000001 WR_CORE_RESET_COUNT=00000001 SI_CONFIG_DROP_COUNT=00000001 RESET_CHANGED=0 PHASE_CONTEXT=2 PHASE_CONTEXT_VALID=1 DMS_HI=00000000 DMS_LO=0002AAE5 DMS_PS=174821 SETP_RAW=00000E45 SETP_PS=3653 PHASE_CONTEXT_FRAME_VALID=1 PHASE_CONTEXT_MATCH=0 PHASE_CONTEXT_UCNT=00000A48 PHASE_CONTEXT_EPOCH_BEFORE=34658 PHASE_CONTEXT_EPOCH_AFTER=34658 PHASE_CONTEXT_FRAME_START_US=1790827766496781 PHASE_CONTEXT_FRAME_END_US=1790827766566729 PHASE_CONTEXT_WAIT_MS=136
S6_INTERLEAVED_TIMING board=DE5 [1-11.2] sample=0003 DIAG_WAIT_START_US=1790827766718966 DIAG_EPOCH_WAIT_BASELINE=34660 FRAME_START_US=1790827766803767 CKO_HOST_US=1790827766815485 PHASE_CONTEXT_START_US=1790827766997884 PHASE_CONTEXT_END_US=1790827767068668 FRAME_END_US=1790827766862123 DIAG_WAIT_MS=85
S6_INTERLEAVED_CONTEXT_TIMING board=DE5 [1-11.2] sample=0003 PHASE_CONTEXT_FRAME_START_US=1790827766997884 PHASE_CONTEXT_FRAME_END_US=1790827767068668 PHASE_CONTEXT_WAIT_MS=135 PHASE_CONTEXT_FRAME_VALID=1 PHASE_CONTEXT_EPOCH_BEFORE=34663 PHASE_CONTEXT_EPOCH_AFTER=34663 PHASE_CONTEXT_UCNT=00000A48
S6_INTERLEAVED_SAMPLE board=DE5 [1-11.2] sample=0003 elapsed_ms=1449 row_ms=401.209 HEALTH_START_US=1790827766668131 HEALTH_END_US=1790827766683835 DIAG_WAIT_START_US=1790827766718966 DIAG_WAIT_MS=85 DIAG_EPOCH_WAIT_BASELINE=34660 FRAME_START_US=1790827766803767 CKO_HOST_US=1790827766815485 PHASE_CONTEXT_START_US=1790827766997884 PHASE_CONTEXT_END_US=1790827767068668 FRAME_END_US=1790827766862123 ROW_END_US=1790827767069333 READS_VALID=1 COHERENT=0 QUALIFYING_SAMPLE=0 TAI=0 CYCLES=0 GLOBAL_TIME_VALID=0 SNAPSHOT_STABLE=1 SNAPSHOT_VALID=0 SNAPSHOT_COUNT=0 STATUS_TIME_VALID=0 STATUS_PPS_VALID=1 ESCR_TIME_VALID=0 ESCR_PPS_VALID=0 STEP1_GATE=1 STATUS_SI_CONFIG_DONE=1 STATUS_WR_READY=1 STATUS_TM_LINK=1 STATUS_LINK_OK=1 STATUS_RX_READY=1 STATUS_TX_READY=1 STATUS_CPU_RESET_N=1 STATUS_RX_LOCKED_TO_DATA=1 HELPER_LOCK=1 MAIN_LOCK=1 MAIN_FREQ_LOCK=1 MAIN_PHASE_LOCK=1 PSTAT_LOCK=1 DIAG_VALID_BEFORE=1 DIAG_VALID_AFTER=1 DIAG_EPOCH_BEFORE=34661 DIAG_EPOCH_AFTER=34661 DIAG_EPOCH_STABLE=1 DIAG_EPOCH_BEFORE_OK=1 DIAG_FRAME_VALID=1 UCNT=00000A48 SSTAT=00000501 SERVO_STATE=5 CKO_RAW=FFFFF506 CKO_PS=-2810 BOOT_GENERATION=00000001 CPU_RESET_COUNT=00000001 WR_CORE_RESET_COUNT=00000001 SI_CONFIG_DROP_COUNT=00000001 RESET_CHANGED=0 PHASE_CONTEXT=2 PHASE_CONTEXT_VALID=1 DMS_HI=00000000 DMS_LO=0002AAE5 DMS_PS=174821 SETP_RAW=00000E45 SETP_PS=3653 PHASE_CONTEXT_FRAME_VALID=1 PHASE_CONTEXT_MATCH=1 PHASE_CONTEXT_UCNT=00000A48 PHASE_CONTEXT_EPOCH_BEFORE=34663 PHASE_CONTEXT_EPOCH_AFTER=34663 PHASE_CONTEXT_FRAME_START_US=1790827766997884 PHASE_CONTEXT_FRAME_END_US=1790827767068668 PHASE_CONTEXT_WAIT_MS=135
S6_INTERLEAVED_TIMING board=DE5 [1-11.2] sample=0004 DIAG_WAIT_START_US=1790827767220829 DIAG_EPOCH_WAIT_BASELINE=34665 FRAME_START_US=1790827767293019 CKO_HOST_US=1790827767304642 PHASE_CONTEXT_START_US=1790827767398178 PHASE_CONTEXT_END_US=1790827767468098 FRAME_END_US=1790827767351460 DIAG_WAIT_MS=73
S6_INTERLEAVED_CONTEXT_TIMING board=DE5 [1-11.2] sample=0004 PHASE_CONTEXT_FRAME_START_US=1790827767398178 PHASE_CONTEXT_FRAME_END_US=1790827767468098 PHASE_CONTEXT_WAIT_MS=47 PHASE_CONTEXT_FRAME_VALID=1 PHASE_CONTEXT_EPOCH_BEFORE=34667 PHASE_CONTEXT_EPOCH_AFTER=34667 PHASE_CONTEXT_UCNT=00000A49
S6_INTERLEAVED_SAMPLE board=DE5 [1-11.2] sample=0004 elapsed_ms=1951 row_ms=298.712 HEALTH_START_US=1790827767170065 HEALTH_END_US=1790827767185782 DIAG_WAIT_START_US=1790827767220829 DIAG_WAIT_MS=73 DIAG_EPOCH_WAIT_BASELINE=34665 FRAME_START_US=1790827767293019 CKO_HOST_US=1790827767304642 PHASE_CONTEXT_START_US=1790827767398178 PHASE_CONTEXT_END_US=1790827767468098 FRAME_END_US=1790827767351460 ROW_END_US=1790827767468769 READS_VALID=1 COHERENT=0 QUALIFYING_SAMPLE=0 TAI=0 CYCLES=0 GLOBAL_TIME_VALID=0 SNAPSHOT_STABLE=1 SNAPSHOT_VALID=0 SNAPSHOT_COUNT=0 STATUS_TIME_VALID=0 STATUS_PPS_VALID=1 ESCR_TIME_VALID=0 ESCR_PPS_VALID=0 STEP1_GATE=1 STATUS_SI_CONFIG_DONE=1 STATUS_WR_READY=1 STATUS_TM_LINK=1 STATUS_LINK_OK=1 STATUS_RX_READY=1 STATUS_TX_READY=1 STATUS_CPU_RESET_N=1 STATUS_RX_LOCKED_TO_DATA=1 HELPER_LOCK=1 MAIN_LOCK=1 MAIN_FREQ_LOCK=1 MAIN_PHASE_LOCK=1 PSTAT_LOCK=1 DIAG_VALID_BEFORE=1 DIAG_VALID_AFTER=1 DIAG_EPOCH_BEFORE=34666 DIAG_EPOCH_AFTER=34666 DIAG_EPOCH_STABLE=1 DIAG_EPOCH_BEFORE_OK=1 DIAG_FRAME_VALID=1 UCNT=00000A48 SSTAT=00000501 SERVO_STATE=5 CKO_RAW=FFFFF506 CKO_PS=-2810 BOOT_GENERATION=00000001 CPU_RESET_COUNT=00000001 WR_CORE_RESET_COUNT=00000001 SI_CONFIG_DROP_COUNT=00000001 RESET_CHANGED=0 PHASE_CONTEXT=2 PHASE_CONTEXT_VALID=1 DMS_HI=00000000 DMS_LO=0002A7FD DMS_PS=174077 SETP_RAW=00000E45 SETP_PS=3653 PHASE_CONTEXT_FRAME_VALID=1 PHASE_CONTEXT_MATCH=0 PHASE_CONTEXT_UCNT=00000A49 PHASE_CONTEXT_EPOCH_BEFORE=34667 PHASE_CONTEXT_EPOCH_AFTER=34667 PHASE_CONTEXT_FRAME_START_US=1790827767398178 PHASE_CONTEXT_FRAME_END_US=1790827767468098 PHASE_CONTEXT_WAIT_MS=47
S6_INTERLEAVED_STOP board=DE5 [1-11.2] sample=4 elapsed_ms=1951 reason=five_consecutive_untrusted_samples
S6_INTERLEAVED_BOARD_DONE board=DE5 [1-11.2] samples=5 elapsed_ms=2250 reset_stop=0 invalid_streak=5
S6_INTERLEAVED_SUMMARY boards=1 rows=5 accepted=0 qualifying=0 reset_stop=0 timeout_count=0 invalid_count=0
S6_INTERLEAVED_DONE
Info (23030): Evaluation of Tcl script /home/b10504072/04_WR/scripts/jtag/read_step6_servo_interleaved_offset.tcl was successful
Info: Quartus Prime SignalTap II was successful. 0 errors, 0 warnings
    Info: Peak virtual memory: 772 megabytes
    Info: Processing ended: Thu Oct  1 12:09:27 2026
    Info: Elapsed time: 00:00:03
    Info: Total CPU time (on all processors): 00:00:00
S6U_EXIT run_tag=20261001T040923Z pipeline_rc=0 log=/home/b10504072/04_WR/experiments/step6/EXP-S6-PRETRACK-UCNT-PAIRED-CKO-SETP-20261001/raw/observe/20261001T040923Z-pretrack-ucnt-paired.log
