Info: *******************************************************************
Info: Running Quartus Prime SignalTap II
    Info: Version 17.0.0 Build 595 04/25/2017 SJ Standard Edition
    Info: Copyright (C) 2017  Intel Corporation. All rights reserved.
    Info: Your use of Intel Corporation's design tools, logic functions 
    Info: and other software and tools, and its AMPP partner logic 
    Info: functions, and any output files from any of the foregoing 
    Info: (including device programming or simulation files), and any 
    Info: associated documentation or information are expressly subject 
    Info: to the terms and conditions of the Intel Program License 
    Info: Subscription Agreement, the Intel Quartus Prime License Agreement,
    Info: the Intel MegaCore Function License Agreement, or other 
    Info: applicable license agreement, including, without limitation, 
    Info: that your use is for the sole purpose of programming logic 
    Info: devices manufactured by Intel and sold by Intel or its 
    Info: authorized distributors.  Please refer to the applicable 
    Info: agreement for further details.
    Info: Processing started: Thu Aug 27 11:04:14 2026
Info: Command: quartus_stp -t scripts/jtag/read_passive_boot_generation_no_cpu_hold.tcl 5000
Info: Quartus(args): 5000
PASSIVE_CONFIG gap_ms=5000 samples=0,5000,10000,20000,30000 read_only=1 cpu_hold_release=0 cpu_reset_write=0
=== DE5 [1-11.1] ===
device: @1: 10AX115H(1|2|2E2|2ES|3|3E3)/.. (0x02E660DD)
PASSIVE_SAMPLE index=00 elapsed_ms=0 valid=1 BOOT_GENERATION=00000004 P_AT_ENTRY_LATEST=000179E4 CPU_RESET=0 CPU_RESET_n=1/1 wr_core_reset_n=1 si_config_done=1/1 clk_sys_625_locked=1 MARKER_RAW=000000010000B004 STORE_RAW=0000460E0001C570 STORE_COUNT_RAW=0000000003561180 STATUS_RAW=4110D6020F0082A1 CPU_RAW=0000007C00003E74 ENTRY_RAW=00000004000179E4
PASSIVE_SAMPLE index=01 elapsed_ms=5000 valid=1 BOOT_GENERATION=00000004 P_AT_ENTRY_LATEST=000179E4 CPU_RESET=0 CPU_RESET_n=1/1 wr_core_reset_n=1 si_config_done=1/1 clk_sys_625_locked=1 MARKER_RAW=000000010000B004 STORE_RAW=000000070001D3FC STORE_COUNT_RAW=00000000046298AC STATUS_RAW=411E5AC1265082EF CPU_RAW=0000007C0000B1D8 ENTRY_RAW=00000004000179E4
PASSIVE_SAMPLE index=02 elapsed_ms=10000 valid=1 BOOT_GENERATION=00000004 P_AT_ENTRY_LATEST=000179E4 CPU_RESET=0 CPU_RESET_n=1/1 wr_core_reset_n=1 si_config_done=1/1 clk_sys_625_locked=1 MARKER_RAW=000000010000B004 STORE_RAW=000000000001C454 STORE_COUNT_RAW=00000000058F3636 STATUS_RAW=411E5A6336BC82EF CPU_RAW=0000007C000176D0 ENTRY_RAW=00000004000179E4
PASSIVE_SAMPLE index=03 elapsed_ms=20000 valid=1 BOOT_GENERATION=00000004 P_AT_ENTRY_LATEST=000179E4 CPU_RESET=0 CPU_RESET_n=1/1 wr_core_reset_n=1 si_config_done=1/1 clk_sys_625_locked=1 MARKER_RAW=000000010000B004 STORE_RAW=2B2BBE680002FFB8 STORE_COUNT_RAW=0000000007E88362 STATUS_RAW=411E5A43265082EF CPU_RAW=0000007C000177A8 ENTRY_RAW=00000004000179E4
PASSIVE_SAMPLE index=04 elapsed_ms=30000 valid=1 BOOT_GENERATION=00000004 P_AT_ENTRY_LATEST=000179E4 CPU_RESET=0 CPU_RESET_n=1/1 wr_core_reset_n=1 si_config_done=1/1 clk_sys_625_locked=1 MARKER_RAW=000000010000B004 STORE_RAW=2B8801400001C574 STORE_COUNT_RAW=000000000A416654 STATUS_RAW=411E5A6336BC82EF CPU_RAW=0000007C00003E48 ENTRY_RAW=00000004000179E4
=== DE5 [1-11.2] ===
device: @1: 10AX115H(1|2|2E2|2ES|3|3E3)/.. (0x02E660DD)
PASSIVE_SAMPLE index=00 elapsed_ms=0 valid=1 BOOT_GENERATION=00000002 P_AT_ENTRY_LATEST=000179D8 CPU_RESET=0 CPU_RESET_n=1/1 wr_core_reset_n=1 si_config_done=1/1 clk_sys_625_locked=1 MARKER_RAW=000000010000B004 STORE_RAW=0000001E0001D45C STORE_COUNT_RAW=0000000006E2A108 STATUS_RAW=00101AC127F082EF CPU_RAW=0000007C00003E60 ENTRY_RAW=00000002000179D8
PASSIVE_SAMPLE index=01 elapsed_ms=5000 valid=1 BOOT_GENERATION=00000002 P_AT_ENTRY_LATEST=000179D8 CPU_RESET=0 CPU_RESET_n=1/1 wr_core_reset_n=1 si_config_done=1/1 clk_sys_625_locked=1 MARKER_RAW=000000010000B004 STORE_RAW=00008B8C0001C570 STORE_COUNT_RAW=00000000080ECE99 STATUS_RAW=00101AE137F082EF CPU_RAW=0000007C000177B4 ENTRY_RAW=00000002000179D8
PASSIVE_SAMPLE index=02 elapsed_ms=10000 valid=1 BOOT_GENERATION=00000002 P_AT_ENTRY_LATEST=000179D8 CPU_RESET=0 CPU_RESET_n=1/1 wr_core_reset_n=1 si_config_done=1/1 clk_sys_625_locked=1 MARKER_RAW=000000010000B004 STORE_RAW=000000430001D3FC STORE_COUNT_RAW=00000000093AC6B8 STATUS_RAW=00101AE137BC82EF CPU_RAW=0000007C000177EC ENTRY_RAW=00000002000179D8
PASSIVE_SAMPLE index=03 elapsed_ms=20000 valid=1 BOOT_GENERATION=00000002 P_AT_ENTRY_LATEST=000179D8 CPU_RESET=0 CPU_RESET_n=1/1 wr_core_reset_n=1 si_config_done=1/1 clk_sys_625_locked=1 MARKER_RAW=000000010000B004 STORE_RAW=000000010001D2DC STORE_COUNT_RAW=000000000B92973C STATUS_RAW=00101A6137BC82EF CPU_RAW=0000007C0001779C ENTRY_RAW=00000002000179D8
PASSIVE_SAMPLE index=04 elapsed_ms=30000 valid=1 BOOT_GENERATION=00000002 P_AT_ENTRY_LATEST=000179D8 CPU_RESET=0 CPU_RESET_n=1/1 wr_core_reset_n=1 si_config_done=1/1 clk_sys_625_locked=1 MARKER_RAW=000000010000B004 STORE_RAW=0000ED440001C570 STORE_COUNT_RAW=000000000DEB1A4A STATUS_RAW=00101A41275082EF CPU_RAW=0000007C000177DC ENTRY_RAW=00000002000179D8
Info (23030): Evaluation of Tcl script scripts/jtag/read_passive_boot_generation_no_cpu_hold.tcl was successful
Info: Quartus Prime SignalTap II was successful. 0 errors, 0 warnings
    Info: Peak virtual memory: 772 megabytes
    Info: Processing ended: Thu Aug 27 11:05:14 2026
    Info: Elapsed time: 00:01:00
    Info: Total CPU time (on all processors): 00:00:00
