Info: *******************************************************************
Info: Running Quartus Prime SignalTap II
    Info: Version 17.0.0 Build 595 04/25/2017 SJ Standard Edition
    Info: Copyright (C) 2017  Intel Corporation. All rights reserved.
    Info: Your use of Intel Corporation's design tools, logic functions 
    Info: and other software and tools, and its AMPP partner logic 
    Info: functions, and any output files from any of the foregoing 
    Info: (including device programming or simulation files), and any 
    Info: associated documentation or information are expressly subject 
    Info: to the terms and conditions of the Intel Program License 
    Info: Subscription Agreement, the Intel Quartus Prime License Agreement,
    Info: the Intel MegaCore Function License Agreement, or other 
    Info: applicable license agreement, including, without limitation, 
    Info: that your use is for the sole purpose of programming logic 
    Info: devices manufactured by Intel and sold by Intel or its 
    Info: authorized distributors.  Please refer to the applicable 
    Info: agreement for further details.
    Info: Processing started: Mon Aug 24 22:29:16 2026
Info: Command: quartus_stp -t /home/b10504072/04_WR/scripts/jtag/read_wr_handshake_focused.tcl 20 500 25
Info: Quartus(args): 20 500 25
FOCUSED_CONFIG samples=20 gap_ms=500
=== FOCUSED_BOARD DE5 [1-11.1] ===
FOCUSED_SAMPLE board=DE5 [1-11.1] sample=001 valid=1 status=FF mac=02:00:22:33:44:01 mode=2 ptp=6 ptp_rx=128 ptp_tx=288 minic_tx=374 minic_rx=204 rxerr=0 foreign=0/255 detection=0 wr_config=0 parent=0/0/0 local_state=0 next_state=0 rx=0x1000/1 tx=0x1001/4 fail=1/3/1 reject=0/0 lock=0/0 polls=0 enable=0 rcer=0x00000000 sstat=0x00000000 pstat=0x00000001
FOCUSED_SAMPLE board=DE5 [1-11.1] sample=002 valid=1 status=FF mac=02:00:22:33:44:01 mode=2 ptp=6 ptp_rx=129 ptp_tx=292 minic_tx=379 minic_rx=206 rxerr=0 foreign=0/255 detection=0 wr_config=0 parent=0/0/0 local_state=0 next_state=0 rx=0x1000/1 tx=0x1001/4 fail=1/3/1 reject=0/0 lock=0/0 polls=0 enable=0 rcer=0x00000000 sstat=0x00000000 pstat=0x00000001
FOCUSED_SAMPLE board=DE5 [1-11.1] sample=003 valid=1 status=FF mac=02:00:22:33:44:01 mode=2 ptp=6 ptp_rx=131 ptp_tx=296 minic_tx=384 minic_rx=209 rxerr=0 foreign=0/255 detection=0 wr_config=0 parent=0/0/0 local_state=0 next_state=0 rx=0x1000/1 tx=0x1001/4 fail=1/3/1 reject=0/0 lock=0/0 polls=0 enable=0 rcer=0x00000000 sstat=0x00000000 pstat=0x00000001
FOCUSED_SAMPLE board=DE5 [1-11.1] sample=004 valid=1 status=FF mac=02:00:22:33:44:01 mode=2 ptp=6 ptp_rx=132 ptp_tx=300 minic_tx=389 minic_rx=211 rxerr=0 foreign=0/255 detection=0 wr_config=0 parent=0/0/0 local_state=0 next_state=0 rx=0x1000/1 tx=0x1001/4 fail=1/3/1 reject=0/0 lock=0/0 polls=0 enable=0 rcer=0x00000000 sstat=0x00000000 pstat=0x00000001
FOCUSED_SAMPLE board=DE5 [1-11.1] sample=005 valid=1 status=FF mac=02:00:22:33:44:01 mode=2 ptp=6 ptp_rx=134 ptp_tx=304 minic_tx=394 minic_rx=214 rxerr=0 foreign=0/255 detection=0 wr_config=0 parent=0/0/0 local_state=0 next_state=0 rx=0x1000/1 tx=0x1001/4 fail=1/3/1 reject=0/0 lock=0/0 polls=0 enable=0 rcer=0x00000000 sstat=0x00000000 pstat=0x00000001
FOCUSED_SAMPLE board=DE5 [1-11.1] sample=006 valid=1 status=FF mac=02:00:22:33:44:01 mode=2 ptp=6 ptp_rx=134 ptp_tx=304 minic_tx=394 minic_rx=214 rxerr=0 foreign=0/255 detection=0 wr_config=0 parent=0/0/0 local_state=0 next_state=0 rx=0x1000/1 tx=0x1001/4 fail=1/3/1 reject=0/0 lock=0/0 polls=0 enable=0 rcer=0x00000000 sstat=0x00000000 pstat=0x00000001
FOCUSED_SAMPLE board=DE5 [1-11.1] sample=007 valid=1 status=FF mac=02:00:22:33:44:01 mode=2 ptp=6 ptp_rx=136 ptp_tx=308 minic_tx=400 minic_rx=217 rxerr=0 foreign=0/255 detection=0 wr_config=0 parent=0/0/0 local_state=0 next_state=0 rx=0x1000/1 tx=0x1001/4 fail=1/3/1 reject=0/0 lock=0/0 polls=0 enable=0 rcer=0x00000000 sstat=0x00000000 pstat=0x00000001
FOCUSED_SAMPLE board=DE5 [1-11.1] sample=008 valid=1 status=FF mac=02:00:22:33:44:01 mode=2 ptp=6 ptp_rx=138 ptp_tx=313 minic_tx=406 minic_rx=220 rxerr=0 foreign=0/255 detection=0 wr_config=0 parent=0/0/0 local_state=0 next_state=0 rx=0x1000/1 tx=0x1001/4 fail=1/3/1 reject=0/0 lock=0/0 polls=0 enable=0 rcer=0x00000000 sstat=0x00000000 pstat=0x00000001
FOCUSED_SAMPLE board=DE5 [1-11.1] sample=009 valid=1 status=FF mac=02:00:22:33:44:01 mode=2 ptp=6 ptp_rx=139 ptp_tx=317 minic_tx=411 minic_rx=222 rxerr=0 foreign=0/255 detection=0 wr_config=0 parent=0/0/0 local_state=0 next_state=0 rx=0x1000/1 tx=0x1001/4 fail=1/3/1 reject=0/0 lock=0/0 polls=0 enable=0 rcer=0x00000000 sstat=0x00000000 pstat=0x00000001
FOCUSED_SAMPLE board=DE5 [1-11.1] sample=010 valid=1 status=FF mac=02:00:22:33:44:01 mode=2 ptp=6 ptp_rx=139 ptp_tx=317 minic_tx=411 minic_rx=222 rxerr=0 foreign=0/255 detection=0 wr_config=0 parent=0/0/0 local_state=0 next_state=0 rx=0x1000/1 tx=0x1001/4 fail=1/3/1 reject=0/0 lock=0/0 polls=0 enable=0 rcer=0x00000000 sstat=0x00000000 pstat=0x00000001
FOCUSED_SAMPLE board=DE5 [1-11.1] sample=011 valid=1 status=FF mac=02:00:22:33:44:01 mode=2 ptp=6 ptp_rx=141 ptp_tx=321 minic_tx=416 minic_rx=225 rxerr=0 foreign=0/255 detection=0 wr_config=0 parent=0/0/0 local_state=0 next_state=0 rx=0x1000/1 tx=0x1001/4 fail=1/3/1 reject=0/0 lock=0/0 polls=0 enable=0 rcer=0x00000000 sstat=0x00000000 pstat=0x00000001
FOCUSED_SAMPLE board=DE5 [1-11.1] sample=012 valid=1 status=FF mac=02:00:22:33:44:01 mode=2 ptp=6 ptp_rx=142 ptp_tx=324 minic_tx=420 minic_rx=227 rxerr=0 foreign=0/255 detection=0 wr_config=0 parent=0/0/0 local_state=0 next_state=0 rx=0x1000/1 tx=0x1001/4 fail=1/3/1 reject=0/0 lock=0/0 polls=0 enable=0 rcer=0x00000000 sstat=0x00000000 pstat=0x00000001
FOCUSED_SAMPLE board=DE5 [1-11.1] sample=013 valid=1 status=FF mac=02:00:22:33:44:01 mode=2 ptp=6 ptp_rx=145 ptp_tx=330 minic_tx=428 minic_rx=231 rxerr=0 foreign=0/255 detection=0 wr_config=0 parent=0/0/0 local_state=0 next_state=0 rx=0x1000/1 tx=0x1001/4 fail=1/3/1 reject=0/0 lock=0/0 polls=0 enable=0 rcer=0x00000000 sstat=0x00000000 pstat=0x00000001
FOCUSED_SAMPLE board=DE5 [1-11.1] sample=014 valid=1 status=FF mac=02:00:22:33:44:01 mode=2 ptp=6 ptp_rx=148 ptp_tx=336 minic_tx=435 minic_rx=235 rxerr=0 foreign=0/255 detection=0 wr_config=0 parent=0/0/0 local_state=0 next_state=0 rx=0x1000/1 tx=0x1001/4 fail=1/3/1 reject=0/0 lock=0/0 polls=0 enable=0 rcer=0x00000000 sstat=0x00000000 pstat=0x00000001
FOCUSED_SAMPLE board=DE5 [1-11.1] sample=015 valid=1 status=FF mac=02:00:22:33:44:01 mode=2 ptp=6 ptp_rx=148 ptp_tx=336 minic_tx=435 minic_rx=235 rxerr=0 foreign=0/255 detection=0 wr_config=0 parent=0/0/0 local_state=0 next_state=0 rx=0x1000/1 tx=0x1001/4 fail=1/3/1 reject=0/0 lock=0/0 polls=0 enable=0 rcer=0x00000000 sstat=0x00000000 pstat=0x00000001
FOCUSED_SAMPLE board=DE5 [1-11.1] sample=016 valid=1 status=FF mac=02:00:22:33:44:01 mode=2 ptp=6 ptp_rx=151 ptp_tx=341 minic_tx=441 minic_rx=239 rxerr=0 foreign=0/255 detection=0 wr_config=0 parent=0/0/0 local_state=0 next_state=0 rx=0x1000/1 tx=0x1001/4 fail=1/3/1 reject=0/0 lock=0/0 polls=0 enable=0 rcer=0x00000000 sstat=0x00000000 pstat=0x00000001
FOCUSED_SAMPLE board=DE5 [1-11.1] sample=017 valid=1 status=FF mac=02:00:22:33:44:01 mode=2 ptp=6 ptp_rx=153 ptp_tx=346 minic_tx=447 minic_rx=242 rxerr=0 foreign=0/255 detection=0 wr_config=0 parent=0/0/0 local_state=0 next_state=0 rx=0x1000/1 tx=0x1001/4 fail=1/3/1 reject=0/0 lock=0/0 polls=0 enable=0 rcer=0x00000000 sstat=0x00000000 pstat=0x00000001
FOCUSED_SAMPLE board=DE5 [1-11.1] sample=018 valid=1 status=FF mac=02:00:22:33:44:01 mode=2 ptp=6 ptp_rx=155 ptp_tx=350 minic_tx=452 minic_rx=245 rxerr=0 foreign=0/255 detection=0 wr_config=0 parent=0/0/0 local_state=0 next_state=0 rx=0x1000/1 tx=0x1001/4 fail=1/3/1 reject=0/0 lock=0/0 polls=0 enable=0 rcer=0x00000000 sstat=0x00000000 pstat=0x00000001
FOCUSED_SAMPLE board=DE5 [1-11.1] sample=019 valid=1 status=FF mac=02:00:22:33:44:01 mode=2 ptp=6 ptp_rx=155 ptp_tx=350 minic_tx=452 minic_rx=245 rxerr=0 foreign=0/255 detection=0 wr_config=0 parent=0/0/0 local_state=0 next_state=0 rx=0x1000/1 tx=0x1001/4 fail=1/3/1 reject=0/0 lock=0/0 polls=0 enable=0 rcer=0x00000000 sstat=0x00000000 pstat=0x00000001
FOCUSED_SAMPLE board=DE5 [1-11.1] sample=020 valid=1 status=FF mac=02:00:22:33:44:01 mode=2 ptp=6 ptp_rx=159 ptp_tx=357 minic_tx=461 minic_rx=250 rxerr=0 foreign=0/255 detection=0 wr_config=0 parent=0/0/0 local_state=0 next_state=0 rx=0x1000/1 tx=0x1001/4 fail=1/3/1 reject=0/0 lock=0/0 polls=0 enable=0 rcer=0x00000000 sstat=0x00000000 pstat=0x00000001
FOCUSED_GATE board=DE5 [1-11.1] valid_samples=20 invalid_samples=0 counter_decreased=0 PTP_TX_DELTA=69 STEP2_REGRESSION=PASS STEP3_REGRESSION=NA POST_STEP3_LOCK_STAGE=NOT_OBSERVED STATE_EVIDENCE=STABLE signal_good=0 signal_bad=0 state_idle=0 state_good=0
=== FOCUSED_BOARD DE5 [1-11.2] ===
FOCUSED_SAMPLE board=DE5 [1-11.2] sample=001 valid=1 status=CF mac=02:00:22:33:44:02 mode=3 ptp=9 ptp_rx=359 ptp_tx=114 minic_tx=265 minic_rx=445 rxerr=0 foreign=1/0 detection=0 wr_config=3 parent=1/0/1 local_state=0 next_state=0 rx=0x1001/1 tx=0x1000/1 fail=2/2/1 reject=0/0 lock=1/0 polls=953188 enable=4 rcer=0x00000001 sstat=0x00000001 pstat=0x00000001
FOCUSED_SAMPLE board=DE5 [1-11.2] sample=002 valid=1 status=CF mac=02:00:22:33:44:02 mode=3 ptp=9 ptp_rx=364 ptp_tx=114 minic_tx=268 minic_rx=451 rxerr=0 foreign=1/0 detection=0 wr_config=3 parent=1/0/1 local_state=0 next_state=0 rx=0x1001/1 tx=0x1000/1 fail=2/2/1 reject=0/0 lock=1/0 polls=953188 enable=4 rcer=0x00000001 sstat=0x00000001 pstat=0x00000001
FOCUSED_SAMPLE board=DE5 [1-11.2] sample=003 valid=1 status=CF mac=02:00:22:33:44:02 mode=3 ptp=9 ptp_rx=368 ptp_tx=115 minic_tx=271 minic_rx=456 rxerr=0 foreign=1/0 detection=0 wr_config=3 parent=1/0/1 local_state=0 next_state=0 rx=0x1001/1 tx=0x1000/1 fail=2/2/1 reject=0/0 lock=1/0 polls=953188 enable=4 rcer=0x00000001 sstat=0x00000001 pstat=0x00000001
FOCUSED_SAMPLE board=DE5 [1-11.2] sample=004 valid=1 status=CF mac=02:00:22:33:44:02 mode=3 ptp=9 ptp_rx=368 ptp_tx=115 minic_tx=271 minic_rx=456 rxerr=0 foreign=1/0 detection=0 wr_config=3 parent=1/0/1 local_state=0 next_state=0 rx=0x1001/1 tx=0x1000/1 fail=2/2/1 reject=0/0 lock=1/0 polls=953188 enable=4 rcer=0x00000001 sstat=0x00000001 pstat=0x00000001
FOCUSED_SAMPLE board=DE5 [1-11.2] sample=005 valid=1 status=CF mac=02:00:22:33:44:02 mode=3 ptp=9 ptp_rx=371 ptp_tx=115 minic_tx=273 minic_rx=460 rxerr=0 foreign=1/0 detection=0 wr_config=3 parent=1/0/1 local_state=0 next_state=0 rx=0x1001/1 tx=0x1000/1 fail=2/2/1 reject=0/0 lock=1/0 polls=953188 enable=4 rcer=0x00000001 sstat=0x00000001 pstat=0x00000001
FOCUSED_SAMPLE board=DE5 [1-11.2] sample=006 valid=1 status=CF mac=02:00:22:33:44:02 mode=3 ptp=9 ptp_rx=376 ptp_tx=115 minic_tx=277 minic_rx=466 rxerr=0 foreign=1/0 detection=0 wr_config=3 parent=1/0/1 local_state=0 next_state=0 rx=0x1001/1 tx=0x1000/1 fail=2/2/1 reject=0/0 lock=1/0 polls=953188 enable=4 rcer=0x00000001 sstat=0x00000001 pstat=0x00000001
FOCUSED_SAMPLE board=DE5 [1-11.2] sample=007 valid=1 status=EF mac=02:00:22:33:44:02 mode=3 ptp=9 ptp_rx=379 ptp_tx=116 minic_tx=279 minic_rx=470 rxerr=0 foreign=1/0 detection=0 wr_config=3 parent=1/0/1 local_state=0 next_state=0 rx=0x1001/1 tx=0x1000/1 fail=2/2/1 reject=0/0 lock=1/0 polls=953188 enable=4 rcer=0x00000001 sstat=0x00000001 pstat=0x00000001
FOCUSED_SAMPLE board=DE5 [1-11.2] sample=008 valid=1 status=CF mac=02:00:22:33:44:02 mode=3 ptp=9 ptp_rx=379 ptp_tx=116 minic_tx=279 minic_rx=470 rxerr=0 foreign=1/0 detection=0 wr_config=3 parent=1/0/1 local_state=0 next_state=0 rx=0x1001/1 tx=0x1000/1 fail=2/2/1 reject=0/0 lock=1/0 polls=953188 enable=4 rcer=0x00000001 sstat=0x00000001 pstat=0x00000001
FOCUSED_SAMPLE board=DE5 [1-11.2] sample=009 valid=1 status=CF mac=02:00:22:33:44:02 mode=3 ptp=9 ptp_rx=383 ptp_tx=117 minic_tx=281 minic_rx=475 rxerr=0 foreign=1/0 detection=0 wr_config=3 parent=1/0/1 local_state=0 next_state=0 rx=0x1001/1 tx=0x1000/1 fail=2/2/1 reject=0/0 lock=1/0 polls=953188 enable=4 rcer=0x00000001 sstat=0x00000001 pstat=0x00000001
FOCUSED_SAMPLE board=DE5 [1-11.2] sample=010 valid=1 status=EF mac=02:00:22:33:44:02 mode=3 ptp=9 ptp_rx=387 ptp_tx=117 minic_tx=284 minic_rx=480 rxerr=0 foreign=1/0 detection=0 wr_config=3 parent=1/0/1 local_state=0 next_state=0 rx=0x1001/1 tx=0x1000/1 fail=2/2/1 reject=0/0 lock=1/0 polls=953188 enable=4 rcer=0x00000001 sstat=0x00000001 pstat=0x00000001
FOCUSED_SAMPLE board=DE5 [1-11.2] sample=011 valid=1 status=CF mac=02:00:22:33:44:02 mode=3 ptp=9 ptp_rx=393 ptp_tx=118 minic_tx=288 minic_rx=487 rxerr=0 foreign=1/0 detection=0 wr_config=3 parent=1/0/1 local_state=0 next_state=0 rx=0x1001/1 tx=0x1000/1 fail=2/2/1 reject=0/0 lock=1/0 polls=953188 enable=4 rcer=0x00000001 sstat=0x00000001 pstat=0x00000001
FOCUSED_SAMPLE board=DE5 [1-11.2] sample=012 valid=1 status=CF mac=02:00:22:33:44:02 mode=3 ptp=9 ptp_rx=397 ptp_tx=118 minic_tx=292 minic_rx=492 rxerr=0 foreign=1/0 detection=0 wr_config=3 parent=1/0/1 local_state=0 next_state=0 rx=0x1001/1 tx=0x1000/1 fail=2/2/1 reject=0/0 lock=1/0 polls=953188 enable=4 rcer=0x00000001 sstat=0x00000001 pstat=0x00000001
FOCUSED_SAMPLE board=DE5 [1-11.2] sample=013 valid=1 status=CF mac=02:00:22:33:44:02 mode=3 ptp=9 ptp_rx=397 ptp_tx=118 minic_tx=292 minic_rx=492 rxerr=0 foreign=1/0 detection=0 wr_config=3 parent=1/0/1 local_state=0 next_state=0 rx=0x1001/1 tx=0x1000/1 fail=2/2/1 reject=0/0 lock=1/0 polls=953188 enable=4 rcer=0x00000001 sstat=0x00000001 pstat=0x00000001
FOCUSED_SAMPLE board=DE5 [1-11.2] sample=014 valid=1 status=EF mac=02:00:22:33:44:02 mode=3 ptp=9 ptp_rx=402 ptp_tx=118 minic_tx=295 minic_rx=498 rxerr=0 foreign=1/0 detection=0 wr_config=3 parent=1/0/1 local_state=0 next_state=0 rx=0x1001/1 tx=0x1000/1 fail=2/2/1 reject=0/0 lock=1/0 polls=953188 enable=4 rcer=0x00000001 sstat=0x00000001 pstat=0x00000001
FOCUSED_SAMPLE board=DE5 [1-11.2] sample=015 valid=1 status=CF mac=02:00:22:33:44:02 mode=3 ptp=9 ptp_rx=407 ptp_tx=120 minic_tx=299 minic_rx=504 rxerr=0 foreign=1/0 detection=0 wr_config=3 parent=1/0/1 local_state=0 next_state=0 rx=0x1001/1 tx=0x1000/1 fail=2/2/1 reject=0/0 lock=1/0 polls=953188 enable=4 rcer=0x00000001 sstat=0x00000001 pstat=0x00000001
FOCUSED_SAMPLE board=DE5 [1-11.2] sample=016 valid=1 status=CF mac=02:00:22:33:44:02 mode=3 ptp=9 ptp_rx=412 ptp_tx=120 minic_tx=302 minic_rx=510 rxerr=0 foreign=1/0 detection=0 wr_config=3 parent=1/0/1 local_state=0 next_state=0 rx=0x1001/1 tx=0x1000/1 fail=2/2/1 reject=0/0 lock=1/0 polls=953188 enable=4 rcer=0x00000001 sstat=0x00000001 pstat=0x00000001
FOCUSED_SAMPLE board=DE5 [1-11.2] sample=017 valid=1 status=CF mac=02:00:22:33:44:02 mode=3 ptp=9 ptp_rx=412 ptp_tx=120 minic_tx=302 minic_rx=510 rxerr=0 foreign=1/0 detection=0 wr_config=3 parent=1/0/1 local_state=0 next_state=0 rx=0x1001/1 tx=0x1000/1 fail=2/2/1 reject=0/0 lock=1/0 polls=953188 enable=4 rcer=0x00000001 sstat=0x00000001 pstat=0x00000001
FOCUSED_SAMPLE board=DE5 [1-11.2] sample=018 valid=1 status=EF mac=02:00:22:33:44:02 mode=3 ptp=9 ptp_rx=416 ptp_tx=120 minic_tx=305 minic_rx=515 rxerr=0 foreign=1/0 detection=0 wr_config=3 parent=1/0/1 local_state=0 next_state=0 rx=0x1001/1 tx=0x1000/1 fail=2/2/1 reject=0/0 lock=1/0 polls=953188 enable=4 rcer=0x00000001 sstat=0x00000001 pstat=0x00000001
FOCUSED_SAMPLE board=DE5 [1-11.2] sample=019 valid=1 status=CF mac=02:00:22:33:44:02 mode=3 ptp=9 ptp_rx=424 ptp_tx=125 minic_tx=312 minic_rx=524 rxerr=0 foreign=1/0 detection=0 wr_config=3 parent=1/0/1 local_state=0 next_state=0 rx=0x1001/1 tx=0x1000/1 fail=2/2/1 reject=0/0 lock=1/0 polls=953188 enable=4 rcer=0x00000001 sstat=0x00000001 pstat=0x00000001
FOCUSED_SAMPLE board=DE5 [1-11.2] sample=020 valid=1 status=CF mac=02:00:22:33:44:02 mode=3 ptp=9 ptp_rx=427 ptp_tx=126 minic_tx=314 minic_rx=528 rxerr=0 foreign=1/0 detection=0 wr_config=3 parent=1/0/1 local_state=0 next_state=0 rx=0x1001/1 tx=0x1000/1 fail=2/2/1 reject=0/0 lock=1/0 polls=953188 enable=4 rcer=0x00000001 sstat=0x00000001 pstat=0x00000001
FOCUSED_GATE board=DE5 [1-11.2] valid_samples=20 invalid_samples=0 counter_decreased=0 PTP_TX_DELTA=12 STEP2_REGRESSION=PASS STEP3_REGRESSION=PASS POST_STEP3_LOCK_STAGE=TIMEOUT STATE_EVIDENCE=READ_INCONSISTENT signal_good=20 signal_bad=0 state_idle=20 state_good=0
FOCUSED_DONE
Info (23030): Evaluation of Tcl script /home/b10504072/04_WR/scripts/jtag/read_wr_handshake_focused.tcl was successful
Info: Quartus Prime SignalTap II was successful. 0 errors, 0 warnings
    Info: Peak virtual memory: 772 megabytes
    Info: Processing ended: Mon Aug 24 22:29:46 2026
    Info: Elapsed time: 00:00:30
    Info: Total CPU time (on all processors): 00:00:01
