----------------
; Command Info ;
----------------
Report Timing: Found 1 setup paths (0 violated).  Worst case slack is 15.541 

Tcl Command:
    report_timing -setup -show_routing -file /home/b10504072/pain-worktrees/EXP-S5-MAIN-PHASE-KI0-MECHANISM-20260919/docs/experiments/exp-step5-softpll-lock/EXP-S5-RX2SYS-FIRST-STAGE-CDC-CONSTRAINT-FIX-20260920/raw/scope/master/master_PULSE_SYNC_SYNC0_TO_SYNC1_setup.rpt -from [get_registers {*cmp_in2out_sync*|sync0*}] -to [get_registers {*cmp_in2out_sync*|sync1*}] -nworst 1 -npaths 1 -detail full_path

Options:
    -from [get_registers {*cmp_in2out_sync*|sync0*}] 
    -to [get_registers {*cmp_in2out_sync*|sync1*}] 
    -setup 
    -nworst 1 
    -npaths 1 
    -show_routing 
    -detail full_path 
    -file {/home/b10504072/pain-worktrees/EXP-S5-MAIN-PHASE-KI0-MECHANISM-20260919/docs/experiments/exp-step5-softpll-lock/EXP-S5-RX2SYS-FIRST-STAGE-CDC-CONSTRAINT-FIX-20260920/raw/scope/master/master_PULSE_SYNC_SYNC0_TO_SYNC1_setup.rpt} 

Delay Model:
    Fast 900mV 100C Model

+-------------------------------------------------------------------------------------------------------------------------------------------------------------------------------------------------------------------------------------------------------------------------------------------------------------------------------------------------------------------------------------------------------------------------------------------------------------------------------------------------------------------------------------------------------------------------------------------------------------------------------+
; Summary of Paths                                                                                                                                                                                                                                                                                                                                                                                                                                                                                                                                                                                                              ;
+--------+---------------------------------------------------------------------------------------------------------------------------------------------------------------------------------------------------------------------+---------------------------------------------------------------------------------------------------------------------------------------------------------------------------------------------------------------------+----------------------------------------------------------------+----------------------------------------------------------------+--------------+------------+------------+
; Slack  ; From Node                                                                                                                                                                                                           ; To Node                                                                                                                                                                                                             ; Launch Clock                                                   ; Latch Clock                                                    ; Relationship ; Clock Skew ; Data Delay ;
+--------+---------------------------------------------------------------------------------------------------------------------------------------------------------------------------------------------------------------------+---------------------------------------------------------------------------------------------------------------------------------------------------------------------------------------------------------------------+----------------------------------------------------------------+----------------------------------------------------------------+--------------+------------+------------+
; 15.541 ; xwr_core:u_xwr_core|wr_core:WRPC|xwr_softpll_ng:U_SOFTPLL|wr_softpll_ng:U_Wrapped_Softpll|dmtd_with_deglitcher:\gen_feedback_dmtds:0:DMTD_FB|gc_pulse_synchronizer2:U_sync_tag_strobe|gc_sync:cmp_in2out_sync|sync0 ; xwr_core:u_xwr_core|wr_core:WRPC|xwr_softpll_ng:U_SOFTPLL|wr_softpll_ng:U_Wrapped_Softpll|dmtd_with_deglitcher:\gen_feedback_dmtds:0:DMTD_FB|gc_pulse_synchronizer2:U_sync_tag_strobe|gc_sync:cmp_in2out_sync|sync1 ; u_sys_clk_625|u_altpll|auto_generated|wire_generic_pll1_outclk ; u_sys_clk_625|u_altpll|auto_generated|wire_generic_pll1_outclk ; 16.000       ; -0.001     ; 0.495      ;
+--------+---------------------------------------------------------------------------------------------------------------------------------------------------------------------------------------------------------------------+---------------------------------------------------------------------------------------------------------------------------------------------------------------------------------------------------------------------+----------------------------------------------------------------+----------------------------------------------------------------+--------------+------------+------------+

Path #1: Setup slack is 15.541 
===============================================================================
+------------------------------------------------------------------------------------------------------------------------------------------------------------------------------------------------------------------------------------------+
; Path Summary                                                                                                                                                                                                                             ;
+--------------------+---------------------------------------------------------------------------------------------------------------------------------------------------------------------------------------------------------------------+
; Property           ; Value                                                                                                                                                                                                               ;
+--------------------+---------------------------------------------------------------------------------------------------------------------------------------------------------------------------------------------------------------------+
; From Node          ; xwr_core:u_xwr_core|wr_core:WRPC|xwr_softpll_ng:U_SOFTPLL|wr_softpll_ng:U_Wrapped_Softpll|dmtd_with_deglitcher:\gen_feedback_dmtds:0:DMTD_FB|gc_pulse_synchronizer2:U_sync_tag_strobe|gc_sync:cmp_in2out_sync|sync0 ;
; To Node            ; xwr_core:u_xwr_core|wr_core:WRPC|xwr_softpll_ng:U_SOFTPLL|wr_softpll_ng:U_Wrapped_Softpll|dmtd_with_deglitcher:\gen_feedback_dmtds:0:DMTD_FB|gc_pulse_synchronizer2:U_sync_tag_strobe|gc_sync:cmp_in2out_sync|sync1 ;
; Launch Clock       ; u_sys_clk_625|u_altpll|auto_generated|wire_generic_pll1_outclk                                                                                                                                                      ;
; Latch Clock        ; u_sys_clk_625|u_altpll|auto_generated|wire_generic_pll1_outclk                                                                                                                                                      ;
; Data Arrival Time  ; 3.533                                                                                                                                                                                                               ;
; Data Required Time ; 19.074                                                                                                                                                                                                              ;
; Slack              ; 15.541                                                                                                                                                                                                              ;
+--------------------+---------------------------------------------------------------------------------------------------------------------------------------------------------------------------------------------------------------------+

+--------------------------------------------------------------------------------------+
; Statistics                                                                           ;
+------------------------+--------+-------+-------------+------------+--------+--------+
; Property               ; Value  ; Count ; Total Delay ; % of Total ; Min    ; Max    ;
+------------------------+--------+-------+-------------+------------+--------+--------+
; Setup Relationship     ; 16.000 ;       ;             ;            ;        ;        ;
; Clock Skew             ; -0.001 ;       ;             ;            ;        ;        ;
; Data Delay             ; 0.495  ;       ;             ;            ;        ;        ;
; Number of Logic Levels ;        ; 0     ;             ;            ;        ;        ;
; Physical Delays        ;        ;       ;             ;            ;        ;        ;
;  Arrival Path          ;        ;       ;             ;            ;        ;        ;
;   Clock                ;        ;       ;             ;            ;        ;        ;
;    IC                  ;        ; 3     ; 0.001       ; 0          ; 0.000  ; 0.001  ;
;    Cell                ;        ; 8     ; 1.542       ; 43         ; 0.000  ; 0.484  ;
;    PLL Compensation    ;        ; 1     ; -0.530      ; 0          ; -0.530 ; -0.530 ;
;    Routing Element     ;        ; 27    ; 2.025       ; 57         ; 0.000  ; 0.936  ;
;   Data                 ;        ;       ;             ;            ;        ;        ;
;    IC                  ;        ; 1     ; 0.000       ; 0          ; 0.000  ; 0.000  ;
;    Cell                ;        ; 2     ; 0.102       ; 21         ; 0.000  ; 0.102  ;
;    uTco                ;        ; 1     ; 0.183       ; 37         ; 0.183  ; 0.183  ;
;    Routing Element     ;        ; 5     ; 0.210       ; 42         ; 0.000  ; 0.093  ;
;  Required Path         ;        ;       ;             ;            ;        ;        ;
;   Clock                ;        ;       ;             ;            ;        ;        ;
;    IC                  ;        ; 3     ; 0.000       ; 0          ; 0.000  ; 0.000  ;
;    Cell                ;        ; 8     ; 1.352       ; 42         ; 0.000  ; 0.411  ;
;    PLL Compensation    ;        ; 1     ; -0.635      ; 0          ; -0.635 ; -0.635 ;
;    Routing Element     ;        ; 27    ; 1.881       ; 58         ; 0.000  ; 0.874  ;
+------------------------+--------+-------+-------------+------------+--------+--------+
Note: Negative delays are omitted from totals when calculating percentages

+--------------------------------------------------------------------------------------------------------------------------------------------------------------------------------------------------------------------------------------------------------------------------------------------------------------------------------------+
; Data Arrival Path                                                                                                                                                                                                                                                                                                                    ;
+---------+----------+----+------+--------+---------------------------------------+-----------+----------------------------------------------------------------------------------------------------------------------------------------------------------------------------------------------------------------------------------------+
; Total   ; Incr     ; RF ; Type ; Fanout ; Location                              ; HS/LP     ; Element                                                                                                                                                                                                                                ;
+---------+----------+----+------+--------+---------------------------------------+-----------+----------------------------------------------------------------------------------------------------------------------------------------------------------------------------------------------------------------------------------------+
; 0.000   ; 0.000    ;    ;      ;        ;                                       ;           ; launch edge time                                                                                                                                                                                                                       ;
; 3.038   ; 3.038    ;    ;      ;        ;                                       ;           ; clock path                                                                                                                                                                                                                             ;
;   0.000 ;   0.000  ;    ;      ;        ;                                       ;           ; source latency                                                                                                                                                                                                                         ;
;   0.000 ;   0.000  ;    ;      ; 1      ; PIN_W36                               ;           ; CLK_50_B2J                                                                                                                                                                                                                             ;
;   0.000 ;   0.000  ;    ; IC   ; 1      ; IOIBUF_X78_Y152_N32                   ;           ; CLK_50_B2J~input|i                                                                                                                                                                                                                     ;
;   0.377 ;   0.377  ; RR ; CELL ; 3      ; IOIBUF_X78_Y152_N32                   ;           ; CLK_50_B2J~input|o                                                                                                                                                                                                                     ;
;   0.423 ;   0.046  ; RR ; CELL ; 1      ; IOPLL_2J                              ;           ; u_sys_clk_625|u_altpll|auto_generated|generic_pll1~IOPLL|refclk[0]                                                                                                                                                                     ;
;   0.799 ;   0.376  ; RR ; CELL ; 1      ; IOPLL_2J                              ;           ; wr_sys_clk_625:u_sys_clk_625|altpll:u_altpll|wr_sys_clk_625_altpll:auto_generated|generic_pll1~IOPLL~vco_refclk                                                                                                                        ;
;   0.800 ;   0.001  ; RR ; CELL ; 1      ; IOPLL_2J                              ;           ; wr_sys_clk_625:u_sys_clk_625|altpll:u_altpll|wr_sys_clk_625_altpll:auto_generated|generic_pll1~IOPLL~vctrl                                                                                                                             ;
;   0.270 ;   -0.530 ; RR ; COMP ; 3      ; IOPLL_2J                              ;           ; wr_sys_clk_625:u_sys_clk_625|altpll:u_altpll|wr_sys_clk_625_altpll:auto_generated|generic_pll1~IOPLL~vcoph[0]                                                                                                                          ;
;   0.754 ;   0.484  ; RR ; CELL ; 1      ; IOPLL_2J                              ;           ; u_sys_clk_625|u_altpll|auto_generated|generic_pll1~IOPLL|outclk[0]                                                                                                                                                                     ;
;   0.754 ;   0.000  ; RR ; CELL ; 1      ; IOPLL_2J                              ;           ; wr_sys_clk_625:u_sys_clk_625|altpll:u_altpll|wr_sys_clk_625_altpll:auto_generated|generic_pll1~IOPLL~io_48_lvds_tile/pllcout[4]                                                                                                        ;
;   0.754 ;   0.000  ; RR ; RE   ; 1      ; IOPLL_2J                              ;           ; IOPLL                                                                                                                                                                                                                                  ;
;   0.754 ;   0.000  ; RR ; RE   ; 1      ; IO_48_LVDS_TILE_RE_X78_Y141_N0_I3626  ;           ; IO_48_LVDS_TILE_RE                                                                                                                                                                                                                     ;
;   0.754 ;   0.000  ; RR ; RE   ; 2      ; CC_DCM_IO_M_2_RE_X78_Y151_N76_I126    ;           ; CC_DCM_IO_M_2_RE                                                                                                                                                                                                                       ;
;   0.754 ;   0.000  ;    ; IC   ; 2      ; CLKCTRL_2J_G_I6                       ;           ; u_sys_clk_625|u_altpll|auto_generated|wire_generic_pll1_outclk~CLKENA0|inclk                                                                                                                                                           ;
;   1.012 ;   0.258  ; RR ; CELL ; 8428   ; CLKCTRL_2J_G_I6                       ;           ; u_sys_clk_625|u_altpll|auto_generated|wire_generic_pll1_outclk~CLKENA0|outclk                                                                                                                                                          ;
;   1.012 ;   0.000  ; RR ; RE   ; 1      ; CLKCTRL_2J_G_I6                       ;           ; CLKBUFBLOCK                                                                                                                                                                                                                            ;
;   1.012 ;   0.000  ; RR ; RE   ; 1      ; CC_DCM_IO_M_2_RE_X78_Y151_N76_I47     ;           ; CC_DCM_IO_M_2_RE                                                                                                                                                                                                                       ;
;   1.106 ;   0.094  ; RR ; RE   ; 1      ; CC_DCM_IO_B_1_RE_X78_Y141_N76_I39     ;           ; CC_DCM_IO_B_1_RE                                                                                                                                                                                                                       ;
;   1.106 ;   0.000  ; RR ; RE   ; 1      ; CC_DCM_IO_B_1_RE_X78_Y141_N76_I51     ;           ; CC_DCM_IO_B_1_RE                                                                                                                                                                                                                       ;
;   1.140 ;   0.034  ; RR ; RE   ; 1      ; CC_DCM_IO_T_RE_X78_Y131_N76_I51       ;           ; CC_DCM_IO_T_RE                                                                                                                                                                                                                         ;
;   1.140 ;   0.000  ; RR ; RE   ; 1      ; CC_DCM_IO_T_RE_X78_Y131_N76_I39       ;           ; CC_DCM_IO_T_RE                                                                                                                                                                                                                         ;
;   1.140 ;   0.000  ; RR ; RE   ; 1      ; CC_DCM_IO_M_1_RE_X78_Y124_N76_I59     ;           ; CC_DCM_IO_M_1_RE                                                                                                                                                                                                                       ;
;   1.140 ;   0.000  ; RR ; RE   ; 1      ; CC_DCM_IO_M_1_RE_X78_Y124_N76_I47     ;           ; CC_DCM_IO_M_1_RE                                                                                                                                                                                                                       ;
;   1.242 ;   0.102  ; RR ; RE   ; 1      ; CC_DCM_IO_B_LPMUX_RE_X78_Y114_N76_I38 ;           ; CC_DCM_IO_B_LPMUX_RE                                                                                                                                                                                                                   ;
;   1.242 ;   0.000  ; RR ; RE   ; 1      ; CC_DCM_IO_B_LPMUX_RE_X78_Y114_N76_I50 ;           ; CC_DCM_IO_B_LPMUX_RE                                                                                                                                                                                                                   ;
;   1.242 ;   0.000  ; RR ; RE   ; 1      ; CCDCMIOFILLER1RE_X78_Y113_N110_I46    ;           ; CC_DCM_IO_FILLER_1_RE                                                                                                                                                                                                                  ;
;   1.242 ;   0.000  ; RR ; RE   ; 1      ; CCDCMIOFILLER1RE_X78_Y113_N110_I34    ;           ; CC_DCM_IO_FILLER_1_RE                                                                                                                                                                                                                  ;
;   1.402 ;   0.160  ; RR ; RE   ; 1      ; DR_DIST_CLK_MUX_RE_X78_Y113_N76_I1091 ;           ; DR_DIST_CLK_MUX_RE                                                                                                                                                                                                                     ;
;   1.402 ;   0.000  ; RR ; RE   ; 1      ; DR_DIST_CLK_MUX_RE_X78_Y113_N76_I1059 ;           ; DR_DIST_CLK_MUX_RE                                                                                                                                                                                                                     ;
;   2.338 ;   0.936  ; RR ; RE   ; 5      ; GLOBAL_CLOCK_X0_Y0_N0_I6              ;           ; GLOBAL_CLOCK                                                                                                                                                                                                                           ;
;   2.572 ;   0.234  ; RR ; RE   ; 2      ; SPINE_BUF_X0_Y0_N0_I699               ;           ; SPINE_BUF                                                                                                                                                                                                                              ;
;   2.725 ;   0.153  ; RR ; RE   ; 27     ; SPINE_CLOCK_X194_Y32_N0_I13           ;           ; SPINE_CLOCK                                                                                                                                                                                                                            ;
;   2.770 ;   0.045  ; RR ; RE   ; 1      ; SCLK_TO_ROWCLK_BUF_X194_Y37_N0_I39    ;           ; SCLK_TO_ROWCLK_BUF                                                                                                                                                                                                                     ;
;   2.832 ;   0.062  ; RF ; RE   ; 2      ; SCLK_TO_ROWCLK_BUF_X194_Y37_N0_I41    ;           ; SCLK_TO_ROWCLK_BUF                                                                                                                                                                                                                     ;
;   2.947 ;   0.115  ; FR ; RE   ; 27     ; LAB_CLK_X160_Y37_N0_I5                ;           ; LAB_CLK                                                                                                                                                                                                                                ;
;   2.985 ;   0.038  ; RF ; RE   ; 1      ; BLK_CLK_BUF_X182_Y37_N0_I5            ; Low Power ; BLK_CLK_BUF                                                                                                                                                                                                                            ;
;   2.996 ;   0.011  ; FR ; RE   ; 1      ; ROWCLKSEL_PREBUF_X182_Y37_N0_I5       ; Low Power ; ROWCLKSEL_PREBUF                                                                                                                                                                                                                       ;
;   3.037 ;   0.041  ; RR ; RE   ; 1      ; ROWCLKSEL_X182_Y37_N0_I0              ; Low Power ; ROWCLKSEL                                                                                                                                                                                                                              ;
;   3.037 ;   0.000  ; RR ; RE   ; 6      ; LAB_RE_X182_Y37_N0_I86                ; Low Power ; clkmx[0]                                                                                                                                                                                                                               ;
;   3.038 ;   0.001  ;    ; IC   ; 1      ; FF_X182_Y37_N53                       ;           ; u_xwr_core|WRPC|U_SOFTPLL|U_Wrapped_Softpll|\gen_feedback_dmtds:0:DMTD_FB|U_sync_tag_strobe|cmp_in2out_sync|sync0|clk                                                                                                                  ;
;   3.038 ;   0.000  ; RR ; CELL ; 1      ; FF_X182_Y37_N53                       ; Low Power ; xwr_core:u_xwr_core|wr_core:WRPC|xwr_softpll_ng:U_SOFTPLL|wr_softpll_ng:U_Wrapped_Softpll|dmtd_with_deglitcher:\gen_feedback_dmtds:0:DMTD_FB|gc_pulse_synchronizer2:U_sync_tag_strobe|gc_sync:cmp_in2out_sync|sync0                    ;
; 3.533   ; 0.495    ;    ;      ;        ;                                       ;           ; data path                                                                                                                                                                                                                              ;
;   3.221 ;   0.183  ; RR ; uTco ; 1      ; FF_X182_Y37_N53                       ;           ; u_xwr_core|WRPC|U_SOFTPLL|U_Wrapped_Softpll|\gen_feedback_dmtds:0:DMTD_FB|U_sync_tag_strobe|cmp_in2out_sync|sync0|q                                                                                                                    ;
;   3.323 ;   0.102  ; RR ; CELL ; 1      ; FF_X182_Y37_N53                       ; Low Power ; xwr_core:u_xwr_core|wr_core:WRPC|xwr_softpll_ng:U_SOFTPLL|wr_softpll_ng:U_Wrapped_Softpll|dmtd_with_deglitcher:\gen_feedback_dmtds:0:DMTD_FB|gc_pulse_synchronizer2:U_sync_tag_strobe|gc_sync:cmp_in2out_sync|sync0~la_lab/laboutb[15] ;
;   3.323 ;   0.000  ; RF ; RE   ; 1      ; FF_X182_Y37_N53                       ; Low Power ; FF                                                                                                                                                                                                                                     ;
;   3.354 ;   0.031  ; FR ; RE   ; 1      ; LAB_RE_X182_Y37_N0_I125               ; Low Power ; LAB_RE                                                                                                                                                                                                                                 ;
;   3.407 ;   0.053  ; RR ; RE   ; 1      ; R6_X182_Y37_N0_I3                     ; Low Power ; H6                                                                                                                                                                                                                                     ;
;   3.500 ;   0.093  ; RR ; RE   ; 1      ; LOCAL_INTERCONNECT_X182_Y37_N0_I16    ; Low Power ; LAB_LINE                                                                                                                                                                                                                               ;
;   3.533 ;   0.033  ; RR ; RE   ; 1      ; LAB_RE_X182_Y37_N0_I6                 ; Low Power ; leime1_[0]                                                                                                                                                                                                                             ;
;   3.533 ;   0.000  ;    ; IC   ; 1      ; FF_X182_Y37_N4                        ;           ; u_xwr_core|WRPC|U_SOFTPLL|U_Wrapped_Softpll|\gen_feedback_dmtds:0:DMTD_FB|U_sync_tag_strobe|cmp_in2out_sync|sync1|asdata                                                                                                               ;
;   3.533 ;   0.000  ; RR ; CELL ; 1      ; FF_X182_Y37_N4                        ; Low Power ; xwr_core:u_xwr_core|wr_core:WRPC|xwr_softpll_ng:U_SOFTPLL|wr_softpll_ng:U_Wrapped_Softpll|dmtd_with_deglitcher:\gen_feedback_dmtds:0:DMTD_FB|gc_pulse_synchronizer2:U_sync_tag_strobe|gc_sync:cmp_in2out_sync|sync1                    ;
+---------+----------+----+------+--------+---------------------------------------+-----------+----------------------------------------------------------------------------------------------------------------------------------------------------------------------------------------------------------------------------------------+

+--------------------------------------------------------------------------------------------------------------------------------------------------------------------------------------------------------------------------------------------------------------------------------------------------------------------+
; Data Required Path                                                                                                                                                                                                                                                                                                 ;
+----------+----------+----+------+--------+---------------------------------------+-----------+---------------------------------------------------------------------------------------------------------------------------------------------------------------------------------------------------------------------+
; Total    ; Incr     ; RF ; Type ; Fanout ; Location                              ; HS/LP     ; Element                                                                                                                                                                                                             ;
+----------+----------+----+------+--------+---------------------------------------+-----------+---------------------------------------------------------------------------------------------------------------------------------------------------------------------------------------------------------------------+
; 16.000   ; 16.000   ;    ;      ;        ;                                       ;           ; latch edge time                                                                                                                                                                                                     ;
; 19.037   ; 3.037    ;    ;      ;        ;                                       ;           ; clock path                                                                                                                                                                                                          ;
;   16.000 ;   0.000  ;    ;      ;        ;                                       ;           ; source latency                                                                                                                                                                                                      ;
;   16.000 ;   0.000  ;    ;      ; 1      ; PIN_W36                               ;           ; CLK_50_B2J                                                                                                                                                                                                          ;
;   16.000 ;   0.000  ;    ; IC   ; 1      ; IOIBUF_X78_Y152_N32                   ;           ; CLK_50_B2J~input|i                                                                                                                                                                                                  ;
;   16.377 ;   0.377  ; RR ; CELL ; 3      ; IOIBUF_X78_Y152_N32                   ;           ; CLK_50_B2J~input|o                                                                                                                                                                                                  ;
;   16.415 ;   0.038  ; RR ; CELL ; 1      ; IOPLL_2J                              ;           ; u_sys_clk_625|u_altpll|auto_generated|generic_pll1~IOPLL|refclk[0]                                                                                                                                                  ;
;   16.730 ;   0.315  ; RR ; CELL ; 1      ; IOPLL_2J                              ;           ; wr_sys_clk_625:u_sys_clk_625|altpll:u_altpll|wr_sys_clk_625_altpll:auto_generated|generic_pll1~IOPLL~vco_refclk                                                                                                     ;
;   16.731 ;   0.001  ; RR ; CELL ; 1      ; IOPLL_2J                              ;           ; wr_sys_clk_625:u_sys_clk_625|altpll:u_altpll|wr_sys_clk_625_altpll:auto_generated|generic_pll1~IOPLL~vctrl                                                                                                          ;
;   16.096 ;   -0.635 ; RR ; COMP ; 3      ; IOPLL_2J                              ;           ; wr_sys_clk_625:u_sys_clk_625|altpll:u_altpll|wr_sys_clk_625_altpll:auto_generated|generic_pll1~IOPLL~vcoph[0]                                                                                                       ;
;   16.507 ;   0.411  ; RR ; CELL ; 1      ; IOPLL_2J                              ;           ; u_sys_clk_625|u_altpll|auto_generated|generic_pll1~IOPLL|outclk[0]                                                                                                                                                  ;
;   16.507 ;   0.000  ; RR ; CELL ; 1      ; IOPLL_2J                              ;           ; wr_sys_clk_625:u_sys_clk_625|altpll:u_altpll|wr_sys_clk_625_altpll:auto_generated|generic_pll1~IOPLL~io_48_lvds_tile/pllcout[4]                                                                                     ;
;   16.507 ;   0.000  ; RR ; RE   ; 1      ; IOPLL_2J                              ;           ; IOPLL                                                                                                                                                                                                               ;
;   16.507 ;   0.000  ; RR ; RE   ; 1      ; IO_48_LVDS_TILE_RE_X78_Y141_N0_I3626  ;           ; IO_48_LVDS_TILE_RE                                                                                                                                                                                                  ;
;   16.507 ;   0.000  ; RR ; RE   ; 2      ; CC_DCM_IO_M_2_RE_X78_Y151_N76_I126    ;           ; CC_DCM_IO_M_2_RE                                                                                                                                                                                                    ;
;   16.507 ;   0.000  ;    ; IC   ; 2      ; CLKCTRL_2J_G_I6                       ;           ; u_sys_clk_625|u_altpll|auto_generated|wire_generic_pll1_outclk~CLKENA0|inclk                                                                                                                                        ;
;   16.717 ;   0.210  ; RR ; CELL ; 8428   ; CLKCTRL_2J_G_I6                       ;           ; u_sys_clk_625|u_altpll|auto_generated|wire_generic_pll1_outclk~CLKENA0|outclk                                                                                                                                       ;
;   16.717 ;   0.000  ; RR ; RE   ; 1      ; CLKCTRL_2J_G_I6                       ;           ; CLKBUFBLOCK                                                                                                                                                                                                         ;
;   16.717 ;   0.000  ; RR ; RE   ; 1      ; CC_DCM_IO_M_2_RE_X78_Y151_N76_I47     ;           ; CC_DCM_IO_M_2_RE                                                                                                                                                                                                    ;
;   16.800 ;   0.083  ; RR ; RE   ; 1      ; CC_DCM_IO_B_1_RE_X78_Y141_N76_I39     ;           ; CC_DCM_IO_B_1_RE                                                                                                                                                                                                    ;
;   16.800 ;   0.000  ; RR ; RE   ; 1      ; CC_DCM_IO_B_1_RE_X78_Y141_N76_I51     ;           ; CC_DCM_IO_B_1_RE                                                                                                                                                                                                    ;
;   16.832 ;   0.032  ; RR ; RE   ; 1      ; CC_DCM_IO_T_RE_X78_Y131_N76_I51       ;           ; CC_DCM_IO_T_RE                                                                                                                                                                                                      ;
;   16.832 ;   0.000  ; RR ; RE   ; 1      ; CC_DCM_IO_T_RE_X78_Y131_N76_I39       ;           ; CC_DCM_IO_T_RE                                                                                                                                                                                                      ;
;   16.832 ;   0.000  ; RR ; RE   ; 1      ; CC_DCM_IO_M_1_RE_X78_Y124_N76_I59     ;           ; CC_DCM_IO_M_1_RE                                                                                                                                                                                                    ;
;   16.832 ;   0.000  ; RR ; RE   ; 1      ; CC_DCM_IO_M_1_RE_X78_Y124_N76_I47     ;           ; CC_DCM_IO_M_1_RE                                                                                                                                                                                                    ;
;   16.923 ;   0.091  ; RR ; RE   ; 1      ; CC_DCM_IO_B_LPMUX_RE_X78_Y114_N76_I38 ;           ; CC_DCM_IO_B_LPMUX_RE                                                                                                                                                                                                ;
;   16.923 ;   0.000  ; RR ; RE   ; 1      ; CC_DCM_IO_B_LPMUX_RE_X78_Y114_N76_I50 ;           ; CC_DCM_IO_B_LPMUX_RE                                                                                                                                                                                                ;
;   16.923 ;   0.000  ; RR ; RE   ; 1      ; CCDCMIOFILLER1RE_X78_Y113_N110_I46    ;           ; CC_DCM_IO_FILLER_1_RE                                                                                                                                                                                               ;
;   16.923 ;   0.000  ; RR ; RE   ; 1      ; CCDCMIOFILLER1RE_X78_Y113_N110_I34    ;           ; CC_DCM_IO_FILLER_1_RE                                                                                                                                                                                               ;
;   17.074 ;   0.151  ; RR ; RE   ; 1      ; DR_DIST_CLK_MUX_RE_X78_Y113_N76_I1091 ;           ; DR_DIST_CLK_MUX_RE                                                                                                                                                                                                  ;
;   17.074 ;   0.000  ; RR ; RE   ; 1      ; DR_DIST_CLK_MUX_RE_X78_Y113_N76_I1059 ;           ; DR_DIST_CLK_MUX_RE                                                                                                                                                                                                  ;
;   17.948 ;   0.874  ; RR ; RE   ; 5      ; GLOBAL_CLOCK_X0_Y0_N0_I6              ;           ; GLOBAL_CLOCK                                                                                                                                                                                                        ;
;   18.165 ;   0.217  ; RR ; RE   ; 2      ; SPINE_BUF_X0_Y0_N0_I699               ;           ; SPINE_BUF                                                                                                                                                                                                           ;
;   18.307 ;   0.142  ; RR ; RE   ; 27     ; SPINE_CLOCK_X194_Y32_N0_I13           ;           ; SPINE_CLOCK                                                                                                                                                                                                         ;
;   18.349 ;   0.042  ; RR ; RE   ; 1      ; SCLK_TO_ROWCLK_BUF_X194_Y37_N0_I39    ;           ; SCLK_TO_ROWCLK_BUF                                                                                                                                                                                                  ;
;   18.407 ;   0.058  ; RF ; RE   ; 2      ; SCLK_TO_ROWCLK_BUF_X194_Y37_N0_I41    ;           ; SCLK_TO_ROWCLK_BUF                                                                                                                                                                                                  ;
;   18.514 ;   0.107  ; FR ; RE   ; 27     ; LAB_CLK_X160_Y37_N0_I5                ;           ; LAB_CLK                                                                                                                                                                                                             ;
;   18.550 ;   0.036  ; RF ; RE   ; 1      ; BLK_CLK_BUF_X182_Y37_N0_I5            ; Low Power ; BLK_CLK_BUF                                                                                                                                                                                                         ;
;   18.560 ;   0.010  ; FR ; RE   ; 1      ; ROWCLKSEL_PREBUF_X182_Y37_N0_I5       ; Low Power ; ROWCLKSEL_PREBUF                                                                                                                                                                                                    ;
;   18.598 ;   0.038  ; RR ; RE   ; 1      ; ROWCLKSEL_X182_Y37_N0_I0              ; Low Power ; ROWCLKSEL                                                                                                                                                                                                           ;
;   18.598 ;   0.000  ; RR ; RE   ; 6      ; LAB_RE_X182_Y37_N0_I86                ; Low Power ; clkmx[0]                                                                                                                                                                                                            ;
;   18.598 ;   0.000  ;    ; IC   ; 1      ; FF_X182_Y37_N4                        ;           ; u_xwr_core|WRPC|U_SOFTPLL|U_Wrapped_Softpll|\gen_feedback_dmtds:0:DMTD_FB|U_sync_tag_strobe|cmp_in2out_sync|sync1|clk                                                                                               ;
;   18.598 ;   0.000  ; RR ; CELL ; 1      ; FF_X182_Y37_N4                        ; Low Power ; xwr_core:u_xwr_core|wr_core:WRPC|xwr_softpll_ng:U_SOFTPLL|wr_softpll_ng:U_Wrapped_Softpll|dmtd_with_deglitcher:\gen_feedback_dmtds:0:DMTD_FB|gc_pulse_synchronizer2:U_sync_tag_strobe|gc_sync:cmp_in2out_sync|sync1 ;
;   19.037 ;   0.439  ;    ;      ;        ;                                       ;           ; clock pessimism removed                                                                                                                                                                                             ;
; 18.967   ; -0.070   ;    ;      ;        ;                                       ;           ; clock uncertainty                                                                                                                                                                                                   ;
; 19.074   ; 0.107    ;    ; uTsu ; 1      ; FF_X182_Y37_N4                        ;           ; xwr_core:u_xwr_core|wr_core:WRPC|xwr_softpll_ng:U_SOFTPLL|wr_softpll_ng:U_Wrapped_Softpll|dmtd_with_deglitcher:\gen_feedback_dmtds:0:DMTD_FB|gc_pulse_synchronizer2:U_sync_tag_strobe|gc_sync:cmp_in2out_sync|sync1 ;
+----------+----------+----+------+--------+---------------------------------------+-----------+---------------------------------------------------------------------------------------------------------------------------------------------------------------------------------------------------------------------+

----------------------------
; Extra Fitter Information ;
----------------------------
HTML report is unavailable in plain text report export.


