Info: *******************************************************************
Info: Running Quartus Prime Signal Tap
    Info: Version 21.3.0 Build 170 09/23/2021 SC Pro Edition
    Info: Copyright (C) 2021  Intel Corporation. All rights reserved.
    Info: Your use of Intel Corporation's design tools, logic functions 
    Info: and other software and tools, and any partner logic 
    Info: functions, and any output files from any of the foregoing 
    Info: (including device programming or simulation files), and any 
    Info: associated documentation or information are expressly subject 
    Info: to the terms and conditions of the Intel Program License 
    Info: Subscription Agreement, the Intel Quartus Prime License Agreement,
    Info: the Intel FPGA IP License Agreement, or other applicable license
    Info: agreement, including, without limitation, that your use is for
    Info: the sole purpose of programming logic devices manufactured by
    Info: Intel and sold by Intel or its authorized distributors.  Please
    Info: refer to the applicable agreement for further details, at
    Info: https://fpgasoftware.intel.com/eula.
    Info: Processing started: Wed Sep  2 20:44:47 2026
    Info: System process ID: 3631512
Info: Command: quartus_stp -t scripts/jtag/read_wb_runtime.tcl --raw
Info: Quartus(args): --raw
RAW mailbox completion toggle wb_sync_toggle=0

============================================================
White Rabbit Runtime 診斷：DE5 [1-11.1]
============================================================

## [Step 1] PHY / 光纖 Link
[pass] si_config_done           結果: 1/1
[pass] wr_ready                 結果: 1/1
[pass] core_tm_link_up          結果: 1/1
[pass] core_link_ok             結果: 1/1
[pass] wr_rx_ready              結果: 1/1
[pass] wr_tx_ready              結果: 1/1
[pass] core_phy_rst             結果: 0/0
[pass] si_id_error              結果: 0/0
[pass] wr_rx_enc_err            結果: 0/0
[pass] wr_tx_enc_err            結果: 0/0
[pass] CPU_RESET_n              結果: 1/1
[pass] wr_rx_locked_to_data     結果: 1/1
[info] wr_rx_locked_to_ref      結果: 1/NA
[info] MOD_PRS_n                結果: 0/NA
[info] INTERRUPT_n              結果: 1/NA
Step 1 pass

## [Step 2] Endpoint / MiniNIC / PTP
[pass] EP_MAC_H/EP_MAC_L        結果: 02:00:22:33:44:01/02:00:22:33:44:01
[pass] WDIAGS_MODE              結果: 2 MASTER/2 MASTER
[pass] WDIAGS_PTP               結果: 6 MASTER (raw=01014106)/6 MASTER
[pass] WDIAGS_PTP_RX            結果: Δ=9/Δ>0
RAW WDIAGS_PTP_RX            before=0x00001C7A after=0x00001C83 delta=9
[pass] WDIAGS_PTP_TX            結果: Δ=24/Δ>0
RAW WDIAGS_PTP_TX            before=0x00004023 after=0x0000403B delta=24
[pass] WDIAGS_TX                結果: Δ=31/Δ>0
RAW WDIAGS_TX                before=0x0000514F after=0x0000516E delta=31
[pass] WDIAGS_RX                結果: Δ=16/Δ>0
RAW WDIAGS_RX                before=0x00002AC9 after=0x00002AD9 delta=16
[pass] WDIAGS_RXERR             結果: Δ=0/Δ=0
RAW WDIAGS_RXERR             before=0x00000000 after=0x00000000 delta=0
Step 2 pass

## [Step 3] WR Parent / Signaling
Step 3 NA

## [Step 4A] Master SoftPLL Event Chain
[pass] DMTD_REF_ACCEPT_EVENT    結果: Δ=26090/Δ>=0
RAW DMTD_REF_ACCEPT_EVENT    before=0x00FA7B9F after=0x00FAE189 delta=26090
[pass] DMTD_FB_ACCEPT_EVENT     結果: Δ=24291/Δ>=0
RAW DMTD_FB_ACCEPT_EVENT     before=0x011FFFD2 after=0x01205EB5 delta=24291
[pass] DMTD_ACCEPT              結果: Δ=50381/Δ>0
[pass] SPLL_TAG_VALID_COUNT     結果: Δ=24292/Δ>0
RAW SPLL_TAG_VALID_COUNT     before=0x00E0D50A after=0x00E133EE delta=24292
[pass] SPLL_TRR_WRITE_COUNT     結果: Δ=24294/Δ>0
RAW SPLL_TRR_WRITE_COUNT     before=0x00E0D538 after=0x00E1341E delta=24294
[pass] WRPC_SPLL_TRR_POP_COUNT  結果: Δ=24398/Δ>0
RAW WRPC_SPLL_TRR_POP_COUNT  before=0x00E0D3FB after=0x00E13349 delta=24398
[pass] WDIAGS_IRQ_COUNT         結果: Δ=23998/Δ>0
RAW WDIAGS_IRQ_COUNT         before=0x00E0D58B after=0x00E13349 delta=23998
[pass] WDIAGS_HELPER_UPDATE_COUNT 結果: Δ=23999/Δ>0
RAW WDIAGS_HELPER_UPDATE_COUNT before=0x00E0D58B after=0x00E1334A delta=23999
[pass] BOOT_GENERATION          結果: Δ=0/Δ=0
RAW BOOT_GENERATION          before=0x00000001 after=0x00000001 delta=0
[pass] CPU_RESET_COUNT          結果: Δ=0/Δ=0
RAW CPU_RESET_COUNT          before=0x00000001 after=0x00000001 delta=0
[pass] WR_CORE_RESET_COUNT      結果: Δ=0/Δ=0
RAW WR_CORE_RESET_COUNT      before=0x00000001 after=0x00000001 delta=0
[pass] SI_CONFIG_DROP_COUNT     結果: Δ=0/Δ=0
RAW SI_CONFIG_DROP_COUNT     before=0x00000001 after=0x00000001 delta=0
STEP4A_MASTER_EVENT_CHAIN = PASS
Step 4 pass

## [Step 5] Closed-loop Lock
STEP5_RESULT = NOT_APPLICABLE_MASTER
STEP5_FIRST_INACTIVE_BOUNDARY = SLAVE_ONLY
Step 5 NA (Step5 closed-loop gate is for Slave)

## [Step 6] Global Time
Step 6 NA

============================================================
White Rabbit Runtime 診斷：DE5 [1-11.1]
============================================================
Step 1 PHY / Link             pass
Step 2 Endpoint / PTP         pass
Step 3 WR Handshake           NA
Step 4 Step4A Master Event Chain pass
Step 5 Closed-loop Lock       NA
Step 6 Global Time            NA
STEP1_REGRESSION = PASS
STEP2_REGRESSION = PASS
STEP3_REGRESSION = PASS
STEP4A_RESULT = PASS
STEP5_RESULT = NOT_APPLICABLE_MASTER
STEP5_FIRST_INACTIVE_BOUNDARY = SLAVE_ONLY
FAILURE_CLASSIFICATION = NO_FAILURE_EVIDENCE
============================================================

================ RAW_SNAPSHOT ================
RAW_SNAPSHOT board=DE5 [1-11.1] label=before
  status           = D110994126D082FF
  cpu              = 0000007C000011B0
  marker           = 000000010000B004
  store            = 00E0C6470001E2A0
  store_count      = 00000000600A8D70
  exception        = 8000000B000011A8
  clock            = 003C364559B21B68
  boot_generation  = 00000001
  cpu_reset_count  = 00000001
  wr_core_reset_count = 00000001
  si_config_drop_count = 00000001
  pps_cr           = 01312D06
  pps_escr         = 00000E0C
  ep_mach          = 02000200
  ep_macl          = 22334401
  ep_dsr           = 42000000
  ptp              = 01014106
  ptp_rx           = 00001C7A
  ptp_tx           = 00004023
  ptp_meta         = 02020406
  tx               = 0000514F
  rx               = 00002AC9
  rxerr            = 00000000
  ptp_types        = 01030203
  foreign_meta     = 00000001
  filter_meta      = 00000000
  parse_meta       = 00010220
  wr_rx_signal     = 10000001
  wr_tx_signal     = 10010004
  wr_failure       = 01030001
  wr_state         = A0000064
  wr_reject        = 00000000
  pstat            = 00000001
  sstat            = 00000000
  sec_h            = 00000000
  sec_l            = 00000E63
  ns               = 05600708
  lock_enable      = 00000000
  lock_result      = 00000000
  lock_polls       = 00000000
  lock_unlocked    = 00000000
  lock_calibration_fail = 00000000
  spll_state       = 00020004
  spll_ocer        = 0F5C3401
  spll_rcer        = 00000000
  spll_occr        = FF0001FF
  spll_trr_csr     = 00A2D0DC
  spll_dac_hpll    = 3501F6F4
  spll_dac_main    = 0000006B
  spll_helper_state = 00010100
  spll_helper_limits = 271000C8
  spll_main_state  = 00000000
  spll_main_limits = 00320032
  spll_main_phase_limits = 03E804B0
  spll_state_visit_mask = 00000618
  spll_state_transitions = 00000003
  spll_last_state  = 00000004
  spll_init_count  = 00000001
  dmtd_ref         = 00FA7B9F
  dmtd_fb          = 011FFFD2
  dmtd_ref_high_qual_abort = 08076446
  dmtd_fb_high_qual_abort = 06E5E4EA
  tag_valid        = 00E0D50A
  trr_write        = 00E0D538
  irq              = 00E0D58B
  helper_update    = 00E0D58B
  spll_helper_error = 000249F0
  spll_helper_output = 00000005
  eic_isr          = FFFF0000
  current_tics     = 00383A0B
RAW_SNAPSHOT board=DE5 [1-11.1] label=after
  status           = 2110BB6326B482FF
  cpu              = 0000007C000009D4
  marker           = 000000010000B004
  store            = 00E125000001E2A0
  store_count      = 0000000060330DF9
  exception        = 8000000B000011A8
  clock            = 002A62A6854747BA
  boot_generation  = 00000001
  cpu_reset_count  = 00000001
  wr_core_reset_count = 00000001
  si_config_drop_count = 00000001
  pps_cr           = 01312D06
  pps_escr         = 00000E0C
  ep_mach          = 02000200
  ep_macl          = 22334401
  ep_dsr           = 42000000
  ptp              = 01014106
  ptp_rx           = 00001C83
  ptp_tx           = 0000403B
  ptp_meta         = 02020406
  tx               = 0000516E
  rx               = 00002AD9
  rxerr            = 00000000
  ptp_types        = 01030203
  foreign_meta     = 00000001
  filter_meta      = 00000000
  parse_meta       = 00010234
  wr_rx_signal     = 10000001
  wr_tx_signal     = 10010004
  wr_failure       = 01030001
  wr_state         = A0000064
  wr_reject        = 00000000
  pstat            = 00000001
  sstat            = 00000000
  sec_h            = 00000000
  sec_l            = 00000E69
  ns               = 0B536430
  lock_enable      = 00000000
  lock_result      = 00000000
  lock_polls       = 00000000
  lock_unlocked    = 00000000
  lock_calibration_fail = 00000000
  spll_state       = 00020004
  spll_ocer        = 7D689A01
  spll_rcer        = 00000000
  spll_occr        = FF0001FF
  spll_trr_csr     = 00A22E96
  spll_dac_hpll    = 61B3565D
  spll_dac_main    = 0000006B
  spll_helper_state = 00010100
  spll_helper_limits = 271000C8
  spll_main_state  = 00000000
  spll_main_limits = 00320032
  spll_main_phase_limits = 03E804B0
  spll_state_visit_mask = 00000618
  spll_state_transitions = 00000003
  spll_last_state  = 00000004
  spll_init_count  = 00000001
  dmtd_ref         = 00FAE189
  dmtd_fb          = 01205EB5
  dmtd_ref_high_qual_abort = 080ACA17
  dmtd_fb_high_qual_abort = 06E8CAAC
  tag_valid        = 00E133EE
  trr_write        = 00E1341E
  irq              = 00E13349
  helper_update    = 00E1334A
  spll_helper_error = 000249F0
  spll_helper_output = 00000005
  eic_isr          = FFFF0000
  current_tics     = 003851DE
RAW mailbox completion toggle wb_sync_toggle=1

============================================================
White Rabbit Runtime 診斷：DE5 [1-11.2]
============================================================

## [Step 1] PHY / 光纖 Link
[pass] si_config_done           結果: 1/1
[pass] wr_ready                 結果: 1/1
[pass] core_tm_link_up          結果: 1/1
[pass] core_link_ok             結果: 1/1
[pass] wr_rx_ready              結果: 1/1
[pass] wr_tx_ready              結果: 1/1
[pass] core_phy_rst             結果: 0/0
[pass] si_id_error              結果: 0/0
[pass] wr_rx_enc_err            結果: 0/0
[pass] wr_tx_enc_err            結果: 0/0
[pass] CPU_RESET_n              結果: 1/1
[pass] wr_rx_locked_to_data     結果: 1/1
[info] wr_rx_locked_to_ref      結果: 0/NA
[info] MOD_PRS_n                結果: 0/NA
[info] INTERRUPT_n              結果: 1/NA
Step 1 pass

## [Step 2] Endpoint / MiniNIC / PTP
[pass] EP_MAC_H/EP_MAC_L        結果: 02:00:22:33:44:02/02:00:22:33:44:02
[pass] WDIAGS_MODE              結果: 3 SLAVE/3 SLAVE
[pass] WDIAGS_PTP               結果: 9 SLAVE (raw=00004109)/9 SLAVE
[pass] WDIAGS_PTP_RX            結果: Δ=30/Δ>0
RAW WDIAGS_PTP_RX            before=0x00004041 after=0x0000405F delta=30
[pass] WDIAGS_PTP_TX            結果: Δ=4/Δ>0
RAW WDIAGS_PTP_TX            before=0x00000902 after=0x00000906 delta=4
[pass] WDIAGS_TX                結果: Δ=20/Δ>0
RAW WDIAGS_TX                before=0x00002DF1 after=0x00002E05 delta=20
[pass] WDIAGS_RX                結果: Δ=36/Δ>0
RAW WDIAGS_RX                before=0x00004E9C after=0x00004EC0 delta=36
[pass] WDIAGS_RXERR             結果: Δ=0/Δ=0
RAW WDIAGS_RXERR             before=0x00000000 after=0x00000000 delta=0
Step 2 pass

## [Step 3] WR Parent / Signaling
[pass] WDIAGS_FOREIGN_META      結果: 1/1
[pass] WDIAGS_FOREIGN_META      結果: 0/0
[info] WDIAGS_FOREIGN_META      結果: detection=0 config=3/NA
[pass] parentIsWRnode           結果: 1/1
[info] parentWrModeOn           結果: 0/NA
[pass] parentCalibrated         結果: 1/1
[pass] WR_RX_SIGNAL_DEBUG       結果: LOCK count=1/LOCK 0x1001,count>0
[pass] WR_TX_SIGNAL_DEBUG       結果: SLAVE_PRESENT count=1/SLAVE_PRESENT 0x1000,count>0
[info] WDIAGS_TEMP              結果: WRS_IDLE next=WRS_IDLE POST_STEP3_TIMEOUT/NA
[pass] LOCK_ENABLE              結果: 4/> 0
[info] WR_FAILURE_DEBUG         結果: TIMEOUT last_fail_state=WRS_S_LOCK failure_count=1/NA
Step 3 pass

## [Step 4B] Slave SoftPLL Startup
[pass] LOCK_ENABLE_COUNT        結果: 4/> 0
[pass] SPLL_MODE                結果: 3 (SPLL_MODE_SLAVE)/3 SPLL_MODE_SLAVE
[pass] SPLL_SEQ_STATE           結果: 6 (SEQ_WAIT_MAIN)/active, not 0/7
[pass] SPLL_STATE_VISIT_MASK    結果: 0x00000678/> 0
[pass] SPLL_INIT_COUNT          結果: 1/> 0
[pass] RCER                     結果: 0x00000001/> 0
[pass] OCER                     結果: 0xBCD58A01/> 0
[info] SPLL_ALIGN_STATE         結果: 0/NA
[info] SPLL_STATE_TRANSITIONS   結果: 0x00000005/NA
[info] SPLL_LAST_STATE          結果: 6 (SEQ_WAIT_MAIN)/NA
[info] OCCR                     結果: 0xFF0001FF/NA
[pass] DMTD_REF_ACCEPT_EVENT    結果: Δ=22486/Δ>=0
RAW DMTD_REF_ACCEPT_EVENT    before=0x0C0378D8 after=0x0C03D0AE delta=22486
[pass] DMTD_FB_ACCEPT_EVENT     結果: Δ=24285/Δ>=0
RAW DMTD_FB_ACCEPT_EVENT     before=0x0B04EA87 after=0x0B054964 delta=24285
[pass] DMTD_ACCEPT              結果: Δ=46771/Δ>0
[pass] SPLL_TAG_VALID_COUNT     結果: Δ=46770/Δ>0
RAW SPLL_TAG_VALID_COUNT     before=0x01B03C51 after=0x01B0F303 delta=46770
[pass] SPLL_TRR_WRITE_COUNT     結果: Δ=46769/Δ>0
RAW SPLL_TRR_WRITE_COUNT     before=0x01B03CAA after=0x01B0F35B delta=46769
[pass] WRPC_SPLL_TRR_POP_COUNT  結果: Δ=46992/Δ>0
RAW WRPC_SPLL_TRR_POP_COUNT  before=0x01B03A71 after=0x01B0F201 delta=46992
[pass] WDIAGS_IRQ_COUNT         結果: Δ=46068/Δ>0
RAW WDIAGS_IRQ_COUNT         before=0x01A5F27E after=0x01A6A672 delta=46068
[pass] WDIAGS_HELPER_UPDATE_COUNT 結果: Δ=22222/Δ>0
RAW WDIAGS_HELPER_UPDATE_COUNT before=0x00D0CD9D after=0x00D1246B delta=22222
[pass] BOOT_GENERATION          結果: Δ=0/Δ=0
RAW BOOT_GENERATION          before=0x00000001 after=0x00000001 delta=0
[pass] CPU_RESET_COUNT          結果: Δ=0/Δ=0
RAW CPU_RESET_COUNT          before=0x00000001 after=0x00000001 delta=0
[pass] WR_CORE_RESET_COUNT      結果: Δ=0/Δ=0
RAW WR_CORE_RESET_COUNT      before=0x00000001 after=0x00000001 delta=0
[pass] SI_CONFIG_DROP_COUNT     結果: Δ=0/Δ=0
RAW SI_CONFIG_DROP_COUNT     before=0x00000001 after=0x00000001 delta=0
STEP4B_ALLOWED = YES
STEP4B_RESULT = PASS
STEP4B_FIRST_INACTIVE_BOUNDARY = ACTIVE
Step 4B pass
Step 4 pass

## [Step 5] Closed-loop Lock
STEP5_LOCKDET_BEFORE: HELPER locked=0 changed=0 cnt=0/10000 threshold=200 ref_src=0 MAIN enabled=1 locked=0 freq=0 phase=0 freq_cnt=0/50 phase_cnt=0/1000 PSTAT_locked=0
STEP5_LOCKDET_AFTER: HELPER locked=0 changed=0 cnt=0/10000 threshold=200 ref_src=0 MAIN enabled=1 locked=0 freq=0 phase=0 freq_cnt=0/50 phase_cnt=0/1000 PSTAT_locked=0
[error] WDIAGS_PSTAT             結果: 0/1
STEP5_RESULT = NEVER_LOCKED
STEP5_FIRST_INACTIVE_BOUNDARY = HELPER_LOCK
Step 5 NA (single window is not stable-lock proof)

## [Step 6] Global Time
Step 6 NA

============================================================
White Rabbit Runtime 診斷：DE5 [1-11.2]
============================================================
Step 1 PHY / Link             pass
Step 2 Endpoint / PTP         pass
Step 3 WR Handshake           pass
Step 4 Step4B Slave SoftPLL Startup pass
Step 5 Closed-loop Lock       NA
Step 6 Global Time            NA
STEP1_REGRESSION = PASS
STEP2_REGRESSION = PASS
STEP3_REGRESSION = PASS
STEP4B_ALLOWED = YES
STEP4B_RESULT = PASS
STEP4B_FIRST_INACTIVE_BOUNDARY = ACTIVE
STEP5_RESULT = NEVER_LOCKED
STEP5_FIRST_INACTIVE_BOUNDARY = HELPER_LOCK
FAILURE_CLASSIFICATION = NO_FAILURE_EVIDENCE
============================================================

================ RAW_SNAPSHOT ================
RAW_SNAPSHOT board=DE5 [1-11.2] label=before
  status           = 1E1E9341245082CF
  cpu              = 0000007C000011B0
  marker           = 000000010000B004
  store            = 01A5D8710001E2A0
  store_count      = 000000008217001E
  exception        = 8000000B000011AC
  clock            = 002C3D27B3B8789E
  boot_generation  = 00000001
  cpu_reset_count  = 00000001
  wr_core_reset_count = 00000001
  si_config_drop_count = 00000001
  pps_cr           = 01312D02
  pps_escr         = 00000E00
  ep_mach          = 02000200
  ep_macl          = 22334402
  ep_dsr           = 42000000
  ptp              = 00004109
  ptp_rx           = 00004041
  ptp_tx           = 00000902
  ptp_meta         = 03020409
  tx               = 00002DF1
  rx               = 00004E9C
  rxerr            = 00000000
  ptp_types        = 044A2C4A
  foreign_meta     = 03000001
  filter_meta      = 00000000
  parse_meta       = 05012C24
  wr_rx_signal     = 10010001
  wr_tx_signal     = 10000001
  wr_failure       = 02020001
  wr_state         = A000035C
  wr_reject        = 00000000
  pstat            = 00000001
  sstat            = 00000001
  sec_h            = 00000000
  sec_l            = 00000E6A
  ns               = 1DC08B70
  lock_enable      = 00000004
  lock_result      = 00000001
  lock_polls       = 00005B1D
  lock_unlocked    = 00005B1D
  lock_calibration_fail = 00000000
  spll_state       = 00030006
  spll_ocer        = 55A73201
  spll_rcer        = 00000001
  spll_occr        = FF0001FF
  spll_trr_csr     = 01B23068
  spll_dac_hpll    = F01435FD
  spll_dac_main    = 0000006B
  spll_helper_state = 00000000
  spll_helper_limits = 271000C8
  spll_main_state  = 00000001
  spll_main_limits = 00320032
  spll_main_phase_limits = 03E804B0
  spll_state_visit_mask = 00000678
  spll_state_transitions = 00000005
  spll_last_state  = 00000006
  spll_init_count  = 00000001
  dmtd_ref         = 0C0378D8
  dmtd_fb          = 0B04EA87
  dmtd_ref_high_qual_abort = 02501467
  dmtd_fb_high_qual_abort = 00DF2C96
  tag_valid        = 01B03C51
  trr_write        = 01B03CAA
  irq              = 01A5F27E
  helper_update    = 00D0CD9D
  spll_helper_error = 000249F0
  spll_helper_output = 00000005
  eic_isr          = FFFF0000
  current_tics     = 00389FF6
RAW_SNAPSHOT board=DE5 [1-11.2] label=after
  status           = BE1ED941245082EF
  cpu              = 0000007C000011B0
  marker           = 000000010000B004
  store            = 01A68B570001E2A0
  store_count      = 0000000082499BC8
  exception        = 8000000B000011AC
  clock            = 002A6ADEE0BFA662
  boot_generation  = 00000001
  cpu_reset_count  = 00000001
  wr_core_reset_count = 00000001
  si_config_drop_count = 00000001
  pps_cr           = 01312D06
  pps_escr         = 00000E00
  ep_mach          = 02000200
  ep_macl          = 22334402
  ep_dsr           = 42000000
  ptp              = 00004109
  ptp_rx           = 0000405F
  ptp_tx           = 00000906
  ptp_meta         = 03020409
  tx               = 00002E05
  rx               = 00004EC0
  rxerr            = 00000000
  ptp_types        = 04512F51
  foreign_meta     = 03000001
  filter_meta      = 00000000
  parse_meta       = 05012F41
  wr_rx_signal     = 10010001
  wr_tx_signal     = 10000001
  wr_failure       = 02020001
  wr_state         = A000035C
  wr_reject        = 00000000
  pstat            = 00000001
  sstat            = 00000001
  sec_h            = 00000000
  sec_l            = 00000E70
  ns               = 23B4EF60
  lock_enable      = 00000004
  lock_result      = 00000001
  lock_polls       = 00005B1D
  lock_unlocked    = 00005B1D
  lock_calibration_fail = 00000000
  spll_state       = 00030006
  spll_ocer        = BCD58A01
  spll_rcer        = 00000001
  spll_occr        = FF0001FF
  spll_trr_csr     = 01B2E804
  spll_dac_hpll    = 1CCB21DF
  spll_dac_main    = 0000006C
  spll_helper_state = 00000000
  spll_helper_limits = 271000C8
  spll_main_state  = 00000001
  spll_main_limits = 00320032
  spll_main_phase_limits = 03E804B0
  spll_state_visit_mask = 00000678
  spll_state_transitions = 00000005
  spll_last_state  = 00000006
  spll_init_count  = 00000001
  dmtd_ref         = 0C03D0AE
  dmtd_fb          = 0B054964
  dmtd_ref_high_qual_abort = 02511037
  dmtd_fb_high_qual_abort = 00DF8BED
  tag_valid        = 01B0F303
  trr_write        = 01B0F35B
  irq              = 01A6A672
  helper_update    = 00D1246B
  spll_helper_error = 000249F0
  spll_helper_output = 00000005
  eic_isr          = FFFF0000
  current_tics     = 0038B7CA

============================================================
JTAG/WB transport health summary
============================================================
WB_TRANSPORT_PROTOCOL = PRELOAD_THEN_TOGGLE_COMMIT
WB_REQUEST_COUNT = 352
PRELOAD_COUNT = 352
COMMIT_COUNT = 352
WB_PROBE_READ_COUNT = 1760
PRELOAD_UNEXPECTED_TRIGGER_COUNT = 0
PROBE_3WAY_MATCH_COUNT = 352
STABLE_RESPONSE_WRONG_COUNT = 0
ADDRESS_CROSS_CONTAMINATION_COUNT = 0
TIMEOUT_COUNT = 0
INVALID_COUNT = 0
STALE_A5A5_COUNT = 0
UNSTABLE_TRANSACTION_COUNT = 0
DMTD_REF_DECREASE_COUNT = 0
DMTD_FB_DECREASE_COUNT = 0
PRELOAD_PROTOCOL_RUNTIME_REVALIDATION = PASS
JTAG_WB_DIAGNOSTIC_PATH = TRUSTED
============================================================

============================================================
STEP4A_RESULT = PASS
STEP4B_ALLOWED = YES
STEP4B_RESULT = PASS
STEP4B_FIRST_INACTIVE_BOUNDARY = ACTIVE
STEP5_RESULT = NOT_APPLICABLE_MASTER
STEP5_FIRST_INACTIVE_BOUNDARY = SLAVE_ONLY
STEP5_RESULT = NEVER_LOCKED
STEP5_FIRST_INACTIVE_BOUNDARY = HELPER_LOCK
============================================================
Info (23030): Evaluation of Tcl script scripts/jtag/read_wb_runtime.tcl was successful
Info: Quartus Prime Signal Tap was successful. 0 errors, 0 warnings
    Info: Peak virtual memory: 677 megabytes
    Info: Processing ended: Wed Sep  2 20:45:02 2026
    Info: Elapsed time: 00:00:15
    Info: System process ID: 3631512
