Info: *******************************************************************
Info: Running Quartus Prime Signal Tap
    Info: Version 21.3.0 Build 170 09/23/2021 SC Pro Edition
    Info: Copyright (C) 2021  Intel Corporation. All rights reserved.
    Info: Your use of Intel Corporation's design tools, logic functions 
    Info: and other software and tools, and any partner logic 
    Info: functions, and any output files from any of the foregoing 
    Info: (including device programming or simulation files), and any 
    Info: associated documentation or information are expressly subject 
    Info: to the terms and conditions of the Intel Program License 
    Info: Subscription Agreement, the Intel Quartus Prime License Agreement,
    Info: the Intel FPGA IP License Agreement, or other applicable license
    Info: agreement, including, without limitation, that your use is for
    Info: the sole purpose of programming logic devices manufactured by
    Info: Intel and sold by Intel or its authorized distributors.  Please
    Info: refer to the applicable agreement for further details, at
    Info: https://fpgasoftware.intel.com/eula.
    Info: Processing started: Wed Sep  2 13:05:14 2026
    Info: System process ID: 3326186
Info: Command: quartus_stp -t scripts/jtag/read_step5_bidirectional_actuator_step_response.tcl 5 128 5 10 100 100 2000 "DE5 [1-11.2]"
Info: Quartus(args): 5 128 5 10 100 100 2000 {DE5 [1-11.2]}
BIDIR_CONFIG experiment=EXP-WRPC-STEP5-HPLL-SI5340-BIDIRECTIONAL-ACTUATOR-STEP-RESPONSE-IDENTIFICATION-LANE2-20260902 baseline_seconds=5 burst_size=128 settle_updates=5 window_updates=10 sample_gap_ms=100 completion_poll_ms=100 normal_hpll_tracker=0 bootstrap=0 direction_encoding=0:FDEC,1:FINC read_only_measurement=1
=== BIDIR_BOARD DE5 [1-11.2] ===
BIDIR_DIRECTION source=38 value=0 meaning=FDEC
BIDIR_SNAPSHOT board=DE5 [1-11.2] tag=BASELINE_BEFORE ACCEPTED=0 EPOCH=INVALID TAG_DELTA=INVALID EXPECTED_DELTA=INVALID FREQ_ERROR=INVALID PRECLAMP_ERROR=INVALID HELPER_ERROR=INVALID HELPER_OUTPUT=INVALID UPDATE_COUNT=INVALID DMTD_REF_ACCEPT_COUNT=INVALID DMTD_FB_ACCEPT_COUNT=INVALID DMTD_REF_RAW=INVALID DMTD_FB_RAW=INVALID RXERR=INVALID PSTAT=INVALID HELPER_STATE=INVALID FINC_COMPLETED=128 FDEC_COMPLETED=0 FORCED_COMPLETED=128 FORCED_REMAINING=0 DIRECTION_SOURCE=0 DIRECTION_ACTIVE=1 NORMAL_REQUESTED=0 NORMAL_COMPLETED=0 TOTAL_DCO=128 BOOT_GENERATION=1 CPU_RESET=1 WR_CORE_RESET=1 SI_CONFIG_DROP=1
BIDIR_SNAPSHOT board=DE5 [1-11.2] tag=BASELINE_AFTER ACCEPTED=0 EPOCH=INVALID TAG_DELTA=INVALID EXPECTED_DELTA=INVALID FREQ_ERROR=INVALID PRECLAMP_ERROR=INVALID HELPER_ERROR=INVALID HELPER_OUTPUT=INVALID UPDATE_COUNT=INVALID DMTD_REF_ACCEPT_COUNT=INVALID DMTD_FB_ACCEPT_COUNT=INVALID DMTD_REF_RAW=INVALID DMTD_FB_RAW=INVALID RXERR=INVALID PSTAT=INVALID HELPER_STATE=INVALID FINC_COMPLETED=128 FDEC_COMPLETED=0 FORCED_COMPLETED=128 FORCED_REMAINING=0 DIRECTION_SOURCE=0 DIRECTION_ACTIVE=1 NORMAL_REQUESTED=0 NORMAL_COMPLETED=0 TOTAL_DCO=128 BOOT_GENERATION=1 CPU_RESET=1 WR_CORE_RESET=1 SI_CONFIG_DROP=1
BIDIR_SNAPSHOT board=DE5 [1-11.2] tag=FINC_BEFORE ACCEPTED=0 EPOCH=INVALID TAG_DELTA=INVALID EXPECTED_DELTA=INVALID FREQ_ERROR=INVALID PRECLAMP_ERROR=INVALID HELPER_ERROR=INVALID HELPER_OUTPUT=INVALID UPDATE_COUNT=INVALID DMTD_REF_ACCEPT_COUNT=INVALID DMTD_FB_ACCEPT_COUNT=INVALID DMTD_REF_RAW=INVALID DMTD_FB_RAW=INVALID RXERR=INVALID PSTAT=INVALID HELPER_STATE=INVALID FINC_COMPLETED=128 FDEC_COMPLETED=0 FORCED_COMPLETED=128 FORCED_REMAINING=0 DIRECTION_SOURCE=0 DIRECTION_ACTIVE=1 NORMAL_REQUESTED=0 NORMAL_COMPLETED=0 TOTAL_DCO=128 BOOT_GENERATION=1 CPU_RESET=1 WR_CORE_RESET=1 SI_CONFIG_DROP=1
BIDIR_DIRECTION source=38 value=1 meaning=FINC
BIDIR_TRIGGER_PULSE source=36 transition=0->1->0
BIDIR_COMPLETION_POLL board=DE5 [1-11.2] direction=FINC poll=1 FINC_OR_FDEC_COMPLETED=256 DELTA=128 FORCED_COMPLETED=256 REMAINING=0
BIDIR_SNAPSHOT board=DE5 [1-11.2] tag=FINC_AFTER ACCEPTED=0 EPOCH=INVALID TAG_DELTA=INVALID EXPECTED_DELTA=INVALID FREQ_ERROR=INVALID PRECLAMP_ERROR=INVALID HELPER_ERROR=INVALID HELPER_OUTPUT=INVALID UPDATE_COUNT=INVALID DMTD_REF_ACCEPT_COUNT=INVALID DMTD_FB_ACCEPT_COUNT=INVALID DMTD_REF_RAW=INVALID DMTD_FB_RAW=INVALID RXERR=INVALID PSTAT=INVALID HELPER_STATE=INVALID FINC_COMPLETED=256 FDEC_COMPLETED=0 FORCED_COMPLETED=256 FORCED_REMAINING=0 DIRECTION_SOURCE=1 DIRECTION_ACTIVE=1 NORMAL_REQUESTED=0 NORMAL_COMPLETED=0 TOTAL_DCO=256 BOOT_GENERATION=1 CPU_RESET=1 WR_CORE_RESET=1 SI_CONFIG_DROP=1
BIDIR_SNAPSHOT board=DE5 [1-11.2] tag=FINC_001 ACCEPTED=0 EPOCH=INVALID TAG_DELTA=INVALID EXPECTED_DELTA=INVALID FREQ_ERROR=INVALID PRECLAMP_ERROR=INVALID HELPER_ERROR=INVALID HELPER_OUTPUT=INVALID UPDATE_COUNT=INVALID DMTD_REF_ACCEPT_COUNT=INVALID DMTD_FB_ACCEPT_COUNT=INVALID DMTD_REF_RAW=INVALID DMTD_FB_RAW=INVALID RXERR=INVALID PSTAT=INVALID HELPER_STATE=INVALID FINC_COMPLETED=256 FDEC_COMPLETED=0 FORCED_COMPLETED=256 FORCED_REMAINING=0 DIRECTION_SOURCE=1 DIRECTION_ACTIVE=1 NORMAL_REQUESTED=0 NORMAL_COMPLETED=0 TOTAL_DCO=256 BOOT_GENERATION=1 CPU_RESET=1 WR_CORE_RESET=1 SI_CONFIG_DROP=1
BIDIR_WINDOW_SAMPLE board=DE5 [1-11.2] phase=FINC tag=FINC_001 UPDATE_DELTA_FROM_COMPLETION=INVALID
BIDIR_SNAPSHOT board=DE5 [1-11.2] tag=FINC_002 ACCEPTED=0 EPOCH=INVALID TAG_DELTA=INVALID EXPECTED_DELTA=INVALID FREQ_ERROR=INVALID PRECLAMP_ERROR=INVALID HELPER_ERROR=INVALID HELPER_OUTPUT=INVALID UPDATE_COUNT=INVALID DMTD_REF_ACCEPT_COUNT=INVALID DMTD_FB_ACCEPT_COUNT=INVALID DMTD_REF_RAW=INVALID DMTD_FB_RAW=INVALID RXERR=INVALID PSTAT=INVALID HELPER_STATE=INVALID FINC_COMPLETED=256 FDEC_COMPLETED=0 FORCED_COMPLETED=256 FORCED_REMAINING=0 DIRECTION_SOURCE=1 DIRECTION_ACTIVE=1 NORMAL_REQUESTED=0 NORMAL_COMPLETED=0 TOTAL_DCO=256 BOOT_GENERATION=1 CPU_RESET=1 WR_CORE_RESET=1 SI_CONFIG_DROP=1
BIDIR_WINDOW_SAMPLE board=DE5 [1-11.2] phase=FINC tag=FINC_002 UPDATE_DELTA_FROM_COMPLETION=INVALID
BIDIR_SNAPSHOT board=DE5 [1-11.2] tag=FINC_003 ACCEPTED=0 EPOCH=INVALID TAG_DELTA=INVALID EXPECTED_DELTA=INVALID FREQ_ERROR=INVALID PRECLAMP_ERROR=INVALID HELPER_ERROR=INVALID HELPER_OUTPUT=INVALID UPDATE_COUNT=INVALID DMTD_REF_ACCEPT_COUNT=INVALID DMTD_FB_ACCEPT_COUNT=INVALID DMTD_REF_RAW=INVALID DMTD_FB_RAW=INVALID RXERR=INVALID PSTAT=INVALID HELPER_STATE=INVALID FINC_COMPLETED=256 FDEC_COMPLETED=0 FORCED_COMPLETED=256 FORCED_REMAINING=0 DIRECTION_SOURCE=1 DIRECTION_ACTIVE=1 NORMAL_REQUESTED=0 NORMAL_COMPLETED=0 TOTAL_DCO=256 BOOT_GENERATION=1 CPU_RESET=1 WR_CORE_RESET=1 SI_CONFIG_DROP=1
BIDIR_WINDOW_SAMPLE board=DE5 [1-11.2] phase=FINC tag=FINC_003 UPDATE_DELTA_FROM_COMPLETION=INVALID
BIDIR_SNAPSHOT board=DE5 [1-11.2] tag=FINC_004 ACCEPTED=0 EPOCH=INVALID TAG_DELTA=INVALID EXPECTED_DELTA=INVALID FREQ_ERROR=INVALID PRECLAMP_ERROR=INVALID HELPER_ERROR=INVALID HELPER_OUTPUT=INVALID UPDATE_COUNT=INVALID DMTD_REF_ACCEPT_COUNT=INVALID DMTD_FB_ACCEPT_COUNT=INVALID DMTD_REF_RAW=INVALID DMTD_FB_RAW=INVALID RXERR=INVALID PSTAT=INVALID HELPER_STATE=INVALID FINC_COMPLETED=256 FDEC_COMPLETED=0 FORCED_COMPLETED=256 FORCED_REMAINING=0 DIRECTION_SOURCE=1 DIRECTION_ACTIVE=1 NORMAL_REQUESTED=0 NORMAL_COMPLETED=0 TOTAL_DCO=256 BOOT_GENERATION=1 CPU_RESET=1 WR_CORE_RESET=1 SI_CONFIG_DROP=1
BIDIR_WINDOW_SAMPLE board=DE5 [1-11.2] phase=FINC tag=FINC_004 UPDATE_DELTA_FROM_COMPLETION=INVALID
BIDIR_SNAPSHOT board=DE5 [1-11.2] tag=FINC_005 ACCEPTED=0 EPOCH=INVALID TAG_DELTA=INVALID EXPECTED_DELTA=INVALID FREQ_ERROR=INVALID PRECLAMP_ERROR=INVALID HELPER_ERROR=INVALID HELPER_OUTPUT=INVALID UPDATE_COUNT=INVALID DMTD_REF_ACCEPT_COUNT=INVALID DMTD_FB_ACCEPT_COUNT=INVALID DMTD_REF_RAW=INVALID DMTD_FB_RAW=INVALID RXERR=INVALID PSTAT=INVALID HELPER_STATE=INVALID FINC_COMPLETED=256 FDEC_COMPLETED=0 FORCED_COMPLETED=256 FORCED_REMAINING=0 DIRECTION_SOURCE=1 DIRECTION_ACTIVE=1 NORMAL_REQUESTED=0 NORMAL_COMPLETED=0 TOTAL_DCO=256 BOOT_GENERATION=1 CPU_RESET=1 WR_CORE_RESET=1 SI_CONFIG_DROP=1
BIDIR_WINDOW_SAMPLE board=DE5 [1-11.2] phase=FINC tag=FINC_005 UPDATE_DELTA_FROM_COMPLETION=INVALID
BIDIR_SNAPSHOT board=DE5 [1-11.2] tag=FINC_006 ACCEPTED=0 EPOCH=INVALID TAG_DELTA=INVALID EXPECTED_DELTA=INVALID FREQ_ERROR=INVALID PRECLAMP_ERROR=INVALID HELPER_ERROR=INVALID HELPER_OUTPUT=INVALID UPDATE_COUNT=INVALID DMTD_REF_ACCEPT_COUNT=INVALID DMTD_FB_ACCEPT_COUNT=INVALID DMTD_REF_RAW=INVALID DMTD_FB_RAW=INVALID RXERR=INVALID PSTAT=INVALID HELPER_STATE=INVALID FINC_COMPLETED=256 FDEC_COMPLETED=0 FORCED_COMPLETED=256 FORCED_REMAINING=0 DIRECTION_SOURCE=1 DIRECTION_ACTIVE=1 NORMAL_REQUESTED=0 NORMAL_COMPLETED=0 TOTAL_DCO=256 BOOT_GENERATION=1 CPU_RESET=1 WR_CORE_RESET=1 SI_CONFIG_DROP=1
BIDIR_WINDOW_SAMPLE board=DE5 [1-11.2] phase=FINC tag=FINC_006 UPDATE_DELTA_FROM_COMPLETION=INVALID
BIDIR_SNAPSHOT board=DE5 [1-11.2] tag=FINC_007 ACCEPTED=0 EPOCH=INVALID TAG_DELTA=INVALID EXPECTED_DELTA=INVALID FREQ_ERROR=INVALID PRECLAMP_ERROR=INVALID HELPER_ERROR=INVALID HELPER_OUTPUT=INVALID UPDATE_COUNT=INVALID DMTD_REF_ACCEPT_COUNT=INVALID DMTD_FB_ACCEPT_COUNT=INVALID DMTD_REF_RAW=INVALID DMTD_FB_RAW=INVALID RXERR=INVALID PSTAT=INVALID HELPER_STATE=INVALID FINC_COMPLETED=256 FDEC_COMPLETED=0 FORCED_COMPLETED=256 FORCED_REMAINING=0 DIRECTION_SOURCE=1 DIRECTION_ACTIVE=1 NORMAL_REQUESTED=0 NORMAL_COMPLETED=0 TOTAL_DCO=256 BOOT_GENERATION=1 CPU_RESET=1 WR_CORE_RESET=1 SI_CONFIG_DROP=1
BIDIR_WINDOW_SAMPLE board=DE5 [1-11.2] phase=FINC tag=FINC_007 UPDATE_DELTA_FROM_COMPLETION=INVALID
BIDIR_SNAPSHOT board=DE5 [1-11.2] tag=FINC_008 ACCEPTED=0 EPOCH=INVALID TAG_DELTA=INVALID EXPECTED_DELTA=INVALID FREQ_ERROR=INVALID PRECLAMP_ERROR=INVALID HELPER_ERROR=INVALID HELPER_OUTPUT=INVALID UPDATE_COUNT=INVALID DMTD_REF_ACCEPT_COUNT=INVALID DMTD_FB_ACCEPT_COUNT=INVALID DMTD_REF_RAW=INVALID DMTD_FB_RAW=INVALID RXERR=INVALID PSTAT=INVALID HELPER_STATE=INVALID FINC_COMPLETED=256 FDEC_COMPLETED=0 FORCED_COMPLETED=256 FORCED_REMAINING=0 DIRECTION_SOURCE=1 DIRECTION_ACTIVE=1 NORMAL_REQUESTED=0 NORMAL_COMPLETED=0 TOTAL_DCO=256 BOOT_GENERATION=1 CPU_RESET=1 WR_CORE_RESET=1 SI_CONFIG_DROP=1
BIDIR_WINDOW_SAMPLE board=DE5 [1-11.2] phase=FINC tag=FINC_008 UPDATE_DELTA_FROM_COMPLETION=INVALID
BIDIR_SNAPSHOT board=DE5 [1-11.2] tag=FINC_009 ACCEPTED=0 EPOCH=INVALID TAG_DELTA=INVALID EXPECTED_DELTA=INVALID FREQ_ERROR=INVALID PRECLAMP_ERROR=INVALID HELPER_ERROR=INVALID HELPER_OUTPUT=INVALID UPDATE_COUNT=INVALID DMTD_REF_ACCEPT_COUNT=INVALID DMTD_FB_ACCEPT_COUNT=INVALID DMTD_REF_RAW=INVALID DMTD_FB_RAW=INVALID RXERR=INVALID PSTAT=INVALID HELPER_STATE=INVALID FINC_COMPLETED=256 FDEC_COMPLETED=0 FORCED_COMPLETED=256 FORCED_REMAINING=0 DIRECTION_SOURCE=1 DIRECTION_ACTIVE=1 NORMAL_REQUESTED=0 NORMAL_COMPLETED=0 TOTAL_DCO=256 BOOT_GENERATION=1 CPU_RESET=1 WR_CORE_RESET=1 SI_CONFIG_DROP=1
BIDIR_WINDOW_SAMPLE board=DE5 [1-11.2] phase=FINC tag=FINC_009 UPDATE_DELTA_FROM_COMPLETION=INVALID
BIDIR_SNAPSHOT board=DE5 [1-11.2] tag=FINC_010 ACCEPTED=0 EPOCH=INVALID TAG_DELTA=INVALID EXPECTED_DELTA=INVALID FREQ_ERROR=INVALID PRECLAMP_ERROR=INVALID HELPER_ERROR=INVALID HELPER_OUTPUT=INVALID UPDATE_COUNT=INVALID DMTD_REF_ACCEPT_COUNT=INVALID DMTD_FB_ACCEPT_COUNT=INVALID DMTD_REF_RAW=INVALID DMTD_FB_RAW=INVALID RXERR=INVALID PSTAT=INVALID HELPER_STATE=INVALID FINC_COMPLETED=256 FDEC_COMPLETED=0 FORCED_COMPLETED=256 FORCED_REMAINING=0 DIRECTION_SOURCE=1 DIRECTION_ACTIVE=1 NORMAL_REQUESTED=0 NORMAL_COMPLETED=0 TOTAL_DCO=256 BOOT_GENERATION=1 CPU_RESET=1 WR_CORE_RESET=1 SI_CONFIG_DROP=1
BIDIR_WINDOW_SAMPLE board=DE5 [1-11.2] phase=FINC tag=FINC_010 UPDATE_DELTA_FROM_COMPLETION=INVALID
BIDIR_SNAPSHOT board=DE5 [1-11.2] tag=FINC_011 ACCEPTED=0 EPOCH=INVALID TAG_DELTA=INVALID EXPECTED_DELTA=INVALID FREQ_ERROR=INVALID PRECLAMP_ERROR=INVALID HELPER_ERROR=INVALID HELPER_OUTPUT=INVALID UPDATE_COUNT=INVALID DMTD_REF_ACCEPT_COUNT=INVALID DMTD_FB_ACCEPT_COUNT=INVALID DMTD_REF_RAW=INVALID DMTD_FB_RAW=INVALID RXERR=INVALID PSTAT=INVALID HELPER_STATE=INVALID FINC_COMPLETED=256 FDEC_COMPLETED=0 FORCED_COMPLETED=256 FORCED_REMAINING=0 DIRECTION_SOURCE=1 DIRECTION_ACTIVE=1 NORMAL_REQUESTED=0 NORMAL_COMPLETED=0 TOTAL_DCO=256 BOOT_GENERATION=1 CPU_RESET=1 WR_CORE_RESET=1 SI_CONFIG_DROP=1
BIDIR_WINDOW_SAMPLE board=DE5 [1-11.2] phase=FINC tag=FINC_011 UPDATE_DELTA_FROM_COMPLETION=INVALID
BIDIR_SNAPSHOT board=DE5 [1-11.2] tag=FINC_012 ACCEPTED=0 EPOCH=INVALID TAG_DELTA=INVALID EXPECTED_DELTA=INVALID FREQ_ERROR=INVALID PRECLAMP_ERROR=INVALID HELPER_ERROR=INVALID HELPER_OUTPUT=INVALID UPDATE_COUNT=INVALID DMTD_REF_ACCEPT_COUNT=INVALID DMTD_FB_ACCEPT_COUNT=INVALID DMTD_REF_RAW=INVALID DMTD_FB_RAW=INVALID RXERR=INVALID PSTAT=INVALID HELPER_STATE=INVALID FINC_COMPLETED=256 FDEC_COMPLETED=0 FORCED_COMPLETED=256 FORCED_REMAINING=0 DIRECTION_SOURCE=1 DIRECTION_ACTIVE=1 NORMAL_REQUESTED=0 NORMAL_COMPLETED=0 TOTAL_DCO=256 BOOT_GENERATION=1 CPU_RESET=1 WR_CORE_RESET=1 SI_CONFIG_DROP=1
BIDIR_WINDOW_SAMPLE board=DE5 [1-11.2] phase=FINC tag=FINC_012 UPDATE_DELTA_FROM_COMPLETION=INVALID
BIDIR_SNAPSHOT board=DE5 [1-11.2] tag=FINC_013 ACCEPTED=0 EPOCH=INVALID TAG_DELTA=INVALID EXPECTED_DELTA=INVALID FREQ_ERROR=INVALID PRECLAMP_ERROR=INVALID HELPER_ERROR=INVALID HELPER_OUTPUT=INVALID UPDATE_COUNT=INVALID DMTD_REF_ACCEPT_COUNT=INVALID DMTD_FB_ACCEPT_COUNT=INVALID DMTD_REF_RAW=INVALID DMTD_FB_RAW=INVALID RXERR=INVALID PSTAT=INVALID HELPER_STATE=INVALID FINC_COMPLETED=256 FDEC_COMPLETED=0 FORCED_COMPLETED=256 FORCED_REMAINING=0 DIRECTION_SOURCE=1 DIRECTION_ACTIVE=1 NORMAL_REQUESTED=0 NORMAL_COMPLETED=0 TOTAL_DCO=256 BOOT_GENERATION=1 CPU_RESET=1 WR_CORE_RESET=1 SI_CONFIG_DROP=1
BIDIR_WINDOW_SAMPLE board=DE5 [1-11.2] phase=FINC tag=FINC_013 UPDATE_DELTA_FROM_COMPLETION=INVALID
BIDIR_SNAPSHOT board=DE5 [1-11.2] tag=FINC_014 ACCEPTED=0 EPOCH=INVALID TAG_DELTA=INVALID EXPECTED_DELTA=INVALID FREQ_ERROR=INVALID PRECLAMP_ERROR=INVALID HELPER_ERROR=INVALID HELPER_OUTPUT=INVALID UPDATE_COUNT=INVALID DMTD_REF_ACCEPT_COUNT=INVALID DMTD_FB_ACCEPT_COUNT=INVALID DMTD_REF_RAW=INVALID DMTD_FB_RAW=INVALID RXERR=INVALID PSTAT=INVALID HELPER_STATE=INVALID FINC_COMPLETED=256 FDEC_COMPLETED=0 FORCED_COMPLETED=256 FORCED_REMAINING=0 DIRECTION_SOURCE=1 DIRECTION_ACTIVE=1 NORMAL_REQUESTED=0 NORMAL_COMPLETED=0 TOTAL_DCO=256 BOOT_GENERATION=1 CPU_RESET=1 WR_CORE_RESET=1 SI_CONFIG_DROP=1
BIDIR_WINDOW_SAMPLE board=DE5 [1-11.2] phase=FINC tag=FINC_014 UPDATE_DELTA_FROM_COMPLETION=INVALID
BIDIR_SNAPSHOT board=DE5 [1-11.2] tag=FINC_015 ACCEPTED=0 EPOCH=INVALID TAG_DELTA=INVALID EXPECTED_DELTA=INVALID FREQ_ERROR=INVALID PRECLAMP_ERROR=INVALID HELPER_ERROR=INVALID HELPER_OUTPUT=INVALID UPDATE_COUNT=INVALID DMTD_REF_ACCEPT_COUNT=INVALID DMTD_FB_ACCEPT_COUNT=INVALID DMTD_REF_RAW=INVALID DMTD_FB_RAW=INVALID RXERR=INVALID PSTAT=INVALID HELPER_STATE=INVALID FINC_COMPLETED=256 FDEC_COMPLETED=0 FORCED_COMPLETED=256 FORCED_REMAINING=0 DIRECTION_SOURCE=1 DIRECTION_ACTIVE=1 NORMAL_REQUESTED=0 NORMAL_COMPLETED=0 TOTAL_DCO=256 BOOT_GENERATION=1 CPU_RESET=1 WR_CORE_RESET=1 SI_CONFIG_DROP=1
BIDIR_WINDOW_SAMPLE board=DE5 [1-11.2] phase=FINC tag=FINC_015 UPDATE_DELTA_FROM_COMPLETION=INVALID
BIDIR_SNAPSHOT board=DE5 [1-11.2] tag=FINC_016 ACCEPTED=0 EPOCH=INVALID TAG_DELTA=INVALID EXPECTED_DELTA=INVALID FREQ_ERROR=INVALID PRECLAMP_ERROR=INVALID HELPER_ERROR=INVALID HELPER_OUTPUT=INVALID UPDATE_COUNT=INVALID DMTD_REF_ACCEPT_COUNT=INVALID DMTD_FB_ACCEPT_COUNT=INVALID DMTD_REF_RAW=INVALID DMTD_FB_RAW=INVALID RXERR=INVALID PSTAT=INVALID HELPER_STATE=INVALID FINC_COMPLETED=256 FDEC_COMPLETED=0 FORCED_COMPLETED=256 FORCED_REMAINING=0 DIRECTION_SOURCE=1 DIRECTION_ACTIVE=1 NORMAL_REQUESTED=0 NORMAL_COMPLETED=0 TOTAL_DCO=256 BOOT_GENERATION=1 CPU_RESET=1 WR_CORE_RESET=1 SI_CONFIG_DROP=1
BIDIR_WINDOW_SAMPLE board=DE5 [1-11.2] phase=FINC tag=FINC_016 UPDATE_DELTA_FROM_COMPLETION=INVALID
BIDIR_SNAPSHOT board=DE5 [1-11.2] tag=FINC_017 ACCEPTED=0 EPOCH=INVALID TAG_DELTA=INVALID EXPECTED_DELTA=INVALID FREQ_ERROR=INVALID PRECLAMP_ERROR=INVALID HELPER_ERROR=INVALID HELPER_OUTPUT=INVALID UPDATE_COUNT=INVALID DMTD_REF_ACCEPT_COUNT=INVALID DMTD_FB_ACCEPT_COUNT=INVALID DMTD_REF_RAW=INVALID DMTD_FB_RAW=INVALID RXERR=INVALID PSTAT=INVALID HELPER_STATE=INVALID FINC_COMPLETED=256 FDEC_COMPLETED=0 FORCED_COMPLETED=256 FORCED_REMAINING=0 DIRECTION_SOURCE=1 DIRECTION_ACTIVE=1 NORMAL_REQUESTED=0 NORMAL_COMPLETED=0 TOTAL_DCO=256 BOOT_GENERATION=1 CPU_RESET=1 WR_CORE_RESET=1 SI_CONFIG_DROP=1
BIDIR_WINDOW_SAMPLE board=DE5 [1-11.2] phase=FINC tag=FINC_017 UPDATE_DELTA_FROM_COMPLETION=INVALID
BIDIR_SNAPSHOT board=DE5 [1-11.2] tag=FINC_018 ACCEPTED=0 EPOCH=INVALID TAG_DELTA=INVALID EXPECTED_DELTA=INVALID FREQ_ERROR=INVALID PRECLAMP_ERROR=INVALID HELPER_ERROR=INVALID HELPER_OUTPUT=INVALID UPDATE_COUNT=INVALID DMTD_REF_ACCEPT_COUNT=INVALID DMTD_FB_ACCEPT_COUNT=INVALID DMTD_REF_RAW=INVALID DMTD_FB_RAW=INVALID RXERR=INVALID PSTAT=INVALID HELPER_STATE=INVALID FINC_COMPLETED=256 FDEC_COMPLETED=0 FORCED_COMPLETED=256 FORCED_REMAINING=0 DIRECTION_SOURCE=1 DIRECTION_ACTIVE=1 NORMAL_REQUESTED=0 NORMAL_COMPLETED=0 TOTAL_DCO=256 BOOT_GENERATION=1 CPU_RESET=1 WR_CORE_RESET=1 SI_CONFIG_DROP=1
BIDIR_WINDOW_SAMPLE board=DE5 [1-11.2] phase=FINC tag=FINC_018 UPDATE_DELTA_FROM_COMPLETION=INVALID
BIDIR_SNAPSHOT board=DE5 [1-11.2] tag=FINC_019 ACCEPTED=0 EPOCH=INVALID TAG_DELTA=INVALID EXPECTED_DELTA=INVALID FREQ_ERROR=INVALID PRECLAMP_ERROR=INVALID HELPER_ERROR=INVALID HELPER_OUTPUT=INVALID UPDATE_COUNT=INVALID DMTD_REF_ACCEPT_COUNT=INVALID DMTD_FB_ACCEPT_COUNT=INVALID DMTD_REF_RAW=INVALID DMTD_FB_RAW=INVALID RXERR=INVALID PSTAT=INVALID HELPER_STATE=INVALID FINC_COMPLETED=256 FDEC_COMPLETED=0 FORCED_COMPLETED=256 FORCED_REMAINING=0 DIRECTION_SOURCE=1 DIRECTION_ACTIVE=1 NORMAL_REQUESTED=0 NORMAL_COMPLETED=0 TOTAL_DCO=256 BOOT_GENERATION=1 CPU_RESET=1 WR_CORE_RESET=1 SI_CONFIG_DROP=1
BIDIR_WINDOW_SAMPLE board=DE5 [1-11.2] phase=FINC tag=FINC_019 UPDATE_DELTA_FROM_COMPLETION=INVALID
BIDIR_SNAPSHOT board=DE5 [1-11.2] tag=FINC_020 ACCEPTED=0 EPOCH=INVALID TAG_DELTA=INVALID EXPECTED_DELTA=INVALID FREQ_ERROR=INVALID PRECLAMP_ERROR=INVALID HELPER_ERROR=INVALID HELPER_OUTPUT=INVALID UPDATE_COUNT=INVALID DMTD_REF_ACCEPT_COUNT=INVALID DMTD_FB_ACCEPT_COUNT=INVALID DMTD_REF_RAW=INVALID DMTD_FB_RAW=INVALID RXERR=INVALID PSTAT=INVALID HELPER_STATE=INVALID FINC_COMPLETED=256 FDEC_COMPLETED=0 FORCED_COMPLETED=256 FORCED_REMAINING=0 DIRECTION_SOURCE=1 DIRECTION_ACTIVE=1 NORMAL_REQUESTED=0 NORMAL_COMPLETED=0 TOTAL_DCO=256 BOOT_GENERATION=1 CPU_RESET=1 WR_CORE_RESET=1 SI_CONFIG_DROP=1
BIDIR_WINDOW_SAMPLE board=DE5 [1-11.2] phase=FINC tag=FINC_020 UPDATE_DELTA_FROM_COMPLETION=INVALID
BIDIR_SNAPSHOT board=DE5 [1-11.2] tag=FINC_021 ACCEPTED=0 EPOCH=INVALID TAG_DELTA=INVALID EXPECTED_DELTA=INVALID FREQ_ERROR=INVALID PRECLAMP_ERROR=INVALID HELPER_ERROR=INVALID HELPER_OUTPUT=INVALID UPDATE_COUNT=INVALID DMTD_REF_ACCEPT_COUNT=INVALID DMTD_FB_ACCEPT_COUNT=INVALID DMTD_REF_RAW=INVALID DMTD_FB_RAW=INVALID RXERR=INVALID PSTAT=INVALID HELPER_STATE=INVALID FINC_COMPLETED=256 FDEC_COMPLETED=0 FORCED_COMPLETED=256 FORCED_REMAINING=0 DIRECTION_SOURCE=1 DIRECTION_ACTIVE=1 NORMAL_REQUESTED=0 NORMAL_COMPLETED=0 TOTAL_DCO=256 BOOT_GENERATION=1 CPU_RESET=1 WR_CORE_RESET=1 SI_CONFIG_DROP=1
BIDIR_WINDOW_SAMPLE board=DE5 [1-11.2] phase=FINC tag=FINC_021 UPDATE_DELTA_FROM_COMPLETION=INVALID
BIDIR_SNAPSHOT board=DE5 [1-11.2] tag=FINC_022 ACCEPTED=0 EPOCH=INVALID TAG_DELTA=INVALID EXPECTED_DELTA=INVALID FREQ_ERROR=INVALID PRECLAMP_ERROR=INVALID HELPER_ERROR=INVALID HELPER_OUTPUT=INVALID UPDATE_COUNT=INVALID DMTD_REF_ACCEPT_COUNT=INVALID DMTD_FB_ACCEPT_COUNT=INVALID DMTD_REF_RAW=INVALID DMTD_FB_RAW=INVALID RXERR=INVALID PSTAT=INVALID HELPER_STATE=INVALID FINC_COMPLETED=256 FDEC_COMPLETED=0 FORCED_COMPLETED=256 FORCED_REMAINING=0 DIRECTION_SOURCE=1 DIRECTION_ACTIVE=1 NORMAL_REQUESTED=0 NORMAL_COMPLETED=0 TOTAL_DCO=256 BOOT_GENERATION=1 CPU_RESET=1 WR_CORE_RESET=1 SI_CONFIG_DROP=1
BIDIR_WINDOW_SAMPLE board=DE5 [1-11.2] phase=FINC tag=FINC_022 UPDATE_DELTA_FROM_COMPLETION=INVALID
BIDIR_SNAPSHOT board=DE5 [1-11.2] tag=FINC_023 ACCEPTED=0 EPOCH=INVALID TAG_DELTA=INVALID EXPECTED_DELTA=INVALID FREQ_ERROR=INVALID PRECLAMP_ERROR=INVALID HELPER_ERROR=INVALID HELPER_OUTPUT=INVALID UPDATE_COUNT=INVALID DMTD_REF_ACCEPT_COUNT=INVALID DMTD_FB_ACCEPT_COUNT=INVALID DMTD_REF_RAW=INVALID DMTD_FB_RAW=INVALID RXERR=INVALID PSTAT=INVALID HELPER_STATE=INVALID FINC_COMPLETED=256 FDEC_COMPLETED=0 FORCED_COMPLETED=256 FORCED_REMAINING=0 DIRECTION_SOURCE=1 DIRECTION_ACTIVE=1 NORMAL_REQUESTED=0 NORMAL_COMPLETED=0 TOTAL_DCO=256 BOOT_GENERATION=1 CPU_RESET=1 WR_CORE_RESET=1 SI_CONFIG_DROP=1
BIDIR_WINDOW_SAMPLE board=DE5 [1-11.2] phase=FINC tag=FINC_023 UPDATE_DELTA_FROM_C