Info: *******************************************************************
Info: Running Quartus Prime Signal Tap
    Info: Version 21.3.0 Build 170 09/23/2021 SC Pro Edition
    Info: Copyright (C) 2021  Intel Corporation. All rights reserved.
    Info: Your use of Intel Corporation's design tools, logic functions 
    Info: and other software and tools, and any partner logic 
    Info: functions, and any output files from any of the foregoing 
    Info: (including device programming or simulation files), and any 
    Info: associated documentation or information are expressly subject 
    Info: to the terms and conditions of the Intel Program License 
    Info: Subscription Agreement, the Intel Quartus Prime License Agreement,
    Info: the Intel FPGA IP License Agreement, or other applicable license
    Info: agreement, including, without limitation, that your use is for
    Info: the sole purpose of programming logic devices manufactured by
    Info: Intel and sold by Intel or its authorized distributors.  Please
    Info: refer to the applicable agreement for further details, at
    Info: https://fpgasoftware.intel.com/eula.
    Info: Processing started: Sun Aug 30 05:12:05 2026
    Info: System process ID: 628475
Info: Command: quartus_stp -t scripts/jtag/read_step5_jtag_hpll_bounded_burst_ab.tcl 5 500 160 500 20 0 64 "DE5 [1-11.2]"
Info: Quartus(args): 5 500 160 500 20 0 64 {DE5 [1-11.2]}
STEP5_JTAG_HPLL_BOUNDED_BURST_AB_CONFIG a_seconds=5 poll_ms=500 max_polls=160 helper_poll_ms=500 max_helper_polls=20 polarity_reverse=0 experiment=EXP-WRPC-STEP5-HPLL-PHYSICAL-DCO-GAIN-CALIBRATION fixed_sof=1 burst_size=64 board_filter=DE5 [1-11.2]
STEP5_BURST_SAMPLE board=DE5 [1-11.2] tag=A0 DCO_RAW=FF60000000000220 BURST_RAW=0000750000000000 POLARITY_RAW=0000000000000000 POLARITY_SOURCE=0 POLARITY_ACTIVE=0 STEP=0 BURST_TRIGGER_COUNT=0 FORCED_HPLL_PENDING_COUNT=0 FORCED_HPLL_COMPLETED_COUNT=0 RT_STATE_ENTER_COUNT=0 RUNTIME_START_COUNT=0 BUS_DONE_COUNT=117 PRECLAMP_ERROR=FDC4BBDB PRECLAMP_ERROR_SIGNED=-37438501 RAW_TAG=001F5F9E RAW_TAG_SIGNED=2056094 EXPECTED_TAG=07C31FC3 EXPECTED_TAG_SIGNED=130228163 TAG_DELTA=00003B85 TAG_DELTA_SIGNED=15237 EXPECTED_DELTA=00004000 EXPECTED_DELTA_SIGNED=16384 HELPER_UPDATE_COUNT=00007F32 HELPER_ERROR=FFFDB610 HELPER_OUTPUT=0000FFFB
STEP5_BURST_SAMPLE board=DE5 [1-11.2] tag=A01 DCO_RAW=FF60000000000220 BURST_RAW=0000750000000000 POLARITY_RAW=0000000000000000 POLARITY_SOURCE=0 POLARITY_ACTIVE=0 STEP=0 BURST_TRIGGER_COUNT=0 FORCED_HPLL_PENDING_COUNT=0 FORCED_HPLL_COMPLETED_COUNT=0 RT_STATE_ENTER_COUNT=0 RUNTIME_START_COUNT=0 BUS_DONE_COUNT=117 PRECLAMP_ERROR=FD7C325D PRECLAMP_ERROR_SIGNED=-42192291 RAW_TAG=0018D620 RAW_TAG_SIGNED=1627680 EXPECTED_TAG=05CF3EC3 EXPECTED_TAG_SIGNED=97468099 TAG_DELTA=00003B79 TAG_DELTA_SIGNED=15225 EXPECTED_DELTA=00004000 EXPECTED_DELTA_SIGNED=16384 HELPER_UPDATE_COUNT=00008F3A HELPER_ERROR=FFFDB610 HELPER_OUTPUT=0000FFFB
STEP5_BURST_SAMPLE board=DE5 [1-11.2] tag=A02 DCO_RAW=FF60000000000220 BURST_RAW=0000750000000000 POLARITY_RAW=0000000000000000 POLARITY_SOURCE=0 POLARITY_ACTIVE=0 STEP=0 BURST_TRIGGER_COUNT=0 FORCED_HPLL_PENDING_COUNT=0 FORCED_HPLL_COMPLETED_COUNT=0 RT_STATE_ENTER_COUNT=0 RUNTIME_START_COUNT=0 BUS_DONE_COUNT=117 PRECLAMP_ERROR=FD33A777 PRECLAMP_ERROR_SIGNED=-46946441 RAW_TAG=00128B3A RAW_TAG_SIGNED=1215290 EXPECTED_TAG=03DB9DC3 EXPECTED_TAG_SIGNED=64724419 TAG_DELTA=00003B80 TAG_DELTA_SIGNED=15232 EXPECTED_DELTA=00004000 EXPECTED_DELTA_SIGNED=16384 HELPER_UPDATE_COUNT=00009F43 HELPER_ERROR=FFFDB610 HELPER_OUTPUT=0000FFFB
STEP5_BURST_SAMPLE board=DE5 [1-11.2] tag=A03 DCO_RAW=FF60000000000220 BURST_RAW=0000750000000000 POLARITY_RAW=0000000000000000 POLARITY_SOURCE=0 POLARITY_ACTIVE=0 STEP=0 BURST_TRIGGER_COUNT=0 FORCED_HPLL_PENDING_COUNT=0 FORCED_HPLL_COMPLETED_COUNT=0 RT_STATE_ENTER_COUNT=0 RUNTIME_START_COUNT=0 BUS_DONE_COUNT=117 PRECLAMP_ERROR=FCEB22DB PRECLAMP_ERROR_SIGNED=-51698981 RAW_TAG=000C069E RAW_TAG_SIGNED=788126 EXPECTED_TAG=07DD9DC3 EXPECTED_TAG_SIGNED=131964355 TAG_DELTA=00003B83 TAG_DELTA_SIGNED=15235 EXPECTED_DELTA=00004000 EXPECTED_DELTA_SIGNED=16384 HELPER_UPDATE_COUNT=0000AF4B HELPER_ERROR=FFFDB610 HELPER_OUTPUT=0000FFFB
STEP5_BURST_SAMPLE board=DE5 [1-11.2] tag=A04 DCO_RAW=FF60000000000220 BURST_RAW=0000750000000000 POLARITY_RAW=0000000000000000 POLARITY_SOURCE=0 POLARITY_ACTIVE=0 STEP=0 BURST_TRIGGER_COUNT=0 FORCED_HPLL_PENDING_COUNT=0 FORCED_HPLL_COMPLETED_COUNT=0 RT_STATE_ENTER_COUNT=0 RUNTIME_START_COUNT=0 BUS_DONE_COUNT=117 PRECLAMP_ERROR=FCA29124 PRECLAMP_ERROR_SIGNED=-56454876 RAW_TAG=0005B4E7 RAW_TAG_SIGNED=373991 EXPECTED_TAG=05E9FCC3 EXPECTED_TAG_SIGNED=99220675 TAG_DELTA=00003B6A TAG_DELTA_SIGNED=15210 EXPECTED_DELTA=00004000 EXPECTED_DELTA_SIGNED=16384 HELPER_UPDATE_COUNT=0000BF54 HELPER_ERROR=FFFDB610 HELPER_OUTPUT=0000FFFB
STEP5_BURST_SAMPLE board=DE5 [1-11.2] tag=A05 DCO_RAW=FF60000000000220 BURST_RAW=0000750000000000 POLARITY_RAW=0000000000000000 POLARITY_SOURCE=0 POLARITY_ACTIVE=0 STEP=0 BURST_TRIGGER_COUNT=0 FORCED_HPLL_PENDING_COUNT=0 FORCED_HPLL_COMPLETED_COUNT=0 RT_STATE_ENTER_COUNT=0 RUNTIME_START_COUNT=0 BUS_DONE_COUNT=117 PRECLAMP_ERROR=FC5A0132 PRECLAMP_ERROR_SIGNED=-61210318 RAW_TAG=003F64F5 RAW_TAG_SIGNED=4154613 EXPECTED_TAG=03F65BC3 EXPECTED_TAG_SIGNED=66476995 TAG_DELTA=00003B88 TAG_DELTA_SIGNED=15240 EXPECTED_DELTA=00004000 EXPECTED_DELTA_SIGNED=16384 HELPER_UPDATE_COUNT=0000CF5D HELPER_ERROR=FFFDB610 HELPER_OUTPUT=0000FFFB
STEP5_BURST_DELTA board=DE5 [1-11.2] before=A0 after=A05 STEP_BEFORE=0 STEP_AFTER=0 DELTA_STEP=0 DELTA_BURST_TRIGGER_COUNT=0 DELTA_FORCED_HPLL_PENDING_COUNT=0 DELTA_FORCED_HPLL_COMPLETED_COUNT=0 DELTA_RT_STATE_ENTER_COUNT=0 DELTA_RUNTIME_START_COUNT=0 DELTA_BUS_DONE_COUNT=0 PRECLAMP_ERROR_BEFORE=-37438501 PRECLAMP_ERROR_AFTER=-61210318 DELTA_PRECLAMP_ERROR=-23771817 RAW_TAG_BEFORE=2056094 RAW_TAG_AFTER=4154613 DELTA_RAW_TAG=2098519 EXPECTED_TAG_BEFORE=130228163 EXPECTED_TAG_AFTER=66476995 DELTA_EXPECTED_TAG=-63751168 TAG_DELTA_BEFORE=15237 TAG_DELTA_AFTER=15240 DELTA_TAG_DELTA=3 EXPECTED_DELTA_BEFORE=16384 EXPECTED_DELTA_AFTER=16384 DELTA_EXPECTED_DELTA=0 DELTA_HELPER_UPDATE_COUNT=20523
STEP5_BURST_SAMPLE board=DE5 [1-11.2] tag=B_BEFORE DCO_RAW=FF60000000000220 BURST_RAW=0000750000000000 POLARITY_RAW=0000000000000000 POLARITY_SOURCE=0 POLARITY_ACTIVE=0 STEP=0 BURST_TRIGGER_COUNT=0 FORCED_HPLL_PENDING_COUNT=0 FORCED_HPLL_COMPLETED_COUNT=0 RT_STATE_ENTER_COUNT=0 RUNTIME_START_COUNT=0 BUS_DONE_COUNT=117 PRECLAMP_ERROR=FC5A0132 PRECLAMP_ERROR_SIGNED=-61210318 RAW_TAG=003F64F5 RAW_TAG_SIGNED=4154613 EXPECTED_TAG=03F65BC3 EXPECTED_TAG_SIGNED=66476995 TAG_DELTA=00003B88 TAG_DELTA_SIGNED=15240 EXPECTED_DELTA=00004000 EXPECTED_DELTA_SIGNED=16384 HELPER_UPDATE_COUNT=0000CF5D HELPER_ERROR=FFFDB610 HELPER_OUTPUT=0000FFFB
STEP5_BURST_TRIGGER board=DE5 [1-11.2] source=FORCE_HPLL_ONE_STEP transition=0->1->0 controller_burst_size=64
STEP5_BURST_SAMPLE board=DE5 [1-11.2] tag=B001 DCO_RAW=FF60000004000220 BURST_RAW=004035C040404001 POLARITY_RAW=0000000000000000 POLARITY_SOURCE=0 POLARITY_ACTIVE=0 STEP=64 BURST_TRIGGER_COUNT=1 FORCED_HPLL_PENDING_COUNT=64 FORCED_HPLL_COMPLETED_COUNT=64 RT_STATE_ENTER_COUNT=64 RUNTIME_START_COUNT=192 BUS_DONE_COUNT=53 PRECLAMP_ERROR=FC11193C PRECLAMP_ERROR_SIGNED=-65988292 RAW_TAG=0038FCFF RAW_TAG_SIGNED=3734783 EXPECTED_TAG=07F8DBC3 EXPECTED_TAG_SIGNED=133749699 TAG_DELTA=00003B6C TAG_DELTA_SIGNED=15212 EXPECTED_DELTA=00004000 EXPECTED_DELTA_SIGNED=16384 HELPER_UPDATE_COUNT=0000DF67 HELPER_ERROR=FFFDB610 HELPER_OUTPUT=0000FFFB
STEP5_BURST_DELTA board=DE5 [1-11.2] before=B_BEFORE after=B001 STEP_BEFORE=0 STEP_AFTER=64 DELTA_STEP=64 DELTA_BURST_TRIGGER_COUNT=1 DELTA_FORCED_HPLL_PENDING_COUNT=64 DELTA_FORCED_HPLL_COMPLETED_COUNT=64 DELTA_RT_STATE_ENTER_COUNT=64 DELTA_RUNTIME_START_COUNT=192 DELTA_BUS_DONE_COUNT=192 PRECLAMP_ERROR_BEFORE=-61210318 PRECLAMP_ERROR_AFTER=-65988292 DELTA_PRECLAMP_ERROR=-4777974 RAW_TAG_BEFORE=4154613 RAW_TAG_AFTER=3734783 DELTA_RAW_TAG=-419830 EXPECTED_TAG_BEFORE=66476995 EXPECTED_TAG_AFTER=133749699 DELTA_EXPECTED_TAG=67272704 TAG_DELTA_BEFORE=15240 TAG_DELTA_AFTER=15212 DELTA_TAG_DELTA=-28 EXPECTED_DELTA_BEFORE=16384 EXPECTED_DELTA_AFTER=16384 DELTA_EXPECTED_DELTA=0 DELTA_HELPER_UPDATE_COUNT=4106
STEP5_BURST_SAMPLE board=DE5 [1-11.2] tag=H001 DCO_RAW=FF60000004000220 BURST_RAW=004035C040404001 POLARITY_RAW=0000000000000000 POLARITY_SOURCE=0 POLARITY_ACTIVE=0 STEP=64 BURST_TRIGGER_COUNT=1 FORCED_HPLL_PENDING_COUNT=64 FORCED_HPLL_COMPLETED_COUNT=64 RT_STATE_ENTER_COUNT=64 RUNTIME_START_COUNT=192 BUS_DONE_COUNT=53 PRECLAMP_ERROR=FC11193C PRECLAMP_ERROR_SIGNED=-65988292 RAW_TAG=0038FCFF RAW_TAG_SIGNED=3734783 EXPECTED_TAG=07F8DBC3 EXPECTED_TAG_SIGNED=133749699 TAG_DELTA=00003B6C TAG_DELTA_SIGNED=15212 EXPECTED_DELTA=00004000 EXPECTED_DELTA_SIGNED=16384 HELPER_UPDATE_COUNT=0000DF67 HELPER_ERROR=FFFDB610 HELPER_OUTPUT=0000FFFB
STEP5_BURST_SAMPLE board=DE5 [1-11.2] tag=H002 DCO_RAW=26A8000004000320 BURST_RAW=004035C040404001 POLARITY_RAW=0000000000000000 POLARITY_SOURCE=0 POLARITY_ACTIVE=0 STEP=64 BURST_TRIGGER_COUNT=1 FORCED_HPLL_PENDING_COUNT=64 FORCED_HPLL_COMPLETED_COUNT=64 RT_STATE_ENTER_COUNT=64 RUNTIME_START_COUNT=192 BUS_DONE_COUNT=53 PRECLAMP_ERROR=FBC776E4 PRECLAMP_ERROR_SIGNED=-70813980 RAW_TAG=00329AA7 RAW_TAG_SIGNED=3316391 EXPECTED_TAG=06063AC3 EXPECTED_TAG_SIGNED=101071555 TAG_DELTA=00003B64 TAG_DELTA_SIGNED=15204 EXPECTED_DELTA=00004000 EXPECTED_DELTA_SIGNED=16384 HELPER_UPDATE_COUNT=0000EF74 HELPER_ERROR=FFFDB610 HELPER_OUTPUT=0000FFFB
STEP5_BURST_DELTA board=DE5 [1-11.2] before=B001 after=H002 STEP_BEFORE=64 STEP_AFTER=64 DELTA_STEP=0 DELTA_BURST_TRIGGER_COUNT=0 DELTA_FORCED_HPLL_PENDING_COUNT=0 DELTA_FORCED_HPLL_COMPLETED_COUNT=0 DELTA_RT_STATE_ENTER_COUNT=0 DELTA_RUNTIME_START_COUNT=0 DELTA_BUS_DONE_COUNT=0 PRECLAMP_ERROR_BEFORE=-65988292 PRECLAMP_ERROR_AFTER=-70813980 DELTA_PRECLAMP_ERROR=-4825688 RAW_TAG_BEFORE=3734783 RAW_TAG_AFTER=3316391 DELTA_RAW_TAG=-418392 EXPECTED_TAG_BEFORE=133749699 EXPECTED_TAG_AFTER=101071555 DELTA_EXPECTED_TAG=-32678144 TAG_DELTA_BEFORE=15212 TAG_DELTA_AFTER=15204 DELTA_TAG_DELTA=-8 EXPECTED_DELTA_BEFORE=16384 EXPECTED_DELTA_AFTER=16384 DELTA_EXPECTED_DELTA=0 DELTA_HELPER_UPDATE_COUNT=4109
STEP5_HELPER_CORRELATION board=DE5 [1-11.2] COMPLETION_TAG=B001 FIRST_HELPER_TAG=H002 HELPER_UPDATE_SEEN=1 DELTA_HELPER_UPDATE_COUNT=4109
STEP5_BURST_RESULT board=DE5 [1-11.2] BURST_COMPLETED=1 POLL_TAG=B001
STEP5_BURST_EXPECTED board=DE5 [1-11.2] DELTA_BURST_TRIGGER_COUNT=1 DELTA_FORCED_HPLL_PENDING_COUNT=64 DELTA_FORCED_HPLL_COMPLETED_COUNT=64 DELTA_STEP>=64
STEP5_BURST_DONE board=DE5 [1-11.2]
STEP5_JTAG_HPLL_BOUNDED_BURST_AB_DONE
Info (23030): Evaluation of Tcl script scripts/jtag/read_step5_jtag_hpll_bounded_burst_ab.tcl was successful
Info: Quartus Prime Signal Tap was successful. 0 errors, 0 warnings
    Info: Peak virtual memory: 677 megabytes
    Info: Processing ended: Sun Aug 30 05:12:12 2026
    Info: Elapsed time: 00:00:07
    Info: System process ID: 628475
