Info: *******************************************************************
Info: Running Quartus Prime Signal Tap
    Info: Version 21.3.0 Build 170 09/23/2021 SC Pro Edition
    Info: Copyright (C) 2021  Intel Corporation. All rights reserved.
    Info: Your use of Intel Corporation's design tools, logic functions 
    Info: and other software and tools, and any partner logic 
    Info: functions, and any output files from any of the foregoing 
    Info: (including device programming or simulation files), and any 
    Info: associated documentation or information are expressly subject 
    Info: to the terms and conditions of the Intel Program License 
    Info: Subscription Agreement, the Intel Quartus Prime License Agreement,
    Info: the Intel FPGA IP License Agreement, or other applicable license
    Info: agreement, including, without limitation, that your use is for
    Info: the sole purpose of programming logic devices manufactured by
    Info: Intel and sold by Intel or its authorized distributors.  Please
    Info: refer to the applicable agreement for further details, at
    Info: https://fpgasoftware.intel.com/eula.
    Info: Processing started: Sun Aug 30 05:43:16 2026
    Info: System process ID: 655784
Info: Command: quartus_stp -t scripts/jtag/read_wb_runtime.tcl --raw
Info: Quartus(args): --raw
RAW mailbox completion toggle wb_sync_toggle=0

============================================================
White Rabbit Runtime 診斷：DE5 [1-11.1]
============================================================

## [Step 1] PHY / 光纖 Link
[pass] si_config_done           結果: 1/1
[pass] wr_ready                 結果: 1/1
[pass] core_tm_link_up          結果: 1/1
[pass] core_link_ok             結果: 1/1
[pass] wr_rx_ready              結果: 1/1
[pass] wr_tx_ready              結果: 1/1
[pass] core_phy_rst             結果: 0/0
[pass] si_id_error              結果: 0/0
[pass] wr_rx_enc_err            結果: 0/0
[pass] wr_tx_enc_err            結果: 0/0
[pass] CPU_RESET_n              結果: 1/1
[pass] wr_rx_locked_to_data     結果: 1/1
[info] wr_rx_locked_to_ref      結果: 0/NA
[info] MOD_PRS_n                結果: 0/NA
[info] INTERRUPT_n              結果: 1/NA
Step 1 pass

## [Step 2] Endpoint / MiniNIC / PTP
[pass] EP_MAC_H/EP_MAC_L        結果: 02:00:22:33:44:01/02:00:22:33:44:01
[pass] WDIAGS_MODE              結果: 2 MASTER/2 MASTER
[pass] WDIAGS_PTP               結果: 6 MASTER (raw=01014106)/6 MASTER
[pass] WDIAGS_PTP_RX            結果: Δ=11/Δ>0
RAW WDIAGS_PTP_RX            before=0x00000107 after=0x00000112 delta=11
[pass] WDIAGS_PTP_TX            結果: Δ=24/Δ>0
RAW WDIAGS_PTP_TX            before=0x00000254 after=0x0000026C delta=24
[pass] WDIAGS_TX                結果: Δ=30/Δ>0
RAW WDIAGS_TX                before=0x00000317 after=0x00000335 delta=30
[pass] WDIAGS_RX                結果: Δ=16/Δ>0
RAW WDIAGS_RX                before=0x00000198 after=0x000001A8 delta=16
[pass] WDIAGS_RXERR             結果: Δ=0/Δ=0
RAW WDIAGS_RXERR             before=0x00000000 after=0x00000000 delta=0
Step 2 pass

## [Step 3] WR Parent / Signaling
Step 3 NA

## [Step 4A] Master SoftPLL Event Chain
[pass] DMTD_REF_ACCEPT_EVENT    結果: Δ=21643/Δ>=0
RAW DMTD_REF_ACCEPT_EVENT    before=0x007DB593 after=0x007E0A1E delta=21643
[pass] DMTD_FB_ACCEPT_EVENT     結果: Δ=22183/Δ>=0
RAW DMTD_FB_ACCEPT_EVENT     before=0x004A84EA after=0x004ADB91 delta=22183
[pass] DMTD_ACCEPT              結果: Δ=43826/Δ>0
[pass] SPLL_TAG_VALID_COUNT     結果: Δ=22183/Δ>0
RAW SPLL_TAG_VALID_COUNT     before=0x000B1AC4 after=0x000B716B delta=22183
[pass] SPLL_TRR_WRITE_COUNT     結果: Δ=22183/Δ>0
RAW SPLL_TRR_WRITE_COUNT     before=0x000B1ADB after=0x000B7182 delta=22183
[pass] WRPC_SPLL_TRR_POP_COUNT  結果: Δ=24000/Δ>0
RAW WRPC_SPLL_TRR_POP_COUNT  before=0x000B0E22 after=0x000B6BE2 delta=24000
[pass] WDIAGS_IRQ_COUNT         結果: Δ=24000/Δ>0
RAW WDIAGS_IRQ_COUNT         before=0x000B0E22 after=0x000B6BE2 delta=24000
[pass] WDIAGS_HELPER_UPDATE_COUNT 結果: Δ=24000/Δ>0
RAW WDIAGS_HELPER_UPDATE_COUNT before=0x000B0E22 after=0x000B6BE2 delta=24000
[pass] BOOT_GENERATION          結果: Δ=0/Δ=0
RAW BOOT_GENERATION          before=0x00000001 after=0x00000001 delta=0
[pass] CPU_RESET_COUNT          結果: Δ=0/Δ=0
RAW CPU_RESET_COUNT          before=0x00000001 after=0x00000001 delta=0
[pass] WR_CORE_RESET_COUNT      結果: Δ=0/Δ=0
RAW WR_CORE_RESET_COUNT      before=0x00000001 after=0x00000001 delta=0
[pass] SI_CONFIG_DROP_COUNT     結果: Δ=0/Δ=0
RAW SI_CONFIG_DROP_COUNT     before=0x00000001 after=0x00000001 delta=0
STEP4A_MASTER_EVENT_CHAIN = PASS
Step 4 pass

## [Step 5] Closed-loop Lock
STEP5_RESULT = NOT_APPLICABLE_MASTER
STEP5_FIRST_INACTIVE_BOUNDARY = SLAVE_ONLY
Step 5 NA (Step5 closed-loop gate is for Slave)

## [Step 6] Global Time
Step 6 NA

============================================================
White Rabbit Runtime 診斷：DE5 [1-11.1]
============================================================
Step 1 PHY / Link             pass
Step 2 Endpoint / PTP         pass
Step 3 WR Handshake           NA
Step 4 Step4A Master Event Chain pass
Step 5 Closed-loop Lock       NA
Step 6 Global Time            NA
STEP1_REGRESSION = PASS
STEP2_REGRESSION = PASS
STEP3_REGRESSION = PASS
STEP4A_RESULT = PASS
STEP5_RESULT = NOT_APPLICABLE_MASTER
STEP5_FIRST_INACTIVE_BOUNDARY = SLAVE_ONLY
FAILURE_CLASSIFICATION = NO_FAILURE_EVIDENCE
============================================================

================ RAW_SNAPSHOT ================
RAW_SNAPSHOT board=DE5 [1-11.1] label=before
  status           = 601E7241235082FF
  cpu              = 0000007C000101B0
  marker           = 000000010000B004
  store            = 0002C9A50001D330
  store_count      = 0000000026169897
  exception        = 8000000B00003DFC
  clock            = 003B80A6B2DFC92F
  boot_generation  = 00000001
  cpu_reset_count  = 00000001
  wr_core_reset_count = 00000001
  si_config_drop_count = 00000001
  pps_cr           = 01312D06
  pps_escr         = 0000000C
  ep_mach          = 02000200
  ep_macl          = 22334401
  ep_dsr           = 42000000
  ptp              = 01014106
  ptp_rx           = 00000107
  ptp_tx           = 00000254
  ptp_meta         = 02020406
  tx               = 00000317
  rx               = 00000198
  rxerr            = 00000000
  ptp_types        = 01010101
  foreign_meta     = 0000FF00
  filter_meta      = 00000000
  parse_meta       = 000101CE
  wr_rx_signal     = 10000001
  wr_tx_signal     = 10010004
  wr_failure       = 01030001
  wr_state         = A0000064
  wr_reject        = 00000000
  pstat            = 00000001
  sstat            = 00000000
  sec_h            = 00000000
  sec_l            = 000000B5
  ns               = 08671370
  lock_enable      = 00000000
  lock_result      = 00000000
  lock_polls       = 00000000
  lock_unlocked    = 00000000
  lock_calibration_fail = 00000000
  spll_state       = 00020004
  spll_ocer        = 6917C601
  spll_rcer        = 00000000
  spll_occr        = 54000118
  spll_trr_csr     = 000A0E22
  spll_dac_hpll    = 3ED2CC0C
  spll_dac_main    = 00000005
  spll_helper_state = 00000100
  spll_helper_limits = 271000C8
  spll_main_state  = 00000000
  spll_main_limits = 00320032
  spll_main_phase_limits = 03E804B0
  spll_state_visit_mask = 00000618
  spll_state_transitions = 00000618
  spll_last_state  = 00000004
  spll_init_count  = 00000001
  dmtd_ref         = 007DB593
  dmtd_fb          = 004A84EA
  dmtd_ref_high_qual_abort = 0286804E
  dmtd_fb_high_qual_abort = 00562DCF
  tag_valid        = 000B1AC4
  trr_write        = 000B1ADB
  irq              = 000B0E22
  helper_update    = 000B0E22
  spll_helper_error = FFFDB610
  spll_helper_output = 0000FFFB
  eic_isr          = FFFF0000
  current_tics     = 0002C85F
RAW_SNAPSHOT board=DE5 [1-11.1] label=after
  status           = 601E726133BC82FF
  cpu              = 0000007C00003DF8
  marker           = 000000010000B004
  store            = 000000000001E18C
  store_count      = 00000000276A3739
  exception        = 8000000B000185F0
  clock            = 002ECFAD013D183A
  boot_generation  = 00000001
  cpu_reset_count  = 00000001
  wr_core_reset_count = 00000001
  si_config_drop_count = 00000001
  pps_cr           = 01312D06
  pps_escr         = 0000000C
  ep_mach          = 02000200
  ep_macl          = 22334401
  ep_dsr           = 42000000
  ptp              = 01014106
  ptp_rx           = 00000112
  ptp_tx           = 0000026C
  ptp_meta         = 02020406
  tx               = 00000335
  rx               = 000001A8
  rxerr            = 00000000
  ptp_types        = 01010101
  foreign_meta     = 0000FF00
  filter_meta      = 00000000
  parse_meta       = 000101E5
  wr_rx_signal     = 10000001
  wr_tx_signal     = 10010004
  wr_failure       = 01030001
  wr_state         = A0000064
  wr_reject        = 00000000
  pstat            = 00000001
  sstat            = 00000000
  sec_h            = 00000000
  sec_l            = 000000BB
  ns               = 08681190
  lock_enable      = 00000000
  lock_result      = 00000000
  lock_polls       = 00000000
  lock_unlocked    = 00000000
  lock_calibration_fail = 00000000
  spll_state       = 00020004
  spll_ocer        = 4DAF2201
  spll_rcer        = 00000000
  spll_occr        = 2C0001D5
  spll_trr_csr     = 000A6AE2
  spll_dac_hpll    = 6B86FEB9
  spll_dac_main    = 6B86FEB9
  spll_helper_state = 00000100
  spll_helper_limits = 271000C8
  spll_main_state  = 00000000
  spll_main_limits = 00320032
  spll_main_phase_limits = 03E804B0
  spll_state_visit_mask = 00000618
  spll_state_transitions = 00000003
  spll_last_state  = 00000004
  spll_init_count  = 00000001
  dmtd_ref         = 007E0A1E
  dmtd_fb          = 004ADB91
  dmtd_ref_high_qual_abort = 028A22AC
  dmtd_fb_high_qual_abort = 0058CE31
  tag_valid        = 000B716B
  trr_write        = 000B7182
  irq              = 000B6BE2
  helper_update    = 000B6BE2
  spll_helper_error = FFFDB610
  spll_helper_output = 0000FFFB
  eic_isr          = FFFF0000
  current_tics     = 0002DFCF
RAW mailbox completion toggle wb_sync_toggle=0

============================================================
White Rabbit Runtime 診斷：DE5 [1-11.2]
============================================================

## [Step 1] PHY / 光纖 Link
[pass] si_config_done           結果: 1/1
[pass] wr_ready                 結果: 1/1
[pass] core_tm_link_up          結果: 1/1
[pass] core_link_ok             結果: 1/1
[pass] wr_rx_ready              結果: 1/1
[pass] wr_tx_ready              結果: 1/1
[pass] core_phy_rst             結果: 0/0
[pass] si_id_error              結果: 0/0
[pass] wr_rx_enc_err            結果: 0/0
[pass] wr_tx_enc_err            結果: 0/0
[pass] CPU_RESET_n              結果: 1/1
[pass] wr_rx_locked_to_data     結果: 1/1
[info] wr_rx_locked_to_ref      結果: 0/NA
[info] MOD_PRS_n                結果: 0/NA
[info] INTERRUPT_n              結果: 1/NA
Step 1 pass

## [Step 2] Endpoint / MiniNIC / PTP
[pass] EP_MAC_H/EP_MAC_L        結果: 02:00:22:33:44:02/02:00:22:33:44:02
[pass] WDIAGS_MODE              結果: 3 SLAVE/3 SLAVE
[pass] WDIAGS_PTP               結果: 9 SLAVE (raw=00004109)/9 SLAVE
[pass] WDIAGS_PTP_RX            結果: Δ=27/Δ>0
RAW WDIAGS_PTP_RX            before=0x00000270 after=0x0000028B delta=27
[pass] WDIAGS_PTP_TX            結果: Δ=5/Δ>0
RAW WDIAGS_PTP_TX            before=0x0000009B after=0x000000A0 delta=5
[pass] WDIAGS_TX                結果: Δ=19/Δ>0
RAW WDIAGS_TX                before=0x000001C1 after=0x000001D4 delta=19
[pass] WDIAGS_RX                結果: Δ=33/Δ>0
RAW WDIAGS_RX                before=0x00000303 after=0x00000324 delta=33
[pass] WDIAGS_RXERR             結果: Δ=0/Δ=0
RAW WDIAGS_RXERR             before=0x00000000 after=0x00000000 delta=0
Step 2 pass

## [Step 3] WR Parent / Signaling
[pass] WDIAGS_FOREIGN_META      結果: 1/1
[pass] WDIAGS_FOREIGN_META      結果: 0/0
[info] WDIAGS_FOREIGN_META      結果: detection=0 config=3/NA
[pass] parentIsWRnode           結果: 1/1
[info] parentWrModeOn           結果: 0/NA
[pass] parentCalibrated         結果: 1/1
[pass] WR_RX_SIGNAL_DEBUG       結果: LOCK count=1/LOCK 0x1001,count>0
[pass] WR_TX_SIGNAL_DEBUG       結果: SLAVE_PRESENT count=1/SLAVE_PRESENT 0x1000,count>0
[info] WDIAGS_TEMP              結果: WRS_IDLE next=WRS_IDLE POST_STEP3_TIMEOUT/NA
[pass] LOCK_ENABLE              結果: 4/> 0
[info] WR_FAILURE_DEBUG         結果: TIMEOUT last_fail_state=WRS_S_LOCK failure_count=1/NA
Step 3 pass

## [Step 4B] Slave SoftPLL Startup
[pass] LOCK_ENABLE_COUNT        結果: 4/> 0
[pass] SPLL_MODE                結果: 3 (SPLL_MODE_SLAVE)/3 SPLL_MODE_SLAVE
[pass] SPLL_SEQ_STATE           結果: 4 (SEQ_WAIT_HELPER)/active, not 0/7
[pass] SPLL_STATE_VISIT_MASK    結果: 0x00000618/> 0
[pass] SPLL_INIT_COUNT          結果: 4/> 0
[pass] RCER                     結果: 0x00000001/> 0
[pass] OCER                     結果: 0x36405C01/> 0
[info] SPLL_ALIGN_STATE         結果: 0/NA
[info] SPLL_STATE_TRANSITIONS   結果: 0x00000003/NA
[info] SPLL_LAST_STATE          結果: 4 (SEQ_WAIT_HELPER)/NA
[info] OCCR                     結果: 0x51000110/NA
[pass] DMTD_REF_ACCEPT_EVENT    結果: Δ=22759/Δ>=0
RAW DMTD_REF_ACCEPT_EVENT    before=0x025A328C after=0x025A8B73 delta=22759
[pass] DMTD_FB_ACCEPT_EVENT     結果: Δ=22216/Δ>=0
RAW DMTD_FB_ACCEPT_EVENT     before=0x0286528E after=0x0286A956 delta=22216
[pass] DMTD_ACCEPT              結果: Δ=44975/Δ>0
[pass] SPLL_TAG_VALID_COUNT     結果: Δ=44978/Δ>0
RAW SPLL_TAG_VALID_COUNT     before=0x0010CB33 after=0x00117AE5 delta=44978
[pass] SPLL_TRR_WRITE_COUNT     結果: Δ=44979/Δ>0
RAW SPLL_TRR_WRITE_COUNT     before=0x0010CB60 after=0x00117B13 delta=44979
[pass] WRPC_SPLL_TRR_POP_COUNT  結果: Δ=48587/Δ>0
RAW WRPC_SPLL_TRR_POP_COUNT  before=0x0010AC0C after=0x001169D7 delta=48587
[pass] WDIAGS_IRQ_COUNT         結果: Δ=39746/Δ>0
RAW WDIAGS_IRQ_COUNT         before=0x00107C99 after=0x001117DB delta=39746
[pass] WDIAGS_HELPER_UPDATE_COUNT 結果: Δ=20489/Δ>0
RAW WDIAGS_HELPER_UPDATE_COUNT before=0x0005AF4E after=0x0005FF57 delta=20489
[pass] BOOT_GENERATION          結果: Δ=0/Δ=0
RAW BOOT_GENERATION          before=0x00000001 after=0x00000001 delta=0
[pass] CPU_RESET_COUNT          結果: Δ=0/Δ=0
RAW CPU_RESET_COUNT          before=0x00000001 after=0x00000001 delta=0
[pass] WR_CORE_RESET_COUNT      結果: Δ=0/Δ=0
RAW WR_CORE_RESET_COUNT      before=0x00000001 after=0x00000001 delta=0
[pass] SI_CONFIG_DROP_COUNT     結果: Δ=0/Δ=0
RAW SI_CONFIG_DROP_COUNT     before=0x00000001 after=0x00000001 delta=0
STEP4B_ALLOWED = YES
STEP4B_RESULT = PASS
STEP4B_FIRST_INACTIVE_BOUNDARY = ACTIVE
Step 4B pass
Step 4 pass

## [Step 5] Closed-loop Lock
STEP5_LOCKDET_BEFORE: HELPER locked=0 changed=0 cnt=0/10000 threshold=200 ref_src=0 MAIN enabled=0 locked=0 freq=0 phase=0 freq_cnt=0/50 phase_cnt=0/1000 PSTAT_locked=0
STEP5_LOCKDET_AFTER: HELPER locked=0 changed=0 cnt=0/10000 threshold=200 ref_src=0 MAIN enabled=0 locked=0 freq=0 phase=0 freq_cnt=0/50 phase_cnt=0/1000 PSTAT_locked=0
[error] WDIAGS_PSTAT             結果: 0/1
STEP5_RESULT = NEVER_LOCKED
STEP5_FIRST_INACTIVE_BOUNDARY = HELPER_LOCK
Step 5 NA (single window is not stable-lock proof)

## [Step 6] Global Time
Step 6 NA

============================================================
White Rabbit Runtime 診斷：DE5 [1-11.2]
============================================================
Step 1 PHY / Link             pass
Step 2 Endpoint / PTP         pass
Step 3 WR Handshake           pass
Step 4 Step4B Slave SoftPLL Startup pass
Step 5 Closed-loop Lock       NA
Step 6 Global Time            NA
STEP1_REGRESSION = PASS
STEP2_REGRESSION = PASS
STEP3_REGRESSION = PASS
STEP4B_ALLOWED = YES
STEP4B_RESULT = PASS
STEP4B_FIRST_INACTIVE_BOUNDARY = ACTIVE
STEP5_RESULT = NEVER_LOCKED
STEP5_FIRST_INACTIVE_BOUNDARY = HELPER_LOCK
FAILURE_CLASSIFICATION = NO_FAILURE_EVIDENCE
============================================================

================ RAW_SNAPSHOT ================
RAW_SNAPSHOT board=DE5 [1-11.2] label=before
  status           = C41084C1205082CF
  cpu              = 0000007C00003E08
  marker           = 000000010000B004
  store            = 000000930001E21C
  store_count      = 00000000244806BC
  exception        = 8000000B00018538
  clock            = 002B8BAA7BF78E03
  boot_generation  = 00000001
  cpu_reset_count  = 00000001
  wr_core_reset_count = 00000001
  si_config_drop_count = 00000001
  pps_cr           = 01312D02
  pps_escr         = 00000000
  ep_mach          = 02000200
  ep_macl          = 22334402
  ep_dsr           = 42000000
  ptp              = 00004109
  ptp_rx           = 00000270
  ptp_tx           = 0000009B
  ptp_meta         = 03020409
  tx               = 000001C1
  rx               = 00000303
  rxerr            = 00000000
  ptp_types        = 048D468D
  foreign_meta     = 03000001
  filter_meta      = 00000000
  parse_meta       = 0501466E
  wr_rx_signal     = 10010001
  wr_tx_signal     = 10000001
  wr_failure       = 02020001
  wr_state         = A000035C
  wr_reject        = 00000000
  pstat            = 00000001
  sstat            = 00000001
  sec_h            = 00000000
  sec_l            = 000000BB
  ns               = 0F39E198
  lock_enable      = 00000004
  lock_result      = 00000001
  lock_polls       = 000D8718
  lock_unlocked    = 000D8718
  lock_calibration_fail = 00000000
  spll_state       = 00030004
  spll_ocer        = E788FC01
  spll_rcer        = 00000001
  spll_occr        = 3500010F
  spll_trr_csr     = 0012AC0C
  spll_dac_hpll    = 418AB9B6
  spll_dac_main    = 00000004
  spll_helper_state = 00000000
  spll_helper_limits = 271000C8
  spll_main_state  = 00000000
  spll_main_limits = 00320032
  spll_main_phase_limits = 03E804B0
  spll_state_visit_mask = 00000618
  spll_state_transitions = 00000003
  spll_last_state  = 00000004
  spll_init_count  = 00000004
  dmtd_ref         = 025A328C
  dmtd_fb          = 0286528E
  dmtd_ref_high_qual_abort = 00119265
  dmtd_fb_high_qual_abort = 00057508
  tag_valid        = 0010CB33
  trr_write        = 0010CB60
  irq              = 00107C99
  helper_update    = 0005AF4E
  spll_helper_error = FFFDB610
  spll_helper_output = 0000FFFB
  eic_isr          = FFFF0000
  current_tics     = 00024327
RAW_SNAPSHOT board=DE5 [1-11.2] label=after
  status           = 041084E1205082EF
  cpu              = 0000007C00008328
  marker           = 000000010000B004
  store            = 000000000001E1EC
  store_count      = 0000000025A3041D
  exception        = 8000000B00003E00
  clock            = 003DD84FC7EADAA3
  boot_generation  = 00000001
  cpu_reset_count  = 00000001
  wr_core_reset_count = 00000001
  si_config_drop_count = 00000001
  pps_cr           = 01312D06
  pps_escr         = 00000000
  ep_mach          = 02000200
  ep_macl          = 22334402
  ep_dsr           = 42000000
  ptp              = 00004109
  ptp_rx           = 0000028B
  ptp_tx           = 000000A0
  ptp_meta         = 03020409
  tx               = 000001D4
  rx               = 00000324
  rxerr            = 00000000
  ptp_types        = 04934993
  foreign_meta     = 03000001
  filter_meta      = 00000000
  parse_meta       = 05014988
  wr_rx_signal     = 10010001
  wr_tx_signal     = 10000001
  wr_failure       = 02020001
  wr_state         = A000035C
  wr_reject        = 00000000
  pstat            = 00000001
  sstat            = 00000001
  sec_h            = 00000000
  sec_l            = 000000C1
  ns               = 0F3A9ED0
  lock_enable      = 00000004
  lock_result      = 00000001
  lock_polls       = 000D8718
  lock_unlocked    = 000D8718
  lock_calibration_fail = 00000000
  spll_state       = 00030004
  spll_ocer        = 36405C01
  spll_rcer        = 00000001
  spll_occr        = 51000110
  spll_trr_csr     = 001268D6
  spll_dac_hpll    = 6E3EE859
  spll_dac_main    = 00000004
  spll_helper_state = 00000000
  spll_helper_limits = 271000C8
  spll_main_state  = 00000000
  spll_main_limits = 00320032
  spll_main_phase_limits = 03E804B0
  spll_state_visit_mask = 00000618
  spll_state_transitions = 00000003
  spll_last_state  = 00000004
  spll_init_count  = 00000004
  dmtd_ref         = 025A8B73
  dmtd_fb          = 0286A956
  dmtd_ref_high_qual_abort = 001248F9
  dmtd_fb_high_qual_abort = 0005AE0B
  tag_valid        = 00117AE5
  trr_write        = 00117B13
  irq              = 001117DB
  helper_update    = 0005FF57
  spll_helper_error = FFFDB610
  spll_helper_output = 0000FFFB
  eic_isr          = FFFF0000
  current_tics     = 000256AF

============================================================
STEP4A_RESULT = PASS
STEP4B_ALLOWED = YES
STEP4B_RESULT = PASS
STEP4B_FIRST_INACTIVE_BOUNDARY = ACTIVE
STEP5_RESULT = NOT_APPLICABLE_MASTER
STEP5_FIRST_INACTIVE_BOUNDARY = SLAVE_ONLY
STEP5_RESULT = NEVER_LOCKED
STEP5_FIRST_INACTIVE_BOUNDARY = HELPER_LOCK
============================================================
Info (23030): Evaluation of Tcl script scripts/jtag/read_wb_runtime.tcl was successful
Info: Quartus Prime Signal Tap was successful. 0 errors, 0 warnings
    Info: Peak virtual memory: 677 megabytes
    Info: Processing ended: Sun Aug 30 05:43:28 2026
    Info: Elapsed time: 00:00:12
    Info: System process ID: 655784
