Info: *******************************************************************
Info: Running Quartus Prime SignalTap II
    Info: Version 17.0.0 Build 595 04/25/2017 SJ Standard Edition
    Info: Copyright (C) 2017  Intel Corporation. All rights reserved.
    Info: Your use of Intel Corporation's design tools, logic functions 
    Info: and other software and tools, and its AMPP partner logic 
    Info: functions, and any output files from any of the foregoing 
    Info: (including device programming or simulation files), and any 
    Info: associated documentation or information are expressly subject 
    Info: to the terms and conditions of the Intel Program License 
    Info: Subscription Agreement, the Intel Quartus Prime License Agreement,
    Info: the Intel MegaCore Function License Agreement, or other 
    Info: applicable license agreement, including, without limitation, 
    Info: that your use is for the sole purpose of programming logic 
    Info: devices manufactured by Intel and sold by Intel or its 
    Info: authorized distributors.  Please refer to the applicable 
    Info: agreement for further details.
    Info: Processing started: Fri Oct  2 12:07:28 2026
Info: Command: quartus_stp -t scripts/jtag/read_wb_runtime.tcl --raw
Info: Quartus(args): --raw
RAW mailbox completion toggle wb_sync_toggle=0

============================================================
White Rabbit Runtime 診斷：DE5 [1-11.1]
============================================================

## [Step 1] PHY / 光纖 Link
[pass] si_config_done           結果: 1/1
[pass] wr_ready                 結果: 1/1
[pass] core_tm_link_up          結果: 1/1
[pass] core_link_ok             結果: 1/1
[pass] wr_rx_ready              結果: 1/1
[pass] wr_tx_ready              結果: 1/1
[pass] core_phy_rst             結果: 0/0
[pass] si_id_error              結果: 0/0
[pass] wr_rx_enc_err            結果: 0/0
[pass] wr_tx_enc_err            結果: 0/0
[pass] CPU_RESET_n              結果: 1/1
[pass] wr_rx_locked_to_data     結果: 1/1
[info] wr_rx_locked_to_ref      結果: 1/NA
[info] MOD_PRS_n                結果: 0/NA
[info] INTERRUPT_n              結果: 1/NA
Step 1 pass

## [Step 2] Endpoint / MiniNIC / PTP
[pass] EP_MAC_H/EP_MAC_L        結果: 02:00:22:33:44:01/02:00:22:33:44:01
[pass] WDIAGS_MODE              結果: 2 MASTER/2 MASTER
[pass] WDIAGS_PTP               結果: 6 MASTER (raw=01014106)/6 MASTER
[pass] WDIAGS_PTP_RX            結果: Δ=14/Δ>0
RAW WDIAGS_PTP_RX            before=0x000009C1 after=0x000009CF delta=14
[pass] WDIAGS_PTP_TX            結果: Δ=29/Δ>0
RAW WDIAGS_PTP_TX            before=0x000015E4 after=0x00001601 delta=29
[pass] WDIAGS_TX                結果: Δ=36/Δ>0
RAW WDIAGS_TX                before=0x00001BC4 after=0x00001BE8 delta=36
[pass] WDIAGS_RX                結果: Δ=19/Δ>0
RAW WDIAGS_RX                before=0x00000EA6 after=0x00000EB9 delta=19
[pass] WDIAGS_RXERR             結果: Δ=0/Δ=0
RAW WDIAGS_RXERR             before=0x00000000 after=0x00000000 delta=0
Step 2 pass

## [Step 3] WR Parent / Signaling
Step 3 NA

## [Step 4A] Master SoftPLL Event Chain
[pass] DMTD_REF_ACCEPT_EVENT    結果: Δ=23537/Δ>=0
RAW DMTD_REF_ACCEPT_EVENT    before=0x00BED8FD after=0x00BF34EE delta=23537
[pass] DMTD_FB_ACCEPT_EVENT     結果: Δ=23539/Δ>=0
RAW DMTD_FB_ACCEPT_EVENT     before=0x008AC980 after=0x008B2573 delta=23539
[pass] DMTD_ACCEPT              結果: Δ=47076/Δ>0
[pass] SPLL_TAG_VALID_COUNT     結果: Δ=47096/Δ>0
RAW SPLL_TAG_VALID_COUNT     before=0x009330FA after=0x0093E8F2 delta=47096
[pass] SPLL_TRR_WRITE_COUNT     結果: Δ=47108/Δ>0
RAW SPLL_TRR_WRITE_COUNT     before=0x00933150 after=0x0093E954 delta=47108
[pass] WRPC_SPLL_TRR_POP_COUNT  結果: Δ=47256/Δ>0
RAW WRPC_SPLL_TRR_POP_COUNT  before=0x0093300C after=0x0093E8A4 delta=47256
[pass] WDIAGS_IRQ_COUNT         結果: Δ=47256/Δ>0
RAW WDIAGS_IRQ_COUNT         before=0x00927FC5 after=0x0093385D delta=47256
[pass] WDIAGS_HELPER_UPDATE_COUNT 結果: Δ=23628/Δ>0
RAW WDIAGS_HELPER_UPDATE_COUNT before=0x004B3EC2 after=0x004B9B0E delta=23628
[pass] BOOT_GENERATION          結果: Δ=0/Δ=0
RAW BOOT_GENERATION          before=0x00000001 after=0x00000001 delta=0
[pass] CPU_RESET_COUNT          結果: Δ=0/Δ=0
RAW CPU_RESET_COUNT          before=0x00000001 after=0x00000001 delta=0
[pass] WR_CORE_RESET_COUNT      結果: Δ=0/Δ=0
RAW WR_CORE_RESET_COUNT      before=0x00000001 after=0x00000001 delta=0
[pass] SI_CONFIG_DROP_COUNT     結果: Δ=0/Δ=0
RAW SI_CONFIG_DROP_COUNT     before=0x00000001 after=0x00000001 delta=0
STEP4A_MASTER_EVENT_CHAIN = PASS
Step 4 pass

## [Step 5] Closed-loop Lock
STEP5_RESULT = NOT_APPLICABLE_MASTER
STEP5_FIRST_INACTIVE_BOUNDARY = SLAVE_ONLY
Step 5 NA (Step5 closed-loop gate is for Slave)

## [Step 6] Global Time
Step 6 NA

============================================================
White Rabbit Runtime 診斷：DE5 [1-11.1]
============================================================
Step 1 PHY / Link             pass
Step 2 Endpoint / PTP         pass
Step 3 WR Handshake           NA
Step 4 Step4A Master Event Chain pass
Step 5 Closed-loop Lock       NA
Step 6 Global Time            NA
STEP1_REGRESSION = PASS
STEP2_REGRESSION = PASS
STEP3_REGRESSION = PASS
STEP4A_RESULT = PASS
STEP5_RESULT = NOT_APPLICABLE_MASTER
STEP5_FIRST_INACTIVE_BOUNDARY = SLAVE_ONLY
FAILURE_CLASSIFICATION = NO_FAILURE_EVIDENCE
============================================================

================ RAW_SNAPSHOT ================
RAW_SNAPSHOT board=DE5 [1-11.1] label=before
  status           = F1424443225082FF
  cpu              = 0000007C00005230
  marker           = 000000010000B004
  store            = 0A356ED00002FFB8
  store_count      = 000000003A50F6D4
  exception        = 8000000B0001B060
  clock            = 003B25D292BB2947
  boot_generation  = 00000001
  cpu_reset_count  = 00000001
  wr_core_reset_count = 00000001
  si_config_drop_count = 00000001
  pps_cr           = 01312D06
  pps_escr         = 0000040C
  ep_mach          = 02000200
  ep_macl          = 22334401
  ep_dsr           = 42000000
  ptp              = 01014106
  ptp_rx           = 000009C1
  ptp_tx           = 000015E4
  ptp_meta         = 02010306
  tx               = 00001BC4
  rx               = 00000EA6
  rxerr            = 00000000
  ptp_types        = 04020202
  foreign_meta     = 00000001
  filter_meta      = 00000000
  parse_meta       = 02010295
  wr_rx_signal     = 10040004
  wr_tx_signal     = 10050004
  wr_failure       = 00000000
  wr_state         = A0200067
  wr_reject        = 00000000
  pstat            = 00000001
  sstat            = 00000000
  sec_h            = 00000000
  sec_l            = 000004F8
  ns               = 21C5F240
  lock_enable      = 00000000
  lock_result      = 00000000
  lock_polls       = 00000000
  lock_unlocked    = 00000000
  lock_calibration_fail = 00000000
  spll_state       = 00020004
  spll_ocer        = C46E0601
  spll_rcer        = 00000001
  spll_occr        = FF0001FF
  spll_trr_csr     = 009226F8
  spll_dac_hpll    = 0C569D70
  spll_dac_main    = 00000025
  spll_helper_state = 00060100
  spll_helper_limits = 03E807D0
  spll_main_state  = 00000000
  spll_main_limits = 00320032
  spll_main_phase_limits = 03E804B0
  spll_state_visit_mask = 00000618
  spll_state_transitions = 00000003
  spll_last_state  = 00000004
  spll_init_count  = 00000001
  dmtd_ref         = 00BED8FD
  dmtd_fb          = 008AC980
  dmtd_ref_high_qual_abort = 00A784AD
  dmtd_fb_high_qual_abort = 02BE8017
  tag_valid        = 009330FA
  trr_write        = 00933150
  irq              = 00927FC5
  helper_update    = 004B3EC2
  spll_helper_error = FFFDB610
  spll_helper_output = 0000FFFB
  eic_isr          = FFFF0000
  current_tics     = 0013720D
RAW_SNAPSHOT board=DE5 [1-11.1] label=after
  status           = 914244C3225082FF
  cpu              = 0000007C0000522C
  marker           = 000000010000B004
  store            = 001000000002FF6C
  store_count      = 000000003BD483EE
  exception        = 8000000B00005C58
  clock            = 003C24C590F8283A
  boot_generation  = 00000001
  cpu_reset_count  = 00000001
  wr_core_reset_count = 00000001
  si_config_drop_count = 00000001
  pps_cr           = 01312D06
  pps_escr         = 0000040C
  ep_mach          = 02000200
  ep_macl          = 22334401
  ep_dsr           = 42000000
  ptp              = 01014106
  ptp_rx           = 000009CF
  ptp_tx           = 00001601
  ptp_meta         = 02010306
  tx               = 00001BE8
  rx               = 00000EB9
  rxerr            = 00000000
  ptp_types        = 04020202
  foreign_meta     = 00000001
  filter_meta      = 00000000
  parse_meta       = 020102A8
  wr_rx_signal     = 10040004
  wr_tx_signal     = 10050004
  wr_failure       = 00000000
  wr_state         = A0200067
  wr_reject        = 00000000
  pstat            = 00000001
  sstat            = 00000000
  sec_h            = 00000000
  sec_l            = 000004FE
  ns               = 27BCB790
  lock_enable      = 00000000
  lock_result      = 00000000
  lock_polls       = 00000000
  lock_unlocked    = 00000000
  lock_calibration_fail = 00000000
  spll_state       = 00020004
  spll_ocer        = 26166001
  spll_rcer        = 00000001
  spll_occr        = FF0001FF
  spll_trr_csr     = 0092DE90
  spll_dac_hpll    = 39C99031
  spll_dac_main    = 00000025
  spll_helper_state = 00060100
  spll_helper_limits = 03E807D0
  spll_main_state  = 00000000
  spll_main_limits = 00320032
  spll_main_phase_limits = 03E804B0
  spll_state_visit_mask = 00000618
  spll_state_transitions = 00000003
  spll_last_state  = 00000004
  spll_init_count  = 00000001
  dmtd_ref         = 00BF34EE
  dmtd_fb          = 008B2573
  dmtd_ref_high_qual_abort = 00A84528
  dmtd_fb_high_qual_abort = 02C1D9BF
  tag_valid        = 0093E8F2
  trr_write        = 0093E954
  irq              = 0093385D
  helper_update    = 004B9B0E
  spll_helper_error = FFFDB610
  spll_helper_output = 0000FFFB
  eic_isr          = FFFF0000
  current_tics     = 001389E1
RAW mailbox completion toggle wb_sync_toggle=1

============================================================
White Rabbit Runtime 診斷：DE5 [1-11.2]
============================================================

## [Step 1] PHY / 光纖 Link
[pass] si_config_done           結果: 1/1
[pass] wr_ready                 結果: 1/1
[pass] core_tm_link_up          結果: 1/1
[pass] core_link_ok             結果: 1/1
[pass] wr_rx_ready              結果: 1/1
[pass] wr_tx_ready              結果: 1/1
[pass] core_phy_rst             結果: 0/0
[pass] si_id_error              結果: 0/0
[pass] wr_rx_enc_err            結果: 0/0
[pass] wr_tx_enc_err            結果: 0/0
[pass] CPU_RESET_n              結果: 1/1
[pass] wr_rx_locked_to_data     結果: 1/1
[info] wr_rx_locked_to_ref      結果: 1/NA
[info] MOD_PRS_n                結果: 0/NA
[info] INTERRUPT_n              結果: 1/NA
Step 1 pass

## [Step 2] Endpoint / MiniNIC / PTP
[pass] EP_MAC_H/EP_MAC_L        結果: 02:00:22:33:44:02/02:00:22:33:44:02
[pass] WDIAGS_MODE              結果: 3 SLAVE/3 SLAVE
[pass] WDIAGS_PTP               結果: 9 SLAVE (raw=00004109)/9 SLAVE
[pass] WDIAGS_PTP_RX            結果: Δ=22/Δ>0
RAW WDIAGS_PTP_RX            before=0x00001609 after=0x0000161F delta=22
[pass] WDIAGS_PTP_TX            結果: Δ=9/Δ>0
RAW WDIAGS_PTP_TX            before=0x000009CA after=0x000009D3 delta=9
[pass] WDIAGS_TX                結果: Δ=16/Δ>0
RAW WDIAGS_TX                before=0x00000FF1 after=0x00001001 delta=16
[pass] WDIAGS_RX                結果: Δ=28/Δ>0
RAW WDIAGS_RX                before=0x00001AF9 after=0x00001B15 delta=28
[pass] WDIAGS_RXERR             結果: Δ=0/Δ=0
RAW WDIAGS_RXERR             before=0x00000000 after=0x00000000 delta=0
Step 2 pass

## [Step 3] WR Parent / Signaling
[pass] WDIAGS_FOREIGN_META      結果: 1/1
[pass] WDIAGS_FOREIGN_META      結果: 0/0
[info] WDIAGS_FOREIGN_META      結果: detection=0 config=3/NA
[pass] parentIsWRnode           結果: 1/1
[info] parentWrModeOn           結果: 1/NA
[pass] parentCalibrated         結果: 1/1
[info] WR_RX_SIGNAL_DEBUG       結果: WR_MODE_ON count=4/NA
[info] WR_TX_SIGNAL_DEBUG       結果: CALIBRATED count=4/NA
[info] WDIAGS_TEMP              結果: WRS_IDLE next=WRS_IDLE/NA
[pass] LOCK_ENABLE              結果: 1/> 0
Step 3 pass

## [Step 4B] Slave SoftPLL Startup
[pass] LOCK_ENABLE_COUNT        結果: 1/> 0
[pass] SPLL_MODE                結果: 3 (SPLL_MODE_SLAVE)/3 SPLL_MODE_SLAVE
[pass] SPLL_SEQ_STATE           結果: 8 (SEQ_READY)/active, not 0/7
[pass] SPLL_STATE_VISIT_MASK    結果: 0x00000778/> 0
[pass] SPLL_INIT_COUNT          結果: 1/> 0
[pass] RCER                     結果: 0x00000001/> 0
[pass] OCER                     結果: 0xA3C07101/> 0
[info] SPLL_ALIGN_STATE         結果: 0/NA
[info] SPLL_STATE_TRANSITIONS   結果: 0x00000006/NA
[info] SPLL_LAST_STATE          結果: 8 (SEQ_READY)/NA
[info] OCCR                     結果: 0xFF0101FF/NA
[pass] DMTD_REF_ACCEPT_EVENT    結果: Δ=23133/Δ>=0
RAW DMTD_REF_ACCEPT_EVENT    before=0x0C0186B7 after=0x0C01E114 delta=23133
[pass] DMTD_FB_ACCEPT_EVENT     結果: Δ=23132/Δ>=0
RAW DMTD_FB_ACCEPT_EVENT     before=0x0A967DA9 after=0x0A96D805 delta=23132
[pass] DMTD_ACCEPT              結果: Δ=46265/Δ>0
[pass] SPLL_TAG_VALID_COUNT     結果: Δ=46262/Δ>0
RAW SPLL_TAG_VALID_COUNT     before=0x009184DD after=0x00923993 delta=46262
[pass] SPLL_TRR_WRITE_COUNT     結果: Δ=46262/Δ>0
RAW SPLL_TRR_WRITE_COUNT     before=0x00918533 after=0x009239E9 delta=46262
[pass] WRPC_SPLL_TRR_POP_COUNT  結果: Δ=46538/Δ>0
RAW WRPC_SPLL_TRR_POP_COUNT  before=0x0091843B after=0x00923A05 delta=46538
[pass] WDIAGS_IRQ_COUNT         結果: Δ=46538/Δ>0
RAW WDIAGS_IRQ_COUNT         before=0x009160DE after=0x009216A8 delta=46538
[pass] WDIAGS_HELPER_UPDATE_COUNT 結果: Δ=23269/Δ>0
RAW WDIAGS_HELPER_UPDATE_COUNT before=0x004849F6 after=0x0048A4DB delta=23269
[pass] BOOT_GENERATION          結果: Δ=0/Δ=0
RAW BOOT_GENERATION          before=0x00000001 after=0x00000001 delta=0
[pass] CPU_RESET_COUNT          結果: Δ=0/Δ=0
RAW CPU_RESET_COUNT          before=0x00000001 after=0x00000001 delta=0
[pass] WR_CORE_RESET_COUNT      結果: Δ=0/Δ=0
RAW WR_CORE_RESET_COUNT      before=0x00000001 after=0x00000001 delta=0
[pass] SI_CONFIG_DROP_COUNT     結果: Δ=0/Δ=0
RAW SI_CONFIG_DROP_COUNT     before=0x00000001 after=0x00000001 delta=0
STEP4B_ALLOWED = YES
STEP4B_RESULT = PASS
STEP4B_FIRST_INACTIVE_BOUNDARY = ACTIVE
Step 4B pass
Step 4 pass

## [Step 5] Closed-loop Lock
STEP5_LOCKDET_BEFORE: HELPER locked=1 changed=0 cnt=1000/1000 threshold=2000 ref_src=0 MAIN enabled=1 locked=1 freq=1 phase=1 freq_cnt=50/50 phase_cnt=1000/1000 PSTAT_locked=1
STEP5_LOCKDET_AFTER: HELPER locked=1 changed=0 cnt=1000/1000 threshold=2000 ref_src=0 MAIN enabled=1 locked=1 freq=1 phase=1 freq_cnt=50/50 phase_cnt=1000/1000 PSTAT_locked=1
[pass] WDIAGS_PSTAT             結果: 1/1
STEP5_RESULT = LOCK_ACQUIRED_NOT_STABLE
STEP5_FIRST_INACTIVE_BOUNDARY = STABILITY_WINDOW
Step 5 NA (single window is not stable-lock proof)

## [Step 6] Global Time
Step 6 NA

============================================================
White Rabbit Runtime 診斷：DE5 [1-11.2]
============================================================
Step 1 PHY / Link             pass
Step 2 Endpoint / PTP         pass
Step 3 WR Handshake           pass
Step 4 Step4B Slave SoftPLL Startup pass
Step 5 Closed-loop Lock       NA
Step 6 Global Time            NA
STEP1_REGRESSION = PASS
STEP2_REGRESSION = PASS
STEP3_REGRESSION = PASS
STEP4B_ALLOWED = YES
STEP4B_RESULT = PASS
STEP4B_FIRST_INACTIVE_BOUNDARY = ACTIVE
STEP5_RESULT = LOCK_ACQUIRED_NOT_STABLE
STEP5_FIRST_INACTIVE_BOUNDARY = STABILITY_WINDOW
FAILURE_CLASSIFICATION = NO_FAILURE_EVIDENCE
============================================================

================ RAW_SNAPSHOT ================
RAW_SNAPSHOT board=DE5 [1-11.2] label=before
  status           = 09827643285082EF
  cpu              = 0000007C0001AF94
  marker           = 000000010000B004
  store            = 1C2B406000020614
  store_count      = 000000006164D744
  exception        = 8000000B00005200
  clock            = 003BBC30F8DD9067
  boot_generation  = 00000001
  cpu_reset_count  = 00000001
  wr_core_reset_count = 00000001
  si_config_drop_count = 00000001
  pps_cr           = 01312D06
  pps_escr         = 00000400
  ep_mach          = 02000200
  ep_macl          = 22334402
  ep_dsr           = 42000000
  ptp              = 00004109
  ptp_rx           = 00001609
  ptp_tx           = 000009CA
  ptp_meta         = 03010309
  tx               = 00000FF1
  rx               = 00001AF9
  rxerr            = 00000000
  ptp_types        = 04E573E5
  foreign_meta     = 03000001
  filter_meta      = 00000000
  parse_meta       = 070173FE
  wr_rx_signal     = 10050004
  wr_tx_signal     = 10040004
  wr_failure       = 00000000
  wr_state         = A040035F
  wr_reject        = 00000000
  pstat            = 00000003
  sstat            = 00000301
  sec_h            = 00000000
  sec_l            = 000004FF
  ns               = 34C9A6E8
  lock_enable      = 00000001
  lock_result      = 00000100
  lock_polls       = 0004BE53
  lock_unlocked    = 0004B548
  lock_calibration_fail = 00000459
  spll_state       = 00030008
  spll_ocer        = 9B4A6901
  spll_rcer        = 00000001
  spll_occr        = FF0101FF
  spll_trr_csr     = 00927B4A
  spll_dac_hpll    = B90E9C0F
  spll_dac_main    = 00000025
  spll_helper_state = 03E80001
  spll_helper_limits = 03E807D0
  spll_main_state  = 3E80320F
  spll_main_limits = 00320014
  spll_main_phase_limits = 03E804B0
  spll_state_visit_mask = 00000778
  spll_state_transitions = 00000006
  spll_last_state  = 00000008
  spll_init_count  = 00000001
  dmtd_ref         = 0C0186B7
  dmtd_fb          = 0A967DA9
  dmtd_ref_high_qual_abort = 02DB1ABA
  dmtd_fb_high_qual_abort = 026EAA66
  tag_valid        = 009184DD
  trr_write        = 00918533
  irq              = 009160DE
  helper_update    = 004849F6
  spll_helper_error = 0000000D
  spll_helper_output = 0000BC06
  eic_isr          = FFFF0000
  current_tics     = 0013D78A
RAW_SNAPSHOT board=DE5 [1-11.2] label=after
  status           = 148276C338BC82EF
  cpu              = 0000007C0001AF98
  marker           = 000000010000B004
  store            = 000018B600020400
  store_count      = 00000000630DFE4B
  exception        = 8000000B00005200
  clock            = 003ECE0F0A07A246
  boot_generation  = 00000001
  cpu_reset_count  = 00000001
  wr_core_reset_count = 00000001
  si_config_drop_count = 00000001
  pps_cr           = 01312D06
  pps_escr         = 00000500
  ep_mach          = 02000200
  ep_macl          = 22334402
  ep_dsr           = 42000000
  ptp              = 00004109
  ptp_rx           = 0000161F
  ptp_tx           = 000009D3
  ptp_meta         = 03010309
  tx               = 00001001
  rx               = 00001B15
  rxerr            = 00000000
  ptp_types        = 04EA76EA
  foreign_meta     = 03000001
  filter_meta      = 00000000
  parse_meta       = 07017615
  wr_rx_signal     = 10050004
  wr_tx_signal     = 10040004
  wr_failure       = 00000000
  wr_state         = A040035F
  wr_reject        = 00000000
  pstat            = 00000003
  sstat            = 00000501
  sec_h            = 00000000
  sec_l            = 00000505
  ns               = 3AC06A80
  lock_enable      = 00000001
  lock_result      = 00000100
  lock_polls       = 0004BE59
  lock_unlocked    = 0004B548
  lock_calibration_fail = 00000459
  spll_state       = 00030008
  spll_ocer        = A3C07101
  spll_rcer        = 00000001
  spll_occr        = FF0101FF
  spll_trr_csr     = 00923112
  spll_dac_hpll    = E6818575
  spll_dac_main    = 00000025
  spll_helper_state = 03E80001
  spll_helper_limits = 03E807D0
  spll_main_state  = 3E80320F
  spll_main_limits = 00320014
  spll_main_phase_limits = 03E804B0
  spll_state_visit_mask = 00000778
  spll_state_transitions = 00000006
  spll_last_state  = 00000008
  spll_init_count  = 00000001
  dmtd_ref         = 0C01E114
  dmtd_fb          = 0A96D805
  dmtd_ref_high_qual_abort = 02DEA878
  dmtd_fb_high_qual_abort = 0271AF9E
  tag_valid        = 00923993
  trr_write        = 009239E9
  irq              = 009216A8
  helper_update    = 0048A4DB
  spll_helper_error = 00000003
  spll_helper_output = 0000BCCE
  eic_isr          = FFFF0000
  current_tics     = 0013EEFA

============================================================
JTAG/WB transport health summary
============================================================
WB_TRANSPORT_PROTOCOL = PRELOAD_THEN_TOGGLE_COMMIT
WB_REQUEST_COUNT = 356
PRELOAD_COUNT = 356
COMMIT_COUNT = 356
WB_PROBE_READ_COUNT = 1780
PRELOAD_UNEXPECTED_TRIGGER_COUNT = 0
PROBE_3WAY_MATCH_COUNT = 356
STABLE_RESPONSE_WRONG_COUNT = 0
ADDRESS_CROSS_CONTAMINATION_COUNT = 0
TIMEOUT_COUNT = 0
INVALID_COUNT = 0
STALE_A5A5_COUNT = 0
UNSTABLE_TRANSACTION_COUNT = 0
DMTD_REF_DECREASE_COUNT = 0
DMTD_FB_DECREASE_COUNT = 0
PRELOAD_PROTOCOL_RUNTIME_REVALIDATION = PASS
JTAG_WB_DIAGNOSTIC_PATH = TRUSTED
============================================================

============================================================
STEP4A_RESULT = PASS
STEP4B_ALLOWED = YES
STEP4B_RESULT = PASS
STEP4B_FIRST_INACTIVE_BOUNDARY = ACTIVE
STEP5_RESULT = NOT_APPLICABLE_MASTER
STEP5_FIRST_INACTIVE_BOUNDARY = SLAVE_ONLY
STEP5_RESULT = LOCK_ACQUIRED_NOT_STABLE
STEP5_FIRST_INACTIVE_BOUNDARY = STABILITY_WINDOW
============================================================
Info (23030): Evaluation of Tcl script scripts/jtag/read_wb_runtime.tcl was successful
Info: Quartus Prime SignalTap II was successful. 0 errors, 0 warnings
    Info: Peak virtual memory: 776 megabytes
    Info: Processing ended: Fri Oct  2 12:07:42 2026
    Info: Elapsed time: 00:00:14
    Info: Total CPU time (on all processors): 00:00:00
