Info: *******************************************************************
Info: Running Quartus Prime SignalTap II
    Info: Version 17.0.0 Build 595 04/25/2017 SJ Standard Edition
    Info: Copyright (C) 2017  Intel Corporation. All rights reserved.
    Info: Your use of Intel Corporation's design tools, logic functions 
    Info: and other software and tools, and its AMPP partner logic 
    Info: functions, and any output files from any of the foregoing 
    Info: (including device programming or simulation files), and any 
    Info: associated documentation or information are expressly subject 
    Info: to the terms and conditions of the Intel Program License 
    Info: Subscription Agreement, the Intel Quartus Prime License Agreement,
    Info: the Intel MegaCore Function License Agreement, or other 
    Info: applicable license agreement, including, without limitation, 
    Info: that your use is for the sole purpose of programming logic 
    Info: devices manufactured by Intel and sold by Intel or its 
    Info: authorized distributors.  Please refer to the applicable 
    Info: agreement for further details.
    Info: Processing started: Tue Sep 15 03:02:15 2026
Info: Command: quartus_stp -t scripts/jtag/read_wb_runtime.tcl --raw
Info: Quartus(args): --raw
RAW mailbox completion toggle wb_sync_toggle=0

============================================================
White Rabbit Runtime 診斷：DE5 [1-11.1]
============================================================

## [Step 1] PHY / 光纖 Link
[pass] si_config_done           結果: 1/1
[pass] wr_ready                 結果: 1/1
[pass] core_tm_link_up          結果: 1/1
[pass] core_link_ok             結果: 1/1
[pass] wr_rx_ready              結果: 1/1
[pass] wr_tx_ready              結果: 1/1
[pass] core_phy_rst             結果: 0/0
[pass] si_id_error              結果: 0/0
[pass] wr_rx_enc_err            結果: 0/0
[pass] wr_tx_enc_err            結果: 0/0
[pass] CPU_RESET_n              結果: 1/1
[pass] wr_rx_locked_to_data     結果: 1/1
[info] wr_rx_locked_to_ref      結果: 0/NA
[info] MOD_PRS_n                結果: 0/NA
[info] INTERRUPT_n              結果: 1/NA
Step 1 pass

## [Step 2] Endpoint / MiniNIC / PTP
[pass] EP_MAC_H/EP_MAC_L        結果: 02:00:22:33:44:01/02:00:22:33:44:01
[pass] WDIAGS_MODE              結果: 2 MASTER/2 MASTER
[pass] WDIAGS_PTP               結果: 6 MASTER (raw=01014106)/6 MASTER
[pass] WDIAGS_PTP_RX            結果: Δ=10/Δ>0
RAW WDIAGS_PTP_RX            before=0x000001C0 after=0x000001CA delta=10
[pass] WDIAGS_PTP_TX            結果: Δ=25/Δ>0
RAW WDIAGS_PTP_TX            before=0x000003EB after=0x00000404 delta=25
[pass] WDIAGS_TX                結果: Δ=32/Δ>0
RAW WDIAGS_TX                before=0x0000051E after=0x0000053E delta=32
[pass] WDIAGS_RX                結果: Δ=15/Δ>0
RAW WDIAGS_RX                before=0x000002B1 after=0x000002C0 delta=15
[pass] WDIAGS_RXERR             結果: Δ=0/Δ=0
RAW WDIAGS_RXERR             before=0x00000000 after=0x00000000 delta=0
Step 2 pass

## [Step 3] WR Parent / Signaling
Step 3 NA

## [Step 4A] Master SoftPLL Event Chain
[pass] DMTD_REF_ACCEPT_EVENT    結果: Δ=23396/Δ>=0
RAW DMTD_REF_ACCEPT_EVENT    before=0x0084372D after=0x00849291 delta=23396
[pass] DMTD_FB_ACCEPT_EVENT     結果: Δ=23397/Δ>=0
RAW DMTD_FB_ACCEPT_EVENT     before=0x004F1FC7 after=0x004F7B2C delta=23397
[pass] DMTD_ACCEPT              結果: Δ=46793/Δ>0
[pass] SPLL_TAG_VALID_COUNT     結果: Δ=46794/Δ>0
RAW SPLL_TAG_VALID_COUNT     before=0x001A0E52 after=0x001AC51C delta=46794
[pass] SPLL_TRR_WRITE_COUNT     結果: Δ=46793/Δ>0
RAW SPLL_TRR_WRITE_COUNT     before=0x001A0EAA after=0x001AC573 delta=46793
[pass] WRPC_SPLL_TRR_POP_COUNT  結果: Δ=47256/Δ>0
RAW WRPC_SPLL_TRR_POP_COUNT  before=0x001A0C9E after=0x001AC536 delta=47256
[pass] WDIAGS_IRQ_COUNT         結果: Δ=47256/Δ>0
RAW WDIAGS_IRQ_COUNT         before=0x001A0C9E after=0x001AC536 delta=47256
[pass] WDIAGS_HELPER_UPDATE_COUNT 結果: Δ=23241/Δ>0
RAW WDIAGS_HELPER_UPDATE_COUNT before=0x001049A7 after=0x0010A470 delta=23241
[pass] BOOT_GENERATION          結果: Δ=0/Δ=0
RAW BOOT_GENERATION          before=0x00000001 after=0x00000001 delta=0
[pass] CPU_RESET_COUNT          結果: Δ=0/Δ=0
RAW CPU_RESET_COUNT          before=0x00000001 after=0x00000001 delta=0
[pass] WR_CORE_RESET_COUNT      結果: Δ=0/Δ=0
RAW WR_CORE_RESET_COUNT      before=0x00000001 after=0x00000001 delta=0
[pass] SI_CONFIG_DROP_COUNT     結果: Δ=0/Δ=0
RAW SI_CONFIG_DROP_COUNT     before=0x00000001 after=0x00000001 delta=0
STEP4A_MASTER_EVENT_CHAIN = PASS
Step 4 pass

## [Step 5] Closed-loop Lock
STEP5_RESULT = NOT_APPLICABLE_MASTER
STEP5_FIRST_INACTIVE_BOUNDARY = SLAVE_ONLY
Step 5 NA (Step5 closed-loop gate is for Slave)

## [Step 6] Global Time
Step 6 NA

============================================================
White Rabbit Runtime 診斷：DE5 [1-11.1]
============================================================
Step 1 PHY / Link             pass
Step 2 Endpoint / PTP         pass
Step 3 WR Handshake           NA
Step 4 Step4A Master Event Chain pass
Step 5 Closed-loop Lock       NA
Step 6 Global Time            NA
STEP1_REGRESSION = PASS
STEP2_REGRESSION = PASS
STEP3_REGRESSION = PASS
STEP4A_RESULT = PASS
STEP5_RESULT = NOT_APPLICABLE_MASTER
STEP5_FIRST_INACTIVE_BOUNDARY = SLAVE_ONLY
FAILURE_CLASSIFICATION = NO_FAILURE_EVIDENCE
============================================================

================ RAW_SNAPSHOT ================
RAW_SNAPSHOT board=DE5 [1-11.1] label=before
  status           = 301E08E132B882FF
  cpu              = 0000007C00001228
  marker           = 000000010000B004
  store            = 0019F28F0001EB58
  store_count      = 00000000096FBCF8
  exception        = 8000000B00001D34
  clock            = 002BD0C8740994A9
  boot_generation  = 00000001
  cpu_reset_count  = 00000001
  wr_core_reset_count = 00000001
  si_config_drop_count = 00000001
  pps_cr           = 01312D06
  pps_escr         = 0000010C
  ep_mach          = 02000200
  ep_macl          = 22334401
  ep_dsr           = 42000000
  ptp              = 01014106
  ptp_rx           = 000001C0
  ptp_tx           = 000003EB
  ptp_meta         = 02010306
  tx               = 0000051E
  rx               = 000002B1
  rxerr            = 00000000
  ptp_types        = 04010101
  foreign_meta     = 0000FF00
  filter_meta      = 00000000
  parse_meta       = 020101AD
  wr_rx_signal     = 10040004
  wr_tx_signal     = 10050004
  wr_failure       = 00000000
  wr_state         = A0200067
  wr_reject        = 00000000
  pstat            = 00000001
  sstat            = 00000000
  sec_h            = 00000000
  sec_l            = 00000112
  ns               = 3887D9A8
  lock_enable      = 00000000
  lock_result      = 00000000
  lock_polls       = 00000000
  lock_unlocked    = 00000000
  lock_calibration_fail = 00000000
  spll_state       = 00020004
  spll_ocer        = B76DE401
  spll_rcer        = 00000001
  spll_occr        = 830001C1
  spll_trr_csr     = 001A02A2
  spll_dac_hpll    = 048111AD
  spll_dac_main    = 00000008
  spll_helper_state = 00060100
  spll_helper_limits = 03E807D0
  spll_main_state  = 00000000
  spll_main_limits = 00320032
  spll_main_phase_limits = 03E804B0
  spll_state_visit_mask = 00000618
  spll_state_transitions = 00000003
  spll_last_state  = 00000004
  spll_init_count  = 00000001
  dmtd_ref         = 0084372D
  dmtd_fb          = 004F1FC7
  dmtd_ref_high_qual_abort = 00B32EAD
  dmtd_fb_high_qual_abort = 0088FC98
  tag_valid        = 001A0E52
  trr_write        = 001A0EAA
  irq              = 001A0C9E
  helper_update    = 001049A7
  spll_helper_error = FFFDB610
  spll_helper_output = 0000FFFB
  eic_isr          = FFFF0000
  current_tics     = 00043925
RAW_SNAPSHOT board=DE5 [1-11.1] label=after
  status           = 901EF6E132BC82FF
  cpu              = 0000007C00001228
  marker           = 000000010000B004
  store            = 001AA9180001EB58
  store_count      = 0000000009AAA1AE
  exception        = 8000000B00001224
  clock            = 002BC26A64F5864B
  boot_generation  = 00000001
  cpu_reset_count  = 00000001
  wr_core_reset_count = 00000001
  si_config_drop_count = 00000001
  pps_cr           = 01312D06
  pps_escr         = 0000010C
  ep_mach          = 02000200
  ep_macl          = 22334401
  ep_dsr           = 42000000
  ptp              = 01014106
  ptp_rx           = 000001CA
  ptp_tx           = 00000404
  ptp_meta         = 02010306
  tx               = 0000053E
  rx               = 000002C0
  rxerr            = 00000000
  ptp_types        = 04010101
  foreign_meta     = 0000FF00
  filter_meta      = 00000000
  parse_meta       = 020101BF
  wr_rx_signal     = 10040004
  wr_tx_signal     = 10050004
  wr_failure       = 00000000
  wr_state         = A0200067
  wr_reject        = 00000000
  pstat            = 00000001
  sstat            = 00000000
  sec_h            = 00000000
  sec_l            = 00000119
  ns               = 02FC81E8
  lock_enable      = 00000000
  lock_result      = 00000000
  lock_polls       = 00000000
  lock_unlocked    = 00000000
  lock_calibration_fail = 00000000
  spll_state       = 00020004
  spll_ocer        = B1DC3E01
  spll_rcer        = 00000001
  spll_occr        = B6000129
  spll_trr_csr     = 001ABC2C
  spll_dac_hpll    = 31346F21
  spll_dac_main    = 00000008
  spll_helper_state = 00060100
  spll_helper_limits = 03E807D0
  spll_main_state  = 00000000
  spll_main_limits = 00320032
  spll_main_phase_limits = 03E804B0
  spll_state_visit_mask = 00000618
  spll_state_transitions = 00000003
  spll_last_state  = 00000004
  spll_init_count  = 00000001
  dmtd_ref         = 00849291
  dmtd_fb          = 004F7B2C
  dmtd_ref_high_qual_abort = 00B6AE04
  dmtd_fb_high_qual_abort = 008BFF07
  tag_valid        = 001AC51C
  trr_write        = 001AC573
  irq              = 001AC536
  helper_update    = 0010A470
  spll_helper_error = FFFDB610
  spll_helper_output = 0000FFFB
  eic_isr          = FFFF0000
  current_tics     = 00045095
RAW mailbox completion toggle wb_sync_toggle=0

============================================================
White Rabbit Runtime 診斷：DE5 [1-11.2]
============================================================

## [Step 1] PHY / 光纖 Link
[pass] si_config_done           結果: 1/1
[pass] wr_ready                 結果: 1/1
[pass] core_tm_link_up          結果: 1/1
[pass] core_link_ok             結果: 1/1
[pass] wr_rx_ready              結果: 1/1
[pass] wr_tx_ready              結果: 1/1
[pass] core_phy_rst             結果: 0/0
[pass] si_id_error              結果: 0/0
[pass] wr_rx_enc_err            結果: 0/0
[pass] wr_tx_enc_err            結果: 0/0
[pass] CPU_RESET_n              結果: 1/1
[pass] wr_rx_locked_to_data     結果: 1/1
[info] wr_rx_locked_to_ref      結果: 0/NA
[info] MOD_PRS_n                結果: 0/NA
[info] INTERRUPT_n              結果: 1/NA
Step 1 pass

## [Step 2] Endpoint / MiniNIC / PTP
[pass] EP_MAC_H/EP_MAC_L        結果: 02:00:22:33:44:02/02:00:22:33:44:02
[pass] WDIAGS_MODE              結果: 3 SLAVE/3 SLAVE
[pass] WDIAGS_PTP               結果: 9 SLAVE (raw=00004109)/9 SLAVE
[pass] WDIAGS_PTP_RX            結果: Δ=29/Δ>0
RAW WDIAGS_PTP_RX            before=0x000003AC after=0x000003C9 delta=29
[pass] WDIAGS_PTP_TX            結果: Δ=14/Δ>0
RAW WDIAGS_PTP_TX            before=0x0000018E after=0x0000019C delta=14
[pass] WDIAGS_TX                結果: Δ=21/Δ>0
RAW WDIAGS_TX                before=0x000002A8 after=0x000002BD delta=21
[pass] WDIAGS_RX                結果: Δ=35/Δ>0
RAW WDIAGS_RX                before=0x00000486 after=0x000004A9 delta=35
[pass] WDIAGS_RXERR             結果: Δ=0/Δ=0
RAW WDIAGS_RXERR             before=0x00000000 after=0x00000000 delta=0
Step 2 pass

## [Step 3] WR Parent / Signaling
[pass] WDIAGS_FOREIGN_META      結果: 1/1
[pass] WDIAGS_FOREIGN_META      結果: 0/0
[info] WDIAGS_FOREIGN_META      結果: detection=0 config=3/NA
[pass] parentIsWRnode           結果: 1/1
[info] parentWrModeOn           結果: 1/NA
[pass] parentCalibrated         結果: 1/1
[error] WR_RX_SIGNAL_DEBUG       結果: WR_MODE_ON count=4/LOCK 0x1001,count>0
[error] WR_TX_SIGNAL_DEBUG       結果: CALIBRATED count=4/SLAVE_PRESENT 0x1000,count>0
[info] WDIAGS_TEMP              結果: WRS_IDLE next=WRS_IDLE READ_INCONSISTENT/NA
[pass] LOCK_ENABLE              結果: 1/> 0
Step 3 error

## [Step 4B] Slave SoftPLL Startup
[info] STEP4B_UPSTREAM_GATE     結果: BLOCKED/NA
STEP4B_ALLOWED = NO
STEP4B_RESULT = BLOCKED_BY_STEP3
STEP4B_FIRST_INACTIVE_BOUNDARY = UPSTREAM_PREREQUISITE
Step 4B BLOCKED (upstream prerequisite)
Step 4 NA

## [Step 5] Closed-loop Lock
STEP5_RESULT = UPSTREAM_NOT_READY
STEP5_FIRST_INACTIVE_BOUNDARY = UPSTREAM_STEP4B
Step 5 NA

## [Step 6] Global Time
Step 6 NA

============================================================
White Rabbit Runtime 診斷：DE5 [1-11.2]
============================================================
Step 1 PHY / Link             pass
Step 2 Endpoint / PTP         pass
Step 3 WR Handshake           error
Step 4 Step4B Slave SoftPLL Startup blocked
Step 5 Closed-loop Lock       NA
Step 6 Global Time            NA
STEP1_REGRESSION = PASS
STEP2_REGRESSION = PASS
STEP3_REGRESSION = INVALID
STEP4B_ALLOWED = NO
STEP4B_RESULT = BLOCKED_BY_STEP3
STEP4B_FIRST_INACTIVE_BOUNDARY = UPSTREAM_PREREQUISITE
STEP5_RESULT = UPSTREAM_NOT_READY
STEP5_FIRST_INACTIVE_BOUNDARY = UPSTREAM_STEP4B
FAILURE_CLASSIFICATION = JTAG/DASHBOARD_MEASUREMENT_FAILURE
============================================================

================ RAW_SNAPSHOT ================
RAW_SNAPSHOT board=DE5 [1-11.2] label=before
  status           = DB106AC125B882FF
  cpu              = 0000007C0000122C
  marker           = 000000010000B004
  store            = 0017E1590001EB60
  store_count      = 000000000A81D6CF
  exception        = 8000000B00001228
  clock            = 002E5F6148CD6246
  boot_generation  = 00000001
  cpu_reset_count  = 00000001
  wr_core_reset_count = 00000001
  si_config_drop_count = 00000001
  pps_cr           = 01312D06
  pps_escr         = 0000010C
  ep_mach          = 02000200
  ep_macl          = 22334402
  ep_dsr           = 42000000
  ptp              = 00004109
  ptp_rx           = 000003AC
  ptp_tx           = 0000018E
  ptp_meta         = 03010309
  tx               = 000002A8
  rx               = 00000486
  rxerr            = 00000000
  ptp_types        = 04D269D2
  foreign_meta     = 03000001
  filter_meta      = 00000000
  parse_meta       = 07016974
  wr_rx_signal     = 10050004
  wr_tx_signal     = 10040004
  wr_failure       = 00000000
  wr_state         = A040035F
  wr_reject        = 00000000
  pstat            = 00000003
  sstat            = 00000401
  sec_h            = 00000000
  sec_l            = 0000011A
  ns               = 0E877700
  lock_enable      = 00000001
  lock_result      = 00000100
  lock_polls       = 000032DC
  lock_unlocked    = 00003015
  lock_calibration_fail = 00000226
  spll_state       = 00030008
  spll_ocer        = 3828D701
  spll_rcer        = 00000001
  spll_occr        = FA0101B0
  spll_trr_csr     = 001A11BE
  spll_dac_hpll    = 57CAE659
  spll_dac_main    = 00000006
  spll_helper_state = 03E80001
  spll_helper_limits = 03E807D0
  spll_main_state  = 3E80320F
  spll_main_limits = 00320032
  spll_main_phase_limits = 03E804B0
  spll_state_visit_mask = 00000778
  spll_state_transitions = 00000006
  spll_last_state  = 00000008
  spll_init_count  = 00000001
  dmtd_ref         = 02549C2D
  dmtd_fb          = 0281DAC6
  dmtd_ref_high_qual_abort = 0028D259
  dmtd_fb_high_qual_abort = 000BB771
  tag_valid        = 00181A66
  trr_write        = 00181ABC
  irq              = 0017FCE8
  helper_update    = 000B95C6
  spll_helper_error = FFFFFFB7
  spll_helper_output = 0000E203
  eic_isr          = FFFF0000
  current_tics     = 00035883
RAW_SNAPSHOT board=DE5 [1-11.2] label=after
  status           = 4F101C41255082FF
  cpu              = 0000007C0000122C
  marker           = 000000010000B004
  store            = 0018951C0001EB60
  store_count      = 000000000AD04514
  exception        = 8000000B00001228
  clock            = 002D51CF3A8854B5
  boot_generation  = 00000001
  cpu_reset_count  = 00000001
  wr_core_reset_count = 00000001
  si_config_drop_count = 00000001
  pps_cr           = 01312D06
  pps_escr         = 0000010C
  ep_mach          = 02000200
  ep_macl          = 22334402
  ep_dsr           = 42000000
  ptp              = 00004109
  ptp_rx           = 000003C9
  ptp_tx           = 0000019C
  ptp_meta         = 03010309
  tx               = 000002BD
  rx               = 000004A9
  rxerr            = 00000000
  ptp_types        = 04D86CD8
  foreign_meta     = 03000001
  filter_meta      = 00000000
  parse_meta       = 07016C90
  wr_rx_signal     = 10050004
  wr_tx_signal     = 10040004
  wr_failure       = 00000000
  wr_state         = A040035F
  wr_reject        = 00000000
  pstat            = 00000003
  sstat            = 00000401
  sec_h            = 00000000
  sec_l            = 00000120
  ns               = 0E904F10
  lock_enable      = 00000001
  lock_result      = 00000100
  lock_polls       = 000032E2
  lock_unlocked    = 00003015
  lock_calibration_fail = 00000226
  spll_state       = 00030008
  spll_ocer        = 9C437701
  spll_rcer        = 00000001
  spll_occr        = 1D01015D
  spll_trr_csr     = 001AC47A
  spll_dac_hpll    = 853A85D1
  spll_dac_main    = 00000006
  spll_helper_state = 03E80001
  spll_helper_limits = 03E807D0
  spll_main_state  = 3E80320F
  spll_main_limits = 00320032
  spll_main_phase_limits = 03E804B0
  spll_state_visit_mask = 00000778
  spll_state_transitions = 00000006
  spll_last_state  = 00000008
  spll_init_count  = 00000001
  dmtd_ref         = 0254F691
  dmtd_fb          = 0282352A
  dmtd_ref_high_qual_abort = 002A02AC
  dmtd_fb_high_qual_abort = 000C1040
  tag_valid        = 0018CF41
  trr_write        = 0018CF9A
  irq              = 0018AFB6
  helper_update    = 000BF0AD
  spll_helper_error = 0000008C
  spll_helper_output = 0000E25C
  eic_isr          = FFFF0000
  current_tics     = 00037057

============================================================
JTAG/WB transport health summary
============================================================
WB_TRANSPORT_PROTOCOL = PRELOAD_THEN_TOGGLE_COMMIT
WB_REQUEST_COUNT = 352
PRELOAD_COUNT = 352
COMMIT_COUNT = 352
WB_PROBE_READ_COUNT = 1760
PRELOAD_UNEXPECTED_TRIGGER_COUNT = 0
PROBE_3WAY_MATCH_COUNT = 352
STABLE_RESPONSE_WRONG_COUNT = 0
ADDRESS_CROSS_CONTAMINATION_COUNT = 0
TIMEOUT_COUNT = 0
INVALID_COUNT = 0
STALE_A5A5_COUNT = 0
UNSTABLE_TRANSACTION_COUNT = 0
DMTD_REF_DECREASE_COUNT = 0
DMTD_FB_DECREASE_COUNT = 0
PRELOAD_PROTOCOL_RUNTIME_REVALIDATION = PASS
JTAG_WB_DIAGNOSTIC_PATH = TRUSTED
============================================================

============================================================
STEP4A_RESULT = PASS
STEP4B_ALLOWED = NO
STEP4B_RESULT = BLOCKED_BY_STEP3
STEP4B_FIRST_INACTIVE_BOUNDARY = UPSTREAM_PREREQUISITE
STEP5_RESULT = NOT_APPLICABLE_MASTER
STEP5_FIRST_INACTIVE_BOUNDARY = SLAVE_ONLY
STEP5_RESULT = UPSTREAM_NOT_READY
STEP5_FIRST_INACTIVE_BOUNDARY = UPSTREAM_STEP4B
============================================================
Info (23030): Evaluation of Tcl script scripts/jtag/read_wb_runtime.tcl was successful
Info: Quartus Prime SignalTap II was successful. 0 errors, 0 warnings
    Info: Peak virtual memory: 776 megabytes
    Info: Processing ended: Tue Sep 15 03:02:30 2026
    Info: Elapsed time: 00:00:15
    Info: Total CPU time (on all processors): 00:00:01
