White Rabbit Step 1-6 dashboard  2026-09-30T10:42:25+08:00  (read-only)
Sampling interval: 10s; per-board comparison window: 2000ms

+------------------------------------------------------------+
| MASTER   DE5_1-11.1                                      |
+------------------------------------------------------------+
| Step 1  PHY / Link           PASS                        |
| Step 2  Endpoint / PTP       PASS                        |
| Step 3  WR Handshake         INFO                        |
| Step 4  SoftPLL Startup      PASS                        |
| Step 5  Closed-loop Lock     INFO                        |
| Step 6  Global Time          VALID                       |
+------------------------------------------------------------+
| Link health                  Link=1  TM=1  RX=1  TX=1 |
| Lock signals                 Helper=NA  MainFreq=NA  MainPhase=NA |
|                              MainLock=NA  PSTAT=NA             |
| Global-Time reason           PPS snapshot valid; Step6 gate passed |
| WR PTP servo state           NA                          |
| WR phase offset              NA ps                       |
| Global-Time validity         TIME_VALID=1 PPS_VALID=1     |
| Snapshot                     snapshot=1 stable=1 count=86 |
| PPS registers                CR=20000006 EN=0 ESCR=12    |
| PPS register validity        TM=1 PPS=1                  |
| Step5 result                 NOT_APPLICABLE_MASTER       |
+------------------------------------------------------------+
+------------------------------------------------------------+
| SLAVE    DE5_1-11.2                                      |
+------------------------------------------------------------+
| Step 1  PHY / Link           PASS                        |
| Step 2  Endpoint / PTP       PASS                        |
| Step 3  WR Handshake         PASS                        |
| Step 4  SoftPLL Startup      PASS                        |
| Step 5  Closed-loop Lock     INFO                        |
| Step 6  Global Time          WAITING                     |
+------------------------------------------------------------+
| Link health                  Link=1  TM=1  RX=1  TX=1 |
| Lock signals                 Helper=1  MainFreq=1  MainPhase=1 |
|                              MainLock=1  PSTAT=1             |
| Global-Time reason           PTP servo offset not yet <60 ps |
| WR PTP servo state           WAIT_OFFSET_STABLE          |
| WR phase offset              5048 ps (target |offset| <60 ps) |
| Global-Time validity         TIME_VALID=0 PPS_VALID=0     |
| Snapshot                     snapshot=0 stable=1 count=0 |
| PPS registers                CR=20000006 EN=0 ESCR=0     |
| PPS register validity        TM=0 PPS=0                  |
| Step5 result                 LOCK_ACQUIRED_NOT_STABLE    |
+------------------------------------------------------------+

Global Time summary (125 MHz reference; 1 cycle = 8 ns)
------------------------------------------------------------
  MASTER  (DE5_1-11.1)
    TAI=85           CYCLES=124999999    VALID
  SLAVE   (DE5_1-11.2)
    TAI=--           CYCLES=--           WAITING (TIME_VALID=0, PPS_VALID=0)
------------------------------------------------------------
Dashboard read complete.
White Rabbit Step 1-6 dashboard  2026-09-30T10:42:35+08:00  (read-only)
Sampling interval: 10s; per-board comparison window: 2000ms

+------------------------------------------------------------+
| MASTER   DE5_1-11.1                                      |
+------------------------------------------------------------+
| Step 1  PHY / Link           PASS                        |
| Step 2  Endpoint / PTP       PASS                        |
| Step 3  WR Handshake         INFO                        |
| Step 4  SoftPLL Startup      PASS                        |
| Step 5  Closed-loop Lock     INFO                        |
| Step 6  Global Time          VALID                       |
+------------------------------------------------------------+
| Link health                  Link=1  TM=1  RX=1  TX=1 |
| Lock signals                 Helper=NA  MainFreq=NA  MainPhase=NA |
|                              MainLock=NA  PSTAT=NA             |
| Global-Time reason           PPS snapshot valid; Step6 gate passed |
| WR PTP servo state           NA                          |
| WR phase offset              NA ps                       |
| Global-Time validity         TIME_VALID=1 PPS_VALID=1     |
| Snapshot                     snapshot=1 stable=1 count=96 |
| PPS registers                CR=20000006 EN=0 ESCR=12    |
| PPS register validity        TM=1 PPS=1                  |
| Step5 result                 NOT_APPLICABLE_MASTER       |
+------------------------------------------------------------+
+------------------------------------------------------------+
| SLAVE    DE5_1-11.2                                      |
+------------------------------------------------------------+
| Step 1  PHY / Link           PASS                        |
| Step 2  Endpoint / PTP       PASS                        |
| Step 3  WR Handshake         PASS                        |
| Step 4  SoftPLL Startup      PASS                        |
| Step 5  Closed-loop Lock     INFO                        |
| Step 6  Global Time          WAITING                     |
+------------------------------------------------------------+
| Link health                  Link=1  TM=1  RX=1  TX=1 |
| Lock signals                 Helper=1  MainFreq=1  MainPhase=1 |
|                              MainLock=1  PSTAT=1             |
| Global-Time reason           PTP servo offset not yet <60 ps |
| WR PTP servo state           SYNC_PHASE                  |
| WR phase offset              -186 ps (target |offset| <60 ps) |
| Global-Time validity         TIME_VALID=0 PPS_VALID=0     |
| Snapshot                     snapshot=0 stable=1 count=0 |
| PPS registers                CR=20000006 EN=0 ESCR=0     |
| PPS register validity        TM=0 PPS=0                  |
| Step5 result                 LOCK_ACQUIRED_NOT_STABLE    |
+------------------------------------------------------------+

Global Time summary (125 MHz reference; 1 cycle = 8 ns)
------------------------------------------------------------
  MASTER  (DE5_1-11.1)
    TAI=95           CYCLES=124999999    VALID
  SLAVE   (DE5_1-11.2)
    TAI=--           CYCLES=--           WAITING (TIME_VALID=0, PPS_VALID=0)
------------------------------------------------------------
Dashboard read complete.
White Rabbit Step 1-6 dashboard  2026-09-30T10:42:45+08:00  (read-only)
Sampling interval: 10s; per-board comparison window: 2000ms

+------------------------------------------------------------+
| MASTER   DE5_1-11.1                                      |
+------------------------------------------------------------+
| Step 1  PHY / Link           PASS                        |
| Step 2  Endpoint / PTP       PASS                        |
| Step 3  WR Handshake         INFO                        |
| Step 4  SoftPLL Startup      PASS                        |
| Step 5  Closed-loop Lock     INFO                        |
| Step 6  Global Time          VALID                       |
+------------------------------------------------------------+
| Link health                  Link=1  TM=1  RX=1  TX=1 |
| Lock signals                 Helper=NA  MainFreq=NA  MainPhase=NA |
|                              MainLock=NA  PSTAT=NA             |
| Global-Time reason           PPS snapshot valid; Step6 gate passed |
| WR PTP servo state           NA                          |
| WR phase offset              NA ps                       |
| Global-Time validity         TIME_VALID=1 PPS_VALID=1     |
| Snapshot                     snapshot=1 stable=1 count=106 |
| PPS registers                CR=20000006 EN=0 ESCR=12    |
| PPS register validity        TM=1 PPS=1                  |
| Step5 result                 NOT_APPLICABLE_MASTER       |
+------------------------------------------------------------+
+------------------------------------------------------------+
| SLAVE    DE5_1-11.2                                      |
+------------------------------------------------------------+
| Step 1  PHY / Link           PASS                        |
| Step 2  Endpoint / PTP       PASS                        |
| Step 3  WR Handshake         PASS                        |
| Step 4  SoftPLL Startup      PASS                        |
| Step 5  Closed-loop Lock     INFO                        |
| Step 6  Global Time          VALID                       |
+------------------------------------------------------------+
| Link health                  Link=1  TM=1  RX=1  TX=1 |
| Lock signals                 Helper=1  MainFreq=1  MainPhase=1 |
|                              MainLock=1  PSTAT=1             |
| Global-Time reason           PPS snapshot valid; Step6 gate passed |
| WR PTP servo state           TRACK_PHASE                 |
| WR phase offset              -16 ps (target |offset| <60 ps) |
| Global-Time validity         TIME_VALID=1 PPS_VALID=1     |
| Snapshot                     snapshot=1 stable=1 count=2 |
| PPS registers                CR=20000006 EN=0 ESCR=12    |
| PPS register validity        TM=1 PPS=1                  |
| Step5 result                 LOCK_ACQUIRED_NOT_STABLE    |
+------------------------------------------------------------+

Global Time summary (125 MHz reference; 1 cycle = 8 ns)
------------------------------------------------------------
  MASTER  (DE5_1-11.1)
    TAI=105          CYCLES=124999999    VALID
  SLAVE   (DE5_1-11.2)
    TAI=109          CYCLES=124999999    VALID
------------------------------------------------------------
Dashboard read complete.
White Rabbit Step 1-6 dashboard  2026-09-30T10:42:55+08:00  (read-only)
Sampling interval: 10s; per-board comparison window: 2000ms

+------------------------------------------------------------+
| MASTER   DE5_1-11.1                                      |
+------------------------------------------------------------+
| Step 1  PHY / Link           PASS                        |
| Step 2  Endpoint / PTP       PASS                        |
| Step 3  WR Handshake         INFO                        |
| Step 4  SoftPLL Startup      PASS                        |
| Step 5  Closed-loop Lock     INFO                        |
| Step 6  Global Time          VALID                       |
+------------------------------------------------------------+
| Link health                  Link=1  TM=1  RX=1  TX=1 |
| Lock signals                 Helper=NA  MainFreq=NA  MainPhase=NA |
|                              MainLock=NA  PSTAT=NA             |
| Global-Time reason           PPS snapshot valid; Step6 gate passed |
| WR PTP servo state           NA                          |
| WR phase offset              NA ps                       |
| Global-Time validity         TIME_VALID=1 PPS_VALID=1     |
| Snapshot                     snapshot=1 stable=1 count=116 |
| PPS registers                CR=20000006 EN=0 ESCR=12    |
| PPS register validity        TM=1 PPS=1                  |
| Step5 result                 NOT_APPLICABLE_MASTER       |
+------------------------------------------------------------+
+------------------------------------------------------------+
| SLAVE    DE5_1-11.2                                      |
+------------------------------------------------------------+
| Step 1  PHY / Link           PASS                        |
| Step 2  Endpoint / PTP       PASS                        |
| Step 3  WR Handshake         PASS                        |
| Step 4  SoftPLL Startup      PASS                        |
| Step 5  Closed-loop Lock     INFO                        |
| Step 6  Global Time          VALID                       |
+------------------------------------------------------------+
| Link health                  Link=1  TM=1  RX=1  TX=1 |
| Lock signals                 Helper=1  MainFreq=1  MainPhase=1 |
|                              MainLock=1  PSTAT=1             |
| Global-Time reason           PPS snapshot valid; Step6 gate passed |
| WR PTP servo state           TRACK_PHASE                 |
| WR phase offset              -30 ps (target |offset| <60 ps) |
| Global-Time validity         TIME_VALID=1 PPS_VALID=1     |
| Snapshot                     snapshot=1 stable=1 count=12 |
| PPS registers                CR=20000006 EN=0 ESCR=12    |
| PPS register validity        TM=1 PPS=1                  |
| Step5 result                 LOCK_ACQUIRED_NOT_STABLE    |
+------------------------------------------------------------+

Global Time summary (125 MHz reference; 1 cycle = 8 ns)
------------------------------------------------------------
  MASTER  (DE5_1-11.1)
    TAI=115          CYCLES=124999999    VALID
  SLAVE   (DE5_1-11.2)
    TAI=119          CYCLES=124999999    VALID
------------------------------------------------------------
Dashboard read complete.
White Rabbit Step 1-6 dashboard  2026-09-30T10:43:05+08:00  (read-only)
Sampling interval: 10s; per-board comparison window: 2000ms

+------------------------------------------------------------+
| MASTER   DE5_1-11.1                                      |
+------------------------------------------------------------+
| Step 1  PHY / Link           PASS                        |
| Step 2  Endpoint / PTP       PASS                        |
| Step 3  WR Handshake         INFO                        |
| Step 4  SoftPLL Startup      PASS                        |
| Step 5  Closed-loop Lock     INFO                        |
| Step 6  Global Time          VALID                       |
+------------------------------------------------------------+
| Link health                  Link=1  TM=1  RX=1  TX=1 |
| Lock signals                 Helper=NA  MainFreq=NA  MainPhase=NA |
|                              MainLock=NA  PSTAT=NA             |
| Global-Time reason           PPS snapshot valid; Step6 gate passed |
| WR PTP servo state           NA                          |
| WR phase offset              NA ps                       |
| Global-Time validity         TIME_VALID=1 PPS_VALID=1     |
| Snapshot                     snapshot=1 stable=1 count=126 |
| PPS registers                CR=20000006 EN=0 ESCR=12    |
| PPS register validity        TM=1 PPS=1                  |
| Step5 result                 NOT_APPLICABLE_MASTER       |
+------------------------------------------------------------+
+------------------------------------------------------------+
| SLAVE    DE5_1-11.2                                      |
+------------------------------------------------------------+
| Step 1  PHY / Link           PASS                        |
| Step 2  Endpoint / PTP       PASS                        |
| Step 3  WR Handshake         PASS                        |
| Step 4  SoftPLL Startup      PASS                        |
| Step 5  Closed-loop Lock     INFO                        |
| Step 6  Global Time          NOT QUALIFIED               |
+------------------------------------------------------------+
| Link health                  Link=1  TM=1  RX=1  TX=1 |
| Lock signals                 Helper=1  MainFreq=1  MainPhase=1 |
|                              MainLock=1  PSTAT=1             |
| Global-Time reason           PTP servo offset not yet <60 ps |
| WR PTP servo state           TRACK_PHASE                 |
| WR phase offset              -73 ps (target |offset| <60 ps) |
| Global-Time validity         TIME_VALID=1 PPS_VALID=1     |
| Snapshot                     snapshot=1 stable=1 count=22 |
| PPS registers                CR=20000006 EN=0 ESCR=12    |
| PPS register validity        TM=1 PPS=1                  |
| Step5 result                 LOCK_ACQUIRED_NOT_STABLE    |
+------------------------------------------------------------+

Global Time summary (125 MHz reference; 1 cycle = 8 ns)
------------------------------------------------------------
  MASTER  (DE5_1-11.1)
    TAI=125          CYCLES=124999999    VALID
  SLAVE   (DE5_1-11.2)
    TAI=129          CYCLES=124999999    SNAPSHOT VALID; Step1=PASS Step6=INFO Link=1 TM=1
------------------------------------------------------------
Dashboard read complete.
White Rabbit Step 1-6 dashboard  2026-09-30T10:43:15+08:00  (read-only)
Sampling interval: 10s; per-board comparison window: 2000ms

+------------------------------------------------------------+
| MASTER   DE5_1-11.1                                      |
+------------------------------------------------------------+
| Step 1  PHY / Link           PASS                        |
| Step 2  Endpoint / PTP       PASS                        |
| Step 3  WR Handshake         INFO                        |
| Step 4  SoftPLL Startup      PASS                        |
| Step 5  Closed-loop Lock     INFO                        |
| Step 6  Global Time          VALID                       |
+------------------------------------------------------------+
| Link health                  Link=1  TM=1  RX=1  TX=1 |
| Lock signals                 Helper=NA  MainFreq=NA  MainPhase=NA |
|                              MainLock=NA  PSTAT=NA             |
| Global-Time reason           PPS snapshot valid; Step6 gate passed |
| WR PTP servo state           NA                          |
| WR phase offset              NA ps                       |
| Global-Time validity         TIME_VALID=1 PPS_VALID=1     |
| Snapshot                     snapshot=1 stable=1 count=136 |
| PPS registers                CR=20000006 EN=0 ESCR=12    |
| PPS register validity        TM=1 PPS=1                  |
| Step5 result                 NOT_APPLICABLE_MASTER       |
+------------------------------------------------------------+
+------------------------------------------------------------+
| SLAVE    DE5_1-11.2                                      |
+------------------------------------------------------------+
| Step 1  PHY / Link           PASS                        |
| Step 2  Endpoint / PTP       PASS                        |
| Step 3  WR Handshake         PASS                        |
| Step 4  SoftPLL Startup      PASS                        |
| Step 5  Closed-loop Lock     INFO                        |
| Step 6  Global Time          VALID                       |
+------------------------------------------------------------+
| Link health                  Link=1  TM=1  RX=1  TX=1 |
| Lock signals                 Helper=1  MainFreq=1  MainPhase=1 |
|                              MainLock=1  PSTAT=1             |
| Global-Time reason           PPS snapshot valid; Step6 gate passed |
| WR PTP servo state           TRACK_PHASE                 |
| WR phase offset              10 ps (target |offset| <60 ps) |
| Global-Time validity         TIME_VALID=1 PPS_VALID=1     |
| Snapshot                     snapshot=1 stable=1 count=32 |
| PPS registers                CR=20000006 EN=0 ESCR=12    |
| PPS register validity        TM=1 PPS=1                  |
| Step5 result                 LOCK_ACQUIRED_NOT_STABLE    |
+------------------------------------------------------------+

Global Time summary (125 MHz reference; 1 cycle = 8 ns)
------------------------------------------------------------
  MASTER  (DE5_1-11.1)
    TAI=135          CYCLES=124999999    VALID
  SLAVE   (DE5_1-11.2)
    TAI=139          CYCLES=124999999    VALID
------------------------------------------------------------
Dashboard read complete.
White Rabbit Step 1-6 dashboard  2026-09-30T10:43:25+08:00  (read-only)
Sampling interval: 10s; per-board comparison window: 2000ms

+------------------------------------------------------------+
| MASTER   DE5_1-11.1                                      |
+------------------------------------------------------------+
| Step 1  PHY / Link           PASS                        |
| Step 2  Endpoint / PTP       PASS                        |
| Step 3  WR Handshake         INFO                        |
| Step 4  SoftPLL Startup      PASS                        |
| Step 5  Closed-loop Lock     INFO                        |
| Step 6  Global Time          VALID                       |
+------------------------------------------------------------+
| Link health                  Link=1  TM=1  RX=1  TX=1 |
| Lock signals                 Helper=NA  MainFreq=NA  MainPhase=NA |
|                              MainLock=NA  PSTAT=NA             |
| Global-Time reason           PPS snapshot valid; Step6 gate passed |
| WR PTP servo state           NA                          |
| WR phase offset              NA ps                       |
| Global-Time validity         TIME_VALID=1 PPS_VALID=1     |
| Snapshot                     snapshot=1 stable=1 count=146 |
| PPS registers                CR=20000006 EN=0 ESCR=12    |
| PPS register validity        TM=1 PPS=1                  |
| Step5 result                 NOT_APPLICABLE_MASTER       |
+------------------------------------------------------------+
+------------------------------------------------------------+
| SLAVE    DE5_1-11.2                                      |
+------------------------------------------------------------+
| Step 1  PHY / Link           PASS                        |
| Step 2  Endpoint / PTP       PASS                        |
| Step 3  WR Handshake         PASS                        |
| Step 4  SoftPLL Startup      PASS                        |
| Step 5  Closed-loop Lock     INFO                        |
| Step 6  Global Time          NOT QUALIFIED               |
+------------------------------------------------------------+
| Link health                  Link=1  TM=1  RX=1  TX=1 |
| Lock signals                 Helper=1  MainFreq=1  MainPhase=1 |
|                              MainLock=1  PSTAT=1             |
| Global-Time reason           PTP servo offset not yet <60 ps |
| WR PTP servo state           WAIT_OFFSET_STABLE          |
| WR phase offset              145 ps (target |offset| <60 ps) |
| Global-Time validity         TIME_VALID=1 PPS_VALID=1     |
| Snapshot                     snapshot=1 stable=1 count=42 |
| PPS registers                CR=20000006 EN=0 ESCR=140   |
| PPS register validity        TM=1 PPS=1                  |
| Step5 result                 LOCK_ACQUIRED_NOT_STABLE    |
+------------------------------------------------------------+

Global Time summary (125 MHz reference; 1 cycle = 8 ns)
------------------------------------------------------------
  MASTER  (DE5_1-11.1)
    TAI=145          CYCLES=124999999    VALID
  SLAVE   (DE5_1-11.2)
    TAI=149          CYCLES=124999999    SNAPSHOT VALID; Step1=PASS Step6=INFO Link=1 TM=1
------------------------------------------------------------
Dashboard read complete.
