Info: *******************************************************************
Info: Running Quartus Prime Signal Tap
    Info: Version 21.3.0 Build 170 09/23/2021 SC Pro Edition
    Info: Copyright (C) 2021  Intel Corporation. All rights reserved.
    Info: Your use of Intel Corporation's design tools, logic functions 
    Info: and other software and tools, and any partner logic 
    Info: functions, and any output files from any of the foregoing 
    Info: (including device programming or simulation files), and any 
    Info: associated documentation or information are expressly subject 
    Info: to the terms and conditions of the Intel Program License 
    Info: Subscription Agreement, the Intel Quartus Prime License Agreement,
    Info: the Intel FPGA IP License Agreement, or other applicable license
    Info: agreement, including, without limitation, that your use is for
    Info: the sole purpose of programming logic devices manufactured by
    Info: Intel and sold by Intel or its authorized distributors.  Please
    Info: refer to the applicable agreement for further details, at
    Info: https://fpgasoftware.intel.com/eula.
    Info: Processing started: Sun Aug 30 11:38:33 2026
    Info: System process ID: 902774
Info: Command: quartus_stp -t scripts/jtag/read_step5_hpll_lock_convergence.tcl 5 100 "DE5 [1-11.2]"
Info: Quartus(args): 5 100 {DE5 [1-11.2]}
STEP5_LOCK_CONVERGENCE_CONFIG samples=5 gap_ms=100 board_filter=DE5 [1-11.2] experiment=EXP-WRPC-STEP5-HPLL-BOOTSTRAP-6208-PLUS-64-TRACKER-LONG-LOCK-1800S read_only=1 helper_state=0x00100ABC helper_error=0x00100AD8 helper_output=0x00100ADC cadence_ms=100
=== STEP5_LOCK_CONVERGENCE_BOARD DE5 [1-11.2] ===
STEP5_LOCK_SAMPLE board=DE5 [1-11.2] sample=1 elapsed_ms=0 FRAME_VALID=1 CTRL_BEGIN=00000001 CTRL_END=00000001 HELPER_STATE=00000000 HELPER_LIMITS=271000C8 HELPER_LOCKED=0 HELPER_LOCK_CHANGED=0 HELPER_LOCK_COUNT=0 HELPER_THRESHOLD=200 HELPER_LOCK_SAMPLES=10000 HELPER_ERROR=000249F0 HELPER_ERROR_SIGNED=150000 HELPER_OUTPUT=00000005 HELPER_OUTPUT_SIGNED=5 MAIN_ENABLED=0 MAIN_LOCKED=0 MAIN_FREQ_LOCKED=0 MAIN_PHASE_LOCKED=0 PSTAT_LOCKED=0 SPLL_DELOCK_COUNT=0 WR_LOCK_UNLOCKED=000D8FD1 NORMAL_REQ=2050 NORMAL_COMPLETED=2050 DCO_STEP=8258 BOOTSTRAP_COMPLETED=6208 BOOTSTRAP_DONE=1 BOOT_GENERATION=1 CPU_RESET=1 WR_CORE_RESET=0 SI_CONFIG_DROP=0 CURRENT_TICS=0001F056
STEP5_LOCK_SAMPLE board=DE5 [1-11.2] sample=2 elapsed_ms=100 FRAME_VALID=1 CTRL_BEGIN=00000001 CTRL_END=00000001 HELPER_STATE=00000000 HELPER_LIMITS=271000C8 HELPER_LOCKED=0 HELPER_LOCK_CHANGED=0 HELPER_LOCK_COUNT=0 HELPER_THRESHOLD=200 HELPER_LOCK_SAMPLES=10000 HELPER_ERROR=000249F0 HELPER_ERROR_SIGNED=150000 HELPER_OUTPUT=00000005 HELPER_OUTPUT_SIGNED=5 MAIN_ENABLED=0 MAIN_LOCKED=0 MAIN_FREQ_LOCKED=0 MAIN_PHASE_LOCKED=0 PSTAT_LOCKED=0 SPLL_DELOCK_COUNT=0 WR_LOCK_UNLOCKED=000D8FD1 NORMAL_REQ=2050 NORMAL_COMPLETED=2050 DCO_STEP=8258 BOOTSTRAP_COMPLETED=6208 BOOTSTRAP_DONE=1 BOOT_GENERATION=1 CPU_RESET=1 WR_CORE_RESET=0 SI_CONFIG_DROP=0 CURRENT_TICS=0001F0BA
STEP5_LOCK_SAMPLE board=DE5 [1-11.2] sample=3 elapsed_ms=201 FRAME_VALID=1 CTRL_BEGIN=00000001 CTRL_END=00000001 HELPER_STATE=00000000 HELPER_LIMITS=271000C8 HELPER_LOCKED=0 HELPER_LOCK_CHANGED=0 HELPER_LOCK_COUNT=0 HELPER_THRESHOLD=200 HELPER_LOCK_SAMPLES=10000 HELPER_ERROR=000249F0 HELPER_ERROR_SIGNED=150000 HELPER_OUTPUT=00000005 HELPER_OUTPUT_SIGNED=5 MAIN_ENABLED=0 MAIN_LOCKED=0 MAIN_FREQ_LOCKED=0 MAIN_PHASE_LOCKED=0 PSTAT_LOCKED=0 SPLL_DELOCK_COUNT=0 WR_LOCK_UNLOCKED=000D8FD1 NORMAL_REQ=2050 NORMAL_COMPLETED=2050 DCO_STEP=8258 BOOTSTRAP_COMPLETED=6208 BOOTSTRAP_DONE=1 BOOT_GENERATION=1 CPU_RESET=1 WR_CORE_RESET=0 SI_CONFIG_DROP=0 CURRENT_TICS=0001F11E
STEP5_LOCK_SAMPLE board=DE5 [1-11.2] sample=4 elapsed_ms=300 FRAME_VALID=1 CTRL_BEGIN=00000001 CTRL_END=00000001 HELPER_STATE=00000000 HELPER_LIMITS=271000C8 HELPER_LOCKED=0 HELPER_LOCK_CHANGED=0 HELPER_LOCK_COUNT=0 HELPER_THRESHOLD=200 HELPER_LOCK_SAMPLES=10000 HELPER_ERROR=000249F0 HELPER_ERROR_SIGNED=150000 HELPER_OUTPUT=00000005 HELPER_OUTPUT_SIGNED=5 MAIN_ENABLED=0 MAIN_LOCKED=0 MAIN_FREQ_LOCKED=0 MAIN_PHASE_LOCKED=0 PSTAT_LOCKED=0 SPLL_DELOCK_COUNT=0 WR_LOCK_UNLOCKED=000D8FD1 NORMAL_REQ=2050 NORMAL_COMPLETED=2050 DCO_STEP=8258 BOOTSTRAP_COMPLETED=6208 BOOTSTRAP_DONE=1 BOOT_GENERATION=1 CPU_RESET=1 WR_CORE_RESET=0 SI_CONFIG_DROP=0 CURRENT_TICS=0001F182
STEP5_LOCK_SAMPLE board=DE5 [1-11.2] sample=5 elapsed_ms=401 FRAME_VALID=1 CTRL_BEGIN=00000001 CTRL_END=00000001 HELPER_STATE=00000000 HELPER_LIMITS=271000C8 HELPER_LOCKED=0 HELPER_LOCK_CHANGED=0 HELPER_LOCK_COUNT=0 HELPER_THRESHOLD=200 HELPER_LOCK_SAMPLES=10000 HELPER_ERROR=000249F0 HELPER_ERROR_SIGNED=150000 HELPER_OUTPUT=00000005 HELPER_OUTPUT_SIGNED=5 MAIN_ENABLED=0 MAIN_LOCKED=0 MAIN_FREQ_LOCKED=0 MAIN_PHASE_LOCKED=0 PSTAT_LOCKED=0 SPLL_DELOCK_COUNT=0 WR_LOCK_UNLOCKED=000D8FD1 NORMAL_REQ=2050 NORMAL_COMPLETED=2050 DCO_STEP=8258 BOOTSTRAP_COMPLETED=6208 BOOTSTRAP_DONE=1 BOOT_GENERATION=1 CPU_RESET=1 WR_CORE_RESET=0 SI_CONFIG_DROP=0 CURRENT_TICS=0001F1E6
STEP5_LOCK_CONVERGENCE_SUMMARY board=DE5 [1-11.2] SAMPLES=5 VALID_FRAMES=5 INVALID_FRAMES=0 WINDOW_SECONDS=0.401 HELPER_LOCK_COUNT_MAX=0 HELPER_LOCK_COUNT_FINAL=0 HELPER_LOCKED_SEEN=0 HELPER_LOCKED_FINAL=0 FIRST_HELPER_LOCK_SAMPLE=NONE LOCK_CHANGED_EVENTS=0 HELPER_ERROR_SAMPLES=5 HELPER_ERROR_MEAN=150000.0 HELPER_ERROR_RMS=150000.0 HELPER_ERROR_MAX_ABS=150000 HELPER_ERROR_FRACTION_ABS_LE_THRESHOLD=0.0 HELPER_OUTPUT_RAIL5_SAMPLES=5 HELPER_OUTPUT_RAIL5_FRACTION=100.0 HELPER_ERROR_PLUS150000_SAMPLES=5 HELPER_ERROR_PLUS150000_FRACTION=100.0 MAIN_ENABLED_FINAL=0 MAIN_LOCKED_FINAL=0 MAIN_FREQ_LOCKED_FINAL=0 MAIN_PHASE_LOCKED_FINAL=0 PSTAT_LOCKED_FINAL=0 SPLL_DELOCK_COUNT_FIRST=0 SPLL_DELOCK_COUNT_MAX=0 SPLL_DELOCK_COUNT_FINAL=0 CURRENT_TICS_DELTA=400 NORMAL_REQ_DELTA=0 NORMAL_COMPLETED_DELTA=0 DCO_STEP_DELTA=0 FORCED_ACTIVITY_DELTA=0 BOOTSTRAP_COMPLETED_DELTA=0 BOOTSTRAP_DONE_FINAL=1 NORMAL_TRANSACTION_ACCOUNTING=PASS RESET_BOOT_GENERATION_DELTA=0 RESET_CPU_DELTA=0 RESET_WR_CORE_DELTA=0 RESET_SI_CONFIG_DELTA=0
STEP5_LOCK_CONVERGENCE_DONE
Info (23030): Evaluation of Tcl script scripts/jtag/read_step5_hpll_lock_convergence.tcl was successful
Info: Quartus Prime Signal Tap was successful. 0 errors, 0 warnings
    Info: Peak virtual memory: 677 megabytes
    Info: Processing ended: Sun Aug 30 11:38:34 2026
    Info: Elapsed time: 00:00:01
    Info: System process ID: 902774
