Info: *******************************************************************
Info: Running Quartus Prime SignalTap II
    Info: Version 17.0.0 Build 595 04/25/2017 SJ Standard Edition
    Info: Copyright (C) 2017  Intel Corporation. All rights reserved.
    Info: Your use of Intel Corporation's design tools, logic functions 
    Info: and other software and tools, and its AMPP partner logic 
    Info: functions, and any output files from any of the foregoing 
    Info: (including device programming or simulation files), and any 
    Info: associated documentation or information are expressly subject 
    Info: to the terms and conditions of the Intel Program License 
    Info: Subscription Agreement, the Intel Quartus Prime License Agreement,
    Info: the Intel MegaCore Function License Agreement, or other 
    Info: applicable license agreement, including, without limitation, 
    Info: that your use is for the sole purpose of programming logic 
    Info: devices manufactured by Intel and sold by Intel or its 
    Info: authorized distributors.  Please refer to the applicable 
    Info: agreement for further details.
    Info: Processing started: Thu Sep 24 21:28:29 2026
Info: Command: quartus_stp -t scripts/jtag/read_wb_runtime.tcl --raw
Info: Quartus(args): --raw
RAW mailbox completion toggle wb_sync_toggle=0

============================================================
White Rabbit Runtime 診斷：DE5 [1-11.1]
============================================================

## [Step 1] PHY / 光纖 Link
[pass] si_config_done           結果: 1/1
[pass] wr_ready                 結果: 1/1
[pass] core_tm_link_up          結果: 1/1
[pass] core_link_ok             結果: 1/1
[pass] wr_rx_ready              結果: 1/1
[pass] wr_tx_ready              結果: 1/1
[pass] core_phy_rst             結果: 0/0
[pass] si_id_error              結果: 0/0
[pass] wr_rx_enc_err            結果: 0/0
[pass] wr_tx_enc_err            結果: 0/0
[pass] CPU_RESET_n              結果: 1/1
[pass] wr_rx_locked_to_data     結果: 1/1
[info] wr_rx_locked_to_ref      結果: 0/NA
[info] MOD_PRS_n                結果: 0/NA
[info] INTERRUPT_n              結果: 1/NA
Step 1 pass

## [Step 2] Endpoint / MiniNIC / PTP
[pass] EP_MAC_H/EP_MAC_L        結果: 02:00:22:33:44:01/02:00:22:33:44:01
[pass] WDIAGS_MODE              結果: 2 MASTER/2 MASTER
[pass] WDIAGS_PTP               結果: 6 MASTER (raw=01014106)/6 MASTER
[pass] WDIAGS_PTP_RX            結果: Δ=12/Δ>0
RAW WDIAGS_PTP_RX            before=0x00000108 after=0x00000114 delta=12
[pass] WDIAGS_PTP_TX            結果: Δ=27/Δ>0
RAW WDIAGS_PTP_TX            before=0x0000036F after=0x0000038A delta=27
[pass] WDIAGS_TX                結果: Δ=34/Δ>0
RAW WDIAGS_TX                before=0x00000490 after=0x000004B2 delta=34
[pass] WDIAGS_RX                結果: Δ=18/Δ>0
RAW WDIAGS_RX                before=0x00000192 after=0x000001A4 delta=18
[pass] WDIAGS_RXERR             結果: Δ=0/Δ=0
RAW WDIAGS_RXERR             before=0x00000000 after=0x00000000 delta=0
Step 2 pass

## [Step 3] WR Parent / Signaling
Step 3 NA

## [Step 4A] Master SoftPLL Event Chain
[pass] DMTD_REF_ACCEPT_EVENT    結果: Δ=23501/Δ>=0
RAW DMTD_REF_ACCEPT_EVENT    before=0x001B067A after=0x001B6247 delta=23501
[pass] DMTD_FB_ACCEPT_EVENT     結果: Δ=23504/Δ>=0
RAW DMTD_FB_ACCEPT_EVENT     before=0x004F00C8 after=0x004F5C98 delta=23504
[pass] DMTD_ACCEPT              結果: Δ=47005/Δ>0
[pass] SPLL_TAG_VALID_COUNT     結果: Δ=47021/Δ>0
RAW SPLL_TAG_VALID_COUNT     before=0x0016867C after=0x00173E29 delta=47021
[pass] SPLL_TRR_WRITE_COUNT     結果: Δ=47027/Δ>0
RAW SPLL_TRR_WRITE_COUNT     before=0x001686D0 after=0x00173E83 delta=47027
[pass] WRPC_SPLL_TRR_POP_COUNT  結果: Δ=46482/Δ>0
RAW WRPC_SPLL_TRR_POP_COUNT  before=0x001686D4 after=0x00173C66 delta=46482
[pass] WDIAGS_IRQ_COUNT         結果: Δ=46018/Δ>0
RAW WDIAGS_IRQ_COUNT         before=0x0015C4BC after=0x0016787E delta=46018
[pass] WDIAGS_HELPER_UPDATE_COUNT 結果: Δ=23629/Δ>0
RAW WDIAGS_HELPER_UPDATE_COUNT before=0x0010A12A after=0x0010FD77 delta=23629
[pass] BOOT_GENERATION          結果: Δ=0/Δ=0
RAW BOOT_GENERATION          before=0x00000001 after=0x00000001 delta=0
[pass] CPU_RESET_COUNT          結果: Δ=0/Δ=0
RAW CPU_RESET_COUNT          before=0x00000001 after=0x00000001 delta=0
[pass] WR_CORE_RESET_COUNT      結果: Δ=0/Δ=0
RAW WR_CORE_RESET_COUNT      before=0x00000001 after=0x00000001 delta=0
[pass] SI_CONFIG_DROP_COUNT     結果: Δ=0/Δ=0
RAW SI_CONFIG_DROP_COUNT     before=0x00000001 after=0x00000001 delta=0
STEP4A_MASTER_EVENT_CHAIN = PASS
Step 4 pass

## [Step 5] Closed-loop Lock
STEP5_RESULT = NOT_APPLICABLE_MASTER
STEP5_FIRST_INACTIVE_BOUNDARY = SLAVE_ONLY
Step 5 NA (Step5 closed-loop gate is for Slave)

## [Step 6] Global Time
Step 6 NA

============================================================
White Rabbit Runtime 診斷：DE5 [1-11.1]
============================================================
Step 1 PHY / Link             pass
Step 2 Endpoint / PTP         pass
Step 3 WR Handshake           NA
Step 4 Step4A Master Event Chain pass
Step 5 Closed-loop Lock       NA
Step 6 Global Time            NA
STEP1_REGRESSION = PASS
STEP2_REGRESSION = PASS
STEP3_REGRESSION = PASS
STEP4A_RESULT = PASS
STEP5_RESULT = NOT_APPLICABLE_MASTER
STEP5_FIRST_INACTIVE_BOUNDARY = SLAVE_ONLY
FAILURE_CLASSIFICATION = NO_FAILURE_EVIDENCE
============================================================

================ RAW_SNAPSHOT ================
RAW_SNAPSHOT board=DE5 [1-11.1] label=before
  status           = 0110F8C1225082FF
  cpu              = 0000007C00018BA0
  marker           = 000000010000B004
  store            = 00000A2C00020EE0
  store_count      = 000000003D0F0FBD
  exception        = 8000000B00018B64
  clock            = 002AA3A6BC19DD68
  boot_generation  = 00000001
  cpu_reset_count  = 00000001
  wr_core_reset_count = 00000001
  si_config_drop_count = 00000001
  pps_cr           = 01312D06
  pps_escr         = 0000010C
  ep_mach          = 02000200
  ep_macl          = 22334401
  ep_dsr           = 42000000
  ptp              = 01014106
  ptp_rx           = 00000108
  ptp_tx           = 0000036F
  ptp_meta         = 02010306
  tx               = 00000490
  rx               = 00000192
  rxerr            = 00000000
  ptp_types        = 04010101
  foreign_meta     = 0000FF00
  filter_meta      = 00000000
  parse_meta       = 020101CE
  wr_rx_signal     = 10040004
  wr_tx_signal     = 10050004
  wr_failure       = 00000000
  wr_state         = A0200067
  wr_reject        = 00000000
  pstat            = 00000001
  sstat            = 00000000
  sec_h            = 00000000
  sec_l            = 00000118
  ns               = 3197E6A8
  lock_enable      = 00000000
  lock_result      = 00000000
  lock_polls       = 00000000
  lock_unlocked    = 00000000
  lock_calibration_fail = 00000000
  spll_state       = 00020004
  spll_ocer        = 469C0001
  spll_rcer        = 00000001
  spll_occr        = 0C0001E5
  spll_trr_csr     = 00167CC0
  spll_dac_hpll    = F628EA82
  spll_dac_main    = 00000007
  spll_helper_state = 00060100
  spll_helper_limits = 03E807D0
  spll_main_state  = 00000000
  spll_main_limits = 00320032
  spll_main_phase_limits = 03E804B0
  spll_state_visit_mask = 00000618
  spll_state_transitions = 00000003
  spll_last_state  = 00000004
  spll_init_count  = 00000001
  dmtd_ref         = 001B067A
  dmtd_fb          = 004F00C8
  dmtd_ref_high_qual_abort = 0EACC152
  dmtd_fb_high_qual_abort = 009A2B39
  tag_valid        = 0016867C
  trr_write        = 001686D0
  irq              = 0015C4BC
  helper_update    = 0010A12A
  spll_helper_error = FFFDB610
  spll_helper_output = 0000FFFB
  eic_isr          = FFFF0000
  current_tics     = 00044FBD
RAW_SNAPSHOT board=DE5 [1-11.1] label=after
  status           = 3110F86132BC82FF
  cpu              = 0000007C00017680
  marker           = 000000010000B004
  store            = 001000000002FF6C
  store_count      = 000000003E900FB7
  exception        = 8000000B00005230
  clock            = 002F9FE9B7A5D9AB
  boot_generation  = 00000001
  cpu_reset_count  = 00000001
  wr_core_reset_count = 00000001
  si_config_drop_count = 00000001
  pps_cr           = 01312D06
  pps_escr         = 0000010C
  ep_mach          = 02000200
  ep_macl          = 22334401
  ep_dsr           = 42000000
  ptp              = 01014106
  ptp_rx           = 00000114
  ptp_tx           = 0000038A
  ptp_meta         = 02010306
  tx               = 000004B2
  rx               = 000001A4
  rxerr            = 00000000
  ptp_types        = 04010101
  foreign_meta     = 0000FF00
  filter_meta      = 00000000
  parse_meta       = 020101E5
  wr_rx_signal     = 10040004
  wr_tx_signal     = 10050004
  wr_failure       = 00000000
  wr_state         = A0200067
  wr_reject        = 00000000
  pstat            = 00000001
  sstat            = 00000000
  sec_h            = 00000000
  sec_l            = 0000011E
  ns               = 3198E848
  lock_enable      = 00000000
  lock_result      = 00000000
  lock_polls       = 00000000
  lock_unlocked    = 00000000
  lock_calibration_fail = 00000000
  spll_state       = 00020004
  spll_ocer        = B17E5C01
  spll_rcer        = 00000001
  spll_occr        = 8C0001F9
  spll_trr_csr     = 00163252
  spll_dac_hpll    = 239BD8CC
  spll_dac_main    = 00000008
  spll_helper_state = 00060100
  spll_helper_limits = 03E807D0
  spll_main_state  = 00000000
  spll_main_limits = 00320032
  spll_main_phase_limits = 03E804B0
  spll_state_visit_mask = 00000618
  spll_state_transitions = 00000003
  spll_last_state  = 00000004
  spll_init_count  = 00000001
  dmtd_ref         = 001B6247
  dmtd_fb          = 004F5C98
  dmtd_ref_high_qual_abort = 0EAD9296
  dmtd_fb_high_qual_abort = 009D7EE0
  tag_valid        = 00173E29
  trr_write        = 00173E83
  irq              = 0016787E
  helper_update    = 0010FD77
  spll_helper_error = FFFDB610
  spll_helper_output = 0000FFFB
  eic_isr          = FFFF0000
  current_tics     = 00046791
RAW mailbox completion toggle wb_sync_toggle=0

============================================================
White Rabbit Runtime 診斷：DE5 [1-11.2]
============================================================

## [Step 1] PHY / 光纖 Link
[pass] si_config_done           結果: 1/1
[pass] wr_ready                 結果: 1/1
[pass] core_tm_link_up          結果: 1/1
[pass] core_link_ok             結果: 1/1
[pass] wr_rx_ready              結果: 1/1
[pass] wr_tx_ready              結果: 1/1
[pass] core_phy_rst             結果: 0/0
[pass] si_id_error              結果: 0/0
[pass] wr_rx_enc_err            結果: 0/0
[pass] wr_tx_enc_err            結果: 0/0
[pass] CPU_RESET_n              結果: 1/1
[pass] wr_rx_locked_to_data     結果: 1/1
[info] wr_rx_locked_to_ref      結果: 0/NA
[info] MOD_PRS_n                結果: 0/NA
[info] INTERRUPT_n              結果: 1/NA
Step 1 pass

## [Step 2] Endpoint / MiniNIC / PTP
[pass] EP_MAC_H/EP_MAC_L        結果: 02:00:22:33:44:02/02:00:22:33:44:02
[pass] WDIAGS_MODE              結果: 3 SLAVE/3 SLAVE
[pass] WDIAGS_PTP               結果: 9 SLAVE (raw=00004109)/9 SLAVE
[pass] WDIAGS_PTP_RX            結果: Δ=27/Δ>0
RAW WDIAGS_PTP_RX            before=0x0000026C after=0x00000287 delta=27
[pass] WDIAGS_PTP_TX            結果: Δ=12/Δ>0
RAW WDIAGS_PTP_TX            before=0x00000101 after=0x0000010D delta=12
[pass] WDIAGS_TX                結果: Δ=20/Δ>0
RAW WDIAGS_TX                before=0x000001C3 after=0x000001D7 delta=20
[pass] WDIAGS_RX                結果: Δ=31/Δ>0
RAW WDIAGS_RX                before=0x00000300 after=0x0000031F delta=31
[pass] WDIAGS_RXERR             結果: Δ=0/Δ=0
RAW WDIAGS_RXERR             before=0x00000000 after=0x00000000 delta=0
Step 2 pass

## [Step 3] WR Parent / Signaling
[pass] WDIAGS_FOREIGN_META      結果: 1/1
[pass] WDIAGS_FOREIGN_META      結果: 0/0
[info] WDIAGS_FOREIGN_META      結果: detection=0 config=3/NA
[pass] parentIsWRnode           結果: 1/1
[info] parentWrModeOn           結果: 1/NA
[pass] parentCalibrated         結果: 1/1
[error] WR_RX_SIGNAL_DEBUG       結果: WR_MODE_ON count=4/LOCK 0x1001,count>0
[error] WR_TX_SIGNAL_DEBUG       結果: CALIBRATED count=4/SLAVE_PRESENT 0x1000,count>0
[info] WDIAGS_TEMP              結果: WRS_IDLE next=WRS_IDLE READ_INCONSISTENT/NA
[pass] LOCK_ENABLE              結果: 1/> 0
Step 3 error

## [Step 4B] Slave SoftPLL Startup
[info] STEP4B_UPSTREAM_GATE     結果: BLOCKED/NA
STEP4B_ALLOWED = NO
STEP4B_RESULT = BLOCKED_BY_STEP3
STEP4B_FIRST_INACTIVE_BOUNDARY = UPSTREAM_PREREQUISITE
Step 4B BLOCKED (upstream prerequisite)
Step 4 NA

## [Step 5] Closed-loop Lock
STEP5_RESULT = UPSTREAM_NOT_READY
STEP5_FIRST_INACTIVE_BOUNDARY = UPSTREAM_STEP4B
Step 5 NA

## [Step 6] Global Time
Step 6 NA

============================================================
White Rabbit Runtime 診斷：DE5 [1-11.2]
============================================================
Step 1 PHY / Link             pass
Step 2 Endpoint / PTP         pass
Step 3 WR Handshake           error
Step 4 Step4B Slave SoftPLL Startup blocked
Step 5 Closed-loop Lock       NA
Step 6 Global Time            NA
STEP1_REGRESSION = PASS
STEP2_REGRESSION = PASS
STEP3_REGRESSION = INVALID
STEP4B_ALLOWED = NO
STEP4B_RESULT = BLOCKED_BY_STEP3
STEP4B_FIRST_INACTIVE_BOUNDARY = UPSTREAM_PREREQUISITE
STEP5_RESULT = UPSTREAM_NOT_READY
STEP5_FIRST_INACTIVE_BOUNDARY = UPSTREAM_STEP4B
FAILURE_CLASSIFICATION = JTAG/DASHBOARD_MEASUREMENT_FAILURE
============================================================

================ RAW_SNAPSHOT ================
RAW_SNAPSHOT board=DE5 [1-11.2] label=before
  status           = 7610D2C1215082EF
  cpu              = 0000007C000051EC
  marker           = 000000010000B004
  store            = 001000000002FF6C
  store_count      = 0000000026880C49
  exception        = 8000000B0001A7A4
  clock            = 00293BD22D843E85
  boot_generation  = 00000001
  cpu_reset_count  = 00000001
  wr_core_reset_count = 00000001
  si_config_drop_count = 00000001
  pps_cr           = 01312D06
  pps_escr         = 00000100
  ep_mach          = 02000200
  ep_macl          = 22334402
  ep_dsr           = 42000000
  ptp              = 00004109
  ptp_rx           = 0000026C
  ptp_tx           = 00000101
  ptp_meta         = 03010309
  tx               = 000001C3
  rx               = 00000300
  rxerr            = 00000000
  ptp_types        = 048C458B
  foreign_meta     = 03000001
  filter_meta      = 00000000
  parse_meta       = 070145A3
  wr_rx_signal     = 10050004
  wr_tx_signal     = 10040004
  wr_failure       = 00000000
  wr_state         = A040035F
  wr_reject        = 00000000
  pstat            = 00000003
  sstat            = 00000501
  sec_h            = 00000000
  sec_l            = 00000120
  ns               = 019AC960
  lock_enable      = 00000001
  lock_result      = 00000100
  lock_polls       = 00058DA4
  lock_unlocked    = 00058838
  lock_calibration_fail = 0000050B
  spll_state       = 00030008
  spll_ocer        = 8A9D3D01
  spll_rcer        = 00000001
  spll_occr        = FE01010A
  spll_trr_csr     = 000ED558
  spll_dac_hpll    = 3AD41730
  spll_dac_main    = 00000004
  spll_helper_state = 03E80001
  spll_helper_limits = 03E807D0
  spll_main_state  = 3E80320F
  spll_main_limits = 00320014
  spll_main_phase_limits = 03E804B0
  spll_state_visit_mask = 00000778
  spll_state_transitions = 00000006
  spll_last_state  = 00000008
  spll_init_count  = 00000001
  dmtd_ref         = 01F58BA0
  dmtd_fb          = 0220F24B
  dmtd_ref_high_qual_abort = 005F9E69
  dmtd_fb_high_qual_abort = 0045964F
  tag_valid        = 000FDD4B
  trr_write        = 000FDDA0
  irq              = 000FC2E7
  helper_update    = 000777F0
  spll_helper_error = 00000022
  spll_helper_output = 0000EA67
  eic_isr          = FFFF0000
  current_tics     = 00023CE6
RAW_SNAPSHOT board=DE5 [1-11.2] label=after
  status           = E910D2E1217082EF
  cpu              = 0000007C000098D8
  marker           = 000000010000B004
  store            = 0005914400020CD8
  store_count      = 00000000282DE21B
  exception        = 8000000B0000E980
  clock            = 00292D101E0E2FC3
  boot_generation  = 00000001
  cpu_reset_count  = 00000001
  wr_core_reset_count = 00000001
  si_config_drop_count = 00000001
  pps_cr           = 01312D06
  pps_escr         = 00000100
  ep_mach          = 02000200
  ep_macl          = 22334402
  ep_dsr           = 42000000
  ptp              = 00004109
  ptp_rx           = 00000287
  ptp_tx           = 0000010D
  ptp_meta         = 03010309
  tx               = 000001D7
  rx               = 0000031F
  rxerr            = 00000000
  ptp_types        = 04914890
  foreign_meta     = 03000001
  filter_meta      = 00000000
  parse_meta       = 070148BE
  wr_rx_signal     = 10050004
  wr_tx_signal     = 10040004
  wr_failure       = 00000000
  wr_state         = A040035F
  wr_reject        = 00000000
  pstat            = 00000003
  sstat            = 00000501
  sec_h            = 00000000
  sec_l            = 00000126
  ns               = 07914C30
  lock_enable      = 00000001
  lock_result      = 00000100
  lock_polls       = 00058DAA
  lock_unlocked    = 00058838
  lock_calibration_fail = 0000050B
  spll_state       = 00030008
  spll_ocer        = 90346C01
  spll_rcer        = 00000001
  spll_occr        = E0010139
  spll_trr_csr     = 00128826
  spll_dac_hpll    = 67884DBC
  spll_dac_main    = 00000004
  spll_helper_state = 03E80001
  spll_helper_limits = 03E807D0
  spll_main_state  = 3E80320F
  spll_main_limits = 00320014
  spll_main_phase_limits = 03E804B0
  spll_state_visit_mask = 00000778
  spll_state_transitions = 00000006
  spll_last_state  = 00000008
  spll_init_count  = 00000001
  dmtd_ref         = 01F5E596
  dmtd_fb          = 02214C40
  dmtd_ref_high_qual_abort = 0063DD9D
  dmtd_fb_high_qual_abort = 0048AC12
  tag_valid        = 00109139
  trr_write        = 0010918E
  irq              = 001075B5
  helper_update    = 0007D157
  spll_helper_error = FFFFFF65
  spll_helper_output = 0000EBB2
  eic_isr          = FFFF0000
  current_tics     = 000254BA

============================================================
JTAG/WB transport health summary
============================================================
WB_TRANSPORT_PROTOCOL = PRELOAD_THEN_TOGGLE_COMMIT
WB_REQUEST_COUNT = 353
PRELOAD_COUNT = 353
COMMIT_COUNT = 353
WB_PROBE_READ_COUNT = 1765
PRELOAD_UNEXPECTED_TRIGGER_COUNT = 0
PROBE_3WAY_MATCH_COUNT = 353
STABLE_RESPONSE_WRONG_COUNT = 0
ADDRESS_CROSS_CONTAMINATION_COUNT = 0
TIMEOUT_COUNT = 0
INVALID_COUNT = 0
STALE_A5A5_COUNT = 0
UNSTABLE_TRANSACTION_COUNT = 0
DMTD_REF_DECREASE_COUNT = 0
DMTD_FB_DECREASE_COUNT = 0
PRELOAD_PROTOCOL_RUNTIME_REVALIDATION = PASS
JTAG_WB_DIAGNOSTIC_PATH = TRUSTED
============================================================

============================================================
STEP4A_RESULT = PASS
STEP4B_ALLOWED = NO
STEP4B_RESULT = BLOCKED_BY_STEP3
STEP4B_FIRST_INACTIVE_BOUNDARY = UPSTREAM_PREREQUISITE
STEP5_RESULT = NOT_APPLICABLE_MASTER
STEP5_FIRST_INACTIVE_BOUNDARY = SLAVE_ONLY
STEP5_RESULT = UPSTREAM_NOT_READY
STEP5_FIRST_INACTIVE_BOUNDARY = UPSTREAM_STEP4B
============================================================
Info (23030): Evaluation of Tcl script scripts/jtag/read_wb_runtime.tcl was successful
Info: Quartus Prime SignalTap II was successful. 0 errors, 0 warnings
    Info: Peak virtual memory: 776 megabytes
    Info: Processing ended: Thu Sep 24 21:28:44 2026
    Info: Elapsed time: 00:00:15
    Info: Total CPU time (on all processors): 00:00:00
