Info: *******************************************************************
Info: Running Quartus Prime Signal Tap
    Info: Version 21.3.0 Build 170 09/23/2021 SC Pro Edition
    Info: Copyright (C) 2021  Intel Corporation. All rights reserved.
    Info: Your use of Intel Corporation's design tools, logic functions 
    Info: and other software and tools, and any partner logic 
    Info: functions, and any output files from any of the foregoing 
    Info: (including device programming or simulation files), and any 
    Info: associated documentation or information are expressly subject 
    Info: to the terms and conditions of the Intel Program License 
    Info: Subscription Agreement, the Intel Quartus Prime License Agreement,
    Info: the Intel FPGA IP License Agreement, or other applicable license
    Info: agreement, including, without limitation, that your use is for
    Info: the sole purpose of programming logic devices manufactured by
    Info: Intel and sold by Intel or its authorized distributors.  Please
    Info: refer to the applicable agreement for further details, at
    Info: https://fpgasoftware.intel.com/eula.
    Info: Processing started: Wed Sep  2 20:35:12 2026
    Info: System process ID: 3627896
Info: Command: quartus_stp -t scripts/jtag/read_wb_runtime.tcl --raw
Info: Quartus(args): --raw
RAW mailbox completion toggle wb_sync_toggle=0

============================================================
White Rabbit Runtime 診斷：DE5 [1-11.1]
============================================================

## [Step 1] PHY / 光纖 Link
[pass] si_config_done           結果: 1/1
[pass] wr_ready                 結果: 1/1
[pass] core_tm_link_up          結果: 1/1
[pass] core_link_ok             結果: 1/1
[pass] wr_rx_ready              結果: 1/1
[pass] wr_tx_ready              結果: 1/1
[pass] core_phy_rst             結果: 0/0
[pass] si_id_error              結果: 0/0
[pass] wr_rx_enc_err            結果: 0/0
[pass] wr_tx_enc_err            結果: 0/0
[pass] CPU_RESET_n              結果: 1/1
[pass] wr_rx_locked_to_data     結果: 1/1
[info] wr_rx_locked_to_ref      結果: 0/NA
[info] MOD_PRS_n                結果: 0/NA
[info] INTERRUPT_n              結果: 1/NA
Step 1 pass

## [Step 2] Endpoint / MiniNIC / PTP
[pass] EP_MAC_H/EP_MAC_L        結果: 02:00:22:33:44:01/02:00:22:33:44:01
[pass] WDIAGS_MODE              結果: 2 MASTER/2 MASTER
[pass] WDIAGS_PTP               結果: 6 MASTER (raw=01014106)/6 MASTER
[pass] WDIAGS_PTP_RX            結果: Δ=12/Δ>0
RAW WDIAGS_PTP_RX            before=0x0000180E after=0x0000181A delta=12
[pass] WDIAGS_PTP_TX            結果: Δ=29/Δ>0
RAW WDIAGS_PTP_TX            before=0x00003619 after=0x00003636 delta=29
[pass] WDIAGS_TX                結果: Δ=33/Δ>0
RAW WDIAGS_TX                before=0x00004497 after=0x000044B8 delta=33
[pass] WDIAGS_RX                結果: Δ=17/Δ>0
RAW WDIAGS_RX                before=0x00002420 after=0x00002431 delta=17
[pass] WDIAGS_RXERR             結果: Δ=0/Δ=0
RAW WDIAGS_RXERR             before=0x00000000 after=0x00000000 delta=0
Step 2 pass

## [Step 3] WR Parent / Signaling
Step 3 NA

## [Step 4A] Master SoftPLL Event Chain
[pass] DMTD_REF_ACCEPT_EVENT    結果: Δ=25362/Δ>=0
RAW DMTD_REF_ACCEPT_EVENT    before=0x00D58E65 after=0x00D5F177 delta=25362
[pass] DMTD_FB_ACCEPT_EVENT     結果: Δ=24330/Δ>=0
RAW DMTD_FB_ACCEPT_EVENT     before=0x00FCF39B after=0x00FD52A5 delta=24330
[pass] DMTD_ACCEPT              結果: Δ=49692/Δ>0
[pass] SPLL_TAG_VALID_COUNT     結果: Δ=24338/Δ>0
RAW SPLL_TAG_VALID_COUNT     before=0x00BDC8D2 after=0x00BE27E4 delta=24338
[pass] SPLL_TRR_WRITE_COUNT     結果: Δ=24339/Δ>0
RAW SPLL_TRR_WRITE_COUNT     before=0x00BDC900 after=0x00BE2813 delta=24339
[pass] WRPC_SPLL_TRR_POP_COUNT  結果: Δ=24407/Δ>0
RAW WRPC_SPLL_TRR_POP_COUNT  before=0x00BDC7F5 after=0x00BE274C delta=24407
[pass] WDIAGS_IRQ_COUNT         結果: Δ=24406/Δ>0
RAW WDIAGS_IRQ_COUNT         before=0x00BDC7F5 after=0x00BE274B delta=24406
[pass] WDIAGS_HELPER_UPDATE_COUNT 結果: Δ=24006/Δ>0
RAW WDIAGS_HELPER_UPDATE_COUNT before=0x00BDC986 after=0x00BE274C delta=24006
[pass] BOOT_GENERATION          結果: Δ=0/Δ=0
RAW BOOT_GENERATION          before=0x00000001 after=0x00000001 delta=0
[pass] CPU_RESET_COUNT          結果: Δ=0/Δ=0
RAW CPU_RESET_COUNT          before=0x00000001 after=0x00000001 delta=0
[pass] WR_CORE_RESET_COUNT      結果: Δ=0/Δ=0
RAW WR_CORE_RESET_COUNT      before=0x00000001 after=0x00000001 delta=0
[pass] SI_CONFIG_DROP_COUNT     結果: Δ=0/Δ=0
RAW SI_CONFIG_DROP_COUNT     before=0x00000001 after=0x00000001 delta=0
STEP4A_MASTER_EVENT_CHAIN = PASS
Step 4 pass

## [Step 5] Closed-loop Lock
STEP5_RESULT = NOT_APPLICABLE_MASTER
STEP5_FIRST_INACTIVE_BOUNDARY = SLAVE_ONLY
Step 5 NA (Step5 closed-loop gate is for Slave)

## [Step 6] Global Time
Step 6 NA

============================================================
White Rabbit Runtime 診斷：DE5 [1-11.1]
============================================================
Step 1 PHY / Link             pass
Step 2 Endpoint / PTP         pass
Step 3 WR Handshake           NA
Step 4 Step4A Master Event Chain pass
Step 5 Closed-loop Lock       NA
Step 6 Global Time            NA
STEP1_REGRESSION = PASS
STEP2_REGRESSION = PASS
STEP3_REGRESSION = PASS
STEP4A_RESULT = PASS
STEP5_RESULT = NOT_APPLICABLE_MASTER
STEP5_FIRST_INACTIVE_BOUNDARY = SLAVE_ONLY
FAILURE_CLASSIFICATION = NO_FAILURE_EVIDENCE
============================================================

================ RAW_SNAPSHOT ================
RAW_SNAPSHOT board=DE5 [1-11.1] label=before
  status           = 7110E441365882FF
  cpu              = 0000007C000011AC
  marker           = 000000010000B004
  store            = 002F73300001E1E0
  store_count      = 00000000510C05A2
  exception        = 8000000B000011A8
  clock            = 002FE34D5093CC31
  boot_generation  = 00000001
  cpu_reset_count  = 00000001
  wr_core_reset_count = 00000001
  si_config_drop_count = 00000001
  pps_cr           = 01312D06
  pps_escr         = 00000C0C
  ep_mach          = 02000200
  ep_macl          = 22334401
  ep_dsr           = 42000000
  ptp              = 01014106
  ptp_rx           = 0000180E
  ptp_tx           = 00003619
  ptp_meta         = 02020406
  tx               = 00004497
  rx               = 00002420
  rxerr            = 00000000
  ptp_types        = 01030203
  foreign_meta     = 00000001
  filter_meta      = 00000000
  parse_meta       = 000102F3
  wr_rx_signal     = 10000001
  wr_tx_signal     = 10010004
  wr_failure       = 01030001
  wr_state         = A0000064
  wr_reject        = 00000000
  pstat            = 00000001
  sstat            = 00000000
  sec_h            = 00000000
  sec_l            = 00000C24
  ns               = 34AF6F68
  lock_enable      = 00000000
  lock_result      = 00000000
  lock_polls       = 00000000
  lock_unlocked    = 00000000
  lock_calibration_fail = 00000000
  spll_state       = 00020004
  spll_ocer        = 6A884601
  spll_rcer        = 00000000
  spll_occr        = FF0001FF
  spll_trr_csr     = 00BEC24A
  spll_dac_hpll    = 7ECDD5C9
  spll_dac_main    = 0000005A
  spll_helper_state = 00010100
  spll_helper_limits = 271000C8
  spll_main_state  = 00000000
  spll_main_limits = 00320032
  spll_main_phase_limits = 03E804B0
  spll_state_visit_mask = 00000618
  spll_state_transitions = 00000003
  spll_last_state  = 00000004
  spll_init_count  = 00000001
  dmtd_ref         = 00D58E65
  dmtd_fb          = 00FCF39B
  dmtd_ref_high_qual_abort = 06C66E1D
  dmtd_fb_high_qual_abort = 05D2C257
  tag_valid        = 00BDC8D2
  trr_write        = 00BDC900
  irq              = 00BDC7F5
  helper_update    = 00BDC986
  spll_helper_error = FFFDB610
  spll_helper_output = 0000FFFB
  eic_isr          = FFFF0000
  current_tics     = 002F7711
RAW_SNAPSHOT board=DE5 [1-11.1] label=after
  status           = 5110AF41265082FF
  cpu              = 0000007C000011B0
  marker           = 000000010000B004
  store            = 00BE18C70001E2A0
  store_count      = 0000000051349356
  exception        = 8000000B000011A8
  clock            = 002D162182A2FEFD
  boot_generation  = 00000001
  cpu_reset_count  = 00000001
  wr_core_reset_count = 00000001
  si_config_drop_count = 00000001
  pps_cr           = 01312D06
  pps_escr         = 00000C0C
  ep_mach          = 02000200
  ep_macl          = 22334401
  ep_dsr           = 42000000
  ptp              = 01014106
  ptp_rx           = 0000181A
  ptp_tx           = 00003636
  ptp_meta         = 02020406
  tx               = 000044B8
  rx               = 00002431
  rxerr            = 00000000
  ptp_types        = 01030203
  foreign_meta     = 00000001
  filter_meta      = 00000000
  parse_meta       = 00010206
  wr_rx_signal     = 10000001
  wr_tx_signal     = 10010004
  wr_failure       = 01030001
  wr_state         = A0000064
  wr_reject        = 00000000
  pstat            = 00000001
  sstat            = 00000000
  sec_h            = 00000000
  sec_l            = 00000C2A
  ns               = 3A918028
  lock_enable      = 00000000
  lock_result      = 00000000
  lock_polls       = 00000000
  lock_unlocked    = 00000000
  lock_calibration_fail = 00000000
  spll_state       = 00020004
  spll_ocer        = DA5BAA01
  spll_rcer        = 00000000
  spll_occr        = FF0001FF
  spll_trr_csr     = 00BE2296
  spll_dac_hpll    = AB830CD2
  spll_dac_main    = 0000005A
  spll_helper_state = 00010100
  spll_helper_limits = 271000C8
  spll_main_state  = 00000000
  spll_main_limits = 00320032
  spll_main_phase_limits = 03E804B0
  spll_state_visit_mask = 00000618
  spll_state_transitions = 00000003
  spll_last_state  = 00000004
  spll_init_count  = 00000001
  dmtd_ref         = 00D5F177
  dmtd_fb          = 00FD52A5
  dmtd_ref_high_qual_abort = 06C9D39F
  dmtd_fb_high_qual_abort = 05D5ADAA
  tag_valid        = 00BE27E4
  trr_write        = 00BE2813
  irq              = 00BE274B
  helper_update    = 00BE274C
  spll_helper_error = FFFDB610
  spll_helper_output = 0000FFFB
  eic_isr          = FFFF0000
  current_tics     = 002F8EE7
RAW mailbox completion toggle wb_sync_toggle=1

============================================================
White Rabbit Runtime 診斷：DE5 [1-11.2]
============================================================

## [Step 1] PHY / 光纖 Link
[pass] si_config_done           結果: 1/1
[pass] wr_ready                 結果: 1/1
[pass] core_tm_link_up          結果: 1/1
[pass] core_link_ok             結果: 1/1
[pass] wr_rx_ready              結果: 1/1
[pass] wr_tx_ready              結果: 1/1
[pass] core_phy_rst             結果: 0/0
[pass] si_id_error              結果: 0/0
[pass] wr_rx_enc_err            結果: 0/0
[pass] wr_tx_enc_err            結果: 0/0
[pass] CPU_RESET_n              結果: 1/1
[pass] wr_rx_locked_to_data     結果: 1/1
[info] wr_rx_locked_to_ref      結果: 0/NA
[info] MOD_PRS_n                結果: 0/NA
[info] INTERRUPT_n              結果: 1/NA
Step 1 pass

## [Step 2] Endpoint / MiniNIC / PTP
[pass] EP_MAC_H/EP_MAC_L        結果: 02:00:22:33:44:02/02:00:22:33:44:02
[pass] WDIAGS_MODE              結果: 3 SLAVE/3 SLAVE
[pass] WDIAGS_PTP               結果: 9 SLAVE (raw=00004109)/9 SLAVE
[pass] WDIAGS_PTP_RX            結果: Δ=27/Δ>0
RAW WDIAGS_PTP_RX            before=0x0000363B after=0x00003656 delta=27
[pass] WDIAGS_PTP_TX            結果: Δ=3/Δ>0
RAW WDIAGS_PTP_TX            before=0x000007A1 after=0x000007A4 delta=3
[pass] WDIAGS_TX                結果: Δ=20/Δ>0
RAW WDIAGS_TX                before=0x000026D6 after=0x000026EA delta=20
[pass] WDIAGS_RX                結果: Δ=34/Δ>0
RAW WDIAGS_RX                before=0x00004257 after=0x00004279 delta=34
[pass] WDIAGS_RXERR             結果: Δ=0/Δ=0
RAW WDIAGS_RXERR             before=0x00000000 after=0x00000000 delta=0
Step 2 pass

## [Step 3] WR Parent / Signaling
[pass] WDIAGS_FOREIGN_META      結果: 1/1
[pass] WDIAGS_FOREIGN_META      結果: 0/0
[info] WDIAGS_FOREIGN_META      結果: detection=0 config=3/NA
[pass] parentIsWRnode           結果: 1/1
[info] parentWrModeOn           結果: 0/NA
[pass] parentCalibrated         結果: 1/1
[pass] WR_RX_SIGNAL_DEBUG       結果: LOCK count=1/LOCK 0x1001,count>0
[pass] WR_TX_SIGNAL_DEBUG       結果: SLAVE_PRESENT count=1/SLAVE_PRESENT 0x1000,count>0
[info] WDIAGS_TEMP              結果: WRS_IDLE next=WRS_IDLE POST_STEP3_TIMEOUT/NA
[pass] LOCK_ENABLE              結果: 4/> 0
[info] WR_FAILURE_DEBUG         結果: TIMEOUT last_fail_state=WRS_S_LOCK failure_count=1/NA
Step 3 pass

## [Step 4B] Slave SoftPLL Startup
[pass] LOCK_ENABLE_COUNT        結果: 4/> 0
[pass] SPLL_MODE                結果: 3 (SPLL_MODE_SLAVE)/3 SPLL_MODE_SLAVE
[pass] SPLL_SEQ_STATE           結果: 6 (SEQ_WAIT_MAIN)/active, not 0/7
[pass] SPLL_STATE_VISIT_MASK    結果: 0x00000678/> 0
[pass] SPLL_INIT_COUNT          結果: 1/> 0
[pass] RCER                     結果: 0x00000001/> 0
[pass] OCER                     結果: 0xB8326601/> 0
[info] SPLL_ALIGN_STATE         結果: 0/NA
[info] SPLL_STATE_TRANSITIONS   結果: 0x00000005/NA
[info] SPLL_LAST_STATE          結果: 6 (SEQ_WAIT_MAIN)/NA
[info] OCCR                     結果: 0xFF0001FF/NA
[pass] DMTD_REF_ACCEPT_EVENT    結果: Δ=23258/Δ>=0
RAW DMTD_REF_ACCEPT_EVENT    before=0x0BE25162 after=0x0BE2AC3C delta=23258
[pass] DMTD_FB_ACCEPT_EVENT     結果: Δ=24350/Δ>=0
RAW DMTD_FB_ACCEPT_EVENT     before=0x0AE1DE69 after=0x0AE23D87 delta=24350
[pass] DMTD_ACCEPT              結果: Δ=47608/Δ>0
[pass] SPLL_TAG_VALID_COUNT     結果: Δ=47609/Δ>0
RAW SPLL_TAG_VALID_COUNT     before=0x016C08C7 after=0x016CC2C0 delta=47609
[pass] SPLL_TRR_WRITE_COUNT     結果: Δ=47608/Δ>0
RAW SPLL_TRR_WRITE_COUNT     before=0x016C0922 after=0x016CC31A delta=47608
[pass] WRPC_SPLL_TRR_POP_COUNT  結果: Δ=47707/Δ>0
RAW WRPC_SPLL_TRR_POP_COUNT  before=0x016C070F after=0x016CC16A delta=47707
[pass] WDIAGS_IRQ_COUNT         結果: Δ=46742/Δ>0
RAW WDIAGS_IRQ_COUNT         before=0x0163CE5E after=0x016484F4 delta=46742
[pass] WDIAGS_HELPER_UPDATE_COUNT 結果: Δ=22928/Δ>0
RAW WDIAGS_HELPER_UPDATE_COUNT before=0x00AFA648 after=0x00AFFFD8 delta=22928
[pass] BOOT_GENERATION          結果: Δ=0/Δ=0
RAW BOOT_GENERATION          before=0x00000001 after=0x00000001 delta=0
[pass] CPU_RESET_COUNT          結果: Δ=0/Δ=0
RAW CPU_RESET_COUNT          before=0x00000001 after=0x00000001 delta=0
[pass] WR_CORE_RESET_COUNT      結果: Δ=0/Δ=0
RAW WR_CORE_RESET_COUNT      before=0x00000001 after=0x00000001 delta=0
[pass] SI_CONFIG_DROP_COUNT     結果: Δ=0/Δ=0
RAW SI_CONFIG_DROP_COUNT     before=0x00000001 after=0x00000001 delta=0
STEP4B_ALLOWED = YES
STEP4B_RESULT = PASS
STEP4B_FIRST_INACTIVE_BOUNDARY = ACTIVE
Step 4B pass
Step 4 pass

## [Step 5] Closed-loop Lock
STEP5_LOCKDET_BEFORE: HELPER locked=0 changed=0 cnt=1/10000 threshold=200 ref_src=0 MAIN enabled=1 locked=0 freq=0 phase=0 freq_cnt=0/50 phase_cnt=0/1000 PSTAT_locked=0
STEP5_LOCKDET_AFTER: HELPER locked=0 changed=0 cnt=3694/10000 threshold=200 ref_src=0 MAIN enabled=1 locked=0 freq=0 phase=0 freq_cnt=0/50 phase_cnt=0/1000 PSTAT_locked=0
[error] WDIAGS_PSTAT             結果: 0/1
STEP5_RESULT = NEVER_LOCKED
STEP5_FIRST_INACTIVE_BOUNDARY = HELPER_LOCK
Step 5 NA (single window is not stable-lock proof)

## [Step 6] Global Time
Step 6 NA

============================================================
White Rabbit Runtime 診斷：DE5 [1-11.2]
============================================================
Step 1 PHY / Link             pass
Step 2 Endpoint / PTP         pass
Step 3 WR Handshake           pass
Step 4 Step4B Slave SoftPLL Startup pass
Step 5 Closed-loop Lock       NA
Step 6 Global Time            NA
STEP1_REGRESSION = PASS
STEP2_REGRESSION = PASS
STEP3_REGRESSION = PASS
STEP4B_ALLOWED = YES
STEP4B_RESULT = PASS
STEP4B_FIRST_INACTIVE_BOUNDARY = ACTIVE
STEP5_RESULT = NEVER_LOCKED
STEP5_FIRST_INACTIVE_BOUNDARY = HELPER_LOCK
FAILURE_CLASSIFICATION = NO_FAILURE_EVIDENCE
============================================================

================ RAW_SNAPSHOT ================
RAW_SNAPSHOT board=DE5 [1-11.2] label=before
  status           = 201EDE41245082CF
  cpu              = 0000007C000011A8
  marker           = 000000010000B004
  store            = 0163B3850001E2A0
  store_count      = 000000006B05256C
  exception        = 8000000B000011A8
  clock            = 002AFE98B7793646
  boot_generation  = 00000001
  cpu_reset_count  = 00000001
  wr_core_reset_count = 00000001
  si_config_drop_count = 00000001
  pps_cr           = 01312D02
  pps_escr         = 00000C00
  ep_mach          = 02000200
  ep_macl          = 22334402
  ep_dsr           = 42000000
  ptp              = 00004109
  ptp_rx           = 0000363B
  ptp_tx           = 000007A1
  ptp_meta         = 03020409
  tx               = 000026D6
  rx               = 00004257
  rxerr            = 00000000
  ptp_types        = 040B0E0B
  foreign_meta     = 03000001
  filter_meta      = 00000000
  parse_meta       = 05010EFE
  wr_rx_signal     = 10010001
  wr_tx_signal     = 10000001
  wr_failure       = 02020001
  wr_state         = A000035C
  wr_reject        = 00000000
  pstat            = 00000001
  sstat            = 00000001
  sec_h            = 00000000
  sec_l            = 00000C2C
  ns               = 11741858
  lock_enable      = 00000004
  lock_result      = 00000001
  lock_polls       = 00005B1D
  lock_unlocked    = 00005B1D
  lock_calibration_fail = 00000000
  spll_state       = 00030006
  spll_ocer        = 50BB0A01
  spll_rcer        = 00000001
  spll_occr        = FF0001FF
  spll_trr_csr     = 012AFCDE
  spll_dac_hpll    = 39EDD98E
  spll_dac_main    = 0000005B
  spll_helper_state = 00010000
  spll_helper_limits = 271000C8
  spll_main_state  = 00000001
  spll_main_limits = 00320032
  spll_main_phase_limits = 03E804B0
  spll_state_visit_mask = 00000678
  spll_state_transitions = 00000005
  spll_last_state  = 00000006
  spll_init_count  = 00000001
  dmtd_ref         = 0BE25162
  dmtd_fb          = 0AE1DE69
  dmtd_ref_high_qual_abort = 01F32CB3
  dmtd_fb_high_qual_abort = 00BC30FC
  tag_valid        = 016C08C7
  trr_write        = 016C0922
  irq              = 0163CE5E
  helper_update    = 00AFA648
  spll_helper_error = 000249F0
  spll_helper_output = 00000005
  eic_isr          = FFFF0000
  current_tics     = 002FDCFE
RAW_SNAPSHOT board=DE5 [1-11.2] label=after
  status           = 601E7DE134BC82CF
  cpu              = 0000007C000011B0
  marker           = 000000010000B004
  store            = 0164694A0001E2A0
  store_count      = 000000006B391BC9
  exception        = 8000000B000011A8
  clock            = 003A3B50F37B7306
  boot_generation  = 00000001
  cpu_reset_count  = 00000001
  wr_core_reset_count = 00000001
  si_config_drop_count = 00000001
  pps_cr           = 01312D02
  pps_escr         = 00000C00
  ep_mach          = 02000200
  ep_macl          = 22334402
  ep_dsr           = 42000000
  ptp              = 00004109
  ptp_rx           = 00003656
  ptp_tx           = 000007A4
  ptp_meta         = 03020409
  tx               = 000026EA
  rx               = 00004279
  rxerr            = 00000000
  ptp_types        = 04111111
  foreign_meta     = 03000001
  filter_meta      = 00000000
  parse_meta       = 05011117
  wr_rx_signal     = 10010001
  wr_tx_signal     = 10000001
  wr_failure       = 02020001
  wr_state         = A000035C
  wr_reject        = 00000000
  pstat            = 00000001
  sstat            = 00000001
  sec_h            = 00000000
  sec_l            = 00000C32
  ns               = 1774EA68
  lock_enable      = 00000004
  lock_result      = 00000001
  lock_polls       = 00005B1D
  lock_unlocked    = 00005B1D
  lock_calibration_fail = 00000000
  spll_state       = 00030006
  spll_ocer        = B8326601
  spll_rcer        = 00000001
  spll_occr        = FF0001FF
  spll_trr_csr     = 012EB83C
  spll_dac_hpll    = 66A13A02
  spll_dac_main    = 0000005B
  spll_helper_state = 0E6E0000
  spll_helper_limits = 271000C8
  spll_main_state  = 00000001
  spll_main_limits = 00320032
  spll_main_phase_limits = 03E804B0
  spll_state_visit_mask = 00000678
  spll_state_transitions = 00000005
  spll_last_state  = 00000006
  spll_init_count  = 00000001
  dmtd_ref         = 0BE2AC3C
  dmtd_fb          = 0AE23D87
  dmtd_ref_high_qual_abort = 01F426FA
  dmtd_fb_high_qual_abort = 00BC8FA4
  tag_valid        = 016CC2C0
  trr_write        = 016CC31A
  irq              = 016484F4
  helper_update    = 00AFFFD8
  spll_helper_error = 0000012E
  spll_helper_output = 00000EF6
  eic_isr          = FFFF0000
  current_tics     = 002FF4D2

============================================================
JTAG/WB transport health summary
============================================================
WB_TRANSPORT_PROTOCOL = PRELOAD_THEN_TOGGLE_COMMIT
WB_REQUEST_COUNT = 353
PRELOAD_COUNT = 353
COMMIT_COUNT = 353
WB_PROBE_READ_COUNT = 1765
PRELOAD_UNEXPECTED_TRIGGER_COUNT = 0
PROBE_3WAY_MATCH_COUNT = 353
STABLE_RESPONSE_WRONG_COUNT = 0
ADDRESS_CROSS_CONTAMINATION_COUNT = 0
TIMEOUT_COUNT = 0
INVALID_COUNT = 0
STALE_A5A5_COUNT = 0
UNSTABLE_TRANSACTION_COUNT = 0
DMTD_REF_DECREASE_COUNT = 0
DMTD_FB_DECREASE_COUNT = 0
PRELOAD_PROTOCOL_RUNTIME_REVALIDATION = PASS
JTAG_WB_DIAGNOSTIC_PATH = TRUSTED
============================================================

============================================================
STEP4A_RESULT = PASS
STEP4B_ALLOWED = YES
STEP4B_RESULT = PASS
STEP4B_FIRST_INACTIVE_BOUNDARY = ACTIVE
STEP5_RESULT = NOT_APPLICABLE_MASTER
STEP5_FIRST_INACTIVE_BOUNDARY = SLAVE_ONLY
STEP5_RESULT = NEVER_LOCKED
STEP5_FIRST_INACTIVE_BOUNDARY = HELPER_LOCK
============================================================
Info (23030): Evaluation of Tcl script scripts/jtag/read_wb_runtime.tcl was successful
Info: Quartus Prime Signal Tap was successful. 0 errors, 0 warnings
    Info: Peak virtual memory: 677 megabytes
    Info: Processing ended: Wed Sep  2 20:35:28 2026
    Info: Elapsed time: 00:00:16
    Info: System process ID: 3627896
