Info: *******************************************************************
Info: Running Quartus Prime SignalTap II
    Info: Version 17.0.0 Build 595 04/25/2017 SJ Standard Edition
    Info: Copyright (C) 2017  Intel Corporation. All rights reserved.
    Info: Your use of Intel Corporation's design tools, logic functions 
    Info: and other software and tools, and its AMPP partner logic 
    Info: functions, and any output files from any of the foregoing 
    Info: (including device programming or simulation files), and any 
    Info: associated documentation or information are expressly subject 
    Info: to the terms and conditions of the Intel Program License 
    Info: Subscription Agreement, the Intel Quartus Prime License Agreement,
    Info: the Intel MegaCore Function License Agreement, or other 
    Info: applicable license agreement, including, without limitation, 
    Info: that your use is for the sole purpose of programming logic 
    Info: devices manufactured by Intel and sold by Intel or its 
    Info: authorized distributors.  Please refer to the applicable 
    Info: agreement for further details.
    Info: Processing started: Wed Sep 16 21:22:54 2026
Info: Command: quartus_stp -t scripts/jtag/read_wdiags_mapping_selftest.tcl 1000
Info: Quartus(args): 1000
WDIAGS_MAP_CONFIG gap_ms=1000 expected_snapshot_req_count=0 expected_snapshot_ack_count=0 expected_inverse=bitwise_not_counter
=== DE5 [1-11.1] ===
WDIAGS_MAP_SAMPLE board=DE5 [1-11.1] label=BEGIN attempt=1 valid=1 status=201E4641215082FF SNAPSHOT_REQ_COUNT=00000000 SNAPSHOT_ACK_COUNT=00000000 COUNTER=1EF70A1D INVERSE=E108F5E2 PTP_META=02010306 PTP=01014106
WDIAGS_MAP_SAMPLE board=DE5 [1-11.1] label=END attempt=1 valid=1 status=C01E4641215082FF SNAPSHOT_REQ_COUNT=00000000 SNAPSHOT_ACK_COUNT=00000000 COUNTER=1EF70A27 INVERSE=E108F5D8 PTP_META=02010306 PTP=01014106
WDIAGS_MAP_RESULT board=DE5 [1-11.1] begin_valid=1 end_valid=1
=== DE5 [1-11.2] ===
WDIAGS_MAP_SAMPLE board=DE5 [1-11.2] label=BEGIN attempt=1 valid=1 status=C510B241275082EF SNAPSHOT_REQ_COUNT=00000000 SNAPSHOT_ACK_COUNT=00000000 COUNTER=1EF706B5 INVERSE=E108F94A PTP_META=03010308 PTP=00004108
WDIAGS_MAP_SAMPLE board=DE5 [1-11.2] label=END attempt=1 valid=1 status=A110B26137BC82EF SNAPSHOT_REQ_COUNT=00000000 SNAPSHOT_ACK_COUNT=00000000 COUNTER=1EF706BF INVERSE=E108F940 PTP_META=03010308 PTP=00004108
WDIAGS_MAP_RESULT board=DE5 [1-11.2] begin_valid=1 end_valid=1
WDIAGS_MAP_DONE
Info (23030): Evaluation of Tcl script scripts/jtag/read_wdiags_mapping_selftest.tcl was successful
Info: Quartus Prime SignalTap II was successful. 0 errors, 0 warnings
    Info: Peak virtual memory: 772 megabytes
    Info: Processing ended: Wed Sep 16 21:22:57 2026
    Info: Elapsed time: 00:00:03
    Info: Total CPU time (on all processors): 00:00:00
