Info: *******************************************************************
Info: Running Quartus Prime Signal Tap
    Info: Version 21.3.0 Build 170 09/23/2021 SC Pro Edition
    Info: Copyright (C) 2021  Intel Corporation. All rights reserved.
    Info: Your use of Intel Corporation's design tools, logic functions 
    Info: and other software and tools, and any partner logic 
    Info: functions, and any output files from any of the foregoing 
    Info: (including device programming or simulation files), and any 
    Info: associated documentation or information are expressly subject 
    Info: to the terms and conditions of the Intel Program License 
    Info: Subscription Agreement, the Intel Quartus Prime License Agreement,
    Info: the Intel FPGA IP License Agreement, or other applicable license
    Info: agreement, including, without limitation, that your use is for
    Info: the sole purpose of programming logic devices manufactured by
    Info: Intel and sold by Intel or its authorized distributors.  Please
    Info: refer to the applicable agreement for further details, at
    Info: https://fpgasoftware.intel.com/eula.
    Info: Processing started: Tue Sep  8 09:01:00 2026
    Info: System process ID: 1601067
Info: Command: quartus_stp -t scripts/jtag/read_wb_runtime.tcl --raw
Info: Quartus(args): --raw
RAW mailbox completion toggle wb_sync_toggle=0

============================================================
White Rabbit Runtime 診斷：DE5 [1-11.1]
============================================================

## [Step 1] PHY / 光纖 Link
[pass] si_config_done           結果: 1/1
[pass] wr_ready                 結果: 1/1
[pass] core_tm_link_up          結果: 1/1
[pass] core_link_ok             結果: 1/1
[pass] wr_rx_ready              結果: 1/1
[pass] wr_tx_ready              結果: 1/1
[pass] core_phy_rst             結果: 0/0
[pass] si_id_error              結果: 0/0
[pass] wr_rx_enc_err            結果: 0/0
[pass] wr_tx_enc_err            結果: 0/0
[pass] CPU_RESET_n              結果: 1/1
[pass] wr_rx_locked_to_data     結果: 1/1
[info] wr_rx_locked_to_ref      結果: 1/NA
[info] MOD_PRS_n                結果: 0/NA
[info] INTERRUPT_n              結果: 1/NA
Step 1 pass

## [Step 2] Endpoint / MiniNIC / PTP
[pass] EP_MAC_H/EP_MAC_L        結果: 02:00:22:33:44:01/02:00:22:33:44:01
[pass] WDIAGS_MODE              結果: 2 MASTER/2 MASTER
[pass] WDIAGS_PTP               結果: 6 MASTER (raw=01014106)/6 MASTER
[pass] WDIAGS_PTP_RX            結果: Δ=12/Δ>0
RAW WDIAGS_PTP_RX            before=0x00000487 after=0x00000493 delta=12
[pass] WDIAGS_PTP_TX            結果: Δ=27/Δ>0
RAW WDIAGS_PTP_TX            before=0x00000A11 after=0x00000A2C delta=27
[pass] WDIAGS_TX                結果: Δ=34/Δ>0
RAW WDIAGS_TX                before=0x00000CDD after=0x00000CFF delta=34
[pass] WDIAGS_RX                結果: Δ=17/Δ>0
RAW WDIAGS_RX                before=0x000006CD after=0x000006DE delta=17
[pass] WDIAGS_RXERR             結果: Δ=0/Δ=0
RAW WDIAGS_RXERR             before=0x00000000 after=0x00000000 delta=0
Step 2 pass

## [Step 3] WR Parent / Signaling
Step 3 NA

## [Step 4A] Master SoftPLL Event Chain
[pass] DMTD_REF_ACCEPT_EVENT    結果: Δ=22911/Δ>=0
RAW DMTD_REF_ACCEPT_EVENT    before=0x009761FB after=0x0097BB7A delta=22911
[pass] DMTD_FB_ACCEPT_EVENT     結果: Δ=23532/Δ>=0
RAW DMTD_FB_ACCEPT_EVENT     before=0x0063DDCC after=0x006439B8 delta=23532
[pass] DMTD_ACCEPT              結果: Δ=46443/Δ>0
[pass] SPLL_TAG_VALID_COUNT     結果: Δ=23532/Δ>0
RAW SPLL_TAG_VALID_COUNT     before=0x002474FE after=0x0024D0EA delta=23532
[pass] SPLL_TRR_WRITE_COUNT     結果: Δ=23532/Δ>0
RAW SPLL_TRR_WRITE_COUNT     before=0x0024752B after=0x0024D117 delta=23532
[pass] WRPC_SPLL_TRR_POP_COUNT  結果: Δ=23634/Δ>0
RAW WRPC_SPLL_TRR_POP_COUNT  before=0x0024744A after=0x0024D09C delta=23634
[pass] WDIAGS_IRQ_COUNT         結果: Δ=23634/Δ>0
RAW WDIAGS_IRQ_COUNT         before=0x0024744A after=0x0024D09C delta=23634
[pass] WDIAGS_HELPER_UPDATE_COUNT 結果: Δ=23634/Δ>0
RAW WDIAGS_HELPER_UPDATE_COUNT before=0x0024744A after=0x0024D09C delta=23634
[pass] BOOT_GENERATION          結果: Δ=0/Δ=0
RAW BOOT_GENERATION          before=0x00000001 after=0x00000001 delta=0
[pass] CPU_RESET_COUNT          結果: Δ=0/Δ=0
RAW CPU_RESET_COUNT          before=0x00000001 after=0x00000001 delta=0
[pass] WR_CORE_RESET_COUNT      結果: Δ=0/Δ=0
RAW WR_CORE_RESET_COUNT      before=0x00000001 after=0x00000001 delta=0
[pass] SI_CONFIG_DROP_COUNT     結果: Δ=0/Δ=0
RAW SI_CONFIG_DROP_COUNT     before=0x00000001 after=0x00000001 delta=0
STEP4A_MASTER_EVENT_CHAIN = PASS
Step 4 pass

## [Step 5] Closed-loop Lock
STEP5_RESULT = NOT_APPLICABLE_MASTER
STEP5_FIRST_INACTIVE_BOUNDARY = SLAVE_ONLY
Step 5 NA (Step5 closed-loop gate is for Slave)

## [Step 6] Global Time
Step 6 NA

============================================================
White Rabbit Runtime 診斷：DE5 [1-11.1]
============================================================
Step 1 PHY / Link             pass
Step 2 Endpoint / PTP         pass
Step 3 WR Handshake           NA
Step 4 Step4A Master Event Chain pass
Step 5 Closed-loop Lock       NA
Step 6 Global Time            NA
STEP1_REGRESSION = PASS
STEP2_REGRESSION = PASS
STEP3_REGRESSION = PASS
STEP4A_RESULT = PASS
STEP5_RESULT = NOT_APPLICABLE_MASTER
STEP5_FIRST_INACTIVE_BOUNDARY = SLAVE_ONLY
FAILURE_CLASSIFICATION = NO_FAILURE_EVIDENCE
============================================================

================ RAW_SNAPSHOT ================
RAW_SNAPSHOT board=DE5 [1-11.1] label=before
  status           = 511E7743295082FF
  cpu              = 0000007C000011B4
  marker           = 000000010000B004
  store            = 002466A90001E298
  store_count      = 000000000F87BB52
  exception        = 8000000B000011AC
  clock            = 002E6C57E8D131C8
  boot_generation  = 00000001
  cpu_reset_count  = 00000001
  wr_core_reset_count = 00000001
  si_config_drop_count = 00000001
  pps_cr           = 01312D06
  pps_escr         = 0000020C
  ep_mach          = 02000200
  ep_macl          = 22334401
  ep_dsr           = 42000000
  ptp              = 01014106
  ptp_rx           = 00000487
  ptp_tx           = 00000A11
  ptp_meta         = 02020406
  tx               = 00000CDD
  rx               = 000006CD
  rxerr            = 00000000
  ptp_types        = 01010101
  foreign_meta     = 0000FF00
  filter_meta      = 00000000
  parse_meta       = 000101C1
  wr_rx_signal     = 10000001
  wr_tx_signal     = 10010005
  wr_failure       = 01030002
  wr_state         = A0000064
  wr_reject        = 00000000
  pstat            = 00000001
  sstat            = 00000000
  sec_h            = 00000000
  sec_l            = 00000268
  ns               = 0EFF8E78
  lock_enable      = 00000000
  lock_result      = 00000000
  lock_polls       = 00000000
  lock_unlocked    = 00000000
  lock_calibration_fail = 00000000
  spll_state       = 00020004
  spll_ocer        = 72F02E01
  spll_rcer        = 00000000
  spll_occr        = AC0001DB
  spll_trr_csr     = 00266EC4
  spll_dac_hpll    = F2A7EEE0
  spll_dac_main    = 00000011
  spll_helper_state = 00000100
  spll_helper_limits = 271000C8
  spll_main_state  = 00000000
  spll_main_limits = 00320032
  spll_main_phase_limits = 03E804B0
  spll_state_visit_mask = 00000618
  spll_state_transitions = 00000003
  spll_last_state  = 00000004
  spll_init_count  = 00000001
  dmtd_ref         = 009761FB
  dmtd_fb          = 0063DDCC
  dmtd_ref_high_qual_abort = 01C151B6
  dmtd_fb_high_qual_abort = 0134E962
  tag_valid        = 002474FE
  trr_write        = 0024752B
  irq              = 0024744A
  helper_update    = 0024744A
  spll_helper_error = FFFDB610
  spll_helper_output = 0000FFFB
  eic_isr          = FFFF0000
  current_tics     = 00096E59
RAW_SNAPSHOT board=DE5 [1-11.1] label=after
  status           = 811E91C3295082FF
  cpu              = 0000007C000011A8
  marker           = 000000010000B004
  store            = 0001E0000002FE2C
  store_count      = 000000000FAF4242
  exception        = 8000000B000011A8
  clock            = 002A9F401B0764B6
  boot_generation  = 00000001
  cpu_reset_count  = 00000001
  wr_core_reset_count = 00000001
  si_config_drop_count = 00000001
  pps_cr           = 01312D06
  pps_escr         = 0000020C
  ep_mach          = 02000200
  ep_macl          = 22334401
  ep_dsr           = 42000000
  ptp              = 01014106
  ptp_rx           = 00000493
  ptp_tx           = 00000A2C
  ptp_meta         = 02020406
  tx               = 00000CFF
  rx               = 000006DE
  rxerr            = 00000000
  ptp_types        = 01010101
  foreign_meta     = 0000FF00
  filter_meta      = 00000000
  parse_meta       = 000101D2
  wr_rx_signal     = 10000001
  wr_tx_signal     = 10010005
  wr_failure       = 01030002
  wr_state         = A0000064
  wr_reject        = 00000000
  pstat            = 00000001
  sstat            = 00000000
  sec_h            = 00000000
  sec_l            = 0000026E
  ns               = 1506A730
  lock_enable      = 00000000
  lock_result      = 00000000
  lock_polls       = 00000000
  lock_unlocked    = 00000000
  lock_calibration_fail = 00000000
  spll_state       = 00020004
  spll_ocer        = 74618601
  spll_rcer        = 00000000
  spll_occr        = 000001C3
  spll_trr_csr     = 0026CC10
  spll_dac_hpll    = 201B123B
  spll_dac_main    = 00000012
  spll_helper_state = 00000100
  spll_helper_limits = 271000C8
  spll_main_state  = 00000000
  spll_main_limits = 00320032
  spll_main_phase_limits = 03E804B0
  spll_state_visit_mask = 00000618
  spll_state_transitions = 00000003
  spll_last_state  = 00000004
  spll_init_count  = 00000001
  dmtd_ref         = 0097BB7A
  dmtd_fb          = 006439B8
  dmtd_ref_high_qual_abort = 01C5ABC0
  dmtd_fb_high_qual_abort = 0137F438
  tag_valid        = 0024D0EA
  trr_write        = 0024D117
  irq              = 0024D09C
  helper_update    = 0024D09C
  spll_helper_error = FFFDB610
  spll_helper_output = 0000FFFB
  eic_isr          = FFFF0000
  current_tics     = 0009862E
RAW mailbox completion toggle wb_sync_toggle=0

============================================================
White Rabbit Runtime 診斷：DE5 [1-11.2]
============================================================

## [Step 1] PHY / 光纖 Link
[pass] si_config_done           結果: 1/1
[pass] wr_ready                 結果: 1/1
[pass] core_tm_link_up          結果: 1/1
[pass] core_link_ok             結果: 1/1
[pass] wr_rx_ready              結果: 1/1
[pass] wr_tx_ready              結果: 1/1
[pass] core_phy_rst             結果: 0/0
[pass] si_id_error              結果: 0/0
[pass] wr_rx_enc_err            結果: 0/0
[pass] wr_tx_enc_err            結果: 0/0
[pass] CPU_RESET_n              結果: 1/1
[pass] wr_rx_locked_to_data     結果: 1/1
[info] wr_rx_locked_to_ref      結果: 0/NA
[info] MOD_PRS_n                結果: 0/NA
[info] INTERRUPT_n              結果: 1/NA
Step 1 pass

## [Step 2] Endpoint / MiniNIC / PTP
[pass] EP_MAC_H/EP_MAC_L        結果: 02:00:22:33:44:02/02:00:22:33:44:02
[pass] WDIAGS_MODE              結果: 3 SLAVE/3 SLAVE
[pass] WDIAGS_PTP               結果: 9 SLAVE (raw=00004109)/9 SLAVE
[pass] WDIAGS_PTP_RX            結果: Δ=27/Δ>0
RAW WDIAGS_PTP_RX            before=0x00000972 after=0x0000098D delta=27
[pass] WDIAGS_PTP_TX            結果: Δ=3/Δ>0
RAW WDIAGS_PTP_TX            before=0x00000198 after=0x0000019B delta=3
[pass] WDIAGS_TX                結果: Δ=21/Δ>0
RAW WDIAGS_TX                before=0x000006C1 after=0x000006D6 delta=21
[pass] WDIAGS_RX                結果: Δ=32/Δ>0
RAW WDIAGS_RX                before=0x00000B8F after=0x00000BAF delta=32
[pass] WDIAGS_RXERR             結果: Δ=0/Δ=0
RAW WDIAGS_RXERR             before=0x00000000 after=0x00000000 delta=0
Step 2 pass

## [Step 3] WR Parent / Signaling
[pass] WDIAGS_FOREIGN_META      結果: 1/1
[pass] WDIAGS_FOREIGN_META      結果: 0/0
[info] WDIAGS_FOREIGN_META      結果: detection=0 config=3/NA
[pass] parentIsWRnode           結果: 1/1
[info] parentWrModeOn           結果: 0/NA
[pass] parentCalibrated         結果: 1/1
[pass] WR_RX_SIGNAL_DEBUG       結果: LOCK count=1/LOCK 0x1001,count>0
[pass] WR_TX_SIGNAL_DEBUG       結果: SLAVE_PRESENT count=1/SLAVE_PRESENT 0x1000,count>0
[info] WDIAGS_TEMP              結果: WRS_IDLE next=WRS_IDLE POST_STEP3_TIMEOUT/NA
[pass] LOCK_ENABLE              結果: 4/> 0
[info] WR_FAILURE_DEBUG         結果: TIMEOUT last_fail_state=WRS_S_LOCK failure_count=1/NA
Step 3 pass

## [Step 4B] Slave SoftPLL Startup
[pass] LOCK_ENABLE_COUNT        結果: 4/> 0
[pass] SPLL_MODE                結果: 3 (SPLL_MODE_SLAVE)/3 SPLL_MODE_SLAVE
[pass] SPLL_SEQ_STATE           結果: 4 (SEQ_WAIT_HELPER)/active, not 0/7
[pass] SPLL_STATE_VISIT_MASK    結果: 0x00000618/> 0
[pass] SPLL_INIT_COUNT          結果: 1/> 0
[pass] RCER                     結果: 0x00000001/> 0
[pass] OCER                     結果: 0x0BA68401/> 0
[info] SPLL_ALIGN_STATE         結果: 0/NA
[info] SPLL_STATE_TRANSITIONS   結果: 0x00000003/NA
[info] SPLL_LAST_STATE          結果: 4 (SEQ_WAIT_HELPER)/NA
[info] OCCR                     結果: 0xCF0001D9/NA
[pass] DMTD_REF_ACCEPT_EVENT    結果: Δ=22467/Δ>=0
RAW DMTD_REF_ACCEPT_EVENT    before=0x020C0138 after=0x020C58FB delta=22467
[pass] DMTD_FB_ACCEPT_EVENT     結果: Δ=21846/Δ>=0
RAW DMTD_FB_ACCEPT_EVENT     before=0x023BE3A7 after=0x023C38FD delta=21846
[pass] DMTD_ACCEPT              結果: Δ=44313/Δ>0
[pass] SPLL_TAG_VALID_COUNT     結果: Δ=44325/Δ>0
RAW SPLL_TAG_VALID_COUNT     before=0x003B00EF after=0x003BAE14 delta=44325
[pass] SPLL_TRR_WRITE_COUNT     結果: Δ=44328/Δ>0
RAW SPLL_TRR_WRITE_COUNT     before=0x003B0143 after=0x003BAE6B delta=44328
[pass] WRPC_SPLL_TRR_POP_COUNT  結果: Δ=44446/Δ>0
RAW WRPC_SPLL_TRR_POP_COUNT  before=0x003B0081 after=0x003BAE1F delta=44446
[pass] WDIAGS_IRQ_COUNT         結果: Δ=43617/Δ>0
RAW WDIAGS_IRQ_COUNT         before=0x0039E584 after=0x003A8FE5 delta=43617
[pass] WDIAGS_HELPER_UPDATE_COUNT 結果: Δ=22535/Δ>0
RAW WDIAGS_HELPER_UPDATE_COUNT before=0x001DE9FA after=0x001E4201 delta=22535
[pass] BOOT_GENERATION          結果: Δ=0/Δ=0
RAW BOOT_GENERATION          before=0x00000001 after=0x00000001 delta=0
[pass] CPU_RESET_COUNT          結果: Δ=0/Δ=0
RAW CPU_RESET_COUNT          before=0x00000001 after=0x00000001 delta=0
[pass] WR_CORE_RESET_COUNT      結果: Δ=0/Δ=0
RAW WR_CORE_RESET_COUNT      before=0x00000001 after=0x00000001 delta=0
[pass] SI_CONFIG_DROP_COUNT     結果: Δ=0/Δ=0
RAW SI_CONFIG_DROP_COUNT     before=0x00000001 after=0x00000001 delta=0
STEP4B_ALLOWED = YES
STEP4B_RESULT = PASS
STEP4B_FIRST_INACTIVE_BOUNDARY = ACTIVE
Step 4B pass
Step 4 pass

## [Step 5] Closed-loop Lock
STEP5_LOCKDET_BEFORE: HELPER locked=0 changed=0 cnt=0/10000 threshold=200 ref_src=0 MAIN enabled=0 locked=0 freq=0 phase=0 freq_cnt=0/50 phase_cnt=0/1000 PSTAT_locked=0
STEP5_LOCKDET_AFTER: HELPER locked=0 changed=0 cnt=0/10000 threshold=200 ref_src=0 MAIN enabled=0 locked=0 freq=0 phase=0 freq_cnt=0/50 phase_cnt=0/1000 PSTAT_locked=0
[error] WDIAGS_PSTAT             結果: 0/1
STEP5_RESULT = NEVER_LOCKED
STEP5_FIRST_INACTIVE_BOUNDARY = HELPER_LOCK
Step 5 NA (single window is not stable-lock proof)

## [Step 6] Global Time
Step 6 NA

============================================================
White Rabbit Runtime 診斷：DE5 [1-11.2]
============================================================
Step 1 PHY / Link             pass
Step 2 Endpoint / PTP         pass
Step 3 WR Handshake           pass
Step 4 Step4B Slave SoftPLL Startup pass
Step 5 Closed-loop Lock       NA
Step 6 Global Time            NA
STEP1_REGRESSION = PASS
STEP2_REGRESSION = PASS
STEP3_REGRESSION = PASS
STEP4B_ALLOWED = YES
STEP4B_RESULT = PASS
STEP4B_FIRST_INACTIVE_BOUNDARY = ACTIVE
STEP5_RESULT = NEVER_LOCKED
STEP5_FIRST_INACTIVE_BOUNDARY = HELPER_LOCK
FAILURE_CLASSIFICATION = NO_FAILURE_EVIDENCE
============================================================

================ RAW_SNAPSHOT ================
RAW_SNAPSHOT board=DE5 [1-11.2] label=before
  status           = 2110B6E135BC82EF
  cpu              = 0000007C000011B8
  marker           = 000000010000B004
  store            = 0039CB900001E298
  store_count      = 0000000010F9F775
  exception        = 8000000B000011AC
  clock            = 002DBA29801ABB75
  boot_generation  = 00000001
  cpu_reset_count  = 00000001
  wr_core_reset_count = 00000001
  si_config_drop_count = 00000001
  pps_cr           = 01312D06
  pps_escr         = 00000200
  ep_mach          = 02000200
  ep_macl          = 22334402
  ep_dsr           = 42000000
  ptp              = 00004109
  ptp_rx           = 00000972
  ptp_tx           = 00000198
  ptp_meta         = 03020409
  tx               = 000006C1
  rx               = 00000B8F
  rxerr            = 00000000
  ptp_types        = 05160C16
  foreign_meta     = 03000001
  filter_meta      = 00000000
  parse_meta       = 05010CC0
  wr_rx_signal     = 10010001
  wr_tx_signal     = 10000001
  wr_failure       = 02020001
  wr_state         = A000035C
  wr_reject        = 00000000
  pstat            = 00000001
  sstat            = 00000001
  sec_h            = 00000000
  sec_l            = 0000026F
  ns               = 282AADE0
  lock_enable      = 00000004
  lock_result      = 00000001
  lock_polls       = 00005B1A
  lock_unlocked    = 00005B1A
  lock_calibration_fail = 00000000
  spll_state       = 00030004
  spll_ocer        = B0BA2C01
  spll_rcer        = 00000001
  spll_occr        = 73000141
  spll_trr_csr     = 003AF6FA
  spll_dac_hpll    = B32AE3F3
  spll_dac_main    = 0000000F
  spll_helper_state = 00000000
  spll_helper_limits = 271000C8
  spll_main_state  = 00000000
  spll_main_limits = 00320032
  spll_main_phase_limits = 03E804B0
  spll_state_visit_mask = 00000618
  spll_state_transitions = 00000003
  spll_last_state  = 00000004
  spll_init_count  = 00000001
  dmtd_ref         = 020C0138
  dmtd_fb          = 023BE3A7
  dmtd_ref_high_qual_abort = 006FCF52
  dmtd_fb_high_qual_abort = 00197D1F
  tag_valid        = 003B00EF
  trr_write        = 003B0143
  irq              = 0039E584
  helper_update    = 001DE9FA
  spll_helper_error = 000249F0
  spll_helper_output = 00000005
  eic_isr          = FFFF0000
  current_tics     = 000840C4
RAW_SNAPSHOT board=DE5 [1-11.2] label=after
  status           = 4110B3E135BC82EF
  cpu              = 0000007C000011B8
  marker           = 000000010000B004
  store            = 003A74EF0001E298
  store_count      = 00000000112B49AD
  exception        = 8000000B000011AC
  clock            = 002EE5CDAB0FE714
  boot_generation  = 00000001
  cpu_reset_count  = 00000001
  wr_core_reset_count = 00000001
  si_config_drop_count = 00000001
  pps_cr           = 01312D06
  pps_escr         = 00000200
  ep_mach          = 02000200
  ep_macl          = 22334402
  ep_dsr           = 42000000
  ptp              = 00004109
  ptp_rx           = 0000098D
  ptp_tx           = 0000019B
  ptp_meta         = 03020409
  tx               = 000006D6
  rx               = 00000BAF
  rxerr            = 00000000
  ptp_types        = 051B0E1B
  foreign_meta     = 03000001
  filter_meta      = 00000000
  parse_meta       = 05010EDC
  wr_rx_signal     = 10010001
  wr_tx_signal     = 10000001
  wr_failure       = 02020001
  wr_state         = A000035C
  wr_reject        = 00000000
  pstat            = 00000001
  sstat            = 00000001
  sec_h            = 00000000
  sec_l            = 00000275
  ns               = 2E185C60
  lock_enable      = 00000004
  lock_result      = 00000001
  lock_polls       = 00005B1A
  lock_unlocked    = 00005B1A
  lock_calibration_fail = 00000000
  spll_state       = 00030004
  spll_ocer        = 0BA68401
  spll_rcer        = 00000001
  spll_occr        = CF0001D9
  spll_trr_csr     = 003AA49E
  spll_dac_hpll    = E09DC54F
  spll_dac_main    = 0000000F
  spll_helper_state = 00000000
  spll_helper_limits = 271000C8
  spll_main_state  = 00000000
  spll_main_limits = 00320032
  spll_main_phase_limits = 03E804B0
  spll_state_visit_mask = 00000618
  spll_state_transitions = 00000003
  spll_last_state  = 00000004
  spll_init_count  = 00000001
  dmtd_ref         = 020C58FB
  dmtd_fb          = 023C38FD
  dmtd_ref_high_qual_abort = 00712666
  dmtd_fb_high_qual_abort = 0019C78B
  tag_valid        = 003BAE14
  trr_write        = 003BAE6B
  irq              = 003A8FE5
  helper_update    = 001E4201
  spll_helper_error = 000249F0
  spll_helper_output = 00000005
  eic_isr          = FFFF0000
  current_tics     = 00085896

============================================================
JTAG/WB transport health summary
============================================================
WB_TRANSPORT_PROTOCOL = PRELOAD_THEN_TOGGLE_COMMIT
WB_REQUEST_COUNT = 352
PRELOAD_COUNT = 352
COMMIT_COUNT = 352
WB_PROBE_READ_COUNT = 1760
PRELOAD_UNEXPECTED_TRIGGER_COUNT = 0
PROBE_3WAY_MATCH_COUNT = 352
STABLE_RESPONSE_WRONG_COUNT = 0
ADDRESS_CROSS_CONTAMINATION_COUNT = 0
TIMEOUT_COUNT = 0
INVALID_COUNT = 0
STALE_A5A5_COUNT = 0
UNSTABLE_TRANSACTION_COUNT = 0
DMTD_REF_DECREASE_COUNT = 0
DMTD_FB_DECREASE_COUNT = 0
PRELOAD_PROTOCOL_RUNTIME_REVALIDATION = PASS
JTAG_WB_DIAGNOSTIC_PATH = TRUSTED
============================================================

============================================================
STEP4A_RESULT = PASS
STEP4B_ALLOWED = YES
STEP4B_RESULT = PASS
STEP4B_FIRST_INACTIVE_BOUNDARY = ACTIVE
STEP5_RESULT = NOT_APPLICABLE_MASTER
STEP5_FIRST_INACTIVE_BOUNDARY = SLAVE_ONLY
STEP5_RESULT = NEVER_LOCKED
STEP5_FIRST_INACTIVE_BOUNDARY = HELPER_LOCK
============================================================
Info (23030): Evaluation of Tcl script scripts/jtag/read_wb_runtime.tcl was successful
Info: Quartus Prime Signal Tap was successful. 0 errors, 0 warnings
    Info: Peak virtual memory: 676 megabytes
    Info: Processing ended: Tue Sep  8 09:01:15 2026
    Info: Elapsed time: 00:00:15
    Info: System process ID: 1601067
