Info: *******************************************************************
Info: Running Quartus Prime Signal Tap
    Info: Version 21.3.0 Build 170 09/23/2021 SC Pro Edition
    Info: Copyright (C) 2021  Intel Corporation. All rights reserved.
    Info: Your use of Intel Corporation's design tools, logic functions 
    Info: and other software and tools, and any partner logic 
    Info: functions, and any output files from any of the foregoing 
    Info: (including device programming or simulation files), and any 
    Info: associated documentation or information are expressly subject 
    Info: to the terms and conditions of the Intel Program License 
    Info: Subscription Agreement, the Intel Quartus Prime License Agreement,
    Info: the Intel FPGA IP License Agreement, or other applicable license
    Info: agreement, including, without limitation, that your use is for
    Info: the sole purpose of programming logic devices manufactured by
    Info: Intel and sold by Intel or its authorized distributors.  Please
    Info: refer to the applicable agreement for further details, at
    Info: https://fpgasoftware.intel.com/eula.
    Info: Processing started: Tue Sep  1 02:34:35 2026
    Info: System process ID: 2142575
Info: Command: quartus_stp -t scripts/jtag/read_wb_runtime.tcl --raw
Info: Quartus(args): --raw
RAW mailbox completion toggle wb_sync_toggle=0

============================================================
White Rabbit Runtime 診斷：DE5 [1-11.1]
============================================================

## [Step 1] PHY / 光纖 Link
[pass] si_config_done           結果: 1/1
[pass] wr_ready                 結果: 1/1
[pass] core_tm_link_up          結果: 1/1
[pass] core_link_ok             結果: 1/1
[pass] wr_rx_ready              結果: 1/1
[pass] wr_tx_ready              結果: 1/1
[pass] core_phy_rst             結果: 0/0
[pass] si_id_error              結果: 0/0
[pass] wr_rx_enc_err            結果: 0/0
[pass] wr_tx_enc_err            結果: 0/0
[pass] CPU_RESET_n              結果: 1/1
[pass] wr_rx_locked_to_data     結果: 1/1
[info] wr_rx_locked_to_ref      結果: 0/NA
[info] MOD_PRS_n                結果: 0/NA
[info] INTERRUPT_n              結果: 1/NA
Step 1 pass

## [Step 2] Endpoint / MiniNIC / PTP
[pass] EP_MAC_H/EP_MAC_L        結果: 02:00:22:33:44:01/02:00:22:33:44:01
[pass] WDIAGS_MODE              結果: 2 MASTER/2 MASTER
[pass] WDIAGS_PTP               結果: 6 MASTER (raw=01014106)/6 MASTER
[pass] WDIAGS_PTP_RX            結果: Δ=10/Δ>0
RAW WDIAGS_PTP_RX            before=0x00000048 after=0x00000052 delta=10
[pass] WDIAGS_PTP_TX            結果: Δ=23/Δ>0
RAW WDIAGS_PTP_TX            before=0x000000A9 after=0x000000C0 delta=23
[pass] WDIAGS_TX                結果: Δ=29/Δ>0
RAW WDIAGS_TX                before=0x000000E8 after=0x00000105 delta=29
[pass] WDIAGS_RX                結果: Δ=15/Δ>0
RAW WDIAGS_RX                before=0x00000075 after=0x00000084 delta=15
[pass] WDIAGS_RXERR             結果: Δ=0/Δ=0
RAW WDIAGS_RXERR             before=0x00000000 after=0x00000000 delta=0
Step 2 pass

## [Step 3] WR Parent / Signaling
Step 3 NA

## [Step 4A] Master SoftPLL Event Chain
[pass] DMTD_REF_ACCEPT_EVENT    結果: Δ=23213/Δ>=0
RAW DMTD_REF_ACCEPT_EVENT    before=0x00776C05 after=0x0077C6B2 delta=23213
[pass] DMTD_FB_ACCEPT_EVENT     結果: Δ=22184/Δ>=0
RAW DMTD_FB_ACCEPT_EVENT     before=0x0043FFE6 after=0x0044568E delta=22184
[pass] DMTD_ACCEPT              結果: Δ=45397/Δ>0
[pass] SPLL_TAG_VALID_COUNT     結果: Δ=22184/Δ>0
RAW SPLL_TAG_VALID_COUNT     before=0x00046C73 after=0x0004C31B delta=22184
[pass] SPLL_TRR_WRITE_COUNT     結果: Δ=22185/Δ>0
RAW SPLL_TRR_WRITE_COUNT     before=0x00046C89 after=0x0004C332 delta=22185
[pass] WRPC_SPLL_TRR_POP_COUNT  結果: Δ=22402/Δ>0
RAW WRPC_SPLL_TRR_POP_COUNT  before=0x00046B97 after=0x0004C319 delta=22402
[pass] WDIAGS_IRQ_COUNT         結果: Δ=22402/Δ>0
RAW WDIAGS_IRQ_COUNT         before=0x00046B97 after=0x0004C319 delta=22402
[pass] WDIAGS_HELPER_UPDATE_COUNT 結果: Δ=295705/Δ>0
RAW WDIAGS_HELPER_UPDATE_COUNT before=0x00004000 after=0x0004C319 delta=295705
[pass] BOOT_GENERATION          結果: Δ=0/Δ=0
RAW BOOT_GENERATION          before=0x00000001 after=0x00000001 delta=0
[pass] CPU_RESET_COUNT          結果: Δ=0/Δ=0
RAW CPU_RESET_COUNT          before=0x00000001 after=0x00000001 delta=0
[pass] WR_CORE_RESET_COUNT      結果: Δ=0/Δ=0
RAW WR_CORE_RESET_COUNT      before=0x00000001 after=0x00000001 delta=0
[pass] SI_CONFIG_DROP_COUNT     結果: Δ=0/Δ=0
RAW SI_CONFIG_DROP_COUNT     before=0x00000001 after=0x00000001 delta=0
STEP4A_MASTER_EVENT_CHAIN = PASS
Step 4 pass

## [Step 5] Closed-loop Lock
STEP5_RESULT = NOT_APPLICABLE_MASTER
STEP5_FIRST_INACTIVE_BOUNDARY = SLAVE_ONLY
Step 5 NA (Step5 closed-loop gate is for Slave)

## [Step 6] Global Time
Step 6 NA

============================================================
White Rabbit Runtime 診斷：DE5 [1-11.1]
============================================================
Step 1 PHY / Link             pass
Step 2 Endpoint / PTP         pass
Step 3 WR Handshake           NA
Step 4 Step4A Master Event Chain pass
Step 5 Closed-loop Lock       NA
Step 6 Global Time            NA
STEP1_REGRESSION = PASS
STEP2_REGRESSION = PASS
STEP3_REGRESSION = PASS
STEP4A_RESULT = PASS
STEP5_RESULT = NOT_APPLICABLE_MASTER
STEP5_FIRST_INACTIVE_BOUNDARY = SLAVE_ONLY
FAILURE_CLASSIFICATION = NO_FAILURE_EVIDENCE
============================================================

================ RAW_SNAPSHOT ================
RAW_SNAPSHOT board=DE5 [1-11.1] label=before
  status           = 6110D943295082FF
  cpu              = 0000007C00001218
  marker           = 000000010000B004
  store            = 000464CE0001DEB8
  store_count      = 0000000001BC71E7
  exception        = 8000000B00001220
  clock            = 002E270326FB2FEE
  boot_generation  = 00000001
  cpu_reset_count  = 00000001
  wr_core_reset_count = 00000001
  si_config_drop_count = 00000001
  pps_cr           = 01312D06
  pps_escr         = 0000000C
  ep_mach          = 02000200
  ep_macl          = 22334401
  ep_dsr           = 42000000
  ptp              = 01014106
  ptp_rx           = 00000048
  ptp_tx           = 000000A9
  ptp_meta         = 02010306
  tx               = 000000E8
  rx               = 00000075
  rxerr            = 00000000
  ptp_types        = 01010101
  foreign_meta     = 0000FF00
  filter_meta      = 00000000
  parse_meta       = 0001018A
  wr_rx_signal     = 10000001
  wr_tx_signal     = 10010003
  wr_failure       = 00000000
  wr_state         = A0219864
  wr_reject        = 00000000
  pstat            = 00000001
  sstat            = 00000000
  sec_h            = 00000000
  sec_l            = 00000048
  ns               = 0E0FD6D8
  lock_enable      = 00000000
  lock_result      = 00000000
  lock_polls       = 00000000
  lock_unlocked    = 00000000
  lock_calibration_fail = 00000000
  spll_state       = 00020004
  spll_ocer        = 5C957601
  spll_rcer        = 00000000
  spll_occr        = 9E00015E
  spll_trr_csr     = 00066A06
  spll_dac_hpll    = 02657947
  spll_dac_main    = 00000002
  spll_helper_state = 00000100
  spll_helper_limits = 271000C8
  spll_main_state  = 00000000
  spll_main_limits = 00320032
  spll_main_phase_limits = 03E804B0
  spll_state_visit_mask = 00000618
  spll_state_transitions = 00000003
  spll_last_state  = 00000004
  spll_init_count  = 00000001
  dmtd_ref         = 00776C05
  dmtd_fb          = 0043FFE6
  dmtd_ref_high_qual_abort = 06B457A0
  dmtd_fb_high_qual_abort = 0022D26C
  tag_valid        = 00046C73
  trr_write        = 00046C89
  irq              = 00046B97
  helper_update    = 00004000
  spll_helper_error = FFFDB610
  spll_helper_output = 0000FFFB
  eic_isr          = FFFF0000
  current_tics     = 00012022
RAW_SNAPSHOT board=DE5 [1-11.1] label=after
  status           = 4110D4E139BC82FF
  cpu              = 0000007C00001230
  marker           = 000000010000B004
  store            = 0004BB860001DEB8
  store_count      = 0000000001E16CEC
  exception        = 8000000B00001224
  clock            = 002981AE80F08A91
  boot_generation  = 00000001
  cpu_reset_count  = 00000001
  wr_core_reset_count = 00000001
  si_config_drop_count = 00000001
  pps_cr           = 01312D06
  pps_escr         = 0000000C
  ep_mach          = 02000200
  ep_macl          = 22334401
  ep_dsr           = 42000000
  ptp              = 01014106
  ptp_rx           = 00000052
  ptp_tx           = 000000C0
  ptp_meta         = 02010306
  tx               = 00000105
  rx               = 00000084
  rxerr            = 00000000
  ptp_types        = 01010101
  foreign_meta     = 0000FF00
  filter_meta      = 00000000
  parse_meta       = 0001019C
  wr_rx_signal     = 10000001
  wr_tx_signal     = 10010003
  wr_failure       = 00000000
  wr_state         = A0219864
  wr_reject        = 00000000
  pstat            = 00000001
  sstat            = 00000000
  sec_h            = 00000000
  sec_l            = 0000004D
  ns               = 2BD902B8
  lock_enable      = 00000000
  lock_result      = 00000000
  lock_polls       = 00000000
  lock_unlocked    = 00000000
  lock_calibration_fail = 00000000
  spll_state       = 00020004
  spll_ocer        = 2EA7D201
  spll_rcer        = 00000000
  spll_occr        = E600012A
  spll_trr_csr     = 0006C000
  spll_dac_hpll    = 2B64C2D6
  spll_dac_main    = 00000002
  spll_helper_state = 00000100
  spll_helper_limits = 271000C8
  spll_main_state  = 00000000
  spll_main_limits = 00320032
  spll_main_phase_limits = 03E804B0
  spll_state_visit_mask = 00000618
  spll_state_transitions = 00000003
  spll_last_state  = 00000004
  spll_init_count  = 00000001
  dmtd_ref         = 0077C6B2
  dmtd_fb          = 0044568E
  dmtd_ref_high_qual_abort = 06B7D877
  dmtd_fb_high_qual_abort = 00257C66
  tag_valid        = 0004C31B
  trr_write        = 0004C332
  irq              = 0004C319
  helper_update    = 0004C319
  spll_helper_error = 00000000
  spll_helper_output = 0000FFFB
  eic_isr          = FFFF0000
  current_tics     = 0001359D
RAW mailbox completion toggle wb_sync_toggle=0

============================================================
White Rabbit Runtime 診斷：DE5 [1-11.2]
============================================================

## [Step 1] PHY / 光纖 Link
[pass] si_config_done           結果: 1/1
[pass] wr_ready                 結果: 1/1
[pass] core_tm_link_up          結果: 1/1
[pass] core_link_ok             結果: 1/1
[pass] wr_rx_ready              結果: 1/1
[pass] wr_tx_ready              結果: 1/1
[pass] core_phy_rst             結果: 0/0
[pass] si_id_error              結果: 0/0
[pass] wr_rx_enc_err            結果: 0/0
[pass] wr_tx_enc_err            結果: 0/0
[pass] CPU_RESET_n              結果: 1/1
[pass] wr_rx_locked_to_data     結果: 1/1
[info] wr_rx_locked_to_ref      結果: 1/NA
[info] MOD_PRS_n                結果: 0/NA
[info] INTERRUPT_n              結果: 1/NA
Step 1 pass

## [Step 2] Endpoint / MiniNIC / PTP
[pass] EP_MAC_H/EP_MAC_L        結果: 02:00:22:33:44:02/02:00:22:33:44:02
[pass] WDIAGS_MODE              結果: 3 SLAVE/3 SLAVE
[info] WDIAGS_PTP               結果: 8 UNCALIBRATED (raw=00004108)/NA
[pass] WDIAGS_PTP_RX            結果: Δ=20/Δ>0
RAW WDIAGS_PTP_RX            before=0x000000AA after=0x000000BE delta=20
[pass] WDIAGS_PTP_TX            結果: Δ=10/Δ>0
RAW WDIAGS_PTP_TX            before=0x0000004D after=0x00000057 delta=10
[pass] WDIAGS_TX                結果: Δ=16/Δ>0
RAW WDIAGS_TX                before=0x00000091 after=0x000000A1 delta=16
[pass] WDIAGS_RX                結果: Δ=25/Δ>0
RAW WDIAGS_RX                before=0x000000D8 after=0x000000F1 delta=25
[error] WDIAGS_RXERR             結果: Δ=4/Δ=0
RAW WDIAGS_RXERR             before=0x00000011 after=0x00000015 delta=4
Step 2 error

## [Step 3] WR Parent / Signaling
[pass] WDIAGS_FOREIGN_META      結果: 1/1
[pass] WDIAGS_FOREIGN_META      結果: 0/0
[info] WDIAGS_FOREIGN_META      結果: detection=0 config=3/NA
[pass] parentIsWRnode           結果: 1/1
[info] parentWrModeOn           結果: 0/NA
[pass] parentCalibrated         結果: 1/1
[pass] WR_RX_SIGNAL_DEBUG       結果: LOCK count=1/LOCK 0x1001,count>0
[pass] WR_TX_SIGNAL_DEBUG       結果: SLAVE_PRESENT count=1/SLAVE_PRESENT 0x1000,count>0
[pass] WDIAGS_TEMP              結果: WRS_S_LOCK next=WRS_S_LOCK/WRS_S_LOCK=2
[pass] LOCK_ENABLE              結果: 4/> 0
Step 3 pass

## [Step 4B] Slave SoftPLL Startup
[info] STEP4B_UPSTREAM_GATE     結果: BLOCKED/NA
STEP4B_ALLOWED = NO
STEP4B_RESULT = BLOCKED_BY_STEP2
STEP4B_FIRST_INACTIVE_BOUNDARY = UPSTREAM_PREREQUISITE
Step 4B BLOCKED (upstream prerequisite)
Step 4 NA

## [Step 5] Closed-loop Lock
STEP5_RESULT = UPSTREAM_NOT_READY
STEP5_FIRST_INACTIVE_BOUNDARY = UPSTREAM_STEP4B
Step 5 NA

## [Step 6] Global Time
Step 6 NA

============================================================
White Rabbit Runtime 診斷：DE5 [1-11.2]
============================================================
Step 1 PHY / Link             pass
Step 2 Endpoint / PTP         error
Step 3 WR Handshake           pass
Step 4 Step4B Slave SoftPLL Startup blocked
Step 5 Closed-loop Lock       NA
Step 6 Global Time            NA
STEP1_REGRESSION = PASS
STEP2_REGRESSION = INVALID
STEP3_REGRESSION = PASS
STEP4B_ALLOWED = NO
STEP4B_RESULT = BLOCKED_BY_STEP2
STEP4B_FIRST_INACTIVE_BOUNDARY = UPSTREAM_PREREQUISITE
STEP5_RESULT = UPSTREAM_NOT_READY
STEP5_FIRST_INACTIVE_BOUNDARY = UPSTREAM_STEP4B
FAILURE_CLASSIFICATION = JTAG/DASHBOARD_MEASUREMENT_FAILURE
============================================================

================ RAW_SNAPSHOT ================
RAW_SNAPSHOT board=DE5 [1-11.2] label=before
  status           = 9010E7E334BC82EF
  cpu              = 0000007C00001228
  marker           = 000000010000B004
  store            = 0004D0F40001DEB8
  store_count      = 00000000017D64D6
  exception        = 8000000B00001224
  clock            = 0029F700F396F9E5
  boot_generation  = 00000001
  cpu_reset_count  = 00000001
  wr_core_reset_count = 00000001
  si_config_drop_count = 00000001
  pps_cr           = 01312D06
  pps_escr         = 00000000
  ep_mach          = 02000200
  ep_macl          = 22334402
  ep_dsr           = 42000000
  ptp              = 00004108
  ptp_rx           = 000000AA
  ptp_tx           = 0000004D
  ptp_meta         = 03010308
  tx               = 00000091
  rx               = 000000D8
  rxerr            = 00000011
  ptp_types        = 0224162A
  foreign_meta     = 03000001
  filter_meta      = 00000000
  parse_meta       = 05011600
  wr_rx_signal     = 10010001
  wr_tx_signal     = 10000001
  wr_failure       = 00000000
  wr_state         = A041135C
  wr_reject        = 00000000
  pstat            = 00000001
  sstat            = 00000101
  sec_h            = 00000000
  sec_l            = 00000032
  ns               = 20484490
  lock_enable      = 00000003
  lock_result      = 00000001
  lock_polls       = 00003EB7
  lock_unlocked    = 00003EDE
  lock_calibration_fail = 00000000
  spll_state       = 00030004
  spll_ocer        = 99D7FE01
  spll_rcer        = 00000001
  spll_occr        = 3D0001A1
  spll_trr_csr     = 0006F278
  spll_dac_hpll    = 7ACC2D8B
  spll_dac_main    = 00000001
  spll_helper_state = 00710000
  spll_helper_limits = 271000C8
  spll_main_state  = 00000000
  spll_main_limits = 00320032
  spll_main_phase_limits = 03E804B0
  spll_state_visit_mask = 00000618
  spll_state_transitions = 00000003
  spll_last_state  = 00000004
  spll_init_count  = 00000001
  dmtd_ref         = 024D891E
  dmtd_fb          = 0216BCC7
  dmtd_ref_high_qual_abort = 00077B61
  dmtd_fb_high_qual_abort = 0002455B
  tag_valid        = 0004F9AD
  trr_write        = 0004F9D8
  irq              = 0004DF48
  helper_update    = 00026DB4
  spll_helper_error = FFFFF55E
  spll_helper_output = 000029BD
  eic_isr          = FFFF0000
  current_tics     = 0000CB64
RAW_SNAPSHOT board=DE5 [1-11.2] label=after
  status           = 30108AC3245082EF
  cpu              = 0000007C00001228
  marker           = 000000010000B004
  store            = 000576AE0001DEB8
  store_count      = 0000000001AF1C4D
  exception        = 8000000B00001220
  clock            = 002844DC40CC47C8
  boot_generation  = 00000001
  cpu_reset_count  = 00000001
  wr_core_reset_count = 00000001
  si_config_drop_count = 00000001
  pps_cr           = 01312D06
  pps_escr         = 00000000
  ep_mach          = 02000200
  ep_macl          = 22334402
  ep_dsr           = 42000000
  ptp              = 00004108
  ptp_rx           = 000000BE
  ptp_tx           = 00000057
  ptp_meta         = 03010308
  tx               = 000000A1
  rx               = 000000F1
  rxerr            = 00000015
  ptp_types        = 0328182F
  foreign_meta     = 03000001
  filter_meta      = 00000000
  parse_meta       = 05011860
  wr_rx_signal     = 10010001
  wr_tx_signal     = 10000001
  wr_failure       = 00000000
  wr_state         = A041135C
  wr_reject        = 00000000
  pstat            = 00000001
  sstat            = 00000101
  sec_h            = 00000000
  sec_l            = 00000038
  ns               = 08620D98
  lock_enable      = 00000004
  lock_result      = 00000001
  lock_polls       = 0000472B
  lock_unlocked    = 0000472B
  lock_calibration_fail = 00000000
  spll_state       = 00030004
  spll_ocer        = F23A5001
  spll_rcer        = 00000001
  spll_occr        = E60001B8
  spll_trr_csr     = 00069E62
  spll_dac_hpll    = A48371CC
  spll_dac_main    = 00000001
  spll_helper_state = 01440000
  spll_helper_limits = 271000C8
  spll_main_state  = 00000000
  spll_main_limits = 00320032
  spll_main_phase_limits = 03E804B0
  spll_state_visit_mask = 00000618
  spll_state_transitions = 00000003
  spll_last_state  = 00000004
  spll_init_count  = 00000001
  dmtd_ref         = 024DDC19
  dmtd_fb          = 021713CC
  dmtd_ref_high_qual_abort = 00087E41
  dmtd_fb_high_qual_abort = 0002931A
  tag_valid        = 0005A3AC
  trr_write        = 0005A3D9
  irq              = 000583B2
  helper_update    = 0002BFA6
  spll_helper_error = 0000043D
  spll_helper_output = 00002BED
  eic_isr          = FFFF0000
  current_tics     = 0000E144

============================================================
STEP4A_RESULT = PASS
STEP4B_ALLOWED = NO
STEP4B_RESULT = BLOCKED_BY_STEP2
STEP4B_FIRST_INACTIVE_BOUNDARY = UPSTREAM_PREREQUISITE
STEP5_RESULT = NOT_APPLICABLE_MASTER
STEP5_FIRST_INACTIVE_BOUNDARY = SLAVE_ONLY
STEP5_RESULT = UPSTREAM_NOT_READY
STEP5_FIRST_INACTIVE_BOUNDARY = UPSTREAM_STEP4B
============================================================
Info (23030): Evaluation of Tcl script scripts/jtag/read_wb_runtime.tcl was successful
Info: Quartus Prime Signal Tap was successful. 0 errors, 0 warnings
    Info: Peak virtual memory: 677 megabytes
    Info: Processing ended: Tue Sep  1 02:34:48 2026
    Info: Elapsed time: 00:00:13
    Info: System process ID: 2142575
