Info: *******************************************************************
Info: Running Quartus Prime Signal Tap
    Info: Version 21.3.0 Build 170 09/23/2021 SC Pro Edition
    Info: Copyright (C) 2021  Intel Corporation. All rights reserved.
    Info: Your use of Intel Corporation's design tools, logic functions 
    Info: and other software and tools, and any partner logic 
    Info: functions, and any output files from any of the foregoing 
    Info: (including device programming or simulation files), and any 
    Info: associated documentation or information are expressly subject 
    Info: to the terms and conditions of the Intel Program License 
    Info: Subscription Agreement, the Intel Quartus Prime License Agreement,
    Info: the Intel FPGA IP License Agreement, or other applicable license
    Info: agreement, including, without limitation, that your use is for
    Info: the sole purpose of programming logic devices manufactured by
    Info: Intel and sold by Intel or its authorized distributors.  Please
    Info: refer to the applicable agreement for further details, at
    Info: https://fpgasoftware.intel.com/eula.
    Info: Processing started: Tue Sep  1 02:39:42 2026
    Info: System process ID: 2144700
Info: Command: quartus_stp -t scripts/jtag/read_wb_runtime.tcl --raw
Info: Quartus(args): --raw
RAW mailbox completion toggle wb_sync_toggle=0

============================================================
White Rabbit Runtime 診斷：DE5 [1-11.1]
============================================================

## [Step 1] PHY / 光纖 Link
[pass] si_config_done           結果: 1/1
[pass] wr_ready                 結果: 1/1
[pass] core_tm_link_up          結果: 1/1
[pass] core_link_ok             結果: 1/1
[pass] wr_rx_ready              結果: 1/1
[pass] wr_tx_ready              結果: 1/1
[pass] core_phy_rst             結果: 0/0
[pass] si_id_error              結果: 0/0
[pass] wr_rx_enc_err            結果: 0/0
[pass] wr_tx_enc_err            結果: 0/0
[pass] CPU_RESET_n              結果: 1/1
[pass] wr_rx_locked_to_data     結果: 1/1
[info] wr_rx_locked_to_ref      結果: 0/NA
[info] MOD_PRS_n                結果: 0/NA
[info] INTERRUPT_n              結果: 1/NA
Step 1 pass

## [Step 2] Endpoint / MiniNIC / PTP
[pass] EP_MAC_H/EP_MAC_L        結果: 02:00:22:33:44:01/02:00:22:33:44:01
[pass] WDIAGS_MODE              結果: 2 MASTER/2 MASTER
[pass] WDIAGS_PTP               結果: 6 MASTER (raw=01014106)/6 MASTER
[pass] WDIAGS_PTP_RX            結果: Δ=14/Δ>0
RAW WDIAGS_PTP_RX            before=0x000002A1 after=0x000002AF delta=14
[pass] WDIAGS_PTP_TX            結果: Δ=29/Δ>0
RAW WDIAGS_PTP_TX            before=0x00000605 after=0x00000622 delta=29
[pass] WDIAGS_TX                結果: Δ=35/Δ>0
RAW WDIAGS_TX                before=0x000007B4 after=0x000007D7 delta=35
[pass] WDIAGS_RX                結果: Δ=19/Δ>0
RAW WDIAGS_RX                before=0x00000400 after=0x00000413 delta=19
[pass] WDIAGS_RXERR             結果: Δ=0/Δ=0
RAW WDIAGS_RXERR             before=0x00000000 after=0x00000000 delta=0
Step 2 pass

## [Step 3] WR Parent / Signaling
Step 3 NA

## [Step 4A] Master SoftPLL Event Chain
[pass] DMTD_REF_ACCEPT_EVENT    結果: Δ=23212/Δ>=0
RAW DMTD_REF_ACCEPT_EVENT    before=0x008AFCE6 after=0x008B5792 delta=23212
[pass] DMTD_FB_ACCEPT_EVENT     結果: Δ=22183/Δ>=0
RAW DMTD_FB_ACCEPT_EVENT     before=0x0056B2B4 after=0x0057095B delta=22183
[pass] DMTD_ACCEPT              結果: Δ=45395/Δ>0
[pass] SPLL_TAG_VALID_COUNT     結果: Δ=22183/Δ>0
RAW SPLL_TAG_VALID_COUNT     before=0x00171F41 after=0x001775E8 delta=22183
[pass] SPLL_TRR_WRITE_COUNT     結果: Δ=22184/Δ>0
RAW SPLL_TRR_WRITE_COUNT     before=0x00171F57 after=0x001775FF delta=22184
[pass] WRPC_SPLL_TRR_POP_COUNT  結果: Δ=22009/Δ>0
RAW WRPC_SPLL_TRR_POP_COUNT  before=0x00171F29 after=0x00177522 delta=22009
[pass] WDIAGS_IRQ_COUNT         結果: Δ=22009/Δ>0
RAW WDIAGS_IRQ_COUNT         before=0x00171F29 after=0x00177522 delta=22009
[pass] WDIAGS_HELPER_UPDATE_COUNT 結果: Δ=22009/Δ>0
RAW WDIAGS_HELPER_UPDATE_COUNT before=0x00171F29 after=0x00177522 delta=22009
[pass] BOOT_GENERATION          結果: Δ=0/Δ=0
RAW BOOT_GENERATION          before=0x00000001 after=0x00000001 delta=0
[pass] CPU_RESET_COUNT          結果: Δ=0/Δ=0
RAW CPU_RESET_COUNT          before=0x00000001 after=0x00000001 delta=0
[pass] WR_CORE_RESET_COUNT      結果: Δ=0/Δ=0
RAW WR_CORE_RESET_COUNT      before=0x00000001 after=0x00000001 delta=0
[pass] SI_CONFIG_DROP_COUNT     結果: Δ=0/Δ=0
RAW SI_CONFIG_DROP_COUNT     before=0x00000001 after=0x00000001 delta=0
STEP4A_MASTER_EVENT_CHAIN = PASS
Step 4 pass

## [Step 5] Closed-loop Lock
STEP5_RESULT = NOT_APPLICABLE_MASTER
STEP5_FIRST_INACTIVE_BOUNDARY = SLAVE_ONLY
Step 5 NA (Step5 closed-loop gate is for Slave)

## [Step 6] Global Time
Step 6 NA

============================================================
White Rabbit Runtime 診斷：DE5 [1-11.1]
============================================================
Step 1 PHY / Link             pass
Step 2 Endpoint / PTP         pass
Step 3 WR Handshake           NA
Step 4 Step4A Master Event Chain pass
Step 5 Closed-loop Lock       NA
Step 6 Global Time            NA
STEP1_REGRESSION = PASS
STEP2_REGRESSION = PASS
STEP3_REGRESSION = PASS
STEP4A_RESULT = PASS
STEP5_RESULT = NOT_APPLICABLE_MASTER
STEP5_FIRST_INACTIVE_BOUNDARY = SLAVE_ONLY
FAILURE_CLASSIFICATION = NO_FAILURE_EVIDENCE
============================================================

================ RAW_SNAPSHOT ================
RAW_SNAPSHOT board=DE5 [1-11.1] label=before
  status           = 4110FDE339BC82FF
  cpu              = 0000007C00004090
  marker           = 000000010000B004
  store            = 0017179F0001DEB8
  store_count      = 0000000009B5AC89
  exception        = 8000000B00001220
  clock            = 002FB01B88F1B749
  boot_generation  = 00000001
  cpu_reset_count  = 00000001
  wr_core_reset_count = 00000001
  si_config_drop_count = 00000001
  pps_cr           = 01312D06
  pps_escr         = 0000010C
  ep_mach          = 02000200
  ep_macl          = 22334401
  ep_dsr           = 42000000
  ptp              = 01014106
  ptp_rx           = 000002A1
  ptp_tx           = 00000605
  ptp_meta         = 02010306
  tx               = 000007B4
  rx               = 00000400
  rxerr            = 00000000
  ptp_types        = 03010101
  foreign_meta     = 0000FF00
  filter_meta      = 00000000
  parse_meta       = 0001018C
  wr_rx_signal     = 10000003
  wr_tx_signal     = 1001000C
  wr_failure       = 01030002
  wr_state         = A0219864
  wr_reject        = 00000000
  pstat            = 00000001
  sstat            = 00000000
  sec_h            = 00000000
  sec_l            = 0000017A
  ns               = 202E63B8
  lock_enable      = 00000000
  lock_result      = 00000000
  lock_polls       = 00000000
  lock_unlocked    = 00000000
  lock_calibration_fail = 00000000
  spll_state       = 00020004
  spll_ocer        = 96B20801
  spll_rcer        = 00000000
  spll_occr        = E50001BA
  spll_trr_csr     = 00161C12
  spll_dac_hpll    = EC903B1E
  spll_dac_main    = 0000000A
  spll_helper_state = 00000100
  spll_helper_limits = 271000C8
  spll_main_state  = 00000000
  spll_main_limits = 00320032
  spll_main_phase_limits = 03E804B0
  spll_state_visit_mask = 00000618
  spll_state_transitions = 00000003
  spll_last_state  = 00000004
  spll_init_count  = 00000001
  dmtd_ref         = 008AFCE6
  dmtd_fb          = 0056B2B4
  dmtd_ref_high_qual_abort = 07758502
  dmtd_fb_high_qual_abort = 00B60C90
  tag_valid        = 00171F41
  trr_write        = 00171F57
  irq              = 00171F29
  helper_update    = 00171F29
  spll_helper_error = FFFDB610
  spll_helper_output = 0000FFFB
  eic_isr          = FFFF0000
  current_tics     = 0005CC9D
RAW_SNAPSHOT board=DE5 [1-11.1] label=after
  status           = A110AB41295082FF
  cpu              = 0000007C00001228
  marker           = 000000010000B004
  store            = 00176E5B0001DEB8
  store_count      = 0000000009DAAE20
  exception        = 8000000B00001224
  clock            = 002C0C79E49A13A0
  boot_generation  = 00000001
  cpu_reset_count  = 00000001
  wr_core_reset_count = 00000001
  si_config_drop_count = 00000001
  pps_cr           = 01312D06
  pps_escr         = 0000010C
  ep_mach          = 02000200
  ep_macl          = 22334401
  ep_dsr           = 42000000
  ptp              = 01014106
  ptp_rx           = 000002AF
  ptp_tx           = 00000622
  ptp_meta         = 02020406
  tx               = 000007D7
  rx               = 00000413
  rxerr            = 00000000
  ptp_types        = 03010101
  foreign_meta     = 0000FF00
  filter_meta      = 00000000
  parse_meta       = 000101A1
  wr_rx_signal     = 10000003
  wr_tx_signal     = 1001000C
  wr_failure       = 01030003
  wr_state         = A0000064
  wr_reject        = 00000000
  pstat            = 00000001
  sstat            = 00000000
  sec_h            = 00000000
  sec_l            = 00000180
  ns               = 08564E28
  lock_enable      = 00000000
  lock_result      = 00000000
  lock_polls       = 00000000
  lock_unlocked    = 00000000
  lock_calibration_fail = 00000000
  spll_state       = 00020004
  spll_ocer        = 5B756201
  spll_rcer        = 00000000
  spll_occr        = 600001E9
  spll_trr_csr     = 00167290
  spll_dac_hpll    = 1648AA22
  spll_dac_main    = 0000000B
  spll_helper_state = 00000100
  spll_helper_limits = 271000C8
  spll_main_state  = 00000000
  spll_main_limits = 00320032
  spll_main_phase_limits = 03E804B0
  spll_state_visit_mask = 00000618
  spll_state_transitions = 00000003
  spll_last_state  = 00000004
  spll_init_count  = 00000001
  dmtd_ref         = 008B5792
  dmtd_fb          = 0057095B
  dmtd_ref_high_qual_abort = 07790576
  dmtd_fb_high_qual_abort = 00B8B6A9
  tag_valid        = 001775E8
  trr_write        = 001775FF
  irq              = 00177522
  helper_update    = 00177522
  spll_helper_error = FFFDB610
  spll_helper_output = 0000FFFB
  eic_isr          = FFFF0000
  current_tics     = 0005E27F
RAW mailbox completion toggle wb_sync_toggle=0

============================================================
White Rabbit Runtime 診斷：DE5 [1-11.2]
============================================================

## [Step 1] PHY / 光纖 Link
[pass] si_config_done           結果: 1/1
[pass] wr_ready                 結果: 1/1
[pass] core_tm_link_up          結果: 1/1
[pass] core_link_ok             結果: 1/1
[pass] wr_rx_ready              結果: 1/1
[pass] wr_tx_ready              結果: 1/1
[pass] core_phy_rst             結果: 0/0
[pass] si_id_error              結果: 0/0
[pass] wr_rx_enc_err            結果: 0/0
[pass] wr_tx_enc_err            結果: 0/0
[pass] CPU_RESET_n              結果: 1/1
[pass] wr_rx_locked_to_data     結果: 1/1
[info] wr_rx_locked_to_ref      結果: 0/NA
[info] MOD_PRS_n                結果: 0/NA
[info] INTERRUPT_n              結果: 1/NA
Step 1 pass

## [Step 2] Endpoint / MiniNIC / PTP
[pass] EP_MAC_H/EP_MAC_L        結果: 02:00:22:33:44:02/02:00:22:33:44:02
[pass] WDIAGS_MODE              結果: 3 SLAVE/3 SLAVE
[pass] WDIAGS_PTP               結果: 9 SLAVE (raw=00004109)/9 SLAVE
[pass] WDIAGS_PTP_RX            結果: Δ=25/Δ>0
RAW WDIAGS_PTP_RX            before=0x00000564 after=0x0000057D delta=25
[pass] WDIAGS_PTP_TX            結果: Δ=3/Δ>0
RAW WDIAGS_PTP_TX            before=0x000001EA after=0x000001ED delta=3
[pass] WDIAGS_TX                結果: Δ=20/Δ>0
RAW WDIAGS_TX                before=0x0000045C after=0x00000470 delta=20
[pass] WDIAGS_RX                結果: Δ=31/Δ>0
RAW WDIAGS_RX                before=0x000006A0 after=0x000006BF delta=31
[pass] WDIAGS_RXERR             結果: Δ=0/Δ=0
RAW WDIAGS_RXERR             before=0x00000085 after=0x00000085 delta=0
Step 2 pass

## [Step 3] WR Parent / Signaling
[pass] WDIAGS_FOREIGN_META      結果: 1/1
[pass] WDIAGS_FOREIGN_META      結果: 0/0
[info] WDIAGS_FOREIGN_META      結果: detection=0 config=3/NA
[pass] parentIsWRnode           結果: 1/1
[info] parentWrModeOn           結果: 0/NA
[pass] parentCalibrated         結果: 1/1
[pass] WR_RX_SIGNAL_DEBUG       結果: LOCK count=3/LOCK 0x1001,count>0
[pass] WR_TX_SIGNAL_DEBUG       結果: SLAVE_PRESENT count=3/SLAVE_PRESENT 0x1000,count>0
[info] WDIAGS_TEMP              結果: WRS_IDLE next=WRS_IDLE POST_STEP3_TIMEOUT/NA
[pass] LOCK_ENABLE              結果: 12/> 0
[info] WR_FAILURE_DEBUG         結果: TIMEOUT last_fail_state=WRS_S_LOCK failure_count=3/NA
Step 3 pass

## [Step 4B] Slave SoftPLL Startup
[pass] LOCK_ENABLE_COUNT        結果: 12/> 0
[pass] SPLL_MODE                結果: 3 (SPLL_MODE_SLAVE)/3 SPLL_MODE_SLAVE
[pass] SPLL_SEQ_STATE           結果: 4 (SEQ_WAIT_HELPER)/active, not 0/7
[pass] SPLL_STATE_VISIT_MASK    結果: 0x00000618/> 0
[pass] SPLL_INIT_COUNT          結果: 1/> 0
[pass] RCER                     結果: 0x00000001/> 0
[pass] OCER                     結果: 0x296D2601/> 0
[info] SPLL_ALIGN_STATE         結果: 0/NA
[info] SPLL_STATE_TRANSITIONS   結果: 0x00000003/NA
[info] SPLL_LAST_STATE          結果: 4 (SEQ_WAIT_HELPER)/NA
[info] OCCR                     結果: 0xEE0001A4/NA
[pass] DMTD_REF_ACCEPT_EVENT    結果: Δ=21167/Δ>=0
RAW DMTD_REF_ACCEPT_EVENT    before=0x025F5E05 after=0x025FB0B4 delta=21167
[pass] DMTD_FB_ACCEPT_EVENT     結果: Δ=22197/Δ>=0
RAW DMTD_FB_ACCEPT_EVENT     before=0x02296FC3 after=0x0229C678 delta=22197
[pass] DMTD_ACCEPT              結果: Δ=43364/Δ>0
[pass] SPLL_TAG_VALID_COUNT     結果: Δ=43365/Δ>0
RAW SPLL_TAG_VALID_COUNT     before=0x0029818F after=0x002A2AF4 delta=43365
[pass] SPLL_TRR_WRITE_COUNT     結果: Δ=43364/Δ>0
RAW SPLL_TRR_WRITE_COUNT     before=0x002981BB after=0x002A2B1F delta=43364
[pass] WRPC_SPLL_TRR_POP_COUNT  結果: Δ=43762/Δ>0
RAW WRPC_SPLL_TRR_POP_COUNT  before=0x00297F96 after=0x002A2A88 delta=43762
[pass] WDIAGS_IRQ_COUNT         結果: Δ=42863/Δ>0
RAW WDIAGS_IRQ_COUNT         before=0x0028A585 after=0x00294CF4 delta=42863
[pass] WDIAGS_HELPER_UPDATE_COUNT 結果: Δ=21361/Δ>0
RAW WDIAGS_HELPER_UPDATE_COUNT before=0x001441B2 after=0x00149523 delta=21361
[pass] BOOT_GENERATION          結果: Δ=0/Δ=0
RAW BOOT_GENERATION          before=0x00000001 after=0x00000001 delta=0
[pass] CPU_RESET_COUNT          結果: Δ=0/Δ=0
RAW CPU_RESET_COUNT          before=0x00000001 after=0x00000001 delta=0
[pass] WR_CORE_RESET_COUNT      結果: Δ=0/Δ=0
RAW WR_CORE_RESET_COUNT      before=0x00000001 after=0x00000001 delta=0
[pass] SI_CONFIG_DROP_COUNT     結果: Δ=0/Δ=0
RAW SI_CONFIG_DROP_COUNT     before=0x00000001 after=0x00000001 delta=0
STEP4B_ALLOWED = YES
STEP4B_RESULT = PASS
STEP4B_FIRST_INACTIVE_BOUNDARY = ACTIVE
Step 4B pass
Step 4 pass

## [Step 5] Closed-loop Lock
STEP5_LOCKDET_BEFORE: HELPER locked=0 changed=0 cnt=100/10000 threshold=200 ref_src=0 MAIN enabled=0 locked=0 freq=0 phase=0 freq_cnt=0/50 phase_cnt=0/1000 PSTAT_locked=0
STEP5_LOCKDET_AFTER: HELPER locked=0 changed=0 cnt=100/10000 threshold=200 ref_src=0 MAIN enabled=0 locked=0 freq=0 phase=0 freq_cnt=0/50 phase_cnt=0/1000 PSTAT_locked=0
[error] WDIAGS_PSTAT             結果: 0/1
STEP5_RESULT = NEVER_LOCKED
STEP5_FIRST_INACTIVE_BOUNDARY = HELPER_LOCK
Step 5 NA (single window is not stable-lock proof)

## [Step 6] Global Time
Step 6 NA

============================================================
White Rabbit Runtime 診斷：DE5 [1-11.2]
============================================================
Step 1 PHY / Link             pass
Step 2 Endpoint / PTP         pass
Step 3 WR Handshake           pass
Step 4 Step4B Slave SoftPLL Startup pass
Step 5 Closed-loop Lock       NA
Step 6 Global Time            NA
STEP1_REGRESSION = PASS
STEP2_REGRESSION = PASS
STEP3_REGRESSION = PASS
STEP4B_ALLOWED = YES
STEP4B_RESULT = PASS
STEP4B_FIRST_INACTIVE_BOUNDARY = ACTIVE
STEP5_RESULT = NEVER_LOCKED
STEP5_FIRST_INACTIVE_BOUNDARY = HELPER_LOCK
FAILURE_CLASSIFICATION = NO_FAILURE_EVIDENCE
============================================================

================ RAW_SNAPSHOT ================
RAW_SNAPSHOT board=DE5 [1-11.2] label=before
  status           = 8010EE6134BC82EF
  cpu              = 0000007C00001228
  marker           = 000000010000B004
  store            = 000000000001E483
  store_count      = 000000000BFC7354
  exception        = 8000000B00001220
  clock            = 002E8B4964358FEA
  boot_generation  = 00000001
  cpu_reset_count  = 00000001
  wr_core_reset_count = 00000001
  si_config_drop_count = 00000001
  pps_cr           = 01312D06
  pps_escr         = 00000100
  ep_mach          = 02000200
  ep_macl          = 22334402
  ep_dsr           = 42000000
  ptp              = 00004109
  ptp_rx           = 00000564
  ptp_tx           = 000001EA
  ptp_meta         = 03020409
  tx               = 0000045C
  rx               = 000006A0
  rxerr            = 00000085
  ptp_types        = 0B399A35
  foreign_meta     = 03000001
  filter_meta      = 00000000
  parse_meta       = 05019A68
  wr_rx_signal     = 10010003
  wr_tx_signal     = 10000003
  wr_failure       = 02020003
  wr_state         = A000035C
  wr_reject        = 00000000
  pstat            = 00000001
  sstat            = 00000001
  sec_h            = 00000000
  sec_l            = 00000180
  ns               = 3569D7C8
  lock_enable      = 0000000C
  lock_result      = 00000001
  lock_polls       = 00011080
  lock_unlocked    = 00011080
  lock_calibration_fail = 00000000
  spll_state       = 00030004
  spll_ocer        = CFC6D201
  spll_rcer        = 00000001
  spll_occr        = 5400014B
  spll_trr_csr     = 002A7C88
  spll_dac_hpll    = 65AC9E9E
  spll_dac_main    = 00640000
  spll_helper_state = 00640000
  spll_helper_limits = 271000C8
  spll_main_state  = 00000000
  spll_main_limits = 00320032
  spll_main_phase_limits = 03E804B0
  spll_state_visit_mask = 00000618
  spll_state_transitions = 00000003
  spll_last_state  = 00000004
  spll_init_count  = 00000001
  dmtd_ref         = 025F5E05
  dmtd_fb          = 02296FC3
  dmtd_ref_high_qual_abort = 003F8C9E
  dmtd_fb_high_qual_abort = 00130169
  tag_valid        = 0029818F
  trr_write        = 002981BB
  irq              = 0028A585
  helper_update    = 001441B2
  spll_helper_error = FFFFFECD
  spll_helper_output = 00002F94
  eic_isr          = FFFF0000
  current_tics     = 00057845
RAW_SNAPSHOT board=DE5 [1-11.2] label=after
  status           = A010AD41345482CF
  cpu              = 0000007C00001228
  marker           = 000000010000B004
  store            = 00293ECB0001DEB8
  store_count      = 000000000C2C25A2
  exception        = 8000000B00001228
  clock            = 002BDEF6B73DE39F
  boot_generation  = 00000001
  cpu_reset_count  = 00000001
  wr_core_reset_count = 00000001
  si_config_drop_count = 00000001
  pps_cr           = 01312D02
  pps_escr         = 00000100
  ep_mach          = 02000200
  ep_macl          = 22334402
  ep_dsr           = 42000000
  ptp              = 00004109
  ptp_rx           = 0000057D
  ptp_tx           = 000001ED
  ptp_meta         = 03020409
  tx               = 00000470
  rx               = 000006BF
  rxerr            = 00000085
  ptp_types        = 0B3E9D3A
  foreign_meta     = 03000001
  filter_meta      = 00000000
  parse_meta       = 05019D82
  wr_rx_signal     = 10010003
  wr_tx_signal     = 10000003
  wr_failure       = 02020003
  wr_state         = A000035C
  wr_reject        = 00000000
  pstat            = 00000001
  sstat            = 00000001
  sec_h            = 00000000
  sec_l            = 00000186
  ns               = 17AB1118
  lock_enable      = 0000000C
  lock_result      = 00000001
  lock_polls       = 00011080
  lock_unlocked    = 00011080
  lock_calibration_fail = 00000000
  spll_state       = 00030004
  spll_ocer        = 296D2601
  spll_rcer        = 00000001
  spll_occr        = EE0001A4
  spll_trr_csr     = 002A246C
  spll_dac_hpll    = 8EA6E669
  spll_dac_main    = 0000000A
  spll_helper_state = 00640000
  spll_helper_limits = 271000C8
  spll_main_state  = 00000000
  spll_main_limits = 00320032
  spll_main_phase_limits = 03E804B0
  spll_state_visit_mask = 00000618
  spll_state_transitions = 00000003
  spll_last_state  = 00000004
  spll_init_count  = 00000001
  dmtd_ref         = 025FB0B4
  dmtd_fb          = 0229C678
  dmtd_ref_high_qual_abort = 00408D35
  dmtd_fb_high_qual_abort = 00134F60
  tag_valid        = 002A2AF4
  trr_write        = 002A2B1F
  irq              = 00294CF4
  helper_update    = 00149523
  spll_helper_error = FFFFFED9
  spll_helper_output = 0000327F
  eic_isr          = FFFF0000
  current_tics     = 00058DC1

============================================================
STEP4A_RESULT = PASS
STEP4B_ALLOWED = YES
STEP4B_RESULT = PASS
STEP4B_FIRST_INACTIVE_BOUNDARY = ACTIVE
STEP5_RESULT = NOT_APPLICABLE_MASTER
STEP5_FIRST_INACTIVE_BOUNDARY = SLAVE_ONLY
STEP5_RESULT = NEVER_LOCKED
STEP5_FIRST_INACTIVE_BOUNDARY = HELPER_LOCK
============================================================
Info (23030): Evaluation of Tcl script scripts/jtag/read_wb_runtime.tcl was successful
Info: Quartus Prime Signal Tap was successful. 0 errors, 0 warnings
    Info: Peak virtual memory: 677 megabytes
    Info: Processing ended: Tue Sep  1 02:39:54 2026
    Info: Elapsed time: 00:00:12
    Info: System process ID: 2144700
