Info: *******************************************************************
Info: Running Quartus Prime SignalTap II
    Info: Version 17.0.0 Build 595 04/25/2017 SJ Standard Edition
    Info: Copyright (C) 2017  Intel Corporation. All rights reserved.
    Info: Your use of Intel Corporation's design tools, logic functions 
    Info: and other software and tools, and its AMPP partner logic 
    Info: functions, and any output files from any of the foregoing 
    Info: (including device programming or simulation files), and any 
    Info: associated documentation or information are expressly subject 
    Info: to the terms and conditions of the Intel Program License 
    Info: Subscription Agreement, the Intel Quartus Prime License Agreement,
    Info: the Intel MegaCore Function License Agreement, or other 
    Info: applicable license agreement, including, without limitation, 
    Info: that your use is for the sole purpose of programming logic 
    Info: devices manufactured by Intel and sold by Intel or its 
    Info: authorized distributors.  Please refer to the applicable 
    Info: agreement for further details.
    Info: Processing started: Tue Sep  1 02:11:51 2026
Info: Command: quartus_stp -t scripts/jtag/read_wb_runtime.tcl --raw
Info: Quartus(args): --raw
RAW mailbox completion toggle wb_sync_toggle=0

============================================================
White Rabbit Runtime 診斷：DE5 [1-11.1]
============================================================

## [Step 1] PHY / 光纖 Link
[pass] si_config_done           結果: 1/1
[pass] wr_ready                 結果: 1/1
[pass] core_tm_link_up          結果: 1/1
[pass] core_link_ok             結果: 1/1
[pass] wr_rx_ready              結果: 1/1
[pass] wr_tx_ready              結果: 1/1
[pass] core_phy_rst             結果: 0/0
[pass] si_id_error              結果: 0/0
[pass] wr_rx_enc_err            結果: 0/0
[pass] wr_tx_enc_err            結果: 0/0
[pass] CPU_RESET_n              結果: 1/1
[pass] wr_rx_locked_to_data     結果: 1/1
[info] wr_rx_locked_to_ref      結果: 1/NA
[info] MOD_PRS_n                結果: 0/NA
[info] INTERRUPT_n              結果: 1/NA
Step 1 pass

## [Step 2] Endpoint / MiniNIC / PTP
[pass] EP_MAC_H/EP_MAC_L        結果: 02:00:22:33:44:01/02:00:22:33:44:01
[pass] WDIAGS_MODE              結果: 2 MASTER/2 MASTER
[pass] WDIAGS_PTP               結果: 6 MASTER (raw=01014106)/6 MASTER
[pass] WDIAGS_PTP_RX            結果: Δ=11/Δ>0
RAW WDIAGS_PTP_RX            before=0x00000104 after=0x0000010F delta=11
[pass] WDIAGS_PTP_TX            結果: Δ=26/Δ>0
RAW WDIAGS_PTP_TX            before=0x0000025E after=0x00000278 delta=26
[pass] WDIAGS_TX                結果: Δ=33/Δ>0
RAW WDIAGS_TX                before=0x00000312 after=0x00000333 delta=33
[pass] WDIAGS_RX                結果: Δ=16/Δ>0
RAW WDIAGS_RX                before=0x0000018E after=0x0000019E delta=16
[pass] WDIAGS_RXERR             結果: Δ=0/Δ=0
RAW WDIAGS_RXERR             before=0x00000000 after=0x00000000 delta=0
Step 2 pass

## [Step 3] WR Parent / Signaling
Step 3 NA

## [Step 4A] Master SoftPLL Event Chain
[pass] DMTD_REF_ACCEPT_EVENT    結果: Δ=23210/Δ>=0
RAW DMTD_REF_ACCEPT_EVENT    before=0x001581F8 after=0x0015DCA2 delta=23210
[pass] DMTD_FB_ACCEPT_EVENT     結果: Δ=22182/Δ>=0
RAW DMTD_FB_ACCEPT_EVENT     before=0x004A0313 after=0x004A59B9 delta=22182
[pass] DMTD_ACCEPT              結果: Δ=45392/Δ>0
[pass] SPLL_TAG_VALID_COUNT     結果: Δ=22182/Δ>0
RAW SPLL_TAG_VALID_COUNT     before=0x000A707D after=0x000AC723 delta=22182
[pass] SPLL_TRR_WRITE_COUNT     結果: Δ=22182/Δ>0
RAW SPLL_TRR_WRITE_COUNT     before=0x000A7093 after=0x000AC739 delta=22182
[pass] WRPC_SPLL_TRR_POP_COUNT  結果: Δ=22003/Δ>0
RAW WRPC_SPLL_TRR_POP_COUNT  before=0x000A703E after=0x000AC631 delta=22003
[pass] WDIAGS_IRQ_COUNT         結果: Δ=22003/Δ>0
RAW WDIAGS_IRQ_COUNT         before=0x000A703E after=0x000AC631 delta=22003
[pass] WDIAGS_HELPER_UPDATE_COUNT 結果: Δ=22003/Δ>0
RAW WDIAGS_HELPER_UPDATE_COUNT before=0x000A703E after=0x000AC631 delta=22003
[pass] BOOT_GENERATION          結果: Δ=0/Δ=0
RAW BOOT_GENERATION          before=0x00000001 after=0x00000001 delta=0
[pass] CPU_RESET_COUNT          結果: Δ=0/Δ=0
RAW CPU_RESET_COUNT          before=0x00000001 after=0x00000001 delta=0
[pass] WR_CORE_RESET_COUNT      結果: Δ=0/Δ=0
RAW WR_CORE_RESET_COUNT      before=0x00000001 after=0x00000001 delta=0
[pass] SI_CONFIG_DROP_COUNT     結果: Δ=0/Δ=0
RAW SI_CONFIG_DROP_COUNT     before=0x00000001 after=0x00000001 delta=0
STEP4A_MASTER_EVENT_CHAIN = PASS
Step 4 pass

## [Step 5] Closed-loop Lock
STEP5_RESULT = NOT_APPLICABLE_MASTER
STEP5_FIRST_INACTIVE_BOUNDARY = SLAVE_ONLY
Step 5 NA (Step5 closed-loop gate is for Slave)

## [Step 6] Global Time
Step 6 NA

============================================================
White Rabbit Runtime 診斷：DE5 [1-11.1]
============================================================
Step 1 PHY / Link             pass
Step 2 Endpoint / PTP         pass
Step 3 WR Handshake           NA
Step 4 Step4A Master Event Chain pass
Step 5 Closed-loop Lock       NA
Step 6 Global Time            NA
STEP1_REGRESSION = PASS
STEP2_REGRESSION = PASS
STEP3_REGRESSION = PASS
STEP4A_RESULT = PASS
STEP5_RESULT = NOT_APPLICABLE_MASTER
STEP5_FIRST_INACTIVE_BOUNDARY = SLAVE_ONLY
FAILURE_CLASSIFICATION = NO_FAILURE_EVIDENCE
============================================================

================ RAW_SNAPSHOT ================
RAW_SNAPSHOT board=DE5 [1-11.1] label=before
  status           = C110C26332BC82FF
  cpu              = 0000007C000011EC
  marker           = 000000010000B004
  store            = 000A68E70001DEA0
  store_count      = 00000000044CB699
  exception        = 8000000B00001224
  clock            = 0029140A7A9A8F95
  boot_generation  = 00000001
  cpu_reset_count  = 00000001
  wr_core_reset_count = 00000001
  si_config_drop_count = 00000001
  pps_cr           = 01312D06
  pps_escr         = 0000000C
  ep_mach          = 02000200
  ep_macl          = 22334401
  ep_dsr           = 42000000
  ptp              = 01014106
  ptp_rx           = 00000104
  ptp_tx           = 0000025E
  ptp_meta         = 02020406
  tx               = 00000312
  rx               = 0000018E
  rxerr            = 00000000
  ptp_types        = 01010101
  foreign_meta     = 0000FF00
  filter_meta      = 00000000
  parse_meta       = 000101B7
  wr_rx_signal     = 10000001
  wr_tx_signal     = 10010004
  wr_failure       = 01030001
  wr_state         = A0000064
  wr_reject        = 00000000
  pstat            = 00000001
  sstat            = 00000000
  sec_h            = 00000000
  sec_l            = 000000AA
  ns               = 2BEA5470
  lock_enable      = 00000000
  lock_result      = 00000000
  lock_polls       = 00000000
  lock_unlocked    = 00000000
  lock_calibration_fail = 00000000
  spll_state       = 00020004
  spll_ocer        = F48E1801
  spll_rcer        = 00000000
  spll_occr        = 83000177
  spll_trr_csr     = 000A6C22
  spll_dac_hpll    = F4DA2A27
  spll_dac_main    = 00000004
  spll_helper_state = 00000100
  spll_helper_limits = 271000C8
  spll_main_state  = 00000000
  spll_main_limits = 00320032
  spll_main_phase_limits = 03E804B0
  spll_state_visit_mask = 00000618
  spll_state_transitions = 00000003
  spll_last_state  = 00000004
  spll_init_count  = 00000001
  dmtd_ref         = 001581F8
  dmtd_fb          = 004A0313
  dmtd_ref_high_qual_abort = 01B2D480
  dmtd_fb_high_qual_abort = 00522A73
  tag_valid        = 000A707D
  trr_write        = 000A7093
  irq              = 000A703E
  helper_update    = 000A703E
  spll_helper_error = FFFDB610
  spll_helper_output = 0000FFFB
  eic_isr          = FFFF0000
  current_tics     = 0002A0E5
RAW_SNAPSHOT board=DE5 [1-11.1] label=after
  status           = 5110E7C3229082FF
  cpu              = 0000007C00001228
  marker           = 000000010000B004
  store            = 000ABF910001DEA0
  store_count      = 000000000471ABAF
  exception        = 8000000B00001224
  clock            = 002A6862CE3DE3E6
  boot_generation  = 00000001
  cpu_reset_count  = 00000001
  wr_core_reset_count = 00000001
  si_config_drop_count = 00000001
  pps_cr           = 01312D06
  pps_escr         = 0000000C
  ep_mach          = 02000200
  ep_macl          = 22334401
  ep_dsr           = 42000000
  ptp              = 01014106
  ptp_rx           = 0000010F
  ptp_tx           = 00000278
  ptp_meta         = 02020406
  tx               = 00000333
  rx               = 0000019E
  rxerr            = 00000000
  ptp_types        = 01010101
  foreign_meta     = 0000FF00
  filter_meta      = 00000000
  parse_meta       = 000101CC
  wr_rx_signal     = 10000001
  wr_tx_signal     = 10010004
  wr_failure       = 01030001
  wr_state         = A0000064
  wr_reject        = 00000000
  pstat            = 00000001
  sstat            = 00000000
  sec_h            = 00000000
  sec_l            = 000000B0
  ns               = 140B59F0
  lock_enable      = 00000000
  lock_result      = 00000000
  lock_polls       = 00000000
  lock_unlocked    = 00000000
  lock_calibration_fail = 00000000
  spll_state       = 00020004
  spll_ocer        = B8557201
  spll_rcer        = 00000000
  spll_occr        = FA000117
  spll_trr_csr     = 000AC4A0
  spll_dac_hpll    = 1E926A77
  spll_dac_main    = 00000005
  spll_helper_state = 00000100
  spll_helper_limits = 271000C8
  spll_main_state  = 00000000
  spll_main_limits = 00320032
  spll_main_phase_limits = 03E804B0
  spll_state_visit_mask = 00000618
  spll_state_transitions = 00000003
  spll_last_state  = 00000004
  spll_init_count  = 00000001
  dmtd_ref         = 0015DCA2
  dmtd_fb          = 004A59B9
  dmtd_ref_high_qual_abort = 01B5DA8A
  dmtd_fb_high_qual_abort = 0054D429
  tag_valid        = 000AC723
  trr_write        = 000AC739
  irq              = 000AC631
  helper_update    = 000AC631
  spll_helper_error = FFFDB610
  spll_helper_output = 0000FFFB
  eic_isr          = FFFF0000
  current_tics     = 0002B6C6
RAW mailbox completion toggle wb_sync_toggle=0

============================================================
White Rabbit Runtime 診斷：DE5 [1-11.2]
============================================================

## [Step 1] PHY / 光纖 Link
[pass] si_config_done           結果: 1/1
[pass] wr_ready                 結果: 1/1
[pass] core_tm_link_up          結果: 1/1
[pass] core_link_ok             結果: 1/1
[pass] wr_rx_ready              結果: 1/1
[pass] wr_tx_ready              結果: 1/1
[pass] core_phy_rst             結果: 0/0
[pass] si_id_error              結果: 0/0
[pass] wr_rx_enc_err            結果: 0/0
[pass] wr_tx_enc_err            結果: 0/0
[pass] CPU_RESET_n              結果: 1/1
[pass] wr_rx_locked_to_data     結果: 1/1
[info] wr_rx_locked_to_ref      結果: 0/NA
[info] MOD_PRS_n                結果: 0/NA
[info] INTERRUPT_n              結果: 1/NA
Step 1 pass

## [Step 2] Endpoint / MiniNIC / PTP
[pass] EP_MAC_H/EP_MAC_L        結果: 02:00:22:33:44:02/02:00:22:33:44:02
[pass] WDIAGS_MODE              結果: 3 SLAVE/3 SLAVE
[pass] WDIAGS_PTP               結果: 9 SLAVE (raw=00004109)/9 SLAVE
[pass] WDIAGS_PTP_RX            結果: Δ=24/Δ>0
RAW WDIAGS_PTP_RX            before=0x0000026D after=0x00000285 delta=24
[pass] WDIAGS_PTP_TX            結果: Δ=4/Δ>0
RAW WDIAGS_PTP_TX            before=0x000000A9 after=0x000000AD delta=4
[pass] WDIAGS_TX                結果: Δ=18/Δ>0
RAW WDIAGS_TX                before=0x000001BD after=0x000001CF delta=18
[pass] WDIAGS_RX                結果: Δ=30/Δ>0
RAW WDIAGS_RX                before=0x000002FD after=0x0000031B delta=30
[pass] WDIAGS_RXERR             結果: Δ=0/Δ=0
RAW WDIAGS_RXERR             before=0x00000000 after=0x00000000 delta=0
Step 2 pass

## [Step 3] WR Parent / Signaling
[pass] WDIAGS_FOREIGN_META      結果: 1/1
[pass] WDIAGS_FOREIGN_META      結果: 0/0
[info] WDIAGS_FOREIGN_META      結果: detection=0 config=3/NA
[pass] parentIsWRnode           結果: 1/1
[info] parentWrModeOn           結果: 0/NA
[pass] parentCalibrated         結果: 1/1
[pass] WR_RX_SIGNAL_DEBUG       結果: LOCK count=1/LOCK 0x1001,count>0
[pass] WR_TX_SIGNAL_DEBUG       結果: SLAVE_PRESENT count=1/SLAVE_PRESENT 0x1000,count>0
[info] WDIAGS_TEMP              結果: WRS_IDLE next=WRS_IDLE POST_STEP3_TIMEOUT/NA
[pass] LOCK_ENABLE              結果: 4/> 0
[info] WR_FAILURE_DEBUG         結果: TIMEOUT last_fail_state=WRS_S_LOCK failure_count=1/NA
Step 3 pass

## [Step 4B] Slave SoftPLL Startup
[pass] LOCK_ENABLE_COUNT        結果: 4/> 0
[pass] SPLL_MODE                結果: 3 (SPLL_MODE_SLAVE)/3 SPLL_MODE_SLAVE
[pass] SPLL_SEQ_STATE           結果: 4 (SEQ_WAIT_HELPER)/active, not 0/7
[pass] SPLL_STATE_VISIT_MASK    結果: 0x00000618/> 0
[pass] SPLL_INIT_COUNT          結果: 1/> 0
[pass] RCER                     結果: 0x00000001/> 0
[pass] OCER                     結果: 0xCDE7E001/> 0
[info] SPLL_ALIGN_STATE         結果: 0/NA
[info] SPLL_STATE_TRANSITIONS   結果: 0x00000003/NA
[info] SPLL_LAST_STATE          結果: 4 (SEQ_WAIT_HELPER)/NA
[info] OCCR                     結果: 0x4B00015A/NA
[pass] DMTD_REF_ACCEPT_EVENT    結果: Δ=21159/Δ>=0
RAW DMTD_REF_ACCEPT_EVENT    before=0x02423508 after=0x024287AF delta=21159
[pass] DMTD_FB_ACCEPT_EVENT     結果: Δ=22188/Δ>=0
RAW DMTD_FB_ACCEPT_EVENT     before=0x020BE51E after=0x020C3BCA delta=22188
[pass] DMTD_ACCEPT              結果: Δ=43347/Δ>0
[pass] SPLL_TAG_VALID_COUNT     結果: Δ=43348/Δ>0
RAW SPLL_TAG_VALID_COUNT     before=0x00101E40 after=0x0010C794 delta=43348
[pass] SPLL_TRR_WRITE_COUNT     結果: Δ=43340/Δ>0
RAW SPLL_TRR_WRITE_COUNT     before=0x00101E74 after=0x0010C7C0 delta=43340
[pass] WRPC_SPLL_TRR_POP_COUNT  結果: Δ=42988/Δ>0
RAW WRPC_SPLL_TRR_POP_COUNT  before=0x00101D38 after=0x0010C524 delta=42988
[pass] WDIAGS_IRQ_COUNT         結果: Δ=42097/Δ>0
RAW WDIAGS_IRQ_COUNT         before=0x000FC884 after=0x00106CF5 delta=42097
[pass] WDIAGS_HELPER_UPDATE_COUNT 結果: Δ=21360/Δ>0
RAW WDIAGS_HELPER_UPDATE_COUNT before=0x0007DDAC after=0x0008311C delta=21360
[pass] BOOT_GENERATION          結果: Δ=0/Δ=0
RAW BOOT_GENERATION          before=0x00000001 after=0x00000001 delta=0
[pass] CPU_RESET_COUNT          結果: Δ=0/Δ=0
RAW CPU_RESET_COUNT          before=0x00000001 after=0x00000001 delta=0
[pass] WR_CORE_RESET_COUNT      結果: Δ=0/Δ=0
RAW WR_CORE_RESET_COUNT      before=0x00000001 after=0x00000001 delta=0
[pass] SI_CONFIG_DROP_COUNT     結果: Δ=0/Δ=0
RAW SI_CONFIG_DROP_COUNT     before=0x00000001 after=0x00000001 delta=0
STEP4B_ALLOWED = YES
STEP4B_RESULT = PASS
STEP4B_FIRST_INACTIVE_BOUNDARY = ACTIVE
Step 4B pass
Step 4 pass

## [Step 5] Closed-loop Lock
STEP5_LOCKDET_BEFORE: HELPER locked=0 changed=0 cnt=100/10000 threshold=200 ref_src=0 MAIN enabled=0 locked=0 freq=0 phase=0 freq_cnt=0/50 phase_cnt=0/1000 PSTAT_locked=0
STEP5_LOCKDET_AFTER: HELPER locked=0 changed=0 cnt=100/10000 threshold=200 ref_src=0 MAIN enabled=0 locked=0 freq=0 phase=0 freq_cnt=0/50 phase_cnt=0/1000 PSTAT_locked=0
[error] WDIAGS_PSTAT             結果: 0/1
STEP5_RESULT = NEVER_LOCKED
STEP5_FIRST_INACTIVE_BOUNDARY = HELPER_LOCK
Step 5 NA (single window is not stable-lock proof)

## [Step 6] Global Time
Step 6 NA

============================================================
White Rabbit Runtime 診斷：DE5 [1-11.2]
============================================================
Step 1 PHY / Link             pass
Step 2 Endpoint / PTP         pass
Step 3 WR Handshake           pass
Step 4 Step4B Slave SoftPLL Startup pass
Step 5 Closed-loop Lock       NA
Step 6 Global Time            NA
STEP1_REGRESSION = PASS
STEP2_REGRESSION = PASS
STEP3_REGRESSION = PASS
STEP4B_ALLOWED = YES
STEP4B_RESULT = PASS
STEP4B_FIRST_INACTIVE_BOUNDARY = ACTIVE
STEP5_RESULT = NEVER_LOCKED
STEP5_FIRST_INACTIVE_BOUNDARY = HELPER_LOCK
FAILURE_CLASSIFICATION = NO_FAILURE_EVIDENCE
============================================================

================ RAW_SNAPSHOT ================
RAW_SNAPSHOT board=DE5 [1-11.2] label=before
  status           = 71102AE134BC82CF
  cpu              = 0000007C0000122C
  marker           = 000000010000B004
  store            = 000FBB300001DEA0
  store_count      = 0000000004A87048
  exception        = 8000000B00001220
  clock            = 002AD926CB03DCB0
  boot_generation  = 00000001
  cpu_reset_count  = 00000001
  wr_core_reset_count = 00000001
  si_config_drop_count = 00000001
  pps_cr           = 01312D02
  pps_escr         = 00000000
  ep_mach          = 02000200
  ep_macl          = 22334402
  ep_dsr           = 42000000
  ptp              = 00004109
  ptp_rx           = 0000026D
  ptp_tx           = 000000A9
  ptp_meta         = 03020409
  tx               = 000001BD
  rx               = 000002FD
  rxerr            = 00000000
  ptp_types        = 048B468C
  foreign_meta     = 03000001
  filter_meta      = 00000000
  parse_meta       = 05014652
  wr_rx_signal     = 10010001
  wr_tx_signal     = 10000001
  wr_failure       = 02020001
  wr_state         = A000035C
  wr_reject        = 00000000
  pstat            = 00000001
  sstat            = 00000001
  sec_h            = 00000000
  sec_l            = 000000B0
  ns               = 37FBE5E8
  lock_enable      = 00000004
  lock_result      = 00000001
  lock_polls       = 00005B1C
  lock_unlocked    = 00005B1C
  lock_calibration_fail = 00000000
  spll_state       = 00030004
  spll_ocer        = 74018E01
  spll_rcer        = 00000001
  spll_occr        = 9D00017A
  spll_trr_csr     = 0012162C
  spll_dac_hpll    = 312CED5E
  spll_dac_main    = 00000004
  spll_helper_state = 00640000
  spll_helper_limits = 271000C8
  spll_main_state  = 00000000
  spll_main_limits = 00320032
  spll_main_phase_limits = 03E804B0
  spll_state_visit_mask = 00000618
  spll_state_transitions = 00000003
  spll_last_state  = 000FC586
  spll_init_count  = 00000001
  dmtd_ref         = 02423508
  dmtd_fb          = 020BE51E
  dmtd_ref_high_qual_abort = 00117AFB
  dmtd_fb_high_qual_abort = 00076062
  tag_valid        = 00101E40
  trr_write        = 00101E74
  irq              = 000FC884
  helper_update    = 0007DDAC
  spll_helper_error = 00000320
  spll_helper_output = 00001E8F
  eic_isr          = FFFF0000
  current_tics     = 0002370E
RAW_SNAPSHOT board=DE5 [1-11.2] label=after
  status           = 61104DE134BC82CF
  cpu              = 0000007C00001228
  marker           = 000000010000B004
  store            = 001060DE0001DEA0
  store_count      = 0000000004D81F91
  exception        = 8000000B00001220
  clock            = 002F259916D1292B
  boot_generation  = 00000001
  cpu_reset_count  = 00000001
  wr_core_reset_count = 00000001
  si_config_drop_count = 00000001
  pps_cr           = 01312D02
  pps_escr         = 00000000
  ep_mach          = 02000200
  ep_macl          = 22334402
  ep_dsr           = 42000000
  ptp              = 00004109
  ptp_rx           = 00000285
  ptp_tx           = 000000AD
  ptp_meta         = 03020409
  tx               = 000001CF
  rx               = 0000031B
  rxerr            = 00000000
  ptp_types        = 04904991
  foreign_meta     = 03000001
  filter_meta      = 00000000
  parse_meta       = 05014968
  wr_rx_signal     = 10010001
  wr_tx_signal     = 10000001
  wr_failure       = 02020001
  wr_state         = A000035C
  wr_reject        = 00000000
  pstat            = 00000001
  sstat            = 00000001
  sec_h            = 00000000
  sec_l            = 000000B6
  ns               = 201150C0
  lock_enable      = 00000004
  lock_result      = 00000001
  lock_polls       = 00005B1C
  lock_unlocked    = 00005B1C
  lock_calibration_fail = 00000000
  spll_state       = 00030004
  spll_ocer        = CDE7E001
  spll_rcer        = 00000001
  spll_occr        = 4B00015A
  spll_trr_csr     = 0012C216
  spll_dac_hpll    = 5A29D721
  spll_dac_main    = 00000004
  spll_helper_state = 00640000
  spll_helper_limits = 271000C8
  spll_main_state  = 00000000
  spll_main_limits = 00320032
  spll_main_phase_limits = 03E804B0
  spll_state_visit_mask = 00000618
  spll_state_transitions = 00000003
  spll_last_state  = 00000004
  spll_init_count  = 00000001
  dmtd_ref         = 024287AF
  dmtd_fb          = 020C3BCA
  dmtd_ref_high_qual_abort = 00123848
  dmtd_fb_high_qual_abort = 0007AD13
  tag_valid        = 0010C794
  trr_write        = 0010C7C0
  irq              = 00106CF5
  helper_update    = 0008311C
  spll_helper_error = FFFFF8FA
  spll_helper_output = 000020C8
  eic_isr          = FFFF0000
  current_tics     = 00024CEE

============================================================
STEP4A_RESULT = PASS
STEP4B_ALLOWED = YES
STEP4B_RESULT = PASS
STEP4B_FIRST_INACTIVE_BOUNDARY = ACTIVE
STEP5_RESULT = NOT_APPLICABLE_MASTER
STEP5_FIRST_INACTIVE_BOUNDARY = SLAVE_ONLY
STEP5_RESULT = NEVER_LOCKED
STEP5_FIRST_INACTIVE_BOUNDARY = HELPER_LOCK
============================================================
Info (23030): Evaluation of Tcl script scripts/jtag/read_wb_runtime.tcl was successful
Info: Quartus Prime SignalTap II was successful. 0 errors, 0 warnings
    Info: Peak virtual memory: 776 megabytes
    Info: Processing ended: Tue Sep  1 02:12:04 2026
    Info: Elapsed time: 00:00:13
    Info: Total CPU time (on all processors): 00:00:00
