Info: *******************************************************************
Info: Running Quartus Prime SignalTap II
    Info: Version 17.0.0 Build 595 04/25/2017 SJ Standard Edition
    Info: Copyright (C) 2017  Intel Corporation. All rights reserved.
    Info: Your use of Intel Corporation's design tools, logic functions 
    Info: and other software and tools, and its AMPP partner logic 
    Info: functions, and any output files from any of the foregoing 
    Info: (including device programming or simulation files), and any 
    Info: associated documentation or information are expressly subject 
    Info: to the terms and conditions of the Intel Program License 
    Info: Subscription Agreement, the Intel Quartus Prime License Agreement,
    Info: the Intel MegaCore Function License Agreement, or other 
    Info: applicable license agreement, including, without limitation, 
    Info: that your use is for the sole purpose of programming logic 
    Info: devices manufactured by Intel and sold by Intel or its 
    Info: authorized distributors.  Please refer to the applicable 
    Info: agreement for further details.
    Info: Processing started: Sun Aug 30 03:10:36 2026
Info: Command: quartus_stp -t scripts/jtag/read_wb_runtime.tcl --raw
Info: Quartus(args): --raw
RAW mailbox completion toggle wb_sync_toggle=0

============================================================
White Rabbit Runtime 診斷：DE5 [1-11.1]
============================================================

## [Step 1] PHY / 光纖 Link
[pass] si_config_done           結果: 1/1
[pass] wr_ready                 結果: 1/1
[pass] core_tm_link_up          結果: 1/1
[pass] core_link_ok             結果: 1/1
[pass] wr_rx_ready              結果: 1/1
[pass] wr_tx_ready              結果: 1/1
[pass] core_phy_rst             結果: 0/0
[pass] si_id_error              結果: 0/0
[pass] wr_rx_enc_err            結果: 0/0
[pass] wr_tx_enc_err            結果: 0/0
[pass] CPU_RESET_n              結果: 1/1
[pass] wr_rx_locked_to_data     結果: 1/1
[info] wr_rx_locked_to_ref      結果: 1/NA
[info] MOD_PRS_n                結果: 0/NA
[info] INTERRUPT_n              結果: 1/NA
Step 1 pass

## [Step 2] Endpoint / MiniNIC / PTP
[pass] EP_MAC_H/EP_MAC_L        結果: 02:00:22:33:44:01/02:00:22:33:44:01
[pass] WDIAGS_MODE              結果: 2 MASTER/2 MASTER
[pass] WDIAGS_PTP               結果: 6 MASTER (raw=01014106)/6 MASTER
[pass] WDIAGS_PTP_RX            結果: Δ=11/Δ>0
RAW WDIAGS_PTP_RX            before=0x0000003E after=0x00000049 delta=11
[pass] WDIAGS_PTP_TX            結果: Δ=24/Δ>0
RAW WDIAGS_PTP_TX            before=0x00000098 after=0x000000B0 delta=24
[pass] WDIAGS_TX                結果: Δ=30/Δ>0
RAW WDIAGS_TX                before=0x00000130 after=0x0000014E delta=30
[pass] WDIAGS_RX                結果: Δ=16/Δ>0
RAW WDIAGS_RX                before=0x00000066 after=0x00000076 delta=16
[pass] WDIAGS_RXERR             結果: Δ=0/Δ=0
RAW WDIAGS_RXERR             before=0x00000000 after=0x00000000 delta=0
Step 2 pass

## [Step 3] WR Parent / Signaling
Step 3 NA

## [Step 4A] Master SoftPLL Event Chain
[pass] DMTD_REF_ACCEPT_EVENT    結果: Δ=21759/Δ>=0
RAW DMTD_REF_ACCEPT_EVENT    before=0x00296FE5 after=0x0029C4E4 delta=21759
[pass] DMTD_FB_ACCEPT_EVENT     結果: Δ=22197/Δ>=0
RAW DMTD_FB_ACCEPT_EVENT     before=0x0047B962 after=0x00481017 delta=22197
[pass] DMTD_ACCEPT              結果: Δ=43956/Δ>0
[pass] SPLL_TAG_VALID_COUNT     結果: Δ=4329890/Δ>0
RAW SPLL_TAG_VALID_COUNT     before=0x0008F727 after=0x004B08C9 delta=4329890
[pass] SPLL_TRR_WRITE_COUNT     結果: Δ=22195/Δ>0
RAW SPLL_TRR_WRITE_COUNT     before=0x0008F73E after=0x00094DF1 delta=22195
[pass] WRPC_SPLL_TRR_POP_COUNT  結果: Δ=24000/Δ>0
RAW WRPC_SPLL_TRR_POP_COUNT  before=0x0008EB39 after=0x000948F9 delta=24000
[pass] WDIAGS_IRQ_COUNT         結果: Δ=24000/Δ>0
RAW WDIAGS_IRQ_COUNT         before=0x0008EB39 after=0x000948F9 delta=24000
[pass] WDIAGS_HELPER_UPDATE_COUNT 結果: Δ=24000/Δ>0
RAW WDIAGS_HELPER_UPDATE_COUNT before=0x0008EB39 after=0x000948F9 delta=24000
[pass] BOOT_GENERATION          結果: Δ=0/Δ=0
RAW BOOT_GENERATION          before=0x00000001 after=0x00000001 delta=0
[pass] CPU_RESET_COUNT          結果: Δ=0/Δ=0
RAW CPU_RESET_COUNT          before=0x00000001 after=0x00000001 delta=0
[pass] WR_CORE_RESET_COUNT      結果: Δ=0/Δ=0
RAW WR_CORE_RESET_COUNT      before=0x00000001 after=0x00000001 delta=0
[pass] SI_CONFIG_DROP_COUNT     結果: Δ=0/Δ=0
RAW SI_CONFIG_DROP_COUNT     before=0x00000001 after=0x00000001 delta=0
STEP4A_MASTER_EVENT_CHAIN = PASS
Step 4 pass

## [Step 5] Closed-loop Lock
STEP5_RESULT = NOT_APPLICABLE_MASTER
STEP5_FIRST_INACTIVE_BOUNDARY = SLAVE_ONLY
Step 5 NA (Step5 closed-loop gate is for Slave)

## [Step 6] Global Time
Step 6 NA

============================================================
White Rabbit Runtime 診斷：DE5 [1-11.1]
============================================================
Step 1 PHY / Link             pass
Step 2 Endpoint / PTP         pass
Step 3 WR Handshake           NA
Step 4 Step4A Master Event Chain pass
Step 5 Closed-loop Lock       NA
Step 6 Global Time            NA
STEP1_REGRESSION = PASS
STEP2_REGRESSION = PASS
STEP3_REGRESSION = PASS
STEP4A_RESULT = PASS
STEP5_RESULT = NOT_APPLICABLE_MASTER
STEP5_FIRST_INACTIVE_BOUNDARY = SLAVE_ONLY
FAILURE_CLASSIFICATION = NO_FAILURE_EVIDENCE
============================================================

================ RAW_SNAPSHOT ================
RAW_SNAPSHOT board=DE5 [1-11.1] label=before
  status           = D1FEE6E134BC82FF
  cpu              = 0000007C00011DF4
  marker           = 000000010000B004
  store            = 000240BC0001D330
  store_count      = 0000000018EBE783
  exception        = 8000000B00003E28
  clock            = 0029F2FE9390A599
  boot_generation  = 00000001
  cpu_reset_count  = 00000001
  wr_core_reset_count = 00000001
  si_config_drop_count = 00000001
  pps_cr           = 01312D06
  pps_escr         = 0000000C
  ep_mach          = 02000200
  ep_macl          = 22334401
  ep_dsr           = 42000000
  ptp              = 01014106
  ptp_rx           = 0000003E
  ptp_tx           = 00000098
  ptp_meta         = 02010306
  tx               = 00000130
  rx               = 00000066
  rxerr            = 00000000
  ptp_types        = 01010101
  foreign_meta     = 0000FF00
  filter_meta      = 00000000
  parse_meta       = 00010178
  wr_rx_signal     = 10000001
  wr_tx_signal     = 10010002
  wr_failure       = 00000000
  wr_state         = A0219864
  wr_reject        = 00000000
  pstat            = 00000001
  sstat            = 00000000
  sec_h            = 00000000
  sec_l            = 00000092
  ns               = 08438578
  lock_enable      = 00000000
  lock_result      = 00000000
  lock_polls       = 00000000
  lock_unlocked    = 00000000
  lock_calibration_fail = 00000000
  spll_state       = 00020004
  spll_ocer        = EC58A601
  spll_rcer        = 00000000
  spll_occr        = 0B00010C
  spll_trr_csr     = 000AEA38
  spll_dac_hpll    = 369F0DDE
  spll_dac_main    = 00000004
  spll_helper_state = 00000100
  spll_helper_limits = 271000C8
  spll_main_state  = 00000000
  spll_main_limits = 00320032
  spll_main_phase_limits = 03E804B0
  spll_state_visit_mask = 00000618
  spll_state_transitions = 00000003
  spll_last_state  = 00000004
  spll_init_count  = 00000001
  dmtd_ref         = 00296FE5
  dmtd_fb          = 0047B962
  dmtd_ref_high_qual_abort = 0355079A
  dmtd_fb_high_qual_abort = 00484E07
  tag_valid        = 0008F727
  trr_write        = 0008F73E
  irq              = 0008EB39
  helper_update    = 0008EB39
  spll_helper_error = FFFDB610
  spll_helper_output = 0000FFFB
  eic_isr          = FFFF0000
  current_tics     = 00023FA5
RAW_SNAPSHOT board=DE5 [1-11.1] label=after
  status           = 51FEE663245082FF
  cpu              = 0000007C00018534
  marker           = 000000010000B004
  store            = 396D17A00001D334
  store_count      = 000000001A3FB337
  exception        = 8000000B00003E04
  clock            = 002844FCE4E4F79A
  boot_generation  = 00000001
  cpu_reset_count  = 00000001
  wr_core_reset_count = 00000001
  si_config_drop_count = 00000001
  pps_cr           = 01312D06
  pps_escr         = 0000000C
  ep_mach          = 02000200
  ep_macl          = 22334401
  ep_dsr           = 42000000
  ptp              = 01014106
  ptp_rx           = 00000049
  ptp_tx           = 000000B0
  ptp_meta         = 02010306
  tx               = 0000014E
  rx               = 00000076
  rxerr            = 00000000
  ptp_types        = 01010101
  foreign_meta     = 0000FF00
  filter_meta      = 00000000
  parse_meta       = 0001018C
  wr_rx_signal     = 10000001
  wr_tx_signal     = 10010003
  wr_failure       = 00000000
  wr_state         = A0219864
  wr_reject        = 00000000
  pstat            = 00000001
  sstat            = 00000000
  sec_h            = 00000000
  sec_l            = 00000098
  ns               = 0844A040
  lock_enable      = 00000000
  lock_result      = 00000000
  lock_polls       = 00000000
  lock_unlocked    = 00000000
  lock_calibration_fail = 00000000
  spll_state       = 00020004
  spll_ocer        = E9C00201
  spll_rcer        = 00000000
  spll_occr        = 2B00013D
  spll_trr_csr     = 000A48F8
  spll_dac_hpll    = 635344F2
  spll_dac_main    = 00000004
  spll_helper_state = 00000100
  spll_helper_limits = 271000C8
  spll_main_state  = 00000000
  spll_main_limits = 00320032
  spll_main_phase_limits = 03E804B0
  spll_state_visit_mask = 00000618
  spll_state_transitions = 00000003
  spll_last_state  = 00000004
  spll_init_count  = 00000001
  dmtd_ref         = 0029C4E4
  dmtd_fb          = 00481017
  dmtd_ref_high_qual_abort = 03582824
  dmtd_fb_high_qual_abort = 004B0811
  tag_valid        = 004B08C9
  trr_write        = 00094DF1
  irq              = 000948F9
  helper_update    = 000948F9
  spll_helper_error = FFFDB610
  spll_helper_output = 0000FFFB
  eic_isr          = FFFF0000
  current_tics     = 00025715
RAW mailbox completion toggle wb_sync_toggle=0

============================================================
White Rabbit Runtime 診斷：DE5 [1-11.2]
============================================================

## [Step 1] PHY / 光纖 Link
[pass] si_config_done           結果: 1/1
[pass] wr_ready                 結果: 1/1
[pass] core_tm_link_up          結果: 1/1
[pass] core_link_ok             結果: 1/1
[pass] wr_rx_ready              結果: 1/1
[pass] wr_tx_ready              結果: 1/1
[pass] core_phy_rst             結果: 0/0
[pass] si_id_error              結果: 0/0
[pass] wr_rx_enc_err            結果: 0/0
[pass] wr_tx_enc_err            結果: 0/0
[pass] CPU_RESET_n              結果: 1/1
[pass] wr_rx_locked_to_data     結果: 1/1
[info] wr_rx_locked_to_ref      結果: 0/NA
[info] MOD_PRS_n                結果: 0/NA
[info] INTERRUPT_n              結果: 1/NA
Step 1 pass

## [Step 2] Endpoint / MiniNIC / PTP
[pass] EP_MAC_H/EP_MAC_L        結果: 02:00:22:33:44:02/02:00:22:33:44:02
[pass] WDIAGS_MODE              結果: 3 SLAVE/3 SLAVE
[info] WDIAGS_PTP               結果: 8 UNCALIBRATED (raw=00004108)/NA
[pass] WDIAGS_PTP_RX            結果: Δ=19/Δ>0
RAW WDIAGS_PTP_RX            before=0x000000AC after=0x000000BF delta=19
[pass] WDIAGS_PTP_TX            結果: Δ=7/Δ>0
RAW WDIAGS_PTP_TX            before=0x0000003C after=0x00000043 delta=7
[pass] WDIAGS_TX                結果: Δ=13/Δ>0
RAW WDIAGS_TX                before=0x00000086 after=0x00000093 delta=13
[pass] WDIAGS_RX                結果: Δ=24/Δ>0
RAW WDIAGS_RX                before=0x000000DB after=0x000000F3 delta=24
[pass] WDIAGS_RXERR             結果: Δ=0/Δ=0
RAW WDIAGS_RXERR             before=0x00000000 after=0x00000000 delta=0
Step 2 NA

## [Step 3] WR Parent / Signaling
[pass] WDIAGS_FOREIGN_META      結果: 1/1
[pass] WDIAGS_FOREIGN_META      結果: 0/0
[info] WDIAGS_FOREIGN_META      結果: detection=0 config=3/NA
[pass] parentIsWRnode           結果: 1/1
[info] parentWrModeOn           結果: 0/NA
[pass] parentCalibrated         結果: 1/1
[pass] WR_RX_SIGNAL_DEBUG       結果: LOCK count=1/LOCK 0x1001,count>0
[pass] WR_TX_SIGNAL_DEBUG       結果: SLAVE_PRESENT count=1/SLAVE_PRESENT 0x1000,count>0
[pass] WDIAGS_TEMP              結果: WRS_S_LOCK next=WRS_S_LOCK/WRS_S_LOCK=2
[pass] LOCK_ENABLE              結果: 3/> 0
Step 3 pass

## [Step 4B] Slave SoftPLL Startup
[info] STEP4B_UPSTREAM_GATE     結果: BLOCKED/NA
STEP4B_ALLOWED = NO
STEP4B_RESULT = BLOCKED_BY_STEP2
STEP4B_FIRST_INACTIVE_BOUNDARY = UPSTREAM_PREREQUISITE
Step 4B BLOCKED (upstream prerequisite)
Step 4 NA

## [Step 5] Closed-loop Lock
STEP5_RESULT = UPSTREAM_NOT_READY
STEP5_FIRST_INACTIVE_BOUNDARY = UPSTREAM_STEP4B
Step 5 NA

## [Step 6] Global Time
Step 6 NA

============================================================
White Rabbit Runtime 診斷：DE5 [1-11.2]
============================================================
Step 1 PHY / Link             pass
Step 2 Endpoint / PTP         NA
Step 3 WR Handshake           pass
Step 4 Step4B Slave SoftPLL Startup blocked
Step 5 Closed-loop Lock       NA
Step 6 Global Time            NA
STEP1_REGRESSION = PASS
STEP2_REGRESSION = INVALID
STEP3_REGRESSION = PASS
STEP4B_ALLOWED = NO
STEP4B_RESULT = BLOCKED_BY_STEP2
STEP4B_FIRST_INACTIVE_BOUNDARY = UPSTREAM_PREREQUISITE
STEP5_RESULT = UPSTREAM_NOT_READY
STEP5_FIRST_INACTIVE_BOUNDARY = UPSTREAM_STEP4B
FAILURE_CLASSIFICATION = JTAG/DASHBOARD_MEASUREMENT_FAILURE
============================================================

================ RAW_SNAPSHOT ================
RAW_SNAPSHOT board=DE5 [1-11.2] label=before
  status           = 2210CA6136BC82EF
  cpu              = 0000007C00003E34
  marker           = 000000010000B004
  store            = 0000B90E0001D330
  store_count      = 000000000B7B05A4
  exception        = 8000000B000109D0
  clock            = 002D8E078AE890B3
  boot_generation  = 00000001
  cpu_reset_count  = 00000001
  wr_core_reset_count = 00000001
  si_config_drop_count = 00000001
  pps_cr           = 01312D06
  pps_escr         = 00000000
  ep_mach          = 02000200
  ep_macl          = 22334402
  ep_dsr           = 42000000
  ptp              = 00004108
  ptp_rx           = 000000AC
  ptp_tx           = 0000003C
  ptp_meta         = 03010308
  tx               = 00000086
  rx               = 000000DB
  rxerr            = 00000000
  ptp_types        = 03261426
  foreign_meta     = 03000001
  filter_meta      = 00000000
  parse_meta       = 05011458
  wr_rx_signal     = 10010001
  wr_tx_signal     = 10000001
  wr_failure       = 00000000
  wr_state         = A041135C
  wr_reject        = 00000000
  pstat            = 00000001
  sstat            = 00000101
  sec_h            = 00000000
  sec_l            = 0000002E
  ns               = 020B9B40
  lock_enable      = 00000003
  lock_result      = 00000001
  lock_polls       = 0007DCE5
  lock_unlocked    = 0007DCE5
  lock_calibration_fail = 00000000
  spll_state       = 00030004
  spll_ocer        = FDD3DC01
  spll_rcer        = 00000001
  spll_occr        = 99000113
  spll_trr_csr     = 00064EF8
  spll_dac_hpll    = 5878A822
  spll_dac_main    = 00000001
  spll_helper_state = 00000000
  spll_helper_limits = 271000C8
  spll_main_state  = 00000000
  spll_main_limits = 00320032
  spll_main_phase_limits = 03E804B0
  spll_state_visit_mask = 00000618
  spll_state_transitions = 00000003
  spll_last_state  = 00000004
  spll_init_count  = 00000003
  dmtd_ref         = 02B77589
  dmtd_fb          = 0283D75A
  dmtd_ref_high_qual_abort = 00044911
  dmtd_fb_high_qual_abort = 0001A5D5
  tag_valid        = 000461AF
  trr_write        = 000461DD
  irq              = 00043ACF
  helper_update    = 00004DA2
  spll_helper_error = FFFDB610
  spll_helper_output = 0000FFFB
  eic_isr          = FFFF0000
  current_tics     = 0000B89E
RAW_SNAPSHOT board=DE5 [1-11.2] label=after
  status           = 1210CAE136BC82EF
  cpu              = 0000007C00011E10
  marker           = 000000010000B004
  store            = 0002E0140002FE4C
  store_count      = 000000000CE46140
  exception        = 8000000B00003E08
  clock            = 003BDBF6D827DE9F
  boot_generation  = 00000001
  cpu_reset_count  = 00000001
  wr_core_reset_count = 00000001
  si_config_drop_count = 00000001
  pps_cr           = 01312D06
  pps_escr         = 00000000
  ep_mach          = 02000200
  ep_macl          = 22334402
  ep_dsr           = 42000000
  ptp              = 00004108
  ptp_rx           = 000000BF
  ptp_tx           = 00000043
  ptp_meta         = 03010308
  tx               = 00000093
  rx               = 000000F3
  rxerr            = 00000000
  ptp_types        = 032B162B
  foreign_meta     = 03000001
  filter_meta      = 00000000
  parse_meta       = 0501160E
  wr_rx_signal     = 10010001
  wr_tx_signal     = 10000001
  wr_failure       = 00000000
  wr_state         = A041135C
  wr_reject        = 00000000
  pstat            = 00000001
  sstat            = 00000101
  sec_h            = 00000000
  sec_l            = 00000033
  ns               = 020C1FC8
  lock_enable      = 00000003
  lock_result      = 00000001
  lock_polls       = 0008FDAE
  lock_unlocked    = 0008FDAE
  lock_calibration_fail = 00000000
  spll_state       = 00030004
  spll_ocer        = 47CE2A01
  spll_rcer        = 00000001
  spll_occr        = 96000114
  spll_trr_csr     = 00060C42
  spll_dac_hpll    = 852CD7AE
  spll_dac_main    = 00000001
  spll_helper_state = 00000000
  spll_helper_limits = 271000C8
  spll_main_state  = 00000000
  spll_main_limits = 00320032
  spll_main_phase_limits = 03E804B0
  spll_state_visit_mask = 00000618
  spll_state_transitions = 00000003
  spll_last_state  = 00000004
  spll_init_count  = 00000003
  dmtd_ref         = 02B7CDDE
  dmtd_fb          = 02842E07
  dmtd_ref_high_qual_abort = 0004F2E0
  dmtd_fb_high_qual_abort = 0001E905
  tag_valid        = 000510B2
  trr_write        = 000510E0
  irq              = 0004F4A1
  helper_update    = 0000AD2C
  spll_helper_error = FFFDB610
  spll_helper_output = 0000FFFB
  eic_isr          = FFFF0000
  current_tics     = 0000D00E

============================================================
STEP4A_RESULT = PASS
STEP4B_ALLOWED = NO
STEP4B_RESULT = BLOCKED_BY_STEP2
STEP4B_FIRST_INACTIVE_BOUNDARY = UPSTREAM_PREREQUISITE
STEP5_RESULT = NOT_APPLICABLE_MASTER
STEP5_FIRST_INACTIVE_BOUNDARY = SLAVE_ONLY
STEP5_RESULT = UPSTREAM_NOT_READY
STEP5_FIRST_INACTIVE_BOUNDARY = UPSTREAM_STEP4B
============================================================
Info (23030): Evaluation of Tcl script scripts/jtag/read_wb_runtime.tcl was successful
Info: Quartus Prime SignalTap II was successful. 0 errors, 0 warnings
    Info: Peak virtual memory: 776 megabytes
    Info: Processing ended: Sun Aug 30 03:10:49 2026
    Info: Elapsed time: 00:00:13
    Info: Total CPU time (on all processors): 00:00:00
