Info: *******************************************************************
Info: Running Quartus Prime Signal Tap
    Info: Version 21.3.0 Build 170 09/23/2021 SC Pro Edition
    Info: Copyright (C) 2021  Intel Corporation. All rights reserved.
    Info: Your use of Intel Corporation's design tools, logic functions 
    Info: and other software and tools, and any partner logic 
    Info: functions, and any output files from any of the foregoing 
    Info: (including device programming or simulation files), and any 
    Info: associated documentation or information are expressly subject 
    Info: to the terms and conditions of the Intel Program License 
    Info: Subscription Agreement, the Intel Quartus Prime License Agreement,
    Info: the Intel FPGA IP License Agreement, or other applicable license
    Info: agreement, including, without limitation, that your use is for
    Info: the sole purpose of programming logic devices manufactured by
    Info: Intel and sold by Intel or its authorized distributors.  Please
    Info: refer to the applicable agreement for further details, at
    Info: https://fpgasoftware.intel.com/eula.
    Info: Processing started: Tue Sep  8 08:59:45 2026
    Info: System process ID: 1600591
Info: Command: quartus_stp -t scripts/jtag/read_wb_runtime.tcl --raw
Info: Quartus(args): --raw
RAW mailbox completion toggle wb_sync_toggle=0

============================================================
White Rabbit Runtime 診斷：DE5 [1-11.1]
============================================================

## [Step 1] PHY / 光纖 Link
[pass] si_config_done           結果: 1/1
[pass] wr_ready                 結果: 1/1
[pass] core_tm_link_up          結果: 1/1
[pass] core_link_ok             結果: 1/1
[pass] wr_rx_ready              結果: 1/1
[pass] wr_tx_ready              結果: 1/1
[pass] core_phy_rst             結果: 0/0
[pass] si_id_error              結果: 0/0
[pass] wr_rx_enc_err            結果: 0/0
[pass] wr_tx_enc_err            結果: 0/0
[pass] CPU_RESET_n              結果: 1/1
[pass] wr_rx_locked_to_data     結果: 1/1
[info] wr_rx_locked_to_ref      結果: 0/NA
[info] MOD_PRS_n                結果: 0/NA
[info] INTERRUPT_n              結果: 1/NA
Step 1 pass

## [Step 2] Endpoint / MiniNIC / PTP
[pass] EP_MAC_H/EP_MAC_L        結果: 02:00:22:33:44:01/02:00:22:33:44:01
[pass] WDIAGS_MODE              結果: 2 MASTER/2 MASTER
[pass] WDIAGS_PTP               結果: 6 MASTER (raw=01014106)/6 MASTER
[pass] WDIAGS_PTP_RX            結果: Δ=13/Δ>0
RAW WDIAGS_PTP_RX            before=0x000003F5 after=0x00000402 delta=13
[pass] WDIAGS_PTP_TX            結果: Δ=28/Δ>0
RAW WDIAGS_PTP_TX            before=0x000008C0 after=0x000008DC delta=28
[pass] WDIAGS_TX                結果: Δ=36/Δ>0
RAW WDIAGS_TX                before=0x00000B32 after=0x00000B56 delta=36
[pass] WDIAGS_RX                結果: Δ=19/Δ>0
RAW WDIAGS_RX                before=0x000005EF after=0x00000602 delta=19
[pass] WDIAGS_RXERR             結果: Δ=0/Δ=0
RAW WDIAGS_RXERR             before=0x00000000 after=0x00000000 delta=0
Step 2 pass

## [Step 3] WR Parent / Signaling
Step 3 NA

## [Step 4A] Master SoftPLL Event Chain
[pass] DMTD_REF_ACCEPT_EVENT    結果: Δ=22913/Δ>=0
RAW DMTD_REF_ACCEPT_EVENT    before=0x00931272 after=0x00936BF3 delta=22913
[pass] DMTD_FB_ACCEPT_EVENT     結果: Δ=23536/Δ>=0
RAW DMTD_FB_ACCEPT_EVENT     before=0x005F7050 after=0x005FCC40 delta=23536
[pass] DMTD_ACCEPT              結果: Δ=46449/Δ>0
[pass] SPLL_TAG_VALID_COUNT     結果: Δ=23540/Δ>0
RAW SPLL_TAG_VALID_COUNT     before=0x0020077E after=0x00206372 delta=23540
[pass] SPLL_TRR_WRITE_COUNT     結果: Δ=23544/Δ>0
RAW SPLL_TRR_WRITE_COUNT     before=0x002007AB after=0x002063A3 delta=23544
[pass] WRPC_SPLL_TRR_POP_COUNT  結果: Δ=23635/Δ>0
RAW WRPC_SPLL_TRR_POP_COUNT  before=0x002006FA after=0x0020634D delta=23635
[pass] WDIAGS_IRQ_COUNT         結果: Δ=23635/Δ>0
RAW WDIAGS_IRQ_COUNT         before=0x002006FA after=0x0020634D delta=23635
[pass] WDIAGS_HELPER_UPDATE_COUNT 結果: Δ=23636/Δ>0
RAW WDIAGS_HELPER_UPDATE_COUNT before=0x002006FA after=0x0020634E delta=23636
[pass] BOOT_GENERATION          結果: Δ=0/Δ=0
RAW BOOT_GENERATION          before=0x00000001 after=0x00000001 delta=0
[pass] CPU_RESET_COUNT          結果: Δ=0/Δ=0
RAW CPU_RESET_COUNT          before=0x00000001 after=0x00000001 delta=0
[pass] WR_CORE_RESET_COUNT      結果: Δ=0/Δ=0
RAW WR_CORE_RESET_COUNT      before=0x00000001 after=0x00000001 delta=0
[pass] SI_CONFIG_DROP_COUNT     結果: Δ=0/Δ=0
RAW SI_CONFIG_DROP_COUNT     before=0x00000001 after=0x00000001 delta=0
STEP4A_MASTER_EVENT_CHAIN = PASS
Step 4 pass

## [Step 5] Closed-loop Lock
STEP5_RESULT = NOT_APPLICABLE_MASTER
STEP5_FIRST_INACTIVE_BOUNDARY = SLAVE_ONLY
Step 5 NA (Step5 closed-loop gate is for Slave)

## [Step 6] Global Time
Step 6 NA

============================================================
White Rabbit Runtime 診斷：DE5 [1-11.1]
============================================================
Step 1 PHY / Link             pass
Step 2 Endpoint / PTP         pass
Step 3 WR Handshake           NA
Step 4 Step4A Master Event Chain pass
Step 5 Closed-loop Lock       NA
Step 6 Global Time            NA
STEP1_REGRESSION = PASS
STEP2_REGRESSION = PASS
STEP3_REGRESSION = PASS
STEP4A_RESULT = PASS
STEP5_RESULT = NOT_APPLICABLE_MASTER
STEP5_FIRST_INACTIVE_BOUNDARY = SLAVE_ONLY
FAILURE_CLASSIFICATION = NO_FAILURE_EVIDENCE
============================================================

================ RAW_SNAPSHOT ================
RAW_SNAPSHOT board=DE5 [1-11.1] label=before
  status           = 011E4E6339BC82FF
  cpu              = 0000007C000011B0
  marker           = 000000010000B004
  store            = 001FF9310001E298
  store_count      = 000000000D9F913D
  exception        = 8000000B000011A8
  clock            = 0039492CCE460E61
  boot_generation  = 00000001
  cpu_reset_count  = 00000001
  wr_core_reset_count = 00000001
  si_config_drop_count = 00000001
  pps_cr           = 01312D06
  pps_escr         = 0000020C
  ep_mach          = 02000200
  ep_macl          = 22334401
  ep_dsr           = 42000000
  ptp              = 01014106
  ptp_rx           = 000003F5
  ptp_tx           = 000008C0
  ptp_meta         = 02020406
  tx               = 00000B32
  rx               = 000005EF
  rxerr            = 00000000
  ptp_types        = 01010101
  foreign_meta     = 0000FF00
  filter_meta      = 00000000
  parse_meta       = 000101CB
  wr_rx_signal     = 10000001
  wr_tx_signal     = 10010005
  wr_failure       = 01030002
  wr_state         = A0000064
  wr_reject        = 00000000
  pstat            = 00000001
  sstat            = 00000000
  sec_h            = 00000000
  sec_l            = 0000021D
  ns               = 14F949C8
  lock_enable      = 00000000
  lock_result      = 00000000
  lock_polls       = 00000000
  lock_unlocked    = 00000000
  lock_calibration_fail = 00000000
  spll_state       = 00020004
  spll_ocer        = FA21DE01
  spll_rcer        = 00000000
  spll_occr        = 4F00010E
  spll_trr_csr     = 00220278
  spll_dac_hpll    = C49A6A0D
  spll_dac_main    = 0000000F
  spll_helper_state = 00000100
  spll_helper_limits = 271000C8
  spll_main_state  = 00000000
  spll_main_limits = 00320032
  spll_main_phase_limits = 03E804B0
  spll_state_visit_mask = 00000618
  spll_state_transitions = 00000003
  spll_last_state  = 00000004
  spll_init_count  = 00000001
  dmtd_ref         = 00931272
  dmtd_fb          = 005F7050
  dmtd_ref_high_qual_abort = 018BBF38
  dmtd_fb_high_qual_abort = 010F607C
  tag_valid        = 0020077E
  trr_write        = 002007AB
  irq              = 002006FA
  helper_update    = 002006FA
  spll_helper_error = FFFDB610
  spll_helper_output = 0000FFFB
  eic_isr          = FFFF0000
  current_tics     = 000849C4
RAW_SNAPSHOT board=DE5 [1-11.1] label=after
  status           = 211E18E139BC82FF
  cpu              = 0000007C000011B0
  marker           = 000000010000B004
  store            = 002054F30001E298
  store_count      = 000000000DC7187F
  exception        = 8000000B000011A8
  clock            = 003D78C3FD2A3DFD
  boot_generation  = 00000001
  cpu_reset_count  = 00000001
  wr_core_reset_count = 00000001
  si_config_drop_count = 00000001
  pps_cr           = 01312D06
  pps_escr         = 0000020C
  ep_mach          = 02000200
  ep_macl          = 22334401
  ep_dsr           = 42000000
  ptp              = 01014106
  ptp_rx           = 00000402
  ptp_tx           = 000008DC
  ptp_meta         = 02020406
  tx               = 00000B56
  rx               = 00000602
  rxerr            = 00000000
  ptp_types        = 01010101
  foreign_meta     = 0000FF00
  filter_meta      = 00000000
  parse_meta       = 000101DF
  wr_rx_signal     = 10000001
  wr_tx_signal     = 10010005
  wr_failure       = 01030002
  wr_state         = A0000064
  wr_reject        = 00000000
  pstat            = 00000001
  sstat            = 00000000
  sec_h            = 00000000
  sec_l            = 00000223
  ns               = 1AD9D478
  lock_enable      = 00000000
  lock_result      = 00000000
  lock_polls       = 00000000
  lock_unlocked    = 00000000
  lock_calibration_fail = 00000000
  spll_state       = 00020004
  spll_ocer        = F98E3801
  spll_rcer        = 00000000
  spll_occr        = 880001A5
  spll_trr_csr     = 00225EBE
  spll_dac_hpll    = F20A8DF1
  spll_dac_main    = 0000000F
  spll_helper_state = 00000100
  spll_helper_limits = 271000C8
  spll_main_state  = 00000000
  spll_main_limits = 00320032
  spll_main_phase_limits = 03E804B0
  spll_state_visit_mask = 00000618
  spll_state_transitions = 00000003
  spll_last_state  = 00000004
  spll_init_count  = 00000001
  dmtd_ref         = 00936BF3
  dmtd_fb          = 005FCC40
  dmtd_ref_high_qual_abort = 0190180D
  dmtd_fb_high_qual_abort = 01126C3E
  tag_valid        = 00206372
  trr_write        = 002063A3
  irq              = 0020634D
  helper_update    = 0020634E
  spll_helper_error = FFFDB610
  spll_helper_output = 0000FFFB
  eic_isr          = FFFF0000
  current_tics     = 0008619A
RAW mailbox completion toggle wb_sync_toggle=0

============================================================
White Rabbit Runtime 診斷：DE5 [1-11.2]
============================================================

## [Step 1] PHY / 光纖 Link
[pass] si_config_done           結果: 1/1
[pass] wr_ready                 結果: 1/1
[pass] core_tm_link_up          結果: 1/1
[pass] core_link_ok             結果: 1/1
[pass] wr_rx_ready              結果: 1/1
[pass] wr_tx_ready              結果: 1/1
[pass] core_phy_rst             結果: 0/0
[pass] si_id_error              結果: 0/0
[pass] wr_rx_enc_err            結果: 0/0
[pass] wr_tx_enc_err            結果: 0/0
[pass] CPU_RESET_n              結果: 1/1
[pass] wr_rx_locked_to_data     結果: 1/1
[info] wr_rx_locked_to_ref      結果: 0/NA
[info] MOD_PRS_n                結果: 0/NA
[info] INTERRUPT_n              結果: 1/NA
Step 1 pass

## [Step 2] Endpoint / MiniNIC / PTP
[pass] EP_MAC_H/EP_MAC_L        結果: 02:00:22:33:44:02/02:00:22:33:44:02
[pass] WDIAGS_MODE              結果: 3 SLAVE/3 SLAVE
[pass] WDIAGS_PTP               結果: 9 SLAVE (raw=00004109)/9 SLAVE
[pass] WDIAGS_PTP_RX            結果: Δ=28/Δ>0
RAW WDIAGS_PTP_RX            before=0x00000820 after=0x0000083C delta=28
[pass] WDIAGS_PTP_TX            結果: Δ=3/Δ>0
RAW WDIAGS_PTP_TX            before=0x0000016C after=0x0000016F delta=3
[pass] WDIAGS_TX                結果: Δ=21/Δ>0
RAW WDIAGS_TX                before=0x000005D5 after=0x000005EA delta=21
[pass] WDIAGS_RX                結果: Δ=35/Δ>0
RAW WDIAGS_RX                before=0x000009F1 after=0x00000A14 delta=35
[pass] WDIAGS_RXERR             結果: Δ=0/Δ=0
RAW WDIAGS_RXERR             before=0x00000000 after=0x00000000 delta=0
Step 2 pass

## [Step 3] WR Parent / Signaling
[pass] WDIAGS_FOREIGN_META      結果: 1/1
[pass] WDIAGS_FOREIGN_META      結果: 0/0
[info] WDIAGS_FOREIGN_META      結果: detection=0 config=3/NA
[pass] parentIsWRnode           結果: 1/1
[info] parentWrModeOn           結果: 0/NA
[pass] parentCalibrated         結果: 1/1
[pass] WR_RX_SIGNAL_DEBUG       結果: LOCK count=1/LOCK 0x1001,count>0
[pass] WR_TX_SIGNAL_DEBUG       結果: SLAVE_PRESENT count=1/SLAVE_PRESENT 0x1000,count>0
[info] WDIAGS_TEMP              結果: WRS_IDLE next=WRS_IDLE POST_STEP3_TIMEOUT/NA
[pass] LOCK_ENABLE              結果: 4/> 0
[info] WR_FAILURE_DEBUG         結果: TIMEOUT last_fail_state=WRS_S_LOCK failure_count=1/NA
Step 3 pass

## [Step 4B] Slave SoftPLL Startup
[pass] LOCK_ENABLE_COUNT        結果: 4/> 0
[pass] SPLL_MODE                結果: 3 (SPLL_MODE_SLAVE)/3 SPLL_MODE_SLAVE
[pass] SPLL_SEQ_STATE           結果: 4 (SEQ_WAIT_HELPER)/active, not 0/7
[pass] SPLL_STATE_VISIT_MASK    結果: 0x00000618/> 0
[pass] SPLL_INIT_COUNT          結果: 1/> 0
[pass] RCER                     結果: 0x00000001/> 0
[pass] OCER                     結果: 0xB48B4A01/> 0
[info] SPLL_ALIGN_STATE         結果: 0/NA
[info] SPLL_STATE_TRANSITIONS   結果: 0x00000003/NA
[info] SPLL_LAST_STATE          結果: 4 (SEQ_WAIT_HELPER)/NA
[info] OCCR                     結果: 0xFF0001C6/NA
[pass] DMTD_REF_ACCEPT_EVENT    結果: Δ=22467/Δ>=0
RAW DMTD_REF_ACCEPT_EVENT    before=0x0207C836 after=0x02081FF9 delta=22467
[pass] DMTD_FB_ACCEPT_EVENT     結果: Δ=21844/Δ>=0
RAW DMTD_FB_ACCEPT_EVENT     before=0x0237C896 after=0x02381DEA delta=21844
[pass] DMTD_ACCEPT              結果: Δ=44311/Δ>0
[pass] SPLL_TAG_VALID_COUNT     結果: Δ=44307/Δ>0
RAW SPLL_TAG_VALID_COUNT     before=0x0032ACDF after=0x003359F2 delta=44307
[pass] SPLL_TRR_WRITE_COUNT     結果: Δ=44308/Δ>0
RAW SPLL_TRR_WRITE_COUNT     before=0x0032AD33 after=0x00335A47 delta=44308
[pass] WRPC_SPLL_TRR_POP_COUNT  結果: Δ=44461/Δ>0
RAW WRPC_SPLL_TRR_POP_COUNT  before=0x0032AC65 after=0x00335A12 delta=44461
[pass] WDIAGS_IRQ_COUNT         結果: Δ=43623/Δ>0
RAW WDIAGS_IRQ_COUNT         before=0x0031B938 after=0x0032639F delta=43623
[pass] WDIAGS_HELPER_UPDATE_COUNT 結果: Δ=22544/Δ>0
RAW WDIAGS_HELPER_UPDATE_COUNT before=0x0019B0F3 after=0x001A0903 delta=22544
[pass] BOOT_GENERATION          結果: Δ=0/Δ=0
RAW BOOT_GENERATION          before=0x00000001 after=0x00000001 delta=0
[pass] CPU_RESET_COUNT          結果: Δ=0/Δ=0
RAW CPU_RESET_COUNT          before=0x00000001 after=0x00000001 delta=0
[pass] WR_CORE_RESET_COUNT      結果: Δ=0/Δ=0
RAW WR_CORE_RESET_COUNT      before=0x00000001 after=0x00000001 delta=0
[pass] SI_CONFIG_DROP_COUNT     結果: Δ=0/Δ=0
RAW SI_CONFIG_DROP_COUNT     before=0x00000001 after=0x00000001 delta=0
STEP4B_ALLOWED = YES
STEP4B_RESULT = PASS
STEP4B_FIRST_INACTIVE_BOUNDARY = ACTIVE
Step 4B pass
Step 4 pass

## [Step 5] Closed-loop Lock
STEP5_LOCKDET_BEFORE: HELPER locked=0 changed=0 cnt=0/10000 threshold=200 ref_src=0 MAIN enabled=0 locked=0 freq=0 phase=0 freq_cnt=0/50 phase_cnt=0/1000 PSTAT_locked=0
STEP5_LOCKDET_AFTER: HELPER locked=0 changed=0 cnt=0/10000 threshold=200 ref_src=0 MAIN enabled=0 locked=0 freq=0 phase=0 freq_cnt=0/50 phase_cnt=0/1000 PSTAT_locked=0
[error] WDIAGS_PSTAT             結果: 0/1
STEP5_RESULT = NEVER_LOCKED
STEP5_FIRST_INACTIVE_BOUNDARY = HELPER_LOCK
Step 5 NA (single window is not stable-lock proof)

## [Step 6] Global Time
Step 6 NA

============================================================
White Rabbit Runtime 診斷：DE5 [1-11.2]
============================================================
Step 1 PHY / Link             pass
Step 2 Endpoint / PTP         pass
Step 3 WR Handshake           pass
Step 4 Step4B Slave SoftPLL Startup pass
Step 5 Closed-loop Lock       NA
Step 6 Global Time            NA
STEP1_REGRESSION = PASS
STEP2_REGRESSION = PASS
STEP3_REGRESSION = PASS
STEP4B_ALLOWED = YES
STEP4B_RESULT = PASS
STEP4B_FIRST_INACTIVE_BOUNDARY = ACTIVE
STEP5_RESULT = NEVER_LOCKED
STEP5_FIRST_INACTIVE_BOUNDARY = HELPER_LOCK
FAILURE_CLASSIFICATION = NO_FAILURE_EVIDENCE
============================================================

================ RAW_SNAPSHOT ================
RAW_SNAPSHOT board=DE5 [1-11.2] label=before
  status           = D1108B43255082EF
  cpu              = 0000007C000011B0
  marker           = 000000010000B004
  store            = 00319F200001E298
  store_count      = 000000000E98E4C9
  exception        = 8000000B000011B0
  clock            = 002FA0B16F15A239
  boot_generation  = 00000001
  cpu_reset_count  = 00000001
  wr_core_reset_count = 00000001
  si_config_drop_count = 00000001
  pps_cr           = 01312D06
  pps_escr         = 00000200
  ep_mach          = 02000200
  ep_macl          = 22334402
  ep_dsr           = 42000000
  ptp              = 00004109
  ptp_rx           = 00000820
  ptp_tx           = 0000016C
  ptp_meta         = 03020409
  tx               = 000005D5
  rx               = 000009F1
  rxerr            = 00000000
  ptp_types        = 05C9E5C9
  foreign_meta     = 03000001
  filter_meta      = 00000000
  parse_meta       = 0501E592
  wr_rx_signal     = 10010001
  wr_tx_signal     = 10000001
  wr_failure       = 02020001
  wr_state         = A000035C
  wr_reject        = 00000000
  pstat            = 00000001
  sstat            = 00000001
  sec_h            = 00000000
  sec_l            = 00000224
  ns               = 2E021188
  lock_enable      = 00000004
  lock_result      = 00000001
  lock_polls       = 00005B1A
  lock_unlocked    = 00005B1A
  lock_calibration_fail = 00000000
  spll_state       = 00030004
  spll_ocer        = 59EAF201
  spll_rcer        = 00000001
  spll_occr        = A4000184
  spll_trr_csr     = 0032A2D8
  spll_dac_hpll    = 851AB476
  spll_dac_main    = 0000000D
  spll_helper_state = 00000000
  spll_helper_limits = 271000C8
  spll_main_state  = 00000000
  spll_main_limits = 00320032
  spll_main_phase_limits = 03E804B0
  spll_state_visit_mask = 00000618
  spll_state_transitions = 00000003
  spll_last_state  = 00000004
  spll_init_count  = 00000001
  dmtd_ref         = 0207C836
  dmtd_fb          = 0237C896
  dmtd_ref_high_qual_abort = 00604104
  dmtd_fb_high_qual_abort = 0015E29E
  tag_valid        = 0032ACDF
  trr_write        = 0032AD33
  irq              = 0031B938
  helper_update    = 0019B0F3
  spll_helper_error = 000249F0
  spll_helper_output = 00000005
  eic_isr          = FFFF0000
  current_tics     = 00071C2F
RAW_SNAPSHOT board=DE5 [1-11.2] label=after
  status           = 3110D6E135BC82EF
  cpu              = 0000007C000011B0
  marker           = 000000010000B004
  store            = 003248AC0001E298
  store_count      = 000000000ECA43DE
  exception        = 8000000B000011A8
  clock            = 0039DC6CAA20DDEF
  boot_generation  = 00000001
  cpu_reset_count  = 00000001
  wr_core_reset_count = 00000001
  si_config_drop_count = 00000001
  pps_cr           = 01312D06
  pps_escr         = 00000200
  ep_mach          = 02000200
  ep_macl          = 22334402
  ep_dsr           = 42000000
  ptp              = 00004109
  ptp_rx           = 0000083C
  ptp_tx           = 0000016F
  ptp_meta         = 03020409
  tx               = 000005EA
  rx               = 00000A14
  rxerr            = 00000000
  ptp_types        = 05CFE8CF
  foreign_meta     = 03000001
  filter_meta      = 00000000
  parse_meta       = 0501E8B0
  wr_rx_signal     = 10010001
  wr_tx_signal     = 10000001
  wr_failure       = 02020001
  wr_state         = A000035C
  wr_reject        = 00000000
  pstat            = 00000001
  sstat            = 00000001
  sec_h            = 00000000
  sec_l            = 0000022A
  ns               = 340F3310
  lock_enable      = 00000004
  lock_result      = 00000001
  lock_polls       = 00005B1A
  lock_unlocked    = 00005B1A
  lock_calibration_fail = 00000000
  spll_state       = 00030004
  spll_ocer        = B48B4A01
  spll_rcer        = 00000001
  spll_occr        = FF0001C6
  spll_trr_csr     = 0032507E
  spll_dac_hpll    = B28DADF2
  spll_dac_main    = 0000000D
  spll_helper_state = 00000000
  spll_helper_limits = 271000C8
  spll_main_state  = 00000000
  spll_main_limits = 00320032
  spll_main_phase_limits = 03E804B0
  spll_state_visit_mask = 00000618
  spll_state_transitions = 00000003
  spll_last_state  = 00000004
  spll_init_count  = 00000001
  dmtd_ref         = 02081FF9
  dmtd_fb          = 02381DEA
  dmtd_ref_high_qual_abort = 0061947D
  dmtd_fb_high_qual_abort = 00162DF2
  tag_valid        = 003359F2
  trr_write        = 00335A47
  irq              = 0032639F
  helper_update    = 001A0903
  spll_helper_error = 000249F0
  spll_helper_output = 00000005
  eic_isr          = FFFF0000
  current_tics     = 000733A0

============================================================
JTAG/WB transport health summary
============================================================
WB_TRANSPORT_PROTOCOL = PRELOAD_THEN_TOGGLE_COMMIT
WB_REQUEST_COUNT = 352
PRELOAD_COUNT = 352
COMMIT_COUNT = 352
WB_PROBE_READ_COUNT = 1760
PRELOAD_UNEXPECTED_TRIGGER_COUNT = 0
PROBE_3WAY_MATCH_COUNT = 352
STABLE_RESPONSE_WRONG_COUNT = 0
ADDRESS_CROSS_CONTAMINATION_COUNT = 0
TIMEOUT_COUNT = 0
INVALID_COUNT = 0
STALE_A5A5_COUNT = 0
UNSTABLE_TRANSACTION_COUNT = 0
DMTD_REF_DECREASE_COUNT = 0
DMTD_FB_DECREASE_COUNT = 0
PRELOAD_PROTOCOL_RUNTIME_REVALIDATION = PASS
JTAG_WB_DIAGNOSTIC_PATH = TRUSTED
============================================================

============================================================
STEP4A_RESULT = PASS
STEP4B_ALLOWED = YES
STEP4B_RESULT = PASS
STEP4B_FIRST_INACTIVE_BOUNDARY = ACTIVE
STEP5_RESULT = NOT_APPLICABLE_MASTER
STEP5_FIRST_INACTIVE_BOUNDARY = SLAVE_ONLY
STEP5_RESULT = NEVER_LOCKED
STEP5_FIRST_INACTIVE_BOUNDARY = HELPER_LOCK
============================================================
Info (23030): Evaluation of Tcl script scripts/jtag/read_wb_runtime.tcl was successful
Info: Quartus Prime Signal Tap was successful. 0 errors, 0 warnings
    Info: Peak virtual memory: 676 megabytes
    Info: Processing ended: Tue Sep  8 09:00:00 2026
    Info: Elapsed time: 00:00:15
    Info: System process ID: 1600591
