Info: *******************************************************************
Info: Running Quartus Prime Signal Tap
    Info: Version 21.3.0 Build 170 09/23/2021 SC Pro Edition
    Info: Copyright (C) 2021  Intel Corporation. All rights reserved.
    Info: Your use of Intel Corporation's design tools, logic functions 
    Info: and other software and tools, and any partner logic 
    Info: functions, and any output files from any of the foregoing 
    Info: (including device programming or simulation files), and any 
    Info: associated documentation or information are expressly subject 
    Info: to the terms and conditions of the Intel Program License 
    Info: Subscription Agreement, the Intel Quartus Prime License Agreement,
    Info: the Intel FPGA IP License Agreement, or other applicable license
    Info: agreement, including, without limitation, that your use is for
    Info: the sole purpose of programming logic devices manufactured by
    Info: Intel and sold by Intel or its authorized distributors.  Please
    Info: refer to the applicable agreement for further details, at
    Info: https://fpgasoftware.intel.com/eula.
    Info: Processing started: Tue Sep  8 08:53:02 2026
    Info: System process ID: 1598084
Info: Command: quartus_stp -t scripts/jtag/read_wb_runtime.tcl --raw
Info: Quartus(args): --raw
RAW mailbox completion toggle wb_sync_toggle=0

============================================================
White Rabbit Runtime 診斷：DE5 [1-11.1]
============================================================

## [Step 1] PHY / 光纖 Link
[pass] si_config_done           結果: 1/1
[pass] wr_ready                 結果: 1/1
[pass] core_tm_link_up          結果: 1/1
[pass] core_link_ok             結果: 1/1
[pass] wr_rx_ready              結果: 1/1
[pass] wr_tx_ready              結果: 1/1
[pass] core_phy_rst             結果: 0/0
[pass] si_id_error              結果: 0/0
[pass] wr_rx_enc_err            結果: 0/0
[pass] wr_tx_enc_err            結果: 0/0
[pass] CPU_RESET_n              結果: 1/1
[pass] wr_rx_locked_to_data     結果: 1/1
[info] wr_rx_locked_to_ref      結果: 0/NA
[info] MOD_PRS_n                結果: 0/NA
[info] INTERRUPT_n              結果: 1/NA
Step 1 pass

## [Step 2] Endpoint / MiniNIC / PTP
[pass] EP_MAC_H/EP_MAC_L        結果: 02:00:22:33:44:01/02:00:22:33:44:01
[pass] WDIAGS_MODE              結果: 2 MASTER/2 MASTER
[pass] WDIAGS_PTP               結果: 6 MASTER (raw=01014106)/6 MASTER
[pass] WDIAGS_PTP_RX            結果: Δ=11/Δ>0
RAW WDIAGS_PTP_RX            before=0x000000BC after=0x000000C7 delta=11
[pass] WDIAGS_PTP_TX            結果: Δ=28/Δ>0
RAW WDIAGS_PTP_TX            before=0x0000019D after=0x000001B9 delta=28
[pass] WDIAGS_TX                結果: Δ=34/Δ>0
RAW WDIAGS_TX                before=0x0000022F after=0x00000251 delta=34
[pass] WDIAGS_RX                結果: Δ=18/Δ>0
RAW WDIAGS_RX                before=0x00000124 after=0x00000136 delta=18
[pass] WDIAGS_RXERR             結果: Δ=0/Δ=0
RAW WDIAGS_RXERR             before=0x00000000 after=0x00000000 delta=0
Step 2 pass

## [Step 3] WR Parent / Signaling
Step 3 NA

## [Step 4A] Master SoftPLL Event Chain
[pass] DMTD_REF_ACCEPT_EVENT    結果: Δ=22923/Δ>=0
RAW DMTD_REF_ACCEPT_EVENT    before=0x007BF821 after=0x007C51AC delta=22923
[pass] DMTD_FB_ACCEPT_EVENT     結果: Δ=23541/Δ>=0
RAW DMTD_FB_ACCEPT_EVENT     before=0x0047B5E9 after=0x004811DE delta=23541
[pass] DMTD_ACCEPT              結果: Δ=46464/Δ>0
[pass] SPLL_TAG_VALID_COUNT     結果: Δ=23543/Δ>0
RAW SPLL_TAG_VALID_COUNT     before=0x00084D18 after=0x0008A90F delta=23543
[pass] SPLL_TRR_WRITE_COUNT     結果: Δ=23544/Δ>0
RAW SPLL_TRR_WRITE_COUNT     before=0x00084D45 after=0x0008A93D delta=23544
[pass] WRPC_SPLL_TRR_POP_COUNT  結果: Δ=23629/Δ>0
RAW WRPC_SPLL_TRR_POP_COUNT  before=0x00084BF8 after=0x0008A845 delta=23629
[pass] WDIAGS_IRQ_COUNT         結果: Δ=23241/Δ>0
RAW WDIAGS_IRQ_COUNT         before=0x00084D7C after=0x0008A845 delta=23241
[pass] WDIAGS_HELPER_UPDATE_COUNT 結果: Δ=23241/Δ>0
RAW WDIAGS_HELPER_UPDATE_COUNT before=0x00084D7C after=0x0008A845 delta=23241
[pass] BOOT_GENERATION          結果: Δ=0/Δ=0
RAW BOOT_GENERATION          before=0x00000001 after=0x00000001 delta=0
[pass] CPU_RESET_COUNT          結果: Δ=0/Δ=0
RAW CPU_RESET_COUNT          before=0x00000001 after=0x00000001 delta=0
[pass] WR_CORE_RESET_COUNT      結果: Δ=0/Δ=0
RAW WR_CORE_RESET_COUNT      before=0x00000001 after=0x00000001 delta=0
[pass] SI_CONFIG_DROP_COUNT     結果: Δ=0/Δ=0
RAW SI_CONFIG_DROP_COUNT     before=0x00000001 after=0x00000001 delta=0
STEP4A_MASTER_EVENT_CHAIN = PASS
Step 4 pass

## [Step 5] Closed-loop Lock
STEP5_RESULT = NOT_APPLICABLE_MASTER
STEP5_FIRST_INACTIVE_BOUNDARY = SLAVE_ONLY
Step 5 NA (Step5 closed-loop gate is for Slave)

## [Step 6] Global Time
Step 6 NA

============================================================
White Rabbit Runtime 診斷：DE5 [1-11.1]
============================================================
Step 1 PHY / Link             pass
Step 2 Endpoint / PTP         pass
Step 3 WR Handshake           NA
Step 4 Step4A Master Event Chain pass
Step 5 Closed-loop Lock       NA
Step 6 Global Time            NA
STEP1_REGRESSION = PASS
STEP2_REGRESSION = PASS
STEP3_REGRESSION = PASS
STEP4A_RESULT = PASS
STEP5_RESULT = NOT_APPLICABLE_MASTER
STEP5_FIRST_INACTIVE_BOUNDARY = SLAVE_ONLY
FAILURE_CLASSIFICATION = NO_FAILURE_EVIDENCE
============================================================

================ RAW_SNAPSHOT ================
RAW_SNAPSHOT board=DE5 [1-11.1] label=before
  status           = 511E81E139BC82FF
  cpu              = 0000007C000011B0
  marker           = 000000010000B004
  store            = 00083ECF0001E298
  store_count      = 0000000003672FC2
  exception        = 8000000B000011AC
  clock            = 00292AD6DE24EECB
  boot_generation  = 00000001
  cpu_reset_count  = 00000001
  wr_core_reset_count = 00000001
  si_config_drop_count = 00000001
  pps_cr           = 01312D06
  pps_escr         = 0000000C
  ep_mach          = 02000200
  ep_macl          = 22334401
  ep_dsr           = 42000000
  ptp              = 01014106
  ptp_rx           = 000000BC
  ptp_tx           = 0000019D
  ptp_meta         = 02010306
  tx               = 0000022F
  rx               = 00000124
  rxerr            = 00000000
  ptp_types        = 01010101
  foreign_meta     = 0000FF00
  filter_meta      = 00000000
  parse_meta       = 000101AC
  wr_rx_signal     = 10000001
  wr_tx_signal     = 10010005
  wr_failure       = 00030001
  wr_state         = A0219864
  wr_reject        = 00000000
  pstat            = 00000001
  sstat            = 00000000
  sec_h            = 00000000
  sec_l            = 0000008B
  ns               = 327DE138
  lock_enable      = 00000000
  lock_result      = 00000000
  lock_polls       = 00000000
  lock_unlocked    = 00000000
  lock_calibration_fail = 00000000
  spll_state       = 00020004
  spll_ocer        = 117DC401
  spll_rcer        = 00000000
  spll_occr        = 200001EC
  spll_trr_csr     = 000A48EE
  spll_dac_hpll    = 15E763FB
  spll_dac_main    = 00000004
  spll_helper_state = 00000100
  spll_helper_limits = 271000C8
  spll_main_state  = 00000000
  spll_main_limits = 00320032
  spll_main_phase_limits = 03E804B0
  spll_state_visit_mask = 00000618
  spll_state_transitions = 00000003
  spll_last_state  = 00000004
  spll_init_count  = 00000001
  dmtd_ref         = 007BF821
  dmtd_fb          = 0047B5E9
  dmtd_ref_high_qual_abort = 006CB40F
  dmtd_fb_high_qual_abort = 00465679
  tag_valid        = 00084D18
  trr_write        = 00084D45
  irq              = 00084D7C
  helper_update    = 00084D7C
  spll_helper_error = FFFDB610
  spll_helper_output = 0000FFFB
  eic_isr          = FFFF0000
  current_tics     = 00022969
RAW_SNAPSHOT board=DE5 [1-11.1] label=after
  status           = 611E27E139BC82FF
  cpu              = 0000007C000011B4
  marker           = 000000010000B004
  store            = 00089A860001E298
  store_count      = 00000000038EB047
  exception        = 8000000B000011A8
  clock            = 002B554C07E71945
  boot_generation  = 00000001
  cpu_reset_count  = 00000001
  wr_core_reset_count = 00000001
  si_config_drop_count = 00000001
  pps_cr           = 01312D06
  pps_escr         = 0000000C
  ep_mach          = 02000200
  ep_macl          = 22334401
  ep_dsr           = 42000000
  ptp              = 01014106
  ptp_rx           = 000000C7
  ptp_tx           = 000001B9
  ptp_meta         = 02010306
  tx               = 00000251
  rx               = 00000136
  rxerr            = 00000000
  ptp_types        = 01010101
  foreign_meta     = 0000FF00
  filter_meta      = 00000000
  parse_meta       = 000101BE
  wr_rx_signal     = 10000001
  wr_tx_signal     = 10010005
  wr_failure       = 00030001
  wr_state         = A0219864
  wr_reject        = 00000000
  pstat            = 00000001
  sstat            = 00000000
  sec_h            = 00000000
  sec_l            = 00000091
  ns               = 38735928
  lock_enable      = 00000000
  lock_result      = 00000000
  lock_polls       = 00000000
  lock_unlocked    = 00000000
  lock_calibration_fail = 00000000
  spll_state       = 00020004
  spll_ocer        = 1E261E01
  spll_rcer        = 00000000
  spll_occr        = 6A000147
  spll_trr_csr     = 000AA2BC
  spll_dac_hpll    = 429D7DD6
  spll_dac_main    = 00000004
  spll_helper_state = 00000100
  spll_helper_limits = 271000C8
  spll_main_state  = 00000000
  spll_main_limits = 00320032
  spll_main_phase_limits = 03E804B0
  spll_state_visit_mask = 00000618
  spll_state_transitions = 00000003
  spll_last_state  = 00000004
  spll_init_count  = 00000001
  dmtd_ref         = 007C51AC
  dmtd_fb          = 004811DE
  dmtd_ref_high_qual_abort = 00710DB5
  dmtd_fb_high_qual_abort = 00496234
  tag_valid        = 0008A90F
  trr_write        = 0008A93D
  irq              = 0008A845
  helper_update    = 0008A845
  spll_helper_error = FFFDB610
  spll_helper_output = 0000FFFB
  eic_isr          = FFFF0000
  current_tics     = 0002413E
RAW mailbox completion toggle wb_sync_toggle=0

============================================================
White Rabbit Runtime 診斷：DE5 [1-11.2]
============================================================

## [Step 1] PHY / 光纖 Link
[pass] si_config_done           結果: 1/1
[pass] wr_ready                 結果: 1/1
[pass] core_tm_link_up          結果: 1/1
[pass] core_link_ok             結果: 1/1
[pass] wr_rx_ready              結果: 1/1
[pass] wr_tx_ready              結果: 1/1
[pass] core_phy_rst             結果: 0/0
[pass] si_id_error              結果: 0/0
[pass] wr_rx_enc_err            結果: 0/0
[pass] wr_tx_enc_err            結果: 0/0
[pass] CPU_RESET_n              結果: 1/1
[pass] wr_rx_locked_to_data     結果: 1/1
[info] wr_rx_locked_to_ref      結果: 1/NA
[info] MOD_PRS_n                結果: 0/NA
[info] INTERRUPT_n              結果: 1/NA
Step 1 pass

## [Step 2] Endpoint / MiniNIC / PTP
[pass] EP_MAC_H/EP_MAC_L        結果: 02:00:22:33:44:02/02:00:22:33:44:02
[pass] WDIAGS_MODE              結果: 3 SLAVE/3 SLAVE
[info] WDIAGS_PTP               結果: 8 UNCALIBRATED (raw=00004108)/NA
[pass] WDIAGS_PTP_RX            結果: Δ=28/Δ>0
RAW WDIAGS_PTP_RX            before=0x000000FE after=0x0000011A delta=28
[pass] WDIAGS_PTP_TX            結果: Δ=14/Δ>0
RAW WDIAGS_PTP_TX            before=0x00000066 after=0x00000074 delta=14
[pass] WDIAGS_TX                結果: Δ=21/Δ>0
RAW WDIAGS_TX                before=0x000000BA after=0x000000CF delta=21
[pass] WDIAGS_RX                結果: Δ=37/Δ>0
RAW WDIAGS_RX                before=0x0000013D after=0x00000162 delta=37
[pass] WDIAGS_RXERR             結果: Δ=0/Δ=0
RAW WDIAGS_RXERR             before=0x00000000 after=0x00000000 delta=0
Step 2 NA

## [Step 3] WR Parent / Signaling
[pass] WDIAGS_FOREIGN_META      結果: 1/1
[pass] WDIAGS_FOREIGN_META      結果: 0/0
[info] WDIAGS_FOREIGN_META      結果: detection=0 config=3/NA
[pass] parentIsWRnode           結果: 1/1
[info] parentWrModeOn           結果: 0/NA
[pass] parentCalibrated         結果: 1/1
[pass] WR_RX_SIGNAL_DEBUG       結果: LOCK count=1/LOCK 0x1001,count>0
[pass] WR_TX_SIGNAL_DEBUG       結果: SLAVE_PRESENT count=1/SLAVE_PRESENT 0x1000,count>0
[pass] WDIAGS_TEMP              結果: WRS_S_LOCK next=WRS_S_LOCK/WRS_S_LOCK=2
[pass] LOCK_ENABLE              結果: 4/> 0
Step 3 pass

## [Step 4B] Slave SoftPLL Startup
[info] STEP4B_UPSTREAM_GATE     結果: BLOCKED/NA
STEP4B_ALLOWED = NO
STEP4B_RESULT = BLOCKED_BY_STEP2
STEP4B_FIRST_INACTIVE_BOUNDARY = UPSTREAM_PREREQUISITE
Step 4B BLOCKED (upstream prerequisite)
Step 4 NA

## [Step 5] Closed-loop Lock
STEP5_RESULT = UPSTREAM_NOT_READY
STEP5_FIRST_INACTIVE_BOUNDARY = UPSTREAM_STEP4B
Step 5 NA

## [Step 6] Global Time
Step 6 NA

============================================================
White Rabbit Runtime 診斷：DE5 [1-11.2]
============================================================
Step 1 PHY / Link             pass
Step 2 Endpoint / PTP         NA
Step 3 WR Handshake           pass
Step 4 Step4B Slave SoftPLL Startup blocked
Step 5 Closed-loop Lock       NA
Step 6 Global Time            NA
STEP1_REGRESSION = PASS
STEP2_REGRESSION = INVALID
STEP3_REGRESSION = PASS
STEP4B_ALLOWED = NO
STEP4B_RESULT = BLOCKED_BY_STEP2
STEP4B_FIRST_INACTIVE_BOUNDARY = UPSTREAM_PREREQUISITE
STEP5_RESULT = UPSTREAM_NOT_READY
STEP5_FIRST_INACTIVE_BOUNDARY = UPSTREAM_STEP4B
FAILURE_CLASSIFICATION = JTAG/DASHBOARD_MEASUREMENT_FAILURE
============================================================

================ RAW_SNAPSHOT ================
RAW_SNAPSHOT board=DE5 [1-11.2] label=before
  status           = 41105DC1255082EF
  cpu              = 0000007C000011BC
  marker           = 000000010000B004
  store            = 000000000001E140
  store_count      = 0000000001D5A11E
  exception        = 8000000B000011AC
  clock            = 003A8C4A87F18F12
  boot_generation  = 00000001
  cpu_reset_count  = 00000001
  wr_core_reset_count = 00000001
  si_config_drop_count = 00000001
  pps_cr           = 01312D06
  pps_escr         = 00000000
  ep_mach          = 02000200
  ep_macl          = 22334402
  ep_dsr           = 42000000
  ptp              = 00004108
  ptp_rx           = 000000FE
  ptp_tx           = 00000066
  ptp_meta         = 03010308
  tx               = 000000BA
  rx               = 0000013D
  rxerr            = 00000000
  ptp_types        = 05391D39
  foreign_meta     = 03000001
  filter_meta      = 00000000
  parse_meta       = 05011D21
  wr_rx_signal     = 10010001
  wr_tx_signal     = 10000001
  wr_failure       = 00000000
  wr_state         = A041135C
  wr_reject        = 00000000
  pstat            = 00000001
  sstat            = 00000101
  sec_h            = 00000000
  sec_l            = 0000003E
  ns               = 26321098
  lock_enable      = 00000004
  lock_result      = 00000001
  lock_polls       = 00005150
  lock_unlocked    = 00005150
  lock_calibration_fail = 00000000
  spll_state       = 00030004
  spll_ocer        = 1AC35201
  spll_rcer        = 00000001
  spll_occr        = AA0001FA
  spll_trr_csr     = 0006FE34
  spll_dac_hpll    = D66C9688
  spll_dac_main    = 00000001
  spll_helper_state = 00000000
  spll_helper_limits = 271000C8
  spll_main_state  = 00000000
  spll_main_limits = 00320032
  spll_main_phase_limits = 03E804B0
  spll_state_visit_mask = 00000618
  spll_state_transitions = 00000003
  spll_last_state  = 00000004
  spll_init_count  = 00000001
  dmtd_ref         = 01F12674
  dmtd_fb          = 0221C6F0
  dmtd_ref_high_qual_abort = 000B574D
  dmtd_fb_high_qual_abort = 0002989C
  tag_valid        = 00060976
  trr_write        = 000609C9
  irq              = 0005EAB5
  helper_update    = 00031000
  spll_helper_error = 000249F0
  spll_helper_output = 00000005
  eic_isr          = FFFF0000
  current_tics     = 0000FBD2
RAW_SNAPSHOT board=DE5 [1-11.2] label=after
  status           = B11049E335FC82EF
  cpu              = 0000007C000011B0
  marker           = 000000010000B004
  store            = 00067B520001E298
  store_count      = 0000000002096701
  exception        = 8000000B000011A8
  clock            = 002BBEFCB9F3C1BF
  boot_generation  = 00000001
  cpu_reset_count  = 00000001
  wr_core_reset_count = 00000001
  si_config_drop_count = 00000001
  pps_cr           = 01312D06
  pps_escr         = 00000000
  ep_mach          = 02000200
  ep_macl          = 22334402
  ep_dsr           = 42000000
  ptp              = 00004108
  ptp_rx           = 0000011A
  ptp_tx           = 00000074
  ptp_meta         = 03010308
  tx               = 000000CF
  rx               = 00000162
  rxerr            = 00000000
  ptp_types        = 053F1F3F
  foreign_meta     = 03000001
  filter_meta      = 00000000
  parse_meta       = 05011F46
  wr_rx_signal     = 10010001
  wr_tx_signal     = 10000001
  wr_failure       = 00000000
  wr_state         = A041135C
  wr_reject        = 00000000
  pstat            = 00000001
  sstat            = 00000101
  sec_h            = 00000000
  sec_l            = 00000044
  ns               = 2C25B388
  lock_enable      = 00000004
  lock_result      = 00000001
  lock_polls       = 00005A93
  lock_unlocked    = 00005A93
  lock_calibration_fail = 00000000
  spll_state       = 00030004
  spll_ocer        = 757FAA01
  spll_rcer        = 00000001
  spll_occr        = 0A0001E5
  spll_trr_csr     = 0006ACD4
  spll_dac_hpll    = 03E1241D
  spll_dac_main    = 00000002
  spll_helper_state = 00000000
  spll_helper_limits = 271000C8
  spll_main_state  = 00000000
  spll_main_limits = 00320032
  spll_main_phase_limits = 03E804B0
  spll_state_visit_mask = 00000618
  spll_state_transitions = 00000003
  spll_last_state  = 00000004
  spll_init_count  = 00000001
  dmtd_ref         = 01F17E71
  dmtd_fb          = 02221C82
  dmtd_ref_high_qual_abort = 000C9068
  dmtd_fb_high_qual_abort = 0002E3D4
  tag_valid        = 0006B707
  trr_write        = 0006B75C
  irq              = 0006951A
  helper_update    = 0003680B
  spll_helper_error = 000249F0
  spll_helper_output = 00000005
  eic_isr          = FFFF0000
  current_tics     = 000113A8

============================================================
JTAG/WB transport health summary
============================================================
WB_TRANSPORT_PROTOCOL = PRELOAD_THEN_TOGGLE_COMMIT
WB_REQUEST_COUNT = 353
PRELOAD_COUNT = 353
COMMIT_COUNT = 353
WB_PROBE_READ_COUNT = 1765
PRELOAD_UNEXPECTED_TRIGGER_COUNT = 0
PROBE_3WAY_MATCH_COUNT = 353
STABLE_RESPONSE_WRONG_COUNT = 0
ADDRESS_CROSS_CONTAMINATION_COUNT = 0
TIMEOUT_COUNT = 0
INVALID_COUNT = 0
STALE_A5A5_COUNT = 0
UNSTABLE_TRANSACTION_COUNT = 0
DMTD_REF_DECREASE_COUNT = 0
DMTD_FB_DECREASE_COUNT = 0
PRELOAD_PROTOCOL_RUNTIME_REVALIDATION = PASS
JTAG_WB_DIAGNOSTIC_PATH = TRUSTED
============================================================

============================================================
STEP4A_RESULT = PASS
STEP4B_ALLOWED = NO
STEP4B_RESULT = BLOCKED_BY_STEP2
STEP4B_FIRST_INACTIVE_BOUNDARY = UPSTREAM_PREREQUISITE
STEP5_RESULT = NOT_APPLICABLE_MASTER
STEP5_FIRST_INACTIVE_BOUNDARY = SLAVE_ONLY
STEP5_RESULT = UPSTREAM_NOT_READY
STEP5_FIRST_INACTIVE_BOUNDARY = UPSTREAM_STEP4B
============================================================
Info (23030): Evaluation of Tcl script scripts/jtag/read_wb_runtime.tcl was successful
Info: Quartus Prime Signal Tap was successful. 0 errors, 0 warnings
    Info: Peak virtual memory: 676 megabytes
    Info: Processing ended: Tue Sep  8 08:53:19 2026
    Info: Elapsed time: 00:00:17
    Info: System process ID: 1598084
