----------------
; Command Info ;
----------------
Report Timing: Found 1 hold paths (0 violated).  Worst case slack is 0.491 

Tcl Command:
    report_timing -hold -file /home/b10504072/04_WR/pain-worktrees/step6-global-time/docs/experiments/exp-step6-global-time/EXP-S6B-TIMING-QUERY-BOUNDARY-CORRECTION-20260922/raw/timing/slave_step6b_timing.txt.arm_sync_to_prev.hold.rpt -to [get_registers {*step6b_arm_sync_prev*}] -from_clock [get_clocks {qsfp_ref_125m}] -to_clock [get_clocks {qsfp_ref_125m}] -npaths 20 -detail full_path

Options:
    -to [get_registers {*step6b_arm_sync_prev*}] 
    -from_clock [get_clocks {qsfp_ref_125m}] 
    -to_clock [get_clocks {qsfp_ref_125m}] 
    -hold 
    -npaths 20 
    -detail full_path 
    -file {/home/b10504072/04_WR/pain-worktrees/step6-global-time/docs/experiments/exp-step6-global-time/EXP-S6B-TIMING-QUERY-BOUNDARY-CORRECTION-20260922/raw/timing/slave_step6b_timing.txt.arm_sync_to_prev.hold.rpt} 

Delay Model:
    Slow 900mV 100C Model

+-------------------------------------------------------------------------------------------------------------------------+
; Summary of Paths                                                                                                        ;
+-------+-----------------+----------------------+---------------+---------------+--------------+------------+------------+
; Slack ; From Node       ; To Node              ; Launch Clock  ; Latch Clock   ; Relationship ; Clock Skew ; Data Delay ;
+-------+-----------------+----------------------+---------------+---------------+--------------+------------+------------+
; 0.491 ; step6b_arm_sync ; step6b_arm_sync_prev ; qsfp_ref_125m ; qsfp_ref_125m ; 0.000        ; 0.002      ; 0.847      ;
+-------+-----------------+----------------------+---------------+---------------+--------------+------------+------------+

Path #1: Hold slack is 0.491 
===============================================================================
+-------------------------------------------+
; Path Summary                              ;
+--------------------+----------------------+
; Property           ; Value                ;
+--------------------+----------------------+
; From Node          ; step6b_arm_sync      ;
; To Node            ; step6b_arm_sync_prev ;
; Launch Clock       ; qsfp_ref_125m        ;
; Latch Clock        ; qsfp_ref_125m        ;
; Data Arrival Time  ; 5.578                ;
; Data Required Time ; 5.087                ;
; Slack              ; 0.491                ;
+--------------------+----------------------+

+-----------------------------------------------------------------------------------+
; Statistics                                                                        ;
+------------------------+-------+-------+-------------+------------+-------+-------+
; Property               ; Value ; Count ; Total Delay ; % of Total ; Min   ; Max   ;
+------------------------+-------+-------+-------------+------------+-------+-------+
; Hold Relationship      ; 0.000 ;       ;             ;            ;       ;       ;
; Clock Skew             ; 0.002 ;       ;             ;            ;       ;       ;
; Data Delay             ; 0.847 ;       ;             ;            ;       ;       ;
; Number of Logic Levels ;       ; 0     ;             ;            ;       ;       ;
; Physical Delays        ;       ;       ;             ;            ;       ;       ;
;  Arrival Path          ;       ;       ;             ;            ;       ;       ;
;   Clock                ;       ;       ;             ;            ;       ;       ;
;    IC                  ;       ; 4     ; 3.289       ; 70         ; 0.000 ; 3.289 ;
;    Cell                ;       ; 5     ; 1.442       ; 30         ; 0.000 ; 0.974 ;
;   Data                 ;       ;       ;             ;            ;       ;       ;
;    IC                  ;       ; 1     ; 0.605       ; 71         ; 0.605 ; 0.605 ;
;    Cell                ;       ; 2     ; 0.058       ; 7          ; 0.000 ; 0.058 ;
;    uTco                ;       ; 1     ; 0.184       ; 22         ; 0.184 ; 0.184 ;
;  Required Path         ;       ;       ;             ;            ;       ;       ;
;   Clock                ;       ;       ;             ;            ;       ;       ;
;    IC                  ;       ; 4     ; 3.545       ; 67         ; 0.000 ; 3.545 ;
;    Cell                ;       ; 5     ; 1.707       ; 33         ; 0.000 ; 1.166 ;
+------------------------+-------+-------+-------------+------------+-------+-------+
Note: Negative delays are omitted from totals when calculating percentages

+---------------------------------------------------------------------------------------------------------------------------------------------------------------------------+
; Data Arrival Path                                                                                                                                                         ;
+---------+---------+----+------+--------+-----------------------+-----------+----------------------------------------------------------------------------------------------+
; Total   ; Incr    ; RF ; Type ; Fanout ; Location              ; HS/LP     ; Element                                                                                      ;
+---------+---------+----+------+--------+-----------------------+-----------+----------------------------------------------------------------------------------------------+
; 0.000   ; 0.000   ;    ;      ;        ;                       ;           ; launch edge time                                                                             ;
; 4.731   ; 4.731   ;    ;      ;        ;                       ;           ; clock path                                                                                   ;
;   0.000 ;   0.000 ;    ;      ;        ;                       ;           ; source latency                                                                               ;
;   0.000 ;   0.000 ;    ;      ; 1      ; PIN_AH5               ;           ; QSFPA_REFCLK_p                                                                               ;
;   0.000 ;   0.000 ; RR ; IC   ; 1      ; IOIBUF_X224_Y13_N108  ;           ; QSFPA_REFCLK_p~input|i                                                                       ;
;   0.070 ;   0.070 ; RR ; CELL ; 1      ; IOIBUF_X224_Y13_N108  ;           ; QSFPA_REFCLK_p~input|o                                                                       ;
;   0.070 ;   0.000 ; RR ; IC   ; 1      ; HSSIREFCLKDIVIDER_4CT ;           ; QSFPA_REFCLK_p~inputFITTER_INSERTED|refclk_inp                                               ;
;   0.070 ;   0.000 ; RR ; CELL ; 3      ; HSSIREFCLKDIVIDER_4CT ;           ; QSFPA_REFCLK_p~inputFITTER_INSERTED|refclk_a                                                 ;
;   1.044 ;   0.974 ; RR ; CELL ; 1      ; HSSIREFCLKDIVIDER_4CT ;           ; QSFPA_REFCLK_p~inputFITTER_INSERTED~hssi_tile/ch4_pld_pma_fpll_fbclkout_lc_lvpecl_to_coreclk ;
;   1.044 ;   0.000 ; RR ; IC   ; 2      ; CLKCTRL_4C_G_I18      ;           ; QSFPA_REFCLK_p~inputFITTER_INSERTEDCLKENA0|inclk                                             ;
;   1.442 ;   0.398 ; RR ; CELL ; 1017   ; CLKCTRL_4C_G_I18      ;           ; QSFPA_REFCLK_p~inputFITTER_INSERTEDCLKENA0|outclk                                            ;
;   4.731 ;   3.289 ; RR ; IC   ; 1      ; FF_X146_Y43_N52       ; Low Power ; step6b_arm_sync|clk                                                                          ;
;   4.731 ;   0.000 ; RR ; CELL ; 1      ; FF_X146_Y43_N52       ; Low Power ; step6b_arm_sync                                                                              ;
; 5.578   ; 0.847   ;    ;      ;        ;                       ;           ; data path                                                                                    ;
;   4.915 ;   0.184 ; FF ; uTco ; 1      ; FF_X146_Y43_N52       ;           ; step6b_arm_sync|q                                                                            ;
;   4.973 ;   0.058 ; FF ; CELL ; 6      ; FF_X146_Y43_N52       ; Low Power ; step6b_arm_sync~la_mlab/laboutb[14]                                                          ;
;   5.578 ;   0.605 ; FF ; IC   ; 1      ; FF_X146_Y43_N11       ; Low Power ; step6b_arm_sync_prev|asdata                                                                  ;
;   5.578 ;   0.000 ; FF ; CELL ; 1      ; FF_X146_Y43_N11       ; Low Power ; step6b_arm_sync_prev                                                                         ;
+---------+---------+----+------+--------+-----------------------+-----------+----------------------------------------------------------------------------------------------+

+----------------------------------------------------------------------------------------------------------------------------------------------------------------------------+
; Data Required Path                                                                                                                                                         ;
+---------+----------+----+------+--------+-----------------------+-----------+----------------------------------------------------------------------------------------------+
; Total   ; Incr     ; RF ; Type ; Fanout ; Location              ; HS/LP     ; Element                                                                                      ;
+---------+----------+----+------+--------+-----------------------+-----------+----------------------------------------------------------------------------------------------+
; 0.000   ; 0.000    ;    ;      ;        ;                       ;           ; latch edge time                                                                              ;
; 4.733   ; 4.733    ;    ;      ;        ;                       ;           ; clock path                                                                                   ;
;   0.000 ;   0.000  ;    ;      ;        ;                       ;           ; source latency                                                                               ;
;   0.000 ;   0.000  ;    ;      ; 1      ; PIN_AH5               ;           ; QSFPA_REFCLK_p                                                                               ;
;   0.000 ;   0.000  ; RR ; IC   ; 1      ; IOIBUF_X224_Y13_N108  ;           ; QSFPA_REFCLK_p~input|i                                                                       ;
;   0.070 ;   0.070  ; RR ; CELL ; 1      ; IOIBUF_X224_Y13_N108  ;           ; QSFPA_REFCLK_p~input|o                                                                       ;
;   0.070 ;   0.000  ; RR ; IC   ; 1      ; HSSIREFCLKDIVIDER_4CT ;           ; QSFPA_REFCLK_p~inputFITTER_INSERTED|refclk_inp                                               ;
;   0.070 ;   0.000  ; RR ; CELL ; 3      ; HSSIREFCLKDIVIDER_4CT ;           ; QSFPA_REFCLK_p~inputFITTER_INSERTED|refclk_a                                                 ;
;   1.236 ;   1.166  ; RR ; CELL ; 1      ; HSSIREFCLKDIVIDER_4CT ;           ; QSFPA_REFCLK_p~inputFITTER_INSERTED~hssi_tile/ch4_pld_pma_fpll_fbclkout_lc_lvpecl_to_coreclk ;
;   1.236 ;   0.000  ; RR ; IC   ; 2      ; CLKCTRL_4C_G_I18      ;           ; QSFPA_REFCLK_p~inputFITTER_INSERTEDCLKENA0|inclk                                             ;
;   1.707 ;   0.471  ; RR ; CELL ; 1017   ; CLKCTRL_4C_G_I18      ;           ; QSFPA_REFCLK_p~inputFITTER_INSERTEDCLKENA0|outclk                                            ;
;   5.252 ;   3.545  ; RR ; IC   ; 1      ; FF_X146_Y43_N11       ; Low Power ; step6b_arm_sync_prev|clk                                                                     ;
;   5.252 ;   0.000  ; RR ; CELL ; 1      ; FF_X146_Y43_N11       ; Low Power ; step6b_arm_sync_prev                                                                         ;
;   4.733 ;   -0.519 ;    ;      ;        ;                       ;           ; clock pessimism removed                                                                      ;
; 4.733   ; 0.000    ;    ;      ;        ;                       ;           ; clock uncertainty                                                                            ;
; 5.087   ; 0.354    ;    ; uTh  ; 1      ; FF_X146_Y43_N11       ;           ; step6b_arm_sync_prev                                                                         ;
+---------+----------+----+------+--------+-----------------------+-----------+----------------------------------------------------------------------------------------------+

----------------------------
; Extra Fitter Information ;
----------------------------
HTML report is unavailable in plain text report export.


