Info: *******************************************************************
Info: Running Quartus Prime SignalTap II
    Info: Version 17.0.0 Build 595 04/25/2017 SJ Standard Edition
    Info: Copyright (C) 2017  Intel Corporation. All rights reserved.
    Info: Your use of Intel Corporation's design tools, logic functions 
    Info: and other software and tools, and its AMPP partner logic 
    Info: functions, and any output files from any of the foregoing 
    Info: (including device programming or simulation files), and any 
    Info: associated documentation or information are expressly subject 
    Info: to the terms and conditions of the Intel Program License 
    Info: Subscription Agreement, the Intel Quartus Prime License Agreement,
    Info: the Intel MegaCore Function License Agreement, or other 
    Info: applicable license agreement, including, without limitation, 
    Info: that your use is for the sole purpose of programming logic 
    Info: devices manufactured by Intel and sold by Intel or its 
    Info: authorized distributors.  Please refer to the applicable 
    Info: agreement for further details.
    Info: Processing started: Wed Sep 30 03:08:59 2026
Info: Command: quartus_stp -t scripts/jtag/read_step6_servo_interleaved_offset.tcl 15000 1 1-11.2 1
Info: Quartus(args): 15000 1 1-11.2 1
S6_INTERLEAVED_CONFIG duration_ms=15000 sample_ms=1 board_filter=1-11.2 phase_context=1 read_only=1 wb_register_writes=0 fpga_program=0 reset=0
S6_INTERLEAVED_BOARD board=DE5 [1-11.2] device=@1: 10AX115H(1|2|2E2|2ES|3|3E3)/.. (0x02E660DD)
S6_INTERLEAVED_TIMING board=DE5 [1-11.2] sample=0000 DIAG_WAIT_START_US=1790708940377124 DIAG_EPOCH_WAIT_BASELINE=44835 FRAME_START_US=1790708940482638 CKO_HOST_US=1790708940493690 PHASE_CONTEXT_START_US=1790708940515847 PHASE_CONTEXT_END_US=1790708940548941 FRAME_END_US=1790708940571338 DIAG_WAIT_MS=105
S6_INTERLEAVED_SAMPLE board=DE5 [1-11.2] sample=0000 elapsed_ms=0 row_ms=240.294 HEALTH_START_US=1790708940331522 HEALTH_END_US=1790708940343800 DIAG_WAIT_START_US=1790708940377124 DIAG_WAIT_MS=105 DIAG_EPOCH_WAIT_BASELINE=44835 FRAME_START_US=1790708940482638 CKO_HOST_US=1790708940493690 PHASE_CONTEXT_START_US=1790708940515847 PHASE_CONTEXT_END_US=1790708940548941 FRAME_END_US=1790708940571338 ROW_END_US=1790708940571813 READS_VALID=1 COHERENT=0 QUALIFYING_SAMPLE=0 TAI=24105 CYCLES=123289344 GLOBAL_TIME_VALID=1 SNAPSHOT_STABLE=1 SNAPSHOT_VALID=1 SNAPSHOT_COUNT=23352 STATUS_TIME_VALID=1 STATUS_PPS_VALID=1 ESCR_TIME_VALID=1 ESCR_PPS_VALID=1 HELPER_LOCK=1 MAIN_LOCK=1 MAIN_FREQ_LOCK=1 MAIN_PHASE_LOCK=1 PSTAT_LOCK=1 DIAG_VALID_BEFORE=1 DIAG_VALID_AFTER=1 DIAG_EPOCH_BEFORE=44836 DIAG_EPOCH_AFTER=44837 DIAG_EPOCH_STABLE=0 DIAG_EPOCH_BEFORE_OK=1 DIAG_FRAME_VALID=0 UCNT=000058CA SSTAT=00000501 SERVO_STATE=5 CKO_RAW=0000083E CKO_PS=2110 BOOT_GENERATION=00000001 CPU_RESET_COUNT=00000001 WR_CORE_RESET_COUNT=00000001 SI_CONFIG_DROP_COUNT=00000001 RESET_CHANGED=0 PHASE_CONTEXT=1 PHASE_CONTEXT_VALID=1 DMS_HI=00000000 DMS_LO=0002BA0C DMS_PS=178700 SETP_RAW=FFFFE057 SETP_PS=-8105
S6_INTERLEAVED_TIMING board=DE5 [1-11.2] sample=0001 DIAG_WAIT_START_US=1790708940619630 DIAG_EPOCH_WAIT_BASELINE=44837 FRAME_START_US=1790708940688245 CKO_HOST_US=1790708940699357 PHASE_CONTEXT_START_US=1790708940721577 PHASE_CONTEXT_END_US=1790708940755113 FRAME_END_US=1790708940777382 DIAG_WAIT_MS=69
S6_INTERLEAVED_SAMPLE board=DE5 [1-11.2] sample=0001 elapsed_ms=243 row_ms=204.324 HEALTH_START_US=1790708940573532 HEALTH_END_US=1790708940585935 DIAG_WAIT_START_US=1790708940619630 DIAG_WAIT_MS=69 DIAG_EPOCH_WAIT_BASELINE=44837 FRAME_START_US=1790708940688245 CKO_HOST_US=1790708940699357 PHASE_CONTEXT_START_US=1790708940721577 PHASE_CONTEXT_END_US=1790708940755113 FRAME_END_US=1790708940777382 ROW_END_US=1790708940777851 READS_VALID=1 COHERENT=0 QUALIFYING_SAMPLE=0 TAI=24106 CYCLES=123289344 GLOBAL_TIME_VALID=1 SNAPSHOT_STABLE=1 SNAPSHOT_VALID=1 SNAPSHOT_COUNT=23353 STATUS_TIME_VALID=1 STATUS_PPS_VALID=1 ESCR_TIME_VALID=1 ESCR_PPS_VALID=1 HELPER_LOCK=1 MAIN_LOCK=1 MAIN_FREQ_LOCK=1 MAIN_PHASE_LOCK=1 PSTAT_LOCK=1 DIAG_VALID_BEFORE=1 DIAG_VALID_AFTER=1 DIAG_EPOCH_BEFORE=44838 DIAG_EPOCH_AFTER=44839 DIAG_EPOCH_STABLE=0 DIAG_EPOCH_BEFORE_OK=1 DIAG_FRAME_VALID=0 UCNT=000058CA SSTAT=00000501 SERVO_STATE=5 CKO_RAW=0000083E CKO_PS=2110 BOOT_GENERATION=00000001 CPU_RESET_COUNT=00000001 WR_CORE_RESET_COUNT=00000001 SI_CONFIG_DROP_COUNT=00000001 RESET_CHANGED=0 PHASE_CONTEXT=1 PHASE_CONTEXT_VALID=1 DMS_HI=00000000 DMS_LO=0002BA0C DMS_PS=178700 SETP_RAW=FFFFE057 SETP_PS=-8105
S6_INTERLEAVED_TIMING board=DE5 [1-11.2] sample=0002 DIAG_WAIT_START_US=1790708940824731 DIAG_EPOCH_WAIT_BASELINE=44839 FRAME_START_US=1790708940881361 CKO_HOST_US=1790708940892381 PHASE_CONTEXT_START_US=1790708940914578 PHASE_CONTEXT_END_US=1790708940947854 FRAME_END_US=1790708940970062 DIAG_WAIT_MS=57
S6_INTERLEAVED_SAMPLE board=DE5 [1-11.2] sample=0002 elapsed_ms=449 row_ms=191.420 HEALTH_START_US=1790708940779118 HEALTH_END_US=1790708940791421 DIAG_WAIT_START_US=1790708940824731 DIAG_WAIT_MS=57 DIAG_EPOCH_WAIT_BASELINE=44839 FRAME_START_US=1790708940881361 CKO_HOST_US=1790708940892381 PHASE_CONTEXT_START_US=1790708940914578 PHASE_CONTEXT_END_US=1790708940947854 FRAME_END_US=1790708940970062 ROW_END_US=1790708940970534 READS_VALID=1 COHERENT=0 QUALIFYING_SAMPLE=0 TAI=24106 CYCLES=123289344 GLOBAL_TIME_VALID=1 SNAPSHOT_STABLE=1 SNAPSHOT_VALID=1 SNAPSHOT_COUNT=23353 STATUS_TIME_VALID=1 STATUS_PPS_VALID=1 ESCR_TIME_VALID=1 ESCR_PPS_VALID=1 HELPER_LOCK=1 MAIN_LOCK=1 MAIN_FREQ_LOCK=1 MAIN_PHASE_LOCK=1 PSTAT_LOCK=1 DIAG_VALID_BEFORE=1 DIAG_VALID_AFTER=1 DIAG_EPOCH_BEFORE=44840 DIAG_EPOCH_AFTER=44841 DIAG_EPOCH_STABLE=0 DIAG_EPOCH_BEFORE_OK=1 DIAG_FRAME_VALID=0 UCNT=000058CA SSTAT=00000501 SERVO_STATE=5 CKO_RAW=0000083E CKO_PS=2110 BOOT_GENERATION=00000001 CPU_RESET_COUNT=00000001 WR_CORE_RESET_COUNT=00000001 SI_CONFIG_DROP_COUNT=00000001 RESET_CHANGED=0 PHASE_CONTEXT=1 PHASE_CONTEXT_VALID=1 DMS_HI=00000000 DMS_LO=0002BA0C DMS_PS=178700 SETP_RAW=FFFFE057 SETP_PS=-8105
S6_INTERLEAVED_TIMING board=DE5 [1-11.2] sample=0003 DIAG_WAIT_START_US=1790708941018432 DIAG_EPOCH_WAIT_BASELINE=44841 FRAME_START_US=1790708941087180 CKO_HOST_US=1790708941098305 PHASE_CONTEXT_START_US=1790708941120383 PHASE_CONTEXT_END_US=1790708941153703 FRAME_END_US=1790708941175972 DIAG_WAIT_MS=69
S6_INTERLEAVED_SAMPLE board=DE5 [1-11.2] sample=0003 elapsed_ms=641 row_ms=204.660 HEALTH_START_US=1790708940971793 HEALTH_END_US=1790708940984216 DIAG_WAIT_START_US=1790708941018432 DIAG_WAIT_MS=69 DIAG_EPOCH_WAIT_BASELINE=44841 FRAME_START_US=1790708941087180 CKO_HOST_US=1790708941098305 PHASE_CONTEXT_START_US=1790708941120383 PHASE_CONTEXT_END_US=1790708941153703 FRAME_END_US=1790708941175972 ROW_END_US=1790708941176449 READS_VALID=1 COHERENT=0 QUALIFYING_SAMPLE=0 TAI=24106 CYCLES=123289344 GLOBAL_TIME_VALID=1 SNAPSHOT_STABLE=1 SNAPSHOT_VALID=1 SNAPSHOT_COUNT=23353 STATUS_TIME_VALID=1 STATUS_PPS_VALID=1 ESCR_TIME_VALID=1 ESCR_PPS_VALID=1 HELPER_LOCK=1 MAIN_LOCK=1 MAIN_FREQ_LOCK=1 MAIN_PHASE_LOCK=1 PSTAT_LOCK=1 DIAG_VALID_BEFORE=1 DIAG_VALID_AFTER=1 DIAG_EPOCH_BEFORE=44842 DIAG_EPOCH_AFTER=44843 DIAG_EPOCH_STABLE=0 DIAG_EPOCH_BEFORE_OK=1 DIAG_FRAME_VALID=0 UCNT=000058CA SSTAT=00000501 SERVO_STATE=5 CKO_RAW=0000083E CKO_PS=2110 BOOT_GENERATION=00000001 CPU_RESET_COUNT=00000001 WR_CORE_RESET_COUNT=00000001 SI_CONFIG_DROP_COUNT=00000001 RESET_CHANGED=0 PHASE_CONTEXT=1 PHASE_CONTEXT_VALID=1 DMS_HI=00000000 DMS_LO=0002BA0C DMS_PS=178700 SETP_RAW=FFFFE057 SETP_PS=-8105
S6_INTERLEAVED_TIMING board=DE5 [1-11.2] sample=0004 DIAG_WAIT_START_US=1790708941223271 DIAG_EPOCH_WAIT_BASELINE=44843 FRAME_START_US=1790708941279893 CKO_HOST_US=1790708941291048 PHASE_CONTEXT_START_US=1790708941313227 PHASE_CONTEXT_END_US=1790708941346438 FRAME_END_US=1790708941368685 DIAG_WAIT_MS=56
S6_INTERLEAVED_SAMPLE board=DE5 [1-11.2] sample=0004 elapsed_ms=847 row_ms=191.460 HEALTH_START_US=1790708941177701 HEALTH_END_US=1790708941190014 DIAG_WAIT_START_US=1790708941223271 DIAG_WAIT_MS=56 DIAG_EPOCH_WAIT_BASELINE=44843 FRAME_START_US=1790708941279893 CKO_HOST_US=1790708941291048 PHASE_CONTEXT_START_US=1790708941313227 PHASE_CONTEXT_END_US=1790708941346438 FRAME_END_US=1790708941368685 ROW_END_US=1790708941369158 READS_VALID=1 COHERENT=0 QUALIFYING_SAMPLE=0 TAI=24106 CYCLES=123289344 GLOBAL_TIME_VALID=1 SNAPSHOT_STABLE=1 SNAPSHOT_VALID=1 SNAPSHOT_COUNT=23353 STATUS_TIME_VALID=1 STATUS_PPS_VALID=1 ESCR_TIME_VALID=1 ESCR_PPS_VALID=1 HELPER_LOCK=1 MAIN_LOCK=1 MAIN_FREQ_LOCK=1 MAIN_PHASE_LOCK=1 PSTAT_LOCK=1 DIAG_VALID_BEFORE=1 DIAG_VALID_AFTER=1 DIAG_EPOCH_BEFORE=44844 DIAG_EPOCH_AFTER=44845 DIAG_EPOCH_STABLE=0 DIAG_EPOCH_BEFORE_OK=1 DIAG_FRAME_VALID=0 UCNT=000058CA SSTAT=00000501 SERVO_STATE=5 CKO_RAW=0000083E CKO_PS=2110 BOOT_GENERATION=00000001 CPU_RESET_COUNT=00000001 WR_CORE_RESET_COUNT=00000001 SI_CONFIG_DROP_COUNT=00000001 RESET_CHANGED=0 PHASE_CONTEXT=1 PHASE_CONTEXT_VALID=1 DMS_HI=00000000 DMS_LO=0002BA0C DMS_PS=178700 SETP_RAW=FFFFE057 SETP_PS=-8105
S6_INTERLEAVED_STOP board=DE5 [1-11.2] sample=4 elapsed_ms=847 reason=five_consecutive_untrusted_samples
S6_INTERLEAVED_BOARD_DONE board=DE5 [1-11.2] samples=5 elapsed_ms=1039 reset_stop=0 invalid_streak=5
S6_INTERLEAVED_SUMMARY boards=1 rows=5 accepted=0 qualifying=0 reset_stop=0 timeout_count=0 invalid_count=0
S6_INTERLEAVED_DONE
Info (23030): Evaluation of Tcl script scripts/jtag/read_step6_servo_interleaved_offset.tcl was successful
Info: Quartus Prime SignalTap II was successful. 0 errors, 0 warnings
    Info: Peak virtual memory: 772 megabytes
    Info: Processing ended: Wed Sep 30 03:09:01 2026
    Info: Elapsed time: 00:00:02
    Info: Total CPU time (on all processors): 00:00:00
