Info: *******************************************************************
Info: Running Quartus Prime SignalTap II
    Info: Version 17.0.0 Build 595 04/25/2017 SJ Standard Edition
    Info: Copyright (C) 2017  Intel Corporation. All rights reserved.
    Info: Your use of Intel Corporation's design tools, logic functions 
    Info: and other software and tools, and its AMPP partner logic 
    Info: functions, and any output files from any of the foregoing 
    Info: (including device programming or simulation files), and any 
    Info: associated documentation or information are expressly subject 
    Info: to the terms and conditions of the Intel Program License 
    Info: Subscription Agreement, the Intel Quartus Prime License Agreement,
    Info: the Intel MegaCore Function License Agreement, or other 
    Info: applicable license agreement, including, without limitation, 
    Info: that your use is for the sole purpose of programming logic 
    Info: devices manufactured by Intel and sold by Intel or its 
    Info: authorized distributors.  Please refer to the applicable 
    Info: agreement for further details.
    Info: Processing started: Mon Aug 31 00:41:20 2026
Info: Command: quartus_stp -t scripts/jtag/read_step5_helper_pi_state_rail_audit.tcl 5 100 "DE5 [1-11.2]"
Info: Quartus(args): 5 100 {DE5 [1-11.2]}
STEP5_GUARDED_HELPER_DYNAMICS_CONFIG samples=5 gap_ms=100 board_filter=DE5 [1-11.2] experiment=EXP-WRPC-STEP5-HPLL-6208-64-GUARDED-HELPER-LOW-RAIL-CAUSALITY-AUDIT read_only=1 bootstrap_steps=6208 code_per_physical_step=64 kp=-150 ki=-2 threshold=200 lock_samples=10000 fresh_reset_required=1
=== DE5 [1-11.2] ===
STEP5_PI_SAMPLE board=DE5 [1-11.2] sample=1 elapsed_ms=0 FRAME_VALID=1 PI_TRACE_PRESENT=1 PI_SNAPSHOT_REJECTS=0 PI_EPOCH=298460 TAG_RAW=1951625 P_ADDER=619898880 P_SETPOINT=44301776 RAW_ERROR=577548729 LD_ERROR=150000 PI_INTEGRATOR_BEFORE=22510150 PI_I_NEW=22210150 PI_INTEGRATOR_AFTER=22510150 PI_PROP_TERM=-22500000 PI_Y_PREROUND=-287802 PI_UNCLAMPED_OUTPUT=-66 PI_Y_MIN=5 PI_Y_MAX=65531 PI_CLAMPED_OUTPUT=5 PI_CLAMP_SIDE=-1 HELPER_ERROR=150000 HELPER_OUTPUT=5 FREQ_ERROR=-50 TARGET_CODE=5 APPLIED_CODE=5 NORMAL_REQ=2046 NORMAL_COMPLETED=2046 NORMAL_FINC=1023 NORMAL_FDEC=1023 DCO_STEP=8254 FORCED_COMPLETED=6208 BOOTSTRAP_COMPLETED=6208 BOOTSTRAP_DONE=1 SPLL_INIT_COUNT=1 CLEAR_DACS_COUNT=1 SPLL_DELOCK_COUNT=0 MAIN_ENABLED=0 MAIN_FREQ_LOCKED=0 MAIN_PHASE_LOCKED=0 MAIN_LOCKED=0 PSTAT_LOCKED=0 HELPER_LOCKED=0 HELPER_LOCK_COUNT=0 BOOT_GENERATION=1 CPU_RESET=1 WR_CORE_RESET=0 SI_CONFIG_DROP=0
STEP5_PI_SAMPLE board=DE5 [1-11.2] sample=2 elapsed_ms=100 FRAME_VALID=1 PI_TRACE_PRESENT=1 PI_SNAPSHOT_REJECTS=0 PI_EPOCH=302288 TAG_RAW=3837863 P_ADDER=649259008 P_SETPOINT=75660752 RAW_ERROR=577436119 LD_ERROR=150000 PI_INTEGRATOR_BEFORE=22510150 PI_I_NEW=22210150 PI_INTEGRATOR_AFTER=22510150 PI_PROP_TERM=-22500000 PI_Y_PREROUND=-287802 PI_UNCLAMPED_OUTPUT=-66 PI_Y_MIN=5 PI_Y_MAX=65531 PI_CLAMPED_OUTPUT=5 PI_CLAMP_SIDE=-1 HELPER_ERROR=150000 HELPER_OUTPUT=5 FREQ_ERROR=-58 TARGET_CODE=5 APPLIED_CODE=5 NORMAL_REQ=2046 NORMAL_COMPLETED=2046 NORMAL_FINC=1023 NORMAL_FDEC=1023 DCO_STEP=8254 FORCED_COMPLETED=6208 BOOTSTRAP_COMPLETED=6208 BOOTSTRAP_DONE=1 SPLL_INIT_COUNT=1 CLEAR_DACS_COUNT=1 SPLL_DELOCK_COUNT=0 MAIN_ENABLED=0 MAIN_FREQ_LOCKED=0 MAIN_PHASE_LOCKED=0 MAIN_LOCKED=0 PSTAT_LOCKED=0 HELPER_LOCKED=0 HELPER_LOCK_COUNT=0 BOOT_GENERATION=1 CPU_RESET=1 WR_CORE_RESET=0 SI_CONFIG_DROP=0
STEP5_PI_SAMPLE board=DE5 [1-11.2] sample=3 elapsed_ms=200 FRAME_VALID=1 PI_TRACE_PRESENT=1 PI_SNAPSHOT_REJECTS=0 PI_EPOCH=306116 TAG_RAW=1529599 P_ADDER=582813440 P_SETPOINT=7019728 RAW_ERROR=577323311 LD_ERROR=150000 PI_INTEGRATOR_BEFORE=22510150 PI_I_NEW=22210150 PI_INTEGRATOR_AFTER=22510150 PI_PROP_TERM=-22500000 PI_Y_PREROUND=-287802 PI_UNCLAMPED_OUTPUT=-66 PI_Y_MIN=5 PI_Y_MAX=65531 PI_CLAMPED_OUTPUT=5 PI_CLAMP_SIDE=-1 HELPER_ERROR=150000 HELPER_OUTPUT=5 FREQ_ERROR=-72 TARGET_CODE=5 APPLIED_CODE=5 NORMAL_REQ=2046 NORMAL_COMPLETED=2046 NORMAL_FINC=1023 NORMAL_FDEC=1023 DCO_STEP=8254 FORCED_COMPLETED=6208 BOOTSTRAP_COMPLETED=6208 BOOTSTRAP_DONE=1 SPLL_INIT_COUNT=1 CLEAR_DACS_COUNT=1 SPLL_DELOCK_COUNT=0 MAIN_ENABLED=0 MAIN_FREQ_LOCKED=0 MAIN_PHASE_LOCKED=0 MAIN_LOCKED=0 PSTAT_LOCKED=0 HELPER_LOCKED=0 HELPER_LOCK_COUNT=0 BOOT_GENERATION=1 CPU_RESET=1 WR_CORE_RESET=0 SI_CONFIG_DROP=0
STEP5_PI_SAMPLE board=DE5 [1-11.2] sample=4 elapsed_ms=300 FRAME_VALID=1 PI_TRACE_PRESENT=1 PI_SNAPSHOT_REJECTS=0 PI_EPOCH=309944 TAG_RAW=3414930 P_ADDER=612173568 P_SETPOINT=38378704 RAW_ERROR=577209794 LD_ERROR=150000 PI_INTEGRATOR_BEFORE=22510150 PI_I_NEW=22210150 PI_INTEGRATOR_AFTER=22510150 PI_PROP_TERM=-22500000 PI_Y_PREROUND=-287802 PI_UNCLAMPED_OUTPUT=-66 PI_Y_MIN=5 PI_Y_MAX=65531 PI_CLAMPED_OUTPUT=5 PI_CLAMP_SIDE=-1 HELPER_ERROR=150000 HELPER_OUTPUT=5 FREQ_ERROR=-61 TARGET_CODE=5 APPLIED_CODE=5 NORMAL_REQ=2046 NORMAL_COMPLETED=2046 NORMAL_FINC=1023 NORMAL_FDEC=1023 DCO_STEP=8254 FORCED_COMPLETED=6208 BOOTSTRAP_COMPLETED=6208 BOOTSTRAP_DONE=1 SPLL_INIT_COUNT=1 CLEAR_DACS_COUNT=1 SPLL_DELOCK_COUNT=0 MAIN_ENABLED=0 MAIN_FREQ_LOCKED=0 MAIN_PHASE_LOCKED=0 MAIN_LOCKED=0 PSTAT_LOCKED=0 HELPER_LOCKED=0 HELPER_LOCK_COUNT=0 BOOT_GENERATION=1 CPU_RESET=1 WR_CORE_RESET=0 SI_CONFIG_DROP=0
STEP5_PI_SAMPLE board=DE5 [1-11.2] sample=5 elapsed_ms=400 FRAME_VALID=1 PI_TRACE_PRESENT=1 PI_SNAPSHOT_REJECTS=0 PI_EPOCH=313772 TAG_RAW=1106474 P_ADDER=645728000 P_SETPOINT=69737680 RAW_ERROR=577096794 LD_ERROR=150000 PI_INTEGRATOR_BEFORE=22510150 PI_I_NEW=22210150 PI_INTEGRATOR_AFTER=22510150 PI_PROP_TERM=-22500000 PI_Y_PREROUND=-287802 PI_UNCLAMPED_OUTPUT=-66 PI_Y_MIN=5 PI_Y_MAX=65531 PI_CLAMPED_OUTPUT=5 PI_CLAMP_SIDE=-1 HELPER_ERROR=150000 HELPER_OUTPUT=5 FREQ_ERROR=-62 TARGET_CODE=5 APPLIED_CODE=5 NORMAL_REQ=2046 NORMAL_COMPLETED=2046 NORMAL_FINC=1023 NORMAL_FDEC=1023 DCO_STEP=8254 FORCED_COMPLETED=6208 BOOTSTRAP_COMPLETED=6208 BOOTSTRAP_DONE=1 SPLL_INIT_COUNT=1 CLEAR_DACS_COUNT=1 SPLL_DELOCK_COUNT=0 MAIN_ENABLED=0 MAIN_FREQ_LOCKED=0 MAIN_PHASE_LOCKED=0 MAIN_LOCKED=0 PSTAT_LOCKED=0 HELPER_LOCKED=0 HELPER_LOCK_COUNT=0 BOOT_GENERATION=1 CPU_RESET=1 WR_CORE_RESET=0 SI_CONFIG_DROP=0
STEP5_GUARDED_HELPER_DYNAMICS_SUMMARY board=DE5 [1-11.2] SAMPLES=5 VALID_FRAMES=5 INVALID_FRAMES=0 WINDOW_SECONDS=0.400 PI_TRACE_PRESENT=5 PI_TRACE_FRACTION=100.000 PI_SNAPSHOT_REJECTS=0 PI_ACCOUNTING_FAILS=0 PI_OUTPUT_MISMATCH_FAILS=0 ANTI_WINDUP_VIOLATIONS=0 HELPER_ERROR_SAMPLES=5 HELPER_ERROR_MEAN=150000.0 HELPER_ERROR_RMS=150000.0 HELPER_ERROR_MAX_ABS=150000 FRACTION_ABS_ERROR_LE_200=0.0 RAW_ERROR_SAMPLES=5 RAW_ERROR_MEAN=577322949.4 RAW_ERROR_MIN=577096794 RAW_ERROR_MAX=577548729 RAW_ERROR_POSITIVE_FRACTION=100.0 UNCLAMPED_BELOW_MIN_SAMPLES=5 LOW_RAIL_SAMPLES=5 LOW_RAIL_FRACTION=100.000 HIGH_RAIL_SAMPLES=0 HIGH_RAIL_FRACTION=0.000 NO_RAIL_FRACTION=0.000 LOCK_COUNT_MAX=0 LOCK_COUNT_FINAL=0 LOCK_COUNT_RISE_EVENTS=0 LOCK_COUNT_FALL_EVENTS=0 ERROR_BAND_EXIT_EVENTS=0 DYNAMICS_CANDIDATE=STEADY_BIAS_OR_ACTUATOR_RANGE_LIMIT_CANDIDATE LOW_RAIL_SATURATION=CONFIRMED ACTUATOR_RANGE_LIMIT_OR_REQUIRED_NEGATIVE_AUTHORITY=CONFIRMED CAUSALITY_CASE=A FREQ_ERROR_SAMPLES=5 FREQ_ERROR_MEAN=-60.6 FREQ_ERROR_RMS=61.0131133446 FREQ_ERROR_MAX_ABS=72 FREQ_ZERO_CROSSINGS=0 RAIL_TO_RAIL_CYCLE_COMPLETE=0 POSITION_CONTEXT_FAILS=0 MEASUREMENT_COHERENCE=PASS POSITION_ACCOUNTING=PASS TRANSACTION_ACCOUNTING=PASS SPLL_INIT_COUNT_FIRST=1 SPLL_INIT_COUNT_FINAL=1 POST_INITIAL_SPLL_INIT_DELTA=0 CLEAR_DACS_COUNT_FIRST=1 CLEAR_DACS_COUNT_FINAL=1 CLEAR_DACS_DELTA=0 HELPER_EPOCH_RESET_COUNT=0 NORMAL_REQ_DELTA=0 NORMAL_COMPLETED_DELTA=0 DCO_STEP_DELTA=0 FORCED_COMPLETED_DELTA=0 BOOTSTRAP_COMPLETED_FINAL=6208 BOOTSTRAP_COMPLETED_DELTA=0 BOOTSTRAP_DONE_FINAL=1 MAIN_ENABLED_FINAL=0 MAIN_FREQ_LOCKED_FINAL=0 MAIN_PHASE_LOCKED_FINAL=0 MAIN_LOCKED_FINAL=0 PSTAT_LOCKED_FINAL=0 HELPER_LOCKED_FINAL=0 HELPER_LOCK_COUNT_FINAL=0 SPLL_DELOCK_COUNT_FIRST=0 SPLL_DELOCK_COUNT_FINAL=0 RESET_BOOT_GENERATION_DELTA=0 RESET_CPU_DELTA=0 RESET_WR_CORE_DELTA=0 RESET_SI_CONFIG_DELTA=0 RESET_STABLE=PASS KP=-150 KI=-2 SHIFT=12 BIAS=5 Y_MIN=5 Y_MAX=65531 TAG_VALID_FIRST=344234 TAG_VALID_FINAL=359891 NORMAL_COMPLETED_FIRST=2046 NORMAL_COMPLETED_FINAL=2046 TARGET_FINAL=5 APPLIED_FINAL=5 HELPER_ERROR_FINAL=150000 HELPER_OUTPUT_FINAL=5 PI_EPOCH_FINAL=313772 PI_INTEGRATOR_BEFORE_FINAL=22510150 PI_I_NEW_FINAL=22210150 PI_INTEGRATOR_AFTER_FINAL=22510150 PI_UNCLAMPED_FINAL=-66 PI_CLAMPED_FINAL=5 PI_CLAMP_SIDE_FINAL=-1 RAW_ERROR_FINAL=577096794 LD_ERROR_FINAL=150000 PI_PROP_TERM_FINAL=-22500000 PI_Y_PREROUND_FINAL=-287802
STEP5_PI_AUDIT_DONE
Info (23030): Evaluation of Tcl script scripts/jtag/read_step5_helper_pi_state_rail_audit.tcl was successful
Info: Quartus Prime SignalTap II was successful. 0 errors, 0 warnings
    Info: Peak virtual memory: 772 megabytes
    Info: Processing ended: Mon Aug 31 00:41:22 2026
    Info: Elapsed time: 00:00:02
    Info: Total CPU time (on all processors): 00:00:00
