Info: *******************************************************************
Info: Running Quartus Prime Signal Tap
    Info: Version 21.3.0 Build 170 09/23/2021 SC Pro Edition
    Info: Copyright (C) 2021  Intel Corporation. All rights reserved.
    Info: Your use of Intel Corporation's design tools, logic functions 
    Info: and other software and tools, and any partner logic 
    Info: functions, and any output files from any of the foregoing 
    Info: (including device programming or simulation files), and any 
    Info: associated documentation or information are expressly subject 
    Info: to the terms and conditions of the Intel Program License 
    Info: Subscription Agreement, the Intel Quartus Prime License Agreement,
    Info: the Intel FPGA IP License Agreement, or other applicable license
    Info: agreement, including, without limitation, that your use is for
    Info: the sole purpose of programming logic devices manufactured by
    Info: Intel and sold by Intel or its authorized distributors.  Please
    Info: refer to the applicable agreement for further details, at
    Info: https://fpgasoftware.intel.com/eula.
    Info: Processing started: Wed Sep  2 20:23:05 2026
    Info: System process ID: 3623377
Info: Command: quartus_stp -t scripts/jtag/read_step5_main_dac_direction_identification.tcl "DE5 [1-11.2]" 120 20 500
Info: Quartus(args): {DE5 [1-11.2]} 120 20 500
DAC_ID_CONFIG board_filter=DE5 [1-11.2] gate_timeout_s=120 phase_samples=20 phase_gap_ms=500 experiment=EXP-WRPC-STEP5-HPLL-6208-16-FROZEN-FIT-MAIN-DAC-DIRECTION-AUTHORITY-IDENTIFICATION-20260902 existing_image=88604a5+7585a06 frozen_fit=1 no_reprogram=1
DAC_ID_GATE elapsed_s=0 TRACE_VALID=1 HELPER_LOCKED=0 MAIN_ENABLED=1 FREQ_ERROR=-1270 PI_OUTPUT=5 EPOCH=5692 UPDATE_COUNT=2137426
DAC_ID_GATE elapsed_s=0 TRACE_VALID=1 HELPER_LOCKED=0 MAIN_ENABLED=1 FREQ_ERROR=-1270 PI_OUTPUT=5 EPOCH=5694 UPDATE_COUNT=2137426
DAC_ID_GATE elapsed_s=1 TRACE_VALID=1 HELPER_LOCKED=0 MAIN_ENABLED=1 FREQ_ERROR=-1270 PI_OUTPUT=5 EPOCH=5694 UPDATE_COUNT=2137426
DAC_ID_GATE elapsed_s=1 TRACE_VALID=1 HELPER_LOCKED=0 MAIN_ENABLED=1 FREQ_ERROR=-1270 PI_OUTPUT=5 EPOCH=5694 UPDATE_COUNT=2137426
DAC_ID_GATE elapsed_s=2 TRACE_VALID=1 HELPER_LOCKED=0 MAIN_ENABLED=1 FREQ_ERROR=-1270 PI_OUTPUT=5 EPOCH=5696 UPDATE_COUNT=2137426
DAC_ID_GATE elapsed_s=3 TRACE_VALID=1 HELPER_LOCKED=0 MAIN_ENABLED=1 FREQ_ERROR=-1270 PI_OUTPUT=5 EPOCH=5696 UPDATE_COUNT=2137426
DAC_ID_GATE elapsed_s=3 TRACE_VALID=1 HELPER_LOCKED=0 MAIN_ENABLED=1 FREQ_ERROR=-1270 PI_OUTPUT=5 EPOCH=5696 UPDATE_COUNT=2137426
DAC_ID_GATE elapsed_s=4 TRACE_VALID=1 HELPER_LOCKED=0 MAIN_ENABLED=1 FREQ_ERROR=-1270 PI_OUTPUT=5 EPOCH=5698 UPDATE_COUNT=2137426
DAC_ID_GATE elapsed_s=4 TRACE_VALID=1 HELPER_LOCKED=0 MAIN_ENABLED=1 FREQ_ERROR=-1270 PI_OUTPUT=5 EPOCH=5698 UPDATE_COUNT=2137426
DAC_ID_GATE elapsed_s=5 TRACE_VALID=1 HELPER_LOCKED=0 MAIN_ENABLED=1 FREQ_ERROR=-1270 PI_OUTPUT=5 EPOCH=5698 UPDATE_COUNT=2137426
DAC_ID_GATE elapsed_s=6 TRACE_VALID=1 HELPER_LOCKED=0 MAIN_ENABLED=1 FREQ_ERROR=-1270 PI_OUTPUT=5 EPOCH=5700 UPDATE_COUNT=2137426
DAC_ID_GATE elapsed_s=6 TRACE_VALID=1 HELPER_LOCKED=0 MAIN_ENABLED=1 FREQ_ERROR=-1270 PI_OUTPUT=5 EPOCH=5700 UPDATE_COUNT=2137426
DAC_ID_GATE elapsed_s=7 TRACE_VALID=1 HELPER_LOCKED=0 MAIN_ENABLED=1 FREQ_ERROR=-1270 PI_OUTPUT=5 EPOCH=5700 UPDATE_COUNT=2137426
DAC_ID_GATE elapsed_s=7 TRACE_VALID=1 HELPER_LOCKED=0 MAIN_ENABLED=1 FREQ_ERROR=-1270 PI_OUTPUT=5 EPOCH=5700 UPDATE_COUNT=2137426
DAC_ID_GATE elapsed_s=8 TRACE_VALID=1 HELPER_LOCKED=0 MAIN_ENABLED=1 FREQ_ERROR=-1270 PI_OUTPUT=5 EPOCH=5702 UPDATE_COUNT=2137426
DAC_ID_GATE elapsed_s=8 TRACE_VALID=1 HELPER_LOCKED=0 MAIN_ENABLED=1 FREQ_ERROR=-1270 PI_OUTPUT=5 EPOCH=5702 UPDATE_COUNT=2137426
DAC_ID_GATE elapsed_s=9 TRACE_VALID=1 HELPER_LOCKED=0 MAIN_ENABLED=1 FREQ_ERROR=-1270 PI_OUTPUT=5 EPOCH=5702 UPDATE_COUNT=2137426
DAC_ID_GATE elapsed_s=10 TRACE_VALID=1 HELPER_LOCKED=0 MAIN_ENABLED=1 FREQ_ERROR=-1270 PI_OUTPUT=5 EPOCH=5704 UPDATE_COUNT=2137426
DAC_ID_GATE elapsed_s=10 TRACE_VALID=1 HELPER_LOCKED=0 MAIN_ENABLED=1 FREQ_ERROR=-1270 PI_OUTPUT=5 EPOCH=5704 UPDATE_COUNT=2137426
DAC_ID_GATE elapsed_s=11 TRACE_VALID=1 HELPER_LOCKED=0 MAIN_ENABLED=1 FREQ_ERROR=-1270 PI_OUTPUT=5 EPOCH=5704 UPDATE_COUNT=2137426
DAC_ID_GATE elapsed_s=11 TRACE_VALID=1 HELPER_LOCKED=0 MAIN_ENABLED=1 FREQ_ERROR=-1270 PI_OUTPUT=5 EPOCH=5706 UPDATE_COUNT=2137426
DAC_ID_GATE elapsed_s=12 TRACE_VALID=1 HELPER_LOCKED=0 MAIN_ENABLED=1 FREQ_ERROR=-1270 PI_OUTPUT=5 EPOCH=5706 UPDATE_COUNT=2137426
DAC_ID_GATE elapsed_s=13 TRACE_VALID=1 HELPER_LOCKED=0 MAIN_ENABLED=1 FREQ_ERROR=-1270 PI_OUTPUT=5 EPOCH=5706 UPDATE_COUNT=2137426
DAC_ID_GATE elapsed_s=13 TRACE_VALID=1 HELPER_LOCKED=0 MAIN_ENABLED=1 FREQ_ERROR=-1270 PI_OUTPUT=5 EPOCH=5708 UPDATE_COUNT=2137426
DAC_ID_GATE elapsed_s=14 TRACE_VALID=1 HELPER_LOCKED=0 MAIN_ENABLED=1 FREQ_ERROR=-1270 PI_OUTPUT=5 EPOCH=5708 UPDATE_COUNT=2137426
DAC_ID_GATE elapsed_s=14 TRACE_VALID=1 HELPER_LOCKED=0 MAIN_ENABLED=1 FREQ_ERROR=-1270 PI_OUTPUT=5 EPOCH=5708 UPDATE_COUNT=2137426
DAC_ID_GATE elapsed_s=15 TRACE_VALID=1 HELPER_LOCKED=0 MAIN_ENABLED=1 FREQ_ERROR=-1270 PI_OUTPUT=5 EPOCH=5708 UPDATE_COUNT=2137426
DAC_ID_GATE elapsed_s=15 TRACE_VALID=1 HELPER_LOCKED=0 MAIN_ENABLED=1 FREQ_ERROR=-1270 PI_OUTPUT=5 EPOCH=5710 UPDATE_COUNT=2137426
DAC_ID_GATE elapsed_s=16 TRACE_VALID=1 HELPER_LOCKED=0 MAIN_ENABLED=1 FREQ_ERROR=-1270 PI_OUTPUT=5 EPOCH=5710 UPDATE_COUNT=2137426
DAC_ID_GATE elapsed_s=17 TRACE_VALID=1 HELPER_LOCKED=0 MAIN_ENABLED=1 FREQ_ERROR=-1270 PI_OUTPUT=5 EPOCH=5710 UPDATE_COUNT=2137426
DAC_ID_GATE elapsed_s=17 TRACE_VALID=1 HELPER_LOCKED=0 MAIN_ENABLED=1 FREQ_ERROR=-1270 PI_OUTPUT=5 EPOCH=5712 UPDATE_COUNT=2137426
DAC_ID_GATE elapsed_s=18 TRACE_VALID=1 HELPER_LOCKED=0 MAIN_ENABLED=1 FREQ_ERROR=-1270 PI_OUTPUT=5 EPOCH=5712 UPDATE_COUNT=2137426
DAC_ID_GATE elapsed_s=18 TRACE_VALID=1 HELPER_LOCKED=0 MAIN_ENABLED=1 FREQ_ERROR=-1270 PI_OUTPUT=5 EPOCH=5712 UPDATE_COUNT=2137426
DAC_ID_GATE elapsed_s=19 TRACE_VALID=1 HELPER_LOCKED=0 MAIN_ENABLED=1 FREQ_ERROR=-1270 PI_OUTPUT=5 EPOCH=5714 UPDATE_COUNT=2137426
DAC_ID_GATE elapsed_s=20 TRACE_VALID=1 HELPER_LOCKED=0 MAIN_ENABLED=1 FREQ_ERROR=-1270 PI_OUTPUT=5 EPOCH=5714 UPDATE_COUNT=2137426
DAC_ID_GATE elapsed_s=20 TRACE_VALID=1 HELPER_LOCKED=0 MAIN_ENABLED=1 FREQ_ERROR=-1270 PI_OUTPUT=5 EPOCH=5714 UPDATE_COUNT=2137426
DAC_ID_GATE elapsed_s=21 TRACE_VALID=1 HELPER_LOCKED=0 MAIN_ENABLED=1 FREQ_ERROR=-1270 PI_OUTPUT=5 EPOCH=5716 UPDATE_COUNT=2137426
DAC_ID_GATE elapsed_s=21 TRACE_VALID=1 HELPER_LOCKED=0 MAIN_ENABLED=1 FREQ_ERROR=-1270 PI_OUTPUT=5 EPOCH=5716 UPDATE_COUNT=2137426
DAC_ID_GATE elapsed_s=22 TRACE_VALID=1 HELPER_LOCKED=0 MAIN_ENABLED=1 FREQ_ERROR=-1270 PI_OUTPUT=5 EPOCH=5716 UPDATE_COUNT=2137426
DAC_ID_GATE elapsed_s=23 TRACE_VALID=1 HELPER_LOCKED=0 MAIN_ENABLED=1 FREQ_ERROR=-1270 PI_OUTPUT=5 EPOCH=5718 UPDATE_COUNT=2137426
DAC_ID_GATE elapsed_s=23 TRACE_VALID=1 HELPER_LOCKED=0 MAIN_ENABLED=1 FREQ_ERROR=-1270 PI_OUTPUT=5 EPOCH=5718 UPDATE_COUNT=2137426
DAC_ID_GATE elapsed_s=24 TRACE_VALID=1 HELPER_LOCKED=0 MAIN_ENABLED=1 FREQ_ERROR=-1270 PI_OUTPUT=5 EPOCH=5718 UPDATE_COUNT=2137426
DAC_ID_GATE elapsed_s=24 TRACE_VALID=1 HELPER_LOCKED=0 MAIN_ENABLED=1 FREQ_ERROR=-1270 PI_OUTPUT=5 EPOCH=5718 UPDATE_COUNT=2137426
DAC_ID_GATE elapsed_s=25 TRACE_VALID=1 HELPER_LOCKED=0 MAIN_ENABLED=1 FREQ_ERROR=-1270 PI_OUTPUT=5 EPOCH=5720 UPDATE_COUNT=2137426
DAC_ID_GATE elapsed_s=26 TRACE_VALID=1 HELPER_LOCKED=0 MAIN_ENABLED=1 FREQ_ERROR=-1270 PI_OUTPUT=5 EPOCH=5720 UPDATE_COUNT=2137426
DAC_ID_GATE elapsed_s=26 TRACE_VALID=1 HELPER_LOCKED=0 MAIN_ENABLED=1 FREQ_ERROR=-1270 PI_OUTPUT=5 EPOCH=5720 UPDATE_COUNT=2137426
DAC_ID_GATE elapsed_s=27 TRACE_VALID=1 HELPER_LOCKED=0 MAIN_ENABLED=1 FREQ_ERROR=-1270 PI_OUTPUT=5 EPOCH=5722 UPDATE_COUNT=2137426
DAC_ID_GATE elapsed_s=27 TRACE_VALID=1 HELPER_LOCKED=0 MAIN_ENABLED=1 FREQ_ERROR=-1270 PI_OUTPUT=5 EPOCH=5722 UPDATE_COUNT=2137426
DAC_ID_GATE elapsed_s=28 TRACE_VALID=1 HELPER_LOCKED=0 MAIN_ENABLED=1 FREQ_ERROR=-1270 PI_OUTPUT=5 EPOCH=5722 UPDATE_COUNT=2137426
DAC_ID_GATE elapsed_s=28 TRACE_VALID=1 HELPER_LOCKED=0 MAIN_ENABLED=1 FREQ_ERROR=-1270 PI_OUTPUT=5 EPOCH=5724 UPDATE_COUNT=2137426
DAC_ID_GATE elapsed_s=29 TRACE_VALID=1 HELPER_LOCKED=0 MAIN_ENABLED=1 FREQ_ERROR=-1270 PI_OUTPUT=5 EPOCH=5724 UPDATE_COUNT=2137426
DAC_ID_GATE elapsed_s=30 TRACE_VALID=1 HELPER_LOCKED=0 MAIN_ENABLED=1 FREQ_ERROR=-1270 PI_OUTPUT=5 EPOCH=5724 UPDATE_COUNT=2137426
DAC_ID_GATE elapsed_s=30 TRACE_VALID=1 HELPER_LOCKED=0 MAIN_ENABLED=1 FREQ_ERROR=-1270 PI_OUTPUT=5 EPOCH=5726 UPDATE_COUNT=2137426
DAC_ID_GATE elapsed_s=31 TRACE_VALID=1 HELPER_LOCKED=0 MAIN_ENABLED=1 FREQ_ERROR=-1270 PI_OUTPUT=5 EPOCH=5726 UPDATE_COUNT=2137426
DAC_ID_GATE elapsed_s=31 TRACE_VALID=1 HELPER_LOCKED=0 MAIN_ENABLED=1 FREQ_ERROR=-1270 PI_OUTPUT=5 EPOCH=5726 UPDATE_COUNT=2137426
DAC_ID_GATE elapsed_s=32 TRACE_VALID=1 HELPER_LOCKED=0 MAIN_ENABLED=1 FREQ_ERROR=-1270 PI_OUTPUT=5 EPOCH=5726 UPDATE_COUNT=2137426
DAC_ID_GATE elapsed_s=33 TRACE_VALID=1 HELPER_LOCKED=0 MAIN_ENABLED=1 FREQ_ERROR=-1270 PI_OUTPUT=5 EPOCH=5728 UPDATE_COUNT=2137426
DAC_ID_GATE elapsed_s=33 TRACE_VALID=1 HELPER_LOCKED=0 MAIN_ENABLED=1 FREQ_ERROR=-1270 PI_OUTPUT=5 EPOCH=5728 UPDATE_COUNT=2137426
DAC_ID_GATE elapsed_s=34 TRACE_VALID=1 HELPER_LOCKED=0 MAIN_ENABLED=1 FREQ_ERROR=-1270 PI_OUTPUT=5 EPOCH=5728 UPDATE_COUNT=2137426
DAC_ID_GATE elapsed_s=34 TRACE_VALID=1 HELPER_LOCKED=0 MAIN_ENABLED=1 FREQ_ERROR=-1270 PI_OUTPUT=5 EPOCH=5730 UPDATE_COUNT=2137426
DAC_ID_GATE elapsed_s=35 TRACE_VALID=1 HELPER_LOCKED=0 MAIN_ENABLED=1 FREQ_ERROR=-1270 PI_OUTPUT=5 EPOCH=5730 UPDATE_COUNT=2137426
DAC_ID_GATE elapsed_s=36 TRACE_VALID=1 HELPER_LOCKED=0 MAIN_ENABLED=1 FREQ_ERROR=-1270 PI_OUTPUT=5 EPOCH=5730 UPDATE_COUNT=2137426
DAC_ID_GATE elapsed_s=36 TRACE_VALID=1 HELPER_LOCKED=0 MAIN_ENABLED=1 FREQ_ERROR=-1270 PI_OUTPUT=5 EPOCH=5732 UPDATE_COUNT=2137426
DAC_ID_GATE elapsed_s=37 TRACE_VALID=1 HELPER_LOCKED=0 MAIN_ENABLED=1 FREQ_ERROR=-1270 PI_OUTPUT=5 EPOCH=5732 UPDATE_COUNT=2137426
DAC_ID_GATE elapsed_s=37 TRACE_VALID=1 HELPER_LOCKED=0 MAIN_ENABLED=1 FREQ_ERROR=-1270 PI_OUTPUT=5 EPOCH=5732 UPDATE_COUNT=2137426
DAC_ID_GATE elapsed_s=38 TRACE_VALID=1 HELPER_LOCKED=0 MAIN_ENABLED=1 FREQ_ERROR=-1270 PI_OUTPUT=5 EPOCH=5734 UPDATE_COUNT=2137426
DAC_ID_GATE elapsed_s=38 TRACE_VALID=1 HELPER_LOCKED=0 MAIN_ENABLED=1 FREQ_ERROR=-1270 PI_OUTPUT=5 EPOCH=5734 UPDATE_COUNT=2137426
DAC_ID_GATE elapsed_s=39 TRACE_VALID=1 HELPER_LOCKED=0 MAIN_ENABLED=1 FREQ_ERROR=-1270 PI_OUTPUT=5 EPOCH=5734 UPDATE_COUNT=2137426
DAC_ID_GATE elapsed_s=40 TRACE_VALID=1 HELPER_LOCKED=0 MAIN_ENABLED=1 FREQ_ERROR=-1270 PI_OUTPUT=5 EPOCH=5736 UPDATE_COUNT=2137426
DAC_ID_GATE elapsed_s=40 TRACE_VALID=1 HELPER_LOCKED=0 MAIN_ENABLED=1 FREQ_ERROR=-1270 PI_OUTPUT=5 EPOCH=5736 UPDATE_COUNT=2137426
DAC_ID_GATE elapsed_s=41 TRACE_VALID=1 HELPER_LOCKED=0 MAIN_ENABLED=1 FREQ_ERROR=-1270 PI_OUTPUT=5 EPOCH=5736 UPDATE_COUNT=2137426
DAC_ID_GATE elapsed_s=41 TRACE_VALID=1 HELPER_LOCKED=0 MAIN_ENABLED=1 FREQ_ERROR=-1270 PI_OUTPUT=5 EPOCH=5736 UPDATE_COUNT=2137426
DAC_ID_GATE elapsed_s=42 TRACE_VALID=1 HELPER_LOCKED=0 MAIN_ENABLED=1 FREQ_ERROR=-1270 PI_OUTPUT=5 EPOCH=5738 UPDATE_COUNT=2137426
DAC_ID_GATE elapsed_s=43 TRACE_VALID=1 HELPER_LOCKED=0 MAIN_ENABLED=1 FREQ_ERROR=-1270 PI_OUTPUT=5 EPOCH=5738 UPDATE_COUNT=2137426
DAC_ID_GATE elapsed_s=43 TRACE_VALID=1 HELPER_LOCKED=0 MAIN_ENABLED=1 FREQ_ERROR=-1270 PI_OUTPUT=5 EPOCH=5738 UPDATE_COUNT=2137426
DAC_ID_GATE elapsed_s=44 TRACE_VALID=1 HELPER_LOCKED=0 MAIN_ENABLED=1 FREQ_ERROR=-1270 PI_OUTPUT=5 EPOCH=5740 UPDATE_COUNT=2137426
DAC_ID_GATE elapsed_s=44 TRACE_VALID=1 HELPER_LOCKED=0 MAIN_ENABLED=1 FREQ_ERROR=-1270 PI_OUTPUT=5 EPOCH=5740 UPDATE_COUNT=2137426
DAC_ID_GATE elapsed_s=45 TRACE_VALID=1 HELPER_LOCKED=0 MAIN_ENABLED=1 FREQ_ERROR=-1270 PI_OUTPUT=5 EPOCH=5740 UPDATE_COUNT=2137426
DAC_ID_GATE elapsed_s=46 TRACE_VALID=1 HELPER_LOCKED=0 MAIN_ENABLED=1 FREQ_ERROR=-1270 PI_OUTPUT=5 EPOCH=5742 UPDATE_COUNT=2137426
DAC_ID_GATE elapsed_s=46 TRACE_VALID=1 HELPER_LOCKED=0 MAIN_ENABLED=1 FREQ_ERROR=-1270 PI_OUTPUT=5 EPOCH=5742 UPDATE_COUNT=2137426
DAC_ID_GATE elapsed_s=47 TRACE_VALID=1 HELPER_LOCKED=0 MAIN_ENABLED=1 FREQ_ERROR=-1270 PI_OUTPUT=5 EPOCH=5742 UPDATE_COUNT=2137426
DAC_ID_GATE elapsed_s=47 TRACE_VALID=1 HELPER_LOCKED=0 MAIN_ENABLED=1 FREQ_ERROR=-1270 PI_OUTPUT=5 EPOCH=5744 UPDATE_COUNT=2137426
DAC_ID_GATE elapsed_s=48 TRACE_VALID=1 HELPER_LOCKED=0 MAIN_ENABLED=1 FREQ_ERROR=-1270 PI_OUTPUT=5 EPOCH=5744 UPDATE_COUNT=2137426
DAC_ID_GATE elapsed_s=48 TRACE_VALID=1 HELPER_LOCKED=0 MAIN_ENABLED=1 FREQ_ERROR=-1270 PI_OUTPUT=5 EPOCH=5744 UPDATE_COUNT=2137426
DAC_ID_GATE elapsed_s=49 TRACE_VALID=1 HELPER_LOCKED=0 MAIN_ENABLED=1 FREQ_ERROR=-1270 PI_OUTPUT=5 EPOCH=5744 UPDATE_COUNT=2137426
DAC_ID_GATE elapsed_s=50 TRACE_VALID=1 HELPER_LOCKED=0 MAIN_ENABLED=1 FREQ_ERROR=-1270 PI_OUTPUT=5 EPOCH=5746 UPDATE_COUNT=2137426
DAC_ID_GATE elapsed_s=50 TRACE_VALID=1 HELPER_LOCKED=0 MAIN_ENABLED=1 FREQ_ERROR=-1270 PI_OUTPUT=5 EPOCH=5746 UPDATE_COUNT=2137426
DAC_ID_GATE elapsed_s=51 TRACE_VALID=1 HELPER_LOCKED=0 MAIN_ENABLED=1 FREQ_ERROR=-1270 PI_OUTPUT=5 EPOCH=5746 UPDATE_COUNT=2137426
DAC_ID_GATE elapsed_s=51 TRACE_VALID=1 HELPER_LOCKED=0 MAIN_ENABLED=1 FREQ_ERROR=-1270 PI_OUTPUT=5 EPOCH=5748 UPDATE_COUNT=2137426
DAC_ID_GATE elapsed_s=52 TRACE_VALID=1 HELPER_LOCKED=0 MAIN_ENABLED=1 FREQ_ERROR=-1270 PI_OUTPUT=5 EPOCH=5748 UPDATE_COUNT=2137426
DAC_ID_GATE elapsed_s=53 TRACE_VALID=1 HELPER_LOCKED=0 MAIN_ENABLED=1 FREQ_ERROR=-1270 PI_OUTPUT=5 EPOCH=5748 UPDATE_COUNT=2137426
DAC_ID_GATE elapsed_s=53 TRACE_VALID=1 HELPER_LOCKED=0 MAIN_ENABLED=1 FREQ_ERROR=-1270 PI_OUTPUT=5 EPOCH=5750 UPDATE_COUNT=2137426
DAC_ID_GATE elapsed_s=54 TRACE_VALID=1 HELPER_LOCKED=0 MAIN_ENABLED=1 FREQ_ERROR=-1270 PI_OUTPUT=5 EPOCH=5750 UPDATE_COUNT=2137426
DAC_ID_GATE elapsed_s=54 TRACE_VALID=1 HELPER_LOCKED=0 MAIN_ENABLED=1 FREQ_ERROR=-1270 PI_OUTPUT=5 EPOCH=5750 UPDATE_COUNT=2137426
DAC_ID_GATE elapsed_s=55 TRACE_VALID=1 HELPER_LOCKED=0 MAIN_ENABLED=1 FREQ_ERROR=-1270 PI_OUTPUT=5 EPOCH=5752 UPDATE_COUNT=2137426
DAC_ID_GATE elapsed_s=56 TRACE_VALID=1 HELPER_LOCKED=0 MAIN_ENABLED=1 FREQ_ERROR=-1270 PI_OUTPUT=5 EPOCH=5752 UPDATE_COUNT=2137426
DAC_ID_GATE elapsed_s=56 TRACE_VALID=1 HELPER_LOCKED=0 MAIN_ENABLED=1 FREQ_ERROR=-1270 PI_OUTPUT=5 EPOCH=5752 UPDATE_COUNT=2137426
DAC_ID_GATE elapsed_s=57 TRACE_VALID=1 HELPER_LOCKED=0 MAIN_ENABLED=1 FREQ_ERROR=-1270 PI_OUTPUT=5 EPOCH=5754 UPDATE_COUNT=2137426
DAC_ID_GATE elapsed_s=57 TRACE_VALID=1 HELPER_LOCKED=0 MAIN_ENABLED=1 FREQ_ERROR=-1270 PI_OUTPUT=5 EPOCH=5754 UPDATE_COUNT=2137426
DAC_ID_GATE elapsed_s=58 TRACE_VALID=1 HELPER_LOCKED=0 MAIN_ENABLED=1 FREQ_ERROR=-1270 PI_OUTPUT=5 EPOCH=5754 UPDATE_COUNT=2137426
DAC_ID_GATE elapsed_s=59 TRACE_VALID=1 HELPER_LOCKED=0 MAIN_ENABLED=1 FREQ_ERROR=-1270 PI_OUTPUT=5 EPOCH=5754 UPDATE_COUNT=2137426
DAC_ID_GATE elapsed_s=59 TRACE_VALID=1 HELPER_LOCKED=0 MAIN_ENABLED=1 FREQ_ERROR=-1270 PI_OUTPUT=5 EPOCH=5756 UPDATE_COUNT=2137426
DAC_ID_GATE elapsed_s=60 TRACE_VALID=1 HELPER_LOCKED=0 MAIN_ENABLED=1 FREQ_ERROR=-1270 PI_OUTPUT=5 EPOCH=5756 UPDATE_COUNT=2137426
DAC_ID_GATE elapsed_s=60 TRACE_VALID=1 HELPER_LOCKED=0 MAIN_ENABLED=1 FREQ_ERROR=-1270 PI_OUTPUT=5 EPOCH=5756 UPDATE_COUNT=2137426
DAC_ID_GATE elapsed_s=61 TRACE_VALID=1 HELPER_LOCKED=0 MAIN_ENABLED=1 FREQ_ERROR=-1270 PI_OUTPUT=5 EPOCH=5758 UPDATE_COUNT=2137426
DAC_ID_GATE elapsed_s=61 TRACE_VALID=1 HELPER_LOCKED=0 MAIN_ENABLED=1 FREQ_ERROR=-1270 PI_OUTPUT=5 EPOCH=5758 UPDATE_COUNT=2137426
DAC_ID_GATE elapsed_s=62 TRACE_VALID=1 HELPER_LOCKED=0 MAIN_ENABLED=1 FREQ_ERROR=-1270 PI_OUTPUT=5 EPOCH=5758 UPDATE_COUNT=2137426
DAC_ID_GATE elapsed_s=63 TRACE_VALID=1 HELPER_LOCKED=0 MAIN_ENABLED=1 FREQ_ERROR=-1270 PI_OUTPUT=5 EPOCH=5760 UPDATE_COUNT=2137426
DAC_ID_GATE elapsed_s=63 TRACE_VALID=1 HELPER_LOCKED=0 MAIN_ENABLED=1 FREQ_ERROR=-1270 PI_OUTPUT=5 EPOCH=5760 UPDATE_COUNT=2137426
DAC_ID_GATE elapsed_s=64 TRACE_VALID=1 HELPER_LOCKED=0 MAIN_ENABLED=1 FREQ_ERROR=-1270 PI_OUTPUT=5 EPOCH=5760 UPDATE_COUNT=2137426
DAC_ID_GATE elapsed_s=64 TRACE_VALID=1 HELPER_LOCKED=0 MAIN_ENABLED=1 FREQ_ERROR=-1270 PI_OUTPUT=5 EPOCH=5762 UPDATE_COUNT=2137426
DAC_ID_GATE elapsed_s=65 TRACE_VALID=1 HELPER_LOCKED=0 MAIN_ENABLED=1 FREQ_ERROR=-1270 PI_OUTPUT=5 EPOCH=5762 UPDATE_COUNT=2137426
DAC_ID_GATE elapsed_s=66 TRACE_VALID=1 HELPER_LOCKED=0 MAIN_ENABLED=1 FREQ_ERROR=-1270 PI_OUTPUT=5 EPOCH=5762 UPDATE_COUNT=2137426
DAC_ID_GATE elapsed_s=66 TRACE_VALID=1 HELPER_LOCKED=0 MAIN_ENABLED=1 FREQ_ERROR=-1270 PI_OUTPUT=5 EPOCH=5762 UPDATE_COUNT=2137426
DAC_ID_GATE elapsed_s=67 TRACE_VALID=1 HELPER_LOCKED=0 MAIN_ENABLED=1 FREQ_ERROR=-1270 PI_OUTPUT=5 EPOCH=5764 UPDATE_COUNT=2137426
DAC_ID_GATE elapsed_s=67 TRACE_VALID=1 HELPER_LOCKED=0 MAIN_ENABLED=1 FREQ_ERROR=-1270 PI_OUTPUT=5 EPOCH=5764 UPDATE_COUNT=2137426
DAC_ID_GATE elapsed_s=68 TRACE_VALID=1 HELPER_LOCKED=0 MAIN_ENABLED=1 FREQ_ERROR=-1270 PI_OUTPUT=5 EPOCH=5764 UPDATE_COUNT=2137426
DAC_ID_GATE elapsed_s=69 TRACE_VALID=1 HELPER_LOCKED=0 MAIN_ENABLED=1 FREQ_ERROR=-1270 PI_OUTPUT=5 EPOCH=5766 UPDATE_COUNT=2137426
DAC_ID_GATE elapsed_s=69 TRACE_VALID=1 HELPER_LOCKED=0 MAIN_ENABLED=1 FREQ_ERROR=-1270 PI_OUTPUT=5 EPOCH=5766 UPDATE_COUNT=2137426
DAC_ID_GATE elapsed_s=70 TRACE_VALID=1 HELPER_LOCKED=0 MAIN_ENABLED=1 FREQ_ERROR=-1270 PI_OUTPUT=5 EPOCH=5766 UPDATE_COUNT=2137426
DAC_ID_GATE elapsed_s=70 TRACE_VALID=1 HELPER_LOCKED=0 MAIN_ENABLED=1 FREQ_ERROR=-1270 PI_OUTPUT=5 EPOCH=5768 UPDATE_COUNT=2137426
DAC_ID_GATE elapsed_s=71 TRACE_VALID=1 HELPER_LOCKED=0 MAIN_ENABLED=1 FREQ_ERROR=-1270 PI_OUTPUT=5 EPOCH=5768 UPDATE_COUNT=2137426
DAC_ID_GATE elapsed_s=71 TRACE_VALID=1 HELPER_LOCKED=0 MAIN_ENABLED=1 FREQ_ERROR=-1270 PI_OUTPUT=5 EPOCH=5768 UPDATE_COUNT=2137426
DAC_ID_GATE elapsed_s=72 TRACE_VALID=1 HELPER_LOCKED=0 MAIN_ENABLED=1 FREQ_ERROR=-1270 PI_OUTPUT=5 EPOCH=5770 UPDATE_COUNT=2137426
DAC_ID_GATE elapsed_s=73 TRACE_VALID=1 HELPER_LOCKED=0 MAIN_ENABLED=1 FREQ_ERROR=-1270 PI_OUTPUT=5 EPOCH=5770 UPDATE_COUNT=2137426
DAC_ID_GATE elapsed_s=73 TRACE_VALID=1 HELPER_LOCKED=0 MAIN_ENABLED=1 FREQ_ERROR=-1270 PI_OUTPUT=5 EPOCH=5770 UPDATE_COUNT=2137426
DAC_ID_GATE elapsed_s=74 TRACE_VALID=1 HELPER_LOCKED=0 MAIN_ENABLED=1 FREQ_ERROR=-1270 PI_OUTPUT=5 EPOCH=5772 UPDATE_COUNT=2137426
DAC_ID_GATE elapsed_s=74 TRACE_VALID=1 HELPER_LOCKED=0 MAIN_ENABLED=1 FREQ_ERROR=-1270 PI_OUTPUT=5 EPOCH=5772 UPDATE_COUNT=2137426
DAC_ID_GATE elapsed_s=75 TRACE_VALID=1 HELPER_LOCKED=0 MAIN_ENABLED=1 FREQ_ERROR=-1270 PI_OUTPUT=5 EPOCH=5772 UPDATE_COUNT=2137426
DAC_ID_GATE elapsed_s=76 TRACE_VALID=1 HELPER_LOCKED=0 MAIN_ENABLED=1 FREQ_ERROR=-1270 PI_OUTPUT=5 EPOCH=5772 UPDATE_COUNT=2137426
DAC_ID_GATE elapsed_s=76 TRACE_VALID=1 HELPER_LOCKED=0 MAIN_ENABLED=1 FREQ_ERROR=-1270 PI_OUTPUT=5 EPOCH=5774 UPDATE_COUNT=2137426
DAC_ID_GATE elapsed_s=77 TRACE_VALID=1 HELPER_LOCKED=0 MAIN_ENABLED=1 FREQ_ERROR=-1270 PI_OUTPUT=5 EPOCH=5774 UPDATE_COUNT=2137426
DAC_ID_GATE elapsed_s=77 TRACE_VALID=1 HELPER_LOCKED=0 MAIN_ENABLED=1 FREQ_ERROR=-1270 PI_OUTPUT=5 EPOCH=5774 UPDATE_COUNT=2137426
DAC_ID_GATE elapsed_s=78 TRACE_VALID=1 HELPER_LOCKED=0 MAIN_ENABLED=1 FREQ_ERROR=-1270 PI_OUTPUT=5 EPOCH=5776 UPDATE_COUNT=2137426
DAC_ID_GATE elapsed_s=79 TRACE_VALID=1 HELPER_LOCKED=0 MAIN_ENABLED=1 FREQ_ERROR=-1270 PI_OUTPUT=5 EPOCH=5776 UPDATE_COUNT=2137426
DAC_ID_GATE elapsed_s=79 TRACE_VALID=1 HELPER_LOCKED=0 MAIN_ENABLED=1 FREQ_ERROR=-1270 PI_OUTPUT=5 EPOCH=5776 UPDATE_COUNT=2137426
DAC_ID_GATE elapsed_s=80 TRACE_VALID=1 HELPER_LOCKED=0 MAIN_ENABLED=1 FREQ_ERROR=-1270 PI_OUTPUT=5 EPOCH=5778 UPDATE_COUNT=2137426
DAC_ID_GATE elapsed_s=80 TRACE_VALID=1 HELPER_LOCKED=0 MAIN_ENABLED=1 FREQ_ERROR=-1270 PI_OUTPUT=5 EPOCH=5778 UPDATE_COUNT=2137426
DAC_ID_GATE elapsed_s=81 TRACE_VALID=1 HELPER_LOCKED=0 MAIN_ENABLED=1 FREQ_ERROR=-1270 PI_OUTPUT=5 EPOCH=5778 UPDATE_COUNT=2137426
DAC_ID_GATE elapsed_s=82 TRACE_VALID=1 HELPER_LOCKED=0 MAIN_ENABLED=1 FREQ_ERROR=-1270 PI_OUTPUT=5 EPOCH=5780 UPDATE_COUNT=2137426
DAC_ID_GATE elapsed_s=82 TRACE_VALID=1 HELPER_LOCKED=0 MAIN_ENABLED=1 FREQ_ERROR=-1270 PI_OUTPUT=5 EPOCH=5780 UPDATE_COUNT=2137426
DAC_ID_GATE elapsed_s=83 TRACE_VALID=1 HELPER_LOCKED=0 MAIN_ENABLED=1 FREQ_ERROR=-1270 PI_OUTPUT=5 EPOCH=5780 UPDATE_COUNT=2137426
DAC_ID_GATE elapsed_s=83 TRACE_VALID=1 HELPER_LOCKED=0 MAIN_ENABLED=1 FREQ_ERROR=-1270 PI_OUTPUT=5 EPOCH=5780 UPDATE_COUNT=2137426
DAC_ID_GATE elapsed_s=84 TRACE_VALID=1 HELPER_LOCKED=0 MAIN_ENABLED=1 FREQ_ERROR=-1270 PI_OUTPUT=5 EPOCH=5782 UPDATE_COUNT=2137426
DAC_ID_GATE elapsed_s=84 TRACE_VALID=1 HELPER_LOCKED=0 MAIN_ENABLED=1 FREQ_ERROR=-1270 PI_OUTPUT=5 EPOCH=5782 UPDATE_COUNT=2137426
DAC_ID_GATE elapsed_s=85 TRACE_VALID=1 HELPER_LOCKED=0 MAIN_ENABLED=1 FREQ_ERROR=-1270 PI_OUTPUT=5 EPOCH=5782 UPDATE_COUNT=2137426
DAC_ID_GATE elapsed_s=86 TRACE_VALID=1 HELPER_LOCKED=0 MAIN_ENABLED=1 FREQ_ERROR=-1270 PI_OUTPUT=5 EPOCH=5784 UPDATE_COUNT=2137426
DAC_ID_GATE elapsed_s=86 TRACE_VALID=1 HELPER_LOCKED=0 MAIN_ENABLED=1 FREQ_ERROR=-1270 PI_OUTPUT=5 EPOCH=5784 UPDATE_COUNT=2137426
DAC_ID_GATE elapsed_s=87 TRACE_VALID=1 HELPER_LOCKED=0 MAIN_ENABLED=1 FREQ_ERROR=-1270 PI_OUTPUT=5 EPOCH=5784 UPDATE_COUNT=2137426
DAC_ID_GATE elapsed_s=87 TRACE_VALID=1 HELPER_LOCKED=0 MAIN_ENABLED=1 FREQ_ERROR=-1270 PI_OUTPUT=5 EPOCH=5786 UPDATE_COUNT=2137426
DAC_ID_GATE elapsed_s=88 TRACE_VALID=1 HELPER_LOCKED=0 MAIN_ENABLED=1 FREQ_ERROR=-1270 PI_OUTPUT=5 EPOCH=5786 UPDATE_COUNT=2137426
DAC_ID_GATE elapsed_s=89 TRACE_VALID=1 HELPER_LOCKED=0 MAIN_ENABLED=1 FREQ_ERROR=-1270 PI_OUTPUT=5 EPOCH=5786 UPDATE_COUNT=2137426
DAC_ID_GATE elapsed_s=89 TRACE_VALID=1 HELPER_LOCKED=0 MAIN_ENABLED=1 FREQ_ERROR=-1270 PI_OUTPUT=5 EPOCH=5788 UPDATE_COUNT=2137426
DAC_ID_GATE elapsed_s=90 TRACE_VALID=1 HELPER_LOCKED=0 MAIN_ENABLED=1 FREQ_ERROR=-1270 PI_OUTPUT=5 EPOCH=5788 UPDATE_COUNT=2137426
DAC_ID_GATE elapsed_s=90 TRACE_VALID=1 HELPER_LOCKED=0 MAIN_ENABLED=1 FREQ_ERROR=-1270 PI_OUTPUT=5 EPOCH=5788 UPDATE_COUNT=2137426
DAC_ID_GATE elapsed_s=91 TRACE_VALID=1 HELPER_LOCKED=0 MAIN_ENABLED=1 FREQ_ERROR=-1270 PI_OUTPUT=5 EPOCH=5790 UPDATE_COUNT=2137426
DAC_ID_GATE elapsed_s=92 TRACE_VALID=1 HELPER_LOCKED=0 MAIN_ENABLED=1 FREQ_ERROR=-1270 PI_OUTPUT=5 EPOCH=5790 UPDATE_COUNT=2137426
DAC_ID_GATE elapsed_s=92 TRACE_VALID=1 HELPER_LOCKED=0 MAIN_ENABLED=1 FREQ_ERROR=-1270 PI_OUTPUT=5 EPOCH=5790 UPDATE_COUNT=2137426
DAC_ID_GATE elapsed_s=93 TRACE_VALID=1 HELPER_LOCKED=0 MAIN_ENABLED=1 FREQ_ERROR=-1270 PI_OUTPUT=5 EPOCH=5790 UPDATE_COUNT=2137426
DAC_ID_GATE elapsed_s=93 TRACE_VALID=1 HELPER_LOCKED=0 MAIN_ENABLED=1 FREQ_ERROR=-1270 PI_OUTPUT=5 EPOCH=5792 UPDATE_COUNT=2137426
DAC_ID_GATE elapsed_s=94 TRACE_VALID=1 HELPER_LOCKED=0 MAIN_ENABLED=1 FREQ_ERROR=-1270 PI_OUTPUT=5 EPOCH=5792 UPDATE_COUNT=2137426
DAC_ID_GATE elapsed_s=95 TRACE_VALID=1 HELPER_LOCKED=0 MAIN_ENABLED=1 FREQ_ERROR=-1270 PI_OUTPUT=5 EPOCH=5792 UPDATE_COUNT=2137426
DAC_ID_GATE elapsed_s=95 TRACE_VALID=1 HELPER_LOCKED=0 MAIN_ENABLED=1 FREQ_ERROR=-1270 PI_OUTPUT=5 EPOCH=5794 UPDATE_COUNT=2137426
DAC_ID_GATE elapsed_s=96 TRACE_VALID=1 HELPER_LOCKED=0 MAIN_ENABLED=1 FREQ_ERROR=-1270 PI_OUTPUT=5 EPOCH=5794 UPDATE_COUNT=2137426
DAC_ID_GATE elapsed_s=96 TRACE_VALID=1 HELPER_LOCKED=0 MAIN_ENABLED=1 FREQ_ERROR=-1270 PI_OUTPUT=5 EPOCH=5794 UPDATE_COUNT=2137426
DAC_ID_GATE elapsed_s=97 TRACE_VALID=1 HELPER_LOCKED=0 MAIN_ENABLED=1 FREQ_ERROR=-1270 PI_OUTPUT=5 EPOCH=5796 UPDATE_COUNT=2137426
DAC_ID_GATE elapsed_s=97 TRACE_VALID=1 HELPER_LOCKED=0 MAIN_ENABLED=1 FREQ_ERROR=-1270 PI_OUTPUT=5 EPOCH=5796 UPDATE_COUNT=2137426
DAC_ID_GATE elapsed_s=98 TRACE_VALID=1 HELPER_LOCKED=0 MAIN_ENABLED=1 FREQ_ERROR=-1270 PI_OUTPUT=5 EPOCH=5796 UPDATE_COUNT=2137426
DAC_ID_GATE elapsed_s=99 TRACE_VALID=1 HELPER_LOCKED=0 MAIN_ENABLED=1 FREQ_ERROR=-1270 PI_OUTPUT=5 EPOCH=5798 UPDATE_COUNT=2137426
DAC_ID_GATE elapsed_s=99 TRACE_VALID=1 HELPER_LOCKED=0 MAIN_ENABLED=1 FREQ_ERROR=-1270 PI_OUTPUT=5 EPOCH=5798 UPDATE_COUNT=2137426
DAC_ID_GATE elapsed_s=100 TRACE_VALID=1 HELPER_LOCKED=0 MAIN_ENABLED=1 FREQ_ERROR=-1270 PI_OUTPUT=5 EPOCH=5798 UPDATE_COUNT=2137426
DAC_ID_GATE elapsed_s=100 TRACE_VALID=1 HELPER_LOCKED=0 MAIN_ENABLED=1 FREQ_ERROR=-1270 PI_OUTPUT=5 EPOCH=5798 UPDATE_COUNT=2137426
DAC_ID_GATE elapsed_s=101 TRACE_VALID=1 HELPER_LOCKED=0 MAIN_ENABLED=1 FREQ_ERROR=-1270 PI_OUTPUT=5 EPOCH=5800 UPDATE_COUNT=2137426
DAC_ID_GATE elapsed_s=102 TRACE_VALID=1 HELPER_LOCKED=0 MAIN_ENABLED=1 FREQ_ERROR=-1270 PI_OUTPUT=5 EPOCH=5800 UPDATE_COUNT=2137426
DAC_ID_GATE elapsed_s=102 TRACE_VALID=1 HELPER_LOCKED=0 MAIN_ENABLED=1 FREQ_ERROR=-1270 PI_OUTPUT=5 EPOCH=5800 UPDATE_COUNT=2137426
DAC_ID_GATE elapsed_s=103 TRACE_VALID=1 HELPER_LOCKED=0 MAIN_ENABLED=1 FREQ_ERROR=-1270 PI_OUTPUT=5 EPOCH=5802 UPDATE_COUNT=2137426
DAC_ID_GATE elapsed_s=103 TRACE_VALID=1 HELPER_LOCKED=0 MAIN_ENABLED=1 FREQ_ERROR=-1270 PI_OUTPUT=5 EPOCH=5802 UPDATE_COUNT=2137426
DAC_ID_GATE elapsed_s=104 TRACE_VALID=1 HELPER_LOCKED=0 MAIN_ENABLED=1 FREQ_ERROR=-1270 PI_OUTPUT=5 EPOCH=5802 UPDATE_COUNT=2137426
DAC_ID_GATE elapsed_s=104 TRACE_VALID=1 HELPER_LOCKED=0 MAIN_ENABLED=1 FREQ_ERROR=-1270 PI_OUTPUT=5 EPOCH=5804 UPDATE_COUNT=2137426
DAC_ID_GATE elapsed_s=105 TRACE_VALID=1 HELPER_LOCKED=0 MAIN_ENABLED=1 FREQ_ERROR=-1270 PI_OUTPUT=5 EPOCH=5804 UPDATE_COUNT=2137426
DAC_ID_GATE elapsed_s=106 TRACE_VALID=1 HELPER_LOCKED=0 MAIN_ENABLED=1 FREQ_ERROR=-1270 PI_OUTPUT=5 EPOCH=5804 UPDATE_COUNT=2137426
DAC_ID_GATE elapsed_s=106 TRACE_VALID=1 HELPER_LOCKED=0 MAIN_ENABLED=1 FREQ_ERROR=-1270 PI_OUTPUT=5 EPOCH=5806 UPDATE_COUNT=2137426
DAC_ID_GATE elapsed_s=107 TRACE_VALID=1 HELPER_LOCKED=0 MAIN_ENABLED=1 FREQ_ERROR=-1270 PI_OUTPUT=5 EPOCH=5806 UPDATE_COUNT=2137426
DAC_ID_GATE elapsed_s=107 TRACE_VALID=1 HELPER_LOCKED=0 MAIN_ENABLED=1 FREQ_ERROR=-1270 PI_OUTPUT=5 EPOCH=5806 UPDATE_COUNT=2137426
DAC_ID_GATE elapsed_s=108 TRACE_VALID=1 HELPER_LOCKED=0 MAIN_ENABLED=1 FREQ_ERROR=-1270 PI_OUTPUT=5 EPOCH=5808 UPDATE_COUNT=2137426
DAC_ID_GATE elapsed_s=109 TRACE_VALID=1 HELPER_LOCKED=0 MAIN_ENABLED=1 FREQ_ERROR=-1270 PI_OUTPUT=5 EPOCH=5808 UPDATE_COUNT=2137426
DAC_ID_GATE elapsed_s=109 TRACE_VALID=1 HELPER_LOCKED=0 MAIN_ENABLED=1 FREQ_ERROR=-1270 PI_OUTPUT=5 EPOCH=5808 UPDATE_COUNT=2137426
DAC_ID_GATE elapsed_s=110 TRACE_VALID=1 HELPER_LOCKED=0 MAIN_ENABLED=1 FREQ_ERROR=-1270 PI_OUTPUT=5 EPOCH=5808 UPDATE_COUNT=2137426
DAC_ID_GATE elapsed_s=110 TRACE_VALID=1 HELPER_LOCKED=0 MAIN_ENABLED=1 FREQ_ERROR=-1270 PI_OUTPUT=5 EPOCH=5810 UPDATE_COUNT=2137426
DAC_ID_GATE elapsed_s=111 TRACE_VALID=1 HELPER_LOCKED=0 MAIN_ENABLED=1 FREQ_ERROR=-1270 PI_OUTPUT=5 EPOCH=5810 UPDATE_COUNT=2137426
DAC_ID_GATE elapsed_s=112 TRACE_VALID=1 HELPER_LOCKED=0 MAIN_ENABLED=1 FREQ_ERROR=-1270 PI_OUTPUT=5 EPOCH=5810 UPDATE_COUNT=2137426
DAC_ID_GATE elapsed_s=112 TRACE_VALID=1 HELPER_LOCKED=0 MAIN_ENABLED=1 FREQ_ERROR=-1270 PI_OUTPUT=5 EPOCH=5812 UPDATE_COUNT=2137426
DAC_ID_GATE elapsed_s=113 TRACE_VALID=1 HELPER_LOCKED=0 MAIN_ENABLED=1 FREQ_ERROR=-1270 PI_OUTPUT=5 EPOCH=5812 UPDATE_COUNT=2137426
DAC_ID_GATE elapsed_s=113 TRACE_VALID=1 HELPER_LOCKED=0 MAIN_ENABLED=1 FREQ_ERROR=-1270 PI_OUTPUT=5 EPOCH=5812 UPDATE_COUNT=2137426
DAC_ID_GATE elapsed_s=114 TRACE_VALID=1 HELPER_LOCKED=0 MAIN_ENABLED=1 FREQ_ERROR=-1270 PI_OUTPUT=5 EPOCH=5814 UPDATE_COUNT=2137426
DAC_ID_GATE elapsed_s=115 TRACE_VALID=1 HELPER_LOCKED=0 MAIN_ENABLED=1 FREQ_ERROR=-1270 PI_OUTPUT=5 EPOCH=5814 UPDATE_COUNT=2137426
DAC_ID_GATE elapsed_s=115 TRACE_VALID=1 HELPER_LOCKED=0 MAIN_ENABLED=1 FREQ_ERROR=-1270 PI_OUTPUT=5 EPOCH=5814 UPDATE_COUNT=2137426
DAC_ID_GATE elapsed_s=116 TRACE_VALID=1 HELPER_LOCKED=0 MAIN_ENABLED=1 FREQ_ERROR=-1270 PI_OUTPUT=5 EPOCH=5816 UPDATE_COUNT=2137426
DAC_ID_GATE elapsed_s=116 TRACE_VALID=1 HELPER_LOCKED=0 MAIN_ENABLED=1 FREQ_ERROR=-1270 PI_OUTPUT=5 EPOCH=5816 UPDATE_COUNT=2137426
DAC_ID_GATE elapsed_s=117 TRACE_VALID=1 HELPER_LOCKED=0 MAIN_ENABLED=1 FREQ_ERROR=-1270 PI_OUTPUT=5 EPOCH=5816 UPDATE_COUNT=2137426
DAC_ID_GATE elapsed_s=117 TRACE_VALID=1 HELPER_LOCKED=0 MAIN_ENABLED=1 FREQ_ERROR=-1270 PI_OUTPUT=5 EPOCH=5816 UPDATE_COUNT=2137426
DAC_ID_GATE elapsed_s=118 TRACE_VALID=1 HELPER_LOCKED=0 MAIN_ENABLED=1 FREQ_ERROR=-1270 PI_OUTPUT=5 EPOCH=5818 UPDATE_COUNT=2137426
DAC_ID_GATE elapsed_s=119 TRACE_VALID=1 HELPER_LOCKED=0 MAIN_ENABLED=1 FREQ_ERROR=-1270 PI_OUTPUT=5 EPOCH=5818 UPDATE_COUNT=2137426
DAC_ID_GATE elapsed_s=119 TRACE_VALID=1 HELPER_LOCKED=0 MAIN_ENABLED=1 FREQ_ERROR=-1270 PI_OUTPUT=5 EPOCH=5818 UPDATE_COUNT=2137426
DAC_ID_ERROR board=DE5 [1-11.2] message=DAC_ID_GATE_TIMEOUT helper_locked/main_enabled gate not reached
DAC_ID_DONE
Info (23030): Evaluation of Tcl script scripts/jtag/read_step5_main_dac_direction_identification.tcl was successful
Info: Quartus Prime Signal Tap was successful. 0 errors, 0 warnings
    Info: Peak virtual memory: 677 megabytes
    Info: Processing ended: Wed Sep  2 20:25:06 2026
    Info: Elapsed time: 00:02:01
    Info: System process ID: 3623377
