Info: *******************************************************************
Info: Running Quartus Prime SignalTap II
    Info: Version 17.0.0 Build 595 04/25/2017 SJ Standard Edition
    Info: Copyright (C) 2017  Intel Corporation. All rights reserved.
    Info: Your use of Intel Corporation's design tools, logic functions 
    Info: and other software and tools, and its AMPP partner logic 
    Info: functions, and any output files from any of the foregoing 
    Info: (including device programming or simulation files), and any 
    Info: associated documentation or information are expressly subject 
    Info: to the terms and conditions of the Intel Program License 
    Info: Subscription Agreement, the Intel Quartus Prime License Agreement,
    Info: the Intel MegaCore Function License Agreement, or other 
    Info: applicable license agreement, including, without limitation, 
    Info: that your use is for the sole purpose of programming logic 
    Info: devices manufactured by Intel and sold by Intel or its 
    Info: authorized distributors.  Please refer to the applicable 
    Info: agreement for further details.
    Info: Processing started: Wed Sep 30 08:02:44 2026
Info: Command: quartus_stp -t /home/b10504072/04_WR/scripts/jtag/read_step1_6_dashboard.tcl 2000
Info: Quartus(args): 2000
DASHBOARD_CONFIG observation_gap_ms=2000 reference_clock_hz=125000000 read_only=1

============================================================
White Rabbit Runtime 診斷：DE5 [1-11.1]
============================================================

## [Step 1] PHY / 光纖 Link
[pass] si_config_done           結果: 1/1
[pass] wr_ready                 結果: 1/1
[pass] core_tm_link_up          結果: 1/1
[pass] core_link_ok             結果: 1/1
[pass] wr_rx_ready              結果: 1/1
[pass] wr_tx_ready              結果: 1/1
[pass] core_phy_rst             結果: 0/0
[pass] si_id_error              結果: 0/0
[pass] wr_rx_enc_err            結果: 0/0
[pass] wr_tx_enc_err            結果: 0/0
[pass] CPU_RESET_n              結果: 1/1
[pass] wr_rx_locked_to_data     結果: 1/1
[info] wr_rx_locked_to_ref      結果: 0/NA
[info] MOD_PRS_n                結果: 0/NA
[info] INTERRUPT_n              結果: 1/NA
Step 1 pass

## [Step 2] Endpoint / MiniNIC / PTP
[pass] EP_MAC_H/EP_MAC_L        結果: 02:00:22:33:44:01/02:00:22:33:44:01
[pass] WDIAGS_MODE              結果: 2 MASTER/2 MASTER
[pass] WDIAGS_PTP               結果: 6 MASTER (raw=01014106)/6 MASTER
[pass] WDIAGS_PTP_RX            結果: Δ=5/Δ>0
[pass] WDIAGS_PTP_TX            結果: Δ=12/Δ>0
[pass] WDIAGS_TX                結果: Δ=16/Δ>0
[pass] WDIAGS_RX                結果: Δ=8/Δ>0
[pass] WDIAGS_RXERR             結果: Δ=0/Δ=0
Step 2 pass

## [Step 3] WR Parent / Signaling
Step 3 NA

## [Step 4A] Master SoftPLL Event Chain
[pass] DMTD_REF_ACCEPT_EVENT    結果: Δ=11905/Δ>=0
[pass] DMTD_FB_ACCEPT_EVENT     結果: Δ=11906/Δ>=0
[pass] DMTD_ACCEPT              結果: Δ=23811/Δ>0
[pass] SPLL_TAG_VALID_COUNT     結果: Δ=23827/Δ>0
[pass] SPLL_TRR_WRITE_COUNT     結果: Δ=23830/Δ>0
[pass] WRPC_SPLL_TRR_POP_COUNT  結果: Δ=24016/Δ>0
[pass] WDIAGS_IRQ_COUNT         結果: Δ=24016/Δ>0
[pass] WDIAGS_HELPER_UPDATE_COUNT 結果: Δ=12008/Δ>0
[pass] BOOT_GENERATION          結果: Δ=0/Δ=0
[pass] CPU_RESET_COUNT          結果: Δ=0/Δ=0
[pass] WR_CORE_RESET_COUNT      結果: Δ=0/Δ=0
[pass] SI_CONFIG_DROP_COUNT     結果: Δ=0/Δ=0
STEP4A_MASTER_EVENT_CHAIN = PASS
Step 4 pass

## [Step 5] Closed-loop Lock
STEP5_RESULT = NOT_APPLICABLE_MASTER
STEP5_FIRST_INACTIVE_BOUNDARY = SLAVE_ONLY
Step 5 NA (Step5 closed-loop gate is for Slave)

## [Step 6] Global Time
Step 6 NA

============================================================
White Rabbit Runtime 診斷：DE5 [1-11.1]
============================================================
Step 1 PHY / Link             pass
Step 2 Endpoint / PTP         pass
Step 3 WR Handshake           NA
Step 4 Step4A Master Event Chain pass
Step 5 Closed-loop Lock       NA
Step 6 Global Time            NA
============================================================
DASHBOARD_BOARD board=DE5_1-11.1 role=MASTER | Step1=PASS Step2=PASS Step3=INFO Step4=PASS Step5=INFO Step6=PASS | HelperLock=NA MainFreq=NA MainPhase=NA MainLock=NA PSTAT=NA WR_SERVO_STATE=NA WR_SERVO_OFFSET_PS=NA WR_PHASE_OFFSET_OK=1 | Link=1 TM=1 RX=1 TX=1 STATUS_TIME_VALID=1 STATUS_PPS_VALID=1 TIME_VALID=1 PPS_VALID=1 SNAPSHOT_VALID=1 SNAPSHOT_STABLE=1 SNAPSHOT_COUNT=306 | TAI=305 CYCLES=124999999 | PPS_CR=20000006 PPS_CR_ENABLE=0 PPS_ESCR=268 ESCR_TM_VALID=1 ESCR_PPS_VALID=1 | Step5Result=NOT_APPLICABLE_MASTER

============================================================
White Rabbit Runtime 診斷：DE5 [1-11.2]
============================================================

## [Step 1] PHY / 光纖 Link
[pass] si_config_done           結果: 1/1
[pass] wr_ready                 結果: 1/1
[pass] core_tm_link_up          結果: 1/1
[pass] core_link_ok             結果: 1/1
[pass] wr_rx_ready              結果: 1/1
[pass] wr_tx_ready              結果: 1/1
[pass] core_phy_rst             結果: 0/0
[pass] si_id_error              結果: 0/0
[pass] wr_rx_enc_err            結果: 0/0
[pass] wr_tx_enc_err            結果: 0/0
[pass] CPU_RESET_n              結果: 1/1
[pass] wr_rx_locked_to_data     結果: 1/1
[info] wr_rx_locked_to_ref      結果: 0/NA
[info] MOD_PRS_n                結果: 0/NA
[info] INTERRUPT_n              結果: 1/NA
Step 1 pass

## [Step 2] Endpoint / MiniNIC / PTP
[pass] EP_MAC_H/EP_MAC_L        結果: 02:00:22:33:44:02/02:00:22:33:44:02
[pass] WDIAGS_MODE              結果: 3 SLAVE/3 SLAVE
[pass] WDIAGS_PTP               結果: 9 SLAVE (raw=00004109)/9 SLAVE
[pass] WDIAGS_PTP_RX            結果: Δ=13/Δ>0
[pass] WDIAGS_PTP_TX            結果: Δ=6/Δ>0
[pass] WDIAGS_TX                結果: Δ=9/Δ>0
[pass] WDIAGS_RX                結果: Δ=16/Δ>0
[pass] WDIAGS_RXERR             結果: Δ=0/Δ=0
Step 2 pass

## [Step 3] WR Parent / Signaling
[pass] WDIAGS_FOREIGN_META      結果: 1/1
[pass] WDIAGS_FOREIGN_META      結果: 0/0
[info] WDIAGS_FOREIGN_META      結果: detection=0 config=3/NA
[pass] parentIsWRnode           結果: 1/1
[info] parentWrModeOn           結果: 1/NA
[pass] parentCalibrated         結果: 1/1
[info] WR_RX_SIGNAL_DEBUG       結果: WR_MODE_ON count=4/NA
[info] WR_TX_SIGNAL_DEBUG       結果: CALIBRATED count=4/NA
[info] WDIAGS_TEMP              結果: WRS_IDLE next=WRS_IDLE/NA
[pass] LOCK_ENABLE              結果: 1/> 0
Step 3 pass

## [Step 4B] Slave SoftPLL Startup
[pass] LOCK_ENABLE_COUNT        結果: 1/> 0
[pass] SPLL_MODE                結果: 3 (SPLL_MODE_SLAVE)/3 SPLL_MODE_SLAVE
[pass] SPLL_SEQ_STATE           結果: 8 (SEQ_READY)/active, not 0/7
[pass] SPLL_STATE_VISIT_MASK    結果: 0x00000778/> 0
[pass] SPLL_INIT_COUNT          結果: 1/> 0
[pass] RCER                     結果: 0x00000001/> 0
[pass] OCER                     結果: 0x057A9301/> 0
[info] SPLL_ALIGN_STATE         結果: 0/NA
[info] SPLL_STATE_TRANSITIONS   結果: 0x00000006/NA
[info] SPLL_LAST_STATE          結果: 8 (SEQ_READY)/NA
[info] OCCR                     結果: 0xB8010120/NA
[pass] DMTD_REF_ACCEPT_EVENT    結果: Δ=11569/Δ>=0
[pass] DMTD_FB_ACCEPT_EVENT     結果: Δ=11569/Δ>=0
[pass] DMTD_ACCEPT              結果: Δ=23138/Δ>0
[pass] SPLL_TAG_VALID_COUNT     結果: Δ=23139/Δ>0
[pass] SPLL_TRR_WRITE_COUNT     結果: Δ=23140/Δ>0
[pass] WRPC_SPLL_TRR_POP_COUNT  結果: Δ=22887/Δ>0
[pass] WDIAGS_IRQ_COUNT         結果: Δ=22887/Δ>0
[pass] WDIAGS_HELPER_UPDATE_COUNT 結果: Δ=11444/Δ>0
[pass] BOOT_GENERATION          結果: Δ=0/Δ=0
[pass] CPU_RESET_COUNT          結果: Δ=0/Δ=0
[pass] WR_CORE_RESET_COUNT      結果: Δ=0/Δ=0
[pass] SI_CONFIG_DROP_COUNT     結果: Δ=0/Δ=0
STEP4B_ALLOWED = YES
STEP4B_RESULT = PASS
STEP4B_FIRST_INACTIVE_BOUNDARY = ACTIVE
Step 4B pass
Step 4 pass

## [Step 5] Closed-loop Lock
STEP5_LOCKDET_BEFORE: HELPER locked=1 changed=0 cnt=1000/1000 threshold=2000 ref_src=0 MAIN enabled=1 locked=1 freq=1 phase=1 freq_cnt=50/50 phase_cnt=1000/1000 PSTAT_locked=1
STEP5_LOCKDET_AFTER: HELPER locked=1 changed=0 cnt=1000/1000 threshold=2000 ref_src=0 MAIN enabled=1 locked=1 freq=1 phase=1 freq_cnt=50/50 phase_cnt=1000/1000 PSTAT_locked=1
[pass] WDIAGS_PSTAT             結果: 1/1
STEP5_RESULT = LOCK_ACQUIRED_NOT_STABLE
STEP5_FIRST_INACTIVE_BOUNDARY = STABILITY_WINDOW
Step 5 NA (single window is not stable-lock proof)

## [Step 6] Global Time
Step 6 NA

============================================================
White Rabbit Runtime 診斷：DE5 [1-11.2]
============================================================
Step 1 PHY / Link             pass
Step 2 Endpoint / PTP         pass
Step 3 WR Handshake           pass
Step 4 Step4B Slave SoftPLL Startup pass
Step 5 Closed-loop Lock       NA
Step 6 Global Time            NA
============================================================
DASHBOARD_BOARD board=DE5_1-11.2 role=SLAVE | Step1=PASS Step2=PASS Step3=PASS Step4=PASS Step5=INFO Step6=INFO | HelperLock=1 MainFreq=1 MainPhase=1 MainLock=1 PSTAT=1 WR_SERVO_STATE=SYNC_PHASE WR_SERVO_OFFSET_PS=197 WR_PHASE_OFFSET_OK=0 | Link=1 TM=1 RX=1 TX=1 STATUS_TIME_VALID=1 STATUS_PPS_VALID=1 TIME_VALID=1 PPS_VALID=1 SNAPSHOT_VALID=1 SNAPSHOT_STABLE=1 SNAPSHOT_COUNT=16 | TAI=309 CYCLES=124999999 | PPS_CR=20000006 PPS_CR_ENABLE=0 PPS_ESCR=268 ESCR_TM_VALID=1 ESCR_PPS_VALID=1 | Step5Result=LOCK_ACQUIRED_NOT_STABLE
DASHBOARD_DONE
Info (23030): Evaluation of Tcl script /home/b10504072/04_WR/scripts/jtag/read_step1_6_dashboard.tcl was successful
Info: Quartus Prime SignalTap II was successful. 0 errors, 0 warnings
    Info: Peak virtual memory: 776 megabytes
    Info: Processing ended: Wed Sep 30 08:02:53 2026
    Info: Elapsed time: 00:00:09
    Info: Total CPU time (on all processors): 00:00:00
