Info: *******************************************************************
Info: Running Quartus Prime Signal Tap
    Info: Version 21.3.0 Build 170 09/23/2021 SC Pro Edition
    Info: Copyright (C) 2021  Intel Corporation. All rights reserved.
    Info: Your use of Intel Corporation's design tools, logic functions 
    Info: and other software and tools, and any partner logic 
    Info: functions, and any output files from any of the foregoing 
    Info: (including device programming or simulation files), and any 
    Info: associated documentation or information are expressly subject 
    Info: to the terms and conditions of the Intel Program License 
    Info: Subscription Agreement, the Intel Quartus Prime License Agreement,
    Info: the Intel FPGA IP License Agreement, or other applicable license
    Info: agreement, including, without limitation, that your use is for
    Info: the sole purpose of programming logic devices manufactured by
    Info: Intel and sold by Intel or its authorized distributors.  Please
    Info: refer to the applicable agreement for further details, at
    Info: https://fpgasoftware.intel.com/eula.
    Info: Processing started: Sun Aug 30 04:00:35 2026
    Info: System process ID: 579325
Info: Command: quartus_stp -t scripts/jtag/read_wb_runtime.tcl --raw
Info: Quartus(args): --raw
RAW mailbox completion toggle wb_sync_toggle=0

============================================================
White Rabbit Runtime 診斷：DE5 [1-11.1]
============================================================

## [Step 1] PHY / 光纖 Link
[pass] si_config_done           結果: 1/1
[pass] wr_ready                 結果: 1/1
[pass] core_tm_link_up          結果: 1/1
[pass] core_link_ok             結果: 1/1
[pass] wr_rx_ready              結果: 1/1
[pass] wr_tx_ready              結果: 1/1
[pass] core_phy_rst             結果: 0/0
[pass] si_id_error              結果: 0/0
[pass] wr_rx_enc_err            結果: 0/0
[pass] wr_tx_enc_err            結果: 0/0
[pass] CPU_RESET_n              結果: 1/1
[pass] wr_rx_locked_to_data     結果: 1/1
[info] wr_rx_locked_to_ref      結果: 1/NA
[info] MOD_PRS_n                結果: 0/NA
[info] INTERRUPT_n              結果: 1/NA
Step 1 pass

## [Step 2] Endpoint / MiniNIC / PTP
[pass] EP_MAC_H/EP_MAC_L        結果: 02:00:22:33:44:01/02:00:22:33:44:01
[pass] WDIAGS_MODE              結果: 2 MASTER/2 MASTER
[pass] WDIAGS_PTP               結果: 6 MASTER (raw=01014106)/6 MASTER
[pass] WDIAGS_PTP_RX            結果: Δ=10/Δ>0
RAW WDIAGS_PTP_RX            before=0x00000474 after=0x0000047E delta=10
[pass] WDIAGS_PTP_TX            結果: Δ=23/Δ>0
RAW WDIAGS_PTP_TX            before=0x00000A0D after=0x00000A24 delta=23
[pass] WDIAGS_TX                結果: Δ=33/Δ>0
RAW WDIAGS_TX                before=0x00000CF8 after=0x00000D19 delta=33
[pass] WDIAGS_RX                結果: Δ=17/Δ>0
RAW WDIAGS_RX                before=0x000006C2 after=0x000006D3 delta=17
[pass] WDIAGS_RXERR             結果: Δ=0/Δ=0
RAW WDIAGS_RXERR             before=0x00000000 after=0x00000000 delta=0
Step 2 pass

## [Step 3] WR Parent / Signaling
Step 3 NA

## [Step 4A] Master SoftPLL Event Chain
[pass] DMTD_REF_ACCEPT_EVENT    結果: Δ=21645/Δ>=0
RAW DMTD_REF_ACCEPT_EVENT    before=0x002B229C after=0x002B7729 delta=21645
[pass] DMTD_FB_ACCEPT_EVENT     結果: Δ=22239/Δ>=0
RAW DMTD_FB_ACCEPT_EVENT     before=0x00666FFC after=0x0066C6DB delta=22239
[pass] DMTD_ACCEPT              結果: Δ=43884/Δ>0
[pass] SPLL_TAG_VALID_COUNT     結果: Δ=22240/Δ>0
RAW SPLL_TAG_VALID_COUNT     before=0x00273026 after=0x00278706 delta=22240
[pass] SPLL_TRR_WRITE_COUNT     結果: Δ=22239/Δ>0
RAW SPLL_TRR_WRITE_COUNT     before=0x0027303D after=0x0027871C delta=22239
[pass] WRPC_SPLL_TRR_POP_COUNT  結果: Δ=24004/Δ>0
RAW WRPC_SPLL_TRR_POP_COUNT  before=0x00272306 after=0x002780CA delta=24004
[pass] WDIAGS_IRQ_COUNT         結果: Δ=24004/Δ>0
RAW WDIAGS_IRQ_COUNT         before=0x00272306 after=0x002780CA delta=24004
[pass] WDIAGS_HELPER_UPDATE_COUNT 結果: Δ=24004/Δ>0
RAW WDIAGS_HELPER_UPDATE_COUNT before=0x00272306 after=0x002780CA delta=24004
[pass] BOOT_GENERATION          結果: Δ=0/Δ=0
RAW BOOT_GENERATION          before=0x00000001 after=0x00000001 delta=0
[pass] CPU_RESET_COUNT          結果: Δ=0/Δ=0
RAW CPU_RESET_COUNT          before=0x00000001 after=0x00000001 delta=0
[pass] WR_CORE_RESET_COUNT      結果: Δ=0/Δ=0
RAW WR_CORE_RESET_COUNT      before=0x00000001 after=0x00000001 delta=0
[pass] SI_CONFIG_DROP_COUNT     結果: Δ=0/Δ=0
RAW SI_CONFIG_DROP_COUNT     before=0x00000001 after=0x00000001 delta=0
STEP4A_MASTER_EVENT_CHAIN = PASS
Step 4 pass

## [Step 5] Closed-loop Lock
STEP5_RESULT = NOT_APPLICABLE_MASTER
STEP5_FIRST_INACTIVE_BOUNDARY = SLAVE_ONLY
Step 5 NA (Step5 closed-loop gate is for Slave)

## [Step 6] Global Time
Step 6 NA

============================================================
White Rabbit Runtime 診斷：DE5 [1-11.1]
============================================================
Step 1 PHY / Link             pass
Step 2 Endpoint / PTP         pass
Step 3 WR Handshake           NA
Step 4 Step4A Master Event Chain pass
Step 5 Closed-loop Lock       NA
Step 6 Global Time            NA
STEP1_REGRESSION = PASS
STEP2_REGRESSION = PASS
STEP3_REGRESSION = PASS
STEP4A_RESULT = PASS
STEP5_RESULT = NOT_APPLICABLE_MASTER
STEP5_FIRST_INACTIVE_BOUNDARY = SLAVE_ONLY
FAILURE_CLASSIFICATION = NO_FAILURE_EVIDENCE
============================================================

================ RAW_SNAPSHOT ================
RAW_SNAPSHOT board=DE5 [1-11.1] label=before
  status           = F12CF84123D082FF
  cpu              = 0000007C00003E0C
  marker           = 000000010000B004
  store            = 000000000001E1EC
  store_count      = 00000000936E6622
  exception        = 8000000B00003E28
  clock            = 003859AA461A9494
  boot_generation  = 00000001
  cpu_reset_count  = 00000001
  wr_core_reset_count = 00000001
  si_config_drop_count = 00000001
  pps_cr           = 01312D06
  pps_escr         = 0000020C
  ep_mach          = 02000200
  ep_macl          = 22334401
  ep_dsr           = 42000000
  ptp              = 01014106
  ptp_rx           = 00000474
  ptp_tx           = 00000A0D
  ptp_meta         = 02020406
  tx               = 00000CF8
  rx               = 000006C2
  rxerr            = 00000000
  ptp_types        = 01010101
  foreign_meta     = 0000FF00
  filter_meta      = 00000000
  parse_meta       = 0001015F
  wr_rx_signal     = 10000001
  wr_tx_signal     = 10010004
  wr_failure       = 01030001
  wr_state         = A0000064
  wr_reject        = 00000000
  pstat            = 00000001
  sstat            = 00000000
  sec_h            = 00000000
  sec_l            = 00000281
  ns               = 0B34E6F8
  lock_enable      = 00000000
  lock_result      = 00000000
  lock_polls       = 00000000
  lock_unlocked    = 00000000
  lock_calibration_fail = 00000000
  spll_state       = 00020004
  spll_ocer        = 8C3F8201
  spll_rcer        = 00000000
  spll_occr        = AC000111
  spll_trr_csr     = A37E8530
  spll_dac_hpll    = A37E8530
  spll_dac_main    = 00000012
  spll_helper_state = 00000100
  spll_helper_limits = 271000C8
  spll_main_state  = 00000000
  spll_main_limits = 00320032
  spll_main_phase_limits = 03E804B0
  spll_state_visit_mask = 00000618
  spll_state_transitions = 00000003
  spll_last_state  = 00000004
  spll_init_count  = 00000001
  dmtd_ref         = 002B229C
  dmtd_fb          = 00666FFC
  dmtd_ref_high_qual_abort = 0369A962
  dmtd_fb_high_qual_abort = 015A82F6
  tag_valid        = 00273026
  trr_write        = 0027303D
  irq              = 00272306
  helper_update    = 00272306
  spll_helper_error = FFFDB610
  spll_helper_output = 0000FFFB
  eic_isr          = FFFF0000
  current_tics     = 0009CD3F
RAW_SNAPSHOT board=DE5 [1-11.1] label=after
  status           = E12CF86333BC82FF
  cpu              = 0000007C000185A4
  marker           = 000000010000B004
  store            = 0000007E0001E24C
  store_count      = 0000000094C27C91
  exception        = 8000000B0000878C
  clock            = 002CB955A51CF444
  boot_generation  = 00000001
  cpu_reset_count  = 00000001
  wr_core_reset_count = 00000001
  si_config_drop_count = 00000001
  pps_cr           = 01312D06
  pps_escr         = 0000020C
  ep_mach          = 02000200
  ep_macl          = 22334401
  ep_dsr           = 42000000
  ptp              = 01014106
  ptp_rx           = 0000047E
  ptp_tx           = 00000A24
  ptp_meta         = 02020406
  tx               = 00000D19
  rx               = 000006D3
  rxerr            = 00000000
  ptp_types        = 01010101
  foreign_meta     = 0000FF00
  filter_meta      = 00000000
  parse_meta       = 00010173
  wr_rx_signal     = 10000001
  wr_tx_signal     = 10010004
  wr_failure       = 01030001
  wr_state         = A0000064
  wr_reject        = 00000000
  pstat            = 00000001
  sstat            = 00000000
  sec_h            = 00000000
  sec_l            = 00000287
  ns               = 0B3C33D8
  lock_enable      = 00000000
  lock_result      = 00000000
  lock_polls       = 00000000
  lock_unlocked    = 00000000
  lock_calibration_fail = 00000000
  spll_state       = 00020004
  spll_ocer        = E475DE01
  spll_rcer        = 00000000
  spll_occr        = B400015B
  spll_trr_csr     = 002680CA
  spll_dac_hpll    = D033814A
  spll_dac_main    = 00000012
  spll_helper_state = 00000100
  spll_helper_limits = 271000C8
  spll_main_state  = 00000000
  spll_main_limits = 00320032
  spll_main_phase_limits = 03E804B0
  spll_state_visit_mask = 00000618
  spll_state_transitions = 00000003
  spll_last_state  = 00000004
  spll_init_count  = 00000001
  dmtd_ref         = 002B7729
  dmtd_fb          = 0066C6DB
  dmtd_ref_high_qual_abort = 036D723C
  dmtd_fb_high_qual_abort = 015D8686
  tag_valid        = 00278706
  trr_write        = 0027871C
  irq              = 002780CA
  helper_update    = 002780CA
  spll_helper_error = FFFDB610
  spll_helper_output = 0000FFFB
  eic_isr          = FFFF0000
  current_tics     = 0009E4AF
RAW mailbox completion toggle wb_sync_toggle=0

============================================================
White Rabbit Runtime 診斷：DE5 [1-11.2]
============================================================

## [Step 1] PHY / 光纖 Link
[pass] si_config_done           結果: 1/1
[pass] wr_ready                 結果: 1/1
[pass] core_tm_link_up          結果: 1/1
[pass] core_link_ok             結果: 1/1
[pass] wr_rx_ready              結果: 1/1
[pass] wr_tx_ready              結果: 1/1
[pass] core_phy_rst             結果: 0/0
[pass] si_id_error              結果: 0/0
[pass] wr_rx_enc_err            結果: 0/0
[pass] wr_tx_enc_err            結果: 0/0
[pass] CPU_RESET_n              結果: 1/1
[pass] wr_rx_locked_to_data     結果: 1/1
[info] wr_rx_locked_to_ref      結果: 0/NA
[info] MOD_PRS_n                結果: 0/NA
[info] INTERRUPT_n              結果: 1/NA
Step 1 pass

## [Step 2] Endpoint / MiniNIC / PTP
[pass] EP_MAC_H/EP_MAC_L        結果: 02:00:22:33:44:02/02:00:22:33:44:02
[pass] WDIAGS_MODE              結果: 3 SLAVE/3 SLAVE
[pass] WDIAGS_PTP               結果: 9 SLAVE (raw=00004109)/9 SLAVE
[pass] WDIAGS_PTP_RX            結果: Δ=27/Δ>0
RAW WDIAGS_PTP_RX            before=0x00000484 after=0x0000049F delta=27
[pass] WDIAGS_PTP_TX            結果: Δ=2/Δ>0
RAW WDIAGS_PTP_TX            before=0x000000E3 after=0x000000E5 delta=2
[pass] WDIAGS_TX                結果: Δ=18/Δ>0
RAW WDIAGS_TX                before=0x0000033A after=0x0000034C delta=18
[pass] WDIAGS_RX                結果: Δ=32/Δ>0
RAW WDIAGS_RX                before=0x0000058D after=0x000005AD delta=32
[pass] WDIAGS_RXERR             結果: Δ=0/Δ=0
RAW WDIAGS_RXERR             before=0x00000000 after=0x00000000 delta=0
Step 2 pass

## [Step 3] WR Parent / Signaling
[pass] WDIAGS_FOREIGN_META      結果: 1/1
[pass] WDIAGS_FOREIGN_META      結果: 0/0
[info] WDIAGS_FOREIGN_META      結果: detection=0 config=3/NA
[pass] parentIsWRnode           結果: 1/1
[info] parentWrModeOn           結果: 0/NA
[pass] parentCalibrated         結果: 1/1
[pass] WR_RX_SIGNAL_DEBUG       結果: LOCK count=1/LOCK 0x1001,count>0
[pass] WR_TX_SIGNAL_DEBUG       結果: SLAVE_PRESENT count=1/SLAVE_PRESENT 0x1000,count>0
[info] WDIAGS_TEMP              結果: WRS_IDLE next=WRS_IDLE POST_STEP3_TIMEOUT/NA
[pass] LOCK_ENABLE              結果: 4/> 0
[info] WR_FAILURE_DEBUG         結果: TIMEOUT last_fail_state=WRS_S_LOCK failure_count=1/NA
Step 3 pass

## [Step 4B] Slave SoftPLL Startup
[pass] LOCK_ENABLE_COUNT        結果: 4/> 0
[pass] SPLL_MODE                結果: 3 (SPLL_MODE_SLAVE)/3 SPLL_MODE_SLAVE
[pass] SPLL_SEQ_STATE           結果: 4 (SEQ_WAIT_HELPER)/active, not 0/7
[pass] SPLL_STATE_VISIT_MASK    結果: 0x00000618/> 0
[pass] SPLL_INIT_COUNT          結果: 4/> 0
[pass] RCER                     結果: 0x00000001/> 0
[pass] OCER                     結果: 0x941C8201/> 0
[info] SPLL_ALIGN_STATE         結果: 0/NA
[info] SPLL_STATE_TRANSITIONS   結果: 0x00000003/NA
[info] SPLL_LAST_STATE          結果: 4 (SEQ_WAIT_HELPER)/NA
[info] OCCR                     結果: 0x7A0001A6/NA
[pass] DMTD_REF_ACCEPT_EVENT    結果: Δ=22762/Δ>=0
RAW DMTD_REF_ACCEPT_EVENT    before=0x02484C0F after=0x0248A4F9 delta=22762
[pass] DMTD_FB_ACCEPT_EVENT     結果: Δ=3909861/Δ>=0
RAW DMTD_FB_ACCEPT_EVENT     before=0x02484C26 after=0x0283F50B delta=3909861
[pass] DMTD_ACCEPT              結果: Δ=3932623/Δ>0
[pass] SPLL_TAG_VALID_COUNT     結果: Δ=44923/Δ>0
RAW SPLL_TAG_VALID_COUNT     before=0x0021602C after=0x00220FA7 delta=44923
[pass] SPLL_TRR_WRITE_COUNT     結果: Δ=44921/Δ>0
RAW SPLL_TRR_WRITE_COUNT     before=0x0021605B after=0x00220FD4 delta=44921
[pass] WRPC_SPLL_TRR_POP_COUNT  結果: Δ=48646/Δ>0
RAW WRPC_SPLL_TRR_POP_COUNT  before=0x00214FF2 after=0x00220DF8 delta=48646
[pass] WDIAGS_IRQ_COUNT         結果: Δ=47747/Δ>0
RAW WDIAGS_IRQ_COUNT         before=0x0020AABA after=0x0021653D delta=47747
[pass] WDIAGS_HELPER_UPDATE_COUNT 結果: Δ=24643/Δ>0
RAW WDIAGS_HELPER_UPDATE_COUNT before=0x000D2E85 after=0x000D8EC8 delta=24643
[pass] BOOT_GENERATION          結果: Δ=0/Δ=0
RAW BOOT_GENERATION          before=0x00000001 after=0x00000001 delta=0
[pass] CPU_RESET_COUNT          結果: Δ=0/Δ=0
RAW CPU_RESET_COUNT          before=0x00000001 after=0x00000001 delta=0
[pass] WR_CORE_RESET_COUNT      結果: Δ=0/Δ=0
RAW WR_CORE_RESET_COUNT      before=0x00000001 after=0x00000001 delta=0
[pass] SI_CONFIG_DROP_COUNT     結果: Δ=0/Δ=0
RAW SI_CONFIG_DROP_COUNT     before=0x00000001 after=0x00000001 delta=0
STEP4B_ALLOWED = YES
STEP4B_RESULT = PASS
STEP4B_FIRST_INACTIVE_BOUNDARY = ACTIVE
Step 4B pass
Step 4 pass

## [Step 5] Closed-loop Lock
STEP5_LOCKDET_BEFORE: HELPER locked=0 changed=0 cnt=0/10000 threshold=200 ref_src=0 MAIN enabled=0 locked=0 freq=0 phase=0 freq_cnt=0/50 phase_cnt=0/1000 PSTAT_locked=0
STEP5_LOCKDET_AFTER: HELPER locked=0 changed=0 cnt=0/10000 threshold=200 ref_src=0 MAIN enabled=0 locked=0 freq=0 phase=0 freq_cnt=0/50 phase_cnt=0/1000 PSTAT_locked=0
[error] WDIAGS_PSTAT             結果: 0/1
STEP5_RESULT = NEVER_LOCKED
STEP5_FIRST_INACTIVE_BOUNDARY = HELPER_LOCK
Step 5 NA (single window is not stable-lock proof)

## [Step 6] Global Time
Step 6 NA

============================================================
White Rabbit Runtime 診斷：DE5 [1-11.2]
============================================================
Step 1 PHY / Link             pass
Step 2 Endpoint / PTP         pass
Step 3 WR Handshake           pass
Step 4 Step4B Slave SoftPLL Startup pass
Step 5 Closed-loop Lock       NA
Step 6 Global Time            NA
STEP1_REGRESSION = PASS
STEP2_REGRESSION = PASS
STEP3_REGRESSION = PASS
STEP4B_ALLOWED = YES
STEP4B_RESULT = PASS
STEP4B_FIRST_INACTIVE_BOUNDARY = ACTIVE
STEP5_RESULT = NEVER_LOCKED
STEP5_FIRST_INACTIVE_BOUNDARY = HELPER_LOCK
FAILURE_CLASSIFICATION = NO_FAILURE_EVIDENCE
============================================================

================ RAW_SNAPSHOT ================
RAW_SNAPSHOT board=DE5 [1-11.2] label=before
  status           = C410886135BC82CF
  cpu              = 0000007C0000BAA0
  marker           = 000000010000B004
  store            = 000000000001E18C
  store_count      = 00000000413DA5A4
  exception        = 8000000B00003DF4
  clock            = 002852862EA44F0A
  boot_generation  = 00000001
  cpu_reset_count  = 00000001
  wr_core_reset_count = 00000001
  si_config_drop_count = 00000001
  pps_cr           = 01312D02
  pps_escr         = 00000200
  ep_mach          = 02000200
  ep_macl          = 22334402
  ep_dsr           = 42000000
  ptp              = 00004109
  ptp_rx           = 00000484
  ptp_tx           = 000000E3
  ptp_meta         = 03020409
  tx               = 0000033A
  rx               = 0000058D
  rxerr            = 00000000
  ptp_types        = 04038203
  foreign_meta     = 03000001
  filter_meta      = 00000000
  parse_meta       = 050182BF
  wr_rx_signal     = 10010001
  wr_tx_signal     = 10000001
  wr_failure       = 02020001
  wr_state         = A000035C
  wr_reject        = 00000000
  pstat            = 00000001
  sstat            = 00000001
  sec_h            = 00000000
  sec_l            = 00000287
  ns               = 30D91028
  lock_enable      = 00000004
  lock_result      = 00000001
  lock_polls       = 000D4F58
  lock_unlocked    = 000D4F58
  lock_calibration_fail = 00000000
  spll_state       = 00030004
  spll_ocer        = 4A473201
  spll_rcer        = 00000001
  spll_occr        = 730001C3
  spll_trr_csr     = 00224EF2
  spll_dac_hpll    = B0D82E14
  spll_dac_main    = 00000007
  spll_helper_state = 00000000
  spll_helper_limits = 271000C8
  spll_main_state  = 00000000
  spll_main_limits = 00320032
  spll_main_phase_limits = 03E804B0
  spll_state_visit_mask = 00000618
  spll_state_transitions = 00000003
  spll_last_state  = 00000004
  spll_init_count  = 00000004
  dmtd_ref         = 02484C0F
  dmtd_fb          = 02484C26
  dmtd_ref_high_qual_abort = 003E843E
  dmtd_fb_high_qual_abort = 00091503
  tag_valid        = 0021602C
  trr_write        = 0021605B
  irq              = 0020AABA
  helper_update    = 000D2E85
  spll_helper_error = FFFDB610
  spll_helper_output = 0000FFFB
  eic_isr          = FFFF0000
  current_tics     = 00040C2E
RAW_SNAPSHOT board=DE5 [1-11.2] label=after
  status           = C4108841255082EF
  cpu              = 0000007C00018594
  marker           = 000000010000B004
  store            = 000D567B0001E0FC
  store_count      = 000000004298A554
  exception        = 8000000B0001858C
  clock            = 0029A1487CB49DC7
  boot_generation  = 00000001
  cpu_reset_count  = 00000001
  wr_core_reset_count = 00000001
  si_config_drop_count = 00000001
  pps_cr           = 01312D06
  pps_escr         = 00000200
  ep_mach          = 02000200
  ep_macl          = 22334402
  ep_dsr           = 42000000
  ptp              = 00004109
  ptp_rx           = 0000049F
  ptp_tx           = 000000E5
  ptp_meta         = 03020409
  tx               = 0000034C
  rx               = 000005AD
  rxerr            = 00000000
  ptp_types        = 04098509
  foreign_meta     = 03000001
  filter_meta      = 00000000
  parse_meta       = 050185DA
  wr_rx_signal     = 10010001
  wr_tx_signal     = 10000001
  wr_failure       = 02020001
  wr_state         = A000035C
  wr_reject        = 00000000
  pstat            = 00000001
  sstat            = 00000001
  sec_h            = 00000000
  sec_l            = 0000028C
  ns               = 30DED320
  lock_enable      = 00000004
  lock_result      = 00000001
  lock_polls       = 000D4F58
  lock_unlocked    = 000D4F58
  lock_calibration_fail = 00000000
  spll_state       = 00030004
  spll_ocer        = 941C8201
  spll_rcer        = 00000001
  spll_occr        = 7A0001A6
  spll_trr_csr     = 0022EE4C
  spll_dac_hpll    = D619A5A7
  spll_dac_main    = 00000007
  spll_helper_state = 00000000
  spll_helper_limits = 271000C8
  spll_main_state  = 00000000
  spll_main_limits = 00320032
  spll_main_phase_limits = 03E804B0
  spll_state_visit_mask = 00000618
  spll_state_transitions = 00000003
  spll_last_state  = 00000004
  spll_init_count  = 00000004
  dmtd_ref         = 0248A4F9
  dmtd_fb          = 0283F50B
  dmtd_ref_high_qual_abort = 003FE91B
  dmtd_fb_high_qual_abort = 00093EF0
  tag_valid        = 00220FA7
  trr_write        = 00220FD4
  irq              = 0021653D
  helper_update    = 000D8EC8
  spll_helper_error = FFFDB610
  spll_helper_output = 0000FFFB
  eic_isr          = FFFF0000
  current_tics     = 0004239E

============================================================
STEP4A_RESULT = PASS
STEP4B_ALLOWED = YES
STEP4B_RESULT = PASS
STEP4B_FIRST_INACTIVE_BOUNDARY = ACTIVE
STEP5_RESULT = NOT_APPLICABLE_MASTER
STEP5_FIRST_INACTIVE_BOUNDARY = SLAVE_ONLY
STEP5_RESULT = NEVER_LOCKED
STEP5_FIRST_INACTIVE_BOUNDARY = HELPER_LOCK
============================================================
Info (23030): Evaluation of Tcl script scripts/jtag/read_wb_runtime.tcl was successful
Info: Quartus Prime Signal Tap was successful. 0 errors, 0 warnings
    Info: Peak virtual memory: 677 megabytes
    Info: Processing ended: Sun Aug 30 04:00:47 2026
    Info: Elapsed time: 00:00:12
    Info: System process ID: 579325
