----------------
; Command Info ;
----------------
Report Timing: Found 1 setup paths (0 violated).  Worst case slack is 7.074 

Tcl Command:
    report_timing -setup -show_routing -file /home/b10504072/pain-worktrees/EXP-S5-MAIN-PHASE-KI0-MECHANISM-20260919/docs/experiments/exp-step5-softpll-lock/EXP-S5-RX2SYS-FIRST-STAGE-CDC-CONSTRAINT-FIX-20260920/raw/scope/master/master_ASYNC_FIFO_GRAY_SYNC0_TO_SYNC1_setup.rpt -from [get_registers {*U_Sync2*|sync0*}] -to [get_registers {*U_Sync2*|sync1*}] -nworst 1 -npaths 1 -detail full_path

Options:
    -from [get_registers {*U_Sync2*|sync0*}] 
    -to [get_registers {*U_Sync2*|sync1*}] 
    -setup 
    -nworst 1 
    -npaths 1 
    -show_routing 
    -detail full_path 
    -file {/home/b10504072/pain-worktrees/EXP-S5-MAIN-PHASE-KI0-MECHANISM-20260919/docs/experiments/exp-step5-softpll-lock/EXP-S5-RX2SYS-FIRST-STAGE-CDC-CONSTRAINT-FIX-20260920/raw/scope/master/master_ASYNC_FIFO_GRAY_SYNC0_TO_SYNC1_setup.rpt} 

Delay Model:
    Fast 900mV 100C Model

+----------------------------------------------------------------------------------------------------------------------------------------------------------------------------------------------------------------------------------------------------------------------------------------------------------------------------------------------------------------------------------------------------------------------------------------------------------------------------------------------------------------------------------------------------------------------------------------------------------------+
; Summary of Paths                                                                                                                                                                                                                                                                                                                                                                                                                                                                                                                                                                                               ;
+-------+---------------------------------------------------------------------------------------------------------------------------------------------------------------------------------------------------------------------------------------------------------------+---------------------------------------------------------------------------------------------------------------------------------------------------------------------------------------------------------------------------------------------------------------+---------------+---------------+--------------+------------+------------+
; Slack ; From Node                                                                                                                                                                                                                                                     ; To Node                                                                                                                                                                                                                                                       ; Launch Clock  ; Latch Clock   ; Relationship ; Clock Skew ; Data Delay ;
+-------+---------------------------------------------------------------------------------------------------------------------------------------------------------------------------------------------------------------------------------------------------------------+---------------------------------------------------------------------------------------------------------------------------------------------------------------------------------------------------------------------------------------------------------------+---------------+---------------+--------------+------------+------------+
; 7.074 ; xwr_core:u_xwr_core|wr_core:WRPC|xwr_endpoint:U_Endpoint|wr_endpoint:U_Wrapped_Endpoint|ep_1000basex_pcs:U_PCS_1000BASEX|ep_tx_pcs_8bit:\gen_8bit:U_TX_PCS|generic_async_fifo:U_TX_FIFO|inferred_async_fifo:U_Inferred_FIFO|gc_sync_register:U_Sync2|sync0[3] ; xwr_core:u_xwr_core|wr_core:WRPC|xwr_endpoint:U_Endpoint|wr_endpoint:U_Wrapped_Endpoint|ep_1000basex_pcs:U_PCS_1000BASEX|ep_tx_pcs_8bit:\gen_8bit:U_TX_PCS|generic_async_fifo:U_TX_FIFO|inferred_async_fifo:U_Inferred_FIFO|gc_sync_register:U_Sync2|sync1[3] ; qsfp_ref_125m ; qsfp_ref_125m ; 8.000        ; -0.016     ; 0.974      ;
+-------+---------------------------------------------------------------------------------------------------------------------------------------------------------------------------------------------------------------------------------------------------------------+---------------------------------------------------------------------------------------------------------------------------------------------------------------------------------------------------------------------------------------------------------------+---------------+---------------+--------------+------------+------------+

Path #1: Setup slack is 7.074 
===============================================================================
+------------------------------------------------------------------------------------------------------------------------------------------------------------------------------------------------------------------------------------------------------------------------------------+
; Path Summary                                                                                                                                                                                                                                                                       ;
+--------------------+---------------------------------------------------------------------------------------------------------------------------------------------------------------------------------------------------------------------------------------------------------------+
; Property           ; Value                                                                                                                                                                                                                                                         ;
+--------------------+---------------------------------------------------------------------------------------------------------------------------------------------------------------------------------------------------------------------------------------------------------------+
; From Node          ; xwr_core:u_xwr_core|wr_core:WRPC|xwr_endpoint:U_Endpoint|wr_endpoint:U_Wrapped_Endpoint|ep_1000basex_pcs:U_PCS_1000BASEX|ep_tx_pcs_8bit:\gen_8bit:U_TX_PCS|generic_async_fifo:U_TX_FIFO|inferred_async_fifo:U_Inferred_FIFO|gc_sync_register:U_Sync2|sync0[3] ;
; To Node            ; xwr_core:u_xwr_core|wr_core:WRPC|xwr_endpoint:U_Endpoint|wr_endpoint:U_Wrapped_Endpoint|ep_1000basex_pcs:U_PCS_1000BASEX|ep_tx_pcs_8bit:\gen_8bit:U_TX_PCS|generic_async_fifo:U_TX_FIFO|inferred_async_fifo:U_Inferred_FIFO|gc_sync_register:U_Sync2|sync1[3] ;
; Launch Clock       ; qsfp_ref_125m                                                                                                                                                                                                                                                 ;
; Latch Clock        ; qsfp_ref_125m                                                                                                                                                                                                                                                 ;
; Data Arrival Time  ; 4.821                                                                                                                                                                                                                                                         ;
; Data Required Time ; 11.895                                                                                                                                                                                                                                                        ;
; Slack              ; 7.074                                                                                                                                                                                                                                                         ;
+--------------------+---------------------------------------------------------------------------------------------------------------------------------------------------------------------------------------------------------------------------------------------------------------+

+------------------------------------------------------------------------------------+
; Statistics                                                                         ;
+------------------------+--------+-------+-------------+------------+-------+-------+
; Property               ; Value  ; Count ; Total Delay ; % of Total ; Min   ; Max   ;
+------------------------+--------+-------+-------------+------------+-------+-------+
; Setup Relationship     ; 8.000  ;       ;             ;            ;       ;       ;
; Clock Skew             ; -0.016 ;       ;             ;            ;       ;       ;
; Data Delay             ; 0.974  ;       ;             ;            ;       ;       ;
; Number of Logic Levels ;        ; 0     ;             ;            ;       ;       ;
; Physical Delays        ;        ;       ;             ;            ;       ;       ;
;  Arrival Path          ;        ;       ;             ;            ;       ;       ;
;   Clock                ;        ;       ;             ;            ;       ;       ;
;    IC                  ;        ; 4     ; 0.002       ; 0          ; 0.000 ; 0.002 ;
;    Cell                ;        ; 5     ; 1.287       ; 33         ; 0.000 ; 0.940 ;
;    Routing Element     ;        ; 39    ; 2.558       ; 66         ; 0.000 ; 0.969 ;
;   Data                 ;        ;       ;             ;            ;       ;       ;
;    IC                  ;        ; 1     ; 0.001       ; 0          ; 0.001 ; 0.001 ;
;    Cell                ;        ; 2     ; 0.065       ; 7          ; 0.000 ; 0.065 ;
;    uTco                ;        ; 1     ; 0.185       ; 19         ; 0.185 ; 0.185 ;
;    Routing Element     ;        ; 9     ; 0.723       ; 74         ; 0.000 ; 0.211 ;
;  Required Path         ;        ;       ;             ;            ;       ;       ;
;   Clock                ;        ;       ;             ;            ;       ;       ;
;    IC                  ;        ; 4     ; 0.000       ; 0          ; 0.000 ; 0.000 ;
;    Cell                ;        ; 5     ; 1.091       ; 31         ; 0.000 ; 0.790 ;
;    Routing Element     ;        ; 39    ; 2.375       ; 69         ; 0.000 ; 0.908 ;
+------------------------+--------+-------+-------------+------------+-------+-------+
Note: Negative delays are omitted from totals when calculating percentages

+---------------------------------------------------------------------------------------------------------------------------------------------------------------------------------------------------------------------------------------------------------------------------------------------------------------------------------------------------------------------------------------+
; Data Arrival Path                                                                                                                                                                                                                                                                                                                                                                     ;
+---------+---------+----+------+--------+----------------------------------------------+------------+----------------------------------------------------------------------------------------------------------------------------------------------------------------------------------------------------------------------------------------------------------------------------------+
; Total   ; Incr    ; RF ; Type ; Fanout ; Location                                     ; HS/LP      ; Element                                                                                                                                                                                                                                                                          ;
+---------+---------+----+------+--------+----------------------------------------------+------------+----------------------------------------------------------------------------------------------------------------------------------------------------------------------------------------------------------------------------------------------------------------------------------+
; 0.000   ; 0.000   ;    ;      ;        ;                                              ;            ; launch edge time                                                                                                                                                                                                                                                                 ;
; 3.847   ; 3.847   ;    ;      ;        ;                                              ;            ; clock path                                                                                                                                                                                                                                                                       ;
;   0.000 ;   0.000 ;    ;      ;        ;                                              ;            ; source latency                                                                                                                                                                                                                                                                   ;
;   0.000 ;   0.000 ;    ;      ; 1      ; PIN_AH5                                      ;            ; QSFPA_REFCLK_p                                                                                                                                                                                                                                                                   ;
;   0.000 ;   0.000 ;    ; IC   ; 1      ; IOIBUF_X224_Y13_N108                         ;            ; QSFPA_REFCLK_p~input|i                                                                                                                                                                                                                                                           ;
;   0.070 ;   0.070 ; RR ; CELL ; 1      ; IOIBUF_X224_Y13_N108                         ;            ; QSFPA_REFCLK_p~input|o                                                                                                                                                                                                                                                           ;
;   0.070 ;   0.000 ;    ; IC   ; 1      ; HSSIREFCLKDIVIDER_4CT                        ;            ; QSFPA_REFCLK_p~inputFITTER_INSERTED|refclk_inp                                                                                                                                                                                                                                   ;
;   0.070 ;   0.000 ; RR ; CELL ; 3      ; HSSIREFCLKDIVIDER_4CT                        ;            ; QSFPA_REFCLK_p~inputFITTER_INSERTED|refclk_a                                                                                                                                                                                                                                     ;
;   1.010 ;   0.940 ; RR ; CELL ; 1      ; HSSIREFCLKDIVIDER_4CT                        ;            ; QSFPA_REFCLK_p~inputFITTER_INSERTED~hssi_tile/ch4_pld_pma_fpll_fbclkout_lc_lvpecl_to_coreclk                                                                                                                                                                                     ;
;   1.010 ;   0.000 ; RR ; RE   ; 1      ; HSSIREFCLKDIVIDER_4CT                        ;            ; HSSI_REFCLK_DIVIDER                                                                                                                                                                                                                                                              ;
;   1.010 ;   0.000 ; RR ; RE   ; 1      ; HSSITILERE_X224_Y5_N0_I4632                  ;            ; HSSI_TILE_RE                                                                                                                                                                                                                                                                     ;
;   1.010 ;   0.000 ; RR ; RE   ; 2      ; CC_DCM_H_T_HIP_RE_X224_Y23_N113_I17          ;            ; CC_DCM_H_T_HIP_RE                                                                                                                                                                                                                                                                ;
;   1.010 ;   0.000 ;    ; IC   ; 2      ; CLKCTRL_4C_G_I19                             ;            ; QSFPA_REFCLK_p~inputFITTER_INSERTEDCLKENA0|inclk                                                                                                                                                                                                                                 ;
;   1.287 ;   0.277 ; RR ; CELL ; 712    ; CLKCTRL_4C_G_I19                             ;            ; QSFPA_REFCLK_p~inputFITTER_INSERTEDCLKENA0|outclk                                                                                                                                                                                                                                ;
;   1.287 ;   0.000 ; RR ; RE   ; 1      ; CLKCTRL_4C_G_I19                             ;            ; CLKBUFBLOCK                                                                                                                                                                                                                                                                      ;
;   1.287 ;   0.000 ; RR ; RE   ; 1      ; CC_DCM_H_T_HIP_RE_X224_Y23_N113_I3055        ;            ; CC_DCM_H_T_HIP_RE                                                                                                                                                                                                                                                                ;
;   1.384 ;   0.097 ; RR ; RE   ; 1      ; CC_DCM_H_B_HIP_0_RE_X224_Y32_N113_I3067      ;            ; CC_DCM_H_B_HIP_0_RE                                                                                                                                                                                                                                                              ;
;   1.384 ;   0.000 ; RR ; RE   ; 1      ; CC_DCM_H_B_HIP_0_RE_X224_Y32_N113_I3055      ;            ; CC_DCM_H_B_HIP_0_RE                                                                                                                                                                                                                                                              ;
;   1.446 ;   0.062 ; RR ; RE   ; 1      ; CC_DCM_H_M_HIP_RE_X224_Y41_N113_I3081        ;            ; CC_DCM_H_M_HIP_RE                                                                                                                                                                                                                                                                ;
;   1.446 ;   0.000 ; RR ; RE   ; 1      ; CC_DCM_H_M_HIP_RE_X224_Y41_N113_I3093        ;            ; CC_DCM_H_M_HIP_RE                                                                                                                                                                                                                                                                ;
;   1.446 ;   0.000 ; RR ; RE   ; 1      ; CC_DCM_H_T_LPMUX_HIP_RE_X224_Y50_N113_I3045  ;            ; CC_DCM_H_T_LPMUX_HIP_RE                                                                                                                                                                                                                                                          ;
;   1.446 ;   0.000 ; RR ; RE   ; 1      ; CC_DCM_H_T_LPMUX_HIP_RE_X224_Y50_N113_I3057  ;            ; CC_DCM_H_T_LPMUX_HIP_RE                                                                                                                                                                                                                                                          ;
;   1.446 ;   0.000 ; RR ; RE   ; 1      ; CCDCMHFILLER1LABRE_X224_Y59_N1_I3            ;            ; CC_DCM_H_FILLER_1LAB_RE                                                                                                                                                                                                                                                          ;
;   1.446 ;   0.000 ; RR ; RE   ; 1      ; CCDCMHFILLER1LABRE_X224_Y59_N1_I15           ;            ; CC_DCM_H_FILLER_1LAB_RE                                                                                                                                                                                                                                                          ;
;   1.546 ;   0.100 ; RR ; RE   ; 1      ; CC_DCM_H_B_LPMUX_RE_X224_Y60_N113_I2669      ;            ; CC_DCM_H_B_LPMUX_RE                                                                                                                                                                                                                                                              ;
;   1.546 ;   0.000 ; RR ; RE   ; 1      ; CC_DCM_H_B_LPMUX_RE_X224_Y60_N113_I2657      ;            ; CC_DCM_H_B_LPMUX_RE                                                                                                                                                                                                                                                              ;
;   1.603 ;   0.057 ; RR ; RE   ; 1      ; CC_DCM_H_M_1_RE_X224_Y69_N113_I2680          ;            ; CC_DCM_H_M_1_RE                                                                                                                                                                                                                                                                  ;
;   1.603 ;   0.000 ; RR ; RE   ; 1      ; CC_DCM_H_M_1_RE_X224_Y69_N113_I2692          ;            ; CC_DCM_H_M_1_RE                                                                                                                                                                                                                                                                  ;
;   1.603 ;   0.000 ; RR ; RE   ; 1      ; CC_DCM_H_T_HIP_RE_X224_Y78_N113_I3043        ;            ; CC_DCM_H_T_HIP_RE                                                                                                                                                                                                                                                                ;
;   1.603 ;   0.000 ; RR ; RE   ; 1      ; CC_DCM_H_T_HIP_RE_X224_Y78_N113_I3055        ;            ; CC_DCM_H_T_HIP_RE                                                                                                                                                                                                                                                                ;
;   1.709 ;   0.106 ; RR ; RE   ; 1      ; CC_DCM_H_B_HIP_2_RE_X224_Y87_N113_I3067      ;            ; CC_DCM_H_B_HIP_2_RE                                                                                                                                                                                                                                                              ;
;   1.709 ;   0.000 ; RR ; RE   ; 1      ; CC_DCM_H_B_HIP_2_RE_X224_Y87_N113_I3055      ;            ; CC_DCM_H_B_HIP_2_RE                                                                                                                                                                                                                                                              ;
;   1.758 ;   0.049 ; RR ; RE   ; 1      ; CC_DCM_H_M_HIP_RE_X224_Y96_N113_I3081        ;            ; CC_DCM_H_M_HIP_RE                                                                                                                                                                                                                                                                ;
;   1.758 ;   0.000 ; RR ; RE   ; 1      ; CC_DCM_H_M_HIP_RE_X224_Y96_N113_I3093        ;            ; CC_DCM_H_M_HIP_RE                                                                                                                                                                                                                                                                ;
;   1.758 ;   0.000 ; RR ; RE   ; 1      ; CC_DCM_H_T_LPMUX_HIP_RE_X224_Y105_N114_I3045 ;            ; CC_DCM_H_T_LPMUX_HIP_RE                                                                                                                                                                                                                                                          ;
;   1.758 ;   0.000 ; RR ; RE   ; 1      ; CC_DCM_H_T_LPMUX_HIP_RE_X224_Y105_N114_I3057 ;            ; CC_DCM_H_T_LPMUX_HIP_RE                                                                                                                                                                                                                                                          ;
;   1.825 ;   0.067 ; RR ; RE   ; 1      ; CCDCMHFILLERDRRE_X224_Y113_N148_I3           ;            ; CC_DCM_H_FILLER_DR_RE                                                                                                                                                                                                                                                            ;
;   2.042 ;   0.217 ; RR ; RE   ; 1      ; CCDCMHFILLERDRRE_X224_Y113_N148_I15          ;            ; CC_DCM_H_FILLER_DR_RE                                                                                                                                                                                                                                                            ;
;   2.166 ;   0.124 ; RR ; RE   ; 1      ; DR_DIST_CLK_MUX_RE_X142_Y113_N76_I1072       ;            ; DR_DIST_CLK_MUX_RE                                                                                                                                                                                                                                                               ;
;   2.166 ;   0.000 ; RR ; RE   ; 1      ; DR_DIST_CLK_MUX_RE_X142_Y113_N76_I1056       ;            ; DR_DIST_CLK_MUX_RE                                                                                                                                                                                                                                                               ;
;   3.135 ;   0.969 ; RR ; RE   ; 3      ; GLOBAL_CLOCK_X0_Y0_N0_I19                    ;            ; GLOBAL_CLOCK                                                                                                                                                                                                                                                                     ;
;   3.381 ;   0.246 ; RR ; RE   ; 2      ; SPINE_BUF_X0_Y0_N0_I671                      ;            ; SPINE_BUF                                                                                                                                                                                                                                                                        ;
;   3.532 ;   0.151 ; RR ; RE   ; 10     ; SPINE_CLOCK_X194_Y0_N0_I12                   ;            ; SPINE_CLOCK                                                                                                                                                                                                                                                                      ;
;   3.576 ;   0.044 ; RR ; RE   ; 1      ; SCLK_TO_ROWCLK_BUF_X194_Y30_N0_I36           ;            ; SCLK_TO_ROWCLK_BUF                                                                                                                                                                                                                                                               ;
;   3.633 ;   0.057 ; RF ; RE   ; 1      ; SCLK_TO_ROWCLK_BUF_X194_Y30_N0_I38           ;            ; SCLK_TO_ROWCLK_BUF                                                                                                                                                                                                                                                               ;
;   3.763 ;   0.130 ; FR ; RE   ; 7      ; LAB_CLK_X160_Y30_N0_I5                       ;            ; LAB_CLK                                                                                                                                                                                                                                                                          ;
;   3.798 ;   0.035 ; RF ; RE   ; 1      ; BLK_CLK_BUF_X170_Y30_N0_I5                   ; Low Power  ; BLK_CLK_BUF                                                                                                                                                                                                                                                                      ;
;   3.808 ;   0.010 ; FR ; RE   ; 1      ; ROWCLKSEL_PREBUF_X170_Y30_N0_I5              ; Low Power  ; ROWCLKSEL_PREBUF                                                                                                                                                                                                                                                                 ;
;   3.845 ;   0.037 ; RR ; RE   ; 1      ; ROWCLKSEL_X170_Y30_N0_I0                     ; Low Power  ; ROWCLKSEL                                                                                                                                                                                                                                                                        ;
;   3.845 ;   0.000 ; RR ; RE   ; 3      ; LAB_RE_X170_Y30_N0_I86                       ; Low Power  ; clkmx[0]                                                                                                                                                                                                                                                                         ;
;   3.847 ;   0.002 ;    ; IC   ; 1      ; FF_X170_Y30_N58                              ;            ; u_xwr_core|WRPC|U_Endpoint|U_Wrapped_Endpoint|U_PCS_1000BASEX|\gen_8bit:U_TX_PCS|U_TX_FIFO|U_Inferred_FIFO|U_Sync2|sync0[3]|clk                                                                                                                                                  ;
;   3.847 ;   0.000 ; RR ; CELL ; 1      ; FF_X170_Y30_N58                              ; Low Power  ; xwr_core:u_xwr_core|wr_core:WRPC|xwr_endpoint:U_Endpoint|wr_endpoint:U_Wrapped_Endpoint|ep_1000basex_pcs:U_PCS_1000BASEX|ep_tx_pcs_8bit:\gen_8bit:U_TX_PCS|generic_async_fifo:U_TX_FIFO|inferred_async_fifo:U_Inferred_FIFO|gc_sync_register:U_Sync2|sync0[3]                    ;
; 4.821   ; 0.974   ;    ;      ;        ;                                              ;            ; data path                                                                                                                                                                                                                                                                        ;
;   4.032 ;   0.185 ; RR ; uTco ; 1      ; FF_X170_Y30_N58                              ;            ; u_xwr_core|WRPC|U_Endpoint|U_Wrapped_Endpoint|U_PCS_1000BASEX|\gen_8bit:U_TX_PCS|U_TX_FIFO|U_Inferred_FIFO|U_Sync2|sync0[3]|q                                                                                                                                                    ;
;   4.097 ;   0.065 ; RR ; CELL ; 1      ; FF_X170_Y30_N58                              ; Low Power  ; xwr_core:u_xwr_core|wr_core:WRPC|xwr_endpoint:U_Endpoint|wr_endpoint:U_Wrapped_Endpoint|ep_1000basex_pcs:U_PCS_1000BASEX|ep_tx_pcs_8bit:\gen_8bit:U_TX_PCS|generic_async_fifo:U_TX_FIFO|inferred_async_fifo:U_Inferred_FIFO|gc_sync_register:U_Sync2|sync0[3]~la_lab/laboutb[18] ;
;   4.097 ;   0.000 ; RF ; RE   ; 1      ; FF_X170_Y30_N58                              ; Low Power  ; FF                                                                                                                                                                                                                                                                               ;
;   4.122 ;   0.025 ; FR ; RE   ; 1      ; LAB_RE_X170_Y30_N0_I128                      ; Low Power  ; LAB_RE                                                                                                                                                                                                                                                                           ;
;   4.251 ;   0.129 ; RR ; RE   ; 1      ; C4_X170_Y31_N0_I11                           ; Low Power  ; V4                                                                                                                                                                                                                                                                               ;
;   4.327 ;   0.076 ; RR ; RE   ; 1      ; R3_X171_Y34_N0_I3                            ; High Speed ; H3                                                                                                                                                                                                                                                                               ;
;   4.394 ;   0.067 ; RR ; RE   ; 1      ; R3_X173_Y34_N0_I5                            ; High Speed ; H3                                                                                                                                                                                                                                                                               ;
;   4.605 ;   0.211 ; RR ; RE   ; 1      ; C4_X173_Y30_N0_I53                           ; High Speed ; V4                                                                                                                                                                                                                                                                               ;
;   4.716 ;   0.111 ; RR ; RE   ; 1      ; R6_X168_Y30_N0_I56                           ; High Speed ; H6                                                                                                                                                                                                                                                                               ;
;   4.787 ;   0.071 ; RR ; RE   ; 1      ; LOCAL_INTERCONNECT_X169_Y30_N0_I35           ; Low Power  ; LAB_LINE                                                                                                                                                                                                                                                                         ;
;   4.820 ;   0.033 ; RR ; RE   ; 1      ; LAB_RE_X169_Y30_N0_I57                       ; Low Power  ; leime0_[7]                                                                                                                                                                                                                                                                       ;
;   4.821 ;   0.001 ;    ; IC   ; 1      ; FF_X169_Y30_N43                              ;            ; u_xwr_core|WRPC|U_Endpoint|U_Wrapped_Endpoint|U_PCS_1000BASEX|\gen_8bit:U_TX_PCS|U_TX_FIFO|U_Inferred_FIFO|U_Sync2|sync1[3]|asdata                                                                                                                                               ;
;   4.821 ;   0.000 ; RR ; CELL ; 1      ; FF_X169_Y30_N43                              ; Low Power  ; xwr_core:u_xwr_core|wr_core:WRPC|xwr_endpoint:U_Endpoint|wr_endpoint:U_Wrapped_Endpoint|ep_1000basex_pcs:U_PCS_1000BASEX|ep_tx_pcs_8bit:\gen_8bit:U_TX_PCS|generic_async_fifo:U_TX_FIFO|inferred_async_fifo:U_Inferred_FIFO|gc_sync_register:U_Sync2|sync1[3]                    ;
+---------+---------+----+------+--------+----------------------------------------------+------------+----------------------------------------------------------------------------------------------------------------------------------------------------------------------------------------------------------------------------------------------------------------------------------+

+--------------------------------------------------------------------------------------------------------------------------------------------------------------------------------------------------------------------------------------------------------------------------------------------------------------------------------------------------------------------+
; Data Required Path                                                                                                                                                                                                                                                                                                                                                 ;
+----------+---------+----+------+--------+----------------------------------------------+-----------+---------------------------------------------------------------------------------------------------------------------------------------------------------------------------------------------------------------------------------------------------------------+
; Total    ; Incr    ; RF ; Type ; Fanout ; Location                                     ; HS/LP     ; Element                                                                                                                                                                                                                                                       ;
+----------+---------+----+------+--------+----------------------------------------------+-----------+---------------------------------------------------------------------------------------------------------------------------------------------------------------------------------------------------------------------------------------------------------------+
; 8.000    ; 8.000   ;    ;      ;        ;                                              ;           ; latch edge time                                                                                                                                                                                                                                               ;
; 11.831   ; 3.831   ;    ;      ;        ;                                              ;           ; clock path                                                                                                                                                                                                                                                    ;
;   8.000  ;   0.000 ;    ;      ;        ;                                              ;           ; source latency                                                                                                                                                                                                                                                ;
;   8.000  ;   0.000 ;    ;      ; 1      ; PIN_AH5                                      ;           ; QSFPA_REFCLK_p                                                                                                                                                                                                                                                ;
;   8.000  ;   0.000 ;    ; IC   ; 1      ; IOIBUF_X224_Y13_N108                         ;           ; QSFPA_REFCLK_p~input|i                                                                                                                                                                                                                                        ;
;   8.070  ;   0.070 ; RR ; CELL ; 1      ; IOIBUF_X224_Y13_N108                         ;           ; QSFPA_REFCLK_p~input|o                                                                                                                                                                                                                                        ;
;   8.070  ;   0.000 ;    ; IC   ; 1      ; HSSIREFCLKDIVIDER_4CT                        ;           ; QSFPA_REFCLK_p~inputFITTER_INSERTED|refclk_inp                                                                                                                                                                                                                ;
;   8.070  ;   0.000 ; RR ; CELL ; 3      ; HSSIREFCLKDIVIDER_4CT                        ;           ; QSFPA_REFCLK_p~inputFITTER_INSERTED|refclk_a                                                                                                                                                                                                                  ;
;   8.860  ;   0.790 ; RR ; CELL ; 1      ; HSSIREFCLKDIVIDER_4CT                        ;           ; QSFPA_REFCLK_p~inputFITTER_INSERTED~hssi_tile/ch4_pld_pma_fpll_fbclkout_lc_lvpecl_to_coreclk                                                                                                                                                                  ;
;   8.860  ;   0.000 ; RR ; RE   ; 1      ; HSSIREFCLKDIVIDER_4CT                        ;           ; HSSI_REFCLK_DIVIDER                                                                                                                                                                                                                                           ;
;   8.860  ;   0.000 ; RR ; RE   ; 1      ; HSSITILERE_X224_Y5_N0_I4632                  ;           ; HSSI_TILE_RE                                                                                                                                                                                                                                                  ;
;   8.860  ;   0.000 ; RR ; RE   ; 2      ; CC_DCM_H_T_HIP_RE_X224_Y23_N113_I17          ;           ; CC_DCM_H_T_HIP_RE                                                                                                                                                                                                                                             ;
;   8.860  ;   0.000 ;    ; IC   ; 2      ; CLKCTRL_4C_G_I19                             ;           ; QSFPA_REFCLK_p~inputFITTER_INSERTEDCLKENA0|inclk                                                                                                                                                                                                              ;
;   9.091  ;   0.231 ; RR ; CELL ; 712    ; CLKCTRL_4C_G_I19                             ;           ; QSFPA_REFCLK_p~inputFITTER_INSERTEDCLKENA0|outclk                                                                                                                                                                                                             ;
;   9.091  ;   0.000 ; RR ; RE   ; 1      ; CLKCTRL_4C_G_I19                             ;           ; CLKBUFBLOCK                                                                                                                                                                                                                                                   ;
;   9.091  ;   0.000 ; RR ; RE   ; 1      ; CC_DCM_H_T_HIP_RE_X224_Y23_N113_I3055        ;           ; CC_DCM_H_T_HIP_RE                                                                                                                                                                                                                                             ;
;   9.177  ;   0.086 ; RR ; RE   ; 1      ; CC_DCM_H_B_HIP_0_RE_X224_Y32_N113_I3067      ;           ; CC_DCM_H_B_HIP_0_RE                                                                                                                                                                                                                                           ;
;   9.177  ;   0.000 ; RR ; RE   ; 1      ; CC_DCM_H_B_HIP_0_RE_X224_Y32_N113_I3055      ;           ; CC_DCM_H_B_HIP_0_RE                                                                                                                                                                                                                                           ;
;   9.234  ;   0.057 ; RR ; RE   ; 1      ; CC_DCM_H_M_HIP_RE_X224_Y41_N113_I3081        ;           ; CC_DCM_H_M_HIP_RE                                                                                                                                                                                                                                             ;
;   9.234  ;   0.000 ; RR ; RE   ; 1      ; CC_DCM_H_M_HIP_RE_X224_Y41_N113_I3093        ;           ; CC_DCM_H_M_HIP_RE                                                                                                                                                                                                                                             ;
;   9.234  ;   0.000 ; RR ; RE   ; 1      ; CC_DCM_H_T_LPMUX_HIP_RE_X224_Y50_N113_I3045  ;           ; CC_DCM_H_T_LPMUX_HIP_RE                                                                                                                                                                                                                                       ;
;   9.234  ;   0.000 ; RR ; RE   ; 1      ; CC_DCM_H_T_LPMUX_HIP_RE_X224_Y50_N113_I3057  ;           ; CC_DCM_H_T_LPMUX_HIP_RE                                                                                                                                                                                                                                       ;
;   9.234  ;   0.000 ; RR ; RE   ; 1      ; CCDCMHFILLER1LABRE_X224_Y59_N1_I3            ;           ; CC_DCM_H_FILLER_1LAB_RE                                                                                                                                                                                                                                       ;
;   9.234  ;   0.000 ; RR ; RE   ; 1      ; CCDCMHFILLER1LABRE_X224_Y59_N1_I15           ;           ; CC_DCM_H_FILLER_1LAB_RE                                                                                                                                                                                                                                       ;
;   9.322  ;   0.088 ; RR ; RE   ; 1      ; CC_DCM_H_B_LPMUX_RE_X224_Y60_N113_I2669      ;           ; CC_DCM_H_B_LPMUX_RE                                                                                                                                                                                                                                           ;
;   9.322  ;   0.000 ; RR ; RE   ; 1      ; CC_DCM_H_B_LPMUX_RE_X224_Y60_N113_I2657      ;           ; CC_DCM_H_B_LPMUX_RE                                                                                                                                                                                                                                           ;
;   9.374  ;   0.052 ; RR ; RE   ; 1      ; CC_DCM_H_M_1_RE_X224_Y69_N113_I2680          ;           ; CC_DCM_H_M_1_RE                                                                                                                                                                                                                                               ;
;   9.374  ;   0.000 ; RR ; RE   ; 1      ; CC_DCM_H_M_1_RE_X224_Y69_N113_I2692          ;           ; CC_DCM_H_M_1_RE                                                                                                                                                                                                                                               ;
;   9.374  ;   0.000 ; RR ; RE   ; 1      ; CC_DCM_H_T_HIP_RE_X224_Y78_N113_I3043        ;           ; CC_DCM_H_T_HIP_RE                                                                                                                                                                                                                                             ;
;   9.374  ;   0.000 ; RR ; RE   ; 1      ; CC_DCM_H_T_HIP_RE_X224_Y78_N113_I3055        ;           ; CC_DCM_H_T_HIP_RE                                                                                                                                                                                                                                             ;
;   9.467  ;   0.093 ; RR ; RE   ; 1      ; CC_DCM_H_B_HIP_2_RE_X224_Y87_N113_I3067      ;           ; CC_DCM_H_B_HIP_2_RE                                                                                                                                                                                                                                           ;
;   9.467  ;   0.000 ; RR ; RE   ; 1      ; CC_DCM_H_B_HIP_2_RE_X224_Y87_N113_I3055      ;           ; CC_DCM_H_B_HIP_2_RE                                                                                                                                                                                                                                           ;
;   9.512  ;   0.045 ; RR ; RE   ; 1      ; CC_DCM_H_M_HIP_RE_X224_Y96_N113_I3081        ;           ; CC_DCM_H_M_HIP_RE                                                                                                                                                                                                                                             ;
;   9.512  ;   0.000 ; RR ; RE   ; 1      ; CC_DCM_H_M_HIP_RE_X224_Y96_N113_I3093        ;           ; CC_DCM_H_M_HIP_RE                                                                                                                                                                                                                                             ;
;   9.512  ;   0.000 ; RR ; RE   ; 1      ; CC_DCM_H_T_LPMUX_HIP_RE_X224_Y105_N114_I3045 ;           ; CC_DCM_H_T_LPMUX_HIP_RE                                                                                                                                                                                                                                       ;
;   9.512  ;   0.000 ; RR ; RE   ; 1      ; CC_DCM_H_T_LPMUX_HIP_RE_X224_Y105_N114_I3057 ;           ; CC_DCM_H_T_LPMUX_HIP_RE                                                                                                                                                                                                                                       ;
;   9.573  ;   0.061 ; RR ; RE   ; 1      ; CCDCMHFILLERDRRE_X224_Y113_N148_I3           ;           ; CC_DCM_H_FILLER_DR_RE                                                                                                                                                                                                                                         ;
;   9.777  ;   0.204 ; RR ; RE   ; 1      ; CCDCMHFILLERDRRE_X224_Y113_N148_I15          ;           ; CC_DCM_H_FILLER_DR_RE                                                                                                                                                                                                                                         ;
;   9.896  ;   0.119 ; RR ; RE   ; 1      ; DR_DIST_CLK_MUX_RE_X142_Y113_N76_I1072       ;           ; DR_DIST_CLK_MUX_RE                                                                                                                                                                                                                                            ;
;   9.896  ;   0.000 ; RR ; RE   ; 1      ; DR_DIST_CLK_MUX_RE_X142_Y113_N76_I1056       ;           ; DR_DIST_CLK_MUX_RE                                                                                                                                                                                                                                            ;
;   10.804 ;   0.908 ; RR ; RE   ; 3      ; GLOBAL_CLOCK_X0_Y0_N0_I19                    ;           ; GLOBAL_CLOCK                                                                                                                                                                                                                                                  ;
;   11.033 ;   0.229 ; RR ; RE   ; 2      ; SPINE_BUF_X0_Y0_N0_I671                      ;           ; SPINE_BUF                                                                                                                                                                                                                                                     ;
;   11.174 ;   0.141 ; RR ; RE   ; 10     ; SPINE_CLOCK_X194_Y0_N0_I12                   ;           ; SPINE_CLOCK                                                                                                                                                                                                                                                   ;
;   11.215 ;   0.041 ; RR ; RE   ; 1      ; SCLK_TO_ROWCLK_BUF_X194_Y30_N0_I36           ;           ; SCLK_TO_ROWCLK_BUF                                                                                                                                                                                                                                            ;
;   11.268 ;   0.053 ; RF ; RE   ; 1      ; SCLK_TO_ROWCLK_BUF_X194_Y30_N0_I38           ;           ; SCLK_TO_ROWCLK_BUF                                                                                                                                                                                                                                            ;
;   11.390 ;   0.122 ; FR ; RE   ; 7      ; LAB_CLK_X160_Y30_N0_I5                       ;           ; LAB_CLK                                                                                                                                                                                                                                                       ;
;   11.423 ;   0.033 ; RF ; RE   ; 1      ; BLK_CLK_BUF_X169_Y30_N0_I5                   ; Low Power ; BLK_CLK_BUF                                                                                                                                                                                                                                                   ;
;   11.432 ;   0.009 ; FR ; RE   ; 1      ; ROWCLKSEL_PREBUF_X169_Y30_N0_I5              ; Low Power ; ROWCLKSEL_PREBUF                                                                                                                                                                                                                                              ;
;   11.466 ;   0.034 ; RR ; RE   ; 1      ; ROWCLKSEL_X169_Y30_N0_I0                     ; Low Power ; ROWCLKSEL                                                                                                                                                                                                                                                     ;
;   11.466 ;   0.000 ; RR ; RE   ; 14     ; LAB_RE_X169_Y30_N0_I86                       ; Low Power ; clkmx[0]                                                                                                                                                                                                                                                      ;
;   11.466 ;   0.000 ;    ; IC   ; 1      ; FF_X169_Y30_N43                              ;           ; u_xwr_core|WRPC|U_Endpoint|U_Wrapped_Endpoint|U_PCS_1000BASEX|\gen_8bit:U_TX_PCS|U_TX_FIFO|U_Inferred_FIFO|U_Sync2|sync1[3]|clk                                                                                                                               ;
;   11.466 ;   0.000 ; RR ; CELL ; 1      ; FF_X169_Y30_N43                              ; Low Power ; xwr_core:u_xwr_core|wr_core:WRPC|xwr_endpoint:U_Endpoint|wr_endpoint:U_Wrapped_Endpoint|ep_1000basex_pcs:U_PCS_1000BASEX|ep_tx_pcs_8bit:\gen_8bit:U_TX_PCS|generic_async_fifo:U_TX_FIFO|inferred_async_fifo:U_Inferred_FIFO|gc_sync_register:U_Sync2|sync1[3] ;
;   11.831 ;   0.365 ;    ;      ;        ;                                              ;           ; clock pessimism removed                                                                                                                                                                                                                                       ;
; 11.791   ; -0.040  ;    ;      ;        ;                                              ;           ; clock uncertainty                                                                                                                                                                                                                                             ;
; 11.895   ; 0.104   ;    ; uTsu ; 1      ; FF_X169_Y30_N43                              ;           ; xwr_core:u_xwr_core|wr_core:WRPC|xwr_endpoint:U_Endpoint|wr_endpoint:U_Wrapped_Endpoint|ep_1000basex_pcs:U_PCS_1000BASEX|ep_tx_pcs_8bit:\gen_8bit:U_TX_PCS|generic_async_fifo:U_TX_FIFO|inferred_async_fifo:U_Inferred_FIFO|gc_sync_register:U_Sync2|sync1[3] ;
+----------+---------+----+------+--------+----------------------------------------------+-----------+---------------------------------------------------------------------------------------------------------------------------------------------------------------------------------------------------------------------------------------------------------------+

----------------------------
; Extra Fitter Information ;
----------------------------
HTML report is unavailable in plain text report export.


