Info: *******************************************************************
Info: Running Quartus Prime Signal Tap
    Info: Version 21.3.0 Build 170 09/23/2021 SC Pro Edition
    Info: Copyright (C) 2021  Intel Corporation. All rights reserved.
    Info: Your use of Intel Corporation's design tools, logic functions 
    Info: and other software and tools, and any partner logic 
    Info: functions, and any output files from any of the foregoing 
    Info: (including device programming or simulation files), and any 
    Info: associated documentation or information are expressly subject 
    Info: to the terms and conditions of the Intel Program License 
    Info: Subscription Agreement, the Intel Quartus Prime License Agreement,
    Info: the Intel FPGA IP License Agreement, or other applicable license
    Info: agreement, including, without limitation, that your use is for
    Info: the sole purpose of programming logic devices manufactured by
    Info: Intel and sold by Intel or its authorized distributors.  Please
    Info: refer to the applicable agreement for further details, at
    Info: https://fpgasoftware.intel.com/eula.
    Info: Processing started: Sun Aug 30 10:00:30 2026
    Info: System process ID: 843910
Info: Command: quartus_stp -t scripts/jtag/read_wb_runtime.tcl --raw
Info: Quartus(args): --raw
RAW mailbox completion toggle wb_sync_toggle=0

============================================================
White Rabbit Runtime 診斷：DE5 [1-11.1]
============================================================

## [Step 1] PHY / 光纖 Link
[pass] si_config_done           結果: 1/1
[pass] wr_ready                 結果: 1/1
[pass] core_tm_link_up          結果: 1/1
[pass] core_link_ok             結果: 1/1
[pass] wr_rx_ready              結果: 1/1
[pass] wr_tx_ready              結果: 1/1
[pass] core_phy_rst             結果: 0/0
[pass] si_id_error              結果: 0/0
[pass] wr_rx_enc_err            結果: 0/0
[pass] wr_tx_enc_err            結果: 0/0
[pass] CPU_RESET_n              結果: 1/1
[pass] wr_rx_locked_to_data     結果: 1/1
[info] wr_rx_locked_to_ref      結果: 0/NA
[info] MOD_PRS_n                結果: 0/NA
[info] INTERRUPT_n              結果: 1/NA
Step 1 pass

## [Step 2] Endpoint / MiniNIC / PTP
[pass] EP_MAC_H/EP_MAC_L        結果: 02:00:22:33:44:01/02:00:22:33:44:01
[pass] WDIAGS_MODE              結果: 2 MASTER/2 MASTER
[pass] WDIAGS_PTP               結果: 6 MASTER (raw=01014106)/6 MASTER
[pass] WDIAGS_PTP_RX            結果: Δ=12/Δ>0
RAW WDIAGS_PTP_RX            before=0x00000097 after=0x000000A3 delta=12
[pass] WDIAGS_PTP_TX            結果: Δ=27/Δ>0
RAW WDIAGS_PTP_TX            before=0x00000158 after=0x00000173 delta=27
[pass] WDIAGS_TX                結果: Δ=34/Δ>0
RAW WDIAGS_TX                before=0x000001D2 after=0x000001F4 delta=34
[pass] WDIAGS_RX                結果: Δ=18/Δ>0
RAW WDIAGS_RX                before=0x000000EB after=0x000000FD delta=18
[pass] WDIAGS_RXERR             結果: Δ=0/Δ=0
RAW WDIAGS_RXERR             before=0x00000000 after=0x00000000 delta=0
Step 2 pass

## [Step 3] WR Parent / Signaling
Step 3 NA

## [Step 4A] Master SoftPLL Event Chain
[pass] DMTD_REF_ACCEPT_EVENT    結果: Δ=23201/Δ>=0
RAW DMTD_REF_ACCEPT_EVENT    before=0x007AC8F0 after=0x007B2391 delta=23201
[pass] DMTD_FB_ACCEPT_EVENT     結果: Δ=22173/Δ>=0
RAW DMTD_FB_ACCEPT_EVENT     before=0x0046AF4F after=0x004705EC delta=22173
[pass] DMTD_ACCEPT              結果: Δ=45374/Δ>0
[pass] SPLL_TAG_VALID_COUNT     結果: Δ=22173/Δ>0
RAW SPLL_TAG_VALID_COUNT     before=0x0007640E after=0x0007BAAB delta=22173
[pass] SPLL_TRR_WRITE_COUNT     結果: Δ=22173/Δ>0
RAW SPLL_TRR_WRITE_COUNT     before=0x00076425 after=0x0007BAC2 delta=22173
[pass] WRPC_SPLL_TRR_POP_COUNT  結果: Δ=23997/Δ>0
RAW WRPC_SPLL_TRR_POP_COUNT  before=0x00075505 after=0x0007B2C2 delta=23997
[pass] WDIAGS_IRQ_COUNT         結果: Δ=23997/Δ>0
RAW WDIAGS_IRQ_COUNT         before=0x00075505 after=0x0007B2C2 delta=23997
[pass] WDIAGS_HELPER_UPDATE_COUNT 結果: Δ=23997/Δ>0
RAW WDIAGS_HELPER_UPDATE_COUNT before=0x00075505 after=0x0007B2C2 delta=23997
[pass] BOOT_GENERATION          結果: Δ=0/Δ=0
RAW BOOT_GENERATION          before=0x00000001 after=0x00000001 delta=0
[pass] CPU_RESET_COUNT          結果: Δ=0/Δ=0
RAW CPU_RESET_COUNT          before=0x00000001 after=0x00000001 delta=0
[pass] WR_CORE_RESET_COUNT      結果: Δ=0/Δ=0
RAW WR_CORE_RESET_COUNT      before=0x00000001 after=0x00000001 delta=0
[pass] SI_CONFIG_DROP_COUNT     結果: Δ=0/Δ=0
RAW SI_CONFIG_DROP_COUNT     before=0x00000001 after=0x00000001 delta=0
STEP4A_MASTER_EVENT_CHAIN = PASS
Step 4 pass

## [Step 5] Closed-loop Lock
STEP5_RESULT = NOT_APPLICABLE_MASTER
STEP5_FIRST_INACTIVE_BOUNDARY = SLAVE_ONLY
Step 5 NA (Step5 closed-loop gate is for Slave)

## [Step 6] Global Time
Step 6 NA

============================================================
White Rabbit Runtime 診斷：DE5 [1-11.1]
============================================================
Step 1 PHY / Link             pass
Step 2 Endpoint / PTP         pass
Step 3 WR Handshake           NA
Step 4 Step4A Master Event Chain pass
Step 5 Closed-loop Lock       NA
Step 6 Global Time            NA
STEP1_REGRESSION = PASS
STEP2_REGRESSION = PASS
STEP3_REGRESSION = PASS
STEP4A_RESULT = PASS
STEP5_RESULT = NOT_APPLICABLE_MASTER
STEP5_FIRST_INACTIVE_BOUNDARY = SLAVE_ONLY
FAILURE_CLASSIFICATION = NO_FAILURE_EVIDENCE
============================================================

================ RAW_SNAPSHOT ================
RAW_SNAPSHOT board=DE5 [1-11.1] label=before
  status           = 701E4CC122F082FF
  cpu              = 0000007C00010110
  marker           = 000000010000B004
  store            = 0000C0E40002FEBC
  store_count      = 0000000017875FFC
  exception        = 8000000B0001859C
  clock            = 003F1E8D676D764F
  boot_generation  = 00000001
  cpu_reset_count  = 00000001
  wr_core_reset_count = 00000001
  si_config_drop_count = 00000001
  pps_cr           = 01312D06
  pps_escr         = 0000000C
  ep_mach          = 02000200
  ep_macl          = 22334401
  ep_dsr           = 42000000
  ptp              = 01014106
  ptp_rx           = 00000097
  ptp_tx           = 00000158
  ptp_meta         = 02020406
  tx               = 000001D2
  rx               = 000000EB
  rxerr            = 00000000
  ptp_types        = 01010101
  foreign_meta     = 0000FF00
  filter_meta      = 00000000
  parse_meta       = 00010111
  wr_rx_signal     = 10000001
  wr_tx_signal     = 10010004
  wr_failure       = 01030001
  wr_state         = A0000064
  wr_reject        = 00000000
  pstat            = 00000001
  sstat            = 00000000
  sec_h            = 00000000
  sec_l            = 00000078
  ns               = 086F90B0
  lock_enable      = 00000000
  lock_result      = 00000000
  lock_polls       = 00000000
  lock_unlocked    = 00000000
  lock_calibration_fail = 00000000
  spll_state       = 00020004
  spll_ocer        = 57BF7001
  spll_rcer        = 00000000
  spll_occr        = 170001A6
  spll_trr_csr     = 00065404
  spll_dac_hpll    = 7C486470
  spll_dac_main    = 00000003
  spll_helper_state = 00000100
  spll_helper_limits = 271000C8
  spll_main_state  = 00000000
  spll_main_limits = 00320032
  spll_main_phase_limits = 03E804B0
  spll_state_visit_mask = 00000618
  spll_state_transitions = 00000003
  spll_last_state  = 00000004
  spll_init_count  = 00000001
  dmtd_ref         = 007AC8F0
  dmtd_fb          = 0046AF4F
  dmtd_ref_high_qual_abort = 015AB09A
  dmtd_fb_high_qual_abort = 003B9122
  tag_valid        = 0007640E
  trr_write        = 00076425
  irq              = 00075505
  helper_update    = 00075505
  spll_helper_error = FFFDB610
  spll_helper_output = 0000FFFB
  eic_isr          = FFFF0000
  current_tics     = 0001DDFF
RAW_SNAPSHOT board=DE5 [1-11.1] label=after
  status           = 601E4CC1225082FF
  cpu              = 0000007C00003E04
  marker           = 000000010000B004
  store            = 09CD0A200001D334
  store_count      = 0000000018DAEE81
  exception        = 8000000B00003E04
  clock            = 002867F2B01CBFAC
  boot_generation  = 00000001
  cpu_reset_count  = 00000001
  wr_core_reset_count = 00000001
  si_config_drop_count = 00000001
  pps_cr           = 01312D06
  pps_escr         = 0000000C
  ep_mach          = 02000200
  ep_macl          = 22334401
  ep_dsr           = 42000000
  ptp              = 01014106
  ptp_rx           = 000000A3
  ptp_tx           = 00000173
  ptp_meta         = 02020406
  tx               = 000001F4
  rx               = 000000FD
  rxerr            = 00000000
  ptp_types        = 01010101
  foreign_meta     = 0000FF00
  filter_meta      = 00000000
  parse_meta       = 00010125
  wr_rx_signal     = 10000001
  wr_tx_signal     = 10010004
  wr_failure       = 01030001
  wr_state         = A0000064
  wr_reject        = 00000000
  pstat            = 00000001
  sstat            = 00000000
  sec_h            = 00000000
  sec_l            = 0000007E
  ns               = 0861A620
  lock_enable      = 00000000
  lock_result      = 00000000
  lock_polls       = 00000000
  lock_unlocked    = 00000000
  lock_calibration_fail = 00000000
  spll_state       = 00020004
  spll_ocer        = 4E7AD201
  spll_rcer        = 00000000
  spll_occr        = 080001B1
  spll_trr_csr     = 0006B2C2
  spll_dac_hpll    = A8FAC750
  spll_dac_main    = 00000003
  spll_helper_state = 00000100
  spll_helper_limits = 271000C8
  spll_main_state  = 00000000
  spll_main_limits = 00320032
  spll_main_phase_limits = 03E804B0
  spll_state_visit_mask = 00000618
  spll_state_transitions = 00000003
  spll_last_state  = 00000004
  spll_init_count  = 00000001
  dmtd_ref         = 007B2391
  dmtd_fb          = 004705EC
  dmtd_ref_high_qual_abort = 015DC66F
  dmtd_fb_high_qual_abort = 003E4B17
  tag_valid        = 0007BAAB
  trr_write        = 0007BAC2
  irq              = 0007B2C2
  helper_update    = 0007B2C2
  spll_helper_error = FFFDB610
  spll_helper_output = 0000FFFB
  eic_isr          = FFFF0000
  current_tics     = 0001F187
RAW mailbox completion toggle wb_sync_toggle=0

============================================================
White Rabbit Runtime 診斷：DE5 [1-11.2]
============================================================

## [Step 1] PHY / 光纖 Link
[pass] si_config_done           結果: 1/1
[pass] wr_ready                 結果: 1/1
[pass] core_tm_link_up          結果: 1/1
[pass] core_link_ok             結果: 1/1
[pass] wr_rx_ready              結果: 1/1
[pass] wr_tx_ready              結果: 1/1
[pass] core_phy_rst             結果: 0/0
[pass] si_id_error              結果: 0/0
[pass] wr_rx_enc_err            結果: 0/0
[pass] wr_tx_enc_err            結果: 0/0
[pass] CPU_RESET_n              結果: 1/1
[pass] wr_rx_locked_to_data     結果: 1/1
[info] wr_rx_locked_to_ref      結果: 1/NA
[info] MOD_PRS_n                結果: 0/NA
[info] INTERRUPT_n              結果: 1/NA
Step 1 pass

## [Step 2] Endpoint / MiniNIC / PTP
[pass] EP_MAC_H/EP_MAC_L        結果: 02:00:22:33:44:02/02:00:22:33:44:02
[pass] WDIAGS_MODE              結果: 3 SLAVE/3 SLAVE
[pass] WDIAGS_PTP               結果: 9 SLAVE (raw=00004109)/9 SLAVE
[pass] WDIAGS_PTP_RX            結果: Δ=26/Δ>0
RAW WDIAGS_PTP_RX            before=0x00000173 after=0x0000018D delta=26
[pass] WDIAGS_PTP_TX            結果: Δ=2/Δ>0
RAW WDIAGS_PTP_TX            before=0x00000077 after=0x00000079 delta=2
[pass] WDIAGS_TX                結果: Δ=19/Δ>0
RAW WDIAGS_TX                before=0x00000110 after=0x00000123 delta=19
[pass] WDIAGS_RX                結果: Δ=32/Δ>0
RAW WDIAGS_RX                before=0x000001CF after=0x000001EF delta=32
[pass] WDIAGS_RXERR             結果: Δ=0/Δ=0
RAW WDIAGS_RXERR             before=0x00000000 after=0x00000000 delta=0
Step 2 pass

## [Step 3] WR Parent / Signaling
[pass] WDIAGS_FOREIGN_META      結果: 1/1
[pass] WDIAGS_FOREIGN_META      結果: 0/0
[info] WDIAGS_FOREIGN_META      結果: detection=0 config=3/NA
[pass] parentIsWRnode           結果: 1/1
[info] parentWrModeOn           結果: 0/NA
[pass] parentCalibrated         結果: 1/1
[pass] WR_RX_SIGNAL_DEBUG       結果: LOCK count=1/LOCK 0x1001,count>0
[pass] WR_TX_SIGNAL_DEBUG       結果: SLAVE_PRESENT count=1/SLAVE_PRESENT 0x1000,count>0
[info] WDIAGS_TEMP              結果: WRS_IDLE next=WRS_IDLE POST_STEP3_TIMEOUT/NA
[pass] LOCK_ENABLE              結果: 4/> 0
[info] WR_FAILURE_DEBUG         結果: TIMEOUT last_fail_state=WRS_S_LOCK failure_count=1/NA
Step 3 pass

## [Step 4B] Slave SoftPLL Startup
[pass] LOCK_ENABLE_COUNT        結果: 4/> 0
[pass] SPLL_MODE                結果: 3 (SPLL_MODE_SLAVE)/3 SPLL_MODE_SLAVE
[pass] SPLL_SEQ_STATE           結果: 4 (SEQ_WAIT_HELPER)/active, not 0/7
[pass] SPLL_STATE_VISIT_MASK    結果: 0x00000618/> 0
[pass] SPLL_INIT_COUNT          結果: 4/> 0
[pass] RCER                     結果: 0x00000001/> 0
[pass] OCER                     結果: 0x95629201/> 0
[info] SPLL_ALIGN_STATE         結果: 0/NA
[info] SPLL_STATE_TRANSITIONS   結果: 0x00000003/NA
[info] SPLL_LAST_STATE          結果: 4 (SEQ_WAIT_HELPER)/NA
[info] OCCR                     結果: 0xBF000122/NA
[pass] DMTD_REF_ACCEPT_EVENT    結果: Δ=21179/Δ>=0
RAW DMTD_REF_ACCEPT_EVENT    before=0x0252BE69 after=0x02531124 delta=21179
[pass] DMTD_FB_ACCEPT_EVENT     結果: Δ=22209/Δ>=0
RAW DMTD_FB_ACCEPT_EVENT     before=0x0289C7D0 after=0x028A1E91 delta=22209
[pass] DMTD_ACCEPT              結果: Δ=43388/Δ>0
[pass] SPLL_TAG_VALID_COUNT     結果: Δ=43381/Δ>0
RAW SPLL_TAG_VALID_COUNT     before=0x000991B6 after=0x000A3B2B delta=43381
[pass] SPLL_TRR_WRITE_COUNT     結果: Δ=43379/Δ>0
RAW SPLL_TRR_WRITE_COUNT     before=0x000991E4 after=0x000A3B57 delta=43379
[pass] WRPC_SPLL_TRR_POP_COUNT  結果: Δ=39072/Δ>0
RAW WRPC_SPLL_TRR_POP_COUNT  before=0x00098A92 after=0x000A2332 delta=39072
[pass] WDIAGS_IRQ_COUNT         結果: Δ=38376/Δ>0
RAW WDIAGS_IRQ_COUNT         before=0x00095ED3 after=0x0009F4BB delta=38376
[pass] WDIAGS_HELPER_UPDATE_COUNT 結果: Δ=19072/Δ>0
RAW WDIAGS_HELPER_UPDATE_COUNT before=0x00020885 after=0x00025305 delta=19072
[pass] BOOT_GENERATION          結果: Δ=0/Δ=0
RAW BOOT_GENERATION          before=0x00000001 after=0x00000001 delta=0
[pass] CPU_RESET_COUNT          結果: Δ=0/Δ=0
RAW CPU_RESET_COUNT          before=0x00000001 after=0x00000001 delta=0
[pass] WR_CORE_RESET_COUNT      結果: Δ=0/Δ=0
RAW WR_CORE_RESET_COUNT      before=0x00000001 after=0x00000001 delta=0
[pass] SI_CONFIG_DROP_COUNT     結果: Δ=0/Δ=0
RAW SI_CONFIG_DROP_COUNT     before=0x00000001 after=0x00000001 delta=0
STEP4B_ALLOWED = YES
STEP4B_RESULT = PASS
STEP4B_FIRST_INACTIVE_BOUNDARY = ACTIVE
Step 4B pass
Step 4 pass

## [Step 5] Closed-loop Lock
STEP5_LOCKDET_BEFORE: HELPER locked=0 changed=0 cnt=277/10000 threshold=200 ref_src=0 MAIN enabled=0 locked=0 freq=0 phase=0 freq_cnt=0/50 phase_cnt=0/1000 PSTAT_locked=0
STEP5_LOCKDET_AFTER: HELPER locked=0 changed=0 cnt=100/10000 threshold=200 ref_src=0 MAIN enabled=0 locked=0 freq=0 phase=0 freq_cnt=0/50 phase_cnt=0/1000 PSTAT_locked=0
[error] WDIAGS_PSTAT             結果: 0/1
STEP5_RESULT = NEVER_LOCKED
STEP5_FIRST_INACTIVE_BOUNDARY = HELPER_LOCK
Step 5 NA (single window is not stable-lock proof)

## [Step 6] Global Time
Step 6 NA

============================================================
White Rabbit Runtime 診斷：DE5 [1-11.2]
============================================================
Step 1 PHY / Link             pass
Step 2 Endpoint / PTP         pass
Step 3 WR Handshake           pass
Step 4 Step4B Slave SoftPLL Startup pass
Step 5 Closed-loop Lock       NA
Step 6 Global Time            NA
STEP1_REGRESSION = PASS
STEP2_REGRESSION = PASS
STEP3_REGRESSION = PASS
STEP4B_ALLOWED = YES
STEP4B_RESULT = PASS
STEP4B_FIRST_INACTIVE_BOUNDARY = ACTIVE
STEP5_RESULT = NEVER_LOCKED
STEP5_FIRST_INACTIVE_BOUNDARY = HELPER_LOCK
FAILURE_CLASSIFICATION = NO_FAILURE_EVIDENCE
============================================================

================ RAW_SNAPSHOT ================
RAW_SNAPSHOT board=DE5 [1-11.2] label=before
  status           = A210806137BC82CF
  cpu              = 0000007C0000BE70
  marker           = 000000010000B004
  store            = 000000000001E1EC
  store_count      = 0000000016A1CB36
  exception        = 8000000B00013F24
  clock            = 0028220A1A062544
  boot_generation  = 00000001
  cpu_reset_count  = 00000001
  wr_core_reset_count = 00000001
  si_config_drop_count = 00000001
  pps_cr           = 01312D02
  pps_escr         = 00000000
  ep_mach          = 02000200
  ep_macl          = 22334402
  ep_dsr           = 42000000
  ptp              = 00004109
  ptp_rx           = 00000173
  ptp_tx           = 00000077
  ptp_meta         = 03020409
  tx               = 00000110
  rx               = 000001CF
  rxerr            = 00000000
  ptp_types        = 04532A53
  foreign_meta     = 03000001
  filter_meta      = 00000000
  parse_meta       = 05012A82
  wr_rx_signal     = 10010001
  wr_tx_signal     = 10000001
  wr_failure       = 02020001
  wr_state         = A000035C
  wr_reject        = 00000000
  pstat            = 00000001
  sstat            = 00000001
  sec_h            = 00000000
  sec_l            = 0000007E
  ns               = 0B1BAF38
  lock_enable      = 00000004
  lock_result      = 00000001
  lock_polls       = 000D8D23
  lock_unlocked    = 000D8D23
  lock_calibration_fail = 00000000
  spll_state       = 00030004
  spll_ocer        = 50424801
  spll_rcer        = 00000001
  spll_occr        = C30001C3
  spll_trr_csr     = 000A8A92
  spll_dac_hpll    = A7C0320E
  spll_dac_main    = 00000002
  spll_helper_state = 01150000
  spll_helper_limits = 271000C8
  spll_main_state  = 00000000
  spll_main_limits = 00320032
  spll_main_phase_limits = 03E804B0
  spll_state_visit_mask = 00000618
  spll_state_transitions = 00000003
  spll_last_state  = 00000004
  spll_init_count  = 00000004
  dmtd_ref         = 0252BE69
  dmtd_fb          = 0289C7D0
  dmtd_ref_high_qual_abort = 001B97D8
  dmtd_fb_high_qual_abort = 0003ABD0
  tag_valid        = 000991B6
  trr_write        = 000991E4
  irq              = 00095ED3
  helper_update    = 00020885
  spll_helper_error = 000000A9
  spll_helper_output = 00001DDB
  eic_isr          = FFFF0000
  current_tics     = 00016866
RAW_SNAPSHOT board=DE5 [1-11.2] label=after
  status           = 121080C3275082CF
  cpu              = 0000007C00018564
  marker           = 000000010000B004
  store            = 00183C440001E06C
  store_count      = 0000000017FD2C4D
  exception        = 8000000B0000BE88
  clock            = 002E7A2D71837D6E
  boot_generation  = 00000001
  cpu_reset_count  = 00000001
  wr_core_reset_count = 00000001
  si_config_drop_count = 00000001
  pps_cr           = 01312D02
  pps_escr         = 00000000
  ep_mach          = 02000200
  ep_macl          = 22334402
  ep_dsr           = 42000000
  ptp              = 00004109
  ptp_rx           = 0000018D
  ptp_tx           = 00000079
  ptp_meta         = 03020409
  tx               = 00000123
  rx               = 000001EF
  rxerr            = 00000000
  ptp_types        = 04592D59
  foreign_meta     = 03000001
  filter_meta      = 00000000
  parse_meta       = 05012D9B
  wr_rx_signal     = 10010001
  wr_tx_signal     = 10000001
  wr_failure       = 02020001
  wr_state         = A000035C
  wr_reject        = 00000000
  pstat            = 00000001
  sstat            = 00000001
  sec_h            = 00000000
  sec_l            = 00000084
  ns               = 0B1C9BC0
  lock_enable      = 00000004
  lock_result      = 00000001
  lock_polls       = 000D8D23
  lock_unlocked    = 000D8D23
  lock_calibration_fail = 00000000
  spll_state       = 00030004
  spll_ocer        = 95629201
  spll_rcer        = 00000001
  spll_occr        = BF000122
  spll_trr_csr     = 000A2232
  spll_dac_hpll    = CD01078C
  spll_dac_main    = 00000002
  spll_helper_state = 00640000
  spll_helper_limits = 271000C8
  spll_main_state  = 00000000
  spll_main_limits = 00320032
  spll_main_phase_limits = 03E804B0
  spll_state_visit_mask = 00000618
  spll_state_transitions = 00000003
  spll_last_state  = 00000004
  spll_init_count  = 00000004
  dmtd_ref         = 02531124
  dmtd_fb          = 028A1E91
  dmtd_ref_high_qual_abort = 001D9699
  dmtd_fb_high_qual_abort = 0003ED8C
  tag_valid        = 000A3B2B
  trr_write        = 000A3B57
  irq              = 0009F4BB
  helper_update    = 00025305
  spll_helper_error = 00000740
  spll_helper_output = 00001A59
  eic_isr          = FFFF0000
  current_tics     = 00000000

============================================================
STEP4A_RESULT = PASS
STEP4B_ALLOWED = YES
STEP4B_RESULT = PASS
STEP4B_FIRST_INACTIVE_BOUNDARY = ACTIVE
STEP5_RESULT = NOT_APPLICABLE_MASTER
STEP5_FIRST_INACTIVE_BOUNDARY = SLAVE_ONLY
STEP5_RESULT = NEVER_LOCKED
STEP5_FIRST_INACTIVE_BOUNDARY = HELPER_LOCK
============================================================
Info (23030): Evaluation of Tcl script scripts/jtag/read_wb_runtime.tcl was successful
Info: Quartus Prime Signal Tap was successful. 0 errors, 0 warnings
    Info: Peak virtual memory: 677 megabytes
    Info: Processing ended: Sun Aug 30 10:00:43 2026
    Info: Elapsed time: 00:00:13
    Info: System process ID: 843910
