Info: *******************************************************************
Info: Running Quartus Prime Signal Tap
    Info: Version 21.3.0 Build 170 09/23/2021 SC Pro Edition
    Info: Copyright (C) 2021  Intel Corporation. All rights reserved.
    Info: Your use of Intel Corporation's design tools, logic functions 
    Info: and other software and tools, and any partner logic 
    Info: functions, and any output files from any of the foregoing 
    Info: (including device programming or simulation files), and any 
    Info: associated documentation or information are expressly subject 
    Info: to the terms and conditions of the Intel Program License 
    Info: Subscription Agreement, the Intel Quartus Prime License Agreement,
    Info: the Intel FPGA IP License Agreement, or other applicable license
    Info: agreement, including, without limitation, that your use is for
    Info: the sole purpose of programming logic devices manufactured by
    Info: Intel and sold by Intel or its authorized distributors.  Please
    Info: refer to the applicable agreement for further details, at
    Info: https://fpgasoftware.intel.com/eula.
    Info: Processing started: Sun Aug 30 10:06:44 2026
    Info: System process ID: 846180
Info: Command: quartus_stp -t scripts/jtag/read_wb_runtime.tcl --raw
Info: Quartus(args): --raw
RAW mailbox completion toggle wb_sync_toggle=0

============================================================
White Rabbit Runtime 診斷：DE5 [1-11.1]
============================================================

## [Step 1] PHY / 光纖 Link
[pass] si_config_done           結果: 1/1
[pass] wr_ready                 結果: 1/1
[pass] core_tm_link_up          結果: 1/1
[pass] core_link_ok             結果: 1/1
[pass] wr_rx_ready              結果: 1/1
[pass] wr_tx_ready              結果: 1/1
[pass] core_phy_rst             結果: 0/0
[pass] si_id_error              結果: 0/0
[pass] wr_rx_enc_err            結果: 0/0
[pass] wr_tx_enc_err            結果: 0/0
[pass] CPU_RESET_n              結果: 1/1
[pass] wr_rx_locked_to_data     結果: 1/1
[info] wr_rx_locked_to_ref      結果: 0/NA
[info] MOD_PRS_n                結果: 0/NA
[info] INTERRUPT_n              結果: 1/NA
Step 1 pass

## [Step 2] Endpoint / MiniNIC / PTP
[pass] EP_MAC_H/EP_MAC_L        結果: 02:00:22:33:44:01/02:00:22:33:44:01
[pass] WDIAGS_MODE              結果: 2 MASTER/2 MASTER
[pass] WDIAGS_PTP               結果: 6 MASTER (raw=01014106)/6 MASTER
[pass] WDIAGS_PTP_RX            結果: Δ=13/Δ>0
RAW WDIAGS_PTP_RX            before=0x00000396 after=0x000003A3 delta=13
[pass] WDIAGS_PTP_TX            結果: Δ=27/Δ>0
RAW WDIAGS_PTP_TX            before=0x000007F8 after=0x00000813 delta=27
[pass] WDIAGS_TX                結果: Δ=34/Δ>0
RAW WDIAGS_TX                before=0x00000A31 after=0x00000A53 delta=34
[pass] WDIAGS_RX                結果: Δ=19/Δ>0
RAW WDIAGS_RX                before=0x0000055F after=0x00000572 delta=19
[pass] WDIAGS_RXERR             結果: Δ=0/Δ=0
RAW WDIAGS_RXERR             before=0x00000000 after=0x00000000 delta=0
Step 2 pass

## [Step 3] WR Parent / Signaling
Step 3 NA

## [Step 4A] Master SoftPLL Event Chain
[pass] DMTD_REF_ACCEPT_EVENT    結果: Δ=23203/Δ>=0
RAW DMTD_REF_ACCEPT_EVENT    before=0x00929F95 after=0x0092FA38 delta=23203
[pass] DMTD_FB_ACCEPT_EVENT     結果: Δ=22175/Δ>=0
RAW DMTD_FB_ACCEPT_EVENT     before=0x005D7762 after=0x005DCE01 delta=22175
[pass] DMTD_ACCEPT              結果: Δ=45378/Δ>0
[pass] SPLL_TAG_VALID_COUNT     結果: Δ=22175/Δ>0
RAW SPLL_TAG_VALID_COUNT     before=0x001E2C21 after=0x001E82C0 delta=22175
[pass] SPLL_TRR_WRITE_COUNT     結果: Δ=22176/Δ>0
RAW SPLL_TRR_WRITE_COUNT     before=0x001E2C37 after=0x001E82D7 delta=22176
[pass] WRPC_SPLL_TRR_POP_COUNT  結果: Δ=20000/Δ>0
RAW WRPC_SPLL_TRR_POP_COUNT  before=0x001E28D8 after=0x001E76F8 delta=20000
[pass] WDIAGS_IRQ_COUNT         結果: Δ=20000/Δ>0
RAW WDIAGS_IRQ_COUNT         before=0x001E28D8 after=0x001E76F8 delta=20000
[pass] WDIAGS_HELPER_UPDATE_COUNT 結果: Δ=20000/Δ>0
RAW WDIAGS_HELPER_UPDATE_COUNT before=0x001E28D8 after=0x001E76F8 delta=20000
[pass] BOOT_GENERATION          結果: Δ=0/Δ=0
RAW BOOT_GENERATION          before=0x00000001 after=0x00000001 delta=0
[pass] CPU_RESET_COUNT          結果: Δ=0/Δ=0
RAW CPU_RESET_COUNT          before=0x00000001 after=0x00000001 delta=0
[pass] WR_CORE_RESET_COUNT      結果: Δ=0/Δ=0
RAW WR_CORE_RESET_COUNT      before=0x00000001 after=0x00000001 delta=0
[pass] SI_CONFIG_DROP_COUNT     結果: Δ=0/Δ=0
RAW SI_CONFIG_DROP_COUNT     before=0x00000001 after=0x00000001 delta=0
STEP4A_MASTER_EVENT_CHAIN = PASS
Step 4 pass

## [Step 5] Closed-loop Lock
STEP5_RESULT = NOT_APPLICABLE_MASTER
STEP5_FIRST_INACTIVE_BOUNDARY = SLAVE_ONLY
Step 5 NA (Step5 closed-loop gate is for Slave)

## [Step 6] Global Time
Step 6 NA

============================================================
White Rabbit Runtime 診斷：DE5 [1-11.1]
============================================================
Step 1 PHY / Link             pass
Step 2 Endpoint / PTP         pass
Step 3 WR Handshake           NA
Step 4 Step4A Master Event Chain pass
Step 5 Closed-loop Lock       NA
Step 6 Global Time            NA
STEP1_REGRESSION = PASS
STEP2_REGRESSION = PASS
STEP3_REGRESSION = PASS
STEP4A_RESULT = PASS
STEP5_RESULT = NOT_APPLICABLE_MASTER
STEP5_FIRST_INACTIVE_BOUNDARY = SLAVE_ONLY
FAILURE_CLASSIFICATION = NO_FAILURE_EVIDENCE
============================================================

================ RAW_SNAPSHOT ================
RAW_SNAPSHOT board=DE5 [1-11.1] label=before
  status           = F01E4CC1225082FF
  cpu              = 0000007C00003E14
  marker           = 000000010000B004
  store            = 33FAE6780002FFB8
  store_count      = 0000000070D4E8BF
  exception        = 8000000B00018534
  clock            = 002C0BF125246196
  boot_generation  = 00000001
  cpu_reset_count  = 00000001
  wr_core_reset_count = 00000001
  si_config_drop_count = 00000001
  pps_cr           = 01312D06
  pps_escr         = 0000018C
  ep_mach          = 02000200
  ep_macl          = 22334401
  ep_dsr           = 42000000
  ptp              = 01014106
  ptp_rx           = 00000396
  ptp_tx           = 000007F8
  ptp_meta         = 02020406
  tx               = 00000A31
  rx               = 0000055F
  rxerr            = 00000000
  ptp_types        = 01010101
  foreign_meta     = 0000FF00
  filter_meta      = 00000000
  parse_meta       = 00010101
  wr_rx_signal     = 10000001
  wr_tx_signal     = 10010004
  wr_failure       = 01030001
  wr_state         = A0000064
  wr_reject        = 00000000
  pstat            = 00000001
  sstat            = 00000000
  sec_h            = 00000000
  sec_l            = 000001ED
  ns               = 08A97000
  lock_enable      = 00000000
  lock_result      = 00000000
  lock_polls       = 00000000
  lock_unlocked    = 00000000
  lock_calibration_fail = 00000000
  spll_state       = 00020004
  spll_ocer        = 0B585401
  spll_rcer        = 00000000
  spll_occr        = 91000129
  spll_trr_csr     = 001E28D8
  spll_dac_hpll    = 5ED62BD5
  spll_dac_main    = 0000000E
  spll_helper_state = 00000100
  spll_helper_limits = 271000C8
  spll_main_state  = 00000000
  spll_main_limits = 00320032
  spll_main_phase_limits = 03E804B0
  spll_state_visit_mask = 00000618
  spll_state_transitions = 00000003
  spll_last_state  = 00000004
  spll_init_count  = 00000001
  dmtd_ref         = 00929F95
  dmtd_fb          = 005D7762
  dmtd_ref_high_qual_abort = 022A8E6F
  dmtd_fb_high_qual_abort = 00F31EC5
  tag_valid        = 001E2C21
  trr_write        = 001E2C37
  irq              = 001E28D8
  helper_update    = 001E28D8
  spll_helper_error = FFFDB610
  spll_helper_output = 0000FFFB
  eic_isr          = FFFF0000
  current_tics     = 00078F07
RAW_SNAPSHOT board=DE5 [1-11.1] label=after
  status           = 901E4C6132BC82FF
  cpu              = 0000007C00018480
  marker           = 000000010000B004
  store            = 001000000002FF6C
  store_count      = 0000000072288998
  exception        = 8000000B000185E0
  clock            = 003C5D7775F4B314
  boot_generation  = 00000001
  cpu_reset_count  = 00000001
  wr_core_reset_count = 00000001
  si_config_drop_count = 00000001
  pps_cr           = 01312D06
  pps_escr         = 0000010C
  ep_mach          = 02000200
  ep_macl          = 22334401
  ep_dsr           = 42000000
  ptp              = 01014106
  ptp_rx           = 000003A3
  ptp_tx           = 00000813
  ptp_meta         = 02020406
  tx               = 00000A53
  rx               = 00000572
  rxerr            = 00000000
  ptp_types        = 01010101
  foreign_meta     = 0000FF00
  filter_meta      = 00000000
  parse_meta       = 00010115
  wr_rx_signal     = 10000001
  wr_tx_signal     = 10010004
  wr_failure       = 01030001
  wr_state         = A0000064
  wr_reject        = 00000000
  pstat            = 00000001
  sstat            = 00000000
  sec_h            = 00000000
  sec_l            = 000001F3
  ns               = 08AA9DC8
  lock_enable      = 00000000
  lock_result      = 00000000
  lock_polls       = 00000000
  lock_unlocked    = 00000000
  lock_calibration_fail = 00000000
  spll_state       = 00020004
  spll_ocer        = 8397A601
  spll_rcer        = 00000000
  spll_occr        = 930001E3
  spll_trr_csr     = 001E76F8
  spll_dac_hpll    = 84170D4E
  spll_dac_main    = 0000000E
  spll_helper_state = 00000100
  spll_helper_limits = 271000C8
  spll_main_state  = 00000000
  spll_main_limits = 00320032
  spll_main_phase_limits = 03E804B0
  spll_state_visit_mask = 00000618
  spll_state_transitions = 00000003
  spll_last_state  = 00000004
  spll_init_count  = 00000001
  dmtd_ref         = 0092FA38
  dmtd_fb          = 005DCE01
  dmtd_ref_high_qual_abort = 022DA333
  dmtd_fb_high_qual_abort = 00F5D882
  tag_valid        = 001E82C0
  trr_write        = 001E82D7
  irq              = 001E76F8
  helper_update    = 001E76F8
  spll_helper_error = FFFDB610
  spll_helper_output = 0000FFFB
  eic_isr          = FFFF0000
  current_tics     = 0007A28F
RAW mailbox completion toggle wb_sync_toggle=1

============================================================
White Rabbit Runtime 診斷：DE5 [1-11.2]
============================================================

## [Step 1] PHY / 光纖 Link
[pass] si_config_done           結果: 1/1
[pass] wr_ready                 結果: 1/1
[pass] core_tm_link_up          結果: 1/1
[pass] core_link_ok             結果: 1/1
[pass] wr_rx_ready              結果: 1/1
[pass] wr_tx_ready              結果: 1/1
[pass] core_phy_rst             結果: 0/0
[pass] si_id_error              結果: 0/0
[pass] wr_rx_enc_err            結果: 0/0
[pass] wr_tx_enc_err            結果: 0/0
[pass] CPU_RESET_n              結果: 1/1
[pass] wr_rx_locked_to_data     結果: 1/1
[info] wr_rx_locked_to_ref      結果: 0/NA
[info] MOD_PRS_n                結果: 0/NA
[info] INTERRUPT_n              結果: 1/NA
Step 1 pass

## [Step 2] Endpoint / MiniNIC / PTP
[pass] EP_MAC_H/EP_MAC_L        結果: 02:00:22:33:44:02/02:00:22:33:44:02
[pass] WDIAGS_MODE              結果: 3 SLAVE/3 SLAVE
[pass] WDIAGS_PTP               結果: 9 SLAVE (raw=00004109)/9 SLAVE
[pass] WDIAGS_PTP_RX            結果: Δ=22/Δ>0
RAW WDIAGS_PTP_RX            before=0x00000819 after=0x0000082F delta=22
[pass] WDIAGS_PTP_TX            結果: Δ=6/Δ>0
RAW WDIAGS_PTP_TX            before=0x0000015F after=0x00000165 delta=6
[pass] WDIAGS_TX                結果: Δ=16/Δ>0
RAW WDIAGS_TX                before=0x000005D4 after=0x000005E4 delta=16
[pass] WDIAGS_RX                結果: Δ=27/Δ>0
RAW WDIAGS_RX                before=0x000009EB after=0x00000A06 delta=27
[pass] WDIAGS_RXERR             結果: Δ=0/Δ=0
RAW WDIAGS_RXERR             before=0x00000000 after=0x00000000 delta=0
Step 2 pass

## [Step 3] WR Parent / Signaling
[pass] WDIAGS_FOREIGN_META      結果: 1/1
[pass] WDIAGS_FOREIGN_META      結果: 0/0
[info] WDIAGS_FOREIGN_META      結果: detection=0 config=3/NA
[pass] parentIsWRnode           結果: 1/1
[info] parentWrModeOn           結果: 0/NA
[pass] parentCalibrated         結果: 1/1
[pass] WR_RX_SIGNAL_DEBUG       結果: LOCK count=1/LOCK 0x1001,count>0
[pass] WR_TX_SIGNAL_DEBUG       結果: SLAVE_PRESENT count=1/SLAVE_PRESENT 0x1000,count>0
[info] WDIAGS_TEMP              結果: WRS_IDLE next=WRS_IDLE POST_STEP3_TIMEOUT/NA
[pass] LOCK_ENABLE              結果: 4/> 0
[info] WR_FAILURE_DEBUG         結果: TIMEOUT last_fail_state=WRS_S_LOCK failure_count=1/NA
Step 3 pass

## [Step 4B] Slave SoftPLL Startup
[pass] LOCK_ENABLE_COUNT        結果: 4/> 0
[pass] SPLL_MODE                結果: 3 (SPLL_MODE_SLAVE)/3 SPLL_MODE_SLAVE
[pass] SPLL_SEQ_STATE           結果: 4 (SEQ_WAIT_HELPER)/active, not 0/7
[pass] SPLL_STATE_VISIT_MASK    結果: 0x00000618/> 0
[pass] SPLL_INIT_COUNT          結果: 4/> 0
[pass] RCER                     結果: 0x00000001/> 0
[pass] OCER                     結果: 0xBF394801/> 0
[info] SPLL_ALIGN_STATE         結果: 0/NA
[info] SPLL_STATE_TRANSITIONS   結果: 0x00000003/NA
[info] SPLL_LAST_STATE          結果: 4 (SEQ_WAIT_HELPER)/NA
[info] OCCR                     結果: 0x4E000170/NA
[pass] DMTD_REF_ACCEPT_EVENT    結果: Δ=21153/Δ>=0
RAW DMTD_REF_ACCEPT_EVENT    before=0x026877DE after=0x0268CA7F delta=21153
[pass] DMTD_FB_ACCEPT_EVENT     結果: Δ=22181/Δ>=0
RAW DMTD_FB_ACCEPT_EVENT     before=0x02A08FD6 after=0x02A0E67B delta=22181
[pass] DMTD_ACCEPT              結果: Δ=43334/Δ>0
[pass] SPLL_TAG_VALID_COUNT     結果: Δ=43335/Δ>0
RAW SPLL_TAG_VALID_COUNT     before=0x00361328 after=0x0036BC6F delta=43335
[pass] SPLL_TRR_WRITE_COUNT     結果: Δ=43335/Δ>0
RAW SPLL_TRR_WRITE_COUNT     before=0x00361355 after=0x0036BC9C delta=43335
[pass] WRPC_SPLL_TRR_POP_COUNT  結果: Δ=46887/Δ>0
RAW WRPC_SPLL_TRR_POP_COUNT  before=0x003604A6 after=0x0036BBCD delta=46887
[pass] WDIAGS_IRQ_COUNT         結果: Δ=46054/Δ>0
RAW WDIAGS_IRQ_COUNT         before=0x00350C6B after=0x0035C051 delta=46054
[pass] WDIAGS_HELPER_UPDATE_COUNT 結果: Δ=22887/Δ>0
RAW WDIAGS_HELPER_UPDATE_COUNT before=0x0017BE5D after=0x001817C4 delta=22887
[pass] BOOT_GENERATION          結果: Δ=0/Δ=0
RAW BOOT_GENERATION          before=0x00000001 after=0x00000001 delta=0
[pass] CPU_RESET_COUNT          結果: Δ=0/Δ=0
RAW CPU_RESET_COUNT          before=0x00000001 after=0x00000001 delta=0
[pass] WR_CORE_RESET_COUNT      結果: Δ=0/Δ=0
RAW WR_CORE_RESET_COUNT      before=0x00000001 after=0x00000001 delta=0
[pass] SI_CONFIG_DROP_COUNT     結果: Δ=0/Δ=0
RAW SI_CONFIG_DROP_COUNT     before=0x00000001 after=0x00000001 delta=0
STEP4B_ALLOWED = YES
STEP4B_RESULT = PASS
STEP4B_FIRST_INACTIVE_BOUNDARY = ACTIVE
Step 4B pass
Step 4 pass

## [Step 5] Closed-loop Lock
STEP5_LOCKDET_BEFORE: HELPER locked=0 changed=0 cnt=2576/10000 threshold=200 ref_src=0 MAIN enabled=0 locked=0 freq=0 phase=0 freq_cnt=0/50 phase_cnt=0/1000 PSTAT_locked=0
STEP5_LOCKDET_AFTER: HELPER locked=0 changed=0 cnt=3180/10000 threshold=200 ref_src=0 MAIN enabled=0 locked=0 freq=0 phase=0 freq_cnt=0/50 phase_cnt=0/1000 PSTAT_locked=0
[error] WDIAGS_PSTAT             結果: 0/1
STEP5_RESULT = NEVER_LOCKED
STEP5_FIRST_INACTIVE_BOUNDARY = HELPER_LOCK
Step 5 NA (single window is not stable-lock proof)

## [Step 6] Global Time
Step 6 NA

============================================================
White Rabbit Runtime 診斷：DE5 [1-11.2]
============================================================
Step 1 PHY / Link             pass
Step 2 Endpoint / PTP         pass
Step 3 WR Handshake           pass
Step 4 Step4B Slave SoftPLL Startup pass
Step 5 Closed-loop Lock       NA
Step 6 Global Time            NA
STEP1_REGRESSION = PASS
STEP2_REGRESSION = PASS
STEP3_REGRESSION = PASS
STEP4B_ALLOWED = YES
STEP4B_RESULT = PASS
STEP4B_FIRST_INACTIVE_BOUNDARY = ACTIVE
STEP5_RESULT = NEVER_LOCKED
STEP5_FIRST_INACTIVE_BOUNDARY = HELPER_LOCK
FAILURE_CLASSIFICATION = NO_FAILURE_EVIDENCE
============================================================

================ RAW_SNAPSHOT ================
RAW_SNAPSHOT board=DE5 [1-11.2] label=before
  status           = 7210806137BC82CF
  cpu              = 0000007C0000C150
  marker           = 000000010000B004
  store            = 0B0102C00001D334
  store_count      = 0000000071E1275C
  exception        = 8000000B00003E1C
  clock            = 002B0D6AD9F312C1
  boot_generation  = 00000001
  cpu_reset_count  = 00000001
  wr_core_reset_count = 00000001
  si_config_drop_count = 00000001
  pps_cr           = 01312D02
  pps_escr         = 00000100
  ep_mach          = 02000200
  ep_macl          = 22334402
  ep_dsr           = 42000000
  ptp              = 00004109
  ptp_rx           = 00000819
  ptp_tx           = 0000015F
  ptp_meta         = 03020409
  tx               = 000005D4
  rx               = 000009EB
  rxerr            = 00000000
  ptp_types        = 04C7E5C7
  foreign_meta     = 03000001
  filter_meta      = 00000000
  parse_meta       = 0501E544
  wr_rx_signal     = 10010001
  wr_tx_signal     = 10000001
  wr_failure       = 02020001
  wr_state         = A000035C
  wr_reject        = 00000000
  pstat            = 00000001
  sstat            = 00000001
  sec_h            = 00000000
  sec_l            = 000001F4
  ns               = 0B4F1820
  lock_enable      = 00000004
  lock_result      = 00000001
  lock_polls       = 000D8D23
  lock_unlocked    = 000D8D23
  lock_calibration_fail = 00000000
  spll_state       = 00030004
  spll_ocer        = 7A4FFE01
  spll_rcer        = 00000001
  spll_occr        = 5500016A
  spll_trr_csr     = 003604A6
  spll_dac_hpll    = 82D7A5E0
  spll_dac_main    = 0000000D
  spll_helper_state = 0A100000
  spll_helper_limits = 271000C8
  spll_main_state  = 00000000
  spll_main_limits = 00320032
  spll_main_phase_limits = 03E804B0
  spll_state_visit_mask = 00000618
  spll_state_transitions = 00000003
  spll_last_state  = 00000004
  spll_init_count  = 00000004
  dmtd_ref         = 026877DE
  dmtd_fb          = 02A08FD6
  dmtd_ref_high_qual_abort = 009AFD40
  dmtd_fb_high_qual_abort = 0014D0C3
  tag_valid        = 00361328
  trr_write        = 00361355
  irq              = 00350C6B
  helper_update    = 0017BE5D
  spll_helper_error = FFFFFF80
  spll_helper_output = 00003579
  eic_isr          = FFFF0000
  current_tics     = 0007196E
RAW_SNAPSHOT board=DE5 [1-11.2] label=after
  status           = 72108061379C82CF
  cpu              = 0000007C00003E14
  marker           = 000000010000B004
  store            = 000002310001D324
  store_count      = 00000000733C608A
  exception        = 8000000B00018574
  clock            = 002A595625395EB4
  boot_generation  = 00000001
  cpu_reset_count  = 00000001
  wr_core_reset_count = 00000001
  si_config_drop_count = 00000001
  pps_cr           = 01312D02
  pps_escr         = 00000100
  ep_mach          = 02000200
  ep_macl          = 22334402
  ep_dsr           = 42000000
  ptp              = 00004109
  ptp_rx           = 0000082F
  ptp_tx           = 00000165
  ptp_meta         = 03020409
  tx               = 000005E4
  rx               = 00000A06
  rxerr            = 00000000
  ptp_types        = 04CCE7CC
  foreign_meta     = 03000001
  filter_meta      = 03000001
  parse_meta       = 0501E758
  wr_rx_signal     = 10010001
  wr_tx_signal     = 10000001
  wr_failure       = 02020001
  wr_state         = A000035C
  wr_reject        = 00000000
  pstat            = 00000001
  sstat            = 00000001
  sec_h            = 00000000
  sec_l            = 000001F9
  ns               = 0B4FA6F8
  lock_enable      = 00000004
  lock_result      = 00000001
  lock_polls       = 000D8D23
  lock_unlocked    = 000D8D23
  lock_calibration_fail = 00000000
  spll_state       = 00030004
  spll_ocer        = BF394801
  spll_rcer        = 00000001
  spll_occr        = 4E000170
  spll_trr_csr     = 00369C46
  spll_dac_hpll    = A8187971
  spll_dac_main    = 0000000D
  spll_helper_state = 0C6C0000
  spll_helper_limits = 271000C8
  spll_main_state  = 00000000
  spll_main_limits = 00320032
  spll_main_phase_limits = 03E804B0
  spll_state_visit_mask = 00000618
  spll_state_transitions = 00000003
  spll_last_state  = 00000004
  spll_init_count  = 00000004
  dmtd_ref         = 0268CA7F
  dmtd_fb          = 02A0E67B
  dmtd_ref_high_qual_abort = 009CD5EB
  dmtd_fb_high_qual_abort = 00151237
  tag_valid        = 0036BC6F
  trr_write        = 0036BC9C
  irq              = 0035C051
  helper_update    = 001817C4
  spll_helper_error = FFFFFFBF
  spll_helper_output = 000035DA
  eic_isr          = FFFF0000
  current_tics     = 000730DE

============================================================
STEP4A_RESULT = PASS
STEP4B_ALLOWED = YES
STEP4B_RESULT = PASS
STEP4B_FIRST_INACTIVE_BOUNDARY = ACTIVE
STEP5_RESULT = NOT_APPLICABLE_MASTER
STEP5_FIRST_INACTIVE_BOUNDARY = SLAVE_ONLY
STEP5_RESULT = NEVER_LOCKED
STEP5_FIRST_INACTIVE_BOUNDARY = HELPER_LOCK
============================================================
Info (23030): Evaluation of Tcl script scripts/jtag/read_wb_runtime.tcl was successful
Info: Quartus Prime Signal Tap was successful. 0 errors, 0 warnings
    Info: Peak virtual memory: 677 megabytes
    Info: Processing ended: Sun Aug 30 10:06:56 2026
    Info: Elapsed time: 00:00:12
    Info: System process ID: 846180
