Info: *******************************************************************
Info: Running Quartus Prime Signal Tap
    Info: Version 21.3.0 Build 170 09/23/2021 SC Pro Edition
    Info: Copyright (C) 2021  Intel Corporation. All rights reserved.
    Info: Your use of Intel Corporation's design tools, logic functions 
    Info: and other software and tools, and any partner logic 
    Info: functions, and any output files from any of the foregoing 
    Info: (including device programming or simulation files), and any 
    Info: associated documentation or information are expressly subject 
    Info: to the terms and conditions of the Intel Program License 
    Info: Subscription Agreement, the Intel Quartus Prime License Agreement,
    Info: the Intel FPGA IP License Agreement, or other applicable license
    Info: agreement, including, without limitation, that your use is for
    Info: the sole purpose of programming logic devices manufactured by
    Info: Intel and sold by Intel or its authorized distributors.  Please
    Info: refer to the applicable agreement for further details, at
    Info: https://fpgasoftware.intel.com/eula.
    Info: Processing started: Sun Aug 30 23:17:11 2026
    Info: System process ID: 1363971
Info: Command: quartus_stp -t scripts/jtag/read_step5_coherent_closed_loop_trajectory_audit.tcl 1 0
Info: Quartus(args): 1 0
STEP5_GUARDED_HELPER_DYNAMICS_CONFIG samples=1 gap_ms=0 board_filter= experiment=EXP-WRPC-STEP5-HPLL-6208-64-GUARDED-COHERENT-HELPER-DYNAMICS-AUDIT read_only_observer=1 idempotent_guard=1 normal_hpll_tracker=1 bootstrap_steps=6208 code_per_physical_step=64 kp=-150 ki=-2 threshold=200 lock_samples=10000 measurement_window=0x00100B00..0x00100B24 position_probes=43,44 pi_trace_available=NO cadence_ms=0
=== STEP5_CLOSED_LOOP_TRAJECTORY_BOARD DE5 [1-11.1] ===
STEP5_CLOSED_LOOP_SAMPLE board=DE5 [1-11.1] sample=1 elapsed_ms=0 FRAME_VALID=1 COHERENT=1 EPOCH=7499526 TAG_DELTA_USED=15630 EXPECTED_DELTA_USED=16384 FREQ_ERROR_USED=-754 PRECLAMP_ERROR=1445226268 HELPER_ERROR=150000 HELPER_OUTPUT=5 HELPER_UPDATE_COUNT=3749763 DMTD_REF_ACCEPT_COUNT=26963185 DMTD_FB_ACCEPT_COUNT=16350325 POSITION_VALID=0 POSITION_EPOCH=INVALID TARGET_CODE=INVALID APPLIED_CODE=INVALID FINC_COMPLETED=INVALID FDEC_COMPLETED=INVALID NORMAL_REQ=INVALID NORMAL_COMPLETED=INVALID DCO_STEP=INVALID BOOTSTRAP_COMPLETED=INVALID BOOTSTRAP_DONE=INVALID HELPER_LOCKED=0 HELPER_LOCK_COUNT=0 MAIN_ENABLED=0 MAIN_FREQ_LOCKED=0 MAIN_PHASE_LOCKED=0 MAIN_LOCKED=0 PSTAT_LOCKED=0 SPLL_DELOCK_COUNT=0 FORCED_COMPLETED=INVALID BOOT_GENERATION=1 CPU_RESET=1 WR_CORE_RESET=0 SI_CONFIG_DROP=0
STEP5_GUARDED_HELPER_DYNAMICS_SUMMARY board=DE5 [1-11.1] SAMPLES=1 POST_BOOTSTRAP_BASELINE_SAMPLE=NONE POST_BOOTSTRAP_BASELINE_SET=0 COHERENT_MEASUREMENT_SNAPSHOTS=1 REJECTED_EPOCH_SNAPSHOTS=0 REJECTED_ACCOUNTING_CANDIDATES=0 MEASUREMENT_ACCOUNTING_FAILS=0 POSITION_SNAPSHOTS=0 POSITION_INVARIANT_FAILS=0 TRANSACTION_INVARIANT_FAILS=0 DCO_INVARIANT_FAILS=0 FREQ_ERROR_MEAN=-754.0 FREQ_ERROR_RMS=754.0 FREQ_ERROR_MIN=-754 FREQ_ERROR_MAX=-754 FREQ_ERROR_FIRST=-754 FREQ_ERROR_LAST=-754 HELPER_ERROR_MEAN=150000.0 HELPER_ERROR_RMS=150000.0 HELPER_ERROR_MAX_ABS=150000 FRACTION_ABS_ERROR_LE_200=0.0 HELPER_OUTPUT_SAMPLES=1 LOW_RAIL_FRACTION=1.0 HIGH_RAIL_FRACTION=0.0 NO_RAIL_FRACTION=0.0 LOCK_COUNT_MAX=0 LOCK_COUNT_FINAL=0 LOCK_COUNT_RISE_EVENTS=0 LOCK_COUNT_FALL_EVENTS=0 ERROR_BAND_EXIT_EVENTS=0 ACTUATOR_HUNT_OBSERVED=NO HELPER_DYNAMICS=STEADY_BIAS_OR_ACTUATOR_RANGE_LIMIT PI_TRACE_AVAILABLE=NO TARGET_FINAL=INVALID APPLIED_FINAL=INVALID EXPECTED_APPLIED_ABSOLUTE=INVALID NORMAL_REQ_DELTA_OBSERVED=INVALID NORMAL_COMPLETED_DELTA=INVALID FINC_DELTA=INVALID FDEC_DELTA=INVALID DCO_STEP_DELTA=INVALID BOOTSTRAP_DELTA=INVALID FORCED_COMPLETED_DELTA=INVALID BOOTSTRAP_COMPLETED_FINAL=INVALID BOOTSTRAP_DONE_FINAL=INVALID HELPER_LOCKED_SEEN=0 HELPER_LOCKED_FINAL=0 FIRST_HELPER_LOCK_SAMPLE=NONE MAIN_ENABLED_FINAL=0 MAIN_FREQ_LOCKED_FINAL=0 MAIN_PHASE_LOCKED_FINAL=0 MAIN_LOCKED_FINAL=0 PSTAT_LOCKED_FINAL=0 FULL_CHAIN_MAX_SECONDS=0.000 FULL_CHAIN_300S=0 STEP5_CHAIN_RESULT=NOT_COMPLETE SPLL_DELOCK_COUNT_FIRST=0 SPLL_DELOCK_COUNT_MAX=0 SPLL_DELOCK_COUNT_FINAL=0 RESET_BOOT_GENERATION_DELTA=0 RESET_CPU_DELTA=0 RESET_WR_CORE_DELTA=0 RESET_SI_CONFIG_DELTA=0 MEASUREMENT_COHERENCE=PASS POSITION_ACCOUNTING=FAIL RESET_STABLE=PASS LAST_EPOCH=7499526 LAST_HELPER_UPDATE_COUNT=3749763 LAST_DMTD_REF_ACCEPT_COUNT=26963185 LAST_DMTD_FB_ACCEPT_COUNT=16350325 PRECLAMP_FIRST=1445226268 PRECLAMP_FINAL=1445226268 HELPER_ERROR_FINAL=150000 HELPER_OUTPUT_FINAL=5
=== STEP5_CLOSED_LOOP_TRAJECTORY_BOARD DE5 [1-11.2] ===
STEP5_CLOSED_LOOP_SAMPLE board=DE5 [1-11.2] sample=1 elapsed_ms=0 FRAME_VALID=1 COHERENT=1 EPOCH=6870610 TAG_DELTA_USED=16916 EXPECTED_DELTA_USED=16384 FREQ_ERROR_USED=532 PRECLAMP_ERROR=447316712 HELPER_ERROR=150000 HELPER_OUTPUT=5 HELPER_UPDATE_COUNT=3435305 DMTD_REF_ACCEPT_COUNT=614978516 DMTD_FB_ACCEPT_COUNT=579522297 POSITION_VALID=1 POSITION_EPOCH=27298 TARGET_CODE=5 APPLIED_CODE=5 FINC_COMPLETED=10545 FDEC_COMPLETED=10545 NORMAL_REQ=21090 NORMAL_COMPLETED=21090 DCO_STEP=27298 BOOTSTRAP_COMPLETED=6208 BOOTSTRAP_DONE=1 HELPER_LOCKED=0 HELPER_LOCK_COUNT=100 MAIN_ENABLED=0 MAIN_FREQ_LOCKED=0 MAIN_PHASE_LOCKED=0 MAIN_LOCKED=0 PSTAT_LOCKED=0 SPLL_DELOCK_COUNT=0 FORCED_COMPLETED=6208 BOOT_GENERATION=1 CPU_RESET=1 WR_CORE_RESET=0 SI_CONFIG_DROP=0
STEP5_GUARDED_HELPER_DYNAMICS_SUMMARY board=DE5 [1-11.2] SAMPLES=1 POST_BOOTSTRAP_BASELINE_SAMPLE=1 POST_BOOTSTRAP_BASELINE_SET=1 COHERENT_MEASUREMENT_SNAPSHOTS=1 REJECTED_EPOCH_SNAPSHOTS=0 REJECTED_ACCOUNTING_CANDIDATES=0 MEASUREMENT_ACCOUNTING_FAILS=0 POSITION_SNAPSHOTS=1 POSITION_INVARIANT_FAILS=0 TRANSACTION_INVARIANT_FAILS=0 DCO_INVARIANT_FAILS=0 FREQ_ERROR_MEAN=532.0 FREQ_ERROR_RMS=532.0 FREQ_ERROR_MIN=532 FREQ_ERROR_MAX=532 FREQ_ERROR_FIRST=532 FREQ_ERROR_LAST=532 HELPER_ERROR_MEAN=150000.0 HELPER_ERROR_RMS=150000.0 HELPER_ERROR_MAX_ABS=150000 FRACTION_ABS_ERROR_LE_200=0.0 HELPER_OUTPUT_SAMPLES=1 LOW_RAIL_FRACTION=1.0 HIGH_RAIL_FRACTION=0.0 NO_RAIL_FRACTION=0.0 LOCK_COUNT_MAX=100 LOCK_COUNT_FINAL=100 LOCK_COUNT_RISE_EVENTS=0 LOCK_COUNT_FALL_EVENTS=0 ERROR_BAND_EXIT_EVENTS=0 ACTUATOR_HUNT_OBSERVED=NO HELPER_DYNAMICS=STEADY_BIAS_OR_ACTUATOR_RANGE_LIMIT PI_TRACE_AVAILABLE=NO TARGET_FINAL=5 APPLIED_FINAL=5 EXPECTED_APPLIED_ABSOLUTE=5 NORMAL_REQ_DELTA_OBSERVED=0 NORMAL_COMPLETED_DELTA=0 FINC_DELTA=0 FDEC_DELTA=0 DCO_STEP_DELTA=0 BOOTSTRAP_DELTA=0 FORCED_COMPLETED_DELTA=0 BOOTSTRAP_COMPLETED_FINAL=6208 BOOTSTRAP_DONE_FINAL=1 HELPER_LOCKED_SEEN=0 HELPER_LOCKED_FINAL=0 FIRST_HELPER_LOCK_SAMPLE=NONE MAIN_ENABLED_FINAL=0 MAIN_FREQ_LOCKED_FINAL=0 MAIN_PHASE_LOCKED_FINAL=0 MAIN_LOCKED_FINAL=0 PSTAT_LOCKED_FINAL=0 FULL_CHAIN_MAX_SECONDS=0.000 FULL_CHAIN_300S=0 STEP5_CHAIN_RESULT=NOT_COMPLETE SPLL_DELOCK_COUNT_FIRST=0 SPLL_DELOCK_COUNT_MAX=0 SPLL_DELOCK_COUNT_FINAL=0 RESET_BOOT_GENERATION_DELTA=0 RESET_CPU_DELTA=0 RESET_WR_CORE_DELTA=0 RESET_SI_CONFIG_DELTA=0 MEASUREMENT_COHERENCE=PASS POSITION_ACCOUNTING=PASS RESET_STABLE=PASS LAST_EPOCH=6870610 LAST_HELPER_UPDATE_COUNT=3435305 LAST_DMTD_REF_ACCEPT_COUNT=614978516 LAST_DMTD_FB_ACCEPT_COUNT=579522297 PRECLAMP_FIRST=447316712 PRECLAMP_FINAL=447316712 HELPER_ERROR_FINAL=150000 HELPER_OUTPUT_FINAL=5
STEP5_CLOSED_LOOP_TRAJECTORY_DONE
Info (23030): Evaluation of Tcl script scripts/jtag/read_step5_coherent_closed_loop_trajectory_audit.tcl was successful
Info: Quartus Prime Signal Tap was successful. 0 errors, 0 warnings
    Info: Peak virtual memory: 677 megabytes
    Info: Processing ended: Sun Aug 30 23:17:12 2026
    Info: Elapsed time: 00:00:01
    Info: System process ID: 1363971
