Info: *******************************************************************
Info: Running Quartus Prime SignalTap II
    Info: Version 17.0.0 Build 595 04/25/2017 SJ Standard Edition
    Info: Copyright (C) 2017  Intel Corporation. All rights reserved.
    Info: Your use of Intel Corporation's design tools, logic functions 
    Info: and other software and tools, and its AMPP partner logic 
    Info: functions, and any output files from any of the foregoing 
    Info: (including device programming or simulation files), and any 
    Info: associated documentation or information are expressly subject 
    Info: to the terms and conditions of the Intel Program License 
    Info: Subscription Agreement, the Intel Quartus Prime License Agreement,
    Info: the Intel MegaCore Function License Agreement, or other 
    Info: applicable license agreement, including, without limitation, 
    Info: that your use is for the sole purpose of programming logic 
    Info: devices manufactured by Intel and sold by Intel or its 
    Info: authorized distributors.  Please refer to the applicable 
    Info: agreement for further details.
    Info: Processing started: Sun Oct  4 15:07:54 2026
Info: Command: quartus_stp -t scripts/jtag/read_step6_servo_interleaved_offset.tcl 20000 500 1-11.2 1
Info: Quartus(args): 20000 500 1-11.2 1
S6_INTERLEAVED_CONFIG duration_ms=20000 sample_ms=500 board_filter=1-11.2 phase_context=1 context_join=mode_specific trust_domain=PHASE_OBSERVATION read_only=1 wb_register_writes=0 fpga_program=0 reset=0
S6_INTERLEAVED_CONTEXT_CONFIG join_mode=SAME_WDIAGS_FRAME
S6_INTERLEAVED_BOARD board=DE5 [1-11.2] device=@1: 10AX115H(1|2|2E2|2ES|3|3E3)/.. (0x02E660DD)
S6_INTERLEAVED_TIMING board=DE5 [1-11.2] sample=0000 DIAG_WAIT_START_US=1791097674591260 DIAG_EPOCH_WAIT_BASELINE=9534 FRAME_START_US=1791097674708721 CKO_HOST_US=1791097674719749 PHASE_CONTEXT_START_US=1791097674741936 PHASE_CONTEXT_END_US=1791097674775248 FRAME_END_US=1791097674797572 DIAG_WAIT_MS=117
S6_INTERLEAVED_CONTEXT_TIMING board=DE5 [1-11.2] sample=0000 PHASE_CONTEXT_FRAME_START_US=1791097674708721 PHASE_CONTEXT_FRAME_END_US=1791097674797572 PHASE_CONTEXT_WAIT_MS=117 PHASE_CONTEXT_FRAME_VALID=0 PHASE_CONTEXT_EPOCH_BEFORE=9535 PHASE_CONTEXT_EPOCH_AFTER=9536 PHASE_CONTEXT_UCNT=0000036F
S6_INTERLEAVED_SAMPLE board=DE5 [1-11.2] sample=0000 elapsed_ms=0 row_ms=252.441 HEALTH_START_US=1791097674545614 HEALTH_END_US=1791097674558012 DIAG_WAIT_START_US=1791097674591260 DIAG_WAIT_MS=117 DIAG_EPOCH_WAIT_BASELINE=9534 FRAME_START_US=1791097674708721 CKO_HOST_US=1791097674719749 PHASE_CONTEXT_START_US=1791097674741936 PHASE_CONTEXT_END_US=1791097674775248 FRAME_END_US=1791097674797572 ROW_END_US=1791097674798052 READS_VALID=1 COHERENT=0 PHASE_OBSERVATION_VALID=0 QUALIFYING_SAMPLE=0 TAI=0 CYCLES=0 GLOBAL_TIME_VALID=0 SNAPSHOT_STABLE=1 SNAPSHOT_VALID=0 SNAPSHOT_COUNT=0 STATUS_TIME_VALID=0 STATUS_PPS_VALID=1 ESCR_TIME_VALID=0 ESCR_PPS_VALID=0 STEP1_GATE=1 STATUS_SI_CONFIG_DONE=1 STATUS_WR_READY=1 STATUS_TM_LINK=1 STATUS_LINK_OK=1 STATUS_RX_READY=1 STATUS_TX_READY=1 STATUS_CPU_RESET_N=1 STATUS_RX_LOCKED_TO_DATA=1 HELPER_LOCK=1 MAIN_LOCK=1 MAIN_FREQ_LOCK=1 MAIN_PHASE_LOCK=1 PSTAT_LOCK=1 DIAG_VALID_BEFORE=1 DIAG_VALID_AFTER=1 DIAG_EPOCH_BEFORE=9535 DIAG_EPOCH_AFTER=9536 DIAG_EPOCH_STABLE=0 DIAG_EPOCH_BEFORE_OK=1 DIAG_FRAME_VALID=0 UCNT=0000036F SSTAT=00000301 SERVO_STATE=3 CKO_RAW=FFFFFB4D CKO_PS=-1203 BOOT_GENERATION=00000001 CPU_RESET_COUNT=00000001 WR_CORE_RESET_COUNT=00000001 SI_CONFIG_DROP_COUNT=00000001 RESET_CHANGED=0 PHASE_CONTEXT=1 PHASE_CONTEXT_VALID=1 DMS_HI=00000000 DMS_LO=00029E2B DMS_PS=171563 SETP_RAW=00000063 SETP_PS=99 PHASE_CONTEXT_FRAME_VALID=0 PHASE_CONTEXT_MATCH=1 PHASE_CONTEXT_UCNT=0000036F PHASE_CONTEXT_EPOCH_BEFORE=9535 PHASE_CONTEXT_EPOCH_AFTER=9536 PHASE_CONTEXT_FRAME_START_US=1791097674708721 PHASE_CONTEXT_FRAME_END_US=1791097674797572 PHASE_CONTEXT_WAIT_MS=117
S6_INTERLEAVED_TIMING board=DE5 [1-11.2] sample=0001 DIAG_WAIT_START_US=1791097675349143 DIAG_EPOCH_WAIT_BASELINE=9541 FRAME_START_US=1791097675407602 CKO_HOST_US=1791097675419026 PHASE_CONTEXT_START_US=1791097675441858 PHASE_CONTEXT_END_US=1791097675476120 FRAME_END_US=1791097675499015 DIAG_WAIT_MS=58
S6_INTERLEAVED_CONTEXT_TIMING board=DE5 [1-11.2] sample=0001 PHASE_CONTEXT_FRAME_START_US=1791097675407602 PHASE_CONTEXT_FRAME_END_US=1791097675499015 PHASE_CONTEXT_WAIT_MS=58 PHASE_CONTEXT_FRAME_VALID=0 PHASE_CONTEXT_EPOCH_BEFORE=9542 PHASE_CONTEXT_EPOCH_AFTER=9543 PHASE_CONTEXT_UCNT=00000370
S6_INTERLEAVED_SAMPLE board=DE5 [1-11.2] sample=0001 elapsed_ms=755 row_ms=200.052 HEALTH_START_US=1791097675299566 HEALTH_END_US=1791097675314765 DIAG_WAIT_START_US=1791097675349143 DIAG_WAIT_MS=58 DIAG_EPOCH_WAIT_BASELINE=9541 FRAME_START_US=1791097675407602 CKO_HOST_US=1791097675419026 PHASE_CONTEXT_START_US=1791097675441858 PHASE_CONTEXT_END_US=1791097675476120 FRAME_END_US=1791097675499015 ROW_END_US=1791097675499611 READS_VALID=1 COHERENT=0 PHASE_OBSERVATION_VALID=0 QUALIFYING_SAMPLE=0 TAI=0 CYCLES=0 GLOBAL_TIME_VALID=0 SNAPSHOT_STABLE=1 SNAPSHOT_VALID=0 SNAPSHOT_COUNT=0 STATUS_TIME_VALID=0 STATUS_PPS_VALID=1 ESCR_TIME_VALID=0 ESCR_PPS_VALID=0 STEP1_GATE=1 STATUS_SI_CONFIG_DONE=1 STATUS_WR_READY=1 STATUS_TM_LINK=1 STATUS_LINK_OK=1 STATUS_RX_READY=1 STATUS_TX_READY=1 STATUS_CPU_RESET_N=1 STATUS_RX_LOCKED_TO_DATA=1 HELPER_LOCK=1 MAIN_LOCK=1 MAIN_FREQ_LOCK=1 MAIN_PHASE_LOCK=1 PSTAT_LOCK=1 DIAG_VALID_BEFORE=1 DIAG_VALID_AFTER=1 DIAG_EPOCH_BEFORE=9542 DIAG_EPOCH_AFTER=9543 DIAG_EPOCH_STABLE=0 DIAG_EPOCH_BEFORE_OK=1 DIAG_FRAME_VALID=0 UCNT=00000370 SSTAT=00000501 SERVO_STATE=5 CKO_RAW=0000097C CKO_PS=2428 BOOT_GENERATION=00000001 CPU_RESET_COUNT=00000001 WR_CORE_RESET_COUNT=00000001 SI_CONFIG_DROP_COUNT=00000001 RESET_CHANGED=0 PHASE_CONTEXT=1 PHASE_CONTEXT_VALID=1 DMS_HI=00000000 DMS_LO=0002AEB7 DMS_PS=175799 SETP_RAW=000000C8 SETP_PS=200 PHASE_CONTEXT_FRAME_VALID=0 PHASE_CONTEXT_MATCH=1 PHASE_CONTEXT_UCNT=00000370 PHASE_CONTEXT_EPOCH_BEFORE=9542 PHASE_CONTEXT_EPOCH_AFTER=9543 PHASE_CONTEXT_FRAME_START_US=1791097675407602 PHASE_CONTEXT_FRAME_END_US=1791097675499015 PHASE_CONTEXT_WAIT_MS=58
S6_INTERLEAVED_TIMING board=DE5 [1-11.2] sample=0002 DIAG_WAIT_START_US=1791097676050380 DIAG_EPOCH_WAIT_BASELINE=9548 FRAME_START_US=1791097676108839 CKO_HOST_US=1791097676120263 PHASE_CONTEXT_START_US=1791097676143975 PHASE_CONTEXT_END_US=1791097676179270 FRAME_END_US=1791097676202165 DIAG_WAIT_MS=58
S6_INTERLEAVED_CONTEXT_TIMING board=DE5 [1-11.2] sample=0002 PHASE_CONTEXT_FRAME_START_US=1791097676108839 PHASE_CONTEXT_FRAME_END_US=1791097676202165 PHASE_CONTEXT_WAIT_MS=58 PHASE_CONTEXT_FRAME_VALID=0 PHASE_CONTEXT_EPOCH_BEFORE=9549 PHASE_CONTEXT_EPOCH_AFTER=9550 PHASE_CONTEXT_UCNT=00000370
S6_INTERLEAVED_SAMPLE board=DE5 [1-11.2] sample=0002 elapsed_ms=1456 row_ms=202.189 HEALTH_START_US=1791097676000693 HEALTH_END_US=1791097676015952 DIAG_WAIT_START_US=1791097676050380 DIAG_WAIT_MS=58 DIAG_EPOCH_WAIT_BASELINE=9548 FRAME_START_US=1791097676108839 CKO_HOST_US=1791097676120263 PHASE_CONTEXT_START_US=1791097676143975 PHASE_CONTEXT_END_US=1791097676179270 FRAME_END_US=1791097676202165 ROW_END_US=1791097676202875 READS_VALID=1 COHERENT=0 PHASE_OBSERVATION_VALID=0 QUALIFYING_SAMPLE=0 TAI=0 CYCLES=0 GLOBAL_TIME_VALID=0 SNAPSHOT_STABLE=1 SNAPSHOT_VALID=0 SNAPSHOT_COUNT=0 STATUS_TIME_VALID=0 STATUS_PPS_VALID=1 ESCR_TIME_VALID=0 ESCR_PPS_VALID=0 STEP1_GATE=1 STATUS_SI_CONFIG_DONE=1 STATUS_WR_READY=1 STATUS_TM_LINK=1 STATUS_LINK_OK=1 STATUS_RX_READY=1 STATUS_TX_READY=1 STATUS_CPU_RESET_N=1 STATUS_RX_LOCKED_TO_DATA=1 HELPER_LOCK=1 MAIN_LOCK=1 MAIN_FREQ_LOCK=1 MAIN_PHASE_LOCK=1 PSTAT_LOCK=1 DIAG_VALID_BEFORE=1 DIAG_VALID_AFTER=1 DIAG_EPOCH_BEFORE=9549 DIAG_EPOCH_AFTER=9550 DIAG_EPOCH_STABLE=0 DIAG_EPOCH_BEFORE_OK=1 DIAG_FRAME_VALID=0 UCNT=00000370 SSTAT=00000501 SERVO_STATE=5 CKO_RAW=0000097C CKO_PS=2428 BOOT_GENERATION=00000001 CPU_RESET_COUNT=00000001 WR_CORE_RESET_COUNT=00000001 SI_CONFIG_DROP_COUNT=00000001 RESET_CHANGED=0 PHASE_CONTEXT=1 PHASE_CONTEXT_VALID=1 DMS_HI=00000000 DMS_LO=0002AEB7 DMS_PS=175799 SETP_RAW=000000C8 SETP_PS=200 PHASE_CONTEXT_FRAME_VALID=0 PHASE_CONTEXT_MATCH=1 PHASE_CONTEXT_UCNT=00000370 PHASE_CONTEXT_EPOCH_BEFORE=9549 PHASE_CONTEXT_EPOCH_AFTER=9550 PHASE_CONTEXT_FRAME_START_US=1791097676108839 PHASE_CONTEXT_FRAME_END_US=1791097676202165 PHASE_CONTEXT_WAIT_MS=58
S6_INTERLEAVED_TIMING board=DE5 [1-11.2] sample=0003 DIAG_WAIT_START_US=1791097676755191 DIAG_EPOCH_WAIT_BASELINE=9555 FRAME_START_US=1791097676801868 CKO_HOST_US=1791097676813511 PHASE_CONTEXT_START_US=1791097676836765 PHASE_CONTEXT_END_US=1791097676871617 FRAME_END_US=1791097676894919 DIAG_WAIT_MS=46
S6_INTERLEAVED_CONTEXT_TIMING board=DE5 [1-11.2] sample=0003 PHASE_CONTEXT_FRAME_START_US=1791097676801868 PHASE_CONTEXT_FRAME_END_US=1791097676894919 PHASE_CONTEXT_WAIT_MS=46 PHASE_CONTEXT_FRAME_VALID=0 PHASE_CONTEXT_EPOCH_BEFORE=9556 PHASE_CONTEXT_EPOCH_AFTER=9557 PHASE_CONTEXT_UCNT=00000371
S6_INTERLEAVED_SAMPLE board=DE5 [1-11.2] sample=0003 elapsed_ms=2159 row_ms=191.599 HEALTH_START_US=1791097676703976 HEALTH_END_US=1791097676720086 DIAG_WAIT_START_US=1791097676755191 DIAG_WAIT_MS=46 DIAG_EPOCH_WAIT_BASELINE=9555 FRAME_START_US=1791097676801868 CKO_HOST_US=1791097676813511 PHASE_CONTEXT_START_US=1791097676836765 PHASE_CONTEXT_END_US=1791097676871617 FRAME_END_US=1791097676894919 ROW_END_US=1791097676895568 READS_VALID=1 COHERENT=0 PHASE_OBSERVATION_VALID=0 QUALIFYING_SAMPLE=0 TAI=0 CYCLES=0 GLOBAL_TIME_VALID=0 SNAPSHOT_STABLE=1 SNAPSHOT_VALID=0 SNAPSHOT_COUNT=0 STATUS_TIME_VALID=0 STATUS_PPS_VALID=1 ESCR_TIME_VALID=0 ESCR_PPS_VALID=0 STEP1_GATE=1 STATUS_SI_CONFIG_DONE=1 STATUS_WR_READY=1 STATUS_TM_LINK=1 STATUS_LINK_OK=1 STATUS_RX_READY=1 STATUS_TX_READY=1 STATUS_CPU_RESET_N=1 STATUS_RX_LOCKED_TO_DATA=1 HELPER_LOCK=1 MAIN_LOCK=1 MAIN_FREQ_LOCK=1 MAIN_PHASE_LOCK=1 PSTAT_LOCK=1 DIAG_VALID_BEFORE=1 DIAG_VALID_AFTER=1 DIAG_EPOCH_BEFORE=9556 DIAG_EPOCH_AFTER=9557 DIAG_EPOCH_STABLE=0 DIAG_EPOCH_BEFORE_OK=1 DIAG_FRAME_VALID=0 UCNT=00000371 SSTAT=00000501 SERVO_STATE=5 CKO_RAW=FFFFFAA2 CKO_PS=-1374 BOOT_GENERATION=00000001 CPU_RESET_COUNT=00000001 WR_CORE_RESET_COUNT=00000001 SI_CONFIG_DROP_COUNT=00000001 RESET_CHANGED=0 PHASE_CONTEXT=1 PHASE_CONTEXT_VALID=1 DMS_HI=00000000 DMS_LO=00029EAE DMS_PS=171694 SETP_RAW=000000C8 SETP_PS=200 PHASE_CONTEXT_FRAME_VALID=0 PHASE_CONTEXT_MATCH=1 PHASE_CONTEXT_UCNT=00000371 PHASE_CONTEXT_EPOCH_BEFORE=9556 PHASE_CONTEXT_EPOCH_AFTER=9557 PHASE_CONTEXT_FRAME_START_US=1791097676801868 PHASE_CONTEXT_FRAME_END_US=1791097676894919 PHASE_CONTEXT_WAIT_MS=46
S6_INTERLEAVED_TIMING board=DE5 [1-11.2] sample=0004 DIAG_WAIT_START_US=1791097677447006 DIAG_EPOCH_WAIT_BASELINE=9562 FRAME_START_US=1791097677505945 CKO_HOST_US=1791097677517935 PHASE_CONTEXT_START_US=1791097677541375 PHASE_CONTEXT_END_US=1791097677575797 FRAME_END_US=1791097677598699 DIAG_WAIT_MS=58
S6_INTERLEAVED_CONTEXT_TIMING board=DE5 [1-11.2] sample=0004 PHASE_CONTEXT_FRAME_START_US=1791097677505945 PHASE_CONTEXT_FRAME_END_US=1791097677598699 PHASE_CONTEXT_WAIT_MS=58 PHASE_CONTEXT_FRAME_VALID=0 PHASE_CONTEXT_EPOCH_BEFORE=9563 PHASE_CONTEXT_EPOCH_AFTER=9564 PHASE_CONTEXT_UCNT=00000371
S6_INTERLEAVED_SAMPLE board=DE5 [1-11.2] sample=0004 elapsed_ms=2852 row_ms=202.604 HEALTH_START_US=1791097677396706 HEALTH_END_US=1791097677412180 DIAG_WAIT_START_US=1791097677447006 DIAG_WAIT_MS=58 DIAG_EPOCH_WAIT_BASELINE=9562 FRAME_START_US=1791097677505945 CKO_HOST_US=1791097677517935 PHASE_CONTEXT_START_US=1791097677541375 PHASE_CONTEXT_END_US=1791097677575797 FRAME_END_US=1791097677598699 ROW_END_US=1791097677599303 READS_VALID=1 COHERENT=0 PHASE_OBSERVATION_VALID=0 QUALIFYING_SAMPLE=0 TAI=0 CYCLES=0 GLOBAL_TIME_VALID=0 SNAPSHOT_STABLE=1 SNAPSHOT_VALID=0 SNAPSHOT_COUNT=0 STATUS_TIME_VALID=0 STATUS_PPS_VALID=1 ESCR_TIME_VALID=0 ESCR_PPS_VALID=0 STEP1_GATE=1 STATUS_SI_CONFIG_DONE=1 STATUS_WR_READY=1 STATUS_TM_LINK=1 STATUS_LINK_OK=1 STATUS_RX_READY=1 STATUS_TX_READY=1 STATUS_CPU_RESET_N=1 STATUS_RX_LOCKED_TO_DATA=1 HELPER_LOCK=1 MAIN_LOCK=1 MAIN_FREQ_LOCK=1 MAIN_PHASE_LOCK=1 PSTAT_LOCK=1 DIAG_VALID_BEFORE=1 DIAG_VALID_AFTER=1 DIAG_EPOCH_BEFORE=9563 DIAG_EPOCH_AFTER=9564 DIAG_EPOCH_STABLE=0 DIAG_EPOCH_BEFORE_OK=1 DIAG_FRAME_VALID=0 UCNT=00000371 SSTAT=00000501 SERVO_STATE=5 CKO_RAW=FFFFFAA2 CKO_PS=-1374 BOOT_GENERATION=00000001 CPU_RESET_COUNT=00000001 WR_CORE_RESET_COUNT=00000001 SI_CONFIG_DROP_COUNT=00000001 RESET_CHANGED=0 PHASE_CONTEXT=1 PHASE_CONTEXT_VALID=1 DMS_HI=00000000 DMS_LO=00029EAE DMS_PS=171694 SETP_RAW=000000C8 SETP_PS=200 PHASE_CONTEXT_FRAME_VALID=0 PHASE_CONTEXT_MATCH=1 PHASE_CONTEXT_UCNT=00000371 PHASE_CONTEXT_EPOCH_BEFORE=9563 PHASE_CONTEXT_EPOCH_AFTER=9564 PHASE_CONTEXT_FRAME_START_US=1791097677505945 PHASE_CONTEXT_FRAME_END_US=1791097677598699 PHASE_CONTEXT_WAIT_MS=58
S6_INTERLEAVED_STOP board=DE5 [1-11.2] sample=4 elapsed_ms=2852 reason=five_consecutive_invalid_phase_observations
S6_INTERLEAVED_BOARD_DONE board=DE5 [1-11.2] samples=5 elapsed_ms=3055 reset_stop=0 invalid_streak=5
S6_INTERLEAVED_SUMMARY boards=1 rows=5 accepted=0 phase_accepted=0 qualifying=0 reset_stop=0 timeout_count=0 invalid_count=0
S6_INTERLEAVED_DONE
Info (23030): Evaluation of Tcl script scripts/jtag/read_step6_servo_interleaved_offset.tcl was successful
Info: Quartus Prime SignalTap II was successful. 0 errors, 0 warnings
    Info: Peak virtual memory: 772 megabytes
    Info: Processing ended: Sun Oct  4 15:07:57 2026
    Info: Elapsed time: 00:00:03
    Info: Total CPU time (on all processors): 00:00:00
