Info: *******************************************************************
Info: Running Quartus Prime SignalTap II
    Info: Version 17.0.0 Build 595 04/25/2017 SJ Standard Edition
    Info: Copyright (C) 2017  Intel Corporation. All rights reserved.
    Info: Your use of Intel Corporation's design tools, logic functions 
    Info: and other software and tools, and its AMPP partner logic 
    Info: functions, and any output files from any of the foregoing 
    Info: (including device programming or simulation files), and any 
    Info: associated documentation or information are expressly subject 
    Info: to the terms and conditions of the Intel Program License 
    Info: Subscription Agreement, the Intel Quartus Prime License Agreement,
    Info: the Intel MegaCore Function License Agreement, or other 
    Info: applicable license agreement, including, without limitation, 
    Info: that your use is for the sole purpose of programming logic 
    Info: devices manufactured by Intel and sold by Intel or its 
    Info: authorized distributors.  Please refer to the applicable 
    Info: agreement for further details.
    Info: Processing started: Thu Sep 24 13:46:33 2026
Info: Command: quartus_stp -t /home/b10504072/04_WR/artifacts/milestones/step3_wr_handshake/source/scripts/jtag/read_wb_runtime.tcl --raw
Info: Quartus(args): --raw
=== DE5 [1-11.1] ===
status_probe: 1110C2C1215082FF
cpu_probe_1:    000000040001253C
cpu_debug: PC=0x0001253C reset=0 fault=0 im_valid=1
cpu_probe_2:    00000004000074DC
cpu_debug: PC=0x000074DC reset=0 fault=0 im_valid=1
cpu_marker: 0x0000B004 seen=1
cpu_last_internal_store: addr=0x0001CACC data=0x00000000
cpu_internal_store_count: 3984503176 (0xED7EB188)
cpu_exception: mepc=0x000053F0 mcause=0x8000000B
mailbox initial done=0 next_toggle=1
PPS_CR:       01312D06
PPS_ESCR:     0000030C
SPLL_CSR:     01010000
SPLL_ECCR:    01000000
SPLL_OCCR:    00000000
SYSC_RSTR:    0105332F
SYSC_GPSR:    0100032F
EP_MAC_H:     02000200
EP_MAC_L:     22334401
EP_DSR:       42000000
CPU_RESET:    00000000
CPU_DBGSTAT:  00000000
CPU_DBGREADY: 00000000
CPU_MBX:      00000000
WDIAGS_VER:   00000002
WDIAGS_CTRL:  00000001
WDIAGS_SSTAT: 00000000
WDIAGS_PSTAT: 00000001
WDIAGS_PTP:   00000006
WDIAGS_PTP_RX:00000783
WDIAGS_PTP_TX:000010E3
WR_SIGNAL_REJECT:00000000
WDIAGS_PTP_META:02020406
WDIAGS_MODE:   2
WDIAGS_PTP_TYPES:01010101
WDIAGS_FOREIGN_META:0000FF00
WDIAGS_FILTER_META:00000000
WDIAGS_PARSE_META:0001019A
WDIAGS_TX:    0000157A
WDIAGS_RX:    00000B55
WDIAGS_SEC_H: 00000000
WDIAGS_SEC_L: 000003E5
WDIAGS_NS:    025E10E0
WDIAGS_MU_H:  00000000
WDIAGS_MU_L:  00000000
WDIAGS_DMS_H: 00000000
WDIAGS_DMS_L: 00000000
WDIAGS_ASYM:  00000000
WDIAGS_CKO:   00000000
WDIAGS_SETP:  00000000
WDIAGS_UCNT:  00000000
WDIAGS_TEMP:  A0000064
WDIAGS_RXERR: 00000000
WDIAGS_RESTART:01030001
WDIAGS_SLIDE: 00000000
WDIAGS_SPLL_HY:00000000
WDIAGS_SPLL_MY:00000000
=== DE5 [1-11.2] ===
status_probe: 9410D4E139BC82CF
cpu_probe_1:    0000000400016F28
cpu_debug: PC=0x00016F28 reset=0 fault=0 im_valid=1
cpu_probe_2:    0000000400003118
cpu_debug: PC=0x00003118 reset=0 fault=0 im_valid=1
cpu_marker: 0x0000B004 seen=1
cpu_last_internal_store: addr=0x0001CB2C data=0x00000000
cpu_internal_store_count: 4093633498 (0xF3FFE3DA)
cpu_exception: mepc=0x00016E50 mcause=0x8000000B
mailbox initial done=0 next_toggle=1
PPS_CR:       01312D02
PPS_ESCR:     00000300
SPLL_CSR:     01010000
SPLL_ECCR:    01000000
SPLL_OCCR:    00000000
SYSC_RSTR:    0105332F
SYSC_GPSR:    0100032F
EP_MAC_H:     02000200
EP_MAC_L:     22334402
EP_DSR:       42000000
CPU_RESET:    00000000
CPU_DBGSTAT:  00000000
CPU_DBGREADY: 00000000
CPU_MBX:      00000000
WDIAGS_VER:   00000002
WDIAGS_CTRL:  00000001
WDIAGS_SSTAT: 00000001
WDIAGS_PSTAT: 00000001
WDIAGS_PTP:   00000009
WDIAGS_PTP_RX:000010D3
WDIAGS_PTP_TX:00000285
WR_SIGNAL_REJECT:00000000
WDIAGS_PTP_META:03020409
WDIAGS_MODE:   3
WDIAGS_PTP_TYPES:04B8DFB8
WDIAGS_FOREIGN_META:03000001
WDIAGS_FILTER_META:00000000
WDIAGS_PARSE_META:0501DF4C
WDIAGS_TX:    00000C08
WDIAGS_RX:    00001496
WDIAGS_SEC_H: 00000000
WDIAGS_SEC_L: 000003E4
WDIAGS_NS:    2683DBE8
WDIAGS_MU_H:  00000000
WDIAGS_MU_L:  00000000
WDIAGS_DMS_H: 00000000
WDIAGS_DMS_L: 00093DAB
WDIAGS_ASYM:  00000000
WDIAGS_CKO:   002E43C1
WDIAGS_SETP:  00000000
WDIAGS_UCNT:  0000010A
WDIAGS_TEMP:  A000035C
WDIAGS_RXERR: 00000000
WDIAGS_RESTART:02020001
WDIAGS_SLIDE: 00000000
WDIAGS_SPLL_HY:00000000
WDIAGS_SPLL_MY:00000000
Info (23030): Evaluation of Tcl script /home/b10504072/04_WR/artifacts/milestones/step3_wr_handshake/source/scripts/jtag/read_wb_runtime.tcl was successful
Info: Quartus Prime SignalTap II was successful. 0 errors, 0 warnings
    Info: Peak virtual memory: 772 megabytes
    Info: Processing ended: Thu Sep 24 13:46:34 2026
    Info: Elapsed time: 00:00:01
    Info: Total CPU time (on all processors): 00:00:00
