Info: *******************************************************************
Info: Running Quartus Prime Signal Tap
    Info: Version 21.3.0 Build 170 09/23/2021 SC Pro Edition
    Info: Copyright (C) 2021  Intel Corporation. All rights reserved.
    Info: Your use of Intel Corporation's design tools, logic functions 
    Info: and other software and tools, and any partner logic 
    Info: functions, and any output files from any of the foregoing 
    Info: (including device programming or simulation files), and any 
    Info: associated documentation or information are expressly subject 
    Info: to the terms and conditions of the Intel Program License 
    Info: Subscription Agreement, the Intel Quartus Prime License Agreement,
    Info: the Intel FPGA IP License Agreement, or other applicable license
    Info: agreement, including, without limitation, that your use is for
    Info: the sole purpose of programming logic devices manufactured by
    Info: Intel and sold by Intel or its authorized distributors.  Please
    Info: refer to the applicable agreement for further details, at
    Info: https://fpgasoftware.intel.com/eula.
    Info: Processing started: Tue Sep  8 19:05:58 2026
    Info: System process ID: 101525
Info: Command: quartus_stp -t /home/b10504072/04_WR/artifacts/EXP-WRPC-STEP5-STATIC-COARSE-BRACKET-FDEC8192-20260908/source/scripts/jtag/read_wb_runtime.tcl --raw
Info: Quartus(args): --raw
RAW mailbox completion toggle wb_sync_toggle=1

============================================================
White Rabbit Runtime 診斷：DE5 [1-11.1]
============================================================

## [Step 1] PHY / 光纖 Link
[pass] si_config_done           結果: 1/1
[pass] wr_ready                 結果: 1/1
[pass] core_tm_link_up          結果: 1/1
[pass] core_link_ok             結果: 1/1
[pass] wr_rx_ready              結果: 1/1
[pass] wr_tx_ready              結果: 1/1
[pass] core_phy_rst             結果: 0/0
[pass] si_id_error              結果: 0/0
[pass] wr_rx_enc_err            結果: 0/0
[pass] wr_tx_enc_err            結果: 0/0
[pass] CPU_RESET_n              結果: 1/1
[pass] wr_rx_locked_to_data     結果: 1/1
[info] wr_rx_locked_to_ref      結果: 0/NA
[info] MOD_PRS_n                結果: 0/NA
[info] INTERRUPT_n              結果: 1/NA
Step 1 pass

## [Step 2] Endpoint / MiniNIC / PTP
[pass] EP_MAC_H/EP_MAC_L        結果: 02:00:22:33:44:01/02:00:22:33:44:01
[pass] WDIAGS_MODE              結果: 2 MASTER/2 MASTER
[pass] WDIAGS_PTP               結果: 6 MASTER (raw=01014106)/6 MASTER
[pass] WDIAGS_PTP_RX            結果: Δ=10/Δ>0
RAW WDIAGS_PTP_RX            before=0x00000143 after=0x0000014D delta=10
[pass] WDIAGS_PTP_TX            結果: Δ=24/Δ>0
RAW WDIAGS_PTP_TX            before=0x000002D5 after=0x000002ED delta=24
[pass] WDIAGS_TX                結果: Δ=32/Δ>0
RAW WDIAGS_TX                before=0x000003B9 after=0x000003D9 delta=32
[pass] WDIAGS_RX                結果: Δ=15/Δ>0
RAW WDIAGS_RX                before=0x000001F2 after=0x00000201 delta=15
[pass] WDIAGS_RXERR             結果: Δ=0/Δ=0
RAW WDIAGS_RXERR             before=0x00000000 after=0x00000000 delta=0
Step 2 pass

## [Step 3] WR Parent / Signaling
Step 3 NA

## [Step 4A] Master SoftPLL Event Chain
[pass] DMTD_REF_ACCEPT_EVENT    結果: Δ=24493/Δ>=0
RAW DMTD_REF_ACCEPT_EVENT    before=0x0017BB30 after=0x00181ADD delta=24493
[pass] DMTD_FB_ACCEPT_EVENT     結果: Δ=25081/Δ>=0
RAW DMTD_FB_ACCEPT_EVENT     before=0x004D1562 after=0x004D775B delta=25081
[pass] DMTD_ACCEPT              結果: Δ=49574/Δ>0
[pass] SPLL_TAG_VALID_COUNT     結果: Δ=25084/Δ>0
RAW SPLL_TAG_VALID_COUNT     before=0x000D3768 after=0x000D9964 delta=25084
[pass] SPLL_TRR_WRITE_COUNT     結果: Δ=25086/Δ>0
RAW SPLL_TRR_WRITE_COUNT     before=0x000D3797 after=0x000D9995 delta=25086
[pass] WRPC_SPLL_TRR_POP_COUNT  結果: Δ=25172/Δ>0
RAW WRPC_SPLL_TRR_POP_COUNT  before=0x000D3761 after=0x000D99B5 delta=25172
[pass] WDIAGS_IRQ_COUNT         結果: Δ=25172/Δ>0
RAW WDIAGS_IRQ_COUNT         before=0x000D3761 after=0x000D99B5 delta=25172
[pass] WDIAGS_HELPER_UPDATE_COUNT 結果: Δ=25172/Δ>0
RAW WDIAGS_HELPER_UPDATE_COUNT before=0x000D3761 after=0x000D99B5 delta=25172
[pass] BOOT_GENERATION          結果: Δ=0/Δ=0
RAW BOOT_GENERATION          before=0x00000001 after=0x00000001 delta=0
[pass] CPU_RESET_COUNT          結果: Δ=0/Δ=0
RAW CPU_RESET_COUNT          before=0x00000001 after=0x00000001 delta=0
[pass] WR_CORE_RESET_COUNT      結果: Δ=0/Δ=0
RAW WR_CORE_RESET_COUNT      before=0x00000001 after=0x00000001 delta=0
[pass] SI_CONFIG_DROP_COUNT     結果: Δ=0/Δ=0
RAW SI_CONFIG_DROP_COUNT     before=0x00000001 after=0x00000001 delta=0
STEP4A_MASTER_EVENT_CHAIN = PASS
Step 4 pass

## [Step 5] Closed-loop Lock
STEP5_RESULT = NOT_APPLICABLE_MASTER
STEP5_FIRST_INACTIVE_BOUNDARY = SLAVE_ONLY
Step 5 NA (Step5 closed-loop gate is for Slave)

## [Step 6] Global Time
Step 6 NA

============================================================
White Rabbit Runtime 診斷：DE5 [1-11.1]
============================================================
Step 1 PHY / Link             pass
Step 2 Endpoint / PTP         pass
Step 3 WR Handshake           NA
Step 4 Step4A Master Event Chain pass
Step 5 Closed-loop Lock       NA
Step 6 Global Time            NA
STEP1_REGRESSION = PASS
STEP2_REGRESSION = PASS
STEP3_REGRESSION = PASS
STEP4A_RESULT = PASS
STEP5_RESULT = NOT_APPLICABLE_MASTER
STEP5_FIRST_INACTIVE_BOUNDARY = SLAVE_ONLY
FAILURE_CLASSIFICATION = NO_FAILURE_EVIDENCE
============================================================

================ RAW_SNAPSHOT ================
RAW_SNAPSHOT board=DE5 [1-11.1] label=before
  status           = 411EDC6334BC82FF
  cpu              = 0000007C000011B0
  marker           = 000000010000B004
  store            = 000D28300001E298
  store_count      = 00000000056E9357
  exception        = 8000000B000011AC
  clock            = 002F3089D79DF217
  boot_generation  = 00000001
  cpu_reset_count  = 00000001
  wr_core_reset_count = 00000001
  si_config_drop_count = 00000001
  pps_cr           = 01312D06
  pps_escr         = 0000000C
  ep_mach          = 02000200
  ep_macl          = 22334401
  ep_dsr           = 42000000
  ptp              = 01014106
  ptp_rx           = 00000143
  ptp_tx           = 000002D5
  ptp_meta         = 02020406
  tx               = 000003B9
  rx               = 000001F2
  rxerr            = 00000000
  ptp_types        = 01010101
  foreign_meta     = 0000FF00
  filter_meta      = 00000000
  parse_meta       = 00010186
  wr_rx_signal     = 10000001
  wr_tx_signal     = 10010004
  wr_failure       = 01030001
  wr_state         = A0000064
  wr_reject        = 00000000
  pstat            = 00000001
  sstat            = 00000000
  sec_h            = 00000000
  sec_l            = 000000D1
  ns               = 1AA12078
  lock_enable      = 00000000
  lock_result      = 00000000
  lock_polls       = 00000000
  lock_unlocked    = 00000000
  lock_calibration_fail = 00000000
  spll_state       = 00020004
  spll_ocer        = 92635C01
  spll_rcer        = 00000000
  spll_occr        = F40001AA
  spll_trr_csr     = 000E328C
  spll_dac_hpll    = 1BBB1CDE
  spll_dac_main    = 00000006
  spll_helper_state = 00000100
  spll_helper_limits = 271000C8
  spll_main_state  = 00000000
  spll_main_limits = 00320032
  spll_main_phase_limits = 03E804B0
  spll_state_visit_mask = 00000618
  spll_state_transitions = 00000003
  spll_last_state  = 00000004
  spll_init_count  = 00000001
  dmtd_ref         = 0017BB30
  dmtd_fb          = 004D1562
  dmtd_ref_high_qual_abort = 008C455C
  dmtd_fb_high_qual_abort = 0067D556
  tag_valid        = 000D3768
  trr_write        = 000D3797
  irq              = 000D3761
  helper_update    = 000D3761
  spll_helper_error = FFFDB610
  spll_helper_output = 0000FFFB
  eic_isr          = FFFF0000
  current_tics     = 00033948
RAW_SNAPSHOT board=DE5 [1-11.1] label=after
  status           = 511E2E41245082FF
  cpu              = 0000007C000011BC
  marker           = 000000010000B004
  store            = 000D89E90001E298
  store_count      = 00000000059800C4
  exception        = 8000000B000011A8
  clock            = 002A5D48039D1EDA
  boot_generation  = 00000001
  cpu_reset_count  = 00000001
  wr_core_reset_count = 00000001
  si_config_drop_count = 00000001
  pps_cr           = 01312D06
  pps_escr         = 0000000C
  ep_mach          = 02000200
  ep_macl          = 22334401
  ep_dsr           = 42000000
  ptp              = 01014106
  ptp_rx           = 0000014D
  ptp_tx           = 000002ED
  ptp_meta         = 02020406
  tx               = 000003D9
  rx               = 00000201
  rxerr            = 00000000
  ptp_types        = 01010101
  foreign_meta     = 0000FF00
  filter_meta      = 00000000
  parse_meta       = 00010198
  wr_rx_signal     = 10000001
  wr_tx_signal     = 10010004
  wr_failure       = 01030001
  wr_state         = A0000064
  wr_reject        = 00000000
  pstat            = 00000001
  sstat            = 00000000
  sec_h            = 00000000
  sec_l            = 000000D7
  ns               = 1AA10B30
  lock_enable      = 00000000
  lock_result      = 00000000
  lock_polls       = 00000000
  lock_unlocked    = 00000000
  lock_calibration_fail = 00000000
  spll_state       = 00020004
  spll_ocer        = 8690BC01
  spll_rcer        = 00000000
  spll_occr        = 4A000160
  spll_trr_csr     = 000E94E0
  spll_dac_hpll    = 492DFC52
  spll_dac_main    = 00000006
  spll_helper_state = 00000100
  spll_helper_limits = 271000C8
  spll_main_state  = 00000000
  spll_main_limits = 00320032
  spll_main_phase_limits = 03E804B0
  spll_state_visit_mask = 00000618
  spll_state_transitions = 00000003
  spll_last_state  = 00000004
  spll_init_count  = 00000001
  dmtd_ref         = 00181ADD
  dmtd_fb          = 004D775B
  dmtd_ref_high_qual_abort = 008FBAD7
  dmtd_fb_high_qual_abort = 006AD65A
  tag_valid        = 000D9964
  trr_write        = 000D9995
  irq              = 000D99B5
  helper_update    = 000D99B5
  spll_helper_error = FFFDB610
  spll_helper_output = 0000FFFB
  eic_isr          = FFFF0000
  current_tics     = 000350B8
RAW mailbox completion toggle wb_sync_toggle=1

============================================================
White Rabbit Runtime 診斷：DE5 [1-11.2]
============================================================

## [Step 1] PHY / 光纖 Link
[pass] si_config_done           結果: 1/1
[pass] wr_ready                 結果: 1/1
[pass] core_tm_link_up          結果: 1/1
[pass] core_link_ok             結果: 1/1
[pass] wr_rx_ready              結果: 1/1
[pass] wr_tx_ready              結果: 1/1
[pass] core_phy_rst             結果: 0/0
[pass] si_id_error              結果: 0/0
[pass] wr_rx_enc_err            結果: 0/0
[pass] wr_tx_enc_err            結果: 0/0
[pass] CPU_RESET_n              結果: 1/1
[pass] wr_rx_locked_to_data     結果: 1/1
[info] wr_rx_locked_to_ref      結果: 0/NA
[info] MOD_PRS_n                結果: 0/NA
[info] INTERRUPT_n              結果: 1/NA
Step 1 pass

## [Step 2] Endpoint / MiniNIC / PTP
[pass] EP_MAC_H/EP_MAC_L        結果: 02:00:22:33:44:02/02:00:22:33:44:02
[pass] WDIAGS_MODE              結果: 3 SLAVE/3 SLAVE
[pass] WDIAGS_PTP               結果: 9 SLAVE (raw=00004109)/9 SLAVE
[pass] WDIAGS_PTP_RX            結果: Δ=27/Δ>0
RAW WDIAGS_PTP_RX            before=0x00000217 after=0x00000232 delta=27
[pass] WDIAGS_PTP_TX            結果: Δ=4/Δ>0
RAW WDIAGS_PTP_TX            before=0x0000009D after=0x000000A1 delta=4
[pass] WDIAGS_TX                結果: Δ=19/Δ>0
RAW WDIAGS_TX                before=0x00000182 after=0x00000195 delta=19
[pass] WDIAGS_RX                結果: Δ=33/Δ>0
RAW WDIAGS_RX                before=0x00000297 after=0x000002B8 delta=33
[pass] WDIAGS_RXERR             結果: Δ=0/Δ=0
RAW WDIAGS_RXERR             before=0x00000000 after=0x00000000 delta=0
Step 2 pass

## [Step 3] WR Parent / Signaling
[pass] WDIAGS_FOREIGN_META      結果: 1/1
[pass] WDIAGS_FOREIGN_META      結果: 0/0
[info] WDIAGS_FOREIGN_META      結果: detection=0 config=3/NA
[pass] parentIsWRnode           結果: 1/1
[info] parentWrModeOn           結果: 0/NA
[pass] parentCalibrated         結果: 1/1
[pass] WR_RX_SIGNAL_DEBUG       結果: LOCK count=1/LOCK 0x1001,count>0
[pass] WR_TX_SIGNAL_DEBUG       結果: SLAVE_PRESENT count=1/SLAVE_PRESENT 0x1000,count>0
[info] WDIAGS_TEMP              結果: WRS_IDLE next=WRS_IDLE POST_STEP3_TIMEOUT/NA
[pass] LOCK_ENABLE              結果: 4/> 0
[info] WR_FAILURE_DEBUG         結果: TIMEOUT last_fail_state=WRS_S_LOCK failure_count=1/NA
Step 3 pass

## [Step 4B] Slave SoftPLL Startup
[pass] LOCK_ENABLE_COUNT        結果: 4/> 0
[pass] SPLL_MODE                結果: 3 (SPLL_MODE_SLAVE)/3 SPLL_MODE_SLAVE
[pass] SPLL_SEQ_STATE           結果: 4 (SEQ_WAIT_HELPER)/active, not 0/7
[pass] SPLL_STATE_VISIT_MASK    結果: 0x00000618/> 0
[pass] SPLL_INIT_COUNT          結果: 1/> 0
[pass] RCER                     結果: 0x00000001/> 0
[pass] OCER                     結果: 0x0D171001/> 0
[info] SPLL_ALIGN_STATE         結果: 0/NA
[info] SPLL_STATE_TRANSITIONS   結果: 0x00000003/NA
[info] SPLL_LAST_STATE          結果: 4 (SEQ_WAIT_HELPER)/NA
[info] OCCR                     結果: 0xFF000114/NA
[pass] DMTD_REF_ACCEPT_EVENT    結果: Δ=28252/Δ>=0
RAW DMTD_REF_ACCEPT_EVENT    before=0x02AD4624 after=0x02ADB480 delta=28252
[pass] DMTD_FB_ACCEPT_EVENT     結果: Δ=27661/Δ>=0
RAW DMTD_FB_ACCEPT_EVENT     before=0x028BA38F after=0x028C0F9C delta=27661
[pass] DMTD_ACCEPT              結果: Δ=55913/Δ>0
[pass] SPLL_TAG_VALID_COUNT     結果: Δ=55922/Δ>0
RAW SPLL_TAG_VALID_COUNT     before=0x0010357D after=0x00110FEF delta=55922
[pass] SPLL_TRR_WRITE_COUNT     結果: Δ=55924/Δ>0
RAW SPLL_TRR_WRITE_COUNT     before=0x001035E9 after=0x0011105D delta=55924
[pass] WRPC_SPLL_TRR_POP_COUNT  結果: Δ=55950/Δ>0
RAW WRPC_SPLL_TRR_POP_COUNT  before=0x00103582 after=0x00111010 delta=55950
[pass] WDIAGS_IRQ_COUNT         結果: Δ=54597/Δ>0
RAW WDIAGS_IRQ_COUNT         before=0x000FD222 after=0x0010A767 delta=54597
[pass] WDIAGS_HELPER_UPDATE_COUNT 結果: Δ=28271/Δ>0
RAW WDIAGS_HELPER_UPDATE_COUNT before=0x00083091 after=0x00089F00 delta=28271
[pass] BOOT_GENERATION          結果: Δ=0/Δ=0
RAW BOOT_GENERATION          before=0x00000001 after=0x00000001 delta=0
[pass] CPU_RESET_COUNT          結果: Δ=0/Δ=0
RAW CPU_RESET_COUNT          before=0x00000001 after=0x00000001 delta=0
[pass] WR_CORE_RESET_COUNT      結果: Δ=0/Δ=0
RAW WR_CORE_RESET_COUNT      before=0x00000001 after=0x00000001 delta=0
[pass] SI_CONFIG_DROP_COUNT     結果: Δ=0/Δ=0
RAW SI_CONFIG_DROP_COUNT     before=0x00000001 after=0x00000001 delta=0
STEP4B_ALLOWED = YES
STEP4B_RESULT = PASS
STEP4B_FIRST_INACTIVE_BOUNDARY = ACTIVE
Step 4B pass
Step 4 pass

## [Step 5] Closed-loop Lock
STEP5_LOCKDET_BEFORE: HELPER locked=0 changed=0 cnt=0/10000 threshold=200 ref_src=0 MAIN enabled=0 locked=0 freq=0 phase=0 freq_cnt=0/50 phase_cnt=0/1000 PSTAT_locked=0
STEP5_LOCKDET_AFTER: HELPER locked=0 changed=0 cnt=0/10000 threshold=200 ref_src=0 MAIN enabled=0 locked=0 freq=0 phase=0 freq_cnt=0/50 phase_cnt=0/1000 PSTAT_locked=0
[error] WDIAGS_PSTAT             結果: 0/1
STEP5_RESULT = NEVER_LOCKED
STEP5_FIRST_INACTIVE_BOUNDARY = HELPER_LOCK
Step 5 NA (single window is not stable-lock proof)

## [Step 6] Global Time
Step 6 NA

============================================================
White Rabbit Runtime 診斷：DE5 [1-11.2]
============================================================
Step 1 PHY / Link             pass
Step 2 Endpoint / PTP         pass
Step 3 WR Handshake           pass
Step 4 Step4B Slave SoftPLL Startup pass
Step 5 Closed-loop Lock       NA
Step 6 Global Time            NA
STEP1_REGRESSION = PASS
STEP2_REGRESSION = PASS
STEP3_REGRESSION = PASS
STEP4B_ALLOWED = YES
STEP4B_RESULT = PASS
STEP4B_FIRST_INACTIVE_BOUNDARY = ACTIVE
STEP5_RESULT = NEVER_LOCKED
STEP5_FIRST_INACTIVE_BOUNDARY = HELPER_LOCK
FAILURE_CLASSIFICATION = NO_FAILURE_EVIDENCE
============================================================

================ RAW_SNAPSHOT ================
RAW_SNAPSHOT board=DE5 [1-11.2] label=before
  status           = A110946133BC82CF
  cpu              = 0000007C000011B0
  marker           = 000000010000B004
  store            = 000FB0D50001E298
  store_count      = 00000000048DC92E
  exception        = 8000000B000011AC
  clock            = 0029E4FED63AE7A7
  boot_generation  = 00000001
  cpu_reset_count  = 00000001
  wr_core_reset_count = 00000001
  si_config_drop_count = 00000001
  pps_cr           = 01312D02
  pps_escr         = 00000000
  ep_mach          = 02000200
  ep_macl          = 22334402
  ep_dsr           = 42000000
  ptp              = 00004109
  ptp_rx           = 00000217
  ptp_tx           = 0000009D
  ptp_meta         = 03020409
  tx               = 00000182
  rx               = 00000297
  rxerr            = 00000000
  ptp_types        = 04793C79
  foreign_meta     = 03000001
  filter_meta      = 00000000
  parse_meta       = 05013CFF
  wr_rx_signal     = 10010001
  wr_tx_signal     = 10000001
  wr_failure       = 02020001
  wr_state         = A000035C
  wr_reject        = 00000000
  pstat            = 00000001
  sstat            = 00000001
  sec_h            = 00000000
  sec_l            = 000000D8
  ns               = 36884230
  lock_enable      = 00000004
  lock_result      = 00000001
  lock_polls       = 00005B18
  lock_unlocked    = 00005B18
  lock_calibration_fail = 00000000
  spll_state       = 00030004
  spll_ocer        = A5FCA201
  spll_rcer        = 00000001
  spll_occr        = 6D000181
  spll_trr_csr     = 00122AB6
  spll_dac_hpll    = B57EF1E3
  spll_dac_main    = 00000003
  spll_helper_state = 00000000
  spll_helper_limits = 271000C8
  spll_main_state  = 00000000
  spll_main_limits = 00320032
  spll_main_phase_limits = 03E804B0
  spll_state_visit_mask = 00000618
  spll_state_transitions = 00000003
  spll_last_state  = 00000004
  spll_init_count  = 00000001
  dmtd_ref         = 02AD4624
  dmtd_fb          = 028BA38F
  dmtd_ref_high_qual_abort = 001C631F
  dmtd_fb_high_qual_abort = 00066FA8
  tag_valid        = 0010357D
  trr_write        = 001035E9
  irq              = 000FD222
  helper_update    = 00083091
  spll_helper_error = FFFDB610
  spll_helper_output = 0000FFFB
  eic_isr          = FFFF0000
  current_tics     = 0001F763
RAW_SNAPSHOT board=DE5 [1-11.2] label=after
  status           = 01106F41235082EF
  cpu              = 0000007C000011AC
  marker           = 000000010000B004
  store            = 0010851F0001E298
  store_count      = 0000000004C9192E
  exception        = 8000000B000011A8
  clock            = 002F217311D32417
  boot_generation  = 00000001
  cpu_reset_count  = 00000001
  wr_core_reset_count = 00000001
  si_config_drop_count = 00000001
  pps_cr           = 01312D06
  pps_escr         = 00000000
  ep_mach          = 02000200
  ep_macl          = 22334402
  ep_dsr           = 42000000
  ptp              = 00004109
  ptp_rx           = 00000232
  ptp_tx           = 000000A1
  ptp_meta         = 03020409
  tx               = 00000195
  rx               = 000002B8
  rxerr            = 00000000
  ptp_types        = 047F3F7F
  foreign_meta     = 03000001
  filter_meta      = 00000000
  parse_meta       = 05013F18
  wr_rx_signal     = 10010001
  wr_tx_signal     = 10000001
  wr_failure       = 02020001
  wr_state         = A000035C
  wr_reject        = 00000000
  pstat            = 00000001
  sstat            = 00000001
  sec_h            = 00000000
  sec_l            = 000000DE
  ns               = 3688CF58
  lock_enable      = 00000004
  lock_result      = 00000001
  lock_polls       = 00005B18
  lock_unlocked    = 00005B18
  lock_calibration_fail = 00000000
  spll_state       = 00030004
  spll_ocer        = 0D171001
  spll_rcer        = 00000001
  spll_occr        = FF000114
  spll_trr_csr     = 0012044E
  spll_dac_hpll    = E2F2EABD
  spll_dac_main    = 00000003
  spll_helper_state = 00000000
  spll_helper_limits = 271000C8
  spll_main_state  = 00000000
  spll_main_limits = 00320032
  spll_main_phase_limits = 03E804B0
  spll_state_visit_mask = 00000618
  spll_state_transitions = 00000003
  spll_last_state  = 00000004
  spll_init_count  = 00000001
  dmtd_ref         = 02ADB480
  dmtd_fb          = 028C0F9C
  dmtd_ref_high_qual_abort = 001DE3D1
  dmtd_fb_high_qual_abort = 0006C58B
  tag_valid        = 00110FEF
  trr_write        = 0011105D
  irq              = 0010A767
  helper_update    = 00089F00
  spll_helper_error = FFFDB610
  spll_helper_output = 0000FFFB
  eic_isr          = FFFF0000
  current_tics     = 00020F37

============================================================
JTAG/WB transport health summary
============================================================
WB_TRANSPORT_PROTOCOL = PRELOAD_THEN_TOGGLE_COMMIT
WB_REQUEST_COUNT = 353
PRELOAD_COUNT = 353
COMMIT_COUNT = 353
WB_PROBE_READ_COUNT = 1765
PRELOAD_UNEXPECTED_TRIGGER_COUNT = 0
PROBE_3WAY_MATCH_COUNT = 353
STABLE_RESPONSE_WRONG_COUNT = 0
ADDRESS_CROSS_CONTAMINATION_COUNT = 0
TIMEOUT_COUNT = 0
INVALID_COUNT = 0
STALE_A5A5_COUNT = 0
UNSTABLE_TRANSACTION_COUNT = 0
DMTD_REF_DECREASE_COUNT = 0
DMTD_FB_DECREASE_COUNT = 0
PRELOAD_PROTOCOL_RUNTIME_REVALIDATION = PASS
JTAG_WB_DIAGNOSTIC_PATH = TRUSTED
============================================================

============================================================
STEP4A_RESULT = PASS
STEP4B_ALLOWED = YES
STEP4B_RESULT = PASS
STEP4B_FIRST_INACTIVE_BOUNDARY = ACTIVE
STEP5_RESULT = NOT_APPLICABLE_MASTER
STEP5_FIRST_INACTIVE_BOUNDARY = SLAVE_ONLY
STEP5_RESULT = NEVER_LOCKED
STEP5_FIRST_INACTIVE_BOUNDARY = HELPER_LOCK
============================================================
Info (23030): Evaluation of Tcl script /home/b10504072/04_WR/artifacts/EXP-WRPC-STEP5-STATIC-COARSE-BRACKET-FDEC8192-20260908/source/scripts/jtag/read_wb_runtime.tcl was successful
Info: Quartus Prime Signal Tap was successful. 0 errors, 0 warnings
    Info: Peak virtual memory: 676 megabytes
    Info: Processing ended: Tue Sep  8 19:06:13 2026
    Info: Elapsed time: 00:00:15
    Info: System process ID: 101525
