Info: *******************************************************************
Info: Running Quartus Prime SignalTap II
    Info: Version 17.0.0 Build 595 04/25/2017 SJ Standard Edition
    Info: Copyright (C) 2017  Intel Corporation. All rights reserved.
    Info: Your use of Intel Corporation's design tools, logic functions 
    Info: and other software and tools, and its AMPP partner logic 
    Info: functions, and any output files from any of the foregoing 
    Info: (including device programming or simulation files), and any 
    Info: associated documentation or information are expressly subject 
    Info: to the terms and conditions of the Intel Program License 
    Info: Subscription Agreement, the Intel Quartus Prime License Agreement,
    Info: the Intel MegaCore Function License Agreement, or other 
    Info: applicable license agreement, including, without limitation, 
    Info: that your use is for the sole purpose of programming logic 
    Info: devices manufactured by Intel and sold by Intel or its 
    Info: authorized distributors.  Please refer to the applicable 
    Info: agreement for further details.
    Info: Processing started: Mon Aug 24 03:18:06 2026
Info: Command: quartus_stp -t scripts/jtag/read_step4_startup_focused.tcl 10 500 all
Info: Quartus(args): 10 500 all
STEP4_FOCUSED_CONFIG samples=10 gap_ms=500 group=all retries=5 trr_r0_read=disabled
=== STEP4_FOCUSED_BOARD DE5 [1-11.1] ===
STEP4_SERIES board=DE5 [1-11.1] register=WR_FAILURE_DEBUG samples=10 valid=10 timeout=0 invalid=0 decrease=0 first=01030001 last=01030001 delta=0
STEP4_SERIES board=DE5 [1-11.1] register=WR_LOCK_RESULT samples=10 valid=10 timeout=0 invalid=0 decrease=0 first=00000000 last=00000000 delta=0
STEP4_SERIES board=DE5 [1-11.1] register=WR_LOCK_POLL_COUNT samples=10 valid=10 timeout=0 invalid=0 decrease=0 first=00000000 last=00000000 delta=0
STEP4_SERIES board=DE5 [1-11.1] register=WR_LOCK_UNLOCKED_COUNT samples=10 valid=10 timeout=0 invalid=0 decrease=0 first=00000000 last=00000000 delta=0
STEP4_SERIES board=DE5 [1-11.1] register=WR_LOCK_CALIB_FAIL_COUNT samples=10 valid=10 timeout=0 invalid=0 decrease=0 first=00000000 last=00000000 delta=0
STEP4_SERIES board=DE5 [1-11.1] register=WR_LOCK_ENABLE_COUNT samples=10 valid=10 timeout=0 invalid=0 decrease=0 first=00000000 last=00000000 delta=0
STEP4_SERIES board=DE5 [1-11.1] register=SPLL_STATE samples=10 valid=10 timeout=0 invalid=0 decrease=0 first=00020009 last=00020009 delta=0
STEP4_SERIES board=DE5 [1-11.1] register=PSTAT_LOCKED samples=10 valid=10 timeout=0 invalid=0 decrease=0 first=00000001 last=00000001 delta=0
STEP4_GROUP board=DE5 [1-11.1] group=LOCK result=VALID
STEP4_LOCK_CLASS board=DE5 [1-11.1] result=TRANSITIONAL_OR_INCONSISTENT result_code=0 pstat_locked=0
STEP4_SERIES board=DE5 [1-11.1] register=SPLL_MODE_SEQUENCE samples=10 valid=10 timeout=0 invalid=0 decrease=0 first=00020009 last=00020009 delta=0
STEP4_SERIES board=DE5 [1-11.1] register=RCER samples=10 valid=10 timeout=0 invalid=0 decrease=0 first=00000000 last=00000000 delta=0
STEP4_SERIES board=DE5 [1-11.1] register=OCER samples=10 valid=10 timeout=0 invalid=0 decrease=1 first=0400A601 last=2D181C01 delta=689403392
STEP4_SERIES board=DE5 [1-11.1] register=DMTD_REF_EVENTS samples=10 valid=10 timeout=0 invalid=0 decrease=0 first=00AC98AD last=00AC98AD delta=0
STEP4_SERIES board=DE5 [1-11.1] register=DMTD_FB_EVENTS samples=10 valid=10 timeout=0 invalid=0 decrease=0 first=009E88E1 last=009E88E1 delta=0
STEP4_SERIES board=DE5 [1-11.1] register=DMTD_REF_ACCEPT samples=10 valid=10 timeout=0 invalid=0 decrease=0 first=02E4491A last=02E4491A delta=0
STEP4_SERIES board=DE5 [1-11.1] register=DMTD_FB_ACCEPT samples=10 valid=10 timeout=0 invalid=0 decrease=0 first=0242A35B last=0242A35B delta=0
STEP4_SERIES board=DE5 [1-11.1] register=DMTD_REF_SAMPLED samples=10 valid=10 timeout=0 invalid=0 decrease=0 first=89ECD7BF last=B2D324F3 delta=686181684
STEP4_SERIES board=DE5 [1-11.1] register=DMTD_FB_SAMPLED samples=10 valid=10 timeout=0 invalid=0 decrease=0 first=94C3F64B last=BD993D66 delta=685066011
STEP4_SERIES board=DE5 [1-11.1] register=DMTD_HIGH_QUAL_MAX_STAB samples=10 valid=10 timeout=0 invalid=0 decrease=0 first=00000000 last=00000000 delta=0
STEP4_SERIES board=DE5 [1-11.1] register=LOW_QUAL_ABORT_REF samples=10 valid=10 timeout=0 invalid=0 decrease=0 first=FFFFFFFF last=FFFFFFFF delta=0
STEP4_SERIES board=DE5 [1-11.1] register=LOW_QUAL_ABORT_FB samples=10 valid=10 timeout=0 invalid=0 decrease=0 first=FFFFFFFF last=FFFFFFFF delta=0
STEP4_SERIES board=DE5 [1-11.1] register=DMTD_D1_HIGH_RUN_MAX samples=10 valid=10 timeout=0 invalid=0 decrease=0 first=0007FFFF last=0007FFFF delta=0
STEP4_SERIES board=DE5 [1-11.1] register=DMTD_D0_LOW_RUN_MAX samples=10 valid=10 timeout=0 invalid=0 decrease=0 first=0007FFFF last=0007FFFF delta=0
STEP4_SERIES board=DE5 [1-11.1] register=WAIT_EDGE_ENTRY_REF samples=10 valid=10 timeout=0 invalid=0 decrease=0 first=02E4491A last=02E4491A delta=0
STEP4_SERIES board=DE5 [1-11.1] register=WAIT_EDGE_ENTRY_FB samples=10 valid=10 timeout=0 invalid=0 decrease=0 first=0242A35B last=0242A35B delta=0
STEP4_SERIES board=DE5 [1-11.1] register=DMTD_REF_SEEN samples=10 valid=10 timeout=0 invalid=0 decrease=0 first=00000000 last=00000000 delta=0
STEP4_SERIES board=DE5 [1-11.1] register=DMTD_FB_SEEN samples=10 valid=10 timeout=0 invalid=0 decrease=0 first=00000000 last=00000000 delta=0
STEP4_SERIES board=DE5 [1-11.1] register=SPLL_DMTD_STATE samples=10 valid=10 timeout=0 invalid=0 decrease=0 first=0C000000 last=0C000000 delta=0
STEP4_GROUP board=DE5 [1-11.1] group=DMTD_BOUNDARY result=VALID
STEP4_SERIES board=DE5 [1-11.1] register=TAG_PENDING_COUNT samples=10 valid=10 timeout=0 invalid=0 decrease=0 first=00000000 last=00000000 delta=0
STEP4_SERIES board=DE5 [1-11.1] register=TAG_PENDING_REF_COUNT samples=10 valid=10 timeout=0 invalid=0 decrease=0 first=00000000 last=00000000 delta=0
STEP4_SERIES board=DE5 [1-11.1] register=TAG_PENDING_FB_COUNT samples=10 valid=10 timeout=0 invalid=0 decrease=0 first=00000000 last=00000000 delta=0
STEP4_SERIES board=DE5 [1-11.1] register=TAG_GRANT_COUNT samples=10 valid=10 timeout=0 invalid=0 decrease=0 first=00000000 last=00000000 delta=0
STEP4_SERIES board=DE5 [1-11.1] register=TAG_VALID_COUNT samples=10 valid=10 timeout=0 invalid=0 decrease=0 first=00000000 last=00000000 delta=0
STEP4_SERIES board=DE5 [1-11.1] register=TRR_WRITE_COUNT samples=10 valid=10 timeout=0 invalid=0 decrease=0 first=00000000 last=00000000 delta=0
STEP4_GROUP board=DE5 [1-11.1] group=TAG_ARBITRATION result=VALID
STEP4_SERIES board=DE5 [1-11.1] register=IRQ_COUNT samples=10 valid=10 timeout=0 invalid=0 decrease=0 first=00000000 last=00000000 delta=0
STEP4_SERIES board=DE5 [1-11.1] register=HELPER_UPDATE_COUNT samples=10 valid=10 timeout=0 invalid=0 decrease=0 first=00000000 last=00000000 delta=0
STEP4_SERIES board=DE5 [1-11.1] register=STATE_TRANSITION_COUNT samples=10 valid=10 timeout=0 invalid=0 decrease=0 first=00000000 last=00000000 delta=0
STEP4_GROUP board=DE5 [1-11.1] group=DOWNSTREAM result=VALID
STEP4_SERIES board=DE5 [1-11.1] register=CURRENT_TICS samples=10 valid=10 timeout=0 invalid=0 decrease=0 first=8ABD49BF last=9D5F4973 delta=312606644
STEP4_SERIES board=DE5 [1-11.1] register=DMTD_REF_LAST_TICS samples=10 valid=10 timeout=0 invalid=0 decrease=0 first=048A9ABD last=048A9ABD delta=0
STEP4_SERIES board=DE5 [1-11.1] register=DMTD_FB_LAST_TICS samples=10 valid=10 timeout=0 invalid=0 decrease=0 first=048A9ABD last=048A9ABD delta=0
STEP4_SERIES board=DE5 [1-11.1] register=TAG_REF_LAST_TICS samples=10 valid=10 timeout=0 invalid=0 decrease=0 first=048A9ABE last=048A9ABE delta=0
STEP4_SERIES board=DE5 [1-11.1] register=TAG_FB_LAST_TICS samples=10 valid=10 timeout=0 invalid=0 decrease=0 first=048A9ABE last=048A9ABE delta=0
STEP4_SERIES board=DE5 [1-11.1] register=TAG_PENDING_LAST_TICS samples=10 valid=10 timeout=0 invalid=0 decrease=0 first=00000000 last=00000000 delta=0
STEP4_SERIES board=DE5 [1-11.1] register=TAG_GRANT_LAST_TICS samples=10 valid=10 timeout=0 invalid=0 decrease=0 first=00000000 last=00000000 delta=0
STEP4_SERIES board=DE5 [1-11.1] register=TAG_VALID_LAST_TICS samples=10 valid=10 timeout=0 invalid=0 decrease=0 first=00000000 last=00000000 delta=0
STEP4_SERIES board=DE5 [1-11.1] register=TRR_WRITE_LAST_TICS samples=10 valid=10 timeout=0 invalid=0 decrease=0 first=00000000 last=00000000 delta=0
STEP4_GROUP board=DE5 [1-11.1] group=EVENT_TIMING result=VALID
STEP4_HIGH_QUAL_MAX_STAB board=DE5 [1-11.1] ref_max_before_abort=0 fb_max_before_abort=0
STEP4_LOW_QUAL_ABORT board=DE5 [1-11.1] ref_delta=0 fb_delta=0 active=0
STEP4_INPUT_D1_HIGH_RUN_MAX board=DE5 [1-11.1] ref_max_d1_high_run=65535 fb_max_d1_high_run=7
STEP4_INPUT_D0_LOW_RUN_MAX board=DE5 [1-11.1] ref_max_d0_low_run=65535 fb_max_d0_low_run=7
STEP4_WAIT_EDGE_ENTRY board=DE5 [1-11.1] ref_delta=0 fb_delta=0 active=0
STEP4_DEGLITCH_STATE board=DE5 [1-11.1] ref_state=0 fb_state=0 ref_stab_bucket=0 fb_stab_bucket=0 ref_threshold_reached=1 fb_threshold_reached=1
STEP4_DMTD_BOUNDARY board=DE5 [1-11.1] sampled_ref=686181684 accept_ref=0 sampled_fb=685066011 accept_fb=0
STEP4_QUALIFICATION_ABORT board=DE5 [1-11.1] ref_high=0 fb_high=0 delta_mode=MODULO32
STEP4_EVENT_ACTIVITY board=DE5 [1-11.1] dmtd=0 pending=0 grant=0 tag_valid=0 trr_write=0 irq=0 state_transition=0 helper_update=0
STEP4_EVENT_BOUNDARY board=DE5 [1-11.1] result=DMTD_WAIT_STABLE_LOW_QUAL_NO_ABORT_OBSERVED
=== STEP4_FOCUSED_BOARD DE5 [1-11.2] ===
STEP4_SERIES board=DE5 [1-11.2] register=WR_FAILURE_DEBUG samples=10 valid=10 timeout=0 invalid=0 decrease=0 first=02020001 last=02020001 delta=0
STEP4_SERIES board=DE5 [1-11.2] register=WR_LOCK_RESULT samples=10 valid=10 timeout=0 invalid=0 decrease=0 first=00000001 last=00000001 delta=0
STEP4_SERIES board=DE5 [1-11.2] register=WR_LOCK_POLL_COUNT samples=10 valid=10 timeout=0 invalid=0 decrease=0 first=000E8B2D last=000E8B2D delta=0
STEP4_SERIES board=DE5 [1-11.2] register=WR_LOCK_UNLOCKED_COUNT samples=10 valid=10 timeout=0 invalid=0 decrease=0 first=000E8B2D last=000E8B2D delta=0
STEP4_SERIES board=DE5 [1-11.2] register=WR_LOCK_CALIB_FAIL_COUNT samples=10 valid=10 timeout=0 invalid=0 decrease=0 first=00000000 last=00000000 delta=0
STEP4_SERIES board=DE5 [1-11.2] register=WR_LOCK_ENABLE_COUNT samples=10 valid=10 timeout=0 invalid=0 decrease=0 first=00000004 last=00000004 delta=0
STEP4_SERIES board=DE5 [1-11.2] register=SPLL_STATE samples=10 valid=10 timeout=0 invalid=0 decrease=0 first=00030009 last=00030009 delta=0
STEP4_SERIES board=DE5 [1-11.2] register=PSTAT_LOCKED samples=10 valid=10 timeout=0 invalid=0 decrease=0 first=00000001 last=00000001 delta=0
STEP4_GROUP board=DE5 [1-11.2] group=LOCK result=VALID
STEP4_LOCK_CLASS board=DE5 [1-11.2] result=SPLL_UNLOCKED result_code=1 unlocked_delta=0 pstat_locked=0
STEP4_SERIES board=DE5 [1-11.2] register=SPLL_MODE_SEQUENCE samples=10 valid=10 timeout=0 invalid=0 decrease=0 first=00030009 last=00030009 delta=0
STEP4_SERIES board=DE5 [1-11.2] register=RCER samples=10 valid=10 timeout=0 invalid=0 decrease=0 first=00000001 last=00000001 delta=0
STEP4_SERIES board=DE5 [1-11.2] register=OCER samples=10 valid=10 timeout=0 invalid=0 decrease=1 first=09105701 last=421CDC01 delta=957121792
STEP4_SERIES board=DE5 [1-11.2] register=DMTD_REF_EVENTS samples=10 valid=10 timeout=0 invalid=0 decrease=0 first=05CEE328 last=05CEE328 delta=0
STEP4_SERIES board=DE5 [1-11.2] register=DMTD_FB_EVENTS samples=10 valid=10 timeout=0 invalid=0 decrease=0 first=064B8B5F last=064B8B5F delta=0
STEP4_SERIES board=DE5 [1-11.2] register=DMTD_REF_ACCEPT samples=10 valid=10 timeout=0 invalid=0 decrease=0 first=152AA89A last=152AA89A delta=0
STEP4_SERIES board=DE5 [1-11.2] register=DMTD_FB_ACCEPT samples=10 valid=10 timeout=0 invalid=0 decrease=0 first=16F80DAE last=16F80DAE delta=0
STEP4_SERIES board=DE5 [1-11.2] register=DMTD_REF_SAMPLED samples=10 valid=10 timeout=0 invalid=0 decrease=0 first=13F6BEE2 last=3D1032BC delta=689533914
STEP4_SERIES board=DE5 [1-11.2] register=DMTD_FB_SAMPLED samples=10 valid=10 timeout=0 invalid=0 decrease=0 first=19D1AFB7 last=42DEB5B4 delta=688719357
STEP4_SERIES board=DE5 [1-11.2] register=DMTD_HIGH_QUAL_MAX_STAB samples=10 valid=10 timeout=0 invalid=0 decrease=0 first=00040016 last=00040016 delta=0
STEP4_SERIES board=DE5 [1-11.2] register=LOW_QUAL_ABORT_REF samples=10 valid=10 timeout=0 invalid=0 decrease=0 first=00000000 last=00000000 delta=0
STEP4_SERIES board=DE5 [1-11.2] register=LOW_QUAL_ABORT_FB samples=10 valid=10 timeout=0 invalid=0 decrease=0 first=00000000 last=00000000 delta=0
STEP4_SERIES board=DE5 [1-11.2] register=DMTD_D1_HIGH_RUN_MAX samples=10 valid=10 timeout=0 invalid=0 decrease=0 first=00040016 last=00040016 delta=0
STEP4_SERIES board=DE5 [1-11.2] register=DMTD_D0_LOW_RUN_MAX samples=10 valid=10 timeout=0 invalid=0 decrease=0 first=00040016 last=00040016 delta=0
STEP4_SERIES board=DE5 [1-11.2] register=WAIT_EDGE_ENTRY_REF samples=10 valid=10 timeout=0 invalid=0 decrease=0 first=152AA89B last=152AA89B delta=0
STEP4_SERIES board=DE5 [1-11.2] register=WAIT_EDGE_ENTRY_FB samples=10 valid=10 timeout=0 invalid=0 decrease=0 first=16F80DAF last=16F80DAF delta=0
STEP4_SERIES board=DE5 [1-11.2] register=DMTD_REF_SEEN samples=10 valid=10 timeout=0 invalid=0 decrease=0 first=5FEAD231 last=74778A2E delta=344766461
STEP4_SERIES board=DE5 [1-11.2] register=DMTD_FB_SEEN samples=10 valid=10 timeout=0 invalid=0 decrease=0 first=5F2D4B2B last=73B3EDDF delta=344367796
STEP4_SERIES board=DE5 [1-11.2] register=SPLL_DMTD_STATE samples=10 valid=10 timeout=0 invalid=0 decrease=0 first=0C00000A last=0C00000A delta=0
STEP4_GROUP board=DE5 [1-11.2] group=DMTD_BOUNDARY result=VALID
STEP4_SERIES board=DE5 [1-11.2] register=TAG_PENDING_COUNT samples=10 valid=10 timeout=0 invalid=0 decrease=0 first=00000000 last=00000000 delta=0
STEP4_SERIES board=DE5 [1-11.2] register=TAG_PENDING_REF_COUNT samples=10 valid=10 timeout=0 invalid=0 decrease=0 first=00000000 last=00000000 delta=0
STEP4_SERIES board=DE5 [1-11.2] register=TAG_PENDING_FB_COUNT samples=10 valid=10 timeout=0 invalid=0 decrease=0 first=00000000 last=00000000 delta=0
STEP4_SERIES board=DE5 [1-11.2] register=TAG_GRANT_COUNT samples=10 valid=10 timeout=0 invalid=0 decrease=0 first=00000000 last=00000000 delta=0
STEP4_SERIES board=DE5 [1-11.2] register=TAG_VALID_COUNT samples=10 valid=10 timeout=0 invalid=0 decrease=0 first=00000000 last=00000000 delta=0
STEP4_SERIES board=DE5 [1-11.2] register=TRR_WRITE_COUNT samples=10 valid=10 timeout=0 invalid=0 decrease=0 first=00000000 last=00000000 delta=0
STEP4_GROUP board=DE5 [1-11.2] group=TAG_ARBITRATION result=VALID
STEP4_SERIES board=DE5 [1-11.2] register=IRQ_COUNT samples=10 valid=10 timeout=0 invalid=0 decrease=0 first=00000000 last=00000000 delta=0
STEP4_SERIES board=DE5 [1-11.2] register=HELPER_UPDATE_COUNT samples=10 valid=10 timeout=0 invalid=0 decrease=0 first=00000000 last=00000000 delta=0
STEP4_SERIES board=DE5 [1-11.2] register=STATE_TRANSITION_COUNT samples=10 valid=10 timeout=0 invalid=0 decrease=0 first=00000000 last=00000000 delta=0
STEP4_GROUP board=DE5 [1-11.2] group=DOWNSTREAM result=VALID
STEP4_SERIES board=DE5 [1-11.2] register=CURRENT_TICS samples=10 valid=10 timeout=0 invalid=0 decrease=0 first=C73314D0 last=D9D5FBFC delta=312665900
STEP4_SERIES board=DE5 [1-11.2] register=DMTD_REF_LAST_TICS samples=10 valid=10 timeout=0 invalid=0 decrease=0 first=2E0A8322 last=2E0A8322 delta=0
STEP4_SERIES board=DE5 [1-11.2] register=DMTD_FB_LAST_TICS samples=10 valid=10 timeout=0 invalid=0 decrease=0 first=2E0A8326 last=2E0A8326 delta=0
STEP4_SERIES board=DE5 [1-11.2] register=TAG_REF_LAST_TICS samples=10 valid=10 timeout=0 invalid=0 decrease=0 first=2E0A8323 last=2E0A8323 delta=0
STEP4_SERIES board=DE5 [1-11.2] register=TAG_FB_LAST_TICS samples=10 valid=10 timeout=0 invalid=0 decrease=0 first=2E0A8327 last=2E0A8327 delta=0
STEP4_SERIES board=DE5 [1-11.2] register=TAG_PENDING_LAST_TICS samples=10 valid=10 timeout=0 invalid=0 decrease=0 first=00000000 last=00000000 delta=0
STEP4_SERIES board=DE5 [1-11.2] register=TAG_GRANT_LAST_TICS samples=10 valid=10 timeout=0 invalid=0 decrease=0 first=00000000 last=00000000 delta=0
STEP4_SERIES board=DE5 [1-11.2] register=TAG_VALID_LAST_TICS samples=10 valid=10 timeout=0 invalid=0 decrease=0 first=00000000 last=00000000 delta=0
STEP4_SERIES board=DE5 [1-11.2] register=TRR_WRITE_LAST_TICS samples=10 valid=10 timeout=0 invalid=0 decrease=0 first=00000000 last=00000000 delta=0
STEP4_GROUP board=DE5 [1-11.2] group=EVENT_TIMING result=VALID
STEP4_HIGH_QUAL_MAX_STAB board=DE5 [1-11.2] ref_max_before_abort=22 fb_max_before_abort=4
STEP4_LOW_QUAL_ABORT board=DE5 [1-11.2] ref_delta=0 fb_delta=0 active=0
STEP4_INPUT_D1_HIGH_RUN_MAX board=DE5 [1-11.2] ref_max_d1_high_run=22 fb_max_d1_high_run=4
STEP4_INPUT_D0_LOW_RUN_MAX board=DE5 [1-11.2] ref_max_d0_low_run=22 fb_max_d0_low_run=4
STEP4_WAIT_EDGE_ENTRY board=DE5 [1-11.2] ref_delta=0 fb_delta=0 active=0
STEP4_DEGLITCH_STATE board=DE5 [1-11.2] ref_state=2 fb_state=2 ref_stab_bucket=0 fb_stab_bucket=0 ref_threshold_reached=1 fb_threshold_reached=1
STEP4_DMTD_BOUNDARY board=DE5 [1-11.2] sampled_ref=689533914 accept_ref=0 sampled_fb=688719357 accept_fb=0
STEP4_QUALIFICATION_ABORT board=DE5 [1-11.2] ref_high=344766461 fb_high=344367796 delta_mode=MODULO32
STEP4_EVENT_ACTIVITY board=DE5 [1-11.2] dmtd=0 pending=0 grant=0 tag_valid=0 trr_write=0 irq=0 state_transition=0 helper_update=0
STEP4_EVENT_BOUNDARY board=DE5 [1-11.2] result=DMTD_WAIT_EDGE_ENTRY_INACTIVE_STATE_LATER
STEP4_FOCUSED_DONE
Info (23030): Evaluation of Tcl script scripts/jtag/read_step4_startup_focused.tcl was successful
Info: Quartus Prime SignalTap II was successful. 0 errors, 0 warnings
    Info: Peak virtual memory: 772 megabytes
    Info: Processing ended: Mon Aug 24 03:18:57 2026
    Info: Elapsed time: 00:00:51
    Info: Total CPU time (on all processors): 00:00:00
