Info: *******************************************************************
Info: Running Quartus Prime SignalTap II
    Info: Version 17.0.0 Build 595 04/25/2017 SJ Standard Edition
    Info: Copyright (C) 2017  Intel Corporation. All rights reserved.
    Info: Your use of Intel Corporation's design tools, logic functions 
    Info: and other software and tools, and its AMPP partner logic 
    Info: functions, and any output files from any of the foregoing 
    Info: (including device programming or simulation files), and any 
    Info: associated documentation or information are expressly subject 
    Info: to the terms and conditions of the Intel Program License 
    Info: Subscription Agreement, the Intel Quartus Prime License Agreement,
    Info: the Intel MegaCore Function License Agreement, or other 
    Info: applicable license agreement, including, without limitation, 
    Info: that your use is for the sole purpose of programming logic 
    Info: devices manufactured by Intel and sold by Intel or its 
    Info: authorized distributors.  Please refer to the applicable 
    Info: agreement for further details.
    Info: Processing started: Thu Aug 20 04:56:40 2026
Info: Command: quartus_stp -t scripts/jtag/read_step4_runtime_context.tcl 10 1000
Info: Quartus(args): 10 1000
STEP4_CONTEXT_CONFIG samples=10 gap_ms=1000
=== DE5 [1-11.1] ===
STEP4_CONTEXT_SAMPLE board=DE5 [1-11.1] sample=001 STATUS=101E186134BC82FF PTP=00000006 PTP_META=02020406 FOREIGN_META=0000FF00 LOCK_ENABLE=00000000 SPLL_STATE=00020009 OCER=00000001 RCER=00000000 TRR_CSR=00020000 EIC_IMR=000000E9 EIC_ISR=000000E8 TAG_VALID=00000000 TRR_WRITE=00000000 REF=00000000 TAG=00000000 IRQ=00000000 HELPER_UPDATE=00000000 CURRENT_TICS=000AB3B6 DAC_TIMEOUT=00000000 INIT_COUNT=00000001 CLEAR_DACS_COUNT=00000001 LAST_INIT_TICS=000004DF LAST_CLEAR_TICS=000004DF
STEP4_CONTEXT_SAMPLE board=DE5 [1-11.1] sample=002 STATUS=101E1841245082FF PTP=00000006 PTP_META=02020406 FOREIGN_META=0000FF00 LOCK_ENABLE=00000000 SPLL_STATE=00020009 OCER=00000001 RCER=00000000 TRR_CSR=00020000 EIC_IMR=000000E9 EIC_ISR=000000E8 TAG_VALID=00000000 TRR_WRITE=00000000 REF=00000000 TAG=00000000 IRQ=00000000 HELPER_UPDATE=00000000 CURRENT_TICS=000AB79D DAC_TIMEOUT=00000000 INIT_COUNT=00000001 CLEAR_DACS_COUNT=00000001 LAST_INIT_TICS=000004DF LAST_CLEAR_TICS=000004DF
STEP4_CONTEXT_SAMPLE board=DE5 [1-11.1] sample=003 STATUS=101E18E334BC82FF PTP=00000006 PTP_META=02020406 FOREIGN_META=0000FF00 LOCK_ENABLE=00000000 SPLL_STATE=00020009 OCER=00000001 RCER=00000000 TRR_CSR=00020000 EIC_IMR=000000E9 EIC_ISR=000000E8 TAG_VALID=00000000 TRR_WRITE=00000000 REF=00000000 TAG=00000000 IRQ=00000000 HELPER_UPDATE=00000000 CURRENT_TICS=000ABB85 DAC_TIMEOUT=00000000 INIT_COUNT=00000001 CLEAR_DACS_COUNT=00000001 LAST_INIT_TICS=000004DF LAST_CLEAR_TICS=000004DF
STEP4_CONTEXT_SAMPLE board=DE5 [1-11.1] sample=004 STATUS=101E186134BC82FF PTP=00000006 PTP_META=02020406 FOREIGN_META=0000FF00 LOCK_ENABLE=00000000 SPLL_STATE=00020009 OCER=00000001 RCER=00000000 TRR_CSR=00020000 EIC_IMR=000000E9 EIC_ISR=000000E8 TAG_VALID=00000000 TRR_WRITE=00000000 REF=00000000 TAG=00000000 IRQ=00000000 HELPER_UPDATE=00000000 CURRENT_TICS=000ABF6D DAC_TIMEOUT=00000000 INIT_COUNT=00000001 CLEAR_DACS_COUNT=00000001 LAST_INIT_TICS=000004DF LAST_CLEAR_TICS=000004DF
STEP4_CONTEXT_SAMPLE board=DE5 [1-11.1] sample=005 STATUS=101E18E334BC82FF PTP=00000006 PTP_META=02020406 FOREIGN_META=0000FF00 LOCK_ENABLE=00000000 SPLL_STATE=00020009 OCER=00000001 RCER=00000000 TRR_CSR=00020000 EIC_IMR=000000E9 EIC_ISR=000000E8 TAG_VALID=00000000 TRR_WRITE=00000000 REF=00000000 TAG=00000000 IRQ=00000000 HELPER_UPDATE=00000000 CURRENT_TICS=000AC355 DAC_TIMEOUT=00000000 INIT_COUNT=00000001 CLEAR_DACS_COUNT=00000001 LAST_INIT_TICS=000004DF LAST_CLEAR_TICS=000004DF
STEP4_CONTEXT_SAMPLE board=DE5 [1-11.1] sample=006 STATUS=101E18C1245082FF PTP=00000006 PTP_META=02020406 FOREIGN_META=0000FF00 LOCK_ENABLE=00000000 SPLL_STATE=00020009 OCER=00000001 RCER=00000000 TRR_CSR=00020000 EIC_IMR=000000E9 EIC_ISR=000000E8 TAG_VALID=00000000 TRR_WRITE=00000000 REF=00000000 TAG=00000000 IRQ=00000000 HELPER_UPDATE=00000000 CURRENT_TICS=000AC73E DAC_TIMEOUT=00000000 INIT_COUNT=00000001 CLEAR_DACS_COUNT=00000001 LAST_INIT_TICS=000004DF LAST_CLEAR_TICS=000004DF
STEP4_CONTEXT_SAMPLE board=DE5 [1-11.1] sample=007 STATUS=101E186134BC82FF PTP=00000006 PTP_META=02020406 FOREIGN_META=00000000 LOCK_ENABLE=00000000 SPLL_STATE=00020009 OCER=00000001 RCER=00000000 TRR_CSR=00020000 EIC_IMR=000000E9 EIC_ISR=000000E8 TAG_VALID=00000000 TRR_WRITE=00000000 REF=00000000 TAG=00000000 IRQ=00000000 HELPER_UPDATE=00000000 CURRENT_TICS=000ACB25 DAC_TIMEOUT=00000000 INIT_COUNT=00000001 CLEAR_DACS_COUNT=00000001 LAST_INIT_TICS=000004DF LAST_CLEAR_TICS=000004DF
STEP4_CONTEXT_SAMPLE board=DE5 [1-11.1] sample=008 STATUS=101E186134BC82FF PTP=00000006 PTP_META=02020406 FOREIGN_META=0000FF00 LOCK_ENABLE=00000000 SPLL_STATE=00020009 OCER=00000001 RCER=00000000 TRR_CSR=00020000 EIC_IMR=000000E9 EIC_ISR=000000E8 TAG_VALID=00000000 TRR_WRITE=00000000 REF=00000000 TAG=00000000 IRQ=00000000 HELPER_UPDATE=00000001 CURRENT_TICS=000ACF0D DAC_TIMEOUT=00000000 INIT_COUNT=00000001 CLEAR_DACS_COUNT=00000001 LAST_INIT_TICS=000004DF LAST_CLEAR_TICS=000004DF
STEP4_CONTEXT_SAMPLE board=DE5 [1-11.1] sample=009 STATUS=101E18E334BC82FF PTP=00000006 PTP_META=02020406 FOREIGN_META=0000FF00 LOCK_ENABLE=00000000 SPLL_STATE=00020009 OCER=00000001 RCER=00000000 TRR_CSR=00020000 EIC_IMR=000000E9 EIC_ISR=000000E8 TAG_VALID=00000000 TRR_WRITE=00000000 REF=00000000 TAG=00000000 IRQ=00000000 HELPER_UPDATE=00000001 CURRENT_TICS=000AD6DD DAC_TIMEOUT=00000000 INIT_COUNT=00000001 CLEAR_DACS_COUNT=00000001 LAST_INIT_TICS=000004DF LAST_CLEAR_TICS=000004DF
STEP4_CONTEXT_SAMPLE board=DE5 [1-11.1] sample=010 STATUS=101E18C1245082FF PTP=00000006 PTP_META=02020406 FOREIGN_META=0000FF00 LOCK_ENABLE=00000000 SPLL_STATE=00020009 OCER=00000001 RCER=00000000 TRR_CSR=00020000 EIC_IMR=000000E9 EIC_ISR=000000E8 TAG_VALID=00000000 TRR_WRITE=00000000 REF=00000000 TAG=00000000 IRQ=00000000 HELPER_UPDATE=00000000 CURRENT_TICS=000ADAC6 DAC_TIMEOUT=00000000 INIT_COUNT=00000000 CLEAR_DACS_COUNT=00000001 LAST_INIT_TICS=000004DF LAST_CLEAR_TICS=000004DF
=== DE5 [1-11.2] ===
STEP4_CONTEXT_SAMPLE board=DE5 [1-11.2] sample=001 STATUS=4010846333F482CF PTP=00000009 PTP_META=03020409 FOREIGN_META=03000001 LOCK_ENABLE=00000004 SPLL_STATE=00030009 OCER=00000001 RCER=00000001 TRR_CSR=00020000 EIC_IMR=000000E9 EIC_ISR=000000E8 TAG_VALID=00000000 TRR_WRITE=00000000 REF=00000000 TAG=00000000 IRQ=00000000 HELPER_UPDATE=00000000 CURRENT_TICS=0008E276 DAC_TIMEOUT=00000000 INIT_COUNT=00000004 CLEAR_DACS_COUNT=00000001 LAST_INIT_TICS=0000DF78 LAST_CLEAR_TICS=00002FB0
STEP4_CONTEXT_SAMPLE board=DE5 [1-11.2] sample=002 STATUS=401084C1235082CF PTP=00000009 PTP_META=03020409 FOREIGN_META=03000001 LOCK_ENABLE=00000004 SPLL_STATE=00030009 OCER=00000001 RCER=00000001 TRR_CSR=00020000 EIC_IMR=000000E9 EIC_ISR=000000E8 TAG_VALID=00000000 TRR_WRITE=00000000 REF=00000000 TAG=00000000 IRQ=00000000 HELPER_UPDATE=00000000 CURRENT_TICS=0008E65E DAC_TIMEOUT=00000000 INIT_COUNT=00000004 CLEAR_DACS_COUNT=00000001 LAST_INIT_TICS=0000DF78 LAST_CLEAR_TICS=00002FB0
STEP4_CONTEXT_SAMPLE board=DE5 [1-11.2] sample=003 STATUS=401084C1231882CF PTP=00000009 PTP_META=03020409 FOREIGN_META=03000001 LOCK_ENABLE=00000004 SPLL_STATE=00030009 OCER=00000001 RCER=00000001 TRR_CSR=00020000 EIC_IMR=000000E9 EIC_ISR=000000E8 TAG_VALID=00000000 TRR_WRITE=00000000 REF=00000000 TAG=00000000 IRQ=00000000 HELPER_UPDATE=00000000 CURRENT_TICS=0008EE2E DAC_TIMEOUT=00000000 INIT_COUNT=00000004 CLEAR_DACS_COUNT=00000001 LAST_INIT_TICS=0000DF78 LAST_CLEAR_TICS=00002FB0
STEP4_CONTEXT_SAMPLE board=DE5 [1-11.2] sample=004 STATUS=4010846133BC82CF PTP=00000009 PTP_META=03020409 FOREIGN_META=03000001 LOCK_ENABLE=00000004 SPLL_STATE=00030009 OCER=00000001 RCER=00000001 TRR_CSR=00020000 EIC_IMR=000000E9 EIC_ISR=000000E8 TAG_VALID=00000000 TRR_WRITE=00000000 REF=00000000 TAG=00000000 IRQ=00000000 HELPER_UPDATE=00000000 CURRENT_TICS=0008F217 DAC_TIMEOUT=00000000 INIT_COUNT=00000004 CLEAR_DACS_COUNT=00000001 LAST_INIT_TICS=0000DF78 LAST_CLEAR_TICS=00002FB0
STEP4_CONTEXT_SAMPLE board=DE5 [1-11.2] sample=005 STATUS=401084C123D082CF PTP=00000009 PTP_META=03020409 FOREIGN_META=03000001 LOCK_ENABLE=00000004 SPLL_STATE=00030009 OCER=00000001 RCER=00000001 TRR_CSR=00020000 EIC_IMR=000000E9 EIC_ISR=000000E8 TAG_VALID=00000000 TRR_WRITE=00000000 REF=00000000 TAG=00000000 IRQ=00000000 HELPER_UPDATE=00000000 CURRENT_TICS=0008F5FE DAC_TIMEOUT=00000000 INIT_COUNT=00000004 CLEAR_DACS_COUNT=00000000 LAST_INIT_TICS=0000DF78 LAST_CLEAR_TICS=00002FB0
STEP4_CONTEXT_SAMPLE board=DE5 [1-11.2] sample=006 STATUS=4010846133BC82EF PTP=00000009 PTP_META=03020409 FOREIGN_META=03000001 LOCK_ENABLE=00000004 SPLL_STATE=00030009 OCER=00000001 RCER=00000001 TRR_CSR=00020000 EIC_IMR=000000E9 EIC_ISR=000000E8 TAG_VALID=00000000 TRR_WRITE=00000000 REF=00000000 TAG=00000000 IRQ=00000000 HELPER_UPDATE=00000000 CURRENT_TICS=0008F9E6 DAC_TIMEOUT=00000000 INIT_COUNT=00000004 CLEAR_DACS_COUNT=00000001 LAST_INIT_TICS=0000DF78 LAST_CLEAR_TICS=00002FB0
STEP4_CONTEXT_SAMPLE board=DE5 [1-11.2] sample=007 STATUS=401084E133BC82CF PTP=00000009 PTP_META=03020409 FOREIGN_META=03000001 LOCK_ENABLE=00000004 SPLL_STATE=00030009 OCER=00000001 RCER=00000001 TRR_CSR=00020000 EIC_IMR=000000E9 EIC_ISR=000000E8 TAG_VALID=00000000 TRR_WRITE=00000000 REF=00000000 TAG=00000000 IRQ=00000000 HELPER_UPDATE=00000000 CURRENT_TICS=0008FDCE DAC_TIMEOUT=00000000 INIT_COUNT=00000004 CLEAR_DACS_COUNT=00000001 LAST_INIT_TICS=0000DF78 LAST_CLEAR_TICS=00002FB0
STEP4_CONTEXT_SAMPLE board=DE5 [1-11.2] sample=008 STATUS=401084E133D082CF PTP=00000009 PTP_META=03020409 FOREIGN_META=03000001 LOCK_ENABLE=00000004 SPLL_STATE=00030009 OCER=00000001 RCER=00000001 TRR_CSR=00020000 EIC_IMR=000000E9 EIC_ISR=000000E8 TAG_VALID=00000000 TRR_WRITE=00000000 REF=00000000 TAG=00000000 IRQ=00000000 HELPER_UPDATE=00000000 CURRENT_TICS=000901B6 DAC_TIMEOUT=00000000 INIT_COUNT=00000004 CLEAR_DACS_COUNT=00000001 LAST_INIT_TICS=0000DF78 LAST_CLEAR_TICS=00002FB0
STEP4_CONTEXT_SAMPLE board=DE5 [1-11.2] sample=009 STATUS=40108441333C82EF PTP=00000009 PTP_META=03020409 FOREIGN_META=03000001 LOCK_ENABLE=00000004 SPLL_STATE=00030009 OCER=00000001 RCER=00000001 TRR_CSR=00020000 EIC_IMR=000000E9 EIC_ISR=000000E8 TAG_VALID=00000000 TRR_WRITE=00000000 REF=00000000 TAG=00000000 IRQ=00000000 HELPER_UPDATE=00000000 CURRENT_TICS=0009059E DAC_TIMEOUT=00000000 INIT_COUNT=00000004 CLEAR_DACS_COUNT=00000001 LAST_INIT_TICS=0000DF78 LAST_CLEAR_TICS=00002FB0
STEP4_CONTEXT_SAMPLE board=DE5 [1-11.2] sample=010 STATUS=4010846133BC82CF PTP=00000009 PTP_META=03020409 FOREIGN_META=03000001 LOCK_ENABLE=00000000 SPLL_STATE=00030009 OCER=00000001 RCER=00000001 TRR_CSR=00020000 EIC_IMR=000000E9 EIC_ISR=000000E8 TAG_VALID=00000000 TRR_WRITE=00000000 REF=00000000 TAG=00000000 IRQ=00000000 HELPER_UPDATE=00000000 CURRENT_TICS=00090986 DAC_TIMEOUT=00000000 INIT_COUNT=00000004 CLEAR_DACS_COUNT=00000001 LAST_INIT_TICS=0000DF78 LAST_CLEAR_TICS=00002FB0
STEP4_CONTEXT_DONE
Info (23030): Evaluation of Tcl script scripts/jtag/read_step4_runtime_context.tcl was successful
Info: Quartus Prime SignalTap II was successful. 0 errors, 0 warnings
    Info: Peak virtual memory: 772 megabytes
    Info: Processing ended: Thu Aug 20 04:57:00 2026
    Info: Elapsed time: 00:00:20
    Info: Total CPU time (on all processors): 00:00:00
