Info: *******************************************************************
Info: Running Quartus Prime SignalTap II
    Info: Version 17.0.0 Build 595 04/25/2017 SJ Standard Edition
    Info: Copyright (C) 2017  Intel Corporation. All rights reserved.
    Info: Your use of Intel Corporation's design tools, logic functions 
    Info: and other software and tools, and its AMPP partner logic 
    Info: functions, and any output files from any of the foregoing 
    Info: (including device programming or simulation files), and any 
    Info: associated documentation or information are expressly subject 
    Info: to the terms and conditions of the Intel Program License 
    Info: Subscription Agreement, the Intel Quartus Prime License Agreement,
    Info: the Intel MegaCore Function License Agreement, or other 
    Info: applicable license agreement, including, without limitation, 
    Info: that your use is for the sole purpose of programming logic 
    Info: devices manufactured by Intel and sold by Intel or its 
    Info: authorized distributors.  Please refer to the applicable 
    Info: agreement for further details.
    Info: Processing started: Mon Sep 21 22:58:53 2026
Info: Command: quartus_stp -t scripts/jtag/read_step6_master_tx_comma_attribution.tcl EXP-S6-MASTER-TX-K28P5-COMMA-EMISSION-ATTRIBUTION-20260921  30 100
Info: Quartus(args): EXP-S6-MASTER-TX-K28P5-COMMA-EMISSION-ATTRIBUTION-20260921 {} 30 100
COMMA_CONFIG trial=EXP-S6-MASTER-TX-K28P5-COMMA-EMISSION-ATTRIBUTION-20260921 board_filter= local_ready_samples=30 required_ready_streak=3 formal_samples=5 formal_window_ms=2000 gap_ms=100 read_only=1 master_compile=external master_program_count=1 slave_program_count=0 power_cycle=0 phy_reset=0 ptp_restart=0 mode_command=0
COMMA_LOCAL_SAMPLE BOARD=DE5 [1-11.1] SAMPLE=0 ELAPSED_MS=1 READ_VALID=1 STATUS_RAW=A1109EC1275082FF COUNTER_RAW=4A9DFDD395B1D63F TX_CONTEXT_RAW=0000000000000250 SI_CONFIG_DONE=1 WR_READY=1 TX_READY=1 CPU_RESET_N=1 PHY_RST=0 PHY_TX_DISABLE=0 TX_DATA=80 TX_K=0 TX_ENC_ERR=0 TX_CYCLE_COUNT=2511459903 TX_K28P5_COUNT=1251868115 BOOT_GENERATION=00000001 CPU_RESET_COUNT=00000001 WR_CORE_RESET_COUNT=00000001 SI_CONFIG_DROP_COUNT=00000001 LOCAL_READY=1 READY_STREAK=1
COMMA_LOCAL_SAMPLE BOARD=DE5 [1-11.1] SAMPLE=1 ELAPSED_MS=249 READ_VALID=1 STATUS_RAW=21109EE137BC82FF COUNTER_RAW=4B892C6B978833C0 TX_CONTEXT_RAW=00000000000003BC SI_CONFIG_DONE=1 WR_READY=1 TX_READY=1 CPU_RESET_N=1 PHY_RST=0 PHY_TX_DISABLE=0 TX_DATA=188 TX_K=1 TX_ENC_ERR=0 TX_CYCLE_COUNT=2542285760 TX_K28P5_COUNT=1267281003 BOOT_GENERATION=00000001 CPU_RESET_COUNT=00000001 WR_CORE_RESET_COUNT=00000001 SI_CONFIG_DROP_COUNT=00000001 LOCAL_READY=1 READY_STREAK=2
COMMA_LOCAL_SAMPLE BOARD=DE5 [1-11.1] SAMPLE=2 ELAPSED_MS=496 READ_VALID=1 STATUS_RAW=71109E41275082FF COUNTER_RAW=4C825BD3997A938F TX_CONTEXT_RAW=0000000000000250 SI_CONFIG_DONE=1 WR_READY=1 TX_READY=1 CPU_RESET_N=1 PHY_RST=0 PHY_TX_DISABLE=0 TX_DATA=80 TX_K=0 TX_ENC_ERR=0 TX_CYCLE_COUNT=2574947215 TX_K28P5_COUNT=1283611603 BOOT_GENERATION=00000001 CPU_RESET_COUNT=00000001 WR_CORE_RESET_COUNT=00000001 SI_CONFIG_DROP_COUNT=00000001 LOCAL_READY=1 READY_STREAK=3
COMMA_LOCAL_READY_PASS BOARD=DE5 [1-11.1] READY_STREAK=3 BASELINE_TX_CYCLE_COUNT=2574947215 BASELINE_TX_K28P5_COUNT=1283611603 BASELINE_BOOT_GENERATION=00000001 BASELINE_CPU_RESET_COUNT=00000001 BASELINE_WR_CORE_RESET_COUNT=00000001 BASELINE_SI_CONFIG_DROP_COUNT=00000001
COMMA_FORMAL_SAMPLE BOARD=DE5 [1-11.1] SAMPLE=0 ELAPSED_MS=0 READ_VALID=1 STATUS_RAW=A1109EE137BC82FF COUNTER_RAW=4D06C7709A836C2C TX_CONTEXT_RAW=00000000000003BC SI_CONFIG_DONE=1 WR_READY=1 TX_READY=1 CPU_RESET_N=1 PHY_RST=0 PHY_TX_DISABLE=0 TX_DATA=188 TX_K=1 TX_ENC_ERR=0 TX_CYCLE_COUNT=2592304172 TX_K28P5_COUNT=1292289904 TX_CYCLE_DELTA=17356957 TX_K28P5_DELTA=8678301 BOOT_GENERATION=00000001 CPU_RESET_COUNT=00000001 WR_CORE_RESET_COUNT=00000001 SI_CONFIG_DROP_COUNT=00000001 RESET_CHANGED=0
COMMA_SLAVE_SAMPLE BOARD=DE5 [1-11.2] SAMPLE=0 ELAPSED_MS=0 READ_VALID=1 STATUS_RAW=F910D041285082FF CLOCK_ACTIVITY_RAW=002E538F0F1550CE CORE_TM_LINK_UP=1 CORE_LINK_OK=1 RX_LOCKED_TO_DATA=1 RX_SYNCSTATUS=0 RX_PATTERN_READY=1 RX_ACTIVITY_COUNT=21391 BOOT_GENERATION=00000001 CPU_RESET_COUNT=00000001 WR_CORE_RESET_COUNT=00000001 SI_CONFIG_DROP_COUNT=00000001 POST_MASTER_REPROGRAM_RECOVERY=1
COMMA_RESULT=POST_MASTER_REPROGRAM_RECOVERY_OBSERVED
POST_MASTER_REPROGRAM_RECOVERY=OBSERVED
FAILURE_CLASS=STARTUP_ORDER_SENSITIVE_LINK_ACQUISITION
COMMA_DONE formal_samples=1 elapsed_ms=296
Info (23030): Evaluation of Tcl script scripts/jtag/read_step6_master_tx_comma_attribution.tcl was successful
Info: Quartus Prime SignalTap II was successful. 0 errors, 0 warnings
    Info: Peak virtual memory: 772 megabytes
    Info: Processing ended: Mon Sep 21 22:58:54 2026
    Info: Elapsed time: 00:00:01
    Info: Total CPU time (on all processors): 00:00:00
