Info: *******************************************************************
Info: Running Quartus Prime Signal Tap
    Info: Version 21.3.0 Build 170 09/23/2021 SC Pro Edition
    Info: Copyright (C) 2021  Intel Corporation. All rights reserved.
    Info: Your use of Intel Corporation's design tools, logic functions 
    Info: and other software and tools, and any partner logic 
    Info: functions, and any output files from any of the foregoing 
    Info: (including device programming or simulation files), and any 
    Info: associated documentation or information are expressly subject 
    Info: to the terms and conditions of the Intel Program License 
    Info: Subscription Agreement, the Intel Quartus Prime License Agreement,
    Info: the Intel FPGA IP License Agreement, or other applicable license
    Info: agreement, including, without limitation, that your use is for
    Info: the sole purpose of programming logic devices manufactured by
    Info: Intel and sold by Intel or its authorized distributors.  Please
    Info: refer to the applicable agreement for further details, at
    Info: https://fpgasoftware.intel.com/eula.
    Info: Processing started: Wed Sep  9 01:41:48 2026
    Info: System process ID: 103757
Info: Command: quartus_stp -t /home/b10504072/04_WR/artifacts/source-e66f9417debd2768e05cf8c0248ae4e31de8d9f5/scripts/jtag/read_wb_runtime.tcl --raw
Info: Quartus(args): --raw
RAW mailbox completion toggle wb_sync_toggle=0

============================================================
White Rabbit Runtime 診斷：DE5 [1-11.1]
============================================================

## [Step 1] PHY / 光纖 Link
[pass] si_config_done           結果: 1/1
[pass] wr_ready                 結果: 1/1
[pass] core_tm_link_up          結果: 1/1
[pass] core_link_ok             結果: 1/1
[pass] wr_rx_ready              結果: 1/1
[pass] wr_tx_ready              結果: 1/1
[pass] core_phy_rst             結果: 0/0
[pass] si_id_error              結果: 0/0
[pass] wr_rx_enc_err            結果: 0/0
[pass] wr_tx_enc_err            結果: 0/0
[pass] CPU_RESET_n              結果: 1/1
[pass] wr_rx_locked_to_data     結果: 1/1
[info] wr_rx_locked_to_ref      結果: 0/NA
[info] MOD_PRS_n                結果: 0/NA
[info] INTERRUPT_n              結果: 1/NA
Step 1 pass

## [Step 2] Endpoint / MiniNIC / PTP
[pass] EP_MAC_H/EP_MAC_L        結果: 02:00:22:33:44:01/02:00:22:33:44:01
[pass] WDIAGS_MODE              結果: 2 MASTER/2 MASTER
[pass] WDIAGS_PTP               結果: 6 MASTER (raw=01014106)/6 MASTER
[pass] WDIAGS_PTP_RX            結果: Δ=13/Δ>0
RAW WDIAGS_PTP_RX            before=0x00000F8F after=0x00000F9C delta=13
[pass] WDIAGS_PTP_TX            結果: Δ=28/Δ>0
RAW WDIAGS_PTP_TX            before=0x000022F9 after=0x00002315 delta=28
[pass] WDIAGS_TX                結果: Δ=35/Δ>0
RAW WDIAGS_TX                before=0x00002C6D after=0x00002C90 delta=35
[pass] WDIAGS_RX                結果: Δ=19/Δ>0
RAW WDIAGS_RX                before=0x00001760 after=0x00001773 delta=19
[pass] WDIAGS_RXERR             結果: Δ=0/Δ=0
RAW WDIAGS_RXERR             before=0x00000000 after=0x00000000 delta=0
Step 2 pass

## [Step 3] WR Parent / Signaling
Step 3 NA

## [Step 4A] Master SoftPLL Event Chain
[pass] DMTD_REF_ACCEPT_EVENT    結果: Δ=22971/Δ>=0
RAW DMTD_REF_ACCEPT_EVENT    before=0x00E8103C after=0x00E869F7 delta=22971
[pass] DMTD_FB_ACCEPT_EVENT     結果: Δ=23554/Δ>=0
RAW DMTD_FB_ACCEPT_EVENT     before=0x00B80A92 after=0x00B86694 delta=23554
[pass] DMTD_ACCEPT              結果: Δ=46525/Δ>0
[pass] SPLL_TAG_VALID_COUNT     結果: Δ=23559/Δ>0
RAW SPLL_TAG_VALID_COUNT     before=0x00785C7A after=0x0078B881 delta=23559
[pass] SPLL_TRR_WRITE_COUNT     結果: Δ=23559/Δ>0
RAW SPLL_TRR_WRITE_COUNT     before=0x00785CA7 after=0x0078B8AE delta=23559
[pass] WRPC_SPLL_TRR_POP_COUNT  結果: Δ=23634/Δ>0
RAW WRPC_SPLL_TRR_POP_COUNT  before=0x00785C01 after=0x0078B853 delta=23634
[pass] WDIAGS_IRQ_COUNT         結果: Δ=23634/Δ>0
RAW WDIAGS_IRQ_COUNT         before=0x00785C01 after=0x0078B853 delta=23634
[pass] WDIAGS_HELPER_UPDATE_COUNT 結果: Δ=23634/Δ>0
RAW WDIAGS_HELPER_UPDATE_COUNT before=0x00785C01 after=0x0078B853 delta=23634
[pass] BOOT_GENERATION          結果: Δ=0/Δ=0
RAW BOOT_GENERATION          before=0x00000001 after=0x00000001 delta=0
[pass] CPU_RESET_COUNT          結果: Δ=0/Δ=0
RAW CPU_RESET_COUNT          before=0x00000001 after=0x00000001 delta=0
[pass] WR_CORE_RESET_COUNT      結果: Δ=0/Δ=0
RAW WR_CORE_RESET_COUNT      before=0x00000001 after=0x00000001 delta=0
[pass] SI_CONFIG_DROP_COUNT     結果: Δ=0/Δ=0
RAW SI_CONFIG_DROP_COUNT     before=0x00000001 after=0x00000001 delta=0
STEP4A_MASTER_EVENT_CHAIN = PASS
Step 4 pass

## [Step 5] Closed-loop Lock
STEP5_RESULT = NOT_APPLICABLE_MASTER
STEP5_FIRST_INACTIVE_BOUNDARY = SLAVE_ONLY
Step 5 NA (Step5 closed-loop gate is for Slave)

## [Step 6] Global Time
Step 6 NA

============================================================
White Rabbit Runtime 診斷：DE5 [1-11.1]
============================================================
Step 1 PHY / Link             pass
Step 2 Endpoint / PTP         pass
Step 3 WR Handshake           NA
Step 4 Step4A Master Event Chain pass
Step 5 Closed-loop Lock       NA
Step 6 Global Time            NA
STEP1_REGRESSION = PASS
STEP2_REGRESSION = PASS
STEP3_REGRESSION = PASS
STEP4A_RESULT = PASS
STEP5_RESULT = NOT_APPLICABLE_MASTER
STEP5_FIRST_INACTIVE_BOUNDARY = SLAVE_ONLY
FAILURE_CLASSIFICATION = NO_FAILURE_EVIDENCE
============================================================

================ RAW_SNAPSHOT ================
RAW_SNAPSHOT board=DE5 [1-11.1] label=before
  status           = 711E2FC1265082FF
  cpu              = 0000007C000011A4
  marker           = 000000010000B004
  store            = 000000000001E8B7
  store_count      = 0000000033A97216
  exception        = 8000000B000011AC
  clock            = 002C47711F96105C
  boot_generation  = 00000001
  cpu_reset_count  = 00000001
  wr_core_reset_count = 00000001
  si_config_drop_count = 00000001
  pps_cr           = 01312D06
  pps_escr         = 0000070C
  ep_mach          = 02000200
  ep_macl          = 22334401
  ep_dsr           = 42000000
  ptp              = 01014106
  ptp_rx           = 00000F8F
  ptp_tx           = 000022F9
  ptp_meta         = 02020406
  tx               = 00002C6D
  rx               = 00001760
  rxerr            = 00000000
  ptp_types        = 01010101
  foreign_meta     = 0000FF00
  filter_meta      = 00000000
  parse_meta       = 00010135
  wr_rx_signal     = 10000001
  wr_tx_signal     = 10010004
  wr_failure       = 01030001
  wr_state         = A0000064
  wr_reject        = 00000000
  pstat            = 00000001
  sstat            = 00000000
  sec_h            = 00000000
  sec_l            = 000007F3
  ns               = 33ADC720
  lock_enable      = 00000000
  lock_result      = 00000000
  lock_polls       = 00000000
  lock_unlocked    = 00000000
  lock_calibration_fail = 00000000
  spll_state       = 00020004
  spll_ocer        = 89D62C01
  spll_rcer        = 00000000
  spll_occr        = FF0001FF
  spll_trr_csr     = 003A5674
  spll_dac_hpll    = 4395878B
  spll_dac_main    = 0000003B
  spll_helper_state = 00000100
  spll_helper_limits = 271000C8
  spll_main_state  = 00000000
  spll_main_limits = 00320032
  spll_main_phase_limits = 03E804B0
  spll_state_visit_mask = 00000618
  spll_state_transitions = 00000003
  spll_last_state  = 00000004
  spll_init_count  = 00000001
  dmtd_ref         = 00E8103C
  dmtd_fb          = 00B80A92
  dmtd_ref_high_qual_abort = 0489871E
  dmtd_fb_high_qual_abort = 03E0FF96
  tag_valid        = 00785C7A
  trr_write        = 00785CA7
  irq              = 00785C01
  helper_update    = 00785C01
  spll_helper_error = FFFDB610
  spll_helper_output = 0000FFFB
  eic_isr          = FFFF0000
  current_tics     = 001F17A9
RAW_SNAPSHOT board=DE5 [1-11.1] label=after
  status           = C11E2EC1265082FF
  cpu              = 0000007C000011B0
  marker           = 000000010000B004
  store            = 0078A9F40001E298
  store_count      = 0000000033D0F674
  exception        = 8000000B000011AC
  clock            = 003E75A54D173E94
  boot_generation  = 00000001
  cpu_reset_count  = 00000001
  wr_core_reset_count = 00000001
  si_config_drop_count = 00000001
  pps_cr           = 01312D06
  pps_escr         = 0000070C
  ep_mach          = 02000200
  ep_macl          = 22334401
  ep_dsr           = 42000000
  ptp              = 01014106
  ptp_rx           = 00000F9C
  ptp_tx           = 00002315
  ptp_meta         = 02020406
  tx               = 00002C90
  rx               = 00001773
  rxerr            = 00000000
  ptp_types        = 01010101
  foreign_meta     = 0000FF00
  filter_meta      = 00000000
  parse_meta       = 00010148
  wr_rx_signal     = 10000001
  wr_tx_signal     = 10010004
  wr_failure       = 01030001
  wr_state         = A0000064
  wr_reject        = 00000000
  pstat            = 00000001
  sstat            = 00000000
  sec_h            = 00000000
  sec_l            = 000007F9
  ns               = 39983E38
  lock_enable      = 00000000
  lock_result      = 00000000
  lock_polls       = 00000000
  lock_unlocked    = 00000000
  lock_calibration_fail = 00000000
  spll_state       = 00020004
  spll_ocer        = 711F8401
  spll_rcer        = 00000000
  spll_occr        = FF0001FF
  spll_trr_csr     = 003AB2C8
  spll_dac_hpll    = 710C1899
  spll_dac_main    = 0000003B
  spll_helper_state = 00000100
  spll_helper_limits = 271000C8
  spll_main_state  = 00000000
  spll_main_limits = 00320032
  spll_main_phase_limits = 03E804B0
  spll_state_visit_mask = 00000618
  spll_state_transitions = 00000003
  spll_last_state  = 00000004
  spll_init_count  = 00000001
  dmtd_ref         = 00E869F7
  dmtd_fb          = 00B86694
  dmtd_ref_high_qual_abort = 048CF9D5
  dmtd_fb_high_qual_abort = 03E3F645
  tag_valid        = 0078B881
  trr_write        = 0078B8AE
  irq              = 0078B853
  helper_update    = 0078B853
  spll_helper_error = FFFDB610
  spll_helper_output = 0000FFFB
  eic_isr          = FFFF0000
  current_tics     = 001F2F7E
RAW mailbox completion toggle wb_sync_toggle=0

============================================================
White Rabbit Runtime 診斷：DE5 [1-11.2]
============================================================

## [Step 1] PHY / 光纖 Link
[pass] si_config_done           結果: 1/1
[pass] wr_ready                 結果: 1/1
[pass] core_tm_link_up          結果: 1/1
[pass] core_link_ok             結果: 1/1
[pass] wr_rx_ready              結果: 1/1
[pass] wr_tx_ready              結果: 1/1
[pass] core_phy_rst             結果: 0/0
[pass] si_id_error              結果: 0/0
[pass] wr_rx_enc_err            結果: 0/0
[pass] wr_tx_enc_err            結果: 0/0
[pass] CPU_RESET_n              結果: 1/1
[pass] wr_rx_locked_to_data     結果: 1/1
[info] wr_rx_locked_to_ref      結果: 1/NA
[info] MOD_PRS_n                結果: 0/NA
[info] INTERRUPT_n              結果: 1/NA
Step 1 pass

## [Step 2] Endpoint / MiniNIC / PTP
[pass] EP_MAC_H/EP_MAC_L        結果: 02:00:22:33:44:02/02:00:22:33:44:02
[pass] WDIAGS_MODE              結果: 3 SLAVE/3 SLAVE
[pass] WDIAGS_PTP               結果: 9 SLAVE (raw=00004109)/9 SLAVE
[pass] WDIAGS_PTP_RX            結果: Δ=28/Δ>0
RAW WDIAGS_PTP_RX            before=0x0000231C after=0x00002338 delta=28
[pass] WDIAGS_PTP_TX            結果: Δ=2/Δ>0
RAW WDIAGS_PTP_TX            before=0x00000515 after=0x00000517 delta=2
[pass] WDIAGS_TX                結果: Δ=22/Δ>0
RAW WDIAGS_TX                before=0x00001907 after=0x0000191D delta=22
[pass] WDIAGS_RX                結果: Δ=34/Δ>0
RAW WDIAGS_RX                before=0x00002AF4 after=0x00002B16 delta=34
[pass] WDIAGS_RXERR             結果: Δ=0/Δ=0
RAW WDIAGS_RXERR             before=0x00000000 after=0x00000000 delta=0
Step 2 pass

## [Step 3] WR Parent / Signaling
[pass] WDIAGS_FOREIGN_META      結果: 1/1
[pass] WDIAGS_FOREIGN_META      結果: 0/0
[info] WDIAGS_FOREIGN_META      結果: detection=0 config=3/NA
[pass] parentIsWRnode           結果: 1/1
[info] parentWrModeOn           結果: 0/NA
[pass] parentCalibrated         結果: 1/1
[pass] WR_RX_SIGNAL_DEBUG       結果: LOCK count=1/LOCK 0x1001,count>0
[pass] WR_TX_SIGNAL_DEBUG       結果: SLAVE_PRESENT count=1/SLAVE_PRESENT 0x1000,count>0
[info] WDIAGS_TEMP              結果: WRS_IDLE next=WRS_IDLE POST_STEP3_TIMEOUT/NA
[pass] LOCK_ENABLE              結果: 4/> 0
[info] WR_FAILURE_DEBUG         結果: TIMEOUT last_fail_state=WRS_S_LOCK failure_count=1/NA
Step 3 pass

## [Step 4B] Slave SoftPLL Startup
[pass] LOCK_ENABLE_COUNT        結果: 4/> 0
[pass] SPLL_MODE                結果: 3 (SPLL_MODE_SLAVE)/3 SPLL_MODE_SLAVE
[pass] SPLL_SEQ_STATE           結果: 4 (SEQ_WAIT_HELPER)/active, not 0/7
[pass] SPLL_STATE_VISIT_MASK    結果: 0x00000618/> 0
[pass] SPLL_INIT_COUNT          結果: 1/> 0
[pass] RCER                     結果: 0x00000001/> 0
[pass] OCER                     結果: 0xA4455001/> 0
[info] SPLL_ALIGN_STATE         結果: 0/NA
[info] SPLL_STATE_TRANSITIONS   結果: 0x00000003/NA
[info] SPLL_LAST_STATE          結果: 4 (SEQ_WAIT_HELPER)/NA
[info] OCCR                     結果: 0xFF0001FF/NA
[pass] DMTD_REF_ACCEPT_EVENT    結果: Δ=27133/Δ>=0
RAW DMTD_REF_ACCEPT_EVENT    before=0x02D7AB3B after=0x02D81538 delta=27133
[pass] DMTD_FB_ACCEPT_EVENT     結果: Δ=26550/Δ>=0
RAW DMTD_FB_ACCEPT_EVENT     before=0x030501E1 after=0x03056997 delta=26550
[pass] DMTD_ACCEPT              結果: Δ=53683/Δ>0
[pass] SPLL_TAG_VALID_COUNT     結果: Δ=53686/Δ>0
RAW SPLL_TAG_VALID_COUNT     before=0x010ADA8F after=0x010BAC45 delta=53686
[pass] SPLL_TRR_WRITE_COUNT     結果: Δ=53686/Δ>0
RAW SPLL_TRR_WRITE_COUNT     before=0x010ADAF6 after=0x010BACAC delta=53686
[pass] WRPC_SPLL_TRR_POP_COUNT  結果: Δ=53021/Δ>0
RAW WRPC_SPLL_TRR_POP_COUNT  before=0x010ADA85 after=0x010BA9A2 delta=53021
[pass] WDIAGS_IRQ_COUNT         結果: Δ=52653/Δ>0
RAW WDIAGS_IRQ_COUNT         before=0x0104B032 after=0x01057DDF delta=52653
[pass] WDIAGS_HELPER_UPDATE_COUNT 結果: Δ=27245/Δ>0
RAW WDIAGS_HELPER_UPDATE_COUNT before=0x0086E486 after=0x00874EF3 delta=27245
[pass] BOOT_GENERATION          結果: Δ=0/Δ=0
RAW BOOT_GENERATION          before=0x00000001 after=0x00000001 delta=0
[pass] CPU_RESET_COUNT          結果: Δ=0/Δ=0
RAW CPU_RESET_COUNT          before=0x00000001 after=0x00000001 delta=0
[pass] WR_CORE_RESET_COUNT      結果: Δ=0/Δ=0
RAW WR_CORE_RESET_COUNT      before=0x00000001 after=0x00000001 delta=0
[pass] SI_CONFIG_DROP_COUNT     結果: Δ=0/Δ=0
RAW SI_CONFIG_DROP_COUNT     before=0x00000001 after=0x00000001 delta=0
STEP4B_ALLOWED = YES
STEP4B_RESULT = PASS
STEP4B_FIRST_INACTIVE_BOUNDARY = ACTIVE
Step 4B pass
Step 4 pass

## [Step 5] Closed-loop Lock
STEP5_LOCKDET_BEFORE: HELPER locked=0 changed=0 cnt=0/10000 threshold=200 ref_src=0 MAIN enabled=0 locked=0 freq=0 phase=0 freq_cnt=0/50 phase_cnt=0/1000 PSTAT_locked=0
STEP5_LOCKDET_AFTER: HELPER locked=0 changed=0 cnt=0/10000 threshold=200 ref_src=0 MAIN enabled=0 locked=0 freq=0 phase=0 freq_cnt=0/50 phase_cnt=0/1000 PSTAT_locked=0
[error] WDIAGS_PSTAT             結果: 0/1
STEP5_RESULT = NEVER_LOCKED
STEP5_FIRST_INACTIVE_BOUNDARY = HELPER_LOCK
Step 5 NA (single window is not stable-lock proof)

## [Step 6] Global Time
Step 6 NA

============================================================
White Rabbit Runtime 診斷：DE5 [1-11.2]
============================================================
Step 1 PHY / Link             pass
Step 2 Endpoint / PTP         pass
Step 3 WR Handshake           pass
Step 4 Step4B Slave SoftPLL Startup pass
Step 5 Closed-loop Lock       NA
Step 6 Global Time            NA
STEP1_REGRESSION = PASS
STEP2_REGRESSION = PASS
STEP3_REGRESSION = PASS
STEP4B_ALLOWED = YES
STEP4B_RESULT = PASS
STEP4B_FIRST_INACTIVE_BOUNDARY = ACTIVE
STEP5_RESULT = NEVER_LOCKED
STEP5_FIRST_INACTIVE_BOUNDARY = HELPER_LOCK
FAILURE_CLASSIFICATION = NO_FAILURE_EVIDENCE
============================================================

================ RAW_SNAPSHOT ================
RAW_SNAPSHOT board=DE5 [1-11.2] label=before
  status           = C110BCE139BC82EF
  cpu              = 0000007C000011AC
  marker           = 000000010000B004
  store            = 0104902C0001E298
  store_count      = 00000000498A6BA2
  exception        = 8000000B000011AC
  clock            = 002DD64BCA26D377
  boot_generation  = 00000001
  cpu_reset_count  = 00000001
  wr_core_reset_count = 00000001
  si_config_drop_count = 00000001
  pps_cr           = 01312D06
  pps_escr         = 00000700
  ep_mach          = 02000200
  ep_macl          = 22334402
  ep_dsr           = 42000000
  ptp              = 00004109
  ptp_rx           = 0000231C
  ptp_tx           = 00000515
  ptp_meta         = 03020409
  tx               = 00001907
  rx               = 00002AF4
  rxerr            = 00000000
  ptp_types        = 04CAEACA
  foreign_meta     = 03000001
  filter_meta      = 00000000
  parse_meta       = 0501EA46
  wr_rx_signal     = 10010001
  wr_tx_signal     = 10000001
  wr_failure       = 02020001
  wr_state         = A000035C
  wr_reject        = 00000000
  pstat            = 00000001
  sstat            = 00000001
  sec_h            = 00000000
  sec_l            = 000007FB
  ns               = 133EEC10
  lock_enable      = 00000004
  lock_result      = 00000001
  lock_polls       = 00005B18
  lock_unlocked    = 00005B18
  lock_calibration_fail = 00000000
  spll_state       = 00030004
  spll_ocer        = 9608E601
  spll_rcer        = 00000001
  spll_occr        = FF0001FF
  spll_trr_csr     = 010AD032
  spll_dac_hpll    = 6D7057F6
  spll_dac_main    = 0000003A
  spll_helper_state = 00000000
  spll_helper_limits = 271000C8
  spll_main_state  = 00000000
  spll_main_limits = 00320032
  spll_main_phase_limits = 03E804B0
  spll_state_visit_mask = 00000618
  spll_state_transitions = 00000003
  spll_last_state  = 00000004
  spll_init_count  = 00000001
  dmtd_ref         = 02D7AB3B
  dmtd_fb          = 030501E1
  dmtd_ref_high_qual_abort = 04DFD8BE
  dmtd_fb_high_qual_abort = 03CE1A71
  tag_valid        = 010ADA8F
  trr_write        = 010ADAF6
  irq              = 0104B032
  helper_update    = 0086E486
  spll_helper_error = 000249F0
  spll_helper_output = 00000005
  eic_isr          = FFFF0000
  current_tics     = 001EA787
RAW_SNAPSHOT board=DE5 [1-11.2] label=after
  status           = A11081C3295082CF
  cpu              = 0000007C00003B30
  marker           = 000000010000B004
  store            = 001000000002FF28
  store_count      = 0000000049C3FC3E
  exception        = 8000000B000011B0
  clock            = 002C11E304EA0F0A
  boot_generation  = 00000001
  cpu_reset_count  = 00000001
  wr_core_reset_count = 00000001
  si_config_drop_count = 00000001
  pps_cr           = 01312D02
  pps_escr         = 00000800
  ep_mach          = 02000200
  ep_macl          = 22334402
  ep_dsr           = 42000000
  ptp              = 00004109
  ptp_rx           = 00002338
  ptp_tx           = 00000517
  ptp_meta         = 03020409
  tx               = 0000191D
  rx               = 00002B16
  rxerr            = 00000000
  ptp_types        = 04CFEDCF
  foreign_meta     = 03000001
  filter_meta      = 00000000
  parse_meta       = 0501ED64
  wr_rx_signal     = 10010001
  wr_tx_signal     = 10000001
  wr_failure       = 02020001
  wr_state         = A000035C
  wr_reject        = 00000000
  pstat            = 00000001
  sstat            = 00000001
  sec_h            = 00000000
  sec_l            = 00000801
  ns               = 13346D20
  lock_enable      = 00000004
  lock_result      = 00000001
  lock_polls       = 00005B18
  lock_unlocked    = 00005B18
  lock_calibration_fail = 00000000
  spll_state       = 00030004
  spll_ocer        = A4455001
  spll_rcer        = 00000001
  spll_occr        = FF0001FF
  spll_trr_csr     = 010AA2B4
  spll_dac_hpll    = 9AE1E3C5
  spll_dac_main    = 0000003A
  spll_helper_state = 00000000
  spll_helper_limits = 271000C8
  spll_main_state  = 00000000
  spll_main_limits = 00320032
  spll_main_phase_limits = 03E804B0
  spll_state_visit_mask = 00000618
  spll_state_transitions = 00000003
  spll_last_state  = 00000004
  spll_init_count  = 00000001
  dmtd_ref         = 02D81538
  dmtd_fb          = 03056997
  dmtd_ref_high_qual_abort = 04E39BD9
  dmtd_fb_high_qual_abort = 03D11142
  tag_valid        = 010BAC45
  trr_write        = 010BACAC
  irq              = 01057DDF
  helper_update    = 00874EF3
  spll_helper_error = 000249F0
  spll_helper_output = 00000005
  eic_isr          = FFFF0000
  current_tics     = 001EBEF8

============================================================
JTAG/WB transport health summary
============================================================
WB_TRANSPORT_PROTOCOL = PRELOAD_THEN_TOGGLE_COMMIT
WB_REQUEST_COUNT = 352
PRELOAD_COUNT = 352
COMMIT_COUNT = 352
WB_PROBE_READ_COUNT = 1760
PRELOAD_UNEXPECTED_TRIGGER_COUNT = 0
PROBE_3WAY_MATCH_COUNT = 352
STABLE_RESPONSE_WRONG_COUNT = 0
ADDRESS_CROSS_CONTAMINATION_COUNT = 0
TIMEOUT_COUNT = 0
INVALID_COUNT = 0
STALE_A5A5_COUNT = 0
UNSTABLE_TRANSACTION_COUNT = 0
DMTD_REF_DECREASE_COUNT = 0
DMTD_FB_DECREASE_COUNT = 0
PRELOAD_PROTOCOL_RUNTIME_REVALIDATION = PASS
JTAG_WB_DIAGNOSTIC_PATH = TRUSTED
============================================================

============================================================
STEP4A_RESULT = PASS
STEP4B_ALLOWED = YES
STEP4B_RESULT = PASS
STEP4B_FIRST_INACTIVE_BOUNDARY = ACTIVE
STEP5_RESULT = NOT_APPLICABLE_MASTER
STEP5_FIRST_INACTIVE_BOUNDARY = SLAVE_ONLY
STEP5_RESULT = NEVER_LOCKED
STEP5_FIRST_INACTIVE_BOUNDARY = HELPER_LOCK
============================================================
Info (23030): Evaluation of Tcl script /home/b10504072/04_WR/artifacts/source-e66f9417debd2768e05cf8c0248ae4e31de8d9f5/scripts/jtag/read_wb_runtime.tcl was successful
Info: Quartus Prime Signal Tap was successful. 0 errors, 0 warnings
    Info: Peak virtual memory: 677 megabytes
    Info: Processing ended: Wed Sep  9 01:42:04 2026
    Info: Elapsed time: 00:00:16
    Info: System process ID: 103757
