Info: *******************************************************************
Info: Running Quartus Prime Signal Tap
    Info: Version 21.3.0 Build 170 09/23/2021 SC Pro Edition
    Info: Copyright (C) 2021  Intel Corporation. All rights reserved.
    Info: Your use of Intel Corporation's design tools, logic functions 
    Info: and other software and tools, and any partner logic 
    Info: functions, and any output files from any of the foregoing 
    Info: (including device programming or simulation files), and any 
    Info: associated documentation or information are expressly subject 
    Info: to the terms and conditions of the Intel Program License 
    Info: Subscription Agreement, the Intel Quartus Prime License Agreement,
    Info: the Intel FPGA IP License Agreement, or other applicable license
    Info: agreement, including, without limitation, that your use is for
    Info: the sole purpose of programming logic devices manufactured by
    Info: Intel and sold by Intel or its authorized distributors.  Please
    Info: refer to the applicable agreement for further details, at
    Info: https://fpgasoftware.intel.com/eula.
    Info: Processing started: Tue Sep  1 02:37:09 2026
    Info: System process ID: 2143607
Info: Command: quartus_stp -t scripts/jtag/read_wb_runtime.tcl --raw
Info: Quartus(args): --raw
RAW mailbox completion toggle wb_sync_toggle=1

============================================================
White Rabbit Runtime 診斷：DE5 [1-11.1]
============================================================

## [Step 1] PHY / 光纖 Link
[pass] si_config_done           結果: 1/1
[pass] wr_ready                 結果: 1/1
[pass] core_tm_link_up          結果: 1/1
[pass] core_link_ok             結果: 1/1
[pass] wr_rx_ready              結果: 1/1
[pass] wr_tx_ready              結果: 1/1
[pass] core_phy_rst             結果: 0/0
[pass] si_id_error              結果: 0/0
[pass] wr_rx_enc_err            結果: 0/0
[pass] wr_tx_enc_err            結果: 0/0
[pass] CPU_RESET_n              結果: 1/1
[pass] wr_rx_locked_to_data     結果: 1/1
[info] wr_rx_locked_to_ref      結果: 1/NA
[info] MOD_PRS_n                結果: 0/NA
[info] INTERRUPT_n              結果: 1/NA
Step 1 pass

## [Step 2] Endpoint / MiniNIC / PTP
[pass] EP_MAC_H/EP_MAC_L        結果: 02:00:22:33:44:01/02:00:22:33:44:01
[pass] WDIAGS_MODE              結果: 2 MASTER/2 MASTER
[pass] WDIAGS_PTP               結果: 6 MASTER (raw=01014106)/6 MASTER
[pass] WDIAGS_PTP_RX            結果: Δ=11/Δ>0
RAW WDIAGS_PTP_RX            before=0x00000173 after=0x0000017E delta=11
[pass] WDIAGS_PTP_TX            結果: Δ=24/Δ>0
RAW WDIAGS_PTP_TX            before=0x00000359 after=0x00000371 delta=24
[pass] WDIAGS_TX                結果: Δ=33/Δ>0
RAW WDIAGS_TX                before=0x00000450 after=0x00000471 delta=33
[pass] WDIAGS_RX                結果: Δ=17/Δ>0
RAW WDIAGS_RX                before=0x00000239 after=0x0000024A delta=17
[pass] WDIAGS_RXERR             結果: Δ=0/Δ=0
RAW WDIAGS_RXERR             before=0x00000000 after=0x00000000 delta=0
Step 2 pass

## [Step 3] WR Parent / Signaling
Step 3 NA

## [Step 4A] Master SoftPLL Event Chain
[pass] DMTD_REF_ACCEPT_EVENT    結果: Δ=23220/Δ>=0
RAW DMTD_REF_ACCEPT_EVENT    before=0x00813E78 after=0x0081992C delta=23220
[pass] DMTD_FB_ACCEPT_EVENT     結果: Δ=22191/Δ>=0
RAW DMTD_FB_ACCEPT_EVENT     before=0x004D62DE after=0x004DB98D delta=22191
[pass] DMTD_ACCEPT              結果: Δ=45411/Δ>0
[pass] SPLL_TAG_VALID_COUNT     結果: Δ=22191/Δ>0
RAW SPLL_TAG_VALID_COUNT     before=0x000DCF6B after=0x000E261A delta=22191
[pass] SPLL_TRR_WRITE_COUNT     結果: Δ=22192/Δ>0
RAW SPLL_TRR_WRITE_COUNT     before=0x000DCF81 after=0x000E2631 delta=22192
[pass] WRPC_SPLL_TRR_POP_COUNT  結果: Δ=21999/Δ>0
RAW WRPC_SPLL_TRR_POP_COUNT  before=0x000DCECA after=0x000E24B9 delta=21999
[pass] WDIAGS_IRQ_COUNT         結果: Δ=22399/Δ>0
RAW WDIAGS_IRQ_COUNT         before=0x000DCECA after=0x000E2649 delta=22399
[pass] WDIAGS_HELPER_UPDATE_COUNT 結果: Δ=22399/Δ>0
RAW WDIAGS_HELPER_UPDATE_COUNT before=0x000DCECA after=0x000E2649 delta=22399
[pass] BOOT_GENERATION          結果: Δ=0/Δ=0
RAW BOOT_GENERATION          before=0x00000001 after=0x00000001 delta=0
[pass] CPU_RESET_COUNT          結果: Δ=0/Δ=0
RAW CPU_RESET_COUNT          before=0x00000001 after=0x00000001 delta=0
[pass] WR_CORE_RESET_COUNT      結果: Δ=0/Δ=0
RAW WR_CORE_RESET_COUNT      before=0x00000001 after=0x00000001 delta=0
[pass] SI_CONFIG_DROP_COUNT     結果: Δ=0/Δ=0
RAW SI_CONFIG_DROP_COUNT     before=0x00000001 after=0x00000001 delta=0
STEP4A_MASTER_EVENT_CHAIN = PASS
Step 4 pass

## [Step 5] Closed-loop Lock
STEP5_RESULT = NOT_APPLICABLE_MASTER
STEP5_FIRST_INACTIVE_BOUNDARY = SLAVE_ONLY
Step 5 NA (Step5 closed-loop gate is for Slave)

## [Step 6] Global Time
Step 6 NA

============================================================
White Rabbit Runtime 診斷：DE5 [1-11.1]
============================================================
Step 1 PHY / Link             pass
Step 2 Endpoint / PTP         pass
Step 3 WR Handshake           NA
Step 4 Step4A Master Event Chain pass
Step 5 Closed-loop Lock       NA
Step 6 Global Time            NA
STEP1_REGRESSION = PASS
STEP2_REGRESSION = PASS
STEP3_REGRESSION = PASS
STEP4A_RESULT = PASS
STEP5_RESULT = NOT_APPLICABLE_MASTER
STEP5_FIRST_INACTIVE_BOUNDARY = SLAVE_ONLY
FAILURE_CLASSIFICATION = NO_FAILURE_EVIDENCE
============================================================

================ RAW_SNAPSHOT ================
RAW_SNAPSHOT board=DE5 [1-11.1] label=before
  status           = A1107941295082FF
  cpu              = 0000007C00001228
  marker           = 000000010000B004
  store            = 000DC7E00001DEB8
  store_count      = 0000000005BD3337
  exception        = 8000000B00001224
  clock            = 002A0742F3950F4E
  boot_generation  = 00000001
  cpu_reset_count  = 00000001
  wr_core_reset_count = 00000001
  si_config_drop_count = 00000001
  pps_cr           = 01312D06
  pps_escr         = 0000000C
  ep_mach          = 02000200
  ep_macl          = 22334401
  ep_dsr           = 42000000
  ptp              = 01014106
  ptp_rx           = 00000173
  ptp_tx           = 00000359
  ptp_meta         = 02020406
  tx               = 00000450
  rx               = 00000239
  rxerr            = 00000000
  ptp_types        = 02010101
  foreign_meta     = 0000FF00
  filter_meta      = 00000000
  parse_meta       = 00010193
  wr_rx_signal     = 10000002
  wr_tx_signal     = 10010008
  wr_failure       = 01030002
  wr_state         = A0000064
  wr_reject        = 00000000
  pstat            = 00000001
  sstat            = 00000000
  sec_h            = 00000000
  sec_l            = 000000E1
  ns               = 37DB17F8
  lock_enable      = 00000000
  lock_result      = 00000000
  lock_polls       = 00000000
  lock_unlocked    = 00000000
  lock_calibration_fail = 00000000
  spll_state       = 00020004
  spll_ocer        = C8B24801
  spll_rcer        = 00000000
  spll_occr        = 87000130
  spll_trr_csr     = 000ECC3A
  spll_dac_hpll    = 7C54F6F9
  spll_dac_main    = 00000006
  spll_helper_state = 00000100
  spll_helper_limits = 271000C8
  spll_main_state  = 00000000
  spll_main_limits = 00320032
  spll_main_phase_limits = 03E804B0
  spll_state_visit_mask = 00000618
  spll_state_transitions = 00000003
  spll_last_state  = 00000004
  spll_init_count  = 00000001
  dmtd_ref         = 00813E78
  dmtd_fb          = 004D62DE
  dmtd_ref_high_qual_abort = 07155885
  dmtd_fb_high_qual_abort = 006CB7F0
  tag_valid        = 000DCF6B
  trr_write        = 000DCF81
  irq              = 000DCECA
  helper_update    = 000DCECA
  spll_helper_error = FFFDB610
  spll_helper_output = 0000FFFB
  eic_isr          = FFFF0000
  current_tics     = 00037887
RAW_SNAPSHOT board=DE5 [1-11.1] label=after
  status           = E1101C6339BC82FF
  cpu              = 0000007C00001220
  marker           = 000000010000B004
  store            = 000E1E820001DEB8
  store_count      = 0000000005E22359
  exception        = 8000000B00001224
  clock            = 002856B842565EBC
  boot_generation  = 00000001
  cpu_reset_count  = 00000001
  wr_core_reset_count = 00000001
  si_config_drop_count = 00000001
  pps_cr           = 01312D06
  pps_escr         = 0000000C
  ep_mach          = 02000200
  ep_macl          = 22334401
  ep_dsr           = 42000000
  ptp              = 01014106
  ptp_rx           = 0000017E
  ptp_tx           = 00000371
  ptp_meta         = 02020406
  tx               = 00000471
  rx               = 0000024A
  rxerr            = 00000000
  ptp_types        = 02010101
  foreign_meta     = 0000FF00
  filter_meta      = 00000000
  parse_meta       = 000101A5
  wr_rx_signal     = 10000002
  wr_tx_signal     = 10010008
  wr_failure       = 01030002
  wr_state         = A0000064
  wr_reject        = 00000000
  pstat            = 00000001
  sstat            = 00000000
  sec_h            = 00000000
  sec_l            = 000000E7
  ns               = 2010A7F0
  lock_enable      = 00000000
  lock_result      = 00000000
  lock_polls       = 00000000
  lock_unlocked    = 00000000
  lock_calibration_fail = 00000000
  spll_state       = 00020004
  spll_ocer        = 9A2FA401
  spll_rcer        = 00000000
  spll_occr        = 0D00017F
  spll_trr_csr     = 000E2228
  spll_dac_hpll    = A54EC0E5
  spll_dac_main    = 00000006
  spll_helper_state = 00000100
  spll_helper_limits = 271000C8
  spll_main_state  = 00000000
  spll_main_limits = 00320032
  spll_main_phase_limits = 03E804B0
  spll_state_visit_mask = 00000618
  spll_state_transitions = 00000003
  spll_last_state  = 00000004
  spll_init_count  = 00000001
  dmtd_ref         = 0081992C
  dmtd_fb          = 004DB98D
  dmtd_ref_high_qual_abort = 0718D632
  dmtd_fb_high_qual_abort = 006F62E5
  tag_valid        = 000E261A
  trr_write        = 000E2631
  irq              = 000E2649
  helper_update    = 000E2649
  spll_helper_error = FFFDB610
  spll_helper_output = 0000FFFB
  eic_isr          = FFFF0000
  current_tics     = 00038E67
RAW mailbox completion toggle wb_sync_toggle=1

============================================================
White Rabbit Runtime 診斷：DE5 [1-11.2]
============================================================

## [Step 1] PHY / 光纖 Link
[pass] si_config_done           結果: 1/1
[pass] wr_ready                 結果: 1/1
[pass] core_tm_link_up          結果: 1/1
[pass] core_link_ok             結果: 1/1
[pass] wr_rx_ready              結果: 1/1
[pass] wr_tx_ready              結果: 1/1
[pass] core_phy_rst             結果: 0/0
[pass] si_id_error              結果: 0/0
[pass] wr_rx_enc_err            結果: 0/0
[pass] wr_tx_enc_err            結果: 0/0
[pass] CPU_RESET_n              結果: 1/1
[pass] wr_rx_locked_to_data     結果: 1/1
[info] wr_rx_locked_to_ref      結果: 0/NA
[info] MOD_PRS_n                結果: 0/NA
[info] INTERRUPT_n              結果: 1/NA
Step 1 pass

## [Step 2] Endpoint / MiniNIC / PTP
[pass] EP_MAC_H/EP_MAC_L        結果: 02:00:22:33:44:02/02:00:22:33:44:02
[pass] WDIAGS_MODE              結果: 3 SLAVE/3 SLAVE
[pass] WDIAGS_PTP               結果: 9 SLAVE (raw=00004109)/9 SLAVE
[pass] WDIAGS_PTP_RX            結果: Δ=25/Δ>0
RAW WDIAGS_PTP_RX            before=0x00000301 after=0x0000031A delta=25
[pass] WDIAGS_PTP_TX            結果: Δ=2/Δ>0
RAW WDIAGS_PTP_TX            before=0x0000012B after=0x0000012D delta=2
[pass] WDIAGS_TX                結果: Δ=18/Δ>0
RAW WDIAGS_TX                before=0x00000276 after=0x00000288 delta=18
[pass] WDIAGS_RX                結果: Δ=28/Δ>0
RAW WDIAGS_RX                before=0x000003B6 after=0x000003D2 delta=28
[error] WDIAGS_RXERR             結果: Δ=4/Δ=0
RAW WDIAGS_RXERR             before=0x0000004F after=0x00000053 delta=4
Step 2 error

## [Step 3] WR Parent / Signaling
[pass] WDIAGS_FOREIGN_META      結果: 1/1
[pass] WDIAGS_FOREIGN_META      結果: 0/0
[info] WDIAGS_FOREIGN_META      結果: detection=0 config=3/NA
[pass] parentIsWRnode           結果: 1/1
[info] parentWrModeOn           結果: 0/NA
[pass] parentCalibrated         結果: 1/1
[pass] WR_RX_SIGNAL_DEBUG       結果: LOCK count=2/LOCK 0x1001,count>0
[pass] WR_TX_SIGNAL_DEBUG       結果: SLAVE_PRESENT count=2/SLAVE_PRESENT 0x1000,count>0
[info] WDIAGS_TEMP              結果: WRS_IDLE next=WRS_IDLE POST_STEP3_TIMEOUT/NA
[pass] LOCK_ENABLE              結果: 8/> 0
[info] WR_FAILURE_DEBUG         結果: TIMEOUT last_fail_state=WRS_S_LOCK failure_count=2/NA
Step 3 pass

## [Step 4B] Slave SoftPLL Startup
[info] STEP4B_UPSTREAM_GATE     結果: BLOCKED/NA
STEP4B_ALLOWED = NO
STEP4B_RESULT = BLOCKED_BY_STEP2
STEP4B_FIRST_INACTIVE_BOUNDARY = UPSTREAM_PREREQUISITE
Step 4B BLOCKED (upstream prerequisite)
Step 4 NA

## [Step 5] Closed-loop Lock
STEP5_RESULT = UPSTREAM_NOT_READY
STEP5_FIRST_INACTIVE_BOUNDARY = UPSTREAM_STEP4B
Step 5 NA

## [Step 6] Global Time
Step 6 NA

============================================================
White Rabbit Runtime 診斷：DE5 [1-11.2]
============================================================
Step 1 PHY / Link             pass
Step 2 Endpoint / PTP         error
Step 3 WR Handshake           pass
Step 4 Step4B Slave SoftPLL Startup blocked
Step 5 Closed-loop Lock       NA
Step 6 Global Time            NA
STEP1_REGRESSION = PASS
STEP2_REGRESSION = INVALID
STEP3_REGRESSION = PASS
STEP4B_ALLOWED = NO
STEP4B_RESULT = BLOCKED_BY_STEP2
STEP4B_FIRST_INACTIVE_BOUNDARY = UPSTREAM_PREREQUISITE
STEP5_RESULT = UPSTREAM_NOT_READY
STEP5_FIRST_INACTIVE_BOUNDARY = UPSTREAM_STEP4B
FAILURE_CLASSIFICATION = JTAG/DASHBOARD_MEASUREMENT_FAILURE
============================================================

================ RAW_SNAPSHOT ================
RAW_SNAPSHOT board=DE5 [1-11.2] label=before
  status           = F010C1E134BC82EF
  cpu              = 0000007C00001228
  marker           = 000000010000B004
  store            = 0016C8390001DEB8
  store_count      = 0000000006C6374F
  exception        = 8000000B00001228
  clock            = 00380F28F9D612EC
  boot_generation  = 00000001
  cpu_reset_count  = 00000001
  wr_core_reset_count = 00000001
  si_config_drop_count = 00000001
  pps_cr           = 01312D06
  pps_escr         = 00000000
  ep_mach          = 02000200
  ep_macl          = 22334402
  ep_dsr           = 42000000
  ptp              = 00004109
  ptp_rx           = 00000301
  ptp_tx           = 0000012B
  ptp_meta         = 03020409
  tx               = 00000276
  rx               = 000003B6
  rxerr            = 0000004F
  ptp_types        = 07AC55AC
  foreign_meta     = 03000001
  filter_meta      = 00000000
  parse_meta       = 0501551E
  wr_rx_signal     = 10010002
  wr_tx_signal     = 10000002
  wr_failure       = 02020002
  wr_state         = A000035C
  wr_reject        = 00000000
  pstat            = 00000001
  sstat            = 00000001
  sec_h            = 00000000
  sec_l            = 000000E8
  ns               = 119D1920
  lock_enable      = 00000008
  lock_result      = 00000001
  lock_polls       = 0000B5A9
  lock_unlocked    = 0000B5A9
  lock_calibration_fail = 00000000
  spll_state       = 00030004
  spll_ocer        = 3EEFF201
  spll_rcer        = 00000001
  spll_occr        = FF00011D
  spll_trr_csr     = 00164A4E
  spll_dac_hpll    = F4B43D84
  spll_dac_main    = 00000005
  spll_helper_state = 00B10000
  spll_helper_limits = 271000C8
  spll_main_state  = 00000000
  spll_main_limits = 00320032
  spll_main_phase_limits = 03E804B0
  spll_state_visit_mask = 00000618
  spll_state_transitions = 00000003
  spll_last_state  = 00000004
  spll_init_count  = 00000001
  dmtd_ref         = 02567D2B
  dmtd_fb          = 02202057
  dmtd_ref_high_qual_abort = 00241EEF
  dmtd_fb_high_qual_abort = 000AAA4E
  tag_valid        = 00175149
  trr_write        = 00175175
  irq              = 0016D5D2
  helper_update    = 000B6163
  spll_helper_error = 000001D8
  spll_helper_output = 00002E78
  eic_isr          = FFFF0000
  current_tics     = 0003242C
RAW_SNAPSHOT board=DE5 [1-11.2] label=after
  status           = 8010CC41245082CF
  cpu              = 0000007C0000122C
  marker           = 000000010000B004
  store            = 00176DE70001DEB8
  store_count      = 0000000006F5D2E4
  exception        = 8000000B00001224
  clock            = 002A5A0C44155DD8
  boot_generation  = 00000001
  cpu_reset_count  = 00000001
  wr_core_reset_count = 00000001
  si_config_drop_count = 00000001
  pps_cr           = 01312D02
  pps_escr         = 00000000
  ep_mach          = 02000200
  ep_macl          = 22334402
  ep_dsr           = 42000000
  ptp              = 00004109
  ptp_rx           = 0000031A
  ptp_tx           = 0000012D
  ptp_meta         = 03020409
  tx               = 00000288
  rx               = 000003D2
  rxerr            = 00000053
  ptp_types        = 07B257B1
  foreign_meta     = 03000001
  filter_meta      = 00000000
  parse_meta       = 05015737
  wr_rx_signal     = 10010002
  wr_tx_signal     = 10000002
  wr_failure       = 02020002
  wr_state         = A000035C
  wr_reject        = 00000000
  pstat            = 00000001
  sstat            = 00000001
  sec_h            = 00000000
  sec_l            = 000000ED
  ns               = 35605CB8
  lock_enable      = 00000008
  lock_result      = 00000001
  lock_polls       = 0000B5A9
  lock_unlocked    = 0000B5A9
  lock_calibration_fail = 00000000
  spll_state       = 00030004
  spll_ocer        = 98B94601
  spll_rcer        = 00000001
  spll_occr        = C60001AF
  spll_trr_csr     = 0016F446
  spll_dac_hpll    = 1E6ED1F9
  spll_dac_main    = 00000006
  spll_helper_state = 00640000
  spll_helper_limits = 271000C8
  spll_main_state  = 00000000
  spll_main_limits = 00320032
  spll_main_phase_limits = 03E804B0
  spll_state_visit_mask = 00000618
  spll_state_transitions = 00000003
  spll_last_state  = 00000004
  spll_init_count  = 00000001
  dmtd_ref         = 0256CFC3
  dmtd_fb          = 022076F3
  dmtd_ref_high_qual_abort = 00252440
  dmtd_fb_high_qual_abort = 000AF788
  tag_valid        = 0017FA7E
  trr_write        = 0017FAAB
  irq              = 00177A2E
  helper_update    = 000BB34F
  spll_helper_error = FFFFFDD2
  spll_helper_output = 00002B6D
  eic_isr          = FFFF0000
  current_tics     = 00033A0B

============================================================
STEP4A_RESULT = PASS
STEP4B_ALLOWED = NO
STEP4B_RESULT = BLOCKED_BY_STEP2
STEP4B_FIRST_INACTIVE_BOUNDARY = UPSTREAM_PREREQUISITE
STEP5_RESULT = NOT_APPLICABLE_MASTER
STEP5_FIRST_INACTIVE_BOUNDARY = SLAVE_ONLY
STEP5_RESULT = UPSTREAM_NOT_READY
STEP5_FIRST_INACTIVE_BOUNDARY = UPSTREAM_STEP4B
============================================================
Info (23030): Evaluation of Tcl script scripts/jtag/read_wb_runtime.tcl was successful
Info: Quartus Prime Signal Tap was successful. 0 errors, 0 warnings
    Info: Peak virtual memory: 677 megabytes
    Info: Processing ended: Tue Sep  1 02:37:22 2026
    Info: Elapsed time: 00:00:13
    Info: System process ID: 2143607
