Info: *******************************************************************
Info: Running Quartus Prime SignalTap II
    Info: Version 17.0.0 Build 595 04/25/2017 SJ Standard Edition
    Info: Copyright (C) 2017  Intel Corporation. All rights reserved.
    Info: Your use of Intel Corporation's design tools, logic functions 
    Info: and other software and tools, and its AMPP partner logic 
    Info: functions, and any output files from any of the foregoing 
    Info: (including device programming or simulation files), and any 
    Info: associated documentation or information are expressly subject 
    Info: to the terms and conditions of the Intel Program License 
    Info: Subscription Agreement, the Intel Quartus Prime License Agreement,
    Info: the Intel MegaCore Function License Agreement, or other 
    Info: applicable license agreement, including, without limitation, 
    Info: that your use is for the sole purpose of programming logic 
    Info: devices manufactured by Intel and sold by Intel or its 
    Info: authorized distributors.  Please refer to the applicable 
    Info: agreement for further details.
    Info: Processing started: Tue Sep  1 02:10:10 2026
Info: Command: quartus_stp -t scripts/jtag/read_wb_runtime.tcl --raw
Info: Quartus(args): --raw
RAW mailbox completion toggle wb_sync_toggle=0

============================================================
White Rabbit Runtime 診斷：DE5 [1-11.1]
============================================================

## [Step 1] PHY / 光纖 Link
[pass] si_config_done           結果: 1/1
[pass] wr_ready                 結果: 1/1
[pass] core_tm_link_up          結果: 1/1
[pass] core_link_ok             結果: 1/1
[pass] wr_rx_ready              結果: 1/1
[pass] wr_tx_ready              結果: 1/1
[pass] core_phy_rst             結果: 0/0
[pass] si_id_error              結果: 0/0
[pass] wr_rx_enc_err            結果: 0/0
[pass] wr_tx_enc_err            結果: 0/0
[pass] CPU_RESET_n              結果: 1/1
[pass] wr_rx_locked_to_data     結果: 1/1
[info] wr_rx_locked_to_ref      結果: 1/NA
[info] MOD_PRS_n                結果: 0/NA
[info] INTERRUPT_n              結果: 1/NA
Step 1 pass

## [Step 2] Endpoint / MiniNIC / PTP
[pass] EP_MAC_H/EP_MAC_L        結果: 02:00:22:33:44:01/02:00:22:33:44:01
[pass] WDIAGS_MODE              結果: 2 MASTER/2 MASTER
[pass] WDIAGS_PTP               結果: 6 MASTER (raw=01014106)/6 MASTER
[pass] WDIAGS_PTP_RX            結果: Δ=12/Δ>0
RAW WDIAGS_PTP_RX            before=0x0000003B after=0x00000047 delta=12
[pass] WDIAGS_PTP_TX            結果: Δ=25/Δ>0
RAW WDIAGS_PTP_TX            before=0x00000095 after=0x000000AE delta=25
[pass] WDIAGS_TX                結果: Δ=32/Δ>0
RAW WDIAGS_TX                before=0x000000D0 after=0x000000F0 delta=32
[pass] WDIAGS_RX                結果: Δ=17/Δ>0
RAW WDIAGS_RX                before=0x00000060 after=0x00000071 delta=17
[pass] WDIAGS_RXERR             結果: Δ=0/Δ=0
RAW WDIAGS_RXERR             before=0x00000000 after=0x00000000 delta=0
Step 2 pass

## [Step 3] WR Parent / Signaling
Step 3 NA

## [Step 4A] Master SoftPLL Event Chain
[pass] DMTD_REF_ACCEPT_EVENT    結果: Δ=23196/Δ>=0
RAW DMTD_REF_ACCEPT_EVENT    before=0x000F0F82 after=0x000F6A1E delta=23196
[pass] DMTD_FB_ACCEPT_EVENT     結果: Δ=22183/Δ>=0
RAW DMTD_FB_ACCEPT_EVENT     before=0x0043D9BA after=0x00443061 delta=22183
[pass] DMTD_ACCEPT              結果: Δ=45379/Δ>0
[pass] SPLL_TAG_VALID_COUNT     結果: Δ=22184/Δ>0
RAW SPLL_TAG_VALID_COUNT     before=0x00044723 after=0x00049DCB delta=22184
[pass] SPLL_TRR_WRITE_COUNT     結果: Δ=22184/Δ>0
RAW SPLL_TRR_WRITE_COUNT     before=0x0004473A after=0x00049DE2 delta=22184
[pass] WRPC_SPLL_TRR_POP_COUNT  結果: Δ=22401/Δ>0
RAW WRPC_SPLL_TRR_POP_COUNT  before=0x0004461A after=0x00049D9B delta=22401
[pass] WDIAGS_IRQ_COUNT         結果: Δ=22401/Δ>0
RAW WDIAGS_IRQ_COUNT         before=0x0004461A after=0x00049D9B delta=22401
[pass] WDIAGS_HELPER_UPDATE_COUNT 結果: Δ=22401/Δ>0
RAW WDIAGS_HELPER_UPDATE_COUNT before=0x0004461A after=0x00049D9B delta=22401
[pass] BOOT_GENERATION          結果: Δ=0/Δ=0
RAW BOOT_GENERATION          before=0x00000001 after=0x00000001 delta=0
[pass] CPU_RESET_COUNT          結果: Δ=0/Δ=0
RAW CPU_RESET_COUNT          before=0x00000001 after=0x00000001 delta=0
[pass] WR_CORE_RESET_COUNT      結果: Δ=0/Δ=0
RAW WR_CORE_RESET_COUNT      before=0x00000001 after=0x00000001 delta=0
[pass] SI_CONFIG_DROP_COUNT     結果: Δ=0/Δ=0
RAW SI_CONFIG_DROP_COUNT     before=0x00000001 after=0x00000001 delta=0
STEP4A_MASTER_EVENT_CHAIN = PASS
Step 4 pass

## [Step 5] Closed-loop Lock
STEP5_RESULT = NOT_APPLICABLE_MASTER
STEP5_FIRST_INACTIVE_BOUNDARY = SLAVE_ONLY
Step 5 NA (Step5 closed-loop gate is for Slave)

## [Step 6] Global Time
Step 6 NA

============================================================
White Rabbit Runtime 診斷：DE5 [1-11.1]
============================================================
Step 1 PHY / Link             pass
Step 2 Endpoint / PTP         pass
Step 3 WR Handshake           NA
Step 4 Step4A Master Event Chain pass
Step 5 Closed-loop Lock       NA
Step 6 Global Time            NA
STEP1_REGRESSION = PASS
STEP2_REGRESSION = PASS
STEP3_REGRESSION = PASS
STEP4A_RESULT = PASS
STEP5_RESULT = NOT_APPLICABLE_MASTER
STEP5_FIRST_INACTIVE_BOUNDARY = SLAVE_ONLY
FAILURE_CLASSIFICATION = NO_FAILURE_EVIDENCE
============================================================

================ RAW_SNAPSHOT ================
RAW_SNAPSHOT board=DE5 [1-11.1] label=before
  status           = F1106F41225082FF
  cpu              = 0000007C00001220
  marker           = 000000010000B004
  store            = 00043FA20001DEA8
  store_count      = 0000000001AC204C
  exception        = 8000000B00001224
  clock            = 002DF9EB6D607609
  boot_generation  = 00000001
  cpu_reset_count  = 00000001
  wr_core_reset_count = 00000001
  si_config_drop_count = 00000001
  pps_cr           = 01312D06
  pps_escr         = 0000000C
  ep_mach          = 02000200
  ep_macl          = 22334401
  ep_dsr           = 42000000
  ptp              = 01014106
  ptp_rx           = 0000003B
  ptp_tx           = 00000095
  ptp_meta         = 02010306
  tx               = 000000D0
  rx               = 00000060
  rxerr            = 00000000
  ptp_types        = 01010101
  foreign_meta     = 0000FF00
  filter_meta      = 00000000
  parse_meta       = 00010169
  wr_rx_signal     = 10000001
  wr_tx_signal     = 10010002
  wr_failure       = 00000000
  wr_state         = A0219864
  wr_reject        = 00000000
  pstat            = 00000001
  sstat            = 00000000
  sec_h            = 00000000
  sec_l            = 00000045
  ns               = 31D2E8E8
  lock_enable      = 00000000
  lock_result      = 00000000
  lock_polls       = 00000000
  lock_unlocked    = 00000000
  lock_calibration_fail = 00000000
  spll_state       = 00020004
  spll_ocer        = 2354A401
  spll_rcer        = 00000000
  spll_occr        = 0C000147
  spll_trr_csr     = 0006448E
  spll_dac_hpll    = 05147451
  spll_dac_main    = 00000002
  spll_helper_state = 00000100
  spll_helper_limits = 271000C8
  spll_main_state  = 00000000
  spll_main_limits = 00320032
  spll_main_phase_limits = 03E804B0
  spll_state_visit_mask = 00000618
  spll_state_transitions = 00000003
  spll_last_state  = 00000004
  spll_init_count  = 00000001
  dmtd_ref         = 000F0F82
  dmtd_fb          = 0043D9BA
  dmtd_ref_high_qual_abort = 017B900F
  dmtd_fb_high_qual_abort = 0021ADE8
  tag_valid        = 00044723
  trr_write        = 0004473A
  irq              = 0004461A
  helper_update    = 0004461A
  spll_helper_error = FFFDB610
  spll_helper_output = 0000FFFB
  eic_isr          = FFFF0000
  current_tics     = 000116C1
RAW_SNAPSHOT board=DE5 [1-11.1] label=after
  status           = E110D46332BC82FF
  cpu              = 0000007C00001228
  marker           = 000000010000B004
  store            = 000496360001DEA0
  store_count      = 0000000001D10EDB
  exception        = 8000000B00001224
  clock            = 002843ECB6ACC002
  boot_generation  = 00000001
  cpu_reset_count  = 00000001
  wr_core_reset_count = 00000001
  si_config_drop_count = 00000001
  pps_cr           = 01312D06
  pps_escr         = 0000000C
  ep_mach          = 02000200
  ep_macl          = 22334401
  ep_dsr           = 42000000
  ptp              = 01014106
  ptp_rx           = 00000047
  ptp_tx           = 000000AE
  ptp_meta         = 02010306
  tx               = 000000F0
  rx               = 00000071
  rxerr            = 00000000
  ptp_types        = 01010101
  foreign_meta     = 0000FF00
  filter_meta      = 00000000
  parse_meta       = 0001017A
  wr_rx_signal     = 10000001
  wr_tx_signal     = 10010003
  wr_failure       = 00000000
  wr_state         = A0219864
  wr_reject        = 00000000
  pstat            = 00000001
  sstat            = 00000000
  sec_h            = 00000000
  sec_l            = 0000004B
  ns               = 13F88AF8
  lock_enable      = 00000000
  lock_result      = 00000000
  lock_polls       = 00000000
  lock_unlocked    = 00000000
  lock_calibration_fail = 00000000
  spll_state       = 00020004
  spll_ocer        = F4DE0001
  spll_rcer        = 00000000
  spll_occr        = 18000137
  spll_trr_csr     = 00069A7A
  spll_dac_hpll    = 2E0D4C12
  spll_dac_main    = 00000002
  spll_helper_state = 00000100
  spll_helper_limits = 271000C8
  spll_main_state  = 00000000
  spll_main_limits = 00320032
  spll_main_phase_limits = 03E804B0
  spll_state_visit_mask = 00000618
  spll_state_transitions = 00000003
  spll_last_state  = 00000004
  spll_init_count  = 00000001
  dmtd_ref         = 000F6A1E
  dmtd_fb          = 00443061
  dmtd_ref_high_qual_abort = 017E9A67
  dmtd_fb_high_qual_abort = 00245871
  tag_valid        = 00049DCB
  trr_write        = 00049DE2
  irq              = 00049D9B
  helper_update    = 00049D9B
  spll_helper_error = FFFDB610
  spll_helper_output = 0000FFFB
  eic_isr          = FFFF0000
  current_tics     = 00012C3E
RAW mailbox completion toggle wb_sync_toggle=0

============================================================
White Rabbit Runtime 診斷：DE5 [1-11.2]
============================================================

## [Step 1] PHY / 光纖 Link
[pass] si_config_done           結果: 1/1
[pass] wr_ready                 結果: 1/1
[pass] core_tm_link_up          結果: 1/1
[pass] core_link_ok             結果: 1/1
[pass] wr_rx_ready              結果: 1/1
[pass] wr_tx_ready              結果: 1/1
[pass] core_phy_rst             結果: 0/0
[pass] si_id_error              結果: 0/0
[pass] wr_rx_enc_err            結果: 0/0
[pass] wr_tx_enc_err            結果: 0/0
[pass] CPU_RESET_n              結果: 1/1
[pass] wr_rx_locked_to_data     結果: 1/1
[info] wr_rx_locked_to_ref      結果: 0/NA
[info] MOD_PRS_n                結果: 0/NA
[info] INTERRUPT_n              結果: 1/NA
Step 1 pass

## [Step 2] Endpoint / MiniNIC / PTP
[pass] EP_MAC_H/EP_MAC_L        結果: 02:00:22:33:44:02/02:00:22:33:44:02
[pass] WDIAGS_MODE              結果: 3 SLAVE/3 SLAVE
[info] WDIAGS_PTP               結果: 8 UNCALIBRATED (raw=00004108)/NA
[pass] WDIAGS_PTP_RX            結果: Δ=24/Δ>0
RAW WDIAGS_PTP_RX            before=0x000000A3 after=0x000000BB delta=24
[pass] WDIAGS_PTP_TX            結果: Δ=11/Δ>0
RAW WDIAGS_PTP_TX            before=0x00000043 after=0x0000004E delta=11
[pass] WDIAGS_TX                結果: Δ=17/Δ>0
RAW WDIAGS_TX                before=0x0000007C after=0x0000008D delta=17
[pass] WDIAGS_RX                結果: Δ=29/Δ>0
RAW WDIAGS_RX                before=0x000000CF after=0x000000EC delta=29
[pass] WDIAGS_RXERR             結果: Δ=0/Δ=0
RAW WDIAGS_RXERR             before=0x00000000 after=0x00000000 delta=0
Step 2 NA

## [Step 3] WR Parent / Signaling
[pass] WDIAGS_FOREIGN_META      結果: 1/1
[pass] WDIAGS_FOREIGN_META      結果: 0/0
[info] WDIAGS_FOREIGN_META      結果: detection=0 config=3/NA
[pass] parentIsWRnode           結果: 1/1
[info] parentWrModeOn           結果: 0/NA
[pass] parentCalibrated         結果: 1/1
[pass] WR_RX_SIGNAL_DEBUG       結果: LOCK count=1/LOCK 0x1001,count>0
[pass] WR_TX_SIGNAL_DEBUG       結果: SLAVE_PRESENT count=1/SLAVE_PRESENT 0x1000,count>0
[pass] WDIAGS_TEMP              結果: WRS_S_LOCK next=WRS_S_LOCK/WRS_S_LOCK=2
[pass] LOCK_ENABLE              結果: 3/> 0
Step 3 pass

## [Step 4B] Slave SoftPLL Startup
[info] STEP4B_UPSTREAM_GATE     結果: BLOCKED/NA
STEP4B_ALLOWED = NO
STEP4B_RESULT = BLOCKED_BY_STEP2
STEP4B_FIRST_INACTIVE_BOUNDARY = UPSTREAM_PREREQUISITE
Step 4B BLOCKED (upstream prerequisite)
Step 4 NA

## [Step 5] Closed-loop Lock
STEP5_RESULT = UPSTREAM_NOT_READY
STEP5_FIRST_INACTIVE_BOUNDARY = UPSTREAM_STEP4B
Step 5 NA

## [Step 6] Global Time
Step 6 NA

============================================================
White Rabbit Runtime 診斷：DE5 [1-11.2]
============================================================
Step 1 PHY / Link             pass
Step 2 Endpoint / PTP         NA
Step 3 WR Handshake           pass
Step 4 Step4B Slave SoftPLL Startup blocked
Step 5 Closed-loop Lock       NA
Step 6 Global Time            NA
STEP1_REGRESSION = PASS
STEP2_REGRESSION = INVALID
STEP3_REGRESSION = PASS
STEP4B_ALLOWED = NO
STEP4B_RESULT = BLOCKED_BY_STEP2
STEP4B_FIRST_INACTIVE_BOUNDARY = UPSTREAM_PREREQUISITE
STEP5_RESULT = UPSTREAM_NOT_READY
STEP5_FIRST_INACTIVE_BOUNDARY = UPSTREAM_STEP4B
FAILURE_CLASSIFICATION = JTAG/DASHBOARD_MEASUREMENT_FAILURE
============================================================

================ RAW_SNAPSHOT ================
RAW_SNAPSHOT board=DE5 [1-11.2] label=before
  status           = F11016C3345482EF
  cpu              = 0000007C00001228
  marker           = 000000010000B004
  store            = 0003F1760001DEA0
  store_count      = 00000000013A001F
  exception        = 8000000B00001220
  clock            = 0029D2B0D04CD5A7
  boot_generation  = 00000001
  cpu_reset_count  = 00000001
  wr_core_reset_count = 00000001
  si_config_drop_count = 00000001
  pps_cr           = 01312D06
  pps_escr         = 00000000
  ep_mach          = 02000200
  ep_macl          = 22334402
  ep_dsr           = 42000000
  ptp              = 00004108
  ptp_rx           = 000000A3
  ptp_tx           = 00000043
  ptp_meta         = 03010308
  tx               = 0000007C
  rx               = 000000CF
  rxerr            = 00000000
  ptp_types        = 03241425
  foreign_meta     = 03000001
  filter_meta      = 00000000
  parse_meta       = 050114D6
  wr_rx_signal     = 10010001
  wr_tx_signal     = 10000001
  wr_failure       = 00000000
  wr_state         = A041135C
  wr_reject        = 00000000
  pstat            = 00000001
  sstat            = 00000101
  sec_h            = 00000000
  sec_l            = 0000002A
  ns               = 2C085518
  lock_enable      = 00000003
  lock_result      = 00000001
  lock_polls       = 00003388
  lock_unlocked    = 000033AF
  lock_calibration_fail = 00000000
  spll_state       = 00030004
  spll_ocer        = 2060AE01
  spll_rcer        = 00000001
  spll_occr        = 4B000165
  spll_trr_csr     = 00060E14
  spll_dac_hpll    = 40A9FFBA
  spll_dac_main    = 00000001
  spll_helper_state = 00500000
  spll_helper_limits = 271000C8
  spll_main_state  = 00000000
  spll_main_limits = 00320032
  spll_main_phase_limits = 03E804B0
  spll_state_visit_mask = 00000618
  spll_state_transitions = 00000003
  spll_last_state  = 00000004
  spll_init_count  = 00000001
  dmtd_ref         = 023C5520
  dmtd_fb          = 0205BC0B
  dmtd_ref_high_qual_abort = 0004669E
  dmtd_fb_high_qual_abort = 0001DD6A
  tag_valid        = 00041546
  trr_write        = 00041571
  irq              = 0003FFDE
  helper_update    = 0001FE3F
  spll_helper_error = FFFFED5C
  spll_helper_output = 0000199A
  eic_isr          = FFFF0000
  current_tics     = 0000ACEB
RAW_SNAPSHOT board=DE5 [1-11.2] label=after
  status           = 411058C1245082EF
  cpu              = 0000007C00001230
  marker           = 000000010000B004
  store            = 000266160001DEA8
  store_count      = 00000000016BD58F
  exception        = 8000000B00001224
  clock            = 002F234F2047264F
  boot_generation  = 00000001
  cpu_reset_count  = 00000001
  wr_core_reset_count = 00000001
  si_config_drop_count = 00000001
  pps_cr           = 01312D06
  pps_escr         = 00000000
  ep_mach          = 02000200
  ep_macl          = 22334402
  ep_dsr           = 42000000
  ptp              = 00004108
  ptp_rx           = 000000BB
  ptp_tx           = 0000004E
  ptp_meta         = 03010308
  tx               = 0000008D
  rx               = 000000EC
  rxerr            = 00000000
  ptp_types        = 0329172A
  foreign_meta     = 03000001
  filter_meta      = 00000000
  parse_meta       = 05011740
  wr_rx_signal     = 10010001
  wr_tx_signal     = 10000001
  wr_failure       = 00000000
  wr_state         = A041135C
  wr_reject        = 00000000
  pstat            = 00000001
  sstat            = 00000001
  sec_h            = 00000000
  sec_l            = 00000030
  ns               = 0E4A8170
  lock_enable      = 00000003
  lock_result      = 00000001
  lock_polls       = 00003C09
  lock_unlocked    = 00003C09
  lock_calibration_fail = 00000000
  spll_state       = 00030004
  spll_ocer        = 78AC0001
  spll_rcer        = 00000001
  spll_occr        = 1F0001BE
  spll_trr_csr     = 0006BA14
  spll_dac_hpll    = 6A669927
  spll_dac_main    = 00000001
  spll_helper_state = 00640000
  spll_helper_limits = 271000C8
  spll_main_state  = 00000000
  spll_main_limits = 00320032
  spll_main_phase_limits = 03E804B0
  spll_state_visit_mask = 00000618
  spll_state_transitions = 00000003
  spll_last_state  = 00000004
  spll_init_count  = 00000001
  dmtd_ref         = 023CA7DF
  dmtd_fb          = 020612D1
  dmtd_ref_high_qual_abort = 00051A1B
  dmtd_fb_high_qual_abort = 00022B5F
  tag_valid        = 0004BECB
  trr_write        = 0004BEF7
  irq              = 0004A44A
  helper_update    = 00025034
  spll_helper_error = 00000918
  spll_helper_output = 00001039
  eic_isr          = FFFF0000
  current_tics     = 0000C2CA

============================================================
STEP4A_RESULT = PASS
STEP4B_ALLOWED = NO
STEP4B_RESULT = BLOCKED_BY_STEP2
STEP4B_FIRST_INACTIVE_BOUNDARY = UPSTREAM_PREREQUISITE
STEP5_RESULT = NOT_APPLICABLE_MASTER
STEP5_FIRST_INACTIVE_BOUNDARY = SLAVE_ONLY
STEP5_RESULT = UPSTREAM_NOT_READY
STEP5_FIRST_INACTIVE_BOUNDARY = UPSTREAM_STEP4B
============================================================
Info (23030): Evaluation of Tcl script scripts/jtag/read_wb_runtime.tcl was successful
Info: Quartus Prime SignalTap II was successful. 0 errors, 0 warnings
    Info: Peak virtual memory: 776 megabytes
    Info: Processing ended: Tue Sep  1 02:10:23 2026
    Info: Elapsed time: 00:00:13
    Info: Total CPU time (on all processors): 00:00:00
