Info: *******************************************************************
Info: Running Quartus Prime SignalTap II
    Info: Version 17.0.0 Build 595 04/25/2017 SJ Standard Edition
    Info: Copyright (C) 2017  Intel Corporation. All rights reserved.
    Info: Your use of Intel Corporation's design tools, logic functions 
    Info: and other software and tools, and its AMPP partner logic 
    Info: functions, and any output files from any of the foregoing 
    Info: (including device programming or simulation files), and any 
    Info: associated documentation or information are expressly subject 
    Info: to the terms and conditions of the Intel Program License 
    Info: Subscription Agreement, the Intel Quartus Prime License Agreement,
    Info: the Intel MegaCore Function License Agreement, or other 
    Info: applicable license agreement, including, without limitation, 
    Info: that your use is for the sole purpose of programming logic 
    Info: devices manufactured by Intel and sold by Intel or its 
    Info: authorized distributors.  Please refer to the applicable 
    Info: agreement for further details.
    Info: Processing started: Wed Sep  9 17:10:08 2026
Info: Command: quartus_stp -t /tmp/wr-step5-mainpolarity/scripts/jtag/read_wb_runtime.tcl --raw
Info: Quartus(args): --raw
RAW mailbox completion toggle wb_sync_toggle=0

============================================================
White Rabbit Runtime 診斷：DE5 [1-11.1]
============================================================

## [Step 1] PHY / 光纖 Link
[pass] si_config_done           結果: 1/1
[pass] wr_ready                 結果: 1/1
[pass] core_tm_link_up          結果: 1/1
[pass] core_link_ok             結果: 1/1
[pass] wr_rx_ready              結果: 1/1
[pass] wr_tx_ready              結果: 1/1
[pass] core_phy_rst             結果: 0/0
[pass] si_id_error              結果: 0/0
[pass] wr_rx_enc_err            結果: 0/0
[pass] wr_tx_enc_err            結果: 0/0
[pass] CPU_RESET_n              結果: 1/1
[pass] wr_rx_locked_to_data     結果: 1/1
[info] wr_rx_locked_to_ref      結果: 1/NA
[info] MOD_PRS_n                結果: 0/NA
[info] INTERRUPT_n              結果: 1/NA
Step 1 pass

## [Step 2] Endpoint / MiniNIC / PTP
[pass] EP_MAC_H/EP_MAC_L        結果: 02:00:22:33:44:01/02:00:22:33:44:01
[pass] WDIAGS_MODE              結果: 2 MASTER/2 MASTER
[pass] WDIAGS_PTP               結果: 6 MASTER (raw=01014106)/6 MASTER
[pass] WDIAGS_PTP_RX            結果: Δ=12/Δ>0
RAW WDIAGS_PTP_RX            before=0x00000437 after=0x00000443 delta=12
[pass] WDIAGS_PTP_TX            結果: Δ=28/Δ>0
RAW WDIAGS_PTP_TX            before=0x00000970 after=0x0000098C delta=28
[pass] WDIAGS_TX                結果: Δ=34/Δ>0
RAW WDIAGS_TX                before=0x00000BFC after=0x00000C1E delta=34
[pass] WDIAGS_RX                結果: Δ=18/Δ>0
RAW WDIAGS_RX                before=0x00000655 after=0x00000667 delta=18
[pass] WDIAGS_RXERR             結果: Δ=0/Δ=0
RAW WDIAGS_RXERR             before=0x00000000 after=0x00000000 delta=0
Step 2 pass

## [Step 3] WR Parent / Signaling
Step 3 NA

## [Step 4A] Master SoftPLL Event Chain
[pass] DMTD_REF_ACCEPT_EVENT    結果: Δ=23261/Δ>=0
RAW DMTD_REF_ACCEPT_EVENT    before=0x002B7343 after=0x002BCE20 delta=23261
[pass] DMTD_FB_ACCEPT_EVENT     結果: Δ=23388/Δ>=0
RAW DMTD_FB_ACCEPT_EVENT     before=0x00600F9D after=0x00606AF9 delta=23388
[pass] DMTD_ACCEPT              結果: Δ=46649/Δ>0
[pass] SPLL_TAG_VALID_COUNT     結果: Δ=23389/Δ>0
RAW SPLL_TAG_VALID_COUNT     before=0x0021397D after=0x002194DA delta=23389
[pass] SPLL_TRR_WRITE_COUNT     結果: Δ=23393/Δ>0
RAW SPLL_TRR_WRITE_COUNT     before=0x002139A8 after=0x00219509 delta=23393
[pass] WRPC_SPLL_TRR_POP_COUNT  結果: Δ=23627/Δ>0
RAW WRPC_SPLL_TRR_POP_COUNT  before=0x002138A7 after=0x002194F2 delta=23627
[pass] WDIAGS_IRQ_COUNT         結果: Δ=23627/Δ>0
RAW WDIAGS_IRQ_COUNT         before=0x002138A7 after=0x002194F2 delta=23627
[pass] WDIAGS_HELPER_UPDATE_COUNT 結果: Δ=23241/Δ>0
RAW WDIAGS_HELPER_UPDATE_COUNT before=0x00213A29 after=0x002194F2 delta=23241
[pass] BOOT_GENERATION          結果: Δ=0/Δ=0
RAW BOOT_GENERATION          before=0x00000001 after=0x00000001 delta=0
[pass] CPU_RESET_COUNT          結果: Δ=0/Δ=0
RAW CPU_RESET_COUNT          before=0x00000001 after=0x00000001 delta=0
[pass] WR_CORE_RESET_COUNT      結果: Δ=0/Δ=0
RAW WR_CORE_RESET_COUNT      before=0x00000001 after=0x00000001 delta=0
[pass] SI_CONFIG_DROP_COUNT     結果: Δ=0/Δ=0
RAW SI_CONFIG_DROP_COUNT     before=0x00000001 after=0x00000001 delta=0
STEP4A_MASTER_EVENT_CHAIN = PASS
Step 4 pass

## [Step 5] Closed-loop Lock
STEP5_RESULT = NOT_APPLICABLE_MASTER
STEP5_FIRST_INACTIVE_BOUNDARY = SLAVE_ONLY
Step 5 NA (Step5 closed-loop gate is for Slave)

## [Step 6] Global Time
Step 6 NA

============================================================
White Rabbit Runtime 診斷：DE5 [1-11.1]
============================================================
Step 1 PHY / Link             pass
Step 2 Endpoint / PTP         pass
Step 3 WR Handshake           NA
Step 4 Step4A Master Event Chain pass
Step 5 Closed-loop Lock       NA
Step 6 Global Time            NA
STEP1_REGRESSION = PASS
STEP2_REGRESSION = PASS
STEP3_REGRESSION = PASS
STEP4A_RESULT = PASS
STEP5_RESULT = NOT_APPLICABLE_MASTER
STEP5_FIRST_INACTIVE_BOUNDARY = SLAVE_ONLY
FAILURE_CLASSIFICATION = NO_FAILURE_EVIDENCE
============================================================

================ RAW_SNAPSHOT ================
RAW_SNAPSHOT board=DE5 [1-11.1] label=before
  status           = 91106E41215082FF
  cpu              = 0000007C000012A4
  marker           = 000000010000B004
  store            = 00212BBA0001E718
  store_count      = 000000001060E905
  exception        = 8000000B0000129C
  clock            = 002CFC31BD22FFA2
  boot_generation  = 00000001
  cpu_reset_count  = 00000001
  wr_core_reset_count = 00000001
  si_config_drop_count = 00000001
  pps_cr           = 01312D06
  pps_escr         = 0000020C
  ep_mach          = 02000200
  ep_macl          = 22334401
  ep_dsr           = 42000000
  ptp              = 01014106
  ptp_rx           = 00000437
  ptp_tx           = 00000970
  ptp_meta         = 02020406
  tx               = 00000BFC
  rx               = 00000655
  rxerr            = 00000000
  ptp_types        = 01020202
  foreign_meta     = 00000001
  filter_meta      = 00000000
  parse_meta       = 000102E4
  wr_rx_signal     = 10000001
  wr_tx_signal     = 10010004
  wr_failure       = 01030001
  wr_state         = A0000064
  wr_reject        = 00000000
  pstat            = 00000001
  sstat            = 00000000
  sec_h            = 00000000
  sec_l            = 00000231
  ns               = 20FDAD00
  lock_enable      = 00000000
  lock_result      = 00000000
  lock_polls       = 00000000
  lock_unlocked    = 00000000
  lock_calibration_fail = 00000000
  spll_state       = 00020004
  spll_ocer        = 7125FA01
  spll_rcer        = 00000000
  spll_occr        = FB000120
  spll_trr_csr     = 0022349E
  spll_dac_hpll    = 5B9BD5E6
  spll_dac_main    = 00000010
  spll_helper_state = 00060100
  spll_helper_limits = 03E807D0
  spll_main_state  = 00000000
  spll_main_limits = 00320032
  spll_main_phase_limits = 03E804B0
  spll_state_visit_mask = 00000618
  spll_state_transitions = 00000003
  spll_last_state  = 00000004
  spll_init_count  = 00000001
  dmtd_ref         = 002B7343
  dmtd_fb          = 00600F9D
  dmtd_ref_high_qual_abort = 00A06709
  dmtd_fb_high_qual_abort = 001A1CE4
  tag_valid        = 0021397D
  trr_write        = 002139A8
  irq              = 002138A7
  helper_update    = 00213A29
  spll_helper_error = FFFDB610
  spll_helper_output = 0000FFFB
  eic_isr          = FFFF0000
  current_tics     = 000898AD
RAW_SNAPSHOT board=DE5 [1-11.1] label=after
  status           = 71101AE331BC82FF
  cpu              = 0000007C0000129C
  marker           = 000000010000B004
  store            = 002186E30001E718
  store_count      = 00000000108E4406
  exception        = 8000000B000012A0
  clock            = 003DE097A0D2E409
  boot_generation  = 00000001
  cpu_reset_count  = 00000001
  wr_core_reset_count = 00000001
  si_config_drop_count = 00000001
  pps_cr           = 01312D06
  pps_escr         = 0000020C
  ep_mach          = 02000200
  ep_macl          = 22334401
  ep_dsr           = 42000000
  ptp              = 01014106
  ptp_rx           = 00000443
  ptp_tx           = 0000098C
  ptp_meta         = 02020406
  tx               = 00000C1E
  rx               = 00000667
  rxerr            = 00000000
  ptp_types        = 01020202
  foreign_meta     = 00000001
  filter_meta      = 00000000
  parse_meta       = 000102F8
  wr_rx_signal     = 10000001
  wr_tx_signal     = 10010004
  wr_failure       = 01030001
  wr_state         = A0000064
  wr_reject        = 00000000
  pstat            = 00000001
  sstat            = 00000000
  sec_h            = 00000000
  sec_l            = 00000237
  ns               = 26F63488
  lock_enable      = 00000000
  lock_result      = 00000000
  lock_polls       = 00000000
  lock_unlocked    = 00000000
  lock_calibration_fail = 00000000
  spll_state       = 00020004
  spll_ocer        = B9CA5401
  spll_rcer        = 00000000
  spll_occr        = 7300017C
  spll_trr_csr     = 00229066
  spll_dac_hpll    = 884EF01A
  spll_dac_main    = 00000010
  spll_helper_state = 00060100
  spll_helper_limits = 03E807D0
  spll_main_state  = 00000000
  spll_main_limits = 00320032
  spll_main_phase_limits = 03E804B0
  spll_state_visit_mask = 00000618
  spll_state_transitions = 00000003
  spll_last_state  = 00000004
  spll_init_count  = 00000001
  dmtd_ref         = 002BCE20
  dmtd_fb          = 00606AF9
  dmtd_ref_high_qual_abort = 00A215D5
  dmtd_fb_high_qual_abort = 001A6496
  tag_valid        = 002194DA
  trr_write        = 00219509
  irq              = 002194F2
  helper_update    = 002194F2
  spll_helper_error = FFFDB610
  spll_helper_output = 0000FFFB
  eic_isr          = FFFF0000
  current_tics     = 0008B01D
RAW mailbox completion toggle wb_sync_toggle=0

============================================================
White Rabbit Runtime 診斷：DE5 [1-11.2]
============================================================

## [Step 1] PHY / 光纖 Link
[pass] si_config_done           結果: 1/1
[pass] wr_ready                 結果: 1/1
[pass] core_tm_link_up          結果: 1/1
[pass] core_link_ok             結果: 1/1
[pass] wr_rx_ready              結果: 1/1
[pass] wr_tx_ready              結果: 1/1
[pass] core_phy_rst             結果: 0/0
[pass] si_id_error              結果: 0/0
[pass] wr_rx_enc_err            結果: 0/0
[pass] wr_tx_enc_err            結果: 0/0
[pass] CPU_RESET_n              結果: 1/1
[pass] wr_rx_locked_to_data     結果: 1/1
[info] wr_rx_locked_to_ref      結果: 0/NA
[info] MOD_PRS_n                結果: 0/NA
[info] INTERRUPT_n              結果: 1/NA
Step 1 pass

## [Step 2] Endpoint / MiniNIC / PTP
[pass] EP_MAC_H/EP_MAC_L        結果: 02:00:22:33:44:02/02:00:22:33:44:02
[pass] WDIAGS_MODE              結果: 3 SLAVE/3 SLAVE
[pass] WDIAGS_PTP               結果: 9 SLAVE (raw=00004109)/9 SLAVE
[pass] WDIAGS_PTP_RX            結果: Δ=26/Δ>0
RAW WDIAGS_PTP_RX            before=0x00000AA9 after=0x00000AC3 delta=26
[pass] WDIAGS_PTP_TX            結果: Δ=3/Δ>0
RAW WDIAGS_PTP_TX            before=0x0000021D after=0x00000220 delta=3
[pass] WDIAGS_TX                結果: Δ=18/Δ>0
RAW WDIAGS_TX                before=0x000007D7 after=0x000007E9 delta=18
[pass] WDIAGS_RX                結果: Δ=32/Δ>0
RAW WDIAGS_RX                before=0x00000D15 after=0x00000D35 delta=32
[pass] WDIAGS_RXERR             結果: Δ=0/Δ=0
RAW WDIAGS_RXERR             before=0x00000000 after=0x00000000 delta=0
Step 2 pass

## [Step 3] WR Parent / Signaling
[pass] WDIAGS_FOREIGN_META      結果: 1/1
[pass] WDIAGS_FOREIGN_META      結果: 0/0
[info] WDIAGS_FOREIGN_META      結果: detection=0 config=3/NA
[pass] parentIsWRnode           結果: 1/1
[info] parentWrModeOn           結果: 0/NA
[pass] parentCalibrated         結果: 1/1
[pass] WR_RX_SIGNAL_DEBUG       結果: LOCK count=1/LOCK 0x1001,count>0
[pass] WR_TX_SIGNAL_DEBUG       結果: SLAVE_PRESENT count=1/SLAVE_PRESENT 0x1000,count>0
[info] WDIAGS_TEMP              結果: WRS_IDLE next=WRS_IDLE POST_STEP3_TIMEOUT/NA
[pass] LOCK_ENABLE              結果: 4/> 0
[info] WR_FAILURE_DEBUG         結果: TIMEOUT last_fail_state=WRS_S_LOCK failure_count=1/NA
Step 3 pass

## [Step 4B] Slave SoftPLL Startup
[pass] LOCK_ENABLE_COUNT        結果: 4/> 0
[pass] SPLL_MODE                結果: 3 (SPLL_MODE_SLAVE)/3 SPLL_MODE_SLAVE
[pass] SPLL_SEQ_STATE           結果: 6 (SEQ_WAIT_MAIN)/active, not 0/7
[pass] SPLL_STATE_VISIT_MASK    結果: 0x00000678/> 0
[pass] SPLL_INIT_COUNT          結果: 1/> 0
[pass] RCER                     結果: 0x00000001/> 0
[pass] OCER                     結果: 0x9EFBFE01/> 0
[info] SPLL_ALIGN_STATE         結果: 0/NA
[info] SPLL_STATE_TRANSITIONS   結果: 0x00000005/NA
[info] SPLL_LAST_STATE          結果: 6 (SEQ_WAIT_MAIN)/NA
[info] OCCR                     結果: 0x010001D5/NA
[pass] DMTD_REF_ACCEPT_EVENT    結果: Δ=23147/Δ>=0
RAW DMTD_REF_ACCEPT_EVENT    before=0x0278576B after=0x0278B1D6 delta=23147
[pass] DMTD_FB_ACCEPT_EVENT     結果: Δ=23020/Δ>=0
RAW DMTD_FB_ACCEPT_EVENT     before=0x02A71CD9 after=0x02A776C5 delta=23020
[pass] DMTD_ACCEPT              結果: Δ=46167/Δ>0
[pass] SPLL_TAG_VALID_COUNT     結果: Δ=46185/Δ>0
RAW SPLL_TAG_VALID_COUNT     before=0x004AA128 after=0x004B5591 delta=46185
[pass] SPLL_TRR_WRITE_COUNT     結果: Δ=46187/Δ>0
RAW SPLL_TRR_WRITE_COUNT     before=0x004AA17E after=0x004B55E9 delta=46187
[pass] WRPC_SPLL_TRR_POP_COUNT  結果: Δ=46403/Δ>0
RAW WRPC_SPLL_TRR_POP_COUNT  before=0x004AA021 after=0x004B5564 delta=46403
[pass] WDIAGS_IRQ_COUNT         結果: Δ=44581/Δ>0
RAW WDIAGS_IRQ_COUNT         before=0x004867FE after=0x00491623 delta=44581
[pass] WDIAGS_HELPER_UPDATE_COUNT 結果: Δ=23266/Δ>0
RAW WDIAGS_HELPER_UPDATE_COUNT before=0x0021F89F after=0x00225381 delta=23266
[pass] BOOT_GENERATION          結果: Δ=0/Δ=0
RAW BOOT_GENERATION          before=0x00000001 after=0x00000001 delta=0
[pass] CPU_RESET_COUNT          結果: Δ=0/Δ=0
RAW CPU_RESET_COUNT          before=0x00000001 after=0x00000001 delta=0
[pass] WR_CORE_RESET_COUNT      結果: Δ=0/Δ=0
RAW WR_CORE_RESET_COUNT      before=0x00000001 after=0x00000001 delta=0
[pass] SI_CONFIG_DROP_COUNT     結果: Δ=0/Δ=0
RAW SI_CONFIG_DROP_COUNT     before=0x00000001 after=0x00000001 delta=0
STEP4B_ALLOWED = YES
STEP4B_RESULT = PASS
STEP4B_FIRST_INACTIVE_BOUNDARY = ACTIVE
Step 4B pass
Step 4 pass

## [Step 5] Closed-loop Lock
STEP5_LOCKDET_BEFORE: HELPER locked=1 changed=0 cnt=1000/1000 threshold=2000 ref_src=0 MAIN enabled=1 locked=0 freq=1 phase=0 freq_cnt=50/50 phase_cnt=116/1000 PSTAT_locked=0
STEP5_LOCKDET_AFTER: HELPER locked=1 changed=0 cnt=1000/1000 threshold=2000 ref_src=0 MAIN enabled=1 locked=0 freq=1 phase=0 freq_cnt=50/50 phase_cnt=100/1000 PSTAT_locked=0
[error] WDIAGS_PSTAT             結果: 0/1
STEP5_RESULT = NEVER_LOCKED
STEP5_FIRST_INACTIVE_BOUNDARY = MAIN_PHASE_LOCK
Step 5 NA (single window is not stable-lock proof)

## [Step 6] Global Time
Step 6 NA

============================================================
White Rabbit Runtime 診斷：DE5 [1-11.2]
============================================================
Step 1 PHY / Link             pass
Step 2 Endpoint / PTP         pass
Step 3 WR Handshake           pass
Step 4 Step4B Slave SoftPLL Startup pass
Step 5 Closed-loop Lock       NA
Step 6 Global Time            NA
STEP1_REGRESSION = PASS
STEP2_REGRESSION = PASS
STEP3_REGRESSION = PASS
STEP4B_ALLOWED = YES
STEP4B_RESULT = PASS
STEP4B_FIRST_INACTIVE_BOUNDARY = ACTIVE
STEP5_RESULT = NEVER_LOCKED
STEP5_FIRST_INACTIVE_BOUNDARY = MAIN_PHASE_LOCK
FAILURE_CLASSIFICATION = NO_FAILURE_EVIDENCE
============================================================

================ RAW_SNAPSHOT ================
RAW_SNAPSHOT board=DE5 [1-11.2] label=before
  status           = E41EE0C1215082CF
  cpu              = 0000007C000012A4
  marker           = 000000010000B004
  store            = 00484ED20001E718
  store_count      = 000000001899B017
  exception        = 8000000B0000128C
  clock            = 002A3528D4D92092
  boot_generation  = 00000001
  cpu_reset_count  = 00000001
  wr_core_reset_count = 00000001
  si_config_drop_count = 00000001
  pps_cr           = 01312D02
  pps_escr         = 00000200
  ep_mach          = 02000200
  ep_macl          = 22334402
  ep_dsr           = 42000000
  ptp              = 00004109
  ptp_rx           = 00000AA9
  ptp_tx           = 0000021D
  ptp_meta         = 03020409
  tx               = 000007D7
  rx               = 00000D15
  rxerr            = 00000000
  ptp_types        = 041F101F
  foreign_meta     = 03000001
  filter_meta      = 00000000
  parse_meta       = 050110EC
  wr_rx_signal     = 10010001
  wr_tx_signal     = 10000001
  wr_failure       = 02020001
  wr_state         = A000035C
  wr_reject        = 00000000
  pstat            = 00000001
  sstat            = 00000001
  sec_h            = 00000000
  sec_l            = 00000238
  ns               = 2F084390
  lock_enable      = 00000004
  lock_result      = 00000001
  lock_polls       = 00005AFE
  lock_unlocked    = 00005AFE
  lock_calibration_fail = 00000000
  spll_state       = 00030006
  spll_ocer        = 3885A401
  spll_rcer        = 00000001
  spll_occr        = C6000191
  spll_trr_csr     = 000A962E
  spll_dac_hpll    = 0B4C5DBB
  spll_dac_main    = 00000013
  spll_helper_state = 03E80001
  spll_helper_limits = 03E807D0
  spll_main_state  = 07403205
  spll_main_limits = 00320032
  spll_main_phase_limits = 03E804B0
  spll_state_visit_mask = 00000678
  spll_state_transitions = 00000005
  spll_last_state  = 00000006
  spll_init_count  = 00000001
  dmtd_ref         = 0278576B
  dmtd_fb          = 02A71CD9
  dmtd_ref_high_qual_abort = 013F1E2E
  dmtd_fb_high_qual_abort = 001E04BA
  tag_valid        = 004AA128
  trr_write        = 004AA17E
  irq              = 004867FE
  helper_update    = 0021F89F
  spll_helper_error = 0000009B
  spll_helper_output = 0000F1C8
  eic_isr          = FFFF0000
  current_tics     = 000A0327
RAW_SNAPSHOT board=DE5 [1-11.2] label=after
  status           = B31E05E131BC82CF
  cpu              = 0000007C000096D8
  marker           = 000000010000B004
  store            = 0048FB020001E718
  store_count      = 0000000018E39D5D
  exception        = 8000000B000012A0
  clock            = 00292846C74413AF
  boot_generation  = 00000001
  cpu_reset_count  = 00000001
  wr_core_reset_count = 00000001
  si_config_drop_count = 00000001
  pps_cr           = 01312D02
  pps_escr         = 00000200
  ep_mach          = 02000200
  ep_macl          = 22334402
  ep_dsr           = 42000000
  ptp              = 00004109
  ptp_rx           = 00000AC3
  ptp_tx           = 00000220
  ptp_meta         = 03020409
  tx               = 000007E9
  rx               = 00000D35
  rxerr            = 00000000
  ptp_types        = 04251325
  foreign_meta     = 03000001
  filter_meta      = 00000000
  parse_meta       = 05011302
  wr_rx_signal     = 10010001
  wr_tx_signal     = 10000001
  wr_failure       = 02020001
  wr_state         = A000035C
  wr_reject        = 00000000
  pstat            = 00000001
  sstat            = 00000001
  sec_h            = 00000000
  sec_l            = 0000023E
  ns               = 34FEB198
  lock_enable      = 00000004
  lock_result      = 00000001
  lock_polls       = 00005AFE
  lock_unlocked    = 00005AFE
  lock_calibration_fail = 00000000
  spll_state       = 00030006
  spll_ocer        = 9EFBFE01
  spll_rcer        = 00000001
  spll_occr        = 010001D5
  spll_trr_csr     = 000A4C7E
  spll_dac_hpll    = 38C0C1B6
  spll_dac_main    = 00000013
  spll_helper_state = 03E80001
  spll_helper_limits = 03E807D0
  spll_main_state  = 06403205
  spll_main_limits = 00320032
  spll_main_phase_limits = 03E804B0
  spll_state_visit_mask = 00000678
  spll_state_transitions = 00000005
  spll_last_state  = 00000006
  spll_init_count  = 00000001
  dmtd_ref         = 0278B1D6
  dmtd_fb          = 02A776C5
  dmtd_ref_high_qual_abort = 0140675A
  dmtd_fb_high_qual_abort = 001E4CF3
  tag_valid        = 004B5591
  trr_write        = 004B55E9
  irq              = 00491623
  helper_update    = 00225381
  spll_helper_error = 00000165
  spll_helper_output = 0000F2CF
  eic_isr          = FFFF0000
  current_tics     = 000A1AFC

============================================================
JTAG/WB transport health summary
============================================================
WB_TRANSPORT_PROTOCOL = PRELOAD_THEN_TOGGLE_COMMIT
WB_REQUEST_COUNT = 352
PRELOAD_COUNT = 352
COMMIT_COUNT = 352
WB_PROBE_READ_COUNT = 1760
PRELOAD_UNEXPECTED_TRIGGER_COUNT = 0
PROBE_3WAY_MATCH_COUNT = 352
STABLE_RESPONSE_WRONG_COUNT = 0
ADDRESS_CROSS_CONTAMINATION_COUNT = 0
TIMEOUT_COUNT = 0
INVALID_COUNT = 0
STALE_A5A5_COUNT = 0
UNSTABLE_TRANSACTION_COUNT = 0
DMTD_REF_DECREASE_COUNT = 0
DMTD_FB_DECREASE_COUNT = 0
PRELOAD_PROTOCOL_RUNTIME_REVALIDATION = PASS
JTAG_WB_DIAGNOSTIC_PATH = TRUSTED
============================================================

============================================================
STEP4A_RESULT = PASS
STEP4B_ALLOWED = YES
STEP4B_RESULT = PASS
STEP4B_FIRST_INACTIVE_BOUNDARY = ACTIVE
STEP5_RESULT = NOT_APPLICABLE_MASTER
STEP5_FIRST_INACTIVE_BOUNDARY = SLAVE_ONLY
STEP5_RESULT = NEVER_LOCKED
STEP5_FIRST_INACTIVE_BOUNDARY = MAIN_PHASE_LOCK
============================================================
Info (23030): Evaluation of Tcl script /tmp/wr-step5-mainpolarity/scripts/jtag/read_wb_runtime.tcl was successful
Info: Quartus Prime SignalTap II was successful. 0 errors, 0 warnings
    Info: Peak virtual memory: 776 megabytes
    Info: Processing ended: Wed Sep  9 17:10:23 2026
    Info: Elapsed time: 00:00:15
    Info: Total CPU time (on all processors): 00:00:00
