Info: *******************************************************************
Info: Running Quartus Prime SignalTap II
    Info: Version 17.0.0 Build 595 04/25/2017 SJ Standard Edition
    Info: Copyright (C) 2017  Intel Corporation. All rights reserved.
    Info: Your use of Intel Corporation's design tools, logic functions 
    Info: and other software and tools, and its AMPP partner logic 
    Info: functions, and any output files from any of the foregoing 
    Info: (including device programming or simulation files), and any 
    Info: associated documentation or information are expressly subject 
    Info: to the terms and conditions of the Intel Program License 
    Info: Subscription Agreement, the Intel Quartus Prime License Agreement,
    Info: the Intel MegaCore Function License Agreement, or other 
    Info: applicable license agreement, including, without limitation, 
    Info: that your use is for the sole purpose of programming logic 
    Info: devices manufactured by Intel and sold by Intel or its 
    Info: authorized distributors.  Please refer to the applicable 
    Info: agreement for further details.
    Info: Processing started: Wed Sep 16 20:46:10 2026
Info: Command: quartus_stp -t scripts/jtag/read_step5_main_frequency_prelock_observability.tcl 100 1000  20000 30000 f4l
Info: Quartus(args): 100 1000 {} 20000 30000 f4l
STEP5_F4L_CONFIG experiment=EXP-S5-F4L-MAIN-PHASE-DRIFT-INTEGRATOR-BALANCE-20260916 run_role=f4l samples_max=100 smoke_duration_ms=10000 target_duration_ms=20000 hard_duration_ms=30000 cadence_hint_ms=1000 main_f4l_window=0x00100B58..0x00100BDC main_f4l_magic=0x46344C31 main_f4l_version=1 main_f4l_frame_words=34 main_f4l_page_count=3 producer_source=MAIN_MPLL_UPDATE_DAC0 page0=SUMMARY_PAGE0 page1=INTEGRATOR_PAGE1 page2=HISTOGRAM_PAGE2 publication_coherence=TRANSPORT_EPOCH_BEFORE_EQUALS_AFTER_EVEN source_coherence=SOURCE_EPOCH_EVEN_AND_FRAME_STABLE helper_core=F4G_COMPACT_SOURCE_CONTRACT helper_position_probes=42,43,44,49 l2_probes=52..61 phy_status_source=JTAG_PROBE0 phy_status_instance=0 phy_status_width_bits=64 phy_required_mask=000000CF main_f4l_background_cadence_ms=2000 read_only_observer=1 one_reader=1 reader_processes=1 no_control_write=1 no_helper_pi_snapshot=1 no_debug_fifo_drain=1 no_shared_control_struct_extension=1 no_rtl_or_sdb_change=1 control_parameters_unchanged=1 step5_complete=NO merge_approved=NO
STEP5_F4G_HELPER_ATTEMPT board=DE5 [1-11.2] cycle=1 retry_n=1 host_start_ms=1789562771699 host_end_ms=1789562771754 duration_ms=55 RAW_EPOCH_BEFORE=00243A18 RAW_HELPER_ERROR=0000005F RAW_UPDATE_COUNT=00121D0C RAW_HELPER_OUTPUT=0000FB76 RAW_EPOCH_AFTER=00243D12 EPOCH_BEFORE=2374168 EPOCH_AFTER=2374930 HELPER_ERROR=95 UPDATE_COUNT=1187084 HELPER_OUTPUT=64374 TRANSPORT_ERROR=0 PARSE_ERROR=0 ODD_OR_SENTINEL=0 EPOCH_CHANGED=1 RANGE_MISMATCH=0 ACCEPTED=0 OWNER_UNVERIFIED=1 DYNAMIC_OWNER=NOT_AVAILABLE reason=EPOCH_CHANGED
STEP5_F4G_HELPER_ATTEMPT board=DE5 [1-11.2] cycle=1 retry_n=2 host_start_ms=1789562771755 host_end_ms=1789562771810 duration_ms=55 RAW_EPOCH_BEFORE=00243D12 RAW_HELPER_ERROR=000000C3 RAW_UPDATE_COUNT=00121E89 RAW_HELPER_OUTPUT=0000FB23 RAW_EPOCH_AFTER=00243D12 EPOCH_BEFORE=2374930 EPOCH_AFTER=2374930 HELPER_ERROR=195 UPDATE_COUNT=1187465 HELPER_OUTPUT=64291 TRANSPORT_ERROR=0 PARSE_ERROR=0 ODD_OR_SENTINEL=0 EPOCH_CHANGED=0 RANGE_MISMATCH=0 ACCEPTED=1 OWNER_UNVERIFIED=1 DYNAMIC_OWNER=NOT_AVAILABLE reason=NONE
STEP5_F4G_HELPER_STATE board=DE5 [1-11.2] cycle=1 host_start_ms=1789562771810 host_end_ms=1789562771832 duration_ms=22 HELPER_STATE_VALID=1 HELPER_STATE_RAW=03E80001 HELPER_LIMITS_RAW=03E807D0 HELPER_LOCKED=1 HELPER_LOCK_COUNT=1000 HELPER_THRESHOLD=2000 HELPER_LOCK_SAMPLES=1000
STEP5_F4G_HELPER_POSITION board=DE5 [1-11.2] cycle=1 host_start_ms=1789562771832 host_end_ms=1789562771849 duration_ms=17 POSITION_VALID=1 ACCOUNTING_BEFORE_RAW=C3A70D3CC3A77872 ACCOUNTING_AFTER_RAW=C3A70D3CC3A77872 POSITION_RAW=3A433E2FFB05FB26 BOOTSTRAP_RAW=000000030D3C0000 ACTUATOR_RAW=00000D3C00000D3C POSITION_EPOCH=50087 HELPER_TARGET_CODE=64294 HELPER_APPLIED_CODE=64261 HELPER_RESIDUAL_PRESENT=1 HELPER_FINC=15919 HELPER_FDEC=14915 HELPER_NORMAL_REQUEST=30835 HELPER_NORMAL_COMPLETED=30834 DCO_STEP=50087 HELPER_BOOTSTRAP_COMPLETED=3388 HELPER_BOOTSTRAP_DONE=1 HELPER_FORCED_FINC=3388 HELPER_FORCED_FDEC=0 TRACKER_RAW=78727873FB05FB24
STEP5_F4L_MAIN_DIAG board=DE5 [1-11.2] cycle=1 host_start_ms=1789562771850 host_end_ms=1789562772242 elapsed_ms=0 READ_DURATION_MS=392 MAIN_F4L_VALID=1 TRANSPORT_COHERENT=1 PUBLICATION_EPOCH_RAW_BEFORE=0x0000034C PUBLICATION_EPOCH_RAW_AFTER=0x0000034C PUBLICATION_EPOCH=844 PAGE=1 PAGE_NAME=INTEGRATOR SOURCE_EPOCH=2312788 UPDATE_ID=1156392 INIT_GENERATION=1 PRODUCER_IDENTITY=65536 SOURCE_IDS=256 BRANCH_ID=2 FLAGS=423 BRANCH_ERROR=7728 FREQ_ERROR=36 PI_X=7728 PI_OUTPUT=10902 PI_CLAMP_CODE=0 PHASE_SHIFT_CURRENT=0 TOTAL_UPDATES=1156392 FREQUENCY_UPDATES=66560 PHASE_UPDATES=1089832 SCHEMA_MAGIC_EXPECTED=46344C31 SCHEMA_VERSION_EXPECTED=1 FRAME_WORDS=34 SOURCE_FRAME_EPOCH_RAW=00234A54 STATE_UPDATE=1 TRANSPORT_FAILURE=0 ATTEMPTS=1 F4L_W00_RAW=0000034C F4L_W01_RAW=46344C31 F4L_W02_RAW=00000101 F4L_W03_RAW=00234A54 F4L_W04_RAW=0011A528 F4L_W05_RAW=00000001 F4L_W06_RAW=00010000 F4L_W07_RAW=0001A702 F4L_W08_RAW=00001E30 F4L_W09_RAW=00000024 F4L_W10_RAW=00001E30 F4L_W11_RAW=00002A96 F4L_W12_RAW=00000000 F4L_W13_RAW=0011A528 F4L_W14_RAW=00010400 F4L_W15_RAW=0010A128 F4L_W16_RAW=00000100 F4L_W17_RAW=F8583B24 F4L_W18_RAW=FFFFFFFF F4L_W19_RAW=022DC8F7 F4L_W20_RAW=00000000 F4L_W21_RAW=F83C1DA4 F4L_W22_RAW=FFFFFFFF F4L_W23_RAW=022DC8F7 F4L_W24_RAW=00000000 F4L_W25_RAW=00010400 F4L_W26_RAW=0010A128 F4L_W27_RAW=00000001 F4L_W28_RAW=00000001 F4L_W29_RAW=00000001 F4L_W30_RAW=FA85E5EB F4L_W31_RAW=FFFFFFFF F4L_W32_RAW=FA86041B F4L_W33_RAW=FFFFFFFF
STEP5_F4G_L2_WORD board=DE5 [1-11.2] cycle=1 probe=52 name=STATUS host_start_ms=1789562772243 host_end_ms=1789562772243 duration_ms=0 RAW=DD92BD01399A000D VALID=1 WIDTH_BITS=32 PACKING=MAIN_LOW32_HELPER_HIGH32 MULTI_PROBE_ATOMICITY=NOT_AVAILABLE
STEP5_F4G_L2_WORD board=DE5 [1-11.2] cycle=1 probe=53 name=PENDING host_start_ms=1789562772243 host_end_ms=1789562772243 duration_ms=0 RAW=00000D3C00038FD5 VALID=1 WIDTH_BITS=32 PACKING=MAIN_LOW32_HELPER_HIGH32 MULTI_PROBE_ATOMICITY=NOT_AVAILABLE
STEP5_F4G_SERVICE_DEMAND board=DE5 [1-11.2] cycle=1 STATUS_HOST_START_MS=1789562772243 STATUS_HOST_END_MS=1789562772243 STATUS_RAW=DD92BD01399A000D STATUS_VALID=1 PENDING_HOST_START_MS=1789562772243 PENDING_HOST_END_MS=1789562772243 PENDING_RAW=00000D3C00038FD5 PENDING_VALID=1 MAIN_PENDING=1 HELPER_PENDING=0 TX_ACTIVE=1 OWNER_MAIN=1 ACK=0 TIMEOUT=0 DCO_ERROR=0 REASON=0 RT_STATE=2 STATUS_TIME=3717381377 MAIN_PENDING_COUNT=233429 HELPER_PENDING_COUNT=3388 ADMISSION_ELIGIBLE=UNKNOWN DEMAND_RESIDUAL_PRESENT=UNKNOWN
STEP5_F4L_WR_CORE role=SLAVE board=DE5 [1-11.2] cycle=1 host_start_ms=1789562772245 host_end_ms=1789562772333 duration_ms=88 WR_CORE_VALID=1 DIRECT_VALID=1 TRANSPORT_FAILURE=0 ROLE_IDENTITY_VALID=1 STATUS_RAW=00000001 STATUS_VALID=1 WDIAGS_CTRL_RAW=00000001 WDIAGS_CTRL_VALID=1 WDIAGS_CTRL_DATA_VALID=1 WDIAGS_CTRL_DATA_SNAPSHOT=0 WDIAGS_CTRL_ADDR=0x00100A04 SSTAT_RAW=D9021007 PTP_META_RAW=03020409 WR_FAILURE_RAW=02028A01 WR_STATE_RAW=A000035C PSTAT_RAW=00000001 LOCK_RESULT_RAW=D9020601 SPLL_STATE_RAW=00030006 ENTRY_PROBE_RAW=000000010001A79C RESET_PROBE_RAW=00010100010101FF RESET_PROBE_SOURCE=JTAG_PROBE26_27 SI_CONFIG_DONE=1 WR_READY=1 CORE_TM_LINK_UP=1 CORE_LINK_OK=1 WR_RX_READY=1 WR_TX_READY=1 CPU_RESET_N=1 PHY_STATUS_PROBE0_RAW=7B10B2E130BC82CF PHY_STATUS_VALID=1 PHY_STATUS_SOURCE=JTAG_PROBE0 PHY_STATUS_SOURCE_ID=WR_SYNC_SLAVE PHY_STATUS_INSTANCE=0 PHY_STATUS_WIDTH_BITS=64 PHY_GATE_REQUIRED_MASK=000000CF PHY_GATE_FAILURE_BITS=NONE PHY_RX_LOCKED_TO_DATA=1 PHY_RX_LOCKED_TO_REF=0 WR_CORE_DATA_VALID=1 PHY_LINK_USABLE=1 PTP_STATE=9 PD_STATE=4 EXT_STATE=2 WRC_MODE=3 CURRENT_WR_STATE=0 WR_NEXT_STATE=0 PSTAT_ADDR=0x00100A0C PSTAT_LINK=1 PSTAT_LOCKED=0 SPLL_DELOCK_COUNT=0 BOOT_GENERATION=1 CPU_RESET_COUNT=1 WR_CORE_RESET_COUNT=0 SI_CONFIG_DROP_COUNT=0 RESET_FIELDS_VALID=1 RESET_CHANGED=0 TERMINAL=1 TERMINAL_STREAK=1 WR_FAILURE_REASON=3 WR_DISABLE_VALID=1 STOP_REASON=NONE
STEP5_F4G_L2_WORD board=DE5 [1-11.2] cycle=1 probe=54 name=START host_start_ms=1789562772334 host_end_ms=1789562772334 duration_ms=0 RAW=000085E600033F4B VALID=1 WIDTH_BITS=32 PACKING=MAIN_LOW32_HELPER_HIGH32 MULTI_PROBE_ATOMICITY=NOT_AVAILABLE
STEP5_F4G_SERVICE_COUNTER board=DE5 [1-11.2] cycle=1 probe=54 COUNTER_GROUP=START host_start_ms=1789562772334 host_end_ms=1789562772334 RAW_PACKED=000085E600033F4B MAIN_RAW=00033F4B HELPER_RAW=000085E6 MAIN_VALUE=212811 HELPER_VALUE=34278 VALID=1 COUNTER_WIDTH_BITS=32 SOURCE_SEMANTICS=VERIFIED READ_ATOMICITY=WORD_ONLY DELTA_POLICY=SAME_FIELD_TRUSTED_READS_ONLY
STEP5_F4G_L2_WORD board=DE5 [1-11.2] cycle=1 probe=55 name=COMPLETED host_start_ms=1789562772334 host_end_ms=1789562772334 duration_ms=0 RAW=000085E600033F4A VALID=1 WIDTH_BITS=32 PACKING=MAIN_LOW32_HELPER_HIGH32 MULTI_PROBE_ATOMICITY=NOT_AVAILABLE
STEP5_F4G_SERVICE_COUNTER board=DE5 [1-11.2] cycle=1 probe=55 COUNTER_GROUP=COMPLETED host_start_ms=1789562772334 host_end_ms=1789562772334 RAW_PACKED=000085E600033F4A MAIN_RAW=00033F4A HELPER_RAW=000085E6 MAIN_VALUE=212810 HELPER_VALUE=34278 VALID=1 COUNTER_WIDTH_BITS=32 SOURCE_SEMANTICS=VERIFIED READ_ATOMICITY=WORD_ONLY DELTA_POLICY=SAME_FIELD_TRUSTED_READS_ONLY
STEP5_F4G_L2_WORD board=DE5 [1-11.2] cycle=1 probe=56 name=FAILED host_start_ms=1789562772334 host_end_ms=1789562772335 duration_ms=1 RAW=0000000000000000 VALID=1 WIDTH_BITS=32 PACKING=MAIN_LOW32_HELPER_HIGH32 MULTI_PROBE_ATOMICITY=NOT_AVAILABLE
STEP5_F4G_SERVICE_COUNTER board=DE5 [1-11.2] cycle=1 probe=56 COUNTER_GROUP=FAILED host_start_ms=1789562772334 host_end_ms=1789562772335 RAW_PACKED=0000000000000000 MAIN_RAW=00000000 HELPER_RAW=00000000 MAIN_VALUE=0 HELPER_VALUE=0 VALID=1 COUNTER_WIDTH_BITS=32 SOURCE_SEMANTICS=VERIFIED READ_ATOMICITY=WORD_ONLY DELTA_POLICY=SAME_FIELD_TRUSTED_READS_ONLY
STEP5_F4G_L2_WORD board=DE5 [1-11.2] cycle=1 probe=57 name=MAX_WAIT host_start_ms=1789562772335 host_end_ms=1789562772335 duration_ms=0 RAW=FFFCDC0000102108 VALID=1 WIDTH_BITS=32 PACKING=MAIN_LOW32_HELPER_HIGH32 MULTI_PROBE_ATOMICITY=NOT_AVAILABLE
STEP5_F4G_L2_WORD board=DE5 [1-11.2] cycle=1 probe=58 name=CURRENT_WAIT host_start_ms=1789562772335 host_end_ms=1789562772335 duration_ms=0 RAW=0000000000002CE7 VALID=1 WIDTH_BITS=32 PACKING=MAIN_LOW32_HELPER_HIGH32 MULTI_PROBE_ATOMICITY=NOT_AVAILABLE
STEP5_F4G_L2_WORD board=DE5 [1-11.2] cycle=1 probe=59 name=LATENCY host_start_ms=1789562772335 host_end_ms=1789562772335 duration_ms=0 RAW=0000F0010000F001 VALID=1 WIDTH_BITS=32 PACKING=MAIN_LOW32_HELPER_HIGH32 MULTI_PROBE_ATOMICITY=NOT_AVAILABLE
STEP5_F4G_L2_WORD board=DE5 [1-11.2] cycle=1 probe=60 name=FAILURE host_start_ms=1789562772335 host_end_ms=1789562772336 duration_ms=1 RAW=0000000000000000 VALID=1 WIDTH_BITS=32 PACKING=MAIN_LOW32_HELPER_HIGH32 MULTI_PROBE_ATOMICITY=NOT_AVAILABLE
STEP5_F4G_L2_WORD board=DE5 [1-11.2] cycle=1 probe=61 name=FIRST_LOSS host_start_ms=1789562772336 host_end_ms=1789562772336 duration_ms=0 RAW=0F14C80200000000 VALID=1 WIDTH_BITS=32 PACKING=MAIN_LOW32_HELPER_HIGH32 MULTI_PROBE_ATOMICITY=NOT_AVAILABLE
STEP5_F4L_CYCLE role=SLAVE board=DE5 [1-11.2] cycle=1 host_start_ms=1789562771569 host_end_ms=1789562772336 elapsed_ms=768 context_duration_ms=767 HELPER_ATTEMPTS=2 HELPER_CORE_VALID=1 HELPER_UPDATE_COUNT=1187465 HELPER_STATE_VALID=1 HELPER_LOCKED=1 HELPER_LOCK_COUNT=1000 POSITION_VALID=1 HELPER_RESIDUAL_PRESENT=1 HELPER_TARGET_CODE=64294 HELPER_APPLIED_CODE=64261 HELPER_NORMAL_REQUEST=30835 HELPER_NORMAL_COMPLETED=30834 HELPER_BOOTSTRAP_DONE=1 MAIN_F4L_VALID=1 MAIN_F4L_PAGE=1 MAIN_F4L_SOURCE_EPOCH=2312788 MAIN_F4L_UPDATE_ID=1156392 WR_CORE_VALID=1 PHY_LINK_USABLE=1 PSTAT_LOCKED=0 TERMINAL=1 SERVICE_READ=1 STOP_REASON=WR_SESSION_ENDED
STEP5_F4L_ROLE_SUMMARY role=MASTER board=DE5 [1-11.1] diag_valid=0 diag_unique=0 diag_duplicates=0 page0=0 page1=0 page2=0 stop_reason=WR_SESSION_ENDED run_end_reason=STOP_WR_SESSION_ENDED
STEP5_F4L_ROLE_SUMMARY role=SLAVE board=DE5 [1-11.2] diag_valid=1 diag_unique=1 diag_duplicates=0 page0=0 page1=1 page2=0 stop_reason=WR_SESSION_ENDED run_end_reason=STOP_WR_SESSION_ENDED
STEP5_F4L_DONE session_elapsed_ms=769 target_duration_ms=20000 hard_duration_ms=30000 slave_cycles=1 master_samples=0 smoke_ok=0 diag_valid=1 diag_unique=1 page0=0 page1=1 page2=0 run_end_reason=STOP_WR_SESSION_ENDED stop_reason=WR_SESSION_ENDED single_reader=PASS diagnostic_complete=PENDING_OFFLINE_ANALYSIS step5_complete=NO step5_pass=NO merge_approved=NO
