Info: *******************************************************************
Info: Running Quartus Prime Signal Tap
    Info: Version 21.3.0 Build 170 09/23/2021 SC Pro Edition
    Info: Copyright (C) 2021  Intel Corporation. All rights reserved.
    Info: Your use of Intel Corporation's design tools, logic functions 
    Info: and other software and tools, and any partner logic 
    Info: functions, and any output files from any of the foregoing 
    Info: (including device programming or simulation files), and any 
    Info: associated documentation or information are expressly subject 
    Info: to the terms and conditions of the Intel Program License 
    Info: Subscription Agreement, the Intel Quartus Prime License Agreement,
    Info: the Intel FPGA IP License Agreement, or other applicable license
    Info: agreement, including, without limitation, that your use is for
    Info: the sole purpose of programming logic devices manufactured by
    Info: Intel and sold by Intel or its authorized distributors.  Please
    Info: refer to the applicable agreement for further details, at
    Info: https://fpgasoftware.intel.com/eula.
    Info: Processing started: Tue Sep  8 21:45:25 2026
    Info: System process ID: 82864
Info: Command: quartus_stp -t /home/b10504072/04_WR/artifacts/EXP-WRPC-STEP5-COARSE-TO-FINE-TRACKER-FDEC5632-20260908/source/scripts/jtag/read_wb_runtime.tcl --raw
Info: Quartus(args): --raw
RAW mailbox completion toggle wb_sync_toggle=0

============================================================
White Rabbit Runtime 診斷：DE5 [1-11.1]
============================================================

## [Step 1] PHY / 光纖 Link
[pass] si_config_done           結果: 1/1
[pass] wr_ready                 結果: 1/1
[pass] core_tm_link_up          結果: 1/1
[pass] core_link_ok             結果: 1/1
[pass] wr_rx_ready              結果: 1/1
[pass] wr_tx_ready              結果: 1/1
[pass] core_phy_rst             結果: 0/0
[pass] si_id_error              結果: 0/0
[pass] wr_rx_enc_err            結果: 0/0
[pass] wr_tx_enc_err            結果: 0/0
[pass] CPU_RESET_n              結果: 1/1
[pass] wr_rx_locked_to_data     結果: 1/1
[info] wr_rx_locked_to_ref      結果: 1/NA
[info] MOD_PRS_n                結果: 0/NA
[info] INTERRUPT_n              結果: 1/NA
Step 1 pass

## [Step 2] Endpoint / MiniNIC / PTP
[pass] EP_MAC_H/EP_MAC_L        結果: 02:00:22:33:44:01/02:00:22:33:44:01
[pass] WDIAGS_MODE              結果: 2 MASTER/2 MASTER
[pass] WDIAGS_PTP               結果: 6 MASTER (raw=01014106)/6 MASTER
[pass] WDIAGS_PTP_RX            結果: Δ=10/Δ>0
RAW WDIAGS_PTP_RX            before=0x00000109 after=0x00000113 delta=10
[pass] WDIAGS_PTP_TX            結果: Δ=29/Δ>0
RAW WDIAGS_PTP_TX            before=0x0000025C after=0x00000279 delta=29
[pass] WDIAGS_TX                結果: Δ=36/Δ>0
RAW WDIAGS_TX                before=0x0000030A after=0x0000032E delta=36
[pass] WDIAGS_RX                結果: Δ=17/Δ>0
RAW WDIAGS_RX                before=0x00000197 after=0x000001A8 delta=17
[pass] WDIAGS_RXERR             結果: Δ=0/Δ=0
RAW WDIAGS_RXERR             before=0x00000000 after=0x00000000 delta=0
Step 2 pass

## [Step 3] WR Parent / Signaling
Step 3 NA

## [Step 4A] Master SoftPLL Event Chain
[pass] DMTD_REF_ACCEPT_EVENT    結果: Δ=24505/Δ>=0
RAW DMTD_REF_ACCEPT_EVENT    before=0x007DA465 after=0x007E041E delta=24505
[pass] DMTD_FB_ACCEPT_EVENT     結果: Δ=25090/Δ>=0
RAW DMTD_FB_ACCEPT_EVENT     before=0x0049C973 after=0x004A2B75 delta=25090
[pass] DMTD_ACCEPT              結果: Δ=49595/Δ>0
[pass] SPLL_TAG_VALID_COUNT     結果: Δ=25092/Δ>0
RAW SPLL_TAG_VALID_COUNT     before=0x000A673E after=0x000AC942 delta=25092
[pass] SPLL_TRR_WRITE_COUNT     結果: Δ=25092/Δ>0
RAW SPLL_TRR_WRITE_COUNT     before=0x000A676E after=0x000AC972 delta=25092
[pass] WRPC_SPLL_TRR_POP_COUNT  結果: Δ=25178/Δ>0
RAW WRPC_SPLL_TRR_POP_COUNT  before=0x000A66AB after=0x000AC905 delta=25178
[pass] WDIAGS_IRQ_COUNT         結果: Δ=25178/Δ>0
RAW WDIAGS_IRQ_COUNT         before=0x000A66AB after=0x000AC905 delta=25178
[pass] WDIAGS_HELPER_UPDATE_COUNT 結果: Δ=25178/Δ>0
RAW WDIAGS_HELPER_UPDATE_COUNT before=0x000A66AB after=0x000AC905 delta=25178
[pass] BOOT_GENERATION          結果: Δ=0/Δ=0
RAW BOOT_GENERATION          before=0x00000001 after=0x00000001 delta=0
[pass] CPU_RESET_COUNT          結果: Δ=0/Δ=0
RAW CPU_RESET_COUNT          before=0x00000001 after=0x00000001 delta=0
[pass] WR_CORE_RESET_COUNT      結果: Δ=0/Δ=0
RAW WR_CORE_RESET_COUNT      before=0x00000001 after=0x00000001 delta=0
[pass] SI_CONFIG_DROP_COUNT     結果: Δ=0/Δ=0
RAW SI_CONFIG_DROP_COUNT     before=0x00000001 after=0x00000001 delta=0
STEP4A_MASTER_EVENT_CHAIN = PASS
Step 4 pass

## [Step 5] Closed-loop Lock
STEP5_RESULT = NOT_APPLICABLE_MASTER
STEP5_FIRST_INACTIVE_BOUNDARY = SLAVE_ONLY
Step 5 NA (Step5 closed-loop gate is for Slave)

## [Step 6] Global Time
Step 6 NA

============================================================
White Rabbit Runtime 診斷：DE5 [1-11.1]
============================================================
Step 1 PHY / Link             pass
Step 2 Endpoint / PTP         pass
Step 3 WR Handshake           NA
Step 4 Step4A Master Event Chain pass
Step 5 Closed-loop Lock       NA
Step 6 Global Time            NA
STEP1_REGRESSION = PASS
STEP2_REGRESSION = PASS
STEP3_REGRESSION = PASS
STEP4A_RESULT = PASS
STEP5_RESULT = NOT_APPLICABLE_MASTER
STEP5_FIRST_INACTIVE_BOUNDARY = SLAVE_ONLY
FAILURE_CLASSIFICATION = NO_FAILURE_EVIDENCE
============================================================

================ RAW_SNAPSHOT ================
RAW_SNAPSHOT board=DE5 [1-11.1] label=before
  status           = E110D6C137B082FF
  cpu              = 0000007C000011B0
  marker           = 000000010000B004
  store            = 000A57DD0001E298
  store_count      = 0000000004415D10
  exception        = 8000000B000011B0
  clock            = 002E3F01EBF900D2
  boot_generation  = 00000001
  cpu_reset_count  = 00000001
  wr_core_reset_count = 00000001
  si_config_drop_count = 00000001
  pps_cr           = 01312D06
  pps_escr         = 0000000C
  ep_mach          = 02000200
  ep_macl          = 22334401
  ep_dsr           = 42000000
  ptp              = 01014106
  ptp_rx           = 00000109
  ptp_tx           = 0000025C
  ptp_meta         = 02020406
  tx               = 0000030A
  rx               = 00000197
  rxerr            = 00000000
  ptp_types        = 01010101
  foreign_meta     = 0000FF00
  filter_meta      = 00000000
  parse_meta       = 000101C7
  wr_rx_signal     = 10000001
  wr_tx_signal     = 10010004
  wr_failure       = 01030001
  wr_state         = A0000064
  wr_reject        = 00000000
  pstat            = 00000001
  sstat            = 00000000
  sec_h            = 00000000
  sec_l            = 000000A4
  ns               = 2BD54E50
  lock_enable      = 00000000
  lock_result      = 00000000
  lock_polls       = 00000000
  lock_unlocked    = 00000000
  lock_calibration_fail = 00000000
  spll_state       = 00020004
  spll_ocer        = 2B3D6001
  spll_rcer        = 00000000
  spll_occr        = A3000178
  spll_trr_csr     = 000A60D6
  spll_dac_hpll    = CE9B4C33
  spll_dac_main    = 00000004
  spll_helper_state = 00000100
  spll_helper_limits = 271000C8
  spll_main_state  = 00000000
  spll_main_limits = 00320032
  spll_main_phase_limits = 03E804B0
  spll_state_visit_mask = 00000618
  spll_state_transitions = 00000003
  spll_last_state  = 00000004
  spll_init_count  = 00000001
  dmtd_ref         = 007DA465
  dmtd_fb          = 0049C973
  dmtd_ref_high_qual_abort = 003DBB9D
  dmtd_fb_high_qual_abort = 00073498
  tag_valid        = 000A673E
  trr_write        = 000A676E
  irq              = 000A66AB
  helper_update    = 000A66AB
  spll_helper_error = FFFDB610
  spll_helper_output = 0000FFFB
  eic_isr          = FFFF0000
  current_tics     = 00028AA1
RAW_SNAPSHOT board=DE5 [1-11.1] label=after
  status           = 61102CE337B082FF
  cpu              = 0000007C000011AC
  marker           = 000000010000B004
  store            = 000AB9C00001E298
  store_count      = 00000000046ADBA3
  exception        = 8000000B000011A8
  clock            = 002A7E962ACF406C
  boot_generation  = 00000001
  cpu_reset_count  = 00000001
  wr_core_reset_count = 00000001
  si_config_drop_count = 00000001
  pps_cr           = 01312D06
  pps_escr         = 0000000C
  ep_mach          = 02000200
  ep_macl          = 22334401
  ep_dsr           = 42000000
  ptp              = 01014106
  ptp_rx           = 00000113
  ptp_tx           = 00000279
  ptp_meta         = 02020406
  tx               = 0000032E
  rx               = 000001A8
  rxerr            = 00000000
  ptp_types        = 01010101
  foreign_meta     = 0000FF00
  filter_meta      = 00000000
  parse_meta       = 000101DD
  wr_rx_signal     = 10000001
  wr_tx_signal     = 10010004
  wr_failure       = 01030001
  wr_state         = A0000064
  wr_reject        = 00000000
  pstat            = 00000001
  sstat            = 00000000
  sec_h            = 00000000
  sec_l            = 000000AA
  ns               = 31C446B8
  lock_enable      = 00000000
  lock_result      = 00000000
  lock_polls       = 00000000
  lock_unlocked    = 00000000
  lock_calibration_fail = 00000000
  spll_state       = 00020004
  spll_ocer        = 6DCCC001
  spll_rcer        = 00000000
  spll_occr        = 97000191
  spll_trr_csr     = 000AC42A
  spll_dac_hpll    = FC0E1668
  spll_dac_main    = 00000004
  spll_helper_state = 00000100
  spll_helper_limits = 271000C8
  spll_main_state  = 00000000
  spll_main_limits = 00320032
  spll_main_phase_limits = 03E804B0
  spll_state_visit_mask = 00000618
  spll_state_transitions = 00000003
  spll_last_state  = 00000004
  spll_init_count  = 00000001
  dmtd_ref         = 007E041E
  dmtd_fb          = 004A2B75
  dmtd_ref_high_qual_abort = 003F7909
  dmtd_fb_high_qual_abort = 00077885
  tag_valid        = 000AC942
  trr_write        = 000AC972
  irq              = 000AC905
  helper_update    = 000AC905
  spll_helper_error = FFFDB610
  spll_helper_output = 0000FFFB
  eic_isr          = FFFF0000
  current_tics     = 0002A277
RAW mailbox completion toggle wb_sync_toggle=0

============================================================
White Rabbit Runtime 診斷：DE5 [1-11.2]
============================================================

## [Step 1] PHY / 光纖 Link
[pass] si_config_done           結果: 1/1
[pass] wr_ready                 結果: 1/1
[pass] core_tm_link_up          結果: 1/1
[pass] core_link_ok             結果: 1/1
[pass] wr_rx_ready              結果: 1/1
[pass] wr_tx_ready              結果: 1/1
[pass] core_phy_rst             結果: 0/0
[pass] si_id_error              結果: 0/0
[pass] wr_rx_enc_err            結果: 0/0
[pass] wr_tx_enc_err            結果: 0/0
[pass] CPU_RESET_n              結果: 1/1
[pass] wr_rx_locked_to_data     結果: 1/1
[info] wr_rx_locked_to_ref      結果: 0/NA
[info] MOD_PRS_n                結果: 0/NA
[info] INTERRUPT_n              結果: 1/NA
Step 1 pass

## [Step 2] Endpoint / MiniNIC / PTP
[pass] EP_MAC_H/EP_MAC_L        結果: 02:00:22:33:44:02/02:00:22:33:44:02
[pass] WDIAGS_MODE              結果: 3 SLAVE/3 SLAVE
[pass] WDIAGS_PTP               結果: 9 SLAVE (raw=00004109)/9 SLAVE
[pass] WDIAGS_PTP_RX            結果: Δ=27/Δ>0
RAW WDIAGS_PTP_RX            before=0x0000027E after=0x00000299 delta=27
[pass] WDIAGS_PTP_TX            結果: Δ=5/Δ>0
RAW WDIAGS_PTP_TX            before=0x000000AB after=0x000000B0 delta=5
[pass] WDIAGS_TX                結果: Δ=20/Δ>0
RAW WDIAGS_TX                before=0x000001CB after=0x000001DF delta=20
[pass] WDIAGS_RX                結果: Δ=33/Δ>0
RAW WDIAGS_RX                before=0x00000314 after=0x00000335 delta=33
[pass] WDIAGS_RXERR             結果: Δ=0/Δ=0
RAW WDIAGS_RXERR             before=0x00000000 after=0x00000000 delta=0
Step 2 pass

## [Step 3] WR Parent / Signaling
[pass] WDIAGS_FOREIGN_META      結果: 1/1
[pass] WDIAGS_FOREIGN_META      結果: 0/0
[info] WDIAGS_FOREIGN_META      結果: detection=0 config=3/NA
[pass] parentIsWRnode           結果: 1/1
[info] parentWrModeOn           結果: 0/NA
[pass] parentCalibrated         結果: 1/1
[pass] WR_RX_SIGNAL_DEBUG       結果: LOCK count=1/LOCK 0x1001,count>0
[pass] WR_TX_SIGNAL_DEBUG       結果: SLAVE_PRESENT count=1/SLAVE_PRESENT 0x1000,count>0
[info] WDIAGS_TEMP              結果: WRS_IDLE next=WRS_IDLE POST_STEP3_TIMEOUT/NA
[pass] LOCK_ENABLE              結果: 4/> 0
[info] WR_FAILURE_DEBUG         結果: TIMEOUT last_fail_state=WRS_S_LOCK failure_count=1/NA
Step 3 pass

## [Step 4B] Slave SoftPLL Startup
[pass] LOCK_ENABLE_COUNT        結果: 4/> 0
[pass] SPLL_MODE                結果: 3 (SPLL_MODE_SLAVE)/3 SPLL_MODE_SLAVE
[pass] SPLL_SEQ_STATE           結果: 4 (SEQ_WAIT_HELPER)/active, not 0/7
[pass] SPLL_STATE_VISIT_MASK    結果: 0x00000618/> 0
[pass] SPLL_INIT_COUNT          結果: 1/> 0
[pass] RCER                     結果: 0x00000001/> 0
[pass] OCER                     結果: 0x9E0BCC01/> 0
[info] SPLL_ALIGN_STATE         結果: 0/NA
[info] SPLL_STATE_TRANSITIONS   結果: 0x00000003/NA
[info] SPLL_LAST_STATE          結果: 4 (SEQ_WAIT_HELPER)/NA
[info] OCCR                     結果: 0x1A00018A/NA
[pass] DMTD_REF_ACCEPT_EVENT    結果: Δ=28796/Δ>=0
RAW DMTD_REF_ACCEPT_EVENT    before=0x02BB2C5A after=0x02BB9CD6 delta=28796
[pass] DMTD_FB_ACCEPT_EVENT     結果: Δ=28211/Δ>=0
RAW DMTD_FB_ACCEPT_EVENT     before=0x028829B7 after=0x028897EA delta=28211
[pass] DMTD_ACCEPT              結果: Δ=57007/Δ>0
[pass] SPLL_TAG_VALID_COUNT     結果: Δ=57012/Δ>0
RAW SPLL_TAG_VALID_COUNT     before=0x0013BB1A after=0x001499CE delta=57012
[pass] SPLL_TRR_WRITE_COUNT     結果: Δ=57011/Δ>0
RAW SPLL_TRR_WRITE_COUNT     before=0x0013BB88 after=0x00149A3B delta=57011
[pass] WRPC_SPLL_TRR_POP_COUNT  結果: Δ=57171/Δ>0
RAW WRPC_SPLL_TRR_POP_COUNT  before=0x0013B95A after=0x001498AD delta=57171
[pass] WDIAGS_IRQ_COUNT         結果: Δ=55760/Δ>0
RAW WDIAGS_IRQ_COUNT         before=0x00133D50 after=0x00141720 delta=55760
[pass] WDIAGS_HELPER_UPDATE_COUNT 結果: Δ=28879/Δ>0
RAW WDIAGS_HELPER_UPDATE_COUNT before=0x0009F60D after=0x000A66DC delta=28879
[pass] BOOT_GENERATION          結果: Δ=0/Δ=0
RAW BOOT_GENERATION          before=0x00000001 after=0x00000001 delta=0
[pass] CPU_RESET_COUNT          結果: Δ=0/Δ=0
RAW CPU_RESET_COUNT          before=0x00000001 after=0x00000001 delta=0
[pass] WR_CORE_RESET_COUNT      結果: Δ=0/Δ=0
RAW WR_CORE_RESET_COUNT      before=0x00000001 after=0x00000001 delta=0
[pass] SI_CONFIG_DROP_COUNT     結果: Δ=0/Δ=0
RAW SI_CONFIG_DROP_COUNT     before=0x00000001 after=0x00000001 delta=0
STEP4B_ALLOWED = YES
STEP4B_RESULT = PASS
STEP4B_FIRST_INACTIVE_BOUNDARY = ACTIVE
Step 4B pass
Step 4 pass

## [Step 5] Closed-loop Lock
STEP5_LOCKDET_BEFORE: HELPER locked=0 changed=0 cnt=0/10000 threshold=200 ref_src=0 MAIN enabled=0 locked=0 freq=0 phase=0 freq_cnt=0/50 phase_cnt=0/1000 PSTAT_locked=0
STEP5_LOCKDET_AFTER: HELPER locked=0 changed=0 cnt=0/10000 threshold=200 ref_src=0 MAIN enabled=0 locked=0 freq=0 phase=0 freq_cnt=0/50 phase_cnt=0/1000 PSTAT_locked=0
[error] WDIAGS_PSTAT             結果: 0/1
STEP5_RESULT = NEVER_LOCKED
STEP5_FIRST_INACTIVE_BOUNDARY = HELPER_LOCK
Step 5 NA (single window is not stable-lock proof)

## [Step 6] Global Time
Step 6 NA

============================================================
White Rabbit Runtime 診斷：DE5 [1-11.2]
============================================================
Step 1 PHY / Link             pass
Step 2 Endpoint / PTP         pass
Step 3 WR Handshake           pass
Step 4 Step4B Slave SoftPLL Startup pass
Step 5 Closed-loop Lock       NA
Step 6 Global Time            NA
STEP1_REGRESSION = PASS
STEP2_REGRESSION = PASS
STEP3_REGRESSION = PASS
STEP4B_ALLOWED = YES
STEP4B_RESULT = PASS
STEP4B_FIRST_INACTIVE_BOUNDARY = ACTIVE
STEP5_RESULT = NEVER_LOCKED
STEP5_FIRST_INACTIVE_BOUNDARY = HELPER_LOCK
FAILURE_CLASSIFICATION = NO_FAILURE_EVIDENCE
============================================================

================ RAW_SNAPSHOT ================
RAW_SNAPSHOT board=DE5 [1-11.2] label=before
  status           = B11041E334BC82CF
  cpu              = 0000007C000011B0
  marker           = 000000010000B004
  store            = 00131D330001E298
  store_count      = 00000000057E8C11
  exception        = 8000000B000011A8
  clock            = 00392ED41C82316F
  boot_generation  = 00000001
  cpu_reset_count  = 00000001
  wr_core_reset_count = 00000001
  si_config_drop_count = 00000001
  pps_cr           = 01312D02
  pps_escr         = 00000000
  ep_mach          = 02000200
  ep_macl          = 22334402
  ep_dsr           = 42000000
  ptp              = 00004109
  ptp_rx           = 0000027E
  ptp_tx           = 000000AB
  ptp_meta         = 03020409
  tx               = 000001CB
  rx               = 00000314
  rxerr            = 00000000
  ptp_types        = 04904790
  foreign_meta     = 03000001
  filter_meta      = 00000000
  parse_meta       = 05014751
  wr_rx_signal     = 10010001
  wr_tx_signal     = 10000001
  wr_failure       = 02020001
  wr_state         = A000035C
  wr_reject        = 00000000
  pstat            = 00000001
  sstat            = 00000001
  sec_h            = 00000000
  sec_l            = 000000AC
  ns               = 0A534F90
  lock_enable      = 00000004
  lock_result      = 00000001
  lock_polls       = 00005B17
  lock_unlocked    = 00005B17
  lock_calibration_fail = 00000000
  spll_state       = 00030004
  spll_ocer        = 57925E01
  spll_rcer        = 00000001
  spll_occr        = 5C0001FB
  spll_trr_csr     = 0012AE54
  spll_dac_hpll    = 5C64114F
  spll_dac_main    = 00000004
  spll_helper_state = 00000000
  spll_helper_limits = 271000C8
  spll_main_state  = 00000000
  spll_main_limits = 00320032
  spll_main_phase_limits = 03E804B0
  spll_state_visit_mask = 00000618
  spll_state_transitions = 00000003
  spll_last_state  = 00000004
  spll_init_count  = 00000001
  dmtd_ref         = 02BB2C5A
  dmtd_fb          = 028829B7
  dmtd_ref_high_qual_abort = 001957A9
  dmtd_fb_high_qual_abort = 0004E762
  tag_valid        = 0013BB1A
  trr_write        = 0013BB88
  irq              = 00133D50
  helper_update    = 0009F60D
  spll_helper_error = FFFDB610
  spll_helper_output = 0000FFFB
  eic_isr          = FFFF0000
  current_tics     = 00024EE3
RAW_SNAPSHOT board=DE5 [1-11.2] label=after
  status           = F1101AC1245082CF
  cpu              = 0000007C000011B0
  marker           = 000000010000B004
  store            = 0013F5D20001E298
  store_count      = 0000000005BAE321
  exception        = 8000000B000011AC
  clock            = 002860704D3E6306
  boot_generation  = 00000001
  cpu_reset_count  = 00000001
  wr_core_reset_count = 00000001
  si_config_drop_count = 00000001
  pps_cr           = 01312D02
  pps_escr         = 00000000
  ep_mach          = 02000200
  ep_macl          = 22334402
  ep_dsr           = 42000000
  ptp              = 00004109
  ptp_rx           = 00000299
  ptp_tx           = 000000B0
  ptp_meta         = 03020409
  tx               = 000001DF
  rx               = 00000335
  rxerr            = 00000000
  ptp_types        = 04964A96
  foreign_meta     = 03000001
  filter_meta      = 00000000
  parse_meta       = 05014A69
  wr_rx_signal     = 10010001
  wr_tx_signal     = 10000001
  wr_failure       = 02020001
  wr_state         = A000035C
  wr_reject        = 00000000
  pstat            = 00000001
  sstat            = 00000001
  sec_h            = 00000000
  sec_l            = 000000B2
  ns               = 10558A40
  lock_enable      = 00000004
  lock_result      = 00000001
  lock_polls       = 00005B17
  lock_unlocked    = 00005B17
  lock_calibration_fail = 00000000
  spll_state       = 00030004
  spll_ocer        = 9E0BCC01
  spll_rcer        = 00000001
  spll_occr        = 1A00018A
  spll_trr_csr     = 00168CBA
  spll_dac_hpll    = 89D8CCEB
  spll_dac_main    = 00000004
  spll_helper_state = 00000000
  spll_helper_limits = 271000C8
  spll_main_state  = 00000000
  spll_main_limits = 00320032
  spll_main_phase_limits = 03E804B0
  spll_state_visit_mask = 00000618
  spll_state_transitions = 00000003
  spll_last_state  = 00000004
  spll_init_count  = 00000001
  dmtd_ref         = 02BB9CD6
  dmtd_fb          = 028897EA
  dmtd_ref_high_qual_abort = 001A6EFB
  dmtd_fb_high_qual_abort = 00051F01
  tag_valid        = 001499CE
  trr_write        = 00149A3B
  irq              = 00141720
  helper_update    = 000A66DC
  spll_helper_error = FFFDB610
  spll_helper_output = 0000FFFB
  eic_isr          = FFFF0000
  current_tics     = 000266B6

============================================================
JTAG/WB transport health summary
============================================================
WB_TRANSPORT_PROTOCOL = PRELOAD_THEN_TOGGLE_COMMIT
WB_REQUEST_COUNT = 352
PRELOAD_COUNT = 352
COMMIT_COUNT = 352
WB_PROBE_READ_COUNT = 1760
PRELOAD_UNEXPECTED_TRIGGER_COUNT = 0
PROBE_3WAY_MATCH_COUNT = 352
STABLE_RESPONSE_WRONG_COUNT = 0
ADDRESS_CROSS_CONTAMINATION_COUNT = 0
TIMEOUT_COUNT = 0
INVALID_COUNT = 0
STALE_A5A5_COUNT = 0
UNSTABLE_TRANSACTION_COUNT = 0
DMTD_REF_DECREASE_COUNT = 0
DMTD_FB_DECREASE_COUNT = 0
PRELOAD_PROTOCOL_RUNTIME_REVALIDATION = PASS
JTAG_WB_DIAGNOSTIC_PATH = TRUSTED
============================================================

============================================================
STEP4A_RESULT = PASS
STEP4B_ALLOWED = YES
STEP4B_RESULT = PASS
STEP4B_FIRST_INACTIVE_BOUNDARY = ACTIVE
STEP5_RESULT = NOT_APPLICABLE_MASTER
STEP5_FIRST_INACTIVE_BOUNDARY = SLAVE_ONLY
STEP5_RESULT = NEVER_LOCKED
STEP5_FIRST_INACTIVE_BOUNDARY = HELPER_LOCK
============================================================
Info (23030): Evaluation of Tcl script /home/b10504072/04_WR/artifacts/EXP-WRPC-STEP5-COARSE-TO-FINE-TRACKER-FDEC5632-20260908/source/scripts/jtag/read_wb_runtime.tcl was successful
Info: Quartus Prime Signal Tap was successful. 0 errors, 0 warnings
    Info: Peak virtual memory: 676 megabytes
    Info: Processing ended: Tue Sep  8 21:45:40 2026
    Info: Elapsed time: 00:00:15
    Info: System process ID: 82864
