Info: *******************************************************************
Info: Running Quartus Prime Programmer
    Info: Version 21.3.0 Build 170 09/23/2021 SC Pro Edition
    Info: Copyright (C) 2021  Intel Corporation. All rights reserved.
    Info: Your use of Intel Corporation's design tools, logic functions 
    Info: and other software and tools, and any partner logic 
    Info: functions, and any output files from any of the foregoing 
    Info: (including device programming or simulation files), and any 
    Info: associated documentation or information are expressly subject 
    Info: to the terms and conditions of the Intel Program License 
    Info: Subscription Agreement, the Intel Quartus Prime License Agreement,
    Info: the Intel FPGA IP License Agreement, or other applicable license
    Info: agreement, including, without limitation, that your use is for
    Info: the sole purpose of programming logic devices manufactured by
    Info: Intel and sold by Intel or its authorized distributors.  Please
    Info: refer to the applicable agreement for further details, at
    Info: https://fpgasoftware.intel.com/eula.
    Info: Processing started: Tue Sep  8 21:42:22 2026
    Info: System process ID: 82757
Info: Command: quartus_pgm -c "DE5 [1-11.1]" -m jtag -o p;/home/b10504072/04_WR/artifacts/EXP-WRPC-STEP5-COARSE-TO-FINE-TRACKER-FDEC5632-20260908/source/quartus/jtag_runtime_diag/output_files_master_jtag/DE5a_wr_master_jtag.sof
Info (213045): Using programming cable "DE5 [1-11.1]"
Info (213011): Using programming file /home/b10504072/04_WR/artifacts/EXP-WRPC-STEP5-COARSE-TO-FINE-TRACKER-FDEC5632-20260908/source/quartus/jtag_runtime_diag/output_files_master_jtag/DE5a_wr_master_jtag.sof with checksum 0x30B5F9BB for device 10AX115N2F45@1
Info (209060): Started Programmer operation at Tue Sep  8 21:42:25 2026
Info (209016): Configuring device index 1
Info (209017): Device 1 contains JTAG ID code 0x02E660DD
Info (209007): Configuration succeeded -- 1 device(s) configured
Info (209011): Successfully performed operation(s)
Info (209061): Ended Programmer operation at Tue Sep  8 21:42:40 2026
Info: Quartus Prime Programmer was successful. 0 errors, 0 warnings
    Info: Peak virtual memory: 2496 megabytes
    Info: Processing ended: Tue Sep  8 21:42:40 2026
    Info: Elapsed time: 00:00:18
    Info: System process ID: 82757
