Info: *******************************************************************
Info: Running Quartus Prime Signal Tap
    Info: Version 21.3.0 Build 170 09/23/2021 SC Pro Edition
    Info: Copyright (C) 2021  Intel Corporation. All rights reserved.
    Info: Your use of Intel Corporation's design tools, logic functions 
    Info: and other software and tools, and any partner logic 
    Info: functions, and any output files from any of the foregoing 
    Info: (including device programming or simulation files), and any 
    Info: associated documentation or information are expressly subject 
    Info: to the terms and conditions of the Intel Program License 
    Info: Subscription Agreement, the Intel Quartus Prime License Agreement,
    Info: the Intel FPGA IP License Agreement, or other applicable license
    Info: agreement, including, without limitation, that your use is for
    Info: the sole purpose of programming logic devices manufactured by
    Info: Intel and sold by Intel or its authorized distributors.  Please
    Info: refer to the applicable agreement for further details, at
    Info: https://fpgasoftware.intel.com/eula.
    Info: Processing started: Thu Aug 27 12:23:40 2026
    Info: System process ID: 2697933
Info: Command: quartus_stp -t scripts/jtag/read_manual_mode_master_transition_forensics.tcl 100 250 25
Info: Quartus(args): 100 250 25
FORENSICS_CONFIG samples=100 gap_ms=250 poll_attempts=25 manual_command=mode_master_once inject_sample=0 inject_via_jtag_vuart=0 read_only_before_after=1 cpu_hold_release=0 cpu_reset_write=0
=== FORENSICS_BOARD DE5 [1-11.1] ===
FORENSICS_SAMPLE board=DE5 [1-11.1] sample=001 elapsed_ms=0 STATUS=36F082EF ENTRY=00017A20 MODE_MASTER_STAGE=00000004 PTP=00002104 PTP_META=03020404 SPLL_STATE=00000000 LOCK_ENABLE=00000000 EIC_ISR=00000000 TAG_VALID=00000000 TRR_WRITE=00000000 TRR_POP=00000000 IRQ_COUNT=00000000 HELPER_UPDATE=00000000 PTP_RX=0000002F PTP_TX=00000027
FORENSICS_SAMPLE board=DE5 [1-11.1] sample=002 elapsed_ms=285 STATUS=36F082EF ENTRY=00017A20 MODE_MASTER_STAGE=00000004 PTP=00002104 PTP_META=03020404 SPLL_STATE=00000000 LOCK_ENABLE=00000000 EIC_ISR=00000000 TAG_VALID=00000000 TRR_WRITE=00000000 TRR_POP=00000000 IRQ_COUNT=00000000 HELPER_UPDATE=00000000 PTP_RX=0000002F PTP_TX=00000027
FORENSICS_SAMPLE board=DE5 [1-11.1] sample=003 elapsed_ms=573 STATUS=36BC82EF ENTRY=00017A20 MODE_MASTER_STAGE=00000004 PTP=00002104 PTP_META=03020404 SPLL_STATE=00000000 LOCK_ENABLE=00000000 EIC_ISR=00000000 TAG_VALID=00000000 TRR_WRITE=00000000 TRR_POP=00000000 IRQ_COUNT=00000000 HELPER_UPDATE=00000000 PTP_RX=0000002F PTP_TX=00000027
FORENSICS_SAMPLE board=DE5 [1-11.1] sample=004 elapsed_ms=862 STATUS=265082EF ENTRY=00017A20 MODE_MASTER_STAGE=00000004 PTP=00002104 PTP_META=03020404 SPLL_STATE=00000000 LOCK_ENABLE=00000000 EIC_ISR=00000000 TAG_VALID=00000000 TRR_WRITE=00000000 TRR_POP=00000000 IRQ_COUNT=00000000 HELPER_UPDATE=00000000 PTP_RX=0000002F PTP_TX=00000027
FORENSICS_SAMPLE board=DE5 [1-11.1] sample=005 elapsed_ms=1151 STATUS=36BC82EF ENTRY=00017A20 MODE_MASTER_STAGE=00000004 PTP=00002104 PTP_META=03020404 SPLL_STATE=00000000 LOCK_ENABLE=00000000 EIC_ISR=00000000 TAG_VALID=00000000 TRR_WRITE=00000000 TRR_POP=00000000 IRQ_COUNT=00000000 HELPER_UPDATE=00000000 PTP_RX=0000002F PTP_TX=0000002A
FORENSICS_SAMPLE board=DE5 [1-11.1] sample=006 elapsed_ms=1440 STATUS=36BC82EF ENTRY=00017A20 MODE_MASTER_STAGE=00000004 PTP=00002104 PTP_META=03020404 SPLL_STATE=00000000 LOCK_ENABLE=00000000 EIC_ISR=00000000 TAG_VALID=00000000 TRR_WRITE=00000000 TRR_POP=00000000 IRQ_COUNT=00000000 HELPER_UPDATE=00000000 PTP_RX=0000002F PTP_TX=0000002A
FORENSICS_SAMPLE board=DE5 [1-11.1] sample=007 elapsed_ms=1729 STATUS=265082EF ENTRY=00017A20 MODE_MASTER_STAGE=00000004 PTP=00002104 PTP_META=03020404 SPLL_STATE=00000000 LOCK_ENABLE=00000000 EIC_ISR=00000000 TAG_VALID=00000000 TRR_WRITE=00000000 TRR_POP=00000000 IRQ_COUNT=00000000 HELPER_UPDATE=00000000 PTP_RX=0000002F PTP_TX=0000002A
FORENSICS_SAMPLE board=DE5 [1-11.1] sample=008 elapsed_ms=2019 STATUS=36BC82EF ENTRY=00017A20 MODE_MASTER_STAGE=00000004 PTP=00002104 PTP_META=03020404 SPLL_STATE=00000000 LOCK_ENABLE=00000000 EIC_ISR=00000000 TAG_VALID=00000000 TRR_WRITE=00000000 TRR_POP=00000000 IRQ_COUNT=00000000 HELPER_UPDATE=00000000 PTP_RX=0000002F PTP_TX=0000002A
FORENSICS_SAMPLE board=DE5 [1-11.1] sample=009 elapsed_ms=2309 STATUS=265082EF ENTRY=00017A20 MODE_MASTER_STAGE=00000004 PTP=00002104 PTP_META=03020404 SPLL_STATE=00000000 LOCK_ENABLE=00000000 EIC_ISR=00000000 TAG_VALID=00000000 TRR_WRITE=00000000 TRR_POP=00000000 IRQ_COUNT=00000000 HELPER_UPDATE=00000000 PTP_RX=0000002F PTP_TX=0000002A
FORENSICS_SAMPLE board=DE5 [1-11.1] sample=010 elapsed_ms=2598 STATUS=36F082EF ENTRY=00017A20 MODE_MASTER_STAGE=00000004 PTP=00002104 PTP_META=03020404 SPLL_STATE=00000000 LOCK_ENABLE=00000000 EIC_ISR=00000000 TAG_VALID=00000000 TRR_WRITE=00000000 TRR_POP=00000000 IRQ_COUNT=00000000 HELPER_UPDATE=00000000 PTP_RX=0000002F PTP_TX=0000002A
FORENSICS_SAMPLE board=DE5 [1-11.1] sample=011 elapsed_ms=2888 STATUS=265082EF ENTRY=00017A20 MODE_MASTER_STAGE=00000004 PTP=00002104 PTP_META=03020404 SPLL_STATE=00000000 LOCK_ENABLE=00000000 EIC_ISR=00000000 TAG_VALID=00000000 TRR_WRITE=00000000 TRR_POP=00000000 IRQ_COUNT=00000000 HELPER_UPDATE=00000000 PTP_RX=0000002F PTP_TX=0000002A
FORENSICS_SAMPLE board=DE5 [1-11.1] sample=012 elapsed_ms=3178 STATUS=36BC82EF ENTRY=00017A20 MODE_MASTER_STAGE=00000004 PTP=00002104 PTP_META=03020404 SPLL_STATE=00000000 LOCK_ENABLE=00000000 EIC_ISR=00000000 TAG_VALID=00000000 TRR_WRITE=00000000 TRR_POP=00000000 IRQ_COUNT=00000000 HELPER_UPDATE=00000000 PTP_RX=00000032 PTP_TX=0000002A
FORENSICS_SAMPLE board=DE5 [1-11.1] sample=013 elapsed_ms=3465 STATUS=36F082EF ENTRY=00017A20 MODE_MASTER_STAGE=00000004 PTP=00002104 PTP_META=03020404 SPLL_STATE=00000000 LOCK_ENABLE=00000000 EIC_ISR=00000000 TAG_VALID=00000000 TRR_WRITE=00000000 TRR_POP=00000000 IRQ_COUNT=00000000 HELPER_UPDATE=00000000 PTP_RX=00000032 PTP_TX=0000002A
FORENSICS_SAMPLE board=DE5 [1-11.1] sample=014 elapsed_ms=3755 STATUS=36BC82EF ENTRY=00017A20 MODE_MASTER_STAGE=00000004 PTP=00002104 PTP_META=03020404 SPLL_STATE=00000000 LOCK_ENABLE=00000000 EIC_ISR=00000000 TAG_VALID=00000000 TRR_WRITE=00000000 TRR_POP=00000000 IRQ_COUNT=00000000 HELPER_UPDATE=00000000 PTP_RX=00000032 PTP_TX=0000002A
FORENSICS_SAMPLE board=DE5 [1-11.1] sample=015 elapsed_ms=4044 STATUS=36BC82EF ENTRY=00017A20 MODE_MASTER_STAGE=00000004 PTP=00002104 PTP_META=03020404 SPLL_STATE=00000000 LOCK_ENABLE=00000000 EIC_ISR=00000000 TAG_VALID=00000000 TRR_WRITE=00000000 TRR_POP=00000000 IRQ_COUNT=00000000 HELPER_UPDATE=00000000 PTP_RX=00000032 PTP_TX=0000002A
FORENSICS_SAMPLE board=DE5 [1-11.1] sample=016 elapsed_ms=4333 STATUS=36BC82EF ENTRY=00017A20 MODE_MASTER_STAGE=00000004 PTP=00002104 PTP_META=03020404 SPLL_STATE=00000000 LOCK_ENABLE=00000000 EIC_ISR=00000000 TAG_VALID=00000000 TRR_WRITE=00000000 TRR_POP=00000000 IRQ_COUNT=00000000 HELPER_UPDATE=00000000 PTP_RX=00000032 PTP_TX=0000002A
FORENSICS_SAMPLE board=DE5 [1-11.1] sample=017 elapsed_ms=4622 STATUS=265082EF ENTRY=00017A20 MODE_MASTER_STAGE=00000004 PTP=00002104 PTP_META=03020404 SPLL_STATE=00000000 LOCK_ENABLE=00000000 EIC_ISR=00000000 TAG_VALID=00000000 TRR_WRITE=00000000 TRR_POP=00000000 IRQ_COUNT=00000000 HELPER_UPDATE=00000000 PTP_RX=00000032 PTP_TX=0000002A
FORENSICS_SAMPLE board=DE5 [1-11.1] sample=018 elapsed_ms=4912 STATUS=265082EF ENTRY=00017A20 MODE_MASTER_STAGE=00000004 PTP=00002104 PTP_META=03020404 SPLL_STATE=00000000 LOCK_ENABLE=00000000 EIC_ISR=00000000 TAG_VALID=00000000 TRR_WRITE=00000000 TRR_POP=00000000 IRQ_COUNT=00000000 HELPER_UPDATE=00000000 PTP_RX=00000032 PTP_TX=0000002A
FORENSICS_SAMPLE board=DE5 [1-11.1] sample=019 elapsed_ms=5201 STATUS=36BC82EF ENTRY=00017A20 MODE_MASTER_STAGE=00000004 PTP=00002104 PTP_META=03020404 SPLL_STATE=00000000 LOCK_ENABLE=00000000 EIC_ISR=00000000 TAG_VALID=00000000 TRR_WRITE=00000000 TRR_POP=00000000 IRQ_COUNT=00000000 HELPER_UPDATE=00000000 PTP_RX=00000032 PTP_TX=0000002A
FORENSICS_SAMPLE board=DE5 [1-11.1] sample=020 elapsed_ms=5490 STATUS=261C82EF ENTRY=00017A20 MODE_MASTER_STAGE=00000004 PTP=00002104 PTP_META=03020404 SPLL_STATE=00000000 LOCK_ENABLE=00000000 EIC_ISR=00000000 TAG_VALID=00000000 TRR_WRITE=00000000 TRR_POP=00000000 IRQ_COUNT=00000000 HELPER_UPDATE=00000000 PTP_RX=00000032 PTP_TX=0000002A
FORENSICS_SAMPLE board=DE5 [1-11.1] sample=021 elapsed_ms=5778 STATUS=265082EF ENTRY=00017A20 MODE_MASTER_STAGE=00000004 PTP=00002104 PTP_META=03020404 SPLL_STATE=00000000 LOCK_ENABLE=00000000 EIC_ISR=00000000 TAG_VALID=00000000 TRR_WRITE=00000000 TRR_POP=00000000 IRQ_COUNT=00000000 HELPER_UPDATE=00000000 PTP_RX=00000032 PTP_TX=0000002A
FORENSICS_SAMPLE board=DE5 [1-11.1] sample=022 elapsed_ms=6068 STATUS=36BC82EF ENTRY=00017A20 MODE_MASTER_STAGE=00000004 PTP=00002104 PTP_META=03020404 SPLL_STATE=00000000 LOCK_ENABLE=00000000 EIC_ISR=00000000 TAG_VALID=00000000 TRR_WRITE=00000000 TRR_POP=00000000 IRQ_COUNT=00000000 HELPER_UPDATE=00000000 PTP_RX=00000032 PTP_TX=0000002A
FORENSICS_SAMPLE board=DE5 [1-11.1] sample=023 elapsed_ms=6358 STATUS=261C82EF ENTRY=00017A20 MODE_MASTER_STAGE=00000004 PTP=00002104 PTP_META=03020404 SPLL_STATE=00000000 LOCK_ENABLE=00000000 EIC_ISR=00000000 TAG_VALID=00000000 TRR_WRITE=00000000 TRR_POP=00000000 IRQ_COUNT=00000000 HELPER_UPDATE=00000000 PTP_RX=00000032 PTP_TX=0000002A
FORENSICS_SAMPLE board=DE5 [1-11.1] sample=024 elapsed_ms=6647 STATUS=36BC82EF ENTRY=00017A20 MODE_MASTER_STAGE=00000004 PTP=00002104 PTP_META=03020404 SPLL_STATE=00000000 LOCK_ENABLE=00000000 EIC_ISR=00000000 TAG_VALID=00000000 TRR_WRITE=00000000 TRR_POP=00000000 IRQ_COUNT=00000000 HELPER_UPDATE=00000000 PTP_RX=00000032 PTP_TX=0000002A
FORENSICS_SAMPLE board=DE5 [1-11.1] sample=025 elapsed_ms=6938 STATUS=265082EF ENTRY=00017A20 MODE_MASTER_STAGE=00000004 PTP=00002104 PTP_META=03020404 SPLL_STATE=00000000 LOCK_ENABLE=00000000 EIC_ISR=00000000 TAG_VALID=00000000 TRR_WRITE=00000000 TRR_POP=00000000 IRQ_COUNT=00000000 HELPER_UPDATE=00000000 PTP_RX=00000032 PTP_TX=0000002A
FORENSICS_SAMPLE board=DE5 [1-11.1] sample=026 elapsed_ms=7227 STATUS=265082EF ENTRY=00017A20 MODE_MASTER_STAGE=00000004 PTP=00002104 PTP_META=03020404 SPLL_STATE=00000000 LOCK_ENABLE=00000000 EIC_ISR=00000000 TAG_VALID=00000000 TRR_WRITE=00000000 TRR_POP=00000000 IRQ_COUNT=00000000 HELPER_UPDATE=00000000 PTP_RX=00000032 PTP_TX=0000002D
FORENSICS_SAMPLE board=DE5 [1-11.1] sample=027 elapsed_ms=7516 STATUS=36BC82EF ENTRY=00017A20 MODE_MASTER_STAGE=00000004 PTP=00002104 PTP_META=03020404 SPLL_STATE=00000000 LOCK_ENABLE=00000000 EIC_ISR=00000000 TAG_VALID=00000000 TRR_WRITE=00000000 TRR_POP=00000000 IRQ_COUNT=00000000 HELPER_UPDATE=00000000 PTP_RX=00000032 PTP_TX=0000002D
FORENSICS_SAMPLE board=DE5 [1-11.1] sample=028 elapsed_ms=7805 STATUS=265082EF ENTRY=00017A20 MODE_MASTER_STAGE=00000004 PTP=00002104 PTP_META=03020404 SPLL_STATE=00000000 LOCK_ENABLE=00000000 EIC_ISR=00000000 TAG_VALID=00000000 TRR_WRITE=00000000 TRR_POP=00000000 IRQ_COUNT=00000000 HELPER_UPDATE=00000000 PTP_RX=00000032 PTP_TX=0000002D
FORENSICS_SAMPLE board=DE5 [1-11.1] sample=029 elapsed_ms=8096 STATUS=265082EF ENTRY=00017A20 MODE_MASTER_STAGE=00000004 PTP=00002104 PTP_META=03020404 SPLL_STATE=00000000 LOCK_ENABLE=00000000 EIC_ISR=00000000 TAG_VALID=00000000 TRR_WRITE=00000000 TRR_POP=00000000 IRQ_COUNT=00000000 HELPER_UPDATE=00000000 PTP_RX=00000032 PTP_TX=0000002D
FORENSICS_SAMPLE board=DE5 [1-11.1] sample=030 elapsed_ms=8385 STATUS=265082EF ENTRY=00017A20 MODE_MASTER_STAGE=00000004 PTP=00002104 PTP_META=03020404 SPLL_STATE=00000000 LOCK_ENABLE=00000000 EIC_ISR=00000000 TAG_VALID=00000000 TRR_WRITE=00000000 TRR_POP=00000000 IRQ_COUNT=00000000 HELPER_UPDATE=00000000 PTP_RX=00000032 PTP_TX=0000002D
FORENSICS_SAMPLE board=DE5 [1-11.1] sample=031 elapsed_ms=8674 STATUS=36BC82EF ENTRY=00017A20 MODE_MASTER_STAGE=00000004 PTP=00002104 PTP_META=03020404 SPLL_STATE=00000000 LOCK_ENABLE=00000000 EIC_ISR=00000000 TAG_VALID=00000000 TRR_WRITE=00000000 TRR_POP=00000000 IRQ_COUNT=00000000 HELPER_UPDATE=00000000 PTP_RX=00000032 PTP_TX=0000002D
FORENSICS_SAMPLE board=DE5 [1-11.1] sample=032 elapsed_ms=8965 STATUS=36BC82EF ENTRY=00017A20 MODE_MASTER_STAGE=00000004 PTP=00002104 PTP_META=03020404 SPLL_STATE=00000000 LOCK_ENABLE=00000000 EIC_ISR=00000000 TAG_VALID=00000000 TRR_WRITE=00000000 TRR_POP=00000000 IRQ_COUNT=00000000 HELPER_UPDATE=00000000 PTP_RX=00000032 PTP_TX=0000002D
FORENSICS_SAMPLE board=DE5 [1-11.1] sample=033 elapsed_ms=9254 STATUS=36BC82EF ENTRY=00017A20 MODE_MASTER_STAGE=00000004 PTP=00002104 PTP_META=03020404 SPLL_STATE=00000000 LOCK_ENABLE=00000000 EIC_ISR=00000000 TAG_VALID=00000000 TRR_WRITE=00000000 TRR_POP=00000000 IRQ_COUNT=00000000 HELPER_UPDATE=00000000 PTP_RX=00000035 PTP_TX=0000002D
FORENSICS_SAMPLE board=DE5 [1-11.1] sample=034 elapsed_ms=9543 STATUS=263C82EF ENTRY=00017A20 MODE_MASTER_STAGE=00000004 PTP=00002104 PTP_META=03020404 SPLL_STATE=00000000 LOCK_ENABLE=00000000 EIC_ISR=00000000 TAG_VALID=00000000 TRR_WRITE=00000000 TRR_POP=00000000 IRQ_COUNT=00000000 HELPER_UPDATE=00000000 PTP_RX=00000035 PTP_TX=0000002D
FORENSICS_SAMPLE board=DE5 [1-11.1] sample=035 elapsed_ms=9832 STATUS=265082EF ENTRY=00017A20 MODE_MASTER_STAGE=00000004 PTP=00002104 PTP_META=03020404 SPLL_STATE=00000000 LOCK_ENABLE=00000000 EIC_ISR=00000000 TAG_VALID=00000000 TRR_WRITE=00000000 TRR_POP=00000000 IRQ_COUNT=00000000 HELPER_UPDATE=00000000 PTP_RX=00000035 PTP_TX=0000002D
FORENSICS_SAMPLE board=DE5 [1-11.1] sample=036 elapsed_ms=10122 STATUS=36BC82EF ENTRY=00017A20 MODE_MASTER_STAGE=00000004 PTP=00002104 PTP_META=03020404 SPLL_STATE=00000000 LOCK_ENABLE=00000000 EIC_ISR=00000000 TAG_VALID=00000000 TRR_WRITE=00000000 TRR_POP=00000000 IRQ_COUNT=00000000 HELPER_UPDATE=00000000 PTP_RX=00000035 PTP_TX=0000002D
FORENSICS_SAMPLE board=DE5 [1-11.1] sample=037 elapsed_ms=10411 STATUS=36BC82EF ENTRY=00017A20 MODE_MASTER_STAGE=00000004 PTP=00002104 PTP_META=03020404 SPLL_STATE=00000000 LOCK_ENABLE=00000000 EIC_ISR=00000000 TAG_VALID=00000000 TRR_WRITE=00000000 TRR_POP=00000000 IRQ_COUNT=00000000 HELPER_UPDATE=00000000 PTP_RX=00000035 PTP_TX=0000002D
FORENSICS_SAMPLE board=DE5 [1-11.1] sample=038 elapsed_ms=10700 STATUS=36BC82EF ENTRY=00017A20 MODE_MASTER_STAGE=00000004 PTP=00002104 PTP_META=03020404 SPLL_STATE=00000000 LOCK_ENABLE=00000000 EIC_ISR=00000000 TAG_VALID=00000000 TRR_WRITE=00000000 TRR_POP=00000000 IRQ_COUNT=00000000 HELPER_UPDATE=00000000 PTP_RX=00000035 PTP_TX=0000002D
FORENSICS_SAMPLE board=DE5 [1-11.1] sample=039 elapsed_ms=10990 STATUS=36BC82EF ENTRY=00017A20 MODE_MASTER_STAGE=00000004 PTP=00002104 PTP_META=03020404 SPLL_STATE=00000000 LOCK_ENABLE=00000000 EIC_ISR=00000000 TAG_VALID=00000000 TRR_WRITE=00000000 TRR_POP=00000000 IRQ_COUNT=00000000 HELPER_UPDATE=00000000 PTP_RX=00000035 PTP_TX=0000002D
FORENSICS_SAMPLE board=DE5 [1-11.1] sample=040 elapsed_ms=11279 STATUS=265082EF ENTRY=00017A20 MODE_MASTER_STAGE=00000004 PTP=00002104 PTP_META=03020404 SPLL_STATE=00000000 LOCK_ENABLE=00000000 EIC_ISR=00000000 TAG_VALID=00000000 TRR_WRITE=00000000 TRR_POP=00000000 IRQ_COUNT=00000000 HELPER_UPDATE=00000000 PTP_RX=00000035 PTP_TX=0000002D
FORENSICS_SAMPLE board=DE5 [1-11.1] sample=041 elapsed_ms=11567 STATUS=36BC82EF ENTRY=00017A20 MODE_MASTER_STAGE=00000004 PTP=00002104 PTP_META=03020404 SPLL_STATE=00000000 LOCK_ENABLE=00000000 EIC_ISR=00000000 TAG_VALID=00000000 TRR_WRITE=00000000 TRR_POP=00000000 IRQ_COUNT=00000000 HELPER_UPDATE=00000000 PTP_RX=00000035 PTP_TX=0000002D
FORENSICS_SAMPLE board=DE5 [1-11.1] sample=042 elapsed_ms=11857 STATUS=36BC82EF ENTRY=00017A20 MODE_MASTER_STAGE=00000004 PTP=00002104 PTP_META=03020404 SPLL_STATE=00000000 LOCK_ENABLE=00000000 EIC_ISR=00000000 TAG_VALID=00000000 TRR_WRITE=00000000 TRR_POP=00000000 IRQ_COUNT=00000000 HELPER_UPDATE=00000000 PTP_RX=00000035 PTP_TX=0000002D
FORENSICS_SAMPLE board=DE5 [1-11.1] sample=043 elapsed_ms=12147 STATUS=265082EF ENTRY=00017A20 MODE_MASTER_STAGE=00000004 PTP=00002104 PTP_META=03020404 SPLL_STATE=00000000 LOCK_ENABLE=00000000 EIC_ISR=00000000 TAG_VALID=00000000 TRR_WRITE=00000000 TRR_POP=00000000 IRQ_COUNT=00000000 HELPER_UPDATE=00000000 PTP_RX=00000035 PTP_TX=0000002D
FORENSICS_SAMPLE board=DE5 [1-11.1] sample=044 elapsed_ms=12438 STATUS=36BC82EF ENTRY=00017A20 MODE_MASTER_STAGE=00000004 PTP=00002104 PTP_META=03020404 SPLL_STATE=00000000 LOCK_ENABLE=00000000 EIC_ISR=00000000 TAG_VALID=00000000 TRR_WRITE=00000000 TRR_POP=00000000 IRQ_COUNT=00000000 HELPER_UPDATE=00000000 PTP_RX=00000035 PTP_TX=0000002D
FORENSICS_SAMPLE board=DE5 [1-11.1] sample=045 elapsed_ms=12727 STATUS=263C82EF ENTRY=00017A20 MODE_MASTER_STAGE=00000004 PTP=00002104 PTP_META=03020404 SPLL_STATE=00000000 LOCK_ENABLE=00000000 EIC_ISR=00000000 TAG_VALID=00000000 TRR_WRITE=00000000 TRR_POP=00000000 IRQ_COUNT=00000000 HELPER_UPDATE=00000000 PTP_RX=00000035 PTP_TX=0000002D
FORENSICS_SAMPLE board=DE5 [1-11.1] sample=046 elapsed_ms=13018 STATUS=36F082EF ENTRY=00017A20 MODE_MASTER_STAGE=00000004 PTP=00002104 PTP_META=03020404 SPLL_STATE=00000000 LOCK_ENABLE=00000000 EIC_ISR=00000000 TAG_VALID=00000000 TRR_WRITE=00000000 TRR_POP=00000000 IRQ_COUNT=00000000 HELPER_UPDATE=00000000 PTP_RX=00000035 PTP_TX=00000030
FORENSICS_SAMPLE board=DE5 [1-11.1] sample=047 elapsed_ms=13308 STATUS=36F082EF ENTRY=00017A20 MODE_MASTER_STAGE=00000004 PTP=00002104 PTP_META=03020404 SPLL_STATE=00000000 LOCK_ENABLE=00000000 EIC_ISR=00000000 TAG_VALID=00000000 TRR_WRITE=00000000 TRR_POP=00000000 IRQ_COUNT=00000000 HELPER_UPDATE=00000000 PTP_RX=00000035 PTP_TX=00000030
FORENSICS_SAMPLE board=DE5 [1-11.1] sample=048 elapsed_ms=13598 STATUS=36BC82EF ENTRY=00017A20 MODE_MASTER_STAGE=00000004 PTP=00002104 PTP_META=03020404 SPLL_STATE=00000000 LOCK_ENABLE=00000000 EIC_ISR=00000000 TAG_VALID=00000000 TRR_WRITE=00000000 TRR_POP=00000000 IRQ_COUNT=00000000 HELPER_UPDATE=00000000 PTP_RX=00000035 PTP_TX=00000030
FORENSICS_SAMPLE board=DE5 [1-11.1] sample=049 elapsed_ms=13888 STATUS=261C82EF ENTRY=00017A20 MODE_MASTER_STAGE=00000004 PTP=00002104 PTP_META=03020404 SPLL_STATE=00000000 LOCK_ENABLE=00000000 EIC_ISR=00000000 TAG_VALID=00000000 TRR_WRITE=00000000 TRR_POP=00000000 IRQ_COUNT=00000000 HELPER_UPDATE=00000000 PTP_RX=00000035 PTP_TX=00000030
FORENSICS_SAMPLE board=DE5 [1-11.1] sample=050 elapsed_ms=14176 STATUS=265082EF ENTRY=00017A20 MODE_MASTER_STAGE=00000004 PTP=00002104 PTP_META=03020404 SPLL_STATE=00000000 LOCK_ENABLE=00000000 EIC_ISR=00000000 TAG_VALID=00000000 TRR_WRITE=00000000 TRR_POP=00000000 IRQ_COUNT=00000000 HELPER_UPDATE=00000000 PTP_RX=00000035 PTP_TX=00000030
FORENSICS_SAMPLE board=DE5 [1-11.1] sample=051 elapsed_ms=14464 STATUS=263C82EF ENTRY=00017A20 MODE_MASTER_STAGE=00000004 PTP=00002104 PTP_META=03020404 SPLL_STATE=00000000 LOCK_ENABLE=00000000 EIC_ISR=00000000 TAG_VALID=00000000 TRR_WRITE=00000000 TRR_POP=00000000 IRQ_COUNT=00000000 HELPER_UPDATE=00000000 PTP_RX=00000035 PTP_TX=00000030
FORENSICS_SAMPLE board=DE5 [1-11.1] sample=052 elapsed_ms=14752 STATUS=36F082EF ENTRY=00017A20 MODE_MASTER_STAGE=00000004 PTP=00002104 PTP_META=03020404 SPLL_STATE=00000000 LOCK_ENABLE=00000000 EIC_ISR=00000000 TAG_VALID=00000000 TRR_WRITE=00000000 TRR_POP=00000000 IRQ_COUNT=00000000 HELPER_UPDATE=00000000 PTP_RX=00000035 PTP_TX=00000030
FORENSICS_SAMPLE board=DE5 [1-11.1] sample=053 elapsed_ms=15043 STATUS=36F082EF ENTRY=00017A20 MODE_MASTER_STAGE=00000004 PTP=00002104 PTP_META=03020404 SPLL_STATE=00000000 LOCK_ENABLE=00000000 EIC_ISR=00000000 TAG_VALID=00000000 TRR_WRITE=00000000 TRR_POP=00000000 IRQ_COUNT=00000000 HELPER_UPDATE=00000000 PTP_RX=00000038 PTP_TX=00000030
FORENSICS_SAMPLE board=DE5 [1-11.1] sample=054 elapsed_ms=15332 STATUS=36BC82EF ENTRY=00017A20 MODE_MASTER_STAGE=00000004 PTP=00002104 PTP_META=03020404 SPLL_STATE=00000000 LOCK_ENABLE=00000000 EIC_ISR=00000000 TAG_VALID=00000000 TRR_WRITE=00000000 TRR_POP=00000000 IRQ_COUNT=00000000 HELPER_UPDATE=00000000 PTP_RX=00000038 PTP_TX=00000030
FORENSICS_SAMPLE board=DE5 [1-11.1] sample=055 elapsed_ms=15620 STATUS=265082EF ENTRY=00017A20 MODE_MASTER_STAGE=00000004 PTP=00002104 PTP_META=03020404 SPLL_STATE=00000000 LOCK_ENABLE=00000000 EIC_ISR=00000000 TAG_VALID=00000000 TRR_WRITE=00000000 TRR_POP=00000000 IRQ_COUNT=00000000 HELPER_UPDATE=00000000 PTP_RX=00000038 PTP_TX=00000030
FORENSICS_SAMPLE board=DE5 [1-11.1] sample=056 elapsed_ms=15910 STATUS=36BC82EF ENTRY=00017A20 MODE_MASTER_STAGE=00000004 PTP=00002104 PTP_META=03020404 SPLL_STATE=00000000 LOCK_ENABLE=00000000 EIC_ISR=00000000 TAG_VALID=00000000 TRR_WRITE=00000000 TRR_POP=00000000 IRQ_COUNT=00000000 HELPER_UPDATE=00000000 PTP_RX=00000038 PTP_TX=00000030
FORENSICS_SAMPLE board=DE5 [1-11.1] sample=057 elapsed_ms=16200 STATUS=26D082EF ENTRY=00017A20 MODE_MASTER_STAGE=00000004 PTP=00002104 PTP_META=03020404 SPLL_STATE=00000000 LOCK_ENABLE=00000000 EIC_ISR=00000000 TAG_VALID=00000000 TRR_WRITE=00000000 TRR_POP=00000000 IRQ_COUNT=00000000 HELPER_UPDATE=00000000 PTP_RX=00000038 PTP_TX=00000030
FORENSICS_SAMPLE board=DE5 [1-11.1] sample=058 elapsed_ms=16490 STATUS=36F082EF ENTRY=00017A20 MODE_MASTER_STAGE=00000004 PTP=00002104 PTP_META=03020404 SPLL_STATE=00000000 LOCK_ENABLE=00000000 EIC_ISR=00000000 TAG_VALID=00000000 TRR_WRITE=00000000 TRR_POP=00000000 IRQ_COUNT=00000000 HELPER_UPDATE=00000000 PTP_RX=00000038 PTP_TX=00000030
FORENSICS_SAMPLE board=DE5 [1-11.1] sample=059 elapsed_ms=16779 STATUS=36F082EF ENTRY=00017A20 MODE_MASTER_STAGE=00000004 PTP=00002104 PTP_META=03020404 SPLL_STATE=00000000 LOCK_ENABLE=00000000 EIC_ISR=00000000 TAG_VALID=00000000 TRR_WRITE=00000000 TRR_POP=00000000 IRQ_COUNT=00000000 HELPER_UPDATE=00000000 PTP_RX=00000038 PTP_TX=00000030
FORENSICS_SAMPLE board=DE5 [1-11.1] sample=060 elapsed_ms=17069 STATUS=263C82EF ENTRY=00017A20 MODE_MASTER_STAGE=00000004 PTP=00002104 PTP_META=03020404 SPLL_STATE=00000000 LOCK_ENABLE=00000000 EIC_ISR=00000000 TAG_VALID=00000000 TRR_WRITE=00000000 TRR_POP=00000000 IRQ_COUNT=00000000 HELPER_UPDATE=00000000 PTP_RX=00000038 PTP_TX=00000030
FORENSICS_SAMPLE board=DE5 [1-11.1] sample=061 elapsed_ms=17357 STATUS=36F082EF ENTRY=00017A20 MODE_MASTER_STAGE=00000004 PTP=00002104 PTP_META=03020404 SPLL_STATE=00000000 LOCK_ENABLE=00000000 EIC_ISR=00000000 TAG_VALID=00000000 TRR_WRITE=00000000 TRR_POP=00000000 IRQ_COUNT=00000000 HELPER_UPDATE=00000000 PTP_RX=00000038 PTP_TX=00000030
FORENSICS_SAMPLE board=DE5 [1-11.1] sample=062 elapsed_ms=17646 STATUS=265082EF ENTRY=00017A20 MODE_MASTER_STAGE=00000004 PTP=00002104 PTP_META=03020404 SPLL_STATE=00000000 LOCK_ENABLE=00000000 EIC_ISR=00000000 TAG_VALID=00000000 TRR_WRITE=00000000 TRR_POP=00000000 IRQ_COUNT=00000000 HELPER_UPDATE=00000000 PTP_RX=00000038 PTP_TX=00000030
FORENSICS_SAMPLE board=DE5 [1-11.1] sample=063 elapsed_ms=17935 STATUS=265082EF ENTRY=00017A20 MODE_MASTER_STAGE=00000004 PTP=00002104 PTP_META=03020404 SPLL_STATE=00000000 LOCK_ENABLE=00000000 EIC_ISR=00000000 TAG_VALID=00000000 TRR_WRITE=00000000 TRR_POP=00000000 IRQ_COUNT=00000000 HELPER_UPDATE=00000000 PTP_RX=00000038 PTP_TX=00000030
FORENSICS_SAMPLE board=DE5 [1-11.1] sample=064 elapsed_ms=18224 STATUS=265082EF ENTRY=00017A20 MODE_MASTER_STAGE=00000004 PTP=00002104 PTP_META=03020404 SPLL_STATE=00000000 LOCK_ENABLE=00000000 EIC_ISR=00000000 TAG_VALID=00000000 TRR_WRITE=00000000 TRR_POP=00000000 IRQ_COUNT=00000000 HELPER_UPDATE=00000000 PTP_RX=00000038 PTP_TX=00000030
FORENSICS_SAMPLE board=DE5 [1-11.1] sample=065 elapsed_ms=18514 STATUS=265082EF ENTRY=00017A20 MODE_MASTER_STAGE=00000004 PTP=00002104 PTP_META=03020404 SPLL_STATE=00000000 LOCK_ENABLE=00000000 EIC_ISR=00000000 TAG_VALID=00000000 TRR_WRITE=00000000 TRR_POP=00000000 IRQ_COUNT=00000000 HELPER_UPDATE=00000000 PTP_RX=00000038 PTP_TX=00000030
FORENSICS_SAMPLE board=DE5 [1-11.1] sample=066 elapsed_ms=18803 STATUS=261C82EF ENTRY=00017A20 MODE_MASTER_STAGE=00000004 PTP=00002104 PTP_META=03020404 SPLL_STATE=00000000 LOCK_ENABLE=00000000 EIC_ISR=00000000 TAG_VALID=00000000 TRR_WRITE=00000000 TRR_POP=00000000 IRQ_COUNT=00000000 HELPER_UPDATE=00000000 PTP_RX=00000038 PTP_TX=00000030
FORENSICS_SAMPLE board=DE5 [1-11.1] sample=067 elapsed_ms=19093 STATUS=36F082EF ENTRY=00017A20 MODE_MASTER_STAGE=00000004 PTP=00002104 PTP_META=03020404 SPLL_STATE=00000000 LOCK_ENABLE=00000000 EIC_ISR=00000000 TAG_VALID=00000000 TRR_WRITE=00000000 TRR_POP=00000000 IRQ_COUNT=00000000 HELPER_UPDATE=00000000 PTP_RX=00000038 PTP_TX=00000033
FORENSICS_SAMPLE board=DE5 [1-11.1] sample=068 elapsed_ms=19382 STATUS=36BC82EF ENTRY=00017A20 MODE_MASTER_STAGE=00000004 PTP=00002104 PTP_META=03020404 SPLL_STATE=00000000 LOCK_ENABLE=00000000 EIC_ISR=00000000 TAG_VALID=00000000 TRR_WRITE=00000000 TRR_POP=00000000 IRQ_COUNT=00000000 HELPER_UPDATE=00000000 PTP_RX=00000038 PTP_TX=00000033
FORENSICS_SAMPLE board=DE5 [1-11.1] sample=069 elapsed_ms=19669 STATUS=265082EF ENTRY=00017A20 MODE_MASTER_STAGE=00000004 PTP=00002104 PTP_META=03020404 SPLL_STATE=00000000 LOCK_ENABLE=00000000 EIC_ISR=00000000 TAG_VALID=00000000 TRR_WRITE=00000000 TRR_POP=00000000 IRQ_COUNT=00000000 HELPER_UPDATE=00000000 PTP_RX=00000038 PTP_TX=00000033
FORENSICS_SAMPLE board=DE5 [1-11.1] sample=070 elapsed_ms=19959 STATUS=265082EF ENTRY=00017A20 MODE_MASTER_STAGE=00000004 PTP=00002104 PTP_META=03020404 SPLL_STATE=00000000 LOCK_ENABLE=00000000 EIC_ISR=00000000 TAG_VALID=00000000 TRR_WRITE=00000000 TRR_POP=00000000 IRQ_COUNT=00000000 HELPER_UPDATE=00000000 PTP_RX=00000038 PTP_TX=00000033
FORENSICS_SAMPLE board=DE5 [1-11.1] sample=071 elapsed_ms=20248 STATUS=265082EF ENTRY=00017A20 MODE_MASTER_STAGE=00000004 PTP=00002104 PTP_META=03020404 SPLL_STATE=00000000 LOCK_ENABLE=00000000 EIC_ISR=00000000 TAG_VALID=00000000 TRR_WRITE=00000000 TRR_POP=00000000 IRQ_COUNT=00000000 HELPER_UPDATE=00000000 PTP_RX=00000038 PTP_TX=00000033
FORENSICS_SAMPLE board=DE5 [1-11.1] sample=072 elapsed_ms=20536 STATUS=36BC82EF ENTRY=00017A20 MODE_MASTER_STAGE=00000004 PTP=00002104 PTP_META=03020404 SPLL_STATE=00000000 LOCK_ENABLE=00000000 EIC_ISR=00000000 TAG_VALID=00000000 TRR_WRITE=00000000 TRR_POP=00000000 IRQ_COUNT=00000000 HELPER_UPDATE=00000000 PTP_RX=00000038 PTP_TX=00000033
FORENSICS_SAMPLE board=DE5 [1-11.1] sample=073 elapsed_ms=20825 STATUS=36BC82EF ENTRY=00017A20 MODE_MASTER_STAGE=00000004 PTP=00002104 PTP_META=03020404 SPLL_STATE=00000000 LOCK_ENABLE=00000000 EIC_ISR=00000000 TAG_VALID=00000000 TRR_WRITE=00000000 TRR_POP=00000000 IRQ_COUNT=00000000 HELPER_UPDATE=00000000 PTP_RX=00000038 PTP_TX=00000033
FORENSICS_SAMPLE board=DE5 [1-11.1] sample=074 elapsed_ms=21115 STATUS=36D082EF ENTRY=00017A20 MODE_MASTER_STAGE=00000004 PTP=00002104 PTP_META=03020404 SPLL_STATE=00000000 LOCK_ENABLE=00000000 EIC_ISR=00000000 TAG_VALID=00000000 TRR_WRITE=00000000 TRR_POP=00000000 IRQ_COUNT=00000000 HELPER_UPDATE=00000000 PTP_RX=0000003B PTP_TX=00000033
FORENSICS_SAMPLE board=DE5 [1-11.1] sample=075 elapsed_ms=21404 STATUS=36D082EF ENTRY=00017A20 MODE_MASTER_STAGE=00000004 PTP=00002104 PTP_META=03020404 SPLL_STATE=00000000 LOCK_ENABLE=00000000 EIC_ISR=00000000 TAG_VALID=00000000 TRR_WRITE=00000000 TRR_POP=00000000 IRQ_COUNT=00000000 HELPER_UPDATE=00000000 PTP_RX=0000003B PTP_TX=00000033
FORENSICS_SAMPLE board=DE5 [1-11.1] sample=076 elapsed_ms=21692 STATUS=36F082EF ENTRY=00017A20 MODE_MASTER_STAGE=00000004 PTP=00002104 PTP_META=03020404 SPLL_STATE=00000000 LOCK_ENABLE=00000000 EIC_ISR=00000000 TAG_VALID=00000000 TRR_WRITE=00000000 TRR_POP=00000000 IRQ_COUNT=00000000 HELPER_UPDATE=00000000 PTP_RX=0000003B PTP_TX=00000033
FORENSICS_SAMPLE board=DE5 [1-11.1] sample=077 elapsed_ms=21982 STATUS=36BC82EF ENTRY=00017A20 MODE_MASTER_STAGE=00000004 PTP=00002104 PTP_META=03020404 SPLL_STATE=00000000 LOCK_ENABLE=00000000 EIC_ISR=00000000 TAG_VALID=00000000 TRR_WRITE=00000000 TRR_POP=00000000 IRQ_COUNT=00000000 HELPER_UPDATE=00000000 PTP_RX=0000003B PTP_TX=00000033
FORENSICS_SAMPLE board=DE5 [1-11.1] sample=078 elapsed_ms=22271 STATUS=363C82EF ENTRY=00017A20 MODE_MASTER_STAGE=00000004 PTP=00002104 PTP_META=03020404 SPLL_STATE=00000000 LOCK_ENABLE=00000000 EIC_ISR=00000000 TAG_VALID=00000000 TRR_WRITE=00000000 TRR_POP=00000000 IRQ_COUNT=00000000 HELPER_UPDATE=00000000 PTP_RX=0000003B PTP_TX=00000033
FORENSICS_SAMPLE board=DE5 [1-11.1] sample=079 elapsed_ms=22561 STATUS=265082EF ENTRY=00017A20 MODE_MASTER_STAGE=00000004 PTP=00002104 PTP_META=03020404 SPLL_STATE=00000000 LOCK_ENABLE=00000000 EIC_ISR=00000000 TAG_VALID=00000000 TRR_WRITE=00000000 TRR_POP=00000000 IRQ_COUNT=00000000 HELPER_UPDATE=00000000 PTP_RX=0000003B PTP_TX=00000033
FORENSICS_SAMPLE board=DE5 [1-11.1] sample=080 elapsed_ms=22849 STATUS=261C82EF ENTRY=00017A20 MODE_MASTER_STAGE=00000004 PTP=00002104 PTP_META=03020404 SPLL_STATE=00000000 LOCK_ENABLE=00000000 EIC_ISR=00000000 TAG_VALID=00000000 TRR_WRITE=00000000 TRR_POP=00000000 IRQ_COUNT=00000000 HELPER_UPDATE=00000000 PTP_RX=0000003B PTP_TX=00000033
FORENSICS_SAMPLE board=DE5 [1-11.1] sample=081 elapsed_ms=23140 STATUS=265082EF ENTRY=00017A20 MODE_MASTER_STAGE=00000004 PTP=00002104 PTP_META=03020404 SPLL_STATE=00000000 LOCK_ENABLE=00000000 EIC_ISR=00000000 TAG_VALID=00000000 TRR_WRITE=00000000 TRR_POP=00000000 IRQ_COUNT=00000000 HELPER_UPDATE=00000000 PTP_RX=0000003B PTP_TX=00000033
FORENSICS_SAMPLE board=DE5 [1-11.1] sample=082 elapsed_ms=23428 STATUS=36BC82EF ENTRY=00017A20 MODE_MASTER_STAGE=00000004 PTP=00002104 PTP_META=03020404 SPLL_STATE=00000000 LOCK_ENABLE=00000000 EIC_ISR=00000000 TAG_VALID=00000000 TRR_WRITE=00000000 TRR_POP=00000000 IRQ_COUNT=00000000 HELPER_UPDATE=00000000 PTP_RX=0000003B PTP_TX=00000033
FORENSICS_SAMPLE board=DE5 [1-11.1] sample=083 elapsed_ms=23717 STATUS=265082EF ENTRY=00017A20 MODE_MASTER_STAGE=00000004 PTP=00002104 PTP_META=03020404 SPLL_STATE=00000000 LOCK_ENABLE=00000000 EIC_ISR=00000000 TAG_VALID=00000000 TRR_WRITE=00000000 TRR_POP=00000000 IRQ_COUNT=00000000 HELPER_UPDATE=00000000 PTP_RX=0000003B PTP_TX=00000033
FORENSICS_SAMPLE board=DE5 [1-11.1] sample=084 elapsed_ms=24007 STATUS=263C82EF ENTRY=00017A20 MODE_MASTER_STAGE=00000004 PTP=00002104 PTP_META=03020404 SPLL_STATE=00000000 LOCK_ENABLE=00000000 EIC_ISR=00000000 TAG_VALID=00000000 TRR_WRITE=00000000 TRR_POP=00000000 IRQ_COUNT=00000000 HELPER_UPDATE=00000000 PTP_RX=0000003B PTP_TX=00000033
FORENSICS_SAMPLE board=DE5 [1-11.1] sample=085 elapsed_ms=24296 STATUS=363C82EF ENTRY=00017A20 MODE_MASTER_STAGE=00000004 PTP=00002104 PTP_META=03020404 SPLL_STATE=00000000 LOCK_ENABLE=00000000 EIC_ISR=00000000 TAG_VALID=00000000 TRR_WRITE=00000000 TRR_POP=00000000 IRQ_COUNT=00000000 HELPER_UPDATE=00000000 PTP_RX=0000003B PTP_TX=00000033
FORENSICS_SAMPLE board=DE5 [1-11.1] sample=086 elapsed_ms=24585 STATUS=261C82EF ENTRY=00017A20 MODE_MASTER_STAGE=00000004 PTP=00002104 PTP_META=03020404 SPLL_STATE=00000000 LOCK_ENABLE=00000000 EIC_ISR=00000000 TAG_VALID=00000000 TRR_WRITE=00000000 TRR_POP=00000000 IRQ_COUNT=00000000 HELPER_UPDATE=00000000 PTP_RX=0000003B PTP_TX=00000033
FORENSICS_SAMPLE board=DE5 [1-11.1] sample=087 elapsed_ms=24873 STATUS=36D082EF ENTRY=00017A20 MODE_MASTER_STAGE=00000004 PTP=00002104 PTP_META=03020404 SPLL_STATE=00000000 LOCK_ENABLE=00000000 EIC_ISR=00000000 TAG_VALID=00000000 TRR_WRITE=00000000 TRR_POP=00000000 IRQ_COUNT=00000000 HELPER_UPDATE=00000000 PTP_RX=0000003B PTP_TX=00000033
FORENSICS_SAMPLE board=DE5 [1-11.1] sample=088 elapsed_ms=25164 STATUS=261C82EF ENTRY=00017A20 MODE_MASTER_STAGE=00000004 PTP=00002104 PTP_META=03020404 SPLL_STATE=00000000 LOCK_ENABLE=00000000 EIC_ISR=00000000 TAG_VALID=00000000 TRR_WRITE=00000000 TRR_POP=00000000 IRQ_COUNT=00000000 HELPER_UPDATE=00000000 PTP_RX=0000003B PTP_TX=00000036
FORENSICS_SAMPLE board=DE5 [1-11.1] sample=089 elapsed_ms=25454 STATUS=265082EF ENTRY=00017A20 MODE_MASTER_STAGE=00000004 PTP=00002104 PTP_META=03020404 SPLL_STATE=00000000 LOCK_ENABLE=00000000 EIC_ISR=00000000 TAG_VALID=00000000 TRR_WRITE=00000000 TRR_POP=00000000 IRQ_COUNT=00000000 HELPER_UPDATE=00000000 PTP_RX=0000003B PTP_TX=00000036
FORENSICS_SAMPLE board=DE5 [1-11.1] sample=090 elapsed_ms=25742 STATUS=265082EF ENTRY=00017A20 MODE_MASTER_STAGE=00000004 PTP=00002104 PTP_META=03020404 SPLL_STATE=00000000 LOCK_ENABLE=00000000 EIC_ISR=00000000 TAG_VALID=00000000 TRR_WRITE=00000000 TRR_POP=00000000 IRQ_COUNT=00000000 HELPER_UPDATE=00000000 PTP_RX=0000003B PTP_TX=00000036
FORENSICS_SAMPLE board=DE5 [1-11.1] sample=091 elapsed_ms=26033 STATUS=36BC82EF ENTRY=00017A20 MODE_MASTER_STAGE=00000004 PTP=00002104 PTP_META=03020404 SPLL_STATE=00000000 LOCK_ENABLE=00000000 EIC_ISR=00000000 TAG_VALID=00000000 TRR_WRITE=00000000 TRR_POP=00000000 IRQ_COUNT=00000000 HELPER_UPDATE=00000000 PTP_RX=0000003B PTP_TX=00000036
FORENSICS_SAMPLE board=DE5 [1-11.1] sample=092 elapsed_ms=26322 STATUS=36BC82EF ENTRY=00017A20 MODE_MASTER_STAGE=00000004 PTP=00002104 PTP_META=03020404 SPLL_STATE=00000000 LOCK_ENABLE=00000000 EIC_ISR=00000000 TAG_VALID=00000000 TRR_WRITE=00000000 TRR_POP=00000000 IRQ_COUNT=00000000 HELPER_UPDATE=00000000 PTP_RX=0000003B PTP_TX=00000036
FORENSICS_SAMPLE board=DE5 [1-11.1] sample=093 elapsed_ms=26611 STATUS=265482EF ENTRY=00017A20 MODE_MASTER_STAGE=00000004 PTP=00002104 PTP_META=03020404 SPLL_STATE=00000000 LOCK_ENABLE=00000000 EIC_ISR=00000000 TAG_VALID=00000000 TRR_WRITE=00000000 TRR_POP=00000000 IRQ_COUNT=00000000 HELPER_UPDATE=00000000 PTP_RX=0000003B PTP_TX=00000036
FORENSICS_SAMPLE board=DE5 [1-11.1] sample=094 elapsed_ms=26901 STATUS=36BC82EF ENTRY=00017A20 MODE_MASTER_STAGE=00000004 PTP=00002104 PTP_META=03020404 SPLL_STATE=00000000 LOCK_ENABLE=00000000 EIC_ISR=00000000 TAG_VALID=00000000 TRR_WRITE=00000000 TRR_POP=00000000 IRQ_COUNT=00000000 HELPER_UPDATE=00000000 PTP_RX=0000003B PTP_TX=00000036
FORENSICS_SAMPLE board=DE5 [1-11.1] sample=095 elapsed_ms=27190 STATUS=265082EF ENTRY=00017A20 MODE_MASTER_STAGE=00000004 PTP=00002104 PTP_META=03020404 SPLL_STATE=00000000 LOCK_ENABLE=00000000 EIC_ISR=00000000 TAG_VALID=00000000 TRR_WRITE=00000000 TRR_POP=00000000 IRQ_COUNT=00000000 HELPER_UPDATE=00000000 PTP_RX=0000003E PTP_TX=00000036
FORENSICS_SAMPLE board=DE5 [1-11.1] sample=096 elapsed_ms=27481 STATUS=36BC82EF ENTRY=00017A20 MODE_MASTER_STAGE=00000004 PTP=00002104 PTP_META=03020404 SPLL_STATE=00000000 LOCK_ENABLE=00000000 EIC_ISR=00000000 TAG_VALID=00000000 TRR_WRITE=00000000 TRR_POP=00000000 IRQ_COUNT=00000000 HELPER_UPDATE=00000000 PTP_RX=0000003E PTP_TX=00000036
FORENSICS_SAMPLE board=DE5 [1-11.1] sample=097 elapsed_ms=27768 STATUS=36BC82EF ENTRY=00017A20 MODE_MASTER_STAGE=00000004 PTP=00002104 PTP_META=03020404 SPLL_STATE=00000000 LOCK_ENABLE=00000000 EIC_ISR=00000000 TAG_VALID=00000000 TRR_WRITE=00000000 TRR_POP=00000000 IRQ_COUNT=00000000 HELPER_UPDATE=00000000 PTP_RX=0000003E PTP_TX=00000036
FORENSICS_SAMPLE board=DE5 [1-11.1] sample=098 elapsed_ms=28059 STATUS=265082EF ENTRY=00017A20 MODE_MASTER_STAGE=00000004 PTP=00002104 PTP_META=03020404 SPLL_STATE=00000000 LOCK_ENABLE=00000000 EIC_ISR=00000000 TAG_VALID=00000000 TRR_WRITE=00000000 TRR_POP=00000000 IRQ_COUNT=00000000 HELPER_UPDATE=00000000 PTP_RX=0000003E PTP_TX=00000036
FORENSICS_SAMPLE board=DE5 [1-11.1] sample=099 elapsed_ms=28349 STATUS=36F082EF ENTRY=00017A20 MODE_MASTER_STAGE=00000004 PTP=00002104 PTP_META=03020404 SPLL_STATE=00000000 LOCK_ENABLE=00000000 EIC_ISR=00000000 TAG_VALID=00000000 TRR_WRITE=00000000 TRR_POP=00000000 IRQ_COUNT=00000000 HELPER_UPDATE=00000000 PTP_RX=0000003E PTP_TX=00000036
FORENSICS_SAMPLE board=DE5 [1-11.1] sample=100 elapsed_ms=28638 STATUS=36BC82EF ENTRY=00017A20 MODE_MASTER_STAGE=00000004 PTP=00002104 PTP_META=03020404 SPLL_STATE=00000000 LOCK_ENABLE=00000000 EIC_ISR=00000000 TAG_VALID=00000000 TRR_WRITE=00000000 TRR_POP=00000000 IRQ_COUNT=00000000 HELPER_UPDATE=00000000 PTP_RX=0000003E PTP_TX=00000036
=== FORENSICS_BOARD DE5 [1-11.2] ===
FORENSICS_SAMPLE board=DE5 [1-11.2] sample=001 elapsed_ms=0 STATUS=35BC82EF ENTRY=00017A20 MODE_MASTER_STAGE=00000000 PTP=00004104 PTP_META=03020404 SPLL_STATE=00000000 LOCK_ENABLE=00000000 EIC_ISR=00000000 TAG_VALID=00000000 TRR_WRITE=00000000 TRR_POP=00000000 IRQ_COUNT=00000000 HELPER_UPDATE=00000000 PTP_RX=000001D1 PTP_TX=000002AD
FORENSICS_SAMPLE board=DE5 [1-11.2] sample=002 elapsed_ms=286 STATUS=25F082EF ENTRY=00017A20 MODE_MASTER_STAGE=00000000 PTP=00004104 PTP_META=03020404 SPLL_STATE=00000000 LOCK_ENABLE=00000000 EIC_ISR=00000000 TAG_VALID=00000000 TRR_WRITE=00000000 TRR_POP=00000000 IRQ_COUNT=00000000 HELPER_UPDATE=00000000 PTP_RX=00000000 PTP_TX=000002AD
FORENSICS_SAMPLE board=DE5 [1-11.2] sample=003 elapsed_ms=574 STATUS=35BC82EF ENTRY=00017A20 MODE_MASTER_STAGE=00000000 PTP=00004104 PTP_META=03020404 SPLL_STATE=00000000 LOCK_ENABLE=00000000 EIC_ISR=00000000 TAG_VALID=00000000 TRR_WRITE=00000000 TRR_POP=00000000 IRQ_COUNT=00000000 HELPER_UPDATE=00000000 PTP_RX=000001D1 PTP_TX=000002AD
FORENSICS_SAMPLE board=DE5 [1-11.2] sample=004 elapsed_ms=862 STATUS=351C82EF ENTRY=00017A20 MODE_MASTER_STAGE=00000000 PTP=00004104 PTP_META=03020404 SPLL_STATE=00000000 LOCK_ENABLE=00000000 EIC_ISR=00000000 TAG_VALID=00000000 TRR_WRITE=00000000 TRR_POP=00000000 IRQ_COUNT=00000000 HELPER_UPDATE=00000000 PTP_RX=000001D1 PTP_TX=000002AD
FORENSICS_SAMPLE board=DE5 [1-11.2] sample=005 elapsed_ms=1152 STATUS=35BC82EF ENTRY=00017A20 MODE_MASTER_STAGE=00000000 PTP=00004104 PTP_META=03020404 SPLL_STATE=00000000 LOCK_ENABLE=00000000 EIC_ISR=00000000 TAG_VALID=00000000 TRR_WRITE=00000000 TRR_POP=00000000 IRQ_COUNT=00000000 HELPER_UPDATE=00000000 PTP_RX=000001D1 PTP_TX=000002AD
FORENSICS_SAMPLE board=DE5 [1-11.2] sample=006 elapsed_ms=1441 STATUS=35BC82EF ENTRY=00017A20 MODE_MASTER_STAGE=00000000 PTP=00004104 PTP_META=03020404 SPLL_STATE=00000000 LOCK_ENABLE=00000000 EIC_ISR=00000000 TAG_VALID=00000000 TRR_WRITE=00000000 TRR_POP=00000000 IRQ_COUNT=00000000 HELPER_UPDATE=00000000 PTP_RX=000001D1 PTP_TX=000002AD
FORENSICS_SAMPLE board=DE5 [1-11.2] sample=007 elapsed_ms=1731 STATUS=255082EF ENTRY=00017A20 MODE_MASTER_STAGE=00000000 PTP=00004104 PTP_META=03020404 SPLL_STATE=00000000 LOCK_ENABLE=00000000 EIC_ISR=00000000 TAG_VALID=00000000 TRR_WRITE=00000000 TRR_POP=00000000 IRQ_COUNT=00000000 HELPER_UPDATE=00000000 PTP_RX=000001D1 PTP_TX=000002AD
FORENSICS_SAMPLE board=DE5 [1-11.2] sample=008 elapsed_ms=2020 STATUS=35BC82EF ENTRY=00017A20 MODE_MASTER_STAGE=00000000 PTP=00004104 PTP_META=03020404 SPLL_STATE=00000000 LOCK_ENABLE=00000000 EIC_ISR=00000000 TAG_VALID=00000000 TRR_WRITE=00000000 TRR_POP=00000000 IRQ_COUNT=00000000 HELPER_UPDATE=00000000 PTP_RX=000001D1 PTP_TX=000002AD
FORENSICS_SAMPLE board=DE5 [1-11.2] sample=009 elapsed_ms=2308 STATUS=25F082EF ENTRY=00017A20 MODE_MASTER_STAGE=00000000 PTP=00000000 PTP_META=03020404 SPLL_STATE=00000000 LOCK_ENABLE=00000000 EIC_ISR=00000000 TAG_VALID=00000000 TRR_WRITE=00000000 TRR_POP=000002AD IRQ_COUNT=00000000 HELPER_UPDATE=00000000 PTP_RX=000001D1 PTP_TX=000002AD
FORENSICS_SAMPLE board=DE5 [1-11.2] sample=010 elapsed_ms=2596 STATUS=35BC82EF ENTRY=00017A20 MODE_MASTER_STAGE=00000000 PTP=00004104 PTP_META=03020404 SPLL_STATE=00000000 LOCK_ENABLE=00000000 EIC_ISR=00000000 TAG_VALID=00000000 TRR_WRITE=00000000 TRR_POP=00000000 IRQ_COUNT=00000000 HELPER_UPDATE=00000000 PTP_RX=000001D4 PTP_TX=000002AD
FORENSICS_SAMPLE board=DE5 [1-11.2] sample=011 elapsed_ms=2885 STATUS=35BC82EF ENTRY=00017A20 MODE_MASTER_STAGE=00000000 PTP=00004104 PTP_META=03020404 SPLL_STATE=00000000 LOCK_ENABLE=00000000 EIC_ISR=00000000 TAG_VALID=00000000 TRR_WRITE=00000000 TRR_POP=00000000 IRQ_COUNT=00000000 HELPER_UPDATE=00000000 PTP_RX=000001D4 PTP_TX=03020404
FORENSICS_SAMPLE board=DE5 [1-11.2] sample=012 elapsed_ms=3174 STATUS=25F082EF ENTRY=00017A20 MODE_MASTER_STAGE=00000000 PTP=00000000 PTP_META=03020404 SPLL_STATE=00000000 LOCK_ENABLE=00000000 EIC_ISR=00000000 TAG_VALID=00000000 TRR_WRITE=00000000 TRR_POP=00000000 IRQ_COUNT=00000000 HELPER_UPDATE=00000000 PTP_RX=000001D4 PTP_TX=000002AD
FORENSICS_SAMPLE board=DE5 [1-11.2] sample=013 elapsed_ms=3463 STATUS=35BC82EF ENTRY=00017A20 MODE_MASTER_STAGE=00000000 PTP=00004104 PTP_META=03020404 SPLL_STATE=00000000 LOCK_ENABLE=00000000 EIC_ISR=00000000 TAG_VALID=00000000 TRR_WRITE=00000000 TRR_POP=00000000 IRQ_COUNT=00000000 HELPER_UPDATE=00000000 PTP_RX=000001D4 PTP_TX=000002AD
FORENSICS_SAMPLE board=DE5 [1-11.2] sample=014 elapsed_ms=3752 STATUS=35BC82EF ENTRY=00017A20 MODE_MASTER_STAGE=00000000 PTP=00004104 PTP_META=03020404 SPLL_STATE=00000000 LOCK_ENABLE=00000000 EIC_ISR=00000000 TAG_VALID=00000000 TRR_WRITE=00000000 TRR_POP=00000000 IRQ_COUNT=00000000 HELPER_UPDATE=00000000 PTP_RX=000001D4 PTP_TX=000002AD
FORENSICS_SAMPLE board=DE5 [1-11.2] sample=015 elapsed_ms=4042 STATUS=35BC82EF ENTRY=00017A20 MODE_MASTER_STAGE=00000000 PTP=00004104 PTP_META=03020404 SPLL_STATE=00000000 LOCK_ENABLE=00000000 EIC_ISR=54E50A44 TAG_VALID=00000000 TRR_WRITE=00000000 TRR_POP=00000000 IRQ_COUNT=00000000 HELPER_UPDATE=00000000 PTP_RX=000001D4 PTP_TX=000001D4
FORENSICS_SAMPLE board=DE5 [1-11.2] sample=016 elapsed_ms=4331 STATUS=35F082EF ENTRY=00017A20 MODE_MASTER_STAGE=00000000 PTP=00004104 PTP_META=03020404 SPLL_STATE=00000000 LOCK_ENABLE=00000000 EIC_ISR=00000000 TAG_VALID=00000000 TRR_WRITE=00000000 TRR_POP=00000000 IRQ_COUNT=00000000 HELPER_UPDATE=000B304E PTP_RX=000001D4 PTP_TX=000002B0
FORENSICS_SAMPLE board=DE5 [1-11.2] sample=017 elapsed_ms=4620 STATUS=25F082EF ENTRY=00017A20 MODE_MASTER_STAGE=00000000 PTP=00004104 PTP_META=03020404 SPLL_STATE=00000000 LOCK_ENABLE=00000000 EIC_ISR=00000000 TAG_VALID=00000000 TRR_WRITE=00000000 TRR_POP=00000000 IRQ_COUNT=00000000 HELPER_UPDATE=00000000 PTP_RX=000001D4 PTP_TX=000002B0
FORENSICS_SAMPLE board=DE5 [1-11.2] sample=018 elapsed_ms=4910 STATUS=35BC82EF ENTRY=00017A20 MODE_MASTER_STAGE=00000000 PTP=00004104 PTP_META=03020404 SPLL_STATE=00000000 LOCK_ENABLE=00000000 EIC_ISR=00000000 TAG_VALID=00000000 TRR_WRITE=00000000 TRR_POP=00000000 IRQ_COUNT=00000000 HELPER_UPDATE=00000000 PTP_RX=000001D4 PTP_TX=000002B0
FORENSICS_SAMPLE board=DE5 [1-11.2] sample=019 elapsed_ms=5200 STATUS=255C82EF ENTRY=00017A20 MODE_MASTER_STAGE=00000000 PTP=00000000 PTP_META=03020404 SPLL_STATE=00000000 LOCK_ENABLE=00000000 EIC_ISR=00000000 TAG_VALID=00000000 TRR_WRITE=00000000 TRR_POP=00000000 IRQ_COUNT=00000000 HELPER_UPDATE=00000000 PTP_RX=000001D4 PTP_TX=000002B0
FORENSICS_SAMPLE board=DE5 [1-11.2] sample=020 elapsed_ms=5488 STATUS=35BC82EF ENTRY=00017A20 MODE_MASTER_STAGE=00000000 PTP=00004104 PTP_META=03020404 SPLL_STATE=00000000 LOCK_ENABLE=00000000 EIC_ISR=00000000 TAG_VALID=00000000 TRR_WRITE=00000000 TRR_POP=00000000 IRQ_COUNT=00000000 HELPER_UPDATE=00000000 PTP_RX=000001D4 PTP_TX=000002B0
FORENSICS_SAMPLE board=DE5 [1-11.2] sample=021 elapsed_ms=5777 STATUS=35BC82EF ENTRY=00017A20 MODE_MASTER_STAGE=00000000 PTP=00004104 PTP_META=03020404 SPLL_STATE=00000000 LOCK_ENABLE=00000000 EIC_ISR=00000000 TAG_VALID=00000000 TRR_WRITE=00000000 TRR_POP=00000000 IRQ_COUNT=00000000 HELPER_UPDATE=00000000 PTP_RX=000001D4 PTP_TX=000002B0
FORENSICS_SAMPLE board=DE5 [1-11.2] sample=022 elapsed_ms=6066 STATUS=351C82EF ENTRY=00017A20 MODE_MASTER_STAGE=00000000 PTP=00004104 PTP_META=03020404 SPLL_STATE=00000000 LOCK_ENABLE=00000000 EIC_ISR=00000000 TAG_VALID=00000000 TRR_WRITE=00000000 TRR_POP=00000000 IRQ_COUNT=00000000 HELPER_UPDATE=00000000 PTP_RX=000001D4 PTP_TX=000002B0
FORENSICS_SAMPLE board=DE5 [1-11.2] sample=023 elapsed_ms=6354 STATUS=35BC82EF ENTRY=00017A20 MODE_MASTER_STAGE=00000000 PTP=00004104 PTP_META=03020404 SPLL_STATE=00000000 LOCK_ENABLE=00020000 EIC_ISR=00000000 TAG_VALID=00000000 TRR_WRITE=00000000 TRR_POP=00000000 IRQ_COUNT=00000000 HELPER_UPDATE=00000000 PTP_RX=000001D4 PTP_TX=000002B0
FORENSICS_SAMPLE board=DE5 [1-11.2] sample=024 elapsed_ms=6644 STATUS=35BC82EF ENTRY=00017A20 MODE_MASTER_STAGE=00000000 PTP=00000000 PTP_META=03020404 SPLL_STATE=00000000 LOCK_ENABLE=00000000 EIC_ISR=00000000 TAG_VALID=00000000 TRR_WRITE=00000000 TRR_POP=00000000 IRQ_COUNT=00000000 HELPER_UPDATE=00000000 PTP_RX=000001D4 PTP_TX=000002B0
FORENSICS_SAMPLE board=DE5 [1-11.2] sample=025 elapsed_ms=6933 STATUS=35BC82EF ENTRY=00017A20 MODE_MASTER_STAGE=00000000 PTP=00004104 PTP_META=03020404 SPLL_STATE=00000000 LOCK_ENABLE=00000000 EIC_ISR=00000000 TAG_VALID=00000000 TRR_WRITE=00000000 TRR_POP=00000000 IRQ_COUNT=00000000 HELPER_UPDATE=00000000 PTP_RX=000001D4 PTP_TX=000002B0
FORENSICS_SAMPLE board=DE5 [1-11.2] sample=026 elapsed_ms=7223 STATUS=255082EF ENTRY=00017A20 MODE_MASTER_STAGE=00000000 PTP=00004104 PTP_META=03020404 SPLL_STATE=00000000 LOCK_ENABLE=00000000 EIC_ISR=00000000 TAG_VALID=00000000 TRR_WRITE=00000000 TRR_POP=00000000 IRQ_COUNT=00000000 HELPER_UPDATE=00000000 PTP_RX=000001D4 PTP_TX=000002B0
FORENSICS_SAMPLE board=DE5 [1-11.2] sample=027 elapsed_ms=7512 STATUS=251C82EF ENTRY=00017A20 MODE_MASTER_STAGE=00000000 PTP=00004104 PTP_META=03020404 SPLL_STATE=00000000 LOCK_ENABLE=00000000 EIC_ISR=00000000 TAG_VALID=00000000 TRR_WRITE=00000000 TRR_POP=00000000 IRQ_COUNT=00000000 HELPER_UPDATE=00000000 PTP_RX=000001D4 PTP_TX=000002B0
FORENSICS_SAMPLE board=DE5 [1-11.2] sample=028 elapsed_ms=7802 STATUS=255082EF ENTRY=00017A20 MODE_MASTER_STAGE=00000000 PTP=00004104 PTP_META=03020404 SPLL_STATE=00000000 LOCK_ENABLE=00000000 EIC_ISR=00000000 TAG_VALID=00000000 TRR_WRITE=00000000 TRR_POP=00000000 IRQ_COUNT=00000000 HELPER_UPDATE=00000000 PTP_RX=000001D4 PTP_TX=000002B0
FORENSICS_SAMPLE board=DE5 [1-11.2] sample=029 elapsed_ms=8092 STATUS=35BC82EF ENTRY=00017A20 MODE_MASTER_STAGE=00000000 PTP=00004104 PTP_META=03020404 SPLL_STATE=00000000 LOCK_ENABLE=00000000 EIC_ISR=00000000 TAG_VALID=00000000 TRR_WRITE=00000000 TRR_POP=00000000 IRQ_COUNT=00000000 HELPER_UPDATE=00000000 PTP_RX=000001D4 PTP_TX=000002B0
FORENSICS_SAMPLE board=DE5 [1-11.2] sample=030 elapsed_ms=8382 STATUS=255082EF ENTRY=00017A20 MODE_MASTER_STAGE=00000000 PTP=00004104 PTP_META=03020404 SPLL_STATE=00000000 LOCK_ENABLE=00000000 EIC_ISR=00000000 TAG_VALID=00000000 TRR_WRITE=00000000 TRR_POP=00000000 IRQ_COUNT=00000000 HELPER_UPDATE=00000000 PTP_RX=000001D7 PTP_TX=000002B0
FORENSICS_SAMPLE board=DE5 [1-11.2] sample=031 elapsed_ms=8671 STATUS=351C82EF ENTRY=00017A20 MODE_MASTER_STAGE=00000000 PTP=00004104 PTP_META=03020404 SPLL_STATE=00000000 LOCK_ENABLE=00000000 EIC_ISR=00000000 TAG_VALID=00000000 TRR_WRITE=00000000 TRR_POP=00000000 IRQ_COUNT=00000000 HELPER_UPDATE=00000000 PTP_RX=000001D7 PTP_TX=000002B0
FORENSICS_SAMPLE board=DE5 [1-11.2] sample=032 elapsed_ms=8961 STATUS=251C82EF ENTRY=00017A20 MODE_MASTER_STAGE=00000000 PTP=00004104 PTP_META=03020404 SPLL_STATE=00000000 LOCK_ENABLE=00000015 EIC_ISR=00000000 TAG_VALID=00000000 TRR_WRITE=00000000 TRR_POP=00000000 IRQ_COUNT=00000000 HELPER_UPDATE=00000000 PTP_RX=000001D7 PTP_TX=03020404
FORENSICS_SAMPLE board=DE5 [1-11.2] sample=033 elapsed_ms=9251 STATUS=255082EF ENTRY=00017A20 MODE_MASTER_STAGE=00000000 PTP=00004104 PTP_META=03020404 SPLL_STATE=00000000 LOCK_ENABLE=00000000 EIC_ISR=00000000 TAG_VALID=00000000 TRR_WRITE=00000000 TRR_POP=00000000 IRQ_COUNT=00000000 HELPER_UPDATE=00000000 PTP_RX=000001D7 PTP_TX=000002B0
FORENSICS_SAMPLE board=DE5 [1-11.2] sample=034 elapsed_ms=9540 STATUS=35BC82EF ENTRY=00017A20 MODE_MASTER_STAGE=00000000 PTP=00004104 PTP_META=03020404 SPLL_STATE=00000000 LOCK_ENABLE=00000000 EIC_ISR=00000000 TAG_VALID=00000000 TRR_WRITE=00000000 TRR_POP=00000000 IRQ_COUNT=00000000 HELPER_UPDATE=00000000 PTP_RX=000001D7 PTP_TX=000002B0
FORENSICS_SAMPLE board=DE5 [1-11.2] sample=035 elapsed_ms=9830 STATUS=35BC82EF ENTRY=00017A20 MODE_MASTER_STAGE=00000000 PTP=00004104 PTP_META=03020404 SPLL_STATE=00000000 LOCK_ENABLE=00000000 EIC_ISR=00000000 TAG_VALID=00000000 TRR_WRITE=00000000 TRR_POP=00000000 IRQ_COUNT=00000000 HELPER_UPDATE=00000000 PTP_RX=000001D7 PTP_TX=000002B0
FORENSICS_SAMPLE board=DE5 [1-11.2] sample=036 elapsed_ms=10120 STATUS=35BC82EF ENTRY=00017A20 MODE_MASTER_STAGE=00000000 PTP=00004104 PTP_META=03020404 SPLL_STATE=00000000 LOCK_ENABLE=00000000 EIC_ISR=00000000 TAG_VALID=00000000 TRR_WRITE=00000000 TRR_POP=00000000 IRQ_COUNT=00000000 HELPER_UPDATE=00000000 PTP_RX=000001D7 PTP_TX=000002B0
FORENSICS_SAMPLE board=DE5 [1-11.2] sample=037 elapsed_ms=10410 STATUS=255082EF ENTRY=00017A20 MODE_MASTER_STAGE=000002B3 PTP=00004104 PTP_META=03020404 SPLL_STATE=00000000 LOCK_ENABLE=00000000 EIC_ISR=00000000 TAG_VALID=00000000 TRR_WRITE=00000000 TRR_POP=00000000 IRQ_COUNT=00000000 HELPER_UPDATE=00000000 PTP_RX=000001D7 PTP_TX=000001D7
FORENSICS_SAMPLE board=DE5 [1-11.2] sample=038 elapsed_ms=10698 STATUS=25F082EF ENTRY=00017A20 MODE_MASTER_STAGE=00000000 PTP=00004104 PTP_META=03020404 SPLL_STATE=00000000 LOCK_ENABLE=00000000 EIC_ISR=00000000 TAG_VALID=00000000 TRR_WRITE=00000000 TRR_POP=00000000 IRQ_COUNT=00000000 HELPER_UPDATE=00000000 PTP_RX=000001D7 PTP_TX=000002B3
FORENSICS_SAMPLE board=DE5 [1-11.2] sample=039 elapsed_ms=10986 STATUS=35BC82EF ENTRY=00017A20 MODE_MASTER_STAGE=00000000 PTP=00004104 PTP_META=03020404 SPLL_STATE=00000000 LOCK_ENABLE=00000000 EIC_ISR=00000000 TAG_VALID=00000000 TRR_WRITE=00000000 TRR_POP=00000000 IRQ_COUNT=00000000 HELPER_UPDATE=00000000 PTP_RX=000001D7 PTP_TX=000002B3
FORENSICS_SAMPLE board=DE5 [1-11.2] sample=040 elapsed_ms=11276 STATUS=255082EF ENTRY=00017A20 MODE_MASTER_STAGE=00000000 PTP=00004104 PTP_META=03020404 SPLL_STATE=00000000 LOCK_ENABLE=00000000 EIC_ISR=00000000 TAG_VALID=00000000 TRR_WRITE=27B4E4A8 TRR_POP=00000000 IRQ_COUNT=00000000 HELPER_UPDATE=00000000 PTP_RX=000001D7 PTP_TX=000002B3
FORENSICS_SAMPLE board=DE5 [1-11.2] sample=041 elapsed_ms=11565 STATUS=255082EF ENTRY=00017A20 MODE_MASTER_STAGE=00000000 PTP=00004104 PTP_META=03020404 SPLL_STATE=00000000 LOCK_ENABLE=00000000 EIC_ISR=00000000 TAG_VALID=00000000 TRR_WRITE=00000000 TRR_POP=00000000 IRQ_COUNT=00000000 HELPER_UPDATE=00000000 PTP_RX=000001D7 PTP_TX=000002B3
FORENSICS_SAMPLE board=DE5 [1-11.2] sample=042 elapsed_ms=11854 STATUS=255082EF ENTRY=00017A20 MODE_MASTER_STAGE=00000000 PTP=00004104 PTP_META=03020404 SPLL_STATE=00000000 LOCK_ENABLE=00000000 EIC_ISR=00000000 TAG_VALID=00000000 TRR_WRITE=00000000 TRR_POP=00000000 IRQ_COUNT=00000000 HELPER_UPDATE=00000000 PTP_RX=000001D7 PTP_TX=000002B3
FORENSICS_SAMPLE board=DE5 [1-11.2] sample=043 elapsed_ms=12144 STATUS=35BC82EF ENTRY=00017A20 MODE_MASTER_STAGE=00000000 PTP=00004104 PTP_META=03020404 SPLL_STATE=00000000 LOCK_ENABLE=00020000 EIC_ISR=00000000 TAG_VALID=00000000 TRR_WRITE=00000000 TRR_POP=00000000 IRQ_COUNT=00000000 HELPER_UPDATE=00000000 PTP_RX=000001D7 PTP_TX=000002B3
FORENSICS_SAMPLE board=DE5 [1-11.2] sample=044 elapsed_ms=12433 STATUS=255082EF ENTRY=00017A20 MODE_MASTER_STAGE=00000000 PTP=00004104 PTP_META=03020404 SPLL_STATE=00000000 LOCK_ENABLE=00000000 EIC_ISR=00000000 TAG_VALID=00000000 TRR_WRITE=00000000 TRR_POP=00000000 IRQ_COUNT=00000000 HELPER_UPDATE=00000000 PTP_RX=000001D7 PTP_TX=03020404
FORENSICS_SAMPLE board=DE5 [1-11.2] sample=045 elapsed_ms=12723 STATUS=35F082EF ENTRY=00017A20 MODE_MASTER_STAGE=00000000 PTP=00004104 PTP_META=03020404 SPLL_STATE=00000000 LOCK_ENABLE=00000000 EIC_ISR=00000000 TAG_VALID=00000000 TRR_WRITE=00000000 TRR_POP=00000000 IRQ_COUNT=00000000 HELPER_UPDATE=00000000 PTP_RX=000001D7 PTP_TX=000002B3
FORENSICS_SAMPLE board=DE5 [1-11.2] sample=046 elapsed_ms=13011 STATUS=255082EF ENTRY=00017A20 MODE_MASTER_STAGE=00000000 PTP=00004104 PTP_META=03020404 SPLL_STATE=00000000 LOCK_ENABLE=00000000 EIC_ISR=00000000 TAG_VALID=00000000 TRR_WRITE=00000000 TRR_POP=00000000 IRQ_COUNT=00000000 HELPER_UPDATE=00000000 PTP_RX=000001D7 PTP_TX=000002B3
FORENSICS_SAMPLE board=DE5 [1-11.2] sample=047 elapsed_ms=13301 STATUS=255082EF ENTRY=00017A20 MODE_MASTER_STAGE=00000000 PTP=00004104 PTP_META=03020404 SPLL_STATE=00000000 LOCK_ENABLE=00000000 EIC_ISR=00000000 TAG_VALID=00000000 TRR_WRITE=00000000 TRR_POP=00000000 IRQ_COUNT=00000000 HELPER_UPDATE=00000000 PTP_RX=000001D7 PTP_TX=000002B3
FORENSICS_SAMPLE board=DE5 [1-11.2] sample=048 elapsed_ms=13590 STATUS=35BC82EF ENTRY=00017A20 MODE_MASTER_STAGE=00000000 PTP=00004104 PTP_META=03020404 SPLL_STATE=00000000 LOCK_ENABLE=00000000 EIC_ISR=00000000 TAG_VALID=00000000 TRR_WRITE=00000000 TRR_POP=00000000 IRQ_COUNT=00000000 HELPER_UPDATE=00000000 PTP_RX=000001D7 PTP_TX=000002B3
FORENSICS_SAMPLE board=DE5 [1-11.2] sample=049 elapsed_ms=13879 STATUS=35BC82EF ENTRY=00017A20 MODE_MASTER_STAGE=00000000 PTP=00004104 PTP_META=03020404 SPLL_STATE=00000000 LOCK_ENABLE=00000000 EIC_ISR=00000000 TAG_VALID=00000000 TRR_WRITE=00000000 TRR_POP=00000000 IRQ_COUNT=00000000 HELPER_UPDATE=00000000 PTP_RX=000001D7 PTP_TX=000002B3
FORENSICS_SAMPLE board=DE5 [1-11.2] sample=050 elapsed_ms=14169 STATUS=35BC82EF ENTRY=00017A20 MODE_MASTER_STAGE=00000000 PTP=00004104 PTP_META=03020404 SPLL_STATE=00000000 LOCK_ENABLE=00000000 EIC_ISR=00000000 TAG_VALID=00000000 TRR_WRITE=00000000 TRR_POP=00000000 IRQ_COUNT=00000000 HELPER_UPDATE=00000000 PTP_RX=000001D7 PTP_TX=000002B3
FORENSICS_SAMPLE board=DE5 [1-11.2] sample=051 elapsed_ms=14458 STATUS=25F082EF ENTRY=00017A20 MODE_MASTER_STAGE=00000000 PTP=00004104 PTP_META=03020404 SPLL_STATE=00000000 LOCK_ENABLE=00000000 EIC_ISR=A280DC53 TAG_VALID=00000000 TRR_WRITE=00000000 TRR_POP=00000000 IRQ_COUNT=00000000 HELPER_UPDATE=00000000 PTP_RX=000001DA PTP_TX=000002B3
FORENSICS_SAMPLE board=DE5 [1-11.2] sample=052 elapsed_ms=14747 STATUS=35F082EF ENTRY=00017A20 MODE_MASTER_STAGE=00000000 PTP=00004104 PTP_META=03020404 SPLL_STATE=00000000 LOCK_ENABLE=00000000 EIC_ISR=00000000 TAG_VALID=00000000 TRR_WRITE=00000000 TRR_POP=00000000 IRQ_COUNT=00000000 HELPER_UPDATE=00000000 PTP_RX=000001DA PTP_TX=000002B3
FORENSICS_SAMPLE board=DE5 [1-11.2] sample=053 elapsed_ms=15038 STATUS=35BC82EF ENTRY=00017A20 MODE_MASTER_STAGE=00000000 PTP=00004104 PTP_META=03020404 SPLL_STATE=00000000 LOCK_ENABLE=00000000 EIC_ISR=00000000 TAG_VALID=00000000 TRR_WRITE=00000000 TRR_POP=00000000 IRQ_COUNT=00000000 HELPER_UPDATE=00000000 PTP_RX=000001DA PTP_TX=000002B3
FORENSICS_SAMPLE board=DE5 [1-11.2] sample=054 elapsed_ms=15327 STATUS=35B482EF ENTRY=00017A20 MODE_MASTER_STAGE=00000000 PTP=00004104 PTP_META=03020404 SPLL_STATE=00000000 LOCK_ENABLE=00000000 EIC_ISR=00000000 TAG_VALID=00000000 TRR_WRITE=00000000 TRR_POP=00000000 IRQ_COUNT=00000000 HELPER_UPDATE=00000000 PTP_RX=000001DA PTP_TX=000002B3
FORENSICS_SAMPLE board=DE5 [1-11.2] sample=055 elapsed_ms=15616 STATUS=251C82EF ENTRY=00017A20 MODE_MASTER_STAGE=00000000 PTP=00004104 PTP_META=03020404 SPLL_STATE=00000000 LOCK_ENABLE=00000000 EIC_ISR=00000000 TAG_VALID=00000000 TRR_WRITE=00000000 TRR_POP=00000000 IRQ_COUNT=00000000 HELPER_UPDATE=00000000 PTP_RX=000001DA PTP_TX=000002B3
FORENSICS_SAMPLE board=DE5 [1-11.2] sample=056 elapsed_ms=15905 STATUS=35BC82EF ENTRY=00017A20 MODE_MASTER_STAGE=00000000 PTP=00004104 PTP_META=03020404 SPLL_STATE=00000000 LOCK_ENABLE=00000000 EIC_ISR=00000000 TAG_VALID=00000000 TRR_WRITE=298E4332 TRR_POP=00000000 IRQ_COUNT=00000000 HELPER_UPDATE=00000000 PTP_RX=000001DA PTP_TX=03020404
FORENSICS_SAMPLE board=DE5 [1-11.2] sample=057 elapsed_ms=16195 STATUS=255082EF ENTRY=00017A20 MODE_MASTER_STAGE=00000000 PTP=00004104 PTP_META=03020404 SPLL_STATE=00000000 LOCK_ENABLE=00000000 EIC_ISR=00000000 TAG_VALID=00000000 TRR_WRITE=00000000 TRR_POP=00000000 IRQ_COUNT=00000000 HELPER_UPDATE=00000000 PTP_RX=000001DA PTP_TX=000002B3
FORENSICS_SAMPLE board=DE5 [1-11.2] sample=058 elapsed_ms=16484 STATUS=35BC82EF ENTRY=00017A20 MODE_MASTER_STAGE=00000000 PTP=00004104 PTP_META=03020404 SPLL_STATE=00000000 LOCK_ENABLE=00020000 EIC_ISR=00000000 TAG_VALID=00000000 TRR_WRITE=00000000 TRR_POP=00000000 IRQ_COUNT=00000000 HELPER_UPDATE=00000000 PTP_RX=000001DA PTP_TX=000002B6
FORENSICS_SAMPLE board=DE5 [1-11.2] sample=059 elapsed_ms=16773 STATUS=35BC82EF ENTRY=00017A20 MODE_MASTER_STAGE=00000000 PTP=00004104 PTP_META=03020404 SPLL_STATE=00000000 LOCK_ENABLE=00000000 EIC_ISR=00000000 TAG_VALID=00000000 TRR_WRITE=29E70536 TRR_POP=00000000 IRQ_COUNT=00000000 HELPER_UPDATE=00000000 PTP_RX=000001DA PTP_TX=000002B6
FORENSICS_SAMPLE board=DE5 [1-11.2] sample=060 elapsed_ms=17063 STATUS=35BC82EF ENTRY=00017A20 MODE_MASTER_STAGE=00000000 PTP=00004104 PTP_META=03020404 SPLL_STATE=00000000 LOCK_ENABLE=00000000 EIC_ISR=00000000 TAG_VALID=00000000 TRR_WRITE=00000000 TRR_POP=00000000 IRQ_COUNT=00000000 HELPER_UPDATE=00000000 PTP_RX=000001DA PTP_TX=000002B6
FORENSICS_SAMPLE board=DE5 [1-11.2] sample=061 elapsed_ms=17352 STATUS=35BC82EF ENTRY=00017A20 MODE_MASTER_STAGE=00000000 PTP=00004104 PTP_META=00000000 SPLL_STATE=00000000 LOCK_ENABLE=00000000 EIC_ISR=00000000 TAG_VALID=00000000 TRR_WRITE=00000000 TRR_POP=00000000 IRQ_COUNT=00000000 HELPER_UPDATE=00000000 PTP_RX=000001DA PTP_TX=000002B6
FORENSICS_SAMPLE board=DE5 [1-11.2] sample=062 elapsed_ms=17641 STATUS=255082EF ENTRY=00017A20 MODE_MASTER_STAGE=00000000 PTP=00004104 PTP_META=03020404 SPLL_STATE=00000000 LOCK_ENABLE=00000000 EIC_ISR=00000000 TAG_VALID=00000000 TRR_WRITE=00000000 TRR_POP=00000000 IRQ_COUNT=00000000 HELPER_UPDATE=00000000 PTP_RX=000001DA PTP_TX=000002B6
FORENSICS_SAMPLE board=DE5 [1-11.2] sample=063 elapsed_ms=17930 STATUS=351C82EF ENTRY=00017A20 MODE_MASTER_STAGE=00000000 PTP=00004104 PTP_META=03020404 SPLL_STATE=00000000 LOCK_ENABLE=00000000 EIC_ISR=00000000 TAG_VALID=00000000 TRR_WRITE=00000000 TRR_POP=00000000 IRQ_COUNT=00000000 HELPER_UPDATE=00000000 PTP_RX=000001DA PTP_TX=000002B6
FORENSICS_SAMPLE board=DE5 [1-11.2] sample=064 elapsed_ms=18220 STATUS=35F082EF ENTRY=00017A20 MODE_MASTER_STAGE=00000000 PTP=00004104 PTP_META=03020404 SPLL_STATE=00000000 LOCK_ENABLE=00000000 EIC_ISR=00000000 TAG_VALID=00000000 TRR_WRITE=00000000 TRR_POP=00000000 IRQ_COUNT=00000000 HELPER_UPDATE=00000000 PTP_RX=000001DA PTP_TX=000002B6
FORENSICS_SAMPLE board=DE5 [1-11.2] sample=065 elapsed_ms=18509 STATUS=35BC82EF ENTRY=00017A20 MODE_MASTER_STAGE=00000000 PTP=00004104 PTP_META=03020404 SPLL_STATE=00003400 LOCK_ENABLE=00000000 EIC_ISR=00000000 TAG_VALID=00000000 TRR_WRITE=00000000 TRR_POP=00000000 IRQ_COUNT=00000000 HELPER_UPDATE=00000000 PTP_RX=000001DA PTP_TX=000002B6
FORENSICS_SAMPLE board=DE5 [1-11.2] sample=066 elapsed_ms=18797 STATUS=35BC82EF ENTRY=00017A20 MODE_MASTER_STAGE=00000000 PTP=00004104 PTP_META=03020404 SPLL_STATE=00000000 LOCK_ENABLE=00000015 EIC_ISR=00000000 TAG_VALID=00000000 TRR_WRITE=00000000 TRR_POP=00000000 IRQ_COUNT=00000000 HELPER_UPDATE=00000000 PTP_RX=000001DA PTP_TX=000002B6
FORENSICS_SAMPLE board=DE5 [1-11.2] sample=067 elapsed_ms=19087 STATUS=35BC82EF ENTRY=00017A20 MODE_MASTER_STAGE=00000000 PTP=00004104 PTP_META=03020404 SPLL_STATE=00000000 LOCK_ENABLE=00000000 EIC_ISR=00000000 TAG_VALID=00000000 TRR_WRITE=00000000 TRR_POP=00000000 IRQ_COUNT=00000000 HELPER_UPDATE=00000000 PTP_RX=000001DA PTP_TX=000002B6
FORENSICS_SAMPLE board=DE5 [1-11.2] sample=068 elapsed_ms=19376 STATUS=35F082EF ENTRY=00017A20 MODE_MASTER_STAGE=00000000 PTP=00004104 PTP_META=03020404 SPLL_STATE=00000000 LOCK_ENABLE=00000000 EIC_ISR=00000000 TAG_VALID=00000000 TRR_WRITE=2AF1209A TRR_POP=00000000 IRQ_COUNT=00000000 HELPER_UPDATE=00000000 PTP_RX=00000000 PTP_TX=000002B6
FORENSICS_SAMPLE board=DE5 [1-11.2] sample=069 elapsed_ms=19665 STATUS=251C82EF ENTRY=00017A20 MODE_MASTER_STAGE=00000000 PTP=00004104 PTP_META=03020404 SPLL_STATE=00000000 LOCK_ENABLE=00000000 EIC_ISR=00000000 TAG_VALID=00000000 TRR_WRITE=00000000 TRR_POP=000002B6 IRQ_COUNT=00000000 HELPER_UPDATE=00000000 PTP_RX=000001DA PTP_TX=000002B6
FORENSICS_SAMPLE board=DE5 [1-11.2] sample=070 elapsed_ms=19954 STATUS=35BC82EF ENTRY=00017A20 MODE_MASTER_STAGE=00000000 PTP=00004104 PTP_META=03020404 SPLL_STATE=00000000 LOCK_ENABLE=00000000 EIC_ISR=00000000 TAG_VALID=00000000 TRR_WRITE=00000000 TRR_POP=00000000 IRQ_COUNT=00000000 HELPER_UPDATE=00000000 PTP_RX=000001DA PTP_TX=000002B6
FORENSICS_SAMPLE board=DE5 [1-11.2] sample=071 elapsed_ms=20244 STATUS=35BC82EF ENTRY=00017A20 MODE_MASTER_STAGE=00000000 PTP=00004104 PTP_META=03020404 SPLL_STATE=00000000 LOCK_ENABLE=00000000 EIC_ISR=00000000 TAG_VALID=00000000 TRR_WRITE=00000000 TRR_POP=00000000 IRQ_COUNT=00000000 HELPER_UPDATE=00000000 PTP_RX=000001DA PTP_TX=000002B6
FORENSICS_SAMPLE board=DE5 [1-11.2] sample=072 elapsed_ms=20533 STATUS=251C82EF ENTRY=00017A20 MODE_MASTER_STAGE=00000000 PTP=00004104 PTP_META=03020404 SPLL_STATE=00000000 LOCK_ENABLE=00000000 EIC_ISR=00000000 TAG_VALID=00000000 TRR_WRITE=00000000 TRR_POP=00000000 IRQ_COUNT=00000000 HELPER_UPDATE=00000000 PTP_RX=000001DD PTP_TX=000002B6
FORENSICS_SAMPLE board=DE5 [1-11.2] sample=073 elapsed_ms=20822 STATUS=25F082EF ENTRY=00017A20 MODE_MASTER_STAGE=00000000 PTP=00004104 PTP_META=03020404 SPLL_STATE=00000000 LOCK_ENABLE=00000000 EIC_ISR=00000000 TAG_VALID=00000000 TRR_WRITE=00000000 TRR_POP=00000000 IRQ_COUNT=00000000 HELPER_UPDATE=00000000 PTP_RX=000001DD PTP_TX=000002B6
FORENSICS_SAMPLE board=DE5 [1-11.2] sample=074 elapsed_ms=21111 STATUS=35BC82EF ENTRY=00017A20 MODE_MASTER_STAGE=00000000 PTP=00004104 PTP_META=03020404 SPLL_STATE=00000000 LOCK_ENABLE=00000000 EIC_ISR=D412AD98 TAG_VALID=00000000 TRR_WRITE=00000000 TRR_POP=00000000 IRQ_COUNT=00000000 HELPER_UPDATE=00000000 PTP_RX=000001DD PTP_TX=000001DD
FORENSICS_SAMPLE board=DE5 [1-11.2] sample=075 elapsed_ms=21401 STATUS=255082EF ENTRY=00017A20 MODE_MASTER_STAGE=00000000 PTP=00004104 PTP_META=03020404 SPLL_STATE=00000000 LOCK_ENABLE=00000000 EIC_ISR=00000000 TAG_VALID=00000000 TRR_WRITE=00000000 TRR_POP=00000000 IRQ_COUNT=00000000 HELPER_UPDATE=00000000 PTP_RX=000001DD PTP_TX=03020404
FORENSICS_SAMPLE board=DE5 [1-11.2] sample=076 elapsed_ms=21690 STATUS=351C82EF ENTRY=00017A20 MODE_MASTER_STAGE=00000000 PTP=00004104 PTP_META=03020404 SPLL_STATE=00000000 LOCK_ENABLE=00000000 EIC_ISR=00000000 TAG_VALID=00000000 TRR_WRITE=00000000 TRR_POP=00000000 IRQ_COUNT=00000000 HELPER_UPDATE=00000000 PTP_RX=000001DD PTP_TX=03020404
FORENSICS_SAMPLE board=DE5 [1-11.2] sample=077 elapsed_ms=21980 STATUS=255082EF ENTRY=00017A20 MODE_MASTER_STAGE=00000000 PTP=00004104 PTP_META=03020404 SPLL_STATE=00000000 LOCK_ENABLE=00000000 EIC_ISR=DA89FB6C TAG_VALID=00000000 TRR_WRITE=00000000 TRR_POP=00000000 IRQ_COUNT=00000000 HELPER_UPDATE=00000000 PTP_RX=00000000 PTP_TX=000002B6
FORENSICS_SAMPLE board=DE5 [1-11.2] sample=078 elapsed_ms=22269 STATUS=255082EF ENTRY=00017A20 MODE_MASTER_STAGE=00000000 PTP=00004104 PTP_META=000002B6 SPLL_STATE=00000000 LOCK_ENABLE=00000000 EIC_ISR=00000000 TAG_VALID=00000000 TRR_WRITE=00000000 TRR_POP=00000000 IRQ_COUNT=00000000 HELPER_UPDATE=00000000 PTP_RX=000001DD PTP_TX=000002B6
FORENSICS_SAMPLE board=DE5 [1-11.2] sample=079 elapsed_ms=22559 STATUS=35BC82EF ENTRY=00017A20 MODE_MASTER_STAGE=00000000 PTP=00004104 PTP_META=03020404 SPLL_STATE=00000000 LOCK_ENABLE=00000000 EIC_ISR=00000000 TAG_VALID=00000000 TRR_WRITE=00000000 TRR_POP=00000000 IRQ_COUNT=00000000 HELPER_UPDATE=00000000 PTP_RX=000001DD PTP_TX=000002B9
FORENSICS_SAMPLE board=DE5 [1-11.2] sample=080 elapsed_ms=22847 STATUS=255082EF ENTRY=00017A20 MODE_MASTER_STAGE=00000000 PTP=00004104 PTP_META=03020404 SPLL_STATE=00000000 LOCK_ENABLE=00000000 EIC_ISR=00000000 TAG_VALID=00000000 TRR_WRITE=00000000 TRR_POP=00000000 IRQ_COUNT=00000000 HELPER_UPDATE=00000000 PTP_RX=000001DD PTP_TX=000002B9
FORENSICS_SAMPLE board=DE5 [1-11.2] sample=081 elapsed_ms=23137 STATUS=35BC82EF ENTRY=00017A20 MODE_MASTER_STAGE=00000000 PTP=00004104 PTP_META=03020404 SPLL_STATE=00000000 LOCK_ENABLE=00000015 EIC_ISR=1E4FFFFF TAG_VALID=00000000 TRR_WRITE=00000000 TRR_POP=00000000 IRQ_COUNT=00000000 HELPER_UPDATE=00000000 PTP_RX=000001DD PTP_TX=000002B9
FORENSICS_SAMPLE board=DE5 [1-11.2] sample=082 elapsed_ms=23426 STATUS=25F082EF ENTRY=00017A20 MODE_MASTER_STAGE=00000000 PTP=00004104 PTP_META=03020404 SPLL_STATE=00000000 LOCK_ENABLE=00000000 EIC_ISR=E5524D95 TAG_VALID=00000000 TRR_WRITE=00000000 TRR_POP=00000000 IRQ_COUNT=00000000 HELPER_UPDATE=00000000 PTP_RX=000001DD PTP_TX=000002B9
FORENSICS_SAMPLE board=DE5 [1-11.2] sample=083 elapsed_ms=23716 STATUS=255082EF ENTRY=00017A20 MODE_MASTER_STAGE=00000000 PTP=00004104 PTP_META=03020404 SPLL_STATE=00000000 LOCK_ENABLE=00000000 EIC_ISR=00000000 TAG_VALID=00000000 TRR_WRITE=00000000 TRR_POP=00000000 IRQ_COUNT=00000000 HELPER_UPDATE=00000000 PTP_RX=000001DD PTP_TX=000002B9
FORENSICS_SAMPLE board=DE5 [1-11.2] sample=084 elapsed_ms=24005 STATUS=35F082EF ENTRY=00017A20 MODE_MASTER_STAGE=00000000 PTP=00004104 PTP_META=03020404 SPLL_STATE=00000000 LOCK_ENABLE=00000000 EIC_ISR=00000000 TAG_VALID=00000000 TRR_WRITE=00000000 TRR_POP=00000000 IRQ_COUNT=00000000 HELPER_UPDATE=00000000 PTP_RX=000001DD PTP_TX=000002B9
FORENSICS_SAMPLE board=DE5 [1-11.2] sample=085 elapsed_ms=24295 STATUS=35BC82EF ENTRY=00017A20 MODE_MASTER_STAGE=00000000 PTP=00004104 PTP_META=03020404 SPLL_STATE=00000000 LOCK_ENABLE=00000000 EIC_ISR=00000000 TAG_VALID=00000000 TRR_WRITE=00000000 TRR_POP=00000000 IRQ_COUNT=00000000 HELPER_UPDATE=00000000 PTP_RX=000001DD PTP_TX=000002B9
FORENSICS_SAMPLE board=DE5 [1-11.2] sample=086 elapsed_ms=24584 STATUS=35BC82EF ENTRY=00017A20 MODE_MASTER_STAGE=00000000 PTP=00004104 PTP_META=03020404 SPLL_STATE=00000000 LOCK_ENABLE=00020000 EIC_ISR=00000000 TAG_VALID=00000000 TRR_WRITE=00000000 TRR_POP=00000000 IRQ_COUNT=00000000 HELPER_UPDATE=00000000 PTP_RX=000001DD PTP_TX=000002B9
FORENSICS_SAMPLE board=DE5 [1-11.2] sample=087 elapsed_ms=24873 STATUS=35BC82EF ENTRY=00017A20 MODE_MASTER_STAGE=00000000 PTP=00004104 PTP_META=000002B9 SPLL_STATE=00000000 LOCK_ENABLE=00000000 EIC_ISR=00000000 TAG_VALID=00000000 TRR_WRITE=00000000 TRR_POP=00000000 IRQ_COUNT=00000000 HELPER_UPDATE=00000000 PTP_RX=000001DD PTP_TX=000002B9
FORENSICS_SAMPLE board=DE5 [1-11.2] sample=088 elapsed_ms=25163 STATUS=35BC82EF ENTRY=00017A20 MODE_MASTER_STAGE=000002B9 PTP=00004104 PTP_META=03020404 SPLL_STATE=00000000 LOCK_ENABLE=00000000 EIC_ISR=00000000 TAG_VALID=00000000 TRR_WRITE=00000000 TRR_POP=00000000 IRQ_COUNT=00000000 HELPER_UPDATE=00000000 PTP_RX=000001DD PTP_TX=000001DD
FORENSICS_SAMPLE board=DE5 [1-11.2] sample=089 elapsed_ms=25452 STATUS=35BC82EF ENTRY=00017A20 MODE_MASTER_STAGE=00000000 PTP=00004104 PTP_META=03020404 SPLL_STATE=00000000 LOCK_ENABLE=00000000 EIC_ISR=00000000 TAG_VALID=00000000 TRR_WRITE=2D5DCC68 TRR_POP=00000000 IRQ_COUNT=00000000 HELPER_UPDATE=00000000 PTP_RX=000001DD PTP_TX=000002B9
FORENSICS_SAMPLE board=DE5 [1-11.2] sample=090 elapsed_ms=25741 STATUS=251C82EF ENTRY=00017A20 MODE_MASTER_STAGE=00000000 PTP=00004104 PTP_META=03020404 SPLL_STATE=00000000 LOCK_ENABLE=00000000 EIC_ISR=00000000 TAG_VALID=00000000 TRR_WRITE=2D7B44D6 TRR_POP=00000000 IRQ_COUNT=00000000 HELPER_UPDATE=00000000 PTP_RX=000001DD PTP_TX=000002B9
FORENSICS_SAMPLE board=DE5 [1-11.2] sample=091 elapsed_ms=26031 STATUS=25F082EF ENTRY=00017A20 MODE_MASTER_STAGE=00000000 PTP=00004104 PTP_META=03020404 SPLL_STATE=00000000 LOCK_ENABLE=00000000 EIC_ISR=00000000 TAG_VALID=00000000 TRR_WRITE=2D98CEEA TRR_POP=00000000 IRQ_COUNT=00000000 HELPER_UPDATE=00000000 PTP_RX=000001DD PTP_TX=000002B9
FORENSICS_SAMPLE board=DE5 [1-11.2] sample=092 elapsed_ms=26320 STATUS=255082EF ENTRY=00017A20 MODE_MASTER_STAGE=00000000 PTP=00004104 PTP_META=03020404 SPLL_STATE=00000000 LOCK_ENABLE=00000000 EIC_ISR=00000000 TAG_VALID=00000000 TRR_WRITE=00000000 TRR_POP=00000000 IRQ_COUNT=00000000 HELPER_UPDATE=00000000 PTP_RX=000001E0 PTP_TX=000002B9
FORENSICS_SAMPLE board=DE5 [1-11.2] sample=093 elapsed_ms=26609 STATUS=255082EF ENTRY=00017A20 MODE_MASTER_STAGE=00000000 PTP=00004104 PTP_META=03020404 SPLL_STATE=00000000 LOCK_ENABLE=00000000 EIC_ISR=00000000 TAG_VALID=00000000 TRR_WRITE=00000000 TRR_POP=00000000 IRQ_COUNT=00000000 HELPER_UPDATE=00000000 PTP_RX=000001E0 PTP_TX=000002B9
FORENSICS_SAMPLE board=DE5 [1-11.2] sample=094 elapsed_ms=26897 STATUS=25F082EF ENTRY=00017A20 MODE_MASTER_STAGE=00000000 PTP=00004104 PTP_META=03020404 SPLL_STATE=00000000 LOCK_ENABLE=00000000 EIC_ISR=00000000 TAG_VALID=00000000 TRR_WRITE=00000000 TRR_POP=00000000 IRQ_COUNT=00000000 HELPER_UPDATE=00000000 PTP_RX=000001E0 PTP_TX=03020404
FORENSICS_SAMPLE board=DE5 [1-11.2] sample=095 elapsed_ms=27187 STATUS=25F082EF ENTRY=00017A20 MODE_MASTER_STAGE=00000000 PTP=00004104 PTP_META=03020404 SPLL_STATE=00000000 LOCK_ENABLE=00000000 EIC_ISR=00000000 TAG_VALID=00000000 TRR_WRITE=00000000 TRR_POP=00000000 IRQ_COUNT=00000000 HELPER_UPDATE=00000000 PTP_RX=000001E0 PTP_TX=000002B9
FORENSICS_SAMPLE board=DE5 [1-11.2] sample=096 elapsed_ms=27477 STATUS=25F082EF ENTRY=00017A20 MODE_MASTER_STAGE=00000000 PTP=00004104 PTP_META=03020404 SPLL_STATE=00000000 LOCK_ENABLE=00000000 EIC_ISR=00000000 TAG_VALID=00000000 TRR_WRITE=00000000 TRR_POP=00000000 IRQ_COUNT=00000000 HELPER_UPDATE=00000000 PTP_RX=000001E0 PTP_TX=000002B9
FORENSICS_SAMPLE board=DE5 [1-11.2] sample=097 elapsed_ms=27767 STATUS=35BC82EF ENTRY=00017A20 MODE_MASTER_STAGE=00000000 PTP=00004104 PTP_META=03020404 SPLL_STATE=00000000 LOCK_ENABLE=00000000 EIC_ISR=05AA1A83 TAG_VALID=00000000 TRR_WRITE=00000000 TRR_POP=00000000 IRQ_COUNT=00000000 HELPER_UPDATE=00000000 PTP_RX=000001E0 PTP_TX=000002B9
FORENSICS_SAMPLE board=DE5 [1-11.2] sample=098 elapsed_ms=28058 STATUS=251C82EF ENTRY=00017A20 MODE_MASTER_STAGE=00000000 PTP=00004104 PTP_META=03020404 SPLL_STATE=00000000 LOCK_ENABLE=00000000 EIC_ISR=00000000 TAG_VALID=00000000 TRR_WRITE=00000000 TRR_POP=00000000 IRQ_COUNT=00000000 HELPER_UPDATE=00000000 PTP_RX=000001E0 PTP_TX=000002B9
FORENSICS_SAMPLE board=DE5 [1-11.2] sample=099 elapsed_ms=28347 STATUS=351C82EF ENTRY=00017A20 MODE_MASTER_STAGE=00000000 PTP=00004104 PTP_META=03020404 SPLL_STATE=00000000 LOCK_ENABLE=00000000 EIC_ISR=00000000 TAG_VALID=00000000 TRR_WRITE=00000000 TRR_POP=00000000 IRQ_COUNT=00000000 HELPER_UPDATE=00000000 PTP_RX=000001E0 PTP_TX=000002BC
FORENSICS_SAMPLE board=DE5 [1-11.2] sample=100 elapsed_ms=28636 STATUS=25F082EF ENTRY=00017A20 MODE_MASTER_STAGE=00000000 PTP=00004104 PTP_META=03020404 SPLL_STATE=00000000 LOCK_ENABLE=00000000 EIC_ISR=00000000 TAG_VALID=00000000 TRR_WRITE=00000000 TRR_POP=00000000 IRQ_COUNT=00000000 HELPER_UPDATE=00000000 PTP_RX=000001E0 PTP_TX=000002BC
FORENSICS_DONE
Info (23030): Evaluation of Tcl script scripts/jtag/read_manual_mode_master_transition_forensics.tcl was successful
Info: Quartus Prime Signal Tap was successful. 0 errors, 0 warnings
    Info: Peak virtual memory: 677 megabytes
    Info: Processing ended: Thu Aug 27 12:24:38 2026
    Info: Elapsed time: 00:00:58
    Info: System process ID: 2697933
FORENSICS_POST30S_RC=0
