Info: *******************************************************************
Info: Running Quartus Prime Signal Tap
    Info: Version 21.3.0 Build 170 09/23/2021 SC Pro Edition
    Info: Copyright (C) 2021  Intel Corporation. All rights reserved.
    Info: Your use of Intel Corporation's design tools, logic functions 
    Info: and other software and tools, and any partner logic 
    Info: functions, and any output files from any of the foregoing 
    Info: (including device programming or simulation files), and any 
    Info: associated documentation or information are expressly subject 
    Info: to the terms and conditions of the Intel Program License 
    Info: Subscription Agreement, the Intel Quartus Prime License Agreement,
    Info: the Intel FPGA IP License Agreement, or other applicable license
    Info: agreement, including, without limitation, that your use is for
    Info: the sole purpose of programming logic devices manufactured by
    Info: Intel and sold by Intel or its authorized distributors.  Please
    Info: refer to the applicable agreement for further details, at
    Info: https://fpgasoftware.intel.com/eula.
    Info: Processing started: Tue Sep  8 21:04:18 2026
    Info: System process ID: 50520
Info: Command: quartus_stp -t /home/b10504072/04_WR/artifacts/EXP-WRPC-STEP5-STATIC-COARSE-BRACKET-FDEC5440-20260908/source/scripts/jtag/read_wb_runtime.tcl --raw
Info: Quartus(args): --raw
RAW mailbox completion toggle wb_sync_toggle=0

============================================================
White Rabbit Runtime 診斷：DE5 [1-11.1]
============================================================

## [Step 1] PHY / 光纖 Link
[pass] si_config_done           結果: 1/1
[pass] wr_ready                 結果: 1/1
[pass] core_tm_link_up          結果: 1/1
[pass] core_link_ok             結果: 1/1
[pass] wr_rx_ready              結果: 1/1
[pass] wr_tx_ready              結果: 1/1
[pass] core_phy_rst             結果: 0/0
[pass] si_id_error              結果: 0/0
[pass] wr_rx_enc_err            結果: 0/0
[pass] wr_tx_enc_err            結果: 0/0
[pass] CPU_RESET_n              結果: 1/1
[pass] wr_rx_locked_to_data     結果: 1/1
[info] wr_rx_locked_to_ref      結果: 0/NA
[info] MOD_PRS_n                結果: 0/NA
[info] INTERRUPT_n              結果: 1/NA
Step 1 pass

## [Step 2] Endpoint / MiniNIC / PTP
[pass] EP_MAC_H/EP_MAC_L        結果: 02:00:22:33:44:01/02:00:22:33:44:01
[pass] WDIAGS_MODE              結果: 2 MASTER/2 MASTER
[pass] WDIAGS_PTP               結果: 6 MASTER (raw=01014106)/6 MASTER
[pass] WDIAGS_PTP_RX            結果: Δ=13/Δ>0
RAW WDIAGS_PTP_RX            before=0x00000064 after=0x00000071 delta=13
[pass] WDIAGS_PTP_TX            結果: Δ=26/Δ>0
RAW WDIAGS_PTP_TX            before=0x000000E8 after=0x00000102 delta=26
[pass] WDIAGS_TX                結果: Δ=34/Δ>0
RAW WDIAGS_TX                before=0x00000133 after=0x00000155 delta=34
[pass] WDIAGS_RX                結果: Δ=19/Δ>0
RAW WDIAGS_RX                before=0x000000A0 after=0x000000B3 delta=19
[pass] WDIAGS_RXERR             結果: Δ=0/Δ=0
RAW WDIAGS_RXERR             before=0x00000000 after=0x00000000 delta=0
Step 2 pass

## [Step 3] WR Parent / Signaling
Step 3 NA

## [Step 4A] Master SoftPLL Event Chain
[pass] DMTD_REF_ACCEPT_EVENT    結果: Δ=24586/Δ>=0
RAW DMTD_REF_ACCEPT_EVENT    before=0x000FDB0F after=0x00103B19 delta=24586
[pass] DMTD_FB_ACCEPT_EVENT     結果: Δ=25156/Δ>=0
RAW DMTD_FB_ACCEPT_EVENT     before=0x00449A9A after=0x0044FCDE delta=25156
[pass] DMTD_ACCEPT              結果: Δ=49742/Δ>0
[pass] SPLL_TAG_VALID_COUNT     結果: Δ=25159/Δ>0
RAW SPLL_TAG_VALID_COUNT     before=0x00053AD0 after=0x00059D17 delta=25159
[pass] SPLL_TRR_WRITE_COUNT     結果: Δ=25159/Δ>0
RAW SPLL_TRR_WRITE_COUNT     before=0x00053B00 after=0x00059D47 delta=25159
[pass] WRPC_SPLL_TRR_POP_COUNT  結果: Δ=25178/Δ>0
RAW WRPC_SPLL_TRR_POP_COUNT  before=0x000539A5 after=0x00059BFF delta=25178
[pass] WDIAGS_IRQ_COUNT         結果: Δ=25166/Δ>0
RAW WDIAGS_IRQ_COUNT         before=0x00053B48 after=0x00059D96 delta=25166
[pass] WDIAGS_HELPER_UPDATE_COUNT 結果: Δ=25166/Δ>0
RAW WDIAGS_HELPER_UPDATE_COUNT before=0x00053B48 after=0x00059D96 delta=25166
[pass] BOOT_GENERATION          結果: Δ=0/Δ=0
RAW BOOT_GENERATION          before=0x00000001 after=0x00000001 delta=0
[pass] CPU_RESET_COUNT          結果: Δ=0/Δ=0
RAW CPU_RESET_COUNT          before=0x00000001 after=0x00000001 delta=0
[pass] WR_CORE_RESET_COUNT      結果: Δ=0/Δ=0
RAW WR_CORE_RESET_COUNT      before=0x00000001 after=0x00000001 delta=0
[pass] SI_CONFIG_DROP_COUNT     結果: Δ=0/Δ=0
RAW SI_CONFIG_DROP_COUNT     before=0x00000001 after=0x00000001 delta=0
STEP4A_MASTER_EVENT_CHAIN = PASS
Step 4 pass

## [Step 5] Closed-loop Lock
STEP5_RESULT = NOT_APPLICABLE_MASTER
STEP5_FIRST_INACTIVE_BOUNDARY = SLAVE_ONLY
Step 5 NA (Step5 closed-loop gate is for Slave)

## [Step 6] Global Time
Step 6 NA

============================================================
White Rabbit Runtime 診斷：DE5 [1-11.1]
============================================================
Step 1 PHY / Link             pass
Step 2 Endpoint / PTP         pass
Step 3 WR Handshake           NA
Step 4 Step4A Master Event Chain pass
Step 5 Closed-loop Lock       NA
Step 6 Global Time            NA
STEP1_REGRESSION = PASS
STEP2_REGRESSION = PASS
STEP3_REGRESSION = PASS
STEP4A_RESULT = PASS
STEP5_RESULT = NOT_APPLICABLE_MASTER
STEP5_FIRST_INACTIVE_BOUNDARY = SLAVE_ONLY
FAILURE_CLASSIFICATION = NO_FAILURE_EVIDENCE
============================================================

================ RAW_SNAPSHOT ================
RAW_SNAPSHOT board=DE5 [1-11.1] label=before
  status           = B1103EE3215C82FF
  cpu              = 0000007C000011B0
  marker           = 000000010000B004
  store            = 00052B940001E298
  store_count      = 00000000020F75D9
  exception        = 8000000B000011A8
  clock            = 0028257EDBD2E652
  boot_generation  = 00000001
  cpu_reset_count  = 00000001
  wr_core_reset_count = 00000001
  si_config_drop_count = 00000001
  pps_cr           = 01312D06
  pps_escr         = 0000000C
  ep_mach          = 02000200
  ep_macl          = 22334401
  ep_dsr           = 42000000
  ptp              = 01014106
  ptp_rx           = 00000064
  ptp_tx           = 000000E8
  ptp_meta         = 02010306
  tx               = 00000133
  rx               = 000000A0
  rxerr            = 00000000
  ptp_types        = 01010101
  foreign_meta     = 0000FF00
  filter_meta      = 00000000
  parse_meta       = 000101B1
  wr_rx_signal     = 10000001
  wr_tx_signal     = 10010004
  wr_failure       = 00000000
  wr_state         = A0219864
  wr_reject        = 00000000
  pstat            = 00000001
  sstat            = 00000000
  sec_h            = 00000000
  sec_l            = 00000052
  ns               = 1FE1CC08
  lock_enable      = 00000000
  lock_result      = 00000000
  lock_polls       = 00000000
  lock_unlocked    = 00000000
  lock_calibration_fail = 00000000
  spll_state       = 00020004
  spll_ocer        = 9DD17A01
  spll_rcer        = 00000000
  spll_occr        = 2C00011F
  spll_trr_csr     = 0006366E
  spll_dac_hpll    = 6AE9968A
  spll_dac_main    = 00000002
  spll_helper_state = 00000100
  spll_helper_limits = 271000C8
  spll_main_state  = 00000000
  spll_main_limits = 00320032
  spll_main_phase_limits = 03E804B0
  spll_state_visit_mask = 00000618
  spll_state_transitions = 00000003
  spll_last_state  = 00000004
  spll_init_count  = 00000001
  dmtd_ref         = 000FDB0F
  dmtd_fb          = 00449A9A
  dmtd_ref_high_qual_abort = 0025AB4D
  dmtd_fb_high_qual_abort = 0003A238
  tag_valid        = 00053AD0
  trr_write        = 00053B00
  irq              = 00053B48
  helper_update    = 00053B48
  spll_helper_error = FFFDB610
  spll_helper_output = 0000FFFB
  eic_isr          = FFFF0000
  current_tics     = 0001498B
RAW_SNAPSHOT board=DE5 [1-11.1] label=after
  status           = A1101241215082FF
  cpu              = 0000007C000011B8
  marker           = 000000010000B004
  store            = 00058D510001E298
  store_count      = 000000000238EF49
  exception        = 8000000B000011B0
  clock            = 002B538E09231467
  boot_generation  = 00000001
  cpu_reset_count  = 00000001
  wr_core_reset_count = 00000001
  si_config_drop_count = 00000001
  pps_cr           = 01312D06
  pps_escr         = 0000000C
  ep_mach          = 02000200
  ep_macl          = 22334401
  ep_dsr           = 42000000
  ptp              = 01014106
  ptp_rx           = 00000071
  ptp_tx           = 00000102
  ptp_meta         = 02010306
  tx               = 00000155
  rx               = 000000B3
  rxerr            = 00000000
  ptp_types        = 01010101
  foreign_meta     = 0000FF00
  filter_meta      = 00000000
  parse_meta       = 000101C5
  wr_rx_signal     = 10000001
  wr_tx_signal     = 10010004
  wr_failure       = 00000000
  wr_state         = A0219864
  wr_reject        = 00000000
  pstat            = 00000001
  sstat            = 00000000
  sec_h            = 00000000
  sec_l            = 00000058
  ns               = 25E79C28
  lock_enable      = 00000000
  lock_result      = 00000000
  lock_polls       = 00000000
  lock_unlocked    = 00000000
  lock_calibration_fail = 00000000
  spll_state       = 00020004
  spll_ocer        = E193DA01
  spll_rcer        = 00000000
  spll_occr        = 2100013D
  spll_trr_csr     = 00069624
  spll_dac_hpll    = 985C7E55
  spll_dac_main    = 00000002
  spll_helper_state = 00000100
  spll_helper_limits = 271000C8
  spll_main_state  = 00000000
  spll_main_limits = 00320032
  spll_main_phase_limits = 03E804B0
  spll_state_visit_mask = 00000618
  spll_state_transitions = 00000003
  spll_last_state  = 00000004
  spll_init_count  = 00000001
  dmtd_ref         = 00103B19
  dmtd_fb          = 0044FCDE
  dmtd_ref_high_qual_abort = 00278E36
  dmtd_fb_high_qual_abort = 0003E5DE
  tag_valid        = 00059D17
  trr_write        = 00059D47
  irq              = 00059D96
  helper_update    = 00059D96
  spll_helper_error = FFFDB610
  spll_helper_output = 0000FFFB
  eic_isr          = FFFF0000
  current_tics     = 0001615D
RAW mailbox completion toggle wb_sync_toggle=0

============================================================
White Rabbit Runtime 診斷：DE5 [1-11.2]
============================================================

## [Step 1] PHY / 光纖 Link
[pass] si_config_done           結果: 1/1
[pass] wr_ready                 結果: 1/1
[pass] core_tm_link_up          結果: 1/1
[pass] core_link_ok             結果: 1/1
[pass] wr_rx_ready              結果: 1/1
[pass] wr_tx_ready              結果: 1/1
[pass] core_phy_rst             結果: 0/0
[pass] si_id_error              結果: 0/0
[pass] wr_rx_enc_err            結果: 0/0
[pass] wr_tx_enc_err            結果: 0/0
[pass] CPU_RESET_n              結果: 1/1
[pass] wr_rx_locked_to_data     結果: 1/1
[info] wr_rx_locked_to_ref      結果: 0/NA
[info] MOD_PRS_n                結果: 0/NA
[info] INTERRUPT_n              結果: 1/NA
Step 1 pass

## [Step 2] Endpoint / MiniNIC / PTP
[pass] EP_MAC_H/EP_MAC_L        結果: 02:00:22:33:44:02/02:00:22:33:44:02
[pass] WDIAGS_MODE              結果: 3 SLAVE/3 SLAVE
[pass] WDIAGS_PTP               結果: 9 SLAVE (raw=00004109)/9 SLAVE
[pass] WDIAGS_PTP_RX            結果: Δ=31/Δ>0
RAW WDIAGS_PTP_RX            before=0x00000108 after=0x00000127 delta=31
[pass] WDIAGS_PTP_TX            結果: Δ=14/Δ>0
RAW WDIAGS_PTP_TX            before=0x0000006D after=0x0000007B delta=14
[pass] WDIAGS_TX                結果: Δ=21/Δ>0
RAW WDIAGS_TX                before=0x000000C5 after=0x000000DA delta=21
[pass] WDIAGS_RX                結果: Δ=37/Δ>0
RAW WDIAGS_RX                before=0x0000014D after=0x00000172 delta=37
[pass] WDIAGS_RXERR             結果: Δ=0/Δ=0
RAW WDIAGS_RXERR             before=0x00000000 after=0x00000000 delta=0
Step 2 pass

## [Step 3] WR Parent / Signaling
[pass] WDIAGS_FOREIGN_META      結果: 1/1
[pass] WDIAGS_FOREIGN_META      結果: 0/0
[info] WDIAGS_FOREIGN_META      結果: detection=0 config=3/NA
[pass] parentIsWRnode           結果: 1/1
[info] parentWrModeOn           結果: 0/NA
[pass] parentCalibrated         結果: 1/1
[pass] WR_RX_SIGNAL_DEBUG       結果: LOCK count=1/LOCK 0x1001,count>0
[pass] WR_TX_SIGNAL_DEBUG       結果: SLAVE_PRESENT count=1/SLAVE_PRESENT 0x1000,count>0
[info] WDIAGS_TEMP              結果: WRS_IDLE next=WRS_IDLE POST_STEP3_TIMEOUT/NA
[pass] LOCK_ENABLE              結果: 4/> 0
[info] WR_FAILURE_DEBUG         結果: TIMEOUT last_fail_state=WRS_S_LOCK failure_count=1/NA
Step 3 pass

## [Step 4B] Slave SoftPLL Startup
[pass] LOCK_ENABLE_COUNT        結果: 4/> 0
[pass] SPLL_MODE                結果: 3 (SPLL_MODE_SLAVE)/3 SPLL_MODE_SLAVE
[pass] SPLL_SEQ_STATE           結果: 4 (SEQ_WAIT_HELPER)/active, not 0/7
[pass] SPLL_STATE_VISIT_MASK    結果: 0x00000618/> 0
[pass] SPLL_INIT_COUNT          結果: 1/> 0
[pass] RCER                     結果: 0x00000001/> 0
[pass] OCER                     結果: 0xC18EBC01/> 0
[info] SPLL_ALIGN_STATE         結果: 0/NA
[info] SPLL_STATE_TRANSITIONS   結果: 0x00000003/NA
[info] SPLL_LAST_STATE          結果: 4 (SEQ_WAIT_HELPER)/NA
[info] OCCR                     結果: 0xE60001AF/NA
[pass] DMTD_REF_ACCEPT_EVENT    結果: Δ=27056/Δ>=0
RAW DMTD_REF_ACCEPT_EVENT    before=0x02BD8380 after=0x02BDED30 delta=27056
[pass] DMTD_FB_ACCEPT_EVENT     結果: Δ=26487/Δ>=0
RAW DMTD_FB_ACCEPT_EVENT     before=0x028AD8C5 after=0x028B403C delta=26487
[pass] DMTD_ACCEPT              結果: Δ=53543/Δ>0
[pass] SPLL_TAG_VALID_COUNT     結果: Δ=53551/Δ>0
RAW SPLL_TAG_VALID_COUNT     before=0x00078F2C after=0x0008605B delta=53551
[pass] SPLL_TRR_WRITE_COUNT     結果: Δ=53552/Δ>0
RAW SPLL_TRR_WRITE_COUNT     before=0x00078F93 after=0x000860C3 delta=53552
[pass] WRPC_SPLL_TRR_POP_COUNT  結果: Δ=53711/Δ>0
RAW WRPC_SPLL_TRR_POP_COUNT  before=0x00078CB5 after=0x00085E84 delta=53711
[pass] WDIAGS_IRQ_COUNT         結果: Δ=51594/Δ>0
RAW WDIAGS_IRQ_COUNT         before=0x00076304 after=0x00082C8E delta=51594
[pass] WDIAGS_HELPER_UPDATE_COUNT 結果: Δ=27141/Δ>0
RAW WDIAGS_HELPER_UPDATE_COUNT before=0x0003D246 after=0x00043C4B delta=27141
[pass] BOOT_GENERATION          結果: Δ=0/Δ=0
RAW BOOT_GENERATION          before=0x00000001 after=0x00000001 delta=0
[pass] CPU_RESET_COUNT          結果: Δ=0/Δ=0
RAW CPU_RESET_COUNT          before=0x00000001 after=0x00000001 delta=0
[pass] WR_CORE_RESET_COUNT      結果: Δ=0/Δ=0
RAW WR_CORE_RESET_COUNT      before=0x00000001 after=0x00000001 delta=0
[pass] SI_CONFIG_DROP_COUNT     結果: Δ=0/Δ=0
RAW SI_CONFIG_DROP_COUNT     before=0x00000001 after=0x00000001 delta=0
STEP4B_ALLOWED = YES
STEP4B_RESULT = PASS
STEP4B_FIRST_INACTIVE_BOUNDARY = ACTIVE
Step 4B pass
Step 4 pass

## [Step 5] Closed-loop Lock
STEP5_LOCKDET_BEFORE: HELPER locked=0 changed=0 cnt=0/10000 threshold=200 ref_src=0 MAIN enabled=0 locked=0 freq=0 phase=0 freq_cnt=0/50 phase_cnt=0/1000 PSTAT_locked=0
STEP5_LOCKDET_AFTER: HELPER locked=0 changed=0 cnt=0/10000 threshold=200 ref_src=0 MAIN enabled=0 locked=0 freq=0 phase=0 freq_cnt=0/50 phase_cnt=0/1000 PSTAT_locked=0
[error] WDIAGS_PSTAT             結果: 0/1
STEP5_RESULT = NEVER_LOCKED
STEP5_FIRST_INACTIVE_BOUNDARY = HELPER_LOCK
Step 5 NA (single window is not stable-lock proof)

## [Step 6] Global Time
Step 6 NA

============================================================
White Rabbit Runtime 診斷：DE5 [1-11.2]
============================================================
Step 1 PHY / Link             pass
Step 2 Endpoint / PTP         pass
Step 3 WR Handshake           pass
Step 4 Step4B Slave SoftPLL Startup pass
Step 5 Closed-loop Lock       NA
Step 6 Global Time            NA
STEP1_REGRESSION = PASS
STEP2_REGRESSION = PASS
STEP3_REGRESSION = PASS
STEP4B_ALLOWED = YES
STEP4B_RESULT = PASS
STEP4B_FIRST_INACTIVE_BOUNDARY = ACTIVE
STEP5_RESULT = NEVER_LOCKED
STEP5_FIRST_INACTIVE_BOUNDARY = HELPER_LOCK
FAILURE_CLASSIFICATION = NO_FAILURE_EVIDENCE
============================================================

================ RAW_SNAPSHOT ================
RAW_SNAPSHOT board=DE5 [1-11.2] label=before
  status           = 50107EC1245082EF
  cpu              = 0000007C000011B0
  marker           = 000000010000B004
  store            = 0007426C0001E298
  store_count      = 000000000233C6F6
  exception        = 8000000B000011A8
  clock            = 00293746312E3A0F
  boot_generation  = 00000001
  cpu_reset_count  = 00000001
  wr_core_reset_count = 00000001
  si_config_drop_count = 00000001
  pps_cr           = 01312D06
  pps_escr         = 00000000
  ep_mach          = 02000200
  ep_macl          = 22334402
  ep_dsr           = 42000000
  ptp              = 00004108
  ptp_rx           = 00000108
  ptp_tx           = 0000006D
  ptp_meta         = 03010308
  tx               = 000000C5
  rx               = 0000014D
  rxerr            = 00000000
  ptp_types        = 043B1E3B
  foreign_meta     = 03000001
  filter_meta      = 00000000
  parse_meta       = 05011EE0
  wr_rx_signal     = 10010001
  wr_tx_signal     = 10000001
  wr_failure       = 00000000
  wr_state         = A041135C
  wr_reject        = 00000000
  pstat            = 00000001
  sstat            = 00000101
  sec_h            = 00000000
  sec_l            = 00000043
  ns               = 084E3E40
  lock_enable      = 00000004
  lock_result      = 00000001
  lock_polls       = 0000551A
  lock_unlocked    = 0000551A
  lock_calibration_fail = 00000000
  spll_state       = 00030004
  spll_ocer        = 635B5201
  spll_rcer        = 00000001
  spll_occr        = 150001C5
  spll_trr_csr     = 000684D2
  spll_dac_hpll    = F7F5BFA2
  spll_dac_main    = 00000001
  spll_helper_state = 00000000
  spll_helper_limits = 271000C8
  spll_main_state  = 00000000
  spll_main_limits = 00320032
  spll_main_phase_limits = 03E804B0
  spll_state_visit_mask = 00000618
  spll_state_transitions = 00000003
  spll_last_state  = 00000004
  spll_init_count  = 00000001
  dmtd_ref         = 02BD8380
  dmtd_fb          = 028AD8C5
  dmtd_ref_high_qual_abort = 0009DD66
  dmtd_fb_high_qual_abort = 0003515B
  tag_valid        = 00078F2C
  trr_write        = 00078F93
  irq              = 00076304
  helper_update    = 0003D246
  spll_helper_error = FFFDB610
  spll_helper_output = 0000FFFB
  eic_isr          = FFFF0000
  current_tics     = 00010D68
RAW_SNAPSHOT board=DE5 [1-11.2] label=after
  status           = 60105F41245082EF
  cpu              = 0000007C000011AC
  marker           = 000000010000B004
  store            = 00080E0A0001E298
  store_count      = 00000000026EE31C
  exception        = 8000000B000011AC
  clock            = 002B5D6C56816031
  boot_generation  = 00000001
  cpu_reset_count  = 00000001
  wr_core_reset_count = 00000001
  si_config_drop_count = 00000001
  pps_cr           = 01312D06
  pps_escr         = 00000000
  ep_mach          = 02000200
  ep_macl          = 22334402
  ep_dsr           = 42000000
  ptp              = 00004109
  ptp_rx           = 00000127
  ptp_tx           = 0000007B
  ptp_meta         = 03020409
  tx               = 000000DA
  rx               = 00000172
  rxerr            = 00000000
  ptp_types        = 04422142
  foreign_meta     = 03000001
  filter_meta      = 00000000
  parse_meta       = 05012120
  wr_rx_signal     = 10010001
  wr_tx_signal     = 10000001
  wr_failure       = 02020001
  wr_state         = A000035C
  wr_reject        = 00000000
  pstat            = 00000001
  sstat            = 00000001
  sec_h            = 00000000
  sec_l            = 0000005F
  ns               = 35C45140
  lock_enable      = 00000004
  lock_result      = 00000001
  lock_polls       = 00005B19
  lock_unlocked    = 00005B19
  lock_calibration_fail = 00000000
  spll_state       = 00030004
  spll_ocer        = C18EBC01
  spll_rcer        = 00000001
  spll_occr        = E60001AF
  spll_trr_csr     = 000A5444
  spll_dac_hpll    = 24A9FB80
  spll_dac_main    = 00000002
  spll_helper_state = 00000000
  spll_helper_limits = 271000C8
  spll_main_state  = 00000000
  spll_main_limits = 00320032
  spll_main_phase_limits = 03E804B0
  spll_state_visit_mask = 00000618
  spll_state_transitions = 00000003
  spll_last_state  = 00000004
  spll_init_count  = 00000001
  dmtd_ref         = 02BDED30
  dmtd_fb          = 028B403C
  dmtd_ref_high_qual_abort = 000AEC4D
  dmtd_fb_high_qual_abort = 0003ABFE
  tag_valid        = 0008605B
  trr_write        = 000860C3
  irq              = 00082C8E
  helper_update    = 00043C4B
  spll_helper_error = FFFDB610
  spll_helper_output = 0000FFFB
  eic_isr          = FFFF0000
  current_tics     = 0001253A

============================================================
JTAG/WB transport health summary
============================================================
WB_TRANSPORT_PROTOCOL = PRELOAD_THEN_TOGGLE_COMMIT
WB_REQUEST_COUNT = 353
PRELOAD_COUNT = 353
COMMIT_COUNT = 353
WB_PROBE_READ_COUNT = 1765
PRELOAD_UNEXPECTED_TRIGGER_COUNT = 0
PROBE_3WAY_MATCH_COUNT = 353
STABLE_RESPONSE_WRONG_COUNT = 0
ADDRESS_CROSS_CONTAMINATION_COUNT = 0
TIMEOUT_COUNT = 0
INVALID_COUNT = 0
STALE_A5A5_COUNT = 0
UNSTABLE_TRANSACTION_COUNT = 0
DMTD_REF_DECREASE_COUNT = 0
DMTD_FB_DECREASE_COUNT = 0
PRELOAD_PROTOCOL_RUNTIME_REVALIDATION = PASS
JTAG_WB_DIAGNOSTIC_PATH = TRUSTED
============================================================

============================================================
STEP4A_RESULT = PASS
STEP4B_ALLOWED = YES
STEP4B_RESULT = PASS
STEP4B_FIRST_INACTIVE_BOUNDARY = ACTIVE
STEP5_RESULT = NOT_APPLICABLE_MASTER
STEP5_FIRST_INACTIVE_BOUNDARY = SLAVE_ONLY
STEP5_RESULT = NEVER_LOCKED
STEP5_FIRST_INACTIVE_BOUNDARY = HELPER_LOCK
============================================================
Info (23030): Evaluation of Tcl script /home/b10504072/04_WR/artifacts/EXP-WRPC-STEP5-STATIC-COARSE-BRACKET-FDEC5440-20260908/source/scripts/jtag/read_wb_runtime.tcl was successful
Info: Quartus Prime Signal Tap was successful. 0 errors, 0 warnings
    Info: Peak virtual memory: 676 megabytes
    Info: Processing ended: Tue Sep  8 21:04:33 2026
    Info: Elapsed time: 00:00:15
    Info: System process ID: 50520
