Info: *******************************************************************
Info: Running Quartus Prime SignalTap II
    Info: Version 17.0.0 Build 595 04/25/2017 SJ Standard Edition
    Info: Copyright (C) 2017  Intel Corporation. All rights reserved.
    Info: Your use of Intel Corporation's design tools, logic functions 
    Info: and other software and tools, and its AMPP partner logic 
    Info: functions, and any output files from any of the foregoing 
    Info: (including device programming or simulation files), and any 
    Info: associated documentation or information are expressly subject 
    Info: to the terms and conditions of the Intel Program License 
    Info: Subscription Agreement, the Intel Quartus Prime License Agreement,
    Info: the Intel MegaCore Function License Agreement, or other 
    Info: applicable license agreement, including, without limitation, 
    Info: that your use is for the sole purpose of programming logic 
    Info: devices manufactured by Intel and sold by Intel or its 
    Info: authorized distributors.  Please refer to the applicable 
    Info: agreement for further details.
    Info: Processing started: Sun Aug 23 18:14:28 2026
Info: Command: quartus_stp -t /home/b10504072/04_WR/scripts/jtag/read_step23_register_reliability.tcl 30 250 all
Info: Quartus(args): 30 250 all
RELIABILITY_CONFIG samples=30 gap_ms=250 group=all raw=0
=== RELIABILITY_BOARD DE5 [1-11.1] ===
REG_SERIES board=DE5 [1-11.1] register=WDIAGS_TEMP samples=30 valid=30 invalid=0 distinct=1 decrease=0 expected=0 first=A0000064 last=A0000064 states=0:30
REG_SERIES board=DE5 [1-11.1] register=EP_MAC_H samples=30 valid=30 invalid=0 distinct=1 decrease=0 expected=30 first=02000200 last=02000200 values=02000200:30
REG_SERIES board=DE5 [1-11.1] register=EP_MAC_L samples=30 valid=30 invalid=0 distinct=1 decrease=0 expected=30 first=22334401 last=22334401 values=22334401:30
REG_SERIES board=DE5 [1-11.1] register=MODE samples=30 valid=30 invalid=0 distinct=1 decrease=0 expected=30 first=02020406 last=02020406 values=02020406:30
REG_SERIES board=DE5 [1-11.1] register=PTP samples=30 valid=30 invalid=0 distinct=1 decrease=0 expected=30 first=00000006 last=00000006 values=00000006:30
REG_SERIES board=DE5 [1-11.1] register=PTP_RX samples=30 valid=30 invalid=0 distinct=9 decrease=0 expected=0 first=00000F1C last=00000F2F values=00000F1C:1,00000F1E:4,00000F2A:4,00000F2C:4,00000F2D:4,00000F2F:2,00000F22:3,00000F26:4,00000F29:4
REG_SERIES board=DE5 [1-11.1] register=PTP_TX samples=30 valid=30 invalid=0 distinct=8 decrease=0 expected=0 first=0000221D last=00002240 values=0000221D:3,0000222D:4,0000223C:4,00002222:3,00002228:4,00002231:4,00002236:4,00002240:4
REG_SERIES board=DE5 [1-11.1] register=MINIC_TX samples=30 valid=30 invalid=0 distinct=9 decrease=0 expected=0 first=00002B70 last=00002B9F values=00002B7B:4,00002B8E:4,00002B9A:4,00002B9F:2,00002B70:1,00002B76:3,00002B81:4,00002B86:4,00002B92:4
REG_SERIES board=DE5 [1-11.1] register=MINIC_RX samples=30 valid=30 invalid=0 distinct=9 decrease=0 expected=0 first=00001708 last=0000171C values=0000170B:4,0000170D:4,0000171C:1,00001708:2,00001710:4,00001713:4,00001715:4,00001717:4,00001719:3
REG_SERIES board=DE5 [1-11.1] register=RXERR samples=30 valid=30 invalid=0 distinct=1 decrease=0 expected=0 first=00000000 last=00000000 values=00000000:30
REG_SERIES board=DE5 [1-11.1] register=FOREIGN_META samples=30 valid=30 invalid=0 distinct=1 decrease=0 expected=0 first=0000FF00 last=0000FF00 values=0000FF00:30
REG_SERIES board=DE5 [1-11.1] register=PARSE_META samples=30 valid=30 invalid=0 distinct=8 decrease=0 expected=0 first=00010124 last=0001013A values=0001012B:4,0001012E:4,0001013A:3,00010124:4,00010127:4,00010131:4,00010134:3,00010138:4
REG_SERIES board=DE5 [1-11.1] register=WR_RX_SIGNAL samples=30 valid=30 invalid=0 distinct=1 decrease=0 expected=0 first=10000001 last=10000001 values=10000001:30
REG_SERIES board=DE5 [1-11.1] register=WR_TX_SIGNAL samples=30 valid=30 invalid=0 distinct=1 decrease=0 expected=0 first=10010004 last=10010004 values=10010004:30
REG_SERIES board=DE5 [1-11.1] register=LOCK_ENABLE samples=30 valid=30 invalid=0 distinct=1 decrease=0 expected=0 first=00000000 last=00000000 values=00000000:30
REG_SERIES board=DE5 [1-11.1] register=WR_SIGNAL_REJECT samples=30 valid=30 invalid=0 distinct=1 decrease=0 expected=30 first=00000000 last=00000000 values=00000000:30
REG_SERIES board=DE5 [1-11.1] register=WR_FAILURE_DEBUG samples=30 valid=30 invalid=0 distinct=1 decrease=0 expected=0 first=01030001 last=01030001 values=failure_states=3:30 s_lock_evidence=0 fail_count_max=1 values=01030001:30
REG_SERIES board=DE5 [1-11.1] register=WDIAGS_TEMP samples=30 valid=30 invalid=0 distinct=1 decrease=0 expected=0 first=A0000064 last=A0000064 states=0:30
STEP2_INDEPENDENT board=DE5 [1-11.1] result=PASS
STEP3_INDEPENDENT board=DE5 [1-11.1] result=NA
=== RELIABILITY_BOARD DE5 [1-11.2] ===
REG_SERIES board=DE5 [1-11.2] register=WDIAGS_TEMP samples=30 valid=30 invalid=0 distinct=1 decrease=0 expected=0 first=A000035C last=A000035C states=0:30
REG_SERIES board=DE5 [1-11.2] register=EP_MAC_H samples=30 valid=30 invalid=0 distinct=1 decrease=0 expected=30 first=02000200 last=02000200 values=02000200:30
REG_SERIES board=DE5 [1-11.2] register=EP_MAC_L samples=30 valid=30 invalid=0 distinct=1 decrease=0 expected=30 first=22334402 last=22334402 values=22334402:30
REG_SERIES board=DE5 [1-11.2] register=MODE samples=30 valid=30 invalid=0 distinct=1 decrease=0 expected=30 first=03020409 last=03020409 values=03020409:30
REG_SERIES board=DE5 [1-11.2] register=PTP samples=30 valid=30 invalid=0 distinct=1 decrease=0 expected=30 first=00000009 last=00000009 values=00000009:30
REG_SERIES board=DE5 [1-11.2] register=PTP_RX samples=30 valid=30 invalid=0 distinct=9 decrease=0 expected=0 first=00002462 last=00002481 values=0000246D:4,0000247C:4,00002462:2,00002467:4,00002468:4,00002472:4,00002474:4,00002478:3,00002481:1
REG_SERIES board=DE5 [1-11.2] register=PTP_TX samples=30 valid=30 invalid=0 distinct=4 decrease=0 expected=0 first=00000511 last=00000517 values=00000511:4,00000512:12,00000513:11,00000517:3
REG_SERIES board=DE5 [1-11.2] register=MINIC_TX samples=30 valid=30 invalid=0 distinct=9 decrease=0 expected=0 first=00001A1B last=00001A36 values=00001A1B:2,00001A1E:4,00001A2B:3,00001A2E:4,00001A22:4,00001A25:4,00001A28:4,00001A31:4,00001A36:1
REG_SERIES board=DE5 [1-11.2] register=MINIC_RX samples=30 valid=30 invalid=0 distinct=8 decrease=0 expected=0 first=00002CF8 last=00002D1E values=00002CF8:4,00002CFE:4,00002D0C:3,00002D1E:3,00002D02:4,00002D08:4,00002D13:4,00002D17:4
REG_SERIES board=DE5 [1-11.2] register=RXERR samples=30 valid=30 invalid=0 distinct=1 decrease=0 expected=0 first=00000000 last=00000000 values=00000000:30
REG_SERIES board=DE5 [1-11.2] register=FOREIGN_META samples=30 valid=30 invalid=0 distinct=1 decrease=0 expected=30 first=03000001 last=03000001 values=03000001:30
REG_SERIES board=DE5 [1-11.2] register=PARSE_META samples=30 valid=30 invalid=0 distinct=9 decrease=0 expected=30 first=05012167 last=05012592 values=0501216D:4,0501237A:4,0501237C:4,0501248B:4,05012167:2,05012271:3,05012380:4,05012483:4,05012592:1
REG_SERIES board=DE5 [1-11.2] register=WR_RX_SIGNAL samples=30 valid=30 invalid=0 distinct=2 decrease=1 expected=29 first=FFD342E1 last=10010001 values=10010001:29,FFD342E1:1
REG_SERIES board=DE5 [1-11.2] register=WR_TX_SIGNAL samples=30 valid=30 invalid=0 distinct=1 decrease=0 expected=30 first=10000001 last=10000001 values=10000001:30
REG_SERIES board=DE5 [1-11.2] register=LOCK_ENABLE samples=30 valid=30 invalid=0 distinct=1 decrease=0 expected=30 first=00000004 last=00000004 values=00000004:30
REG_SERIES board=DE5 [1-11.2] register=WR_SIGNAL_REJECT samples=30 valid=30 invalid=0 distinct=1 decrease=0 expected=30 first=00000000 last=00000000 values=00000000:30
REG_SERIES board=DE5 [1-11.2] register=WR_FAILURE_DEBUG samples=30 valid=30 invalid=0 distinct=1 decrease=0 expected=30 first=02020001 last=02020001 values=failure_states=2:30 s_lock_evidence=30 fail_count_max=1 values=02020001:30
REG_SERIES board=DE5 [1-11.2] register=WDIAGS_TEMP samples=30 valid=30 invalid=0 distinct=1 decrease=0 expected=0 first=A000035C last=A000035C states=0:30
STEP2_INDEPENDENT board=DE5 [1-11.2] result=PASS
STEP3_COUNTER_RETEST board=DE5 [1-11.2] register=WR_RX_SIGNAL result=DECREASED_OR_RESET
STEP3_INDEPENDENT board=DE5 [1-11.2] result=INVALID
RELIABILITY_DONE
Info (23030): Evaluation of Tcl script /home/b10504072/04_WR/scripts/jtag/read_step23_register_reliability.tcl was successful
Info: Quartus Prime SignalTap II was successful. 0 errors, 0 warnings
    Info: Peak virtual memory: 772 megabytes
    Info: Processing ended: Sun Aug 23 18:18:59 2026
    Info: Elapsed time: 00:04:31
    Info: Total CPU time (on all processors): 00:00:02
