Info: *******************************************************************
Info: Running Quartus Prime SignalTap II
    Info: Version 17.0.0 Build 595 04/25/2017 SJ Standard Edition
    Info: Copyright (C) 2017  Intel Corporation. All rights reserved.
    Info: Your use of Intel Corporation's design tools, logic functions 
    Info: and other software and tools, and its AMPP partner logic 
    Info: functions, and any output files from any of the foregoing 
    Info: (including device programming or simulation files), and any 
    Info: associated documentation or information are expressly subject 
    Info: to the terms and conditions of the Intel Program License 
    Info: Subscription Agreement, the Intel Quartus Prime License Agreement,
    Info: the Intel MegaCore Function License Agreement, or other 
    Info: applicable license agreement, including, without limitation, 
    Info: that your use is for the sole purpose of programming logic 
    Info: devices manufactured by Intel and sold by Intel or its 
    Info: authorized distributors.  Please refer to the applicable 
    Info: agreement for further details.
    Info: Processing started: Wed Aug 19 23:54:21 2026
Info: Command: quartus_stp -t /home/b10504072/04_WR/scripts/jtag/read_wb_runtime.tcl
=== DE5 [1-11.1] ===
status_probe: C110946128D082FF
cpu_probe_1:    000000040000CF60
cpu_debug: PC=0x0000CF60 reset=0 fault=0 im_valid=1
cpu_probe_2:    00000004000170F4
cpu_debug: PC=0x000170F4 reset=0 fault=0 im_valid=1
cpu_marker: 0x0000B004 seen=1
cpu_last_internal_store: addr=0x0002FEBC data=0x0000B494
cpu_internal_store_count: 1364445565 (0x5153C97D)
cpu_exception: mepc=0x00017088 mcause=0x8000000B
mailbox initial done=0 next_toggle=1
PPS_CR:       01312D06
PPS_ESCR:     0000010C
SPLL_CSR:     01010000
SPLL_ECCR:    01000000
SPLL_OCCR:    00000000
SYSC_RSTR:    00000000
SYSC_GPSR:    0100032F
EP_MAC_H:     02000200
EP_MAC_L:     22334401
EP_DSR:       42000000
CPU_RESET:    00000000
CPU_DBGSTAT:  00000000
CPU_DBGREADY: 00000000
CPU_MBX:      00000000
WDIAGS_VER:   00000002
WDIAGS_CTRL:  00000001
WDIAGS_SSTAT: 00000000
WDIAGS_PSTAT: 00000001
WDIAGS_PTP:   00000006
WDIAGS_PTP_RX:00000281
WDIAGS_PTP_TX:000005A5
WR_SIGNAL_REJECT:00000000
WDIAGS_PTP_META:02020406
WDIAGS_MODE:   2
WDIAGS_PTP_TYPES:01010101
WDIAGS_FOREIGN_META:0000FF00
WDIAGS_FILTER_META:0000FF00
WDIAGS_PARSE_META:00000000
WDIAGS_TX:    00000730
WDIAGS_RX:    000003CF
WDIAGS_SEC_H: 00000001
WDIAGS_SEC_L: 00000000
WDIAGS_NS:    08B01070
WDIAGS_MU_H:  00000000
WDIAGS_MU_L:  00000000
WDIAGS_DMS_H: 00000000
WDIAGS_DMS_L: 00000000
WDIAGS_ASYM:  00000000
WDIAGS_CKO:   00000000
WDIAGS_SETP:  00000000
WDIAGS_UCNT:  A0000064
WDIAGS_TEMP:  A0000064
WDIAGS_RXERR: 00000000
WDIAGS_RESTART:01030001
WDIAGS_SLIDE: 01010101
WDIAGS_SPLL_HY:00000000
WDIAGS_SPLL_MY:00000000
=== DE5 [1-11.2] ===
status_probe: A310C6C1223C82EF
cpu_probe_1:    0000000400017070
cpu_debug: PC=0x00017070 reset=0 fault=0 im_valid=1
cpu_probe_2:    0000000400017044
cpu_debug: PC=0x00017044 reset=0 fault=0 im_valid=1
cpu_marker: 0x0000B004 seen=1
cpu_last_internal_store: addr=0x0001CBE4 data=0x00000001
cpu_internal_store_count: 1427704013 (0x551908CD)
cpu_exception: mepc=0x000028AC mcause=0x8000000B
mailbox initial done=0 next_toggle=1
PPS_CR:       01312D06
PPS_ESCR:     00000100
SPLL_CSR:     01010000
SPLL_ECCR:    01000000
SPLL_OCCR:    00000000
SYSC_RSTR:    0105332F
SYSC_GPSR:    0100032F
EP_MAC_H:     02000200
EP_MAC_L:     22334402
EP_DSR:       42000000
CPU_RESET:    00000000
CPU_DBGSTAT:  00000000
CPU_DBGREADY: 00000000
CPU_MBX:      00000000
WDIAGS_VER:   00000002
WDIAGS_CTRL:  00000001
WDIAGS_SSTAT: 00000001
WDIAGS_PSTAT: 00000001
WDIAGS_PTP:   00000009
WDIAGS_PTP_RX:000005A8
WDIAGS_PTP_TX:00000106
WR_SIGNAL_REJECT:00000000
WDIAGS_PTP_META:03020409
WDIAGS_MODE:   3
WDIAGS_PTP_TYPES:0443A043
WDIAGS_FOREIGN_META:03000001
WDIAGS_FILTER_META:00000000
WDIAGS_PARSE_META:0501A08C
WDIAGS_TX:    0000040F
WDIAGS_RX:    000006F1
WDIAGS_SEC_H: 29C46728
WDIAGS_SEC_L: 0000015C
WDIAGS_NS:    29C46728
WDIAGS_MU_H:  00000000
WDIAGS_MU_L:  00000000
WDIAGS_DMS_H: 00000000
WDIAGS_DMS_L: 0005F1EB
WDIAGS_ASYM:  00000000
WDIAGS_CKO:   017C3FC1
WDIAGS_SETP:  00000000
WDIAGS_UCNT:  0000004E
WDIAGS_TEMP:  A000035C
WDIAGS_RXERR: 00000000
WDIAGS_RESTART:02020001
WDIAGS_SLIDE: 00000000
WDIAGS_SPLL_HY:00000000
WDIAGS_SPLL_MY:00000000
Info (23030): Evaluation of Tcl script /home/b10504072/04_WR/scripts/jtag/read_wb_runtime.tcl was successful
Info: Quartus Prime SignalTap II was successful. 0 errors, 0 warnings
    Info: Peak virtual memory: 772 megabytes
    Info: Processing ended: Wed Aug 19 23:54:23 2026
    Info: Elapsed time: 00:00:02
    Info: Total CPU time (on all processors): 00:00:00
