Info: *******************************************************************
Info: Running Quartus Prime SignalTap II
    Info: Version 17.0.0 Build 595 04/25/2017 SJ Standard Edition
    Info: Copyright (C) 2017  Intel Corporation. All rights reserved.
    Info: Your use of Intel Corporation's design tools, logic functions 
    Info: and other software and tools, and its AMPP partner logic 
    Info: functions, and any output files from any of the foregoing 
    Info: (including device programming or simulation files), and any 
    Info: associated documentation or information are expressly subject 
    Info: to the terms and conditions of the Intel Program License 
    Info: Subscription Agreement, the Intel Quartus Prime License Agreement,
    Info: the Intel MegaCore Function License Agreement, or other 
    Info: applicable license agreement, including, without limitation, 
    Info: that your use is for the sole purpose of programming logic 
    Info: devices manufactured by Intel and sold by Intel or its 
    Info: authorized distributors.  Please refer to the applicable 
    Info: agreement for further details.
    Info: Processing started: Thu Aug 20 01:19:19 2026
Info: Command: quartus_stp -t scripts/jtag/read_hpll_helper_correlation.tcl 10 1000
Info: Quartus(args): 10 1000
HPLL_HELPER_CORRELATION_CONFIG samples=10 gap_ms=1000
=== DE5 [1-11.1] ===
error: ERROR: No In-System Sources and Probes instance was found.

=== DE5 [1-11.2] ===
HPLL_HELPER_SAMPLE board=DE5 [1-11.2] sample=001 status=001098E339BC82EF PSTAT=00000001 SSTAT=00000001 UCNT=00000000 LOCK_POLLS=00000000 LOCK_ENABLE=00000000 SPLL_STATE=00000000 RCER=00000000 TRR_CSR=00020000 REF=00000000 TAG=00000000 IRQ=00000000 TAG_VALID=00000000 TRR_WRITE=00000000 TAG_SOURCE=9B45C48F DAC_HPLL=01000000 DAC_MAIN=01000000 RAW_TAG=00000000 EXPECTED_TAG=00000000 PRECLAMP_ERROR=00000000 PRECLAMP_ERROR_SIGNED=0 TAG_DELTA=00000000 TAG_SOURCE_RAW=00000000 EXPECTED_DELTA=00000000 HELPER_UPDATE_COUNT=00000000 P_ADDER=00000000 TAG_D0=00000000 P_SETPOINT=00000000 REF_SRC=00000000 DCO_DEBUG=0000000000000020 STEP=0 STEP_DELTA=0 STEP_EVENT=0 HPLL_LOAD=0 BUSY=0 ERROR=0 HELPER_STATE=00000000 HELPER_ERROR=00000000 HELPER_ERROR_SIGNED=0 HELPER_ERROR_DELTA=0 HELPER_OUTPUT=00000000
HPLL_HELPER_SAMPLE board=DE5 [1-11.2] sample=002 status=0010986139BC82EF PSTAT=00000001 SSTAT=00000001 UCNT=00000000 LOCK_POLLS=00000000 LOCK_ENABLE=00000000 SPLL_STATE=00000000 RCER=00000000 TRR_CSR=00020000 REF=00000000 TAG=00000000 IRQ=00000000 TAG_VALID=00000000 TRR_WRITE=00000000 TAG_SOURCE=9BE9E101 DAC_HPLL=01000000 DAC_MAIN=01000000 RAW_TAG=00000000 EXPECTED_TAG=00000000 PRECLAMP_ERROR=00000000 PRECLAMP_ERROR_SIGNED=0 TAG_DELTA=00000000 TAG_SOURCE_RAW=00000000 EXPECTED_DELTA=00000000 HELPER_UPDATE_COUNT=00000000 P_ADDER=00000000 TAG_D0=00000000 P_SETPOINT=00000000 REF_SRC=00000000 DCO_DEBUG=0000000000000020 STEP=0 STEP_DELTA=0 STEP_EVENT=0 HPLL_LOAD=0 BUSY=0 ERROR=0 HELPER_STATE=00000000 HELPER_ERROR=00000000 HELPER_ERROR_SIGNED=0 HELPER_ERROR_DELTA=0 HELPER_OUTPUT=00000000
HPLL_HELPER_SAMPLE board=DE5 [1-11.2] sample=003 status=00109841295082EF PSTAT=00000001 SSTAT=00000001 UCNT=00000000 LOCK_POLLS=00000000 LOCK_ENABLE=00000000 SPLL_STATE=00000000 RCER=00000000 TRR_CSR=00020000 REF=00000000 TAG=00000000 IRQ=00000000 TAG_VALID=00000000 TRR_WRITE=00000000 TAG_SOURCE=9C8DD5C7 DAC_HPLL=0B28E000 DAC_MAIN=01000000 RAW_TAG=00000000 EXPECTED_TAG=00000000 PRECLAMP_ERROR=00000000 PRECLAMP_ERROR_SIGNED=0 TAG_DELTA=00000000 TAG_SOURCE_RAW=00000000 EXPECTED_DELTA=00000000 HELPER_UPDATE_COUNT=00000000 P_ADDER=00000000 TAG_D0=00000000 P_SETPOINT=00000000 REF_SRC=00000000 DCO_DEBUG=0000000000000020 STEP=0 STEP_DELTA=0 STEP_EVENT=0 HPLL_LOAD=0 BUSY=0 ERROR=0 HELPER_STATE=00000000 HELPER_ERROR=00000000 HELPER_ERROR_SIGNED=0 HELPER_ERROR_DELTA=0 HELPER_OUTPUT=00000000
HPLL_HELPER_SAMPLE board=DE5 [1-11.2] sample=004 status=001098E139BC82EF PSTAT=00000001 SSTAT=00000001 UCNT=00000000 LOCK_POLLS=000F2E40 LOCK_ENABLE=00000000 SPLL_STATE=00000000 RCER=00000000 TRR_CSR=00020000 REF=00000000 TAG=00000000 IRQ=00000000 TAG_VALID=00000000 TRR_WRITE=00000000 TAG_SOURCE=9D31D7C7 DAC_HPLL=01000000 DAC_MAIN=01000000 RAW_TAG=00000000 EXPECTED_TAG=00000000 PRECLAMP_ERROR=00000000 PRECLAMP_ERROR_SIGNED=0 TAG_DELTA=00000000 TAG_SOURCE_RAW=00000000 EXPECTED_DELTA=00000000 HELPER_UPDATE_COUNT=00000000 P_ADDER=00000000 TAG_D0=00000000 P_SETPOINT=00000000 REF_SRC=00000000 DCO_DEBUG=0000000000000020 STEP=0 STEP_DELTA=0 STEP_EVENT=0 HPLL_LOAD=0 BUSY=0 ERROR=0 HELPER_STATE=00000000 HELPER_ERROR=00000000 HELPER_ERROR_SIGNED=0 HELPER_ERROR_DELTA=0 HELPER_OUTPUT=00000000
HPLL_HELPER_SAMPLE board=DE5 [1-11.2] sample=005 status=001098E139BC82EF PSTAT=00000001 SSTAT=00000001 UCNT=00000000 LOCK_POLLS=00000000 LOCK_ENABLE=00000000 SPLL_STATE=00000000 RCER=00000000 TRR_CSR=00020000 REF=00000000 TAG=00000000 IRQ=00000000 TAG_VALID=00000000 TRR_WRITE=00000000 TAG_SOURCE=9DD5AC2C DAC_HPLL=01000000 DAC_MAIN=01000000 RAW_TAG=01000000 EXPECTED_TAG=00000000 PRECLAMP_ERROR=00000000 PRECLAMP_ERROR_SIGNED=0 TAG_DELTA=00000000 TAG_SOURCE_RAW=00000000 EXPECTED_DELTA=00000000 HELPER_UPDATE_COUNT=00000000 P_ADDER=00000000 TAG_D0=00000000 P_SETPOINT=00000000 REF_SRC=00000000 DCO_DEBUG=0000000000000020 STEP=0 STEP_DELTA=0 STEP_EVENT=0 HPLL_LOAD=0 BUSY=0 ERROR=0 HELPER_STATE=00000000 HELPER_ERROR=00000000 HELPER_ERROR_SIGNED=0 HELPER_ERROR_DELTA=0 HELPER_OUTPUT=00000000
HPLL_HELPER_SAMPLE board=DE5 [1-11.2] sample=006 status=00109843295082EF PSTAT=00000001 SSTAT=00000001 UCNT=00000000 LOCK_POLLS=00000000 LOCK_ENABLE=00000000 SPLL_STATE=00000000 RCER=00000000 TRR_CSR=00000000 REF=00000000 TAG=00000000 IRQ=00000000 TAG_VALID=00000000 TRR_WRITE=00000000 TAG_SOURCE=9E79EE26 DAC_HPLL=01000000 DAC_MAIN=01000000 RAW_TAG=00000000 EXPECTED_TAG=00000000 PRECLAMP_ERROR=00000000 PRECLAMP_ERROR_SIGNED=0 TAG_DELTA=00000000 TAG_SOURCE_RAW=00000000 EXPECTED_DELTA=00000000 HELPER_UPDATE_COUNT=00000000 P_ADDER=00000000 TAG_D0=00000000 P_SETPOINT=00000000 REF_SRC=00000000 DCO_DEBUG=0000000000000020 STEP=0 STEP_DELTA=0 STEP_EVENT=0 HPLL_LOAD=0 BUSY=0 ERROR=0 HELPER_STATE=00000000 HELPER_ERROR=00000000 HELPER_ERROR_SIGNED=0 HELPER_ERROR_DELTA=0 HELPER_OUTPUT=00000000
HPLL_HELPER_SAMPLE board=DE5 [1-11.2] sample=007 status=00109841295082EF PSTAT=00000001 SSTAT=00000001 UCNT=00000000 LOCK_POLLS=00000000 LOCK_ENABLE=00000000 SPLL_STATE=00000000 RCER=00000000 TRR_CSR=00000000 REF=00000000 TAG=00000000 IRQ=00000000 TAG_VALID=00000000 TRR_WRITE=00000000 TAG_SOURCE=9F1DB703 DAC_HPLL=0E38EE00 DAC_MAIN=01000000 RAW_TAG=00000000 EXPECTED_TAG=00000000 PRECLAMP_ERROR=00000000 PRECLAMP_ERROR_SIGNED=0 TAG_DELTA=00000000 TAG_SOURCE_RAW=00000000 EXPECTED_DELTA=00000000 HELPER_UPDATE_COUNT=00000000 P_ADDER=00000000 TAG_D0=00000000 P_SETPOINT=00000000 REF_SRC=00000000 DCO_DEBUG=0000000000000020 STEP=0 STEP_DELTA=0 STEP_EVENT=0 HPLL_LOAD=0 BUSY=0 ERROR=0 HELPER_STATE=00000000 HELPER_ERROR=00000000 HELPER_ERROR_SIGNED=0 HELPER_ERROR_DELTA=0 HELPER_OUTPUT=00000000
HPLL_HELPER_SAMPLE board=DE5 [1-11.2] sample=008 status=001098E139BC82EF PSTAT=00000001 SSTAT=00000001 UCNT=00000000 LOCK_POLLS=00000000 LOCK_ENABLE=00000000 SPLL_STATE=00000000 RCER=00000000 TRR_CSR=00020000 REF=00000000 TAG=00000000 IRQ=00000000 TAG_VALID=00000000 TRR_WRITE=00000000 TAG_SOURCE=9FC15EA8 DAC_HPLL=01000000 DAC_MAIN=01000000 RAW_TAG=00000000 EXPECTED_TAG=00000000 PRECLAMP_ERROR=00000000 PRECLAMP_ERROR_SIGNED=0 TAG_DELTA=00000000 TAG_SOURCE_RAW=00000000 EXPECTED_DELTA=00000000 HELPER_UPDATE_COUNT=00000000 P_ADDER=00000000 TAG_D0=00000000 P_SETPOINT=00000000 REF_SRC=00000000 DCO_DEBUG=0000000000000020 STEP=0 STEP_DELTA=0 STEP_EVENT=0 HPLL_LOAD=0 BUSY=0 ERROR=0 HELPER_STATE=00000000 HELPER_ERROR=00000000 HELPER_ERROR_SIGNED=0 HELPER_ERROR_DELTA=0 HELPER_OUTPUT=00000000
HPLL_HELPER_SAMPLE board=DE5 [1-11.2] sample=009 status=001098C1295082EF PSTAT=00000001 SSTAT=00000001 UCNT=00000000 LOCK_POLLS=00000000 LOCK_ENABLE=00000000 SPLL_STATE=00000000 RCER=00000000 TRR_CSR=00020000 REF=00000000 TAG=00000000 IRQ=00000000 TAG_VALID=00000000 TRR_WRITE=00000000 TAG_SOURCE=A0660117 DAC_HPLL=01000000 DAC_MAIN=01000000 RAW_TAG=00000000 EXPECTED_TAG=00000000 PRECLAMP_ERROR=00000000 PRECLAMP_ERROR_SIGNED=0 TAG_DELTA=00000000 TAG_SOURCE_RAW=00000000 EXPECTED_DELTA=00000000 HELPER_UPDATE_COUNT=00000000 P_ADDER=00000000 TAG_D0=00000000 P_SETPOINT=00000000 REF_SRC=00000000 DCO_DEBUG=0000000000000020 STEP=0 STEP_DELTA=0 STEP_EVENT=0 HPLL_LOAD=0 BUSY=0 ERROR=0 HELPER_STATE=00000000 HELPER_ERROR=00000000 HELPER_ERROR_SIGNED=0 HELPER_ERROR_DELTA=0 HELPER_OUTPUT=00000000
HPLL_HELPER_SAMPLE board=DE5 [1-11.2] sample=010 status=00109841295082EF PSTAT=000001FA SSTAT=00000001 UCNT=00000000 LOCK_POLLS=00000000 LOCK_ENABLE=00000000 SPLL_STATE=00000000 RCER=00000000 TRR_CSR=00020000 REF=00020000 TAG=00000000 IRQ=00000000 TAG_VALID=00000000 TRR_WRITE=00000000 TAG_SOURCE=A10A54B3 DAC_HPLL=01000000 DAC_MAIN=01000000 RAW_TAG=00000000 EXPECTED_TAG=00000000 PRECLAMP_ERROR=00000000 PRECLAMP_ERROR_SIGNED=0 TAG_DELTA=00000000 TAG_SOURCE_RAW=00000000 EXPECTED_DELTA=00000000 HELPER_UPDATE_COUNT=00000000 P_ADDER=00000000 TAG_D0=00000000 P_SETPOINT=00000000 REF_SRC=00000000 DCO_DEBUG=0000000000000020 STEP=0 STEP_DELTA=0 STEP_EVENT=0 HPLL_LOAD=0 BUSY=0 ERROR=0 HELPER_STATE=00000000 HELPER_ERROR=00000000 HELPER_ERROR_SIGNED=0 HELPER_ERROR_DELTA=0 HELPER_OUTPUT=00000000
HPLL_HELPER_CORRELATION_DONE
Info (23030): Evaluation of Tcl script scripts/jtag/read_hpll_helper_correlation.tcl was successful
Info: Quartus Prime SignalTap II was successful. 0 errors, 0 warnings
    Info: Peak virtual memory: 772 megabytes
    Info: Processing ended: Thu Aug 20 01:19:30 2026
    Info: Elapsed time: 00:00:11
    Info: Total CPU time (on all processors): 00:00:00
