Info: *******************************************************************
Info: Running Quartus Prime SignalTap II
    Info: Version 17.0.0 Build 595 04/25/2017 SJ Standard Edition
    Info: Copyright (C) 2017  Intel Corporation. All rights reserved.
    Info: Your use of Intel Corporation's design tools, logic functions 
    Info: and other software and tools, and its AMPP partner logic 
    Info: functions, and any output files from any of the foregoing 
    Info: (including device programming or simulation files), and any 
    Info: associated documentation or information are expressly subject 
    Info: to the terms and conditions of the Intel Program License 
    Info: Subscription Agreement, the Intel Quartus Prime License Agreement,
    Info: the Intel MegaCore Function License Agreement, or other 
    Info: applicable license agreement, including, without limitation, 
    Info: that your use is for the sole purpose of programming logic 
    Info: devices manufactured by Intel and sold by Intel or its 
    Info: authorized distributors.  Please refer to the applicable 
    Info: agreement for further details.
    Info: Processing started: Tue Aug 25 02:22:17 2026
Info: Command: quartus_stp -t scripts/jtag/read_wr_handshake_focused.tcl 30 500 25
Info: Quartus(args): 30 500 25
FOCUSED_CONFIG samples=30 gap_ms=500
=== FOCUSED_BOARD DE5 [1-11.1] ===
FOCUSED_SAMPLE board=DE5 [1-11.1] sample=001 valid=1 status=FF mac=02:00:22:33:44:01 mode=2 ptp=6 ptp_rx=12525 ptp_tx=28260 minic_tx=35814 minic_rx=18825 rxerr=0 foreign=0/255 detection=0 wr_config=0 parent=0/0/0 local_state=0 next_state=0 rx=0x1000/1 tx=0x1001/4 fail=1/3/1 reject=0/0 lock=0/0 polls=0 enable=0 rcer=0x00000000 sstat=0x00000000 pstat=0x00000001
FOCUSED_SAMPLE board=DE5 [1-11.1] sample=002 valid=1 status=FF mac=02:00:22:33:44:01 mode=2 ptp=6 ptp_rx=12526 ptp_tx=28263 minic_tx=35819 minic_rx=18827 rxerr=0 foreign=0/255 detection=0 wr_config=0 parent=0/0/0 local_state=0 next_state=0 rx=0x1000/1 tx=0x1001/4 fail=1/3/1 reject=0/0 lock=0/0 polls=0 enable=0 rcer=0x00000000 sstat=0x00000000 pstat=0x00000001
FOCUSED_SAMPLE board=DE5 [1-11.1] sample=003 valid=1 status=FF mac=02:00:22:33:44:01 mode=2 ptp=6 ptp_rx=12528 ptp_tx=28267 minic_tx=35824 minic_rx=18830 rxerr=0 foreign=0/255 detection=0 wr_config=0 parent=0/0/0 local_state=0 next_state=0 rx=0x1000/1 tx=0x1001/4 fail=1/3/1 reject=0/0 lock=0/0 polls=0 enable=0 rcer=0x00000000 sstat=0x00000000 pstat=0x00000001
FOCUSED_SAMPLE board=DE5 [1-11.1] sample=004 valid=1 status=FF mac=02:00:22:33:44:01 mode=2 ptp=6 ptp_rx=12531 ptp_tx=28273 minic_tx=35831 minic_rx=18834 rxerr=0 foreign=0/255 detection=0 wr_config=0 parent=0/0/0 local_state=0 next_state=0 rx=0x1000/1 tx=0x1001/4 fail=1/3/1 reject=0/0 lock=0/0 polls=0 enable=0 rcer=0x00000000 sstat=0x00000000 pstat=0x00000001
FOCUSED_SAMPLE board=DE5 [1-11.1] sample=005 valid=1 status=FF mac=02:00:22:33:44:01 mode=2 ptp=6 ptp_rx=12532 ptp_tx=28279 minic_tx=35838 minic_rx=18836 rxerr=0 foreign=0/255 detection=0 wr_config=0 parent=0/0/0 local_state=0 next_state=0 rx=0x1000/1 tx=0x1001/4 fail=1/3/1 reject=0/0 lock=0/0 polls=0 enable=0 rcer=0x00000000 sstat=0x00000000 pstat=0x00000001
FOCUSED_SAMPLE board=DE5 [1-11.1] sample=006 valid=1 status=FF mac=02:00:22:33:44:01 mode=2 ptp=6 ptp_rx=12532 ptp_tx=28279 minic_tx=35838 minic_rx=18836 rxerr=0 foreign=0/255 detection=0 wr_config=0 parent=0/0/0 local_state=0 next_state=0 rx=0x1000/1 tx=0x1001/4 fail=1/3/1 reject=0/0 lock=0/0 polls=0 enable=0 rcer=0x00000000 sstat=0x00000000 pstat=0x00000001
FOCUSED_SAMPLE board=DE5 [1-11.1] sample=007 valid=1 status=FF mac=02:00:22:33:44:01 mode=2 ptp=6 ptp_rx=12535 ptp_tx=28284 minic_tx=35844 minic_rx=18840 rxerr=0 foreign=0/255 detection=0 wr_config=0 parent=0/0/0 local_state=0 next_state=0 rx=0x1000/1 tx=0x1001/4 fail=1/3/1 reject=0/0 lock=0/0 polls=0 enable=0 rcer=0x00000000 sstat=0x00000000 pstat=0x00000001
FOCUSED_SAMPLE board=DE5 [1-11.1] sample=008 valid=1 status=FF mac=02:00:22:33:44:01 mode=2 ptp=6 ptp_rx=12536 ptp_tx=28288 minic_tx=35850 minic_rx=18842 rxerr=0 foreign=0/255 detection=0 wr_config=0 parent=0/0/0 local_state=0 next_state=0 rx=0x1000/1 tx=0x1001/4 fail=1/3/1 reject=0/0 lock=0/0 polls=0 enable=0 rcer=0x00000000 sstat=0x00000000 pstat=0x00000001
FOCUSED_SAMPLE board=DE5 [1-11.1] sample=009 valid=1 status=FF mac=02:00:22:33:44:01 mode=2 ptp=6 ptp_rx=12538 ptp_tx=28292 minic_tx=35855 minic_rx=18845 rxerr=0 foreign=0/255 detection=0 wr_config=0 parent=0/0/0 local_state=0 next_state=0 rx=0x1000/1 tx=0x1001/4 fail=1/3/1 reject=0/0 lock=0/0 polls=0 enable=0 rcer=0x00000000 sstat=0x00000000 pstat=0x00000001
FOCUSED_SAMPLE board=DE5 [1-11.1] sample=010 valid=1 status=FF mac=02:00:22:33:44:01 mode=2 ptp=6 ptp_rx=12538 ptp_tx=28292 minic_tx=35855 minic_rx=18845 rxerr=0 foreign=0/255 detection=0 wr_config=0 parent=0/0/0 local_state=0 next_state=0 rx=0x1000/1 tx=0x1001/4 fail=1/3/1 reject=0/0 lock=0/0 polls=0 enable=0 rcer=0x00000000 sstat=0x00000000 pstat=0x00000001
FOCUSED_SAMPLE board=DE5 [1-11.1] sample=011 valid=1 status=FF mac=02:00:22:33:44:01 mode=2 ptp=6 ptp_rx=12541 ptp_tx=28297 minic_tx=35861 minic_rx=18849 rxerr=0 foreign=0/255 detection=0 wr_config=0 parent=0/0/0 local_state=0 next_state=0 rx=0x1000/1 tx=0x1001/4 fail=1/3/1 reject=0/0 lock=0/0 polls=0 enable=0 rcer=0x00000000 sstat=0x00000000 pstat=0x00000001
FOCUSED_SAMPLE board=DE5 [1-11.1] sample=012 valid=1 status=FF mac=02:00:22:33:44:01 mode=2 ptp=6 ptp_rx=12542 ptp_tx=28301 minic_tx=35866 minic_rx=18851 rxerr=0 foreign=0/255 detection=0 wr_config=0 parent=0/0/0 local_state=0 next_state=0 rx=0x1000/1 tx=0x1001/4 fail=1/3/1 reject=0/0 lock=0/0 polls=0 enable=0 rcer=0x00000000 sstat=0x00000000 pstat=0x00000001
FOCUSED_SAMPLE board=DE5 [1-11.1] sample=013 valid=1 status=FF mac=02:00:22:33:44:01 mode=2 ptp=6 ptp_rx=12545 ptp_tx=28306 minic_tx=35872 minic_rx=18855 rxerr=0 foreign=0/255 detection=0 wr_config=0 parent=0/0/0 local_state=0 next_state=0 rx=0x1000/1 tx=0x1001/4 fail=1/3/1 reject=0/0 lock=0/0 polls=0 enable=0 rcer=0x00000000 sstat=0x00000000 pstat=0x00000001
FOCUSED_SAMPLE board=DE5 [1-11.1] sample=014 valid=1 status=FF mac=02:00:22:33:44:01 mode=2 ptp=6 ptp_rx=12548 ptp_tx=28312 minic_tx=35880 minic_rx=18859 rxerr=0 foreign=0/255 detection=0 wr_config=0 parent=0/0/0 local_state=0 next_state=0 rx=0x1000/1 tx=0x1001/4 fail=1/3/1 reject=0/0 lock=0/0 polls=0 enable=0 rcer=0x00000000 sstat=0x00000000 pstat=0x00000001
FOCUSED_SAMPLE board=DE5 [1-11.1] sample=015 valid=1 status=FF mac=02:00:22:33:44:01 mode=2 ptp=6 ptp_rx=12548 ptp_tx=28312 minic_tx=35880 minic_rx=18859 rxerr=0 foreign=0/255 detection=0 wr_config=0 parent=0/0/0 local_state=0 next_state=0 rx=0x1000/1 tx=0x1001/4 fail=1/3/1 reject=0/0 lock=0/0 polls=0 enable=0 rcer=0x00000000 sstat=0x00000000 pstat=0x00000001
FOCUSED_SAMPLE board=DE5 [1-11.1] sample=016 valid=1 status=FF mac=02:00:22:33:44:01 mode=2 ptp=6 ptp_rx=12550 ptp_tx=28316 minic_tx=35885 minic_rx=18862 rxerr=0 foreign=0/255 detection=0 wr_config=0 parent=0/0/0 local_state=0 next_state=0 rx=0x1000/1 tx=0x1001/4 fail=1/3/1 reject=0/0 lock=0/0 polls=0 enable=0 rcer=0x00000000 sstat=0x00000000 pstat=0x00000001
FOCUSED_SAMPLE board=DE5 [1-11.1] sample=017 valid=1 status=FF mac=02:00:22:33:44:01 mode=2 ptp=6 ptp_rx=12552 ptp_tx=28321 minic_tx=35891 minic_rx=18865 rxerr=0 foreign=0/255 detection=0 wr_config=0 parent=0/0/0 local_state=0 next_state=0 rx=0x1000/1 tx=0x1001/4 fail=1/3/1 reject=0/0 lock=0/0 polls=0 enable=0 rcer=0x00000000 sstat=0x00000000 pstat=0x00000001
FOCUSED_SAMPLE board=DE5 [1-11.1] sample=018 valid=1 status=FF mac=02:00:22:33:44:01 mode=2 ptp=6 ptp_rx=12553 ptp_tx=28324 minic_tx=35895 minic_rx=18867 rxerr=0 foreign=0/255 detection=0 wr_config=0 parent=0/0/0 local_state=0 next_state=0 rx=0x1000/1 tx=0x1001/4 fail=1/3/1 reject=0/0 lock=0/0 polls=0 enable=0 rcer=0x00000000 sstat=0x00000000 pstat=0x00000001
FOCUSED_SAMPLE board=DE5 [1-11.1] sample=019 valid=1 status=FF mac=02:00:22:33:44:01 mode=2 ptp=6 ptp_rx=12553 ptp_tx=28324 minic_tx=35895 minic_rx=18867 rxerr=0 foreign=0/255 detection=0 wr_config=0 parent=0/0/0 local_state=0 next_state=0 rx=0x1000/1 tx=0x1001/4 fail=1/3/1 reject=0/0 lock=0/0 polls=0 enable=0 rcer=0x00000000 sstat=0x00000000 pstat=0x00000001
FOCUSED_SAMPLE board=DE5 [1-11.1] sample=020 valid=1 status=FF mac=02:00:22:33:44:01 mode=2 ptp=6 ptp_rx=12555 ptp_tx=28329 minic_tx=35901 minic_rx=18870 rxerr=0 foreign=0/255 detection=0 wr_config=0 parent=0/0/0 local_state=0 next_state=0 rx=0x1000/1 tx=0x1001/4 fail=1/3/1 reject=0/0 lock=0/0 polls=0 enable=0 rcer=0x00000000 sstat=0x00000000 pstat=0x00000001
FOCUSED_SAMPLE board=DE5 [1-11.1] sample=021 valid=1 status=FF mac=02:00:22:33:44:01 mode=2 ptp=6 ptp_rx=12557 ptp_tx=28333 minic_tx=35907 minic_rx=18873 rxerr=0 foreign=0/255 detection=0 wr_config=0 parent=0/0/0 local_state=0 next_state=0 rx=0x1000/1 tx=0x1001/4 fail=1/3/1 reject=0/0 lock=0/0 polls=0 enable=0 rcer=0x00000000 sstat=0x00000000 pstat=0x00000001
FOCUSED_SAMPLE board=DE5 [1-11.1] sample=022 valid=1 status=FF mac=02:00:22:33:44:01 mode=2 ptp=6 ptp_rx=12559 ptp_tx=28338 minic_tx=35913 minic_rx=18876 rxerr=0 foreign=0/255 detection=0 wr_config=0 parent=0/0/0 local_state=0 next_state=0 rx=0x1000/1 tx=0x1001/4 fail=1/3/1 reject=0/0 lock=0/0 polls=0 enable=0 rcer=0x00000000 sstat=0x00000000 pstat=0x00000001
FOCUSED_SAMPLE board=DE5 [1-11.1] sample=023 valid=1 status=FF mac=02:00:22:33:44:01 mode=2 ptp=6 ptp_rx=12561 ptp_tx=28342 minic_tx=35918 minic_rx=18879 rxerr=0 foreign=0/255 detection=0 wr_config=0 parent=0/0/0 local_state=0 next_state=0 rx=0x1000/1 tx=0x1001/4 fail=1/3/1 reject=0/0 lock=0/0 polls=0 enable=0 rcer=0x00000000 sstat=0x00000000 pstat=0x00000001
FOCUSED_SAMPLE board=DE5 [1-11.1] sample=024 valid=1 status=FF mac=02:00:22:33:44:01 mode=2 ptp=6 ptp_rx=12561 ptp_tx=28342 minic_tx=35918 minic_rx=18879 rxerr=0 foreign=0/255 detection=0 wr_config=0 parent=0/0/0 local_state=0 next_state=0 rx=0x1000/1 tx=0x1001/4 fail=1/3/1 reject=0/0 lock=0/0 polls=0 enable=0 rcer=0x00000000 sstat=0x00000000 pstat=0x00000001
FOCUSED_SAMPLE board=DE5 [1-11.1] sample=025 valid=1 status=FF mac=02:00:22:33:44:01 mode=2 ptp=6 ptp_rx=12563 ptp_tx=28346 minic_tx=35923 minic_rx=18882 rxerr=0 foreign=0/255 detection=0 wr_config=0 parent=0/0/0 local_state=0 next_state=0 rx=0x1000/1 tx=0x1001/4 fail=1/3/1 reject=0/0 lock=0/0 polls=0 enable=0 rcer=0x00000000 sstat=0x00000000 pstat=0x00000001
FOCUSED_SAMPLE board=DE5 [1-11.1] sample=026 valid=1 status=FF mac=02:00:22:33:44:01 mode=2 ptp=6 ptp_rx=12564 ptp_tx=28350 minic_tx=35928 minic_rx=18884 rxerr=0 foreign=0/255 detection=0 wr_config=0 parent=0/0/0 local_state=0 next_state=0 rx=0x1000/1 tx=0x1001/4 fail=1/3/1 reject=0/0 lock=0/0 polls=0 enable=0 rcer=0x00000000 sstat=0x00000000 pstat=0x00000001
FOCUSED_SAMPLE board=DE5 [1-11.1] sample=027 valid=1 status=FF mac=02:00:22:33:44:01 mode=2 ptp=6 ptp_rx=12569 ptp_tx=28357 minic_tx=35937 minic_rx=18890 rxerr=0 foreign=0/255 detection=0 wr_config=0 parent=0/0/0 local_state=0 next_state=0 rx=0x1000/1 tx=0x1001/4 fail=1/3/1 reject=0/0 lock=0/0 polls=0 enable=0 rcer=0x00000000 sstat=0x00000000 pstat=0x00000001
FOCUSED_SAMPLE board=DE5 [1-11.1] sample=028 valid=1 status=FF mac=02:00:22:33:44:01 mode=2 ptp=6 ptp_rx=12569 ptp_tx=28357 minic_tx=35937 minic_rx=18890 rxerr=0 foreign=0/255 detection=0 wr_config=0 parent=0/0/0 local_state=0 next_state=0 rx=0x1000/1 tx=0x1001/4 fail=1/3/1 reject=0/0 lock=0/0 polls=0 enable=0 rcer=0x00000000 sstat=0x00000000 pstat=0x00000001
FOCUSED_SAMPLE board=DE5 [1-11.1] sample=029 valid=1 status=FF mac=02:00:22:33:44:01 mode=2 ptp=6 ptp_rx=12570 ptp_tx=28359 minic_tx=35940 minic_rx=18892 rxerr=0 foreign=0/255 detection=0 wr_config=0 parent=0/0/0 local_state=0 next_state=0 rx=0x1000/1 tx=0x1001/4 fail=1/3/1 reject=0/0 lock=0/0 polls=0 enable=0 rcer=0x00000000 sstat=0x00000000 pstat=0x00000001
FOCUSED_SAMPLE board=DE5 [1-11.1] sample=030 valid=1 status=FF mac=02:00:22:33:44:01 mode=2 ptp=6 ptp_rx=12572 ptp_tx=28364 minic_tx=35946 minic_rx=18895 rxerr=0 foreign=0/255 detection=0 wr_config=0 parent=0/0/0 local_state=0 next_state=0 rx=0x1000/1 tx=0x1001/4 fail=1/3/1 reject=0/0 lock=0/0 polls=0 enable=0 rcer=0x00000000 sstat=0x00000000 pstat=0x00000001
FOCUSED_GATE board=DE5 [1-11.1] valid_samples=30 invalid_samples=0 counter_decreased=0 PTP_TX_DELTA=104 STEP2_REGRESSION=PASS STEP3_REGRESSION=NA POST_STEP3_LOCK_STAGE=NOT_OBSERVED STATE_EVIDENCE=STABLE signal_good=0 signal_bad=0 state_idle=0 state_good=0
=== FOCUSED_BOARD DE5 [1-11.2] ===
FOCUSED_SAMPLE board=DE5 [1-11.2] sample=001 valid=1 status=CF mac=02:00:22:33:44:02 mode=3 ptp=9 ptp_rx=28369 ptp_tx=3853 minic_tx=20159 minic_rx=34687 rxerr=0 foreign=1/0 detection=0 wr_config=3 parent=1/0/1 local_state=0 next_state=0 rx=0x1001/1 tx=0x1000/1 fail=2/2/1 reject=0/0 lock=1/0 polls=953186 enable=4 rcer=0x00000001 sstat=0x00000001 pstat=0x00000001
FOCUSED_SAMPLE board=DE5 [1-11.2] sample=002 valid=1 status=CF mac=02:00:22:33:44:02 mode=3 ptp=9 ptp_rx=28373 ptp_tx=3853 minic_tx=20162 minic_rx=34692 rxerr=0 foreign=1/0 detection=0 wr_config=3 parent=1/0/1 local_state=0 next_state=0 rx=0x1001/1 tx=0x1000/1 fail=2/2/1 reject=0/0 lock=1/0 polls=953186 enable=4 rcer=0x00000001 sstat=0x00000001 pstat=0x00000001
FOCUSED_SAMPLE board=DE5 [1-11.2] sample=003 valid=1 status=EF mac=02:00:22:33:44:02 mode=3 ptp=9 ptp_rx=28373 ptp_tx=3853 minic_tx=20162 minic_rx=34692 rxerr=0 foreign=1/0 detection=0 wr_config=3 parent=1/0/1 local_state=0 next_state=0 rx=0x1001/1 tx=0x1000/1 fail=2/2/1 reject=0/0 lock=1/0 polls=953186 enable=4 rcer=0x00000001 sstat=0x00000001 pstat=0x00000001
FOCUSED_SAMPLE board=DE5 [1-11.2] sample=004 valid=1 status=CF mac=02:00:22:33:44:02 mode=3 ptp=9 ptp_rx=28377 ptp_tx=3854 minic_tx=20165 minic_rx=34697 rxerr=0 foreign=1/0 detection=0 wr_config=3 parent=1/0/1 local_state=0 next_state=0 rx=0x1001/1 tx=0x1000/1 fail=2/2/1 reject=0/0 lock=1/0 polls=953186 enable=4 rcer=0x00000001 sstat=0x00000001 pstat=0x00000001
FOCUSED_SAMPLE board=DE5 [1-11.2] sample=005 valid=1 status=CF mac=02:00:22:33:44:02 mode=3 ptp=9 ptp_rx=28381 ptp_tx=3855 minic_tx=20168 minic_rx=34702 rxerr=0 foreign=1/0 detection=0 wr_config=3 parent=1/0/1 local_state=0 next_state=0 rx=0x1001/1 tx=0x1000/1 fail=2/2/1 reject=0/0 lock=1/0 polls=953186 enable=4 rcer=0x00000001 sstat=0x00000001 pstat=0x00000001
FOCUSED_SAMPLE board=DE5 [1-11.2] sample=006 valid=1 status=CF mac=02:00:22:33:44:02 mode=3 ptp=9 ptp_rx=28386 ptp_tx=3855 minic_tx=20171 minic_rx=34708 rxerr=0 foreign=1/0 detection=0 wr_config=3 parent=1/0/1 local_state=0 next_state=0 rx=0x1001/1 tx=0x1000/1 fail=2/2/1 reject=0/0 lock=1/0 polls=953186 enable=4 rcer=0x00000001 sstat=0x00000001 pstat=0x00000001
FOCUSED_SAMPLE board=DE5 [1-11.2] sample=007 valid=1 status=CF mac=02:00:22:33:44:02 mode=3 ptp=9 ptp_rx=28390 ptp_tx=3856 minic_tx=20173 minic_rx=34713 rxerr=0 foreign=1/0 detection=0 wr_config=3 parent=1/0/1 local_state=0 next_state=0 rx=0x1001/1 tx=0x1000/1 fail=2/2/1 reject=0/0 lock=1/0 polls=953186 enable=4 rcer=0x00000001 sstat=0x00000001 pstat=0x00000001
FOCUSED_SAMPLE board=DE5 [1-11.2] sample=008 valid=1 status=CF mac=02:00:22:33:44:02 mode=3 ptp=9 ptp_rx=28390 ptp_tx=3856 minic_tx=20173 minic_rx=34713 rxerr=0 foreign=1/0 detection=0 wr_config=3 parent=1/0/1 local_state=0 next_state=0 rx=0x1001/1 tx=0x1000/1 fail=2/2/1 reject=0/0 lock=1/0 polls=953186 enable=4 rcer=0x00000001 sstat=0x00000001 pstat=0x00000001
FOCUSED_SAMPLE board=DE5 [1-11.2] sample=009 valid=1 status=CF mac=02:00:22:33:44:02 mode=3 ptp=9 ptp_rx=28394 ptp_tx=3856 minic_tx=20176 minic_rx=34718 rxerr=0 foreign=1/0 detection=0 wr_config=3 parent=1/0/1 local_state=0 next_state=0 rx=0x1001/1 tx=0x1000/1 fail=2/2/1 reject=0/0 lock=1/0 polls=953186 enable=4 rcer=0x00000001 sstat=0x00000001 pstat=0x00000001
FOCUSED_SAMPLE board=DE5 [1-11.2] sample=010 valid=1 status=EF mac=02:00:22:33:44:02 mode=3 ptp=9 ptp_rx=28398 ptp_tx=3856 minic_tx=20179 minic_rx=34723 rxerr=0 foreign=1/0 detection=0 wr_config=3 parent=1/0/1 local_state=0 next_state=0 rx=0x1001/1 tx=0x1000/1 fail=2/2/1 reject=0/0 lock=1/0 polls=953186 enable=4 rcer=0x00000001 sstat=0x00000001 pstat=0x00000001
FOCUSED_SAMPLE board=DE5 [1-11.2] sample=011 valid=1 status=CF mac=02:00:22:33:44:02 mode=3 ptp=9 ptp_rx=28402 ptp_tx=3857 minic_tx=20182 minic_rx=34728 rxerr=0 foreign=1/0 detection=0 wr_config=3 parent=1/0/1 local_state=0 next_state=0 rx=0x1001/1 tx=0x1000/1 fail=2/2/1 reject=0/0 lock=1/0 polls=953186 enable=4 rcer=0x00000001 sstat=0x00000001 pstat=0x00000001
FOCUSED_SAMPLE board=DE5 [1-11.2] sample=012 valid=1 status=CF mac=02:00:22:33:44:02 mode=3 ptp=9 ptp_rx=28402 ptp_tx=3857 minic_tx=20185 minic_rx=34734 rxerr=0 foreign=1/0 detection=0 wr_config=3 parent=1/0/1 local_state=0 next_state=0 rx=0x1001/1 tx=0x1000/1 fail=2/2/1 reject=0/0 lock=1/0 polls=953186 enable=4 rcer=0x00000001 sstat=0x00000001 pstat=0x00000001
FOCUSED_SAMPLE board=DE5 [1-11.2] sample=013 valid=1 status=CF mac=02:00:22:33:44:02 mode=3 ptp=9 ptp_rx=28407 ptp_tx=3857 minic_tx=20185 minic_rx=34734 rxerr=0 foreign=1/0 detection=0 wr_config=3 parent=1/0/1 local_state=0 next_state=0 rx=0x1001/1 tx=0x1000/1 fail=2/2/1 reject=0/0 lock=1/0 polls=953186 enable=4 rcer=0x00000001 sstat=0x00000001 pstat=0x00000001
FOCUSED_SAMPLE board=DE5 [1-11.2] sample=014 valid=1 status=EF mac=02:00:22:33:44:02 mode=3 ptp=9 ptp_rx=28412 ptp_tx=3857 minic_tx=20189 minic_rx=34740 rxerr=0 foreign=1/0 detection=0 wr_config=3 parent=1/0/1 local_state=0 next_state=0 rx=0x1001/1 tx=0x1000/1 fail=2/2/1 reject=0/0 lock=1/0 polls=953186 enable=4 rcer=0x00000001 sstat=0x00000001 pstat=0x00000001
FOCUSED_SAMPLE board=DE5 [1-11.2] sample=015 valid=1 status=CF mac=02:00:22:33:44:02 mode=3 ptp=9 ptp_rx=28416 ptp_tx=3858 minic_tx=20192 minic_rx=34745 rxerr=0 foreign=1/0 detection=0 wr_config=3 parent=1/0/1 local_state=0 next_state=0 rx=0x1001/1 tx=0x1000/1 fail=2/2/1 reject=0/0 lock=1/0 polls=953186 enable=4 rcer=0x00000001 sstat=0x00000001 pstat=0x00000001
FOCUSED_SAMPLE board=DE5 [1-11.2] sample=016 valid=1 status=CF mac=02:00:22:33:44:02 mode=3 ptp=9 ptp_rx=28420 ptp_tx=3858 minic_tx=20195 minic_rx=34750 rxerr=0 foreign=1/0 detection=0 wr_config=3 parent=1/0/1 local_state=0 next_state=0 rx=0x1001/1 tx=0x1000/1 fail=2/2/1 reject=0/0 lock=1/0 polls=953186 enable=4 rcer=0x00000001 sstat=0x00000001 pstat=0x00000001
FOCUSED_SAMPLE board=DE5 [1-11.2] sample=017 valid=1 status=CF mac=02:00:22:33:44:02 mode=3 ptp=9 ptp_rx=28420 ptp_tx=3858 minic_tx=20195 minic_rx=34750 rxerr=0 foreign=1/0 detection=0 wr_config=3 parent=1/0/1 local_state=0 next_state=0 rx=0x1001/1 tx=0x1000/1 fail=2/2/1 reject=0/0 lock=1/0 polls=953186 enable=4 rcer=0x00000001 sstat=0x00000001 pstat=0x00000001
FOCUSED_SAMPLE board=DE5 [1-11.2] sample=018 valid=1 status=EF mac=02:00:22:33:44:02 mode=3 ptp=9 ptp_rx=28425 ptp_tx=3858 minic_tx=20199 minic_rx=34756 rxerr=0 foreign=1/0 detection=0 wr_config=3 parent=1/0/1 local_state=0 next_state=0 rx=0x1001/1 tx=0x1000/1 fail=2/2/1 reject=0/0 lock=1/0 polls=953186 enable=4 rcer=0x00000001 sstat=0x00000001 pstat=0x00000001
FOCUSED_SAMPLE board=DE5 [1-11.2] sample=019 valid=1 status=CF mac=02:00:22:33:44:02 mode=3 ptp=9 ptp_rx=28429 ptp_tx=3859 minic_tx=20201 minic_rx=34761 rxerr=0 foreign=1/0 detection=0 wr_config=3 parent=1/0/1 local_state=0 next_state=0 rx=0x1001/1 tx=0x1000/1 fail=2/2/1 reject=0/0 lock=1/0 polls=953186 enable=4 rcer=0x00000001 sstat=0x00000001 pstat=0x00000001
FOCUSED_SAMPLE board=DE5 [1-11.2] sample=020 valid=1 status=CF mac=02:00:22:33:44:02 mode=3 ptp=9 ptp_rx=28435 ptp_tx=3860 minic_tx=20205 minic_rx=34768 rxerr=0 foreign=1/0 detection=0 wr_config=3 parent=1/0/1 local_state=0 next_state=0 rx=0x1001/1 tx=0x1000/1 fail=2/2/1 reject=0/0 lock=1/0 polls=953186 enable=4 rcer=0x00000001 sstat=0x00000001 pstat=0x00000001
FOCUSED_SAMPLE board=DE5 [1-11.2] sample=021 valid=1 status=CF mac=02:00:22:33:44:02 mode=3 ptp=9 ptp_rx=28439 ptp_tx=3860 minic_tx=20208 minic_rx=34773 rxerr=0 foreign=1/0 detection=0 wr_config=3 parent=1/0/1 local_state=0 next_state=0 rx=0x1001/1 tx=0x1000/1 fail=2/2/1 reject=0/0 lock=1/0 polls=953186 enable=4 rcer=0x00000001 sstat=0x00000001 pstat=0x00000001
FOCUSED_SAMPLE board=DE5 [1-11.2] sample=022 valid=1 status=CF mac=02:00:22:33:44:02 mode=3 ptp=9 ptp_rx=28439 ptp_tx=3860 minic_tx=20208 minic_rx=34773 rxerr=0 foreign=1/0 detection=0 wr_config=3 parent=1/0/1 local_state=0 next_state=0 rx=0x1001/1 tx=0x1000/1 fail=2/2/1 reject=0/0 lock=1/0 polls=953186 enable=4 rcer=0x00000001 sstat=0x00000001 pstat=0x00000001
FOCUSED_SAMPLE board=DE5 [1-11.2] sample=023 valid=1 status=CF mac=02:00:22:33:44:02 mode=3 ptp=9 ptp_rx=28443 ptp_tx=3861 minic_tx=20212 minic_rx=34778 rxerr=0 foreign=1/0 detection=0 wr_config=3 parent=1/0/1 local_state=0 next_state=0 rx=0x1001/1 tx=0x1000/1 fail=2/2/1 reject=0/0 lock=1/0 polls=953186 enable=4 rcer=0x00000001 sstat=0x00000001 pstat=0x00000001
FOCUSED_SAMPLE board=DE5 [1-11.2] sample=024 valid=1 status=CF mac=02:00:22:33:44:02 mode=3 ptp=9 ptp_rx=28447 ptp_tx=3861 minic_tx=20214 minic_rx=34783 rxerr=0 foreign=1/0 detection=0 wr_config=3 parent=1/0/1 local_state=0 next_state=0 rx=0x1001/1 tx=0x1000/1 fail=2/2/1 reject=0/0 lock=1/0 polls=953186 enable=4 rcer=0x00000001 sstat=0x00000001 pstat=0x00000001
FOCUSED_SAMPLE board=DE5 [1-11.2] sample=025 valid=1 status=CF mac=02:00:22:33:44:02 mode=3 ptp=9 ptp_rx=28452 ptp_tx=3861 minic_tx=20217 minic_rx=34789 rxerr=0 foreign=1/0 detection=0 wr_config=3 parent=1/0/1 local_state=0 next_state=0 rx=0x1001/1 tx=0x1000/1 fail=2/2/1 reject=0/0 lock=1/0 polls=953186 enable=4 rcer=0x00000001 sstat=0x00000001 pstat=0x00000001
FOCUSED_SAMPLE board=DE5 [1-11.2] sample=026 valid=1 status=CF mac=02:00:22:33:44:02 mode=3 ptp=9 ptp_rx=28456 ptp_tx=3863 minic_tx=20220 minic_rx=34794 rxerr=0 foreign=1/0 detection=0 wr_config=3 parent=1/0/1 local_state=0 next_state=0 rx=0x1001/1 tx=0x1000/1 fail=2/2/1 reject=0/0 lock=1/0 polls=953186 enable=4 rcer=0x00000001 sstat=0x00000001 pstat=0x00000001
FOCUSED_SAMPLE board=DE5 [1-11.2] sample=027 valid=1 status=CF mac=02:00:22:33:44:02 mode=3 ptp=9 ptp_rx=28456 ptp_tx=3863 minic_tx=20220 minic_rx=34794 rxerr=0 foreign=1/0 detection=0 wr_config=3 parent=1/0/1 local_state=0 next_state=0 rx=0x1001/1 tx=0x1000/1 fail=2/2/1 reject=0/0 lock=1/0 polls=953186 enable=4 rcer=0x00000001 sstat=0x00000001 pstat=0x00000001
FOCUSED_SAMPLE board=DE5 [1-11.2] sample=028 valid=1 status=CF mac=02:00:22:33:44:02 mode=3 ptp=9 ptp_rx=28461 ptp_tx=3863 minic_tx=20224 minic_rx=34800 rxerr=0 foreign=1/0 detection=0 wr_config=3 parent=1/0/1 local_state=0 next_state=0 rx=0x1001/1 tx=0x1000/1 fail=2/2/1 reject=0/0 lock=1/0 polls=953186 enable=4 rcer=0x00000001 sstat=0x00000001 pstat=0x00000001
FOCUSED_SAMPLE board=DE5 [1-11.2] sample=029 valid=1 status=EF mac=02:00:22:33:44:02 mode=3 ptp=9 ptp_rx=28465 ptp_tx=3863 minic_tx=20227 minic_rx=34805 rxerr=0 foreign=1/0 detection=0 wr_config=3 parent=1/0/1 local_state=0 next_state=0 rx=0x1001/1 tx=0x1000/1 fail=2/2/1 reject=0/0 lock=1/0 polls=953186 enable=4 rcer=0x00000001 sstat=0x00000001 pstat=0x00000001
FOCUSED_SAMPLE board=DE5 [1-11.2] sample=030 valid=1 status=EF mac=02:00:22:33:44:02 mode=3 ptp=9 ptp_rx=28469 ptp_tx=3864 minic_tx=20230 minic_rx=34810 rxerr=0 foreign=1/0 detection=0 wr_config=3 parent=1/0/1 local_state=0 next_state=0 rx=0x1001/1 tx=0x1000/1 fail=2/2/1 reject=0/0 lock=1/0 polls=953186 enable=4 rcer=0x00000001 sstat=0x00000001 pstat=0x00000001
FOCUSED_GATE board=DE5 [1-11.2] valid_samples=30 invalid_samples=0 counter_decreased=0 PTP_TX_DELTA=11 STEP2_REGRESSION=PASS STEP3_REGRESSION=PASS POST_STEP3_LOCK_STAGE=TIMEOUT STATE_EVIDENCE=READ_INCONSISTENT signal_good=30 signal_bad=0 state_idle=30 state_good=0
FOCUSED_DONE
Info (23030): Evaluation of Tcl script scripts/jtag/read_wr_handshake_focused.tcl was successful
Info: Quartus Prime SignalTap II was successful. 0 errors, 0 warnings
    Info: Peak virtual memory: 772 megabytes
    Info: Processing ended: Tue Aug 25 02:23:03 2026
    Info: Elapsed time: 00:00:46
    Info: Total CPU time (on all processors): 00:00:01
