Info: *******************************************************************
Info: Running Quartus Prime SignalTap II
    Info: Version 17.0.0 Build 595 04/25/2017 SJ Standard Edition
    Info: Copyright (C) 2017  Intel Corporation. All rights reserved.
    Info: Your use of Intel Corporation's design tools, logic functions 
    Info: and other software and tools, and its AMPP partner logic 
    Info: functions, and any output files from any of the foregoing 
    Info: (including device programming or simulation files), and any 
    Info: associated documentation or information are expressly subject 
    Info: to the terms and conditions of the Intel Program License 
    Info: Subscription Agreement, the Intel Quartus Prime License Agreement,
    Info: the Intel MegaCore Function License Agreement, or other 
    Info: applicable license agreement, including, without limitation, 
    Info: that your use is for the sole purpose of programming logic 
    Info: devices manufactured by Intel and sold by Intel or its 
    Info: authorized distributors.  Please refer to the applicable 
    Info: agreement for further details.
    Info: Processing started: Sun Aug 30 07:43:02 2026
Info: Command: quartus_stp -t scripts/jtag/read_step5_hpll_physical_zero_crossing_point.tcl 5 500 700 2 10 100 0 1536 "DE5 [1-11.2]"
Info: Quartus(args): 5 500 700 2 10 100 0 1536 {DE5 [1-11.2]}
STEP5_ZERO_CROSSING_CONFIG experiment=EXP-WRPC-STEP5-HPLL-PHYSICAL-ZERO-CROSSING-SWEEP baseline_seconds=5 poll_ms=500 max_completion_polls=700 settle_updates=2 window_updates=10 helper_poll_ms=100 polarity_reverse=0 burst_size=1536 fixed_sof=1 normal_hpll_tracker=0 board_filter=DE5 [1-11.2]
STEP5_ZERO_SAMPLE board=DE5 [1-11.2] tag=A0 BURST_WIDE_RAW=0000000000000000 TRIGGER_COUNT=0 FORCED_HPLL_ADMITTED=0 FORCED_HPLL_COMPLETED=0 DCO_STEP_COUNT=0 TRACKER_RAW=000000000005FFFB NORMAL_HPLL_REQUEST_COUNT=0 NORMAL_HPLL_COMPLETED_COUNT=0 PRECLAMP_ERROR_SIGNED=-79944826 TAG_DELTA_SIGNED=14764 EXPECTED_DELTA_SIGNED=16384 TAG_MINUS_EXPECTED=-1620 HELPER_UPDATE_COUNT=49660
STEP5_ZERO_SAMPLE board=DE5 [1-11.2] tag=A01 BURST_WIDE_RAW=0000000000000000 TRIGGER_COUNT=0 FORCED_HPLL_ADMITTED=0 FORCED_HPLL_COMPLETED=0 DCO_STEP_COUNT=0 TRACKER_RAW=000000000005FFFB NORMAL_HPLL_REQUEST_COUNT=0 NORMAL_HPLL_COMPLETED_COUNT=0 PRECLAMP_ERROR_SIGNED=-86788713 TAG_DELTA_SIGNED=14772 EXPECTED_DELTA_SIGNED=16384 TAG_MINUS_EXPECTED=-1612 HELPER_UPDATE_COUNT=53892
STEP5_ZERO_SAMPLE board=DE5 [1-11.2] tag=A02 BURST_WIDE_RAW=0000000000000000 TRIGGER_COUNT=0 FORCED_HPLL_ADMITTED=0 FORCED_HPLL_COMPLETED=0 DCO_STEP_COUNT=0 TRACKER_RAW=000000000005FFFB NORMAL_HPLL_REQUEST_COUNT=0 NORMAL_HPLL_COMPLETED_COUNT=0 PRECLAMP_ERROR_SIGNED=-93632847 TAG_DELTA_SIGNED=14734 EXPECTED_DELTA_SIGNED=16384 TAG_MINUS_EXPECTED=-1650 HELPER_UPDATE_COUNT=58124
STEP5_ZERO_SAMPLE board=DE5 [1-11.2] tag=A03 BURST_WIDE_RAW=0000000000000000 TRIGGER_COUNT=0 FORCED_HPLL_ADMITTED=0 FORCED_HPLL_COMPLETED=0 DCO_STEP_COUNT=0 TRACKER_RAW=000000000005FFFB NORMAL_HPLL_REQUEST_COUNT=0 NORMAL_HPLL_COMPLETED_COUNT=0 PRECLAMP_ERROR_SIGNED=-100475901 TAG_DELTA_SIGNED=14757 EXPECTED_DELTA_SIGNED=16384 TAG_MINUS_EXPECTED=-1627 HELPER_UPDATE_COUNT=62356
STEP5_ZERO_SAMPLE board=DE5 [1-11.2] tag=A04 BURST_WIDE_RAW=0000000000000000 TRIGGER_COUNT=0 FORCED_HPLL_ADMITTED=0 FORCED_HPLL_COMPLETED=0 DCO_STEP_COUNT=0 TRACKER_RAW=000000000005FFFB NORMAL_HPLL_REQUEST_COUNT=0 NORMAL_HPLL_COMPLETED_COUNT=0 PRECLAMP_ERROR_SIGNED=-4656308 TAG_DELTA_SIGNED=14771 EXPECTED_DELTA_SIGNED=16384 TAG_MINUS_EXPECTED=-1613 HELPER_UPDATE_COUNT=3107
STEP5_ZERO_SAMPLE board=DE5 [1-11.2] tag=A05 BURST_WIDE_RAW=0000000000000000 TRIGGER_COUNT=0 FORCED_HPLL_ADMITTED=0 FORCED_HPLL_COMPLETED=0 DCO_STEP_COUNT=0 TRACKER_RAW=000000000005FFFB NORMAL_HPLL_REQUEST_COUNT=0 NORMAL_HPLL_COMPLETED_COUNT=0 PRECLAMP_ERROR_SIGNED=-11498732 TAG_DELTA_SIGNED=14767 EXPECTED_DELTA_SIGNED=16384 TAG_MINUS_EXPECTED=-1617 HELPER_UPDATE_COUNT=7339
STEP5_ZERO_BACKGROUND board=DE5 [1-11.2] DELTA_HELPER_UPDATE_COUNT=23215 DELTA_PRECLAMP_ERROR=68446094
STEP5_ZERO_SAMPLE board=DE5 [1-11.2] tag=B_BEFORE BURST_WIDE_RAW=0000000000000000 TRIGGER_COUNT=0 FORCED_HPLL_ADMITTED=0 FORCED_HPLL_COMPLETED=0 DCO_STEP_COUNT=0 TRACKER_RAW=000000000005FFFB NORMAL_HPLL_REQUEST_COUNT=0 NORMAL_HPLL_COMPLETED_COUNT=0 PRECLAMP_ERROR_SIGNED=-11498732 TAG_DELTA_SIGNED=14767 EXPECTED_DELTA_SIGNED=16384 TAG_MINUS_EXPECTED=-1617 HELPER_UPDATE_COUNT=7339
STEP5_ZERO_TRIGGER board=DE5 [1-11.2] source=FORCE_HPLL_ONE_STEP transition=0->1->0 controller_burst_size=1536
STEP5_ZERO_SAMPLE board=DE5 [1-11.2] tag=B001 BURST_WIDE_RAW=0237023702380001 TRIGGER_COUNT=1 FORCED_HPLL_ADMITTED=568 FORCED_HPLL_COMPLETED=567 DCO_STEP_COUNT=567 TRACKER_RAW=000000000005FFFB NORMAL_HPLL_REQUEST_COUNT=0 NORMAL_HPLL_COMPLETED_COUNT=0 PRECLAMP_ERROR_SIGNED=-18340962 TAG_DELTA_SIGNED=14775 EXPECTED_DELTA_SIGNED=16384 TAG_MINUS_EXPECTED=-1609 HELPER_UPDATE_COUNT=11571
STEP5_ZERO_SAMPLE board=DE5 [1-11.2] tag=B002 BURST_WIDE_RAW=0466046604670001 TRIGGER_COUNT=1 FORCED_HPLL_ADMITTED=1127 FORCED_HPLL_COMPLETED=1126 DCO_STEP_COUNT=1126 TRACKER_RAW=000000000005FFFB NORMAL_HPLL_REQUEST_COUNT=0 NORMAL_HPLL_COMPLETED_COUNT=0 PRECLAMP_ERROR_SIGNED=-24597853 TAG_DELTA_SIGNED=15027 EXPECTED_DELTA_SIGNED=16384 TAG_MINUS_EXPECTED=-1357 HELPER_UPDATE_COUNT=15767
STEP5_ZERO_SAMPLE board=DE5 [1-11.2] tag=B003 BURST_WIDE_RAW=0600060006000001 TRIGGER_COUNT=1 FORCED_HPLL_ADMITTED=1536 FORCED_HPLL_COMPLETED=1536 DCO_STEP_COUNT=1536 TRACKER_RAW=000000000005FFFB NORMAL_HPLL_REQUEST_COUNT=0 NORMAL_HPLL_COMPLETED_COUNT=0 PRECLAMP_ERROR_SIGNED=-24597853 TAG_DELTA_SIGNED=15027 EXPECTED_DELTA_SIGNED=16384 TAG_MINUS_EXPECTED=-1357 HELPER_UPDATE_COUNT=15767
STEP5_ZERO_COMPLETION board=DE5 [1-11.2] BURST_SIZE=1536 BURST_COMPLETED=1 LAST_TAG=B003 DELTA_FORCED_HPLL_COMPLETED=1536 DELTA_DCO_STEP=1536
STEP5_ZERO_SAMPLE board=DE5 [1-11.2] tag=S001 BURST_WIDE_RAW=0600060006000001 TRIGGER_COUNT=1 FORCED_HPLL_ADMITTED=1536 FORCED_HPLL_COMPLETED=1536 DCO_STEP_COUNT=1536 TRACKER_RAW=000000000005FFFB NORMAL_HPLL_REQUEST_COUNT=0 NORMAL_HPLL_COMPLETED_COUNT=0 PRECLAMP_ERROR_SIGNED=-24597853 TAG_DELTA_SIGNED=15027 EXPECTED_DELTA_SIGNED=16384 TAG_MINUS_EXPECTED=-1357 HELPER_UPDATE_COUNT=15767
STEP5_ZERO_SAMPLE board=DE5 [1-11.2] tag=S002 BURST_WIDE_RAW=0600060006000001 TRIGGER_COUNT=1 FORCED_HPLL_ADMITTED=1536 FORCED_HPLL_COMPLETED=1536 DCO_STEP_COUNT=1536 TRACKER_RAW=000000000005FFFB NORMAL_HPLL_REQUEST_COUNT=0 NORMAL_HPLL_COMPLETED_COUNT=0 PRECLAMP_ERROR_SIGNED=-24597853 TAG_DELTA_SIGNED=15027 EXPECTED_DELTA_SIGNED=16384 TAG_MINUS_EXPECTED=-1357 HELPER_UPDATE_COUNT=15767
STEP5_ZERO_SAMPLE board=DE5 [1-11.2] tag=S003 BURST_WIDE_RAW=0600060006000001 TRIGGER_COUNT=1 FORCED_HPLL_ADMITTED=1536 FORCED_HPLL_COMPLETED=1536 DCO_STEP_COUNT=1536 TRACKER_RAW=000000000005FFFB NORMAL_HPLL_REQUEST_COUNT=0 NORMAL_HPLL_COMPLETED_COUNT=0 PRECLAMP_ERROR_SIGNED=-24597853 TAG_DELTA_SIGNED=15027 EXPECTED_DELTA_SIGNED=16384 TAG_MINUS_EXPECTED=-1357 HELPER_UPDATE_COUNT=15767
STEP5_ZERO_SAMPLE board=DE5 [1-11.2] tag=S004 BURST_WIDE_RAW=0600060006000001 TRIGGER_COUNT=1 FORCED_HPLL_ADMITTED=1536 FORCED_HPLL_COMPLETED=1536 DCO_STEP_COUNT=1536 TRACKER_RAW=000000000005FFFB NORMAL_HPLL_REQUEST_COUNT=0 NORMAL_HPLL_COMPLETED_COUNT=0 PRECLAMP_ERROR_SIGNED=-29890380 TAG_DELTA_SIGNED=15126 EXPECTED_DELTA_SIGNED=16384 TAG_MINUS_EXPECTED=-1258 HELPER_UPDATE_COUNT=19905
STEP5_ZERO_SAMPLE board=DE5 [1-11.2] tag=W0 BURST_WIDE_RAW=0600060006000001 TRIGGER_COUNT=1 FORCED_HPLL_ADMITTED=1536 FORCED_HPLL_COMPLETED=1536 DCO_STEP_COUNT=1536 TRACKER_RAW=000000000005FFFB NORMAL_HPLL_REQUEST_COUNT=0 NORMAL_HPLL_COMPLETED_COUNT=0 PRECLAMP_ERROR_SIGNED=-29890380 TAG_DELTA_SIGNED=15126 EXPECTED_DELTA_SIGNED=16384 TAG_MINUS_EXPECTED=-1258 HELPER_UPDATE_COUNT=19905
STEP5_ZERO_SAMPLE board=DE5 [1-11.2] tag=W001 BURST_WIDE_RAW=0600060006000001 TRIGGER_COUNT=1 FORCED_HPLL_ADMITTED=1536 FORCED_HPLL_COMPLETED=1536 DCO_STEP_COUNT=1536 TRACKER_RAW=000000000005FFFB NORMAL_HPLL_REQUEST_COUNT=0 NORMAL_HPLL_COMPLETED_COUNT=0 PRECLAMP_ERROR_SIGNED=-29890380 TAG_DELTA_SIGNED=15126 EXPECTED_DELTA_SIGNED=16384 TAG_MINUS_EXPECTED=-1258 HELPER_UPDATE_COUNT=19905
STEP5_ZERO_SAMPLE board=DE5 [1-11.2] tag=W002 BURST_WIDE_RAW=0600060006000001 TRIGGER_COUNT=1 FORCED_HPLL_ADMITTED=1536 FORCED_HPLL_COMPLETED=1536 DCO_STEP_COUNT=1536 TRACKER_RAW=000000000005FFFB NORMAL_HPLL_REQUEST_COUNT=0 NORMAL_HPLL_COMPLETED_COUNT=0 PRECLAMP_ERROR_SIGNED=-29890380 TAG_DELTA_SIGNED=15126 EXPECTED_DELTA_SIGNED=16384 TAG_MINUS_EXPECTED=-1258 HELPER_UPDATE_COUNT=19905
STEP5_ZERO_SAMPLE board=DE5 [1-11.2] tag=W003 BURST_WIDE_RAW=0600060006000001 TRIGGER_COUNT=1 FORCED_HPLL_ADMITTED=1536 FORCED_HPLL_COMPLETED=1536 DCO_STEP_COUNT=1536 TRACKER_RAW=000000000005FFFB NORMAL_HPLL_REQUEST_COUNT=0 NORMAL_HPLL_COMPLETED_COUNT=0 PRECLAMP_ERROR_SIGNED=-29890380 TAG_DELTA_SIGNED=15126 EXPECTED_DELTA_SIGNED=16384 TAG_MINUS_EXPECTED=-1258 HELPER_UPDATE_COUNT=19905
STEP5_ZERO_SAMPLE board=DE5 [1-11.2] tag=W004 BURST_WIDE_RAW=0600060006000001 TRIGGER_COUNT=1 FORCED_HPLL_ADMITTED=1536 FORCED_HPLL_COMPLETED=1536 DCO_STEP_COUNT=1536 TRACKER_RAW=000000000005FFFB NORMAL_HPLL_REQUEST_COUNT=0 NORMAL_HPLL_COMPLETED_COUNT=0 PRECLAMP_ERROR_SIGNED=-29890380 TAG_DELTA_SIGNED=15126 EXPECTED_DELTA_SIGNED=16384 TAG_MINUS_EXPECTED=-1258 HELPER_UPDATE_COUNT=19905
STEP5_ZERO_SAMPLE board=DE5 [1-11.2] tag=W005 BURST_WIDE_RAW=0600060006000001 TRIGGER_COUNT=1 FORCED_HPLL_ADMITTED=1536 FORCED_HPLL_COMPLETED=1536 DCO_STEP_COUNT=1536 TRACKER_RAW=000000000005FFFB NORMAL_HPLL_REQUEST_COUNT=0 NORMAL_HPLL_COMPLETED_COUNT=0 PRECLAMP_ERROR_SIGNED=-29890380 TAG_DELTA_SIGNED=15126 EXPECTED_DELTA_SIGNED=16384 TAG_MINUS_EXPECTED=-1258 HELPER_UPDATE_COUNT=19905
STEP5_ZERO_SAMPLE board=DE5 [1-11.2] tag=W006 BURST_WIDE_RAW=0600060006000001 TRIGGER_COUNT=1 FORCED_HPLL_ADMITTED=1536 FORCED_HPLL_COMPLETED=1536 DCO_STEP_COUNT=1536 TRACKER_RAW=000000000005FFFB NORMAL_HPLL_REQUEST_COUNT=0 NORMAL_HPLL_COMPLETED_COUNT=0 PRECLAMP_ERROR_SIGNED=-29890380 TAG_DELTA_SIGNED=15126 EXPECTED_DELTA_SIGNED=16384 TAG_MINUS_EXPECTED=-1258 HELPER_UPDATE_COUNT=19905
STEP5_ZERO_SAMPLE board=DE5 [1-11.2] tag=W007 BURST_WIDE_RAW=0600060006000001 TRIGGER_COUNT=1 FORCED_HPLL_ADMITTED=1536 FORCED_HPLL_COMPLETED=1536 DCO_STEP_COUNT=1536 TRACKER_RAW=000000000005FFFB NORMAL_HPLL_REQUEST_COUNT=0 NORMAL_HPLL_COMPLETED_COUNT=0 PRECLAMP_ERROR_SIGNED=-29890380 TAG_DELTA_SIGNED=15126 EXPECTED_DELTA_SIGNED=16384 TAG_MINUS_EXPECTED=-1258 HELPER_UPDATE_COUNT=19905
STEP5_ZERO_SAMPLE board=DE5 [1-11.2] tag=W008 BURST_WIDE_RAW=0600060006000001 TRIGGER_COUNT=1 FORCED_HPLL_ADMITTED=1536 FORCED_HPLL_COMPLETED=1536 DCO_STEP_COUNT=1536 TRACKER_RAW=000000000005FFFB NORMAL_HPLL_REQUEST_COUNT=0 NORMAL_HPLL_COMPLETED_COUNT=0 PRECLAMP_ERROR_SIGNED=-29890380 TAG_DELTA_SIGNED=15126 EXPECTED_DELTA_SIGNED=16384 TAG_MINUS_EXPECTED=-1258 HELPER_UPDATE_COUNT=19905
STEP5_ZERO_SAMPLE board=DE5 [1-11.2] tag=W009 BURST_WIDE_RAW=0600060006000001 TRIGGER_COUNT=1 FORCED_HPLL_ADMITTED=1536 FORCED_HPLL_COMPLETED=1536 DCO_STEP_COUNT=1536 TRACKER_RAW=000000000005FFFB NORMAL_HPLL_REQUEST_COUNT=0 NORMAL_HPLL_COMPLETED_COUNT=0 PRECLAMP_ERROR_SIGNED=-35081546 TAG_DELTA_SIGNED=15108 EXPECTED_DELTA_SIGNED=16384 TAG_MINUS_EXPECTED=-1276 HELPER_UPDATE_COUNT=24036
STEP5_ZERO_RESULT board=DE5 [1-11.2] N=1536 BURST_DONE=1 SETTLED=1 WINDOW_START=W0 WINDOW_END=DE5 [1-11.2]|W009 DELTA_HELPER_UPDATE_COUNT=4131 DELTA_PRECLAMP_ERROR=-5191166 FREQ_ERROR=-1257 FREQ_ERROR_NUM=-5191166 FREQ_ERROR_DEN=4131 MEAN_TAG_MINUS_EXPECTED=-1260 TAG_SAMPLE_COUNT=10 DELTA_BURST_TRIGGER_COUNT=1 DELTA_FORCED_HPLL_ADMITTED=1536 DELTA_FORCED_HPLL_COMPLETED=1536 DELTA_DCO_STEP=1536 DELTA_NORMAL_HPLL_REQUEST_COUNT=0 DELTA_NORMAL_HPLL_COMPLETED_COUNT=0
STEP5_ZERO_CROSSING_POINT_DONE
Info (23030): Evaluation of Tcl script scripts/jtag/read_step5_hpll_physical_zero_crossing_point.tcl was successful
Info: Quartus Prime SignalTap II was successful. 0 errors, 0 warnings
    Info: Peak virtual memory: 772 megabytes
    Info: Processing ended: Sun Aug 30 07:43:11 2026
    Info: Elapsed time: 00:00:09
    Info: Total CPU time (on all processors): 00:00:00
