Info: *******************************************************************
Info: Running Quartus Prime SignalTap II
    Info: Version 17.0.0 Build 595 04/25/2017 SJ Standard Edition
    Info: Copyright (C) 2017  Intel Corporation. All rights reserved.
    Info: Your use of Intel Corporation's design tools, logic functions 
    Info: and other software and tools, and its AMPP partner logic 
    Info: functions, and any output files from any of the foregoing 
    Info: (including device programming or simulation files), and any 
    Info: associated documentation or information are expressly subject 
    Info: to the terms and conditions of the Intel Program License 
    Info: Subscription Agreement, the Intel Quartus Prime License Agreement,
    Info: the Intel MegaCore Function License Agreement, or other 
    Info: applicable license agreement, including, without limitation, 
    Info: that your use is for the sole purpose of programming logic 
    Info: devices manufactured by Intel and sold by Intel or its 
    Info: authorized distributors.  Please refer to the applicable 
    Info: agreement for further details.
    Info: Processing started: Sun Aug 30 07:50:53 2026
Info: Command: quartus_stp -t scripts/jtag/read_step5_hpll_physical_zero_crossing_point.tcl 5 500 2400 2 10 100 0 6656 "DE5 [1-11.2]"
Info: Quartus(args): 5 500 2400 2 10 100 0 6656 {DE5 [1-11.2]}
STEP5_ZERO_CROSSING_CONFIG experiment=EXP-WRPC-STEP5-HPLL-PHYSICAL-ZERO-CROSSING-SWEEP baseline_seconds=5 poll_ms=500 max_completion_polls=2400 settle_updates=2 window_updates=10 helper_poll_ms=100 polarity_reverse=0 burst_size=6656 fixed_sof=1 normal_hpll_tracker=0 board_filter=DE5 [1-11.2]
STEP5_ZERO_SAMPLE board=DE5 [1-11.2] tag=A0 BURST_WIDE_RAW=0000000000000000 TRIGGER_COUNT=0 FORCED_HPLL_ADMITTED=0 FORCED_HPLL_COMPLETED=0 DCO_STEP_COUNT=0 TRACKER_RAW=000000000005FFFB NORMAL_HPLL_REQUEST_COUNT=0 NORMAL_HPLL_COMPLETED_COUNT=0 PRECLAMP_ERROR_SIGNED=-60955331 TAG_DELTA_SIGNED=14759 EXPECTED_DELTA_SIGNED=16384 TAG_MINUS_EXPECTED=-1625 HELPER_UPDATE_COUNT=37820
STEP5_ZERO_SAMPLE board=DE5 [1-11.2] tag=A01 BURST_WIDE_RAW=0000000000000000 TRIGGER_COUNT=0 FORCED_HPLL_ADMITTED=0 FORCED_HPLL_COMPLETED=0 DCO_STEP_COUNT=0 TRACKER_RAW=000000000005FFFB NORMAL_HPLL_REQUEST_COUNT=0 NORMAL_HPLL_COMPLETED_COUNT=0 PRECLAMP_ERROR_SIGNED=-67818435 TAG_DELTA_SIGNED=14755 EXPECTED_DELTA_SIGNED=16384 TAG_MINUS_EXPECTED=-1629 HELPER_UPDATE_COUNT=42053
STEP5_ZERO_SAMPLE board=DE5 [1-11.2] tag=A02 BURST_WIDE_RAW=0000000000000000 TRIGGER_COUNT=0 FORCED_HPLL_ADMITTED=0 FORCED_HPLL_COMPLETED=0 DCO_STEP_COUNT=0 TRACKER_RAW=000000000005FFFB NORMAL_HPLL_REQUEST_COUNT=0 NORMAL_HPLL_COMPLETED_COUNT=0 PRECLAMP_ERROR_SIGNED=-74683194 TAG_DELTA_SIGNED=14747 EXPECTED_DELTA_SIGNED=16384 TAG_MINUS_EXPECTED=-1637 HELPER_UPDATE_COUNT=46287
STEP5_ZERO_SAMPLE board=DE5 [1-11.2] tag=A03 BURST_WIDE_RAW=0000000000000000 TRIGGER_COUNT=0 FORCED_HPLL_ADMITTED=0 FORCED_HPLL_COMPLETED=0 DCO_STEP_COUNT=0 TRACKER_RAW=000000000005FFFB NORMAL_HPLL_REQUEST_COUNT=0 NORMAL_HPLL_COMPLETED_COUNT=0 PRECLAMP_ERROR_SIGNED=-81545361 TAG_DELTA_SIGNED=14767 EXPECTED_DELTA_SIGNED=16384 TAG_MINUS_EXPECTED=-1617 HELPER_UPDATE_COUNT=50520
STEP5_ZERO_SAMPLE board=DE5 [1-11.2] tag=A04 BURST_WIDE_RAW=0000000000000000 TRIGGER_COUNT=0 FORCED_HPLL_ADMITTED=0 FORCED_HPLL_COMPLETED=0 DCO_STEP_COUNT=0 TRACKER_RAW=000000000005FFFB NORMAL_HPLL_REQUEST_COUNT=0 NORMAL_HPLL_COMPLETED_COUNT=0 PRECLAMP_ERROR_SIGNED=-88409944 TAG_DELTA_SIGNED=14750 EXPECTED_DELTA_SIGNED=16384 TAG_MINUS_EXPECTED=-1634 HELPER_UPDATE_COUNT=54754
STEP5_ZERO_SAMPLE board=DE5 [1-11.2] tag=A05 BURST_WIDE_RAW=0000000000000000 TRIGGER_COUNT=0 FORCED_HPLL_ADMITTED=0 FORCED_HPLL_COMPLETED=0 DCO_STEP_COUNT=0 TRACKER_RAW=000000000005FFFB NORMAL_HPLL_REQUEST_COUNT=0 NORMAL_HPLL_COMPLETED_COUNT=0 PRECLAMP_ERROR_SIGNED=-95271509 TAG_DELTA_SIGNED=14744 EXPECTED_DELTA_SIGNED=16384 TAG_MINUS_EXPECTED=-1640 HELPER_UPDATE_COUNT=58987
STEP5_ZERO_BACKGROUND board=DE5 [1-11.2] DELTA_HELPER_UPDATE_COUNT=21167 DELTA_PRECLAMP_ERROR=-34316178
STEP5_ZERO_SAMPLE board=DE5 [1-11.2] tag=B_BEFORE BURST_WIDE_RAW=0000000000000000 TRIGGER_COUNT=0 FORCED_HPLL_ADMITTED=0 FORCED_HPLL_COMPLETED=0 DCO_STEP_COUNT=0 TRACKER_RAW=000000000005FFFB NORMAL_HPLL_REQUEST_COUNT=0 NORMAL_HPLL_COMPLETED_COUNT=0 PRECLAMP_ERROR_SIGNED=-95271509 TAG_DELTA_SIGNED=14744 EXPECTED_DELTA_SIGNED=16384 TAG_MINUS_EXPECTED=-1640 HELPER_UPDATE_COUNT=58987
STEP5_ZERO_TRIGGER board=DE5 [1-11.2] source=FORCE_HPLL_ONE_STEP transition=0->1->0 controller_burst_size=6656
STEP5_ZERO_SAMPLE board=DE5 [1-11.2] tag=B001 BURST_WIDE_RAW=0237023702380001 TRIGGER_COUNT=1 FORCED_HPLL_ADMITTED=568 FORCED_HPLL_COMPLETED=567 DCO_STEP_COUNT=567 TRACKER_RAW=000000000005FFFB NORMAL_HPLL_REQUEST_COUNT=0 NORMAL_HPLL_COMPLETED_COUNT=0 PRECLAMP_ERROR_SIGNED=-101997243 TAG_DELTA_SIGNED=14884 EXPECTED_DELTA_SIGNED=16384 TAG_MINUS_EXPECTED=-1500 HELPER_UPDATE_COUNT=63212
STEP5_ZERO_SAMPLE board=DE5 [1-11.2] tag=B002 BURST_WIDE_RAW=0466046604670001 TRIGGER_COUNT=1 FORCED_HPLL_ADMITTED=1127 FORCED_HPLL_COMPLETED=1126 DCO_STEP_COUNT=1126 TRACKER_RAW=000000000005FFFB NORMAL_HPLL_REQUEST_COUNT=0 NORMAL_HPLL_COMPLETED_COUNT=0 PRECLAMP_ERROR_SIGNED=-101997243 TAG_DELTA_SIGNED=14884 EXPECTED_DELTA_SIGNED=16384 TAG_MINUS_EXPECTED=-1500 HELPER_UPDATE_COUNT=63212
STEP5_ZERO_SAMPLE board=DE5 [1-11.2] tag=B003 BURST_WIDE_RAW=0695069506960001 TRIGGER_COUNT=1 FORCED_HPLL_ADMITTED=1686 FORCED_HPLL_COMPLETED=1685 DCO_STEP_COUNT=1685 TRACKER_RAW=000000000005FFFB NORMAL_HPLL_REQUEST_COUNT=0 NORMAL_HPLL_COMPLETED_COUNT=0 PRECLAMP_ERROR_SIGNED=-4971371 TAG_DELTA_SIGNED=15138 EXPECTED_DELTA_SIGNED=16384 TAG_MINUS_EXPECTED=-1246 HELPER_UPDATE_COUNT=3886
STEP5_ZERO_SAMPLE board=DE5 [1-11.2] tag=B004 BURST_WIDE_RAW=08C308C308C40001 TRIGGER_COUNT=1 FORCED_HPLL_ADMITTED=2244 FORCED_HPLL_COMPLETED=2243 DCO_STEP_COUNT=2243 TRACKER_RAW=000000000005FFFB NORMAL_HPLL_REQUEST_COUNT=0 NORMAL_HPLL_COMPLETED_COUNT=0 PRECLAMP_ERROR_SIGNED=-4971371 TAG_DELTA_SIGNED=15138 EXPECTED_DELTA_SIGNED=16384 TAG_MINUS_EXPECTED=-1246 HELPER_UPDATE_COUNT=3886
STEP5_ZERO_SAMPLE board=DE5 [1-11.2] tag=B005 BURST_WIDE_RAW=0AF10AF10AF20001 TRIGGER_COUNT=1 FORCED_HPLL_ADMITTED=2802 FORCED_HPLL_COMPLETED=2801 DCO_STEP_COUNT=2801 TRACKER_RAW=000000000005FFFB NORMAL_HPLL_REQUEST_COUNT=0 NORMAL_HPLL_COMPLETED_COUNT=0 PRECLAMP_ERROR_SIGNED=-9523269 TAG_DELTA_SIGNED=15399 EXPECTED_DELTA_SIGNED=16384 TAG_MINUS_EXPECTED=-985 HELPER_UPDATE_COUNT=7979
STEP5_ZERO_SAMPLE board=DE5 [1-11.2] tag=B006 BURST_WIDE_RAW=0D200D200D210001 TRIGGER_COUNT=1 FORCED_HPLL_ADMITTED=3361 FORCED_HPLL_COMPLETED=3360 DCO_STEP_COUNT=3360 TRACKER_RAW=000000000005FFFB NORMAL_HPLL_REQUEST_COUNT=0 NORMAL_HPLL_COMPLETED_COUNT=0 PRECLAMP_ERROR_SIGNED=-9523269 TAG_DELTA_SIGNED=15399 EXPECTED_DELTA_SIGNED=16384 TAG_MINUS_EXPECTED=-985 HELPER_UPDATE_COUNT=7979
STEP5_ZERO_SAMPLE board=DE5 [1-11.2] tag=B007 BURST_WIDE_RAW=0F4E0F4E0F4F0001 TRIGGER_COUNT=1 FORCED_HPLL_ADMITTED=3919 FORCED_HPLL_COMPLETED=3918 DCO_STEP_COUNT=3918 TRACKER_RAW=000000000005FFFB NORMAL_HPLL_REQUEST_COUNT=0 NORMAL_HPLL_COMPLETED_COUNT=0 PRECLAMP_ERROR_SIGNED=-12906802 TAG_DELTA_SIGNED=15675 EXPECTED_DELTA_SIGNED=16384 TAG_MINUS_EXPECTED=-709 HELPER_UPDATE_COUNT=12000
STEP5_ZERO_SAMPLE board=DE5 [1-11.2] tag=B008 BURST_WIDE_RAW=117C117C117D0001 TRIGGER_COUNT=1 FORCED_HPLL_ADMITTED=4477 FORCED_HPLL_COMPLETED=4476 DCO_STEP_COUNT=4476 TRACKER_RAW=000000000005FFFB NORMAL_HPLL_REQUEST_COUNT=0 NORMAL_HPLL_COMPLETED_COUNT=0 PRECLAMP_ERROR_SIGNED=-12906802 TAG_DELTA_SIGNED=15675 EXPECTED_DELTA_SIGNED=16384 TAG_MINUS_EXPECTED=-709 HELPER_UPDATE_COUNT=12000
STEP5_ZERO_SAMPLE board=DE5 [1-11.2] tag=B009 BURST_WIDE_RAW=13AA13AA13AB0001 TRIGGER_COUNT=1 FORCED_HPLL_ADMITTED=5035 FORCED_HPLL_COMPLETED=5034 DCO_STEP_COUNT=5034 TRACKER_RAW=000000000005FFFB NORMAL_HPLL_REQUEST_COUNT=0 NORMAL_HPLL_COMPLETED_COUNT=0 PRECLAMP_ERROR_SIGNED=-15123459 TAG_DELTA_SIGNED=15970 EXPECTED_DELTA_SIGNED=16384 TAG_MINUS_EXPECTED=-414 HELPER_UPDATE_COUNT=15949
STEP5_ZERO_SAMPLE board=DE5 [1-11.2] tag=B010 BURST_WIDE_RAW=15D915D915DA0001 TRIGGER_COUNT=1 FORCED_HPLL_ADMITTED=5594 FORCED_HPLL_COMPLETED=5593 DCO_STEP_COUNT=5593 TRACKER_RAW=000000000005FFFB NORMAL_HPLL_REQUEST_COUNT=0 NORMAL_HPLL_COMPLETED_COUNT=0 PRECLAMP_ERROR_SIGNED=-15123459 TAG_DELTA_SIGNED=15970 EXPECTED_DELTA_SIGNED=16384 TAG_MINUS_EXPECTED=-414 HELPER_UPDATE_COUNT=15949
STEP5_ZERO_SAMPLE board=DE5 [1-11.2] tag=B011 BURST_WIDE_RAW=1808180818090001 TRIGGER_COUNT=1 FORCED_HPLL_ADMITTED=6153 FORCED_HPLL_COMPLETED=6152 DCO_STEP_COUNT=6152 TRACKER_RAW=000000000005FFFB NORMAL_HPLL_REQUEST_COUNT=0 NORMAL_HPLL_COMPLETED_COUNT=0 PRECLAMP_ERROR_SIGNED=-16173549 TAG_DELTA_SIGNED=16267 EXPECTED_DELTA_SIGNED=16384 TAG_MINUS_EXPECTED=-117 HELPER_UPDATE_COUNT=19828
STEP5_ZERO_SAMPLE board=DE5 [1-11.2] tag=B012 BURST_WIDE_RAW=1A001A001A000001 TRIGGER_COUNT=1 FORCED_HPLL_ADMITTED=6656 FORCED_HPLL_COMPLETED=6656 DCO_STEP_COUNT=6656 TRACKER_RAW=000000000005FFFB NORMAL_HPLL_REQUEST_COUNT=0 NORMAL_HPLL_COMPLETED_COUNT=0 PRECLAMP_ERROR_SIGNED=-16173549 TAG_DELTA_SIGNED=16267 EXPECTED_DELTA_SIGNED=16384 TAG_MINUS_EXPECTED=-117 HELPER_UPDATE_COUNT=19828
STEP5_ZERO_COMPLETION board=DE5 [1-11.2] BURST_SIZE=6656 BURST_COMPLETED=1 LAST_TAG=B012 DELTA_FORCED_HPLL_COMPLETED=6656 DELTA_DCO_STEP=6656
STEP5_ZERO_SAMPLE board=DE5 [1-11.2] tag=S001 BURST_WIDE_RAW=1A001A001A000001 TRIGGER_COUNT=1 FORCED_HPLL_ADMITTED=6656 FORCED_HPLL_COMPLETED=6656 DCO_STEP_COUNT=6656 TRACKER_RAW=000000000005FFFB NORMAL_HPLL_REQUEST_COUNT=0 NORMAL_HPLL_COMPLETED_COUNT=0 PRECLAMP_ERROR_SIGNED=-16173549 TAG_DELTA_SIGNED=16267 EXPECTED_DELTA_SIGNED=16384 TAG_MINUS_EXPECTED=-117 HELPER_UPDATE_COUNT=19828
STEP5_ZERO_SAMPLE board=DE5 [1-11.2] tag=S002 BURST_WIDE_RAW=1A001A001A000001 TRIGGER_COUNT=1 FORCED_HPLL_ADMITTED=6656 FORCED_HPLL_COMPLETED=6656 DCO_STEP_COUNT=6656 TRACKER_RAW=000000000005FFFB NORMAL_HPLL_REQUEST_COUNT=0 NORMAL_HPLL_COMPLETED_COUNT=0 PRECLAMP_ERROR_SIGNED=-16173549 TAG_DELTA_SIGNED=16267 EXPECTED_DELTA_SIGNED=16384 TAG_MINUS_EXPECTED=-117 HELPER_UPDATE_COUNT=19828
STEP5_ZERO_SAMPLE board=DE5 [1-11.2] tag=S003 BURST_WIDE_RAW=1A001A001A000001 TRIGGER_COUNT=1 FORCED_HPLL_ADMITTED=6656 FORCED_HPLL_COMPLETED=6656 DCO_STEP_COUNT=6656 TRACKER_RAW=000000000005FFFB NORMAL_HPLL_REQUEST_COUNT=0 NORMAL_HPLL_COMPLETED_COUNT=0 PRECLAMP_ERROR_SIGNED=-16127864 TAG_DELTA_SIGNED=16451 EXPECTED_DELTA_SIGNED=16384 TAG_MINUS_EXPECTED=67 HELPER_UPDATE_COUNT=23640
STEP5_ZERO_SAMPLE board=DE5 [1-11.2] tag=W0 BURST_WIDE_RAW=1A001A001A000001 TRIGGER_COUNT=1 FORCED_HPLL_ADMITTED=6656 FORCED_HPLL_COMPLETED=6656 DCO_STEP_COUNT=6656 TRACKER_RAW=000000000005FFFB NORMAL_HPLL_REQUEST_COUNT=0 NORMAL_HPLL_COMPLETED_COUNT=0 PRECLAMP_ERROR_SIGNED=-16127864 TAG_DELTA_SIGNED=16451 EXPECTED_DELTA_SIGNED=16384 TAG_MINUS_EXPECTED=67 HELPER_UPDATE_COUNT=23640
STEP5_ZERO_SAMPLE board=DE5 [1-11.2] tag=W001 BURST_WIDE_RAW=1A001A001A000001 TRIGGER_COUNT=1 FORCED_HPLL_ADMITTED=6656 FORCED_HPLL_COMPLETED=6656 DCO_STEP_COUNT=6656 TRACKER_RAW=000000000005FFFB NORMAL_HPLL_REQUEST_COUNT=0 NORMAL_HPLL_COMPLETED_COUNT=0 PRECLAMP_ERROR_SIGNED=-16127864 TAG_DELTA_SIGNED=16451 EXPECTED_DELTA_SIGNED=16384 TAG_MINUS_EXPECTED=67 HELPER_UPDATE_COUNT=23640
STEP5_ZERO_SAMPLE board=DE5 [1-11.2] tag=W002 BURST_WIDE_RAW=1A001A001A000001 TRIGGER_COUNT=1 FORCED_HPLL_ADMITTED=6656 FORCED_HPLL_COMPLETED=6656 DCO_STEP_COUNT=6656 TRACKER_RAW=000000000005FFFB NORMAL_HPLL_REQUEST_COUNT=0 NORMAL_HPLL_COMPLETED_COUNT=0 PRECLAMP_ERROR_SIGNED=-16127864 TAG_DELTA_SIGNED=16451 EXPECTED_DELTA_SIGNED=16384 TAG_MINUS_EXPECTED=67 HELPER_UPDATE_COUNT=23640
STEP5_ZERO_SAMPLE board=DE5 [1-11.2] tag=W003 BURST_WIDE_RAW=1A001A001A000001 TRIGGER_COUNT=1 FORCED_HPLL_ADMITTED=6656 FORCED_HPLL_COMPLETED=6656 DCO_STEP_COUNT=6656 TRACKER_RAW=000000000005FFFB NORMAL_HPLL_REQUEST_COUNT=0 NORMAL_HPLL_COMPLETED_COUNT=0 PRECLAMP_ERROR_SIGNED=-16127864 TAG_DELTA_SIGNED=16451 EXPECTED_DELTA_SIGNED=16384 TAG_MINUS_EXPECTED=67 HELPER_UPDATE_COUNT=23640
STEP5_ZERO_SAMPLE board=DE5 [1-11.2] tag=W004 BURST_WIDE_RAW=1A001A001A000001 TRIGGER_COUNT=1 FORCED_HPLL_ADMITTED=6656 FORCED_HPLL_COMPLETED=6656 DCO_STEP_COUNT=6656 TRACKER_RAW=000000000005FFFB NORMAL_HPLL_REQUEST_COUNT=0 NORMAL_HPLL_COMPLETED_COUNT=0 PRECLAMP_ERROR_SIGNED=-16127864 TAG_DELTA_SIGNED=16451 EXPECTED_DELTA_SIGNED=16384 TAG_MINUS_EXPECTED=67 HELPER_UPDATE_COUNT=23640
STEP5_ZERO_SAMPLE board=DE5 [1-11.2] tag=W005 BURST_WIDE_RAW=1A001A001A000001 TRIGGER_COUNT=1 FORCED_HPLL_ADMITTED=6656 FORCED_HPLL_COMPLETED=6656 DCO_STEP_COUNT=6656 TRACKER_RAW=000000000005FFFB NORMAL_HPLL_REQUEST_COUNT=0 NORMAL_HPLL_COMPLETED_COUNT=0 PRECLAMP_ERROR_SIGNED=-16127864 TAG_DELTA_SIGNED=16451 EXPECTED_DELTA_SIGNED=16384 TAG_MINUS_EXPECTED=67 HELPER_UPDATE_COUNT=23640
STEP5_ZERO_SAMPLE board=DE5 [1-11.2] tag=W006 BURST_WIDE_RAW=1A001A001A000001 TRIGGER_COUNT=1 FORCED_HPLL_ADMITTED=6656 FORCED_HPLL_COMPLETED=6656 DCO_STEP_COUNT=6656 TRACKER_RAW=000000000005FFFB NORMAL_HPLL_REQUEST_COUNT=0 NORMAL_HPLL_COMPLETED_COUNT=0 PRECLAMP_ERROR_SIGNED=-16127864 TAG_DELTA_SIGNED=16451 EXPECTED_DELTA_SIGNED=16384 TAG_MINUS_EXPECTED=67 HELPER_UPDATE_COUNT=23640
STEP5_ZERO_SAMPLE board=DE5 [1-11.2] tag=W007 BURST_WIDE_RAW=1A001A001A000001 TRIGGER_COUNT=1 FORCED_HPLL_ADMITTED=6656 FORCED_HPLL_COMPLETED=6656 DCO_STEP_COUNT=6656 TRACKER_RAW=000000000005FFFB NORMAL_HPLL_REQUEST_COUNT=0 NORMAL_HPLL_COMPLETED_COUNT=0 PRECLAMP_ERROR_SIGNED=-16127864 TAG_DELTA_SIGNED=16451 EXPECTED_DELTA_SIGNED=16384 TAG_MINUS_EXPECTED=67 HELPER_UPDATE_COUNT=23640
STEP5_ZERO_SAMPLE board=DE5 [1-11.2] tag=W008 BURST_WIDE_RAW=1A001A001A000001 TRIGGER_COUNT=1 FORCED_HPLL_ADMITTED=6656 FORCED_HPLL_COMPLETED=6656 DCO_STEP_COUNT=6656 TRACKER_RAW=000000000005FFFB NORMAL_HPLL_REQUEST_COUNT=0 NORMAL_HPLL_COMPLETED_COUNT=0 PRECLAMP_ERROR_SIGNED=-16127864 TAG_DELTA_SIGNED=16451 EXPECTED_DELTA_SIGNED=16384 TAG_MINUS_EXPECTED=67 HELPER_UPDATE_COUNT=23640
STEP5_ZERO_SAMPLE board=DE5 [1-11.2] tag=W009 BURST_WIDE_RAW=1A001A001A000001 TRIGGER_COUNT=1 FORCED_HPLL_ADMITTED=6656 FORCED_HPLL_COMPLETED=6656 DCO_STEP_COUNT=6656 TRACKER_RAW=000000000005FFFB NORMAL_HPLL_REQUEST_COUNT=0 NORMAL_HPLL_COMPLETED_COUNT=0 PRECLAMP_ERROR_SIGNED=-15835734 TAG_DELTA_SIGNED=16466 EXPECTED_DELTA_SIGNED=16384 TAG_MINUS_EXPECTED=82 HELPER_UPDATE_COUNT=27436
STEP5_ZERO_RESULT board=DE5 [1-11.2] N=6656 BURST_DONE=1 SETTLED=1 WINDOW_START=W0 WINDOW_END=DE5 [1-11.2]|W009 DELTA_HELPER_UPDATE_COUNT=3796 DELTA_PRECLAMP_ERROR=292130 FREQ_ERROR=76 FREQ_ERROR_NUM=292130 FREQ_ERROR_DEN=3796 MEAN_TAG_MINUS_EXPECTED=68 TAG_SAMPLE_COUNT=10 DELTA_BURST_TRIGGER_COUNT=1 DELTA_FORCED_HPLL_ADMITTED=6656 DELTA_FORCED_HPLL_COMPLETED=6656 DELTA_DCO_STEP=6656 DELTA_NORMAL_HPLL_REQUEST_COUNT=0 DELTA_NORMAL_HPLL_COMPLETED_COUNT=0
STEP5_ZERO_CROSSING_POINT_DONE
Info (23030): Evaluation of Tcl script scripts/jtag/read_step5_hpll_physical_zero_crossing_point.tcl was successful
Info: Quartus Prime SignalTap II was successful. 0 errors, 0 warnings
    Info: Peak virtual memory: 772 megabytes
    Info: Processing ended: Sun Aug 30 07:51:06 2026
    Info: Elapsed time: 00:00:13
    Info: Total CPU time (on all processors): 00:00:00
