Info: *******************************************************************
Info: Running Quartus Prime SignalTap II
    Info: Version 17.0.0 Build 595 04/25/2017 SJ Standard Edition
    Info: Copyright (C) 2017  Intel Corporation. All rights reserved.
    Info: Your use of Intel Corporation's design tools, logic functions 
    Info: and other software and tools, and its AMPP partner logic 
    Info: functions, and any output files from any of the foregoing 
    Info: (including device programming or simulation files), and any 
    Info: associated documentation or information are expressly subject 
    Info: to the terms and conditions of the Intel Program License 
    Info: Subscription Agreement, the Intel Quartus Prime License Agreement,
    Info: the Intel MegaCore Function License Agreement, or other 
    Info: applicable license agreement, including, without limitation, 
    Info: that your use is for the sole purpose of programming logic 
    Info: devices manufactured by Intel and sold by Intel or its 
    Info: authorized distributors.  Please refer to the applicable 
    Info: agreement for further details.
    Info: Processing started: Sat Sep 19 10:48:57 2026
Info: Command: quartus_stp -t /home/b10504072/04_WR/pain-worktrees/qsfpa-f4h-exact-898b041/scripts/jtag/read_wb_runtime.tcl --raw
Info: Quartus(args): --raw
RAW mailbox completion toggle wb_sync_toggle=0

============================================================
White Rabbit Runtime 診斷：DE5 [1-11.1]
============================================================

## [Step 1] PHY / 光纖 Link
[pass] si_config_done           結果: 1/1
[error] wr_ready                 結果: 0/1
[error] core_tm_link_up          結果: 0/1
[error] core_link_ok             結果: 0/1
[error] wr_rx_ready              結果: 0/1
[error] wr_tx_ready              結果: 0/1
[pass] core_phy_rst             結果: 0/0
[pass] si_id_error              結果: 0/0
[pass] wr_rx_enc_err            結果: 0/0
[pass] wr_tx_enc_err            結果: 0/0
[pass] CPU_RESET_n              結果: 1/1
[error] wr_rx_locked_to_data     結果: 0/1
[info] wr_rx_locked_to_ref      結果: 1/NA
[info] MOD_PRS_n                結果: 0/NA
[info] INTERRUPT_n              結果: 1/NA
Step 1 error

## [Step 2] Endpoint / MiniNIC / PTP
[pass] EP_MAC_H/EP_MAC_L        結果: 02:00:22:33:44:01/02:00:22:33:44:01
[pass] WDIAGS_MODE              結果: 2 MASTER/2 MASTER
[pass] WDIAGS_PTP               結果: 6 MASTER (raw=01014106)/6 MASTER
[info] WDIAGS_PTP_RX            結果: Δ=0/NA
RAW WDIAGS_PTP_RX            before=0x00000000 after=0x00000000 delta=0
[pass] WDIAGS_PTP_TX            結果: Δ=15/Δ>0
RAW WDIAGS_PTP_TX            before=0x0000021A after=0x00000229 delta=15
[pass] WDIAGS_TX                結果: Δ=21/Δ>0
RAW WDIAGS_TX                before=0x000002F8 after=0x0000030D delta=21
[info] WDIAGS_RX                結果: Δ=0/NA
RAW WDIAGS_RX                before=0x00000000 after=0x00000000 delta=0
[pass] WDIAGS_RXERR             結果: Δ=0/Δ=0
RAW WDIAGS_RXERR             before=0x00000000 after=0x00000000 delta=0
Step 2 NA

## [Step 3] WR Parent / Signaling
Step 3 NA

## [Step 4A] Master SoftPLL Event Chain
[pass] DMTD_REF_ACCEPT_EVENT    結果: Δ=13229/Δ>=0
RAW DMTD_REF_ACCEPT_EVENT    before=0x0013F314 after=0x001426C1 delta=13229
[pass] DMTD_FB_ACCEPT_EVENT     結果: Δ=23487/Δ>=0
RAW DMTD_FB_ACCEPT_EVENT     before=0x00526D97 after=0x0052C956 delta=23487
[pass] DMTD_ACCEPT              結果: Δ=36716/Δ>0
[pass] SPLL_TAG_VALID_COUNT     結果: Δ=23498/Δ>0
RAW SPLL_TAG_VALID_COUNT     before=0x000E55E3 after=0x000EB1AD delta=23498
[pass] SPLL_TRR_WRITE_COUNT     結果: Δ=23500/Δ>0
RAW SPLL_TRR_WRITE_COUNT     before=0x000E560E after=0x000EB1DA delta=23500
[pass] WRPC_SPLL_TRR_POP_COUNT  結果: Δ=23247/Δ>0
RAW WRPC_SPLL_TRR_POP_COUNT  before=0x000E5627 after=0x000EB0F6 delta=23247
[pass] WDIAGS_IRQ_COUNT         結果: Δ=23247/Δ>0
RAW WDIAGS_IRQ_COUNT         before=0x000E5627 after=0x000EB0F6 delta=23247
[pass] WDIAGS_HELPER_UPDATE_COUNT 結果: Δ=23247/Δ>0
RAW WDIAGS_HELPER_UPDATE_COUNT before=0x000E5627 after=0x000EB0F6 delta=23247
[pass] BOOT_GENERATION          結果: Δ=0/Δ=0
RAW BOOT_GENERATION          before=0x00000001 after=0x00000001 delta=0
[pass] CPU_RESET_COUNT          結果: Δ=0/Δ=0
RAW CPU_RESET_COUNT          before=0x00000001 after=0x00000001 delta=0
[pass] WR_CORE_RESET_COUNT      結果: Δ=0/Δ=0
RAW WR_CORE_RESET_COUNT      before=0x00000001 after=0x00000001 delta=0
[pass] SI_CONFIG_DROP_COUNT     結果: Δ=0/Δ=0
RAW SI_CONFIG_DROP_COUNT     before=0x00000001 after=0x00000001 delta=0
STEP4A_MASTER_EVENT_CHAIN = PASS
Step 4 pass

## [Step 5] Closed-loop Lock
STEP5_RESULT = NOT_APPLICABLE_MASTER
STEP5_FIRST_INACTIVE_BOUNDARY = SLAVE_ONLY
Step 5 NA (Step5 closed-loop gate is for Slave)

## [Step 6] Global Time
Step 6 NA

============================================================
White Rabbit Runtime 診斷：DE5 [1-11.1]
============================================================
Step 1 PHY / Link             error
Step 2 Endpoint / PTP         NA
Step 3 WR Handshake           NA
Step 4 Step4A Master Event Chain pass
Step 5 Closed-loop Lock       NA
Step 6 Global Time            NA
STEP1_REGRESSION = FAIL
STEP2_REGRESSION = INVALID
STEP3_REGRESSION = PASS
STEP4A_RESULT = PASS
STEP5_RESULT = NOT_APPLICABLE_MASTER
STEP5_FIRST_INACTIVE_BOUNDARY = SLAVE_ONLY
FAILURE_CLASSIFICATION = JTAG/DASHBOARD_MEASUREMENT_FAILURE
============================================================

================ RAW_SNAPSHOT ================
RAW_SNAPSHOT board=DE5 [1-11.1] label=before
  status           = 8002A2020F008231
  cpu              = 0000007C00001214
  marker           = 000000010000B004
  store            = 000000000001F177
  store_count      = 0000000006EC061F
  exception        = 8000000B00001224
  clock            = 00111A1EFA02BB33
  boot_generation  = 00000001
  cpu_reset_count  = 00000001
  wr_core_reset_count = 00000001
  si_config_drop_count = 00000001
  pps_cr           = 01312D06
  pps_escr         = 0000000C
  ep_mach          = 02000200
  ep_macl          = 22334401
  ep_dsr           = 42000000
  ptp              = 01014106
  ptp_rx           = 00000000
  ptp_tx           = 0000021A
  ptp_meta         = 02010106
  tx               = 000002F8
  rx               = 00000000
  rxerr            = 00000000
  ptp_types        = 00000000
  foreign_meta     = 0000FF00
  filter_meta      = 00000000
  parse_meta       = 0000002E
  wr_rx_signal     = 00000000
  wr_tx_signal     = 00000000
  wr_failure       = 00000000
  wr_state         = A0200064
  wr_reject        = 00000000
  pstat            = 00000000
  sstat            = 00000000
  sec_h            = 00000000
  sec_l            = 000000F2
  ns               = 023B8FD8
  lock_enable      = 00000000
  lock_result      = 00000000
  lock_polls       = 00000000
  lock_unlocked    = 00000000
  lock_calibration_fail = 00000000
  spll_state       = 00020004
  spll_ocer        = 14DA9E01
  spll_rcer        = 00000000
  spll_occr        = 8100015F
  spll_trr_csr     = 000E50A4
  spll_dac_hpll    = 47A847C5
  spll_dac_main    = 00000007
  spll_helper_state = 00060100
  spll_helper_limits = 03E807D0
  spll_main_state  = 00000000
  spll_main_limits = 00320032
  spll_main_phase_limits = 03E804B0
  spll_state_visit_mask = 00000618
  spll_state_transitions = 00000003
  spll_last_state  = 00000004
  spll_init_count  = 00000001
  dmtd_ref         = 0013F314
  dmtd_fb          = 00526D97
  dmtd_ref_high_qual_abort = 0E8EF0D8
  dmtd_fb_high_qual_abort = 000A8864
  tag_valid        = 000E55E3
  trr_write        = 000E560E
  irq              = 000E5627
  helper_update    = 000E5627
  spll_helper_error = FFFDB610
  spll_helper_output = 0000FFFB
  eic_isr          = FFFF0000
  current_tics     = 0003B831
RAW_SNAPSHOT board=DE5 [1-11.1] label=after
  status           = 600274020F008231
  cpu              = 0000007C00001228
  marker           = 000000010000B004
  store            = 000EA3470001EB58
  store_count      = 000000000718DCB5
  exception        = 8000000B00001224
  clock            = 00236918DA319C19
  boot_generation  = 00000001
  cpu_reset_count  = 00000001
  wr_core_reset_count = 00000001
  si_config_drop_count = 00000001
  pps_cr           = 01312D06
  pps_escr         = 0000000C
  ep_mach          = 02000200
  ep_macl          = 22334401
  ep_dsr           = 42000000
  ptp              = 01014106
  ptp_rx           = 00000000
  ptp_tx           = 00000229
  ptp_meta         = 02010106
  tx               = 0000030D
  rx               = 00000000
  rxerr            = 00000000
  ptp_types        = 00000000
  foreign_meta     = 0000FF00
  filter_meta      = 00000000
  parse_meta       = 0000003C
  wr_rx_signal     = 00000000
  wr_tx_signal     = 00000000
  wr_failure       = 00000000
  wr_state         = A0200064
  wr_reject        = 00000000
  pstat            = 00000000
  sstat            = 00000000
  sec_h            = 00000000
  sec_l            = 000000F8
  ns               = 023CA6D8
  lock_enable      = 00000000
  lock_result      = 00000000
  lock_polls       = 00000000
  lock_unlocked    = 00000000
  lock_calibration_fail = 00000000
  spll_state       = 00020004
  spll_ocer        = 6F1BD201
  spll_rcer        = 00000000
  spll_occr        = 140001ED
  spll_trr_csr     = 000EAC6E
  spll_dac_hpll    = 75C9644E
  spll_dac_main    = 00000007
  spll_helper_state = 00060100
  spll_helper_limits = 03E807D0
  spll_main_state  = 00000000
  spll_main_limits = 00320032
  spll_main_phase_limits = 03E804B0
  spll_state_visit_mask = 00000618
  spll_state_transitions = 00000003
  spll_last_state  = 00000004
  spll_init_count  = 00000001
  dmtd_ref         = 001426C1
  dmtd_fb          = 0052C956
  dmtd_ref_high_qual_abort = 0EEE6450
  dmtd_fb_high_qual_abort = 000ACB3D
  tag_valid        = 000EB1AD
  trr_write        = 000EB1DA
  irq              = 000EB0F6
  helper_update    = 000EB0F6
  spll_helper_error = FFFDB610
  spll_helper_output = 0000FFFB
  eic_isr          = FFFF0000
  current_tics     = 0003D006
RAW mailbox completion toggle wb_sync_toggle=0

============================================================
White Rabbit Runtime 診斷：DE5 [1-11.2]
============================================================

## [Step 1] PHY / 光纖 Link
[pass] si_config_done           結果: 1/1
[error] wr_ready                 結果: 0/1
[error] core_tm_link_up          結果: 0/1
[error] core_link_ok             結果: 0/1
[error] wr_rx_ready              結果: 0/1
[error] wr_tx_ready              結果: 0/1
[pass] core_phy_rst             結果: 0/0
[pass] si_id_error              結果: 0/0
[pass] wr_rx_enc_err            結果: 0/0
[pass] wr_tx_enc_err            結果: 0/0
[pass] CPU_RESET_n              結果: 1/1
[error] wr_rx_locked_to_data     結果: 0/1
[info] wr_rx_locked_to_ref      結果: 1/NA
[info] MOD_PRS_n                結果: 0/NA
[info] INTERRUPT_n              結果: 1/NA
Step 1 error

## [Step 2] Endpoint / MiniNIC / PTP
[pass] EP_MAC_H/EP_MAC_L        結果: 02:00:22:33:44:02/02:00:22:33:44:02
[pass] WDIAGS_MODE              結果: 3 SLAVE/3 SLAVE
[error] WDIAGS_PTP               結果: 4 LISTENING (raw=00004104)/9 SLAVE
[info] WDIAGS_PTP_RX            結果: Δ=0/NA
RAW WDIAGS_PTP_RX            before=0x00000000 after=0x00000000 delta=0
[pass] WDIAGS_PTP_TX            結果: Δ=3/Δ>0
RAW WDIAGS_PTP_TX            before=0x0000008C after=0x0000008F delta=3
[pass] WDIAGS_TX                結果: Δ=9/Δ>0
RAW WDIAGS_TX                before=0x000001A5 after=0x000001AE delta=9
[info] WDIAGS_RX                結果: Δ=0/NA
RAW WDIAGS_RX                before=0x00000000 after=0x00000000 delta=0
[pass] WDIAGS_RXERR             結果: Δ=0/Δ=0
RAW WDIAGS_RXERR             before=0x00000000 after=0x00000000 delta=0
Step 2 NA

## [Step 3] WR Parent / Signaling
[error] WDIAGS_FOREIGN_META      結果: 0/1
[error] WDIAGS_FOREIGN_META      結果: 255/0
[info] WDIAGS_FOREIGN_META      結果: detection=0 config=0/NA
[error] parentIsWRnode           結果: 0/1
[info] parentWrModeOn           結果: 0/NA
[error] parentCalibrated         結果: 0/1
[error] WR_RX_SIGNAL_DEBUG       結果: UNKNOWN count=0/LOCK 0x1001,count>0
[error] WR_TX_SIGNAL_DEBUG       結果: UNKNOWN count=0/SLAVE_PRESENT 0x1000,count>0
[info] WDIAGS_TEMP              結果: WRS_IDLE next=WRS_IDLE READ_INCONSISTENT/NA
[error] LOCK_ENABLE              結果: 0/> 0
Step 3 NA

## [Step 4B] Slave SoftPLL Startup
[info] STEP4B_UPSTREAM_GATE     結果: BLOCKED/NA
STEP4B_ALLOWED = NO
STEP4B_RESULT = BLOCKED_BY_STEP1
STEP4B_FIRST_INACTIVE_BOUNDARY = UPSTREAM_PREREQUISITE
Step 4B BLOCKED (upstream prerequisite)
Step 4 NA

## [Step 5] Closed-loop Lock
STEP5_RESULT = UPSTREAM_NOT_READY
STEP5_FIRST_INACTIVE_BOUNDARY = UPSTREAM_STEP4B
Step 5 NA

## [Step 6] Global Time
Step 6 NA

============================================================
White Rabbit Runtime 診斷：DE5 [1-11.2]
============================================================
Step 1 PHY / Link             error
Step 2 Endpoint / PTP         NA
Step 3 WR Handshake           NA
Step 4 Step4B Slave SoftPLL Startup blocked
Step 5 Closed-loop Lock       NA
Step 6 Global Time            NA
STEP1_REGRESSION = FAIL
STEP2_REGRESSION = INVALID
STEP3_REGRESSION = INVALID
STEP4B_ALLOWED = NO
STEP4B_RESULT = BLOCKED_BY_STEP1
STEP4B_FIRST_INACTIVE_BOUNDARY = UPSTREAM_PREREQUISITE
STEP5_RESULT = UPSTREAM_NOT_READY
STEP5_FIRST_INACTIVE_BOUNDARY = UPSTREAM_STEP4B
FAILURE_CLASSIFICATION = JTAG/DASHBOARD_MEASUREMENT_FAILURE
============================================================

================ RAW_SNAPSHOT ================
RAW_SNAPSHOT board=DE5 [1-11.2] label=before
  status           = 0002D70D0FE0A261
  cpu              = 0000007C00001220
  marker           = 000000010000B004
  store            = 000000000001F177
  store_count      = 00000000017BC709
  exception        = 0000000000000000
  clock            = 0022425E91AD587E
  boot_generation  = 00000001
  cpu_reset_count  = 00000001
  wr_core_reset_count = 00000001
  si_config_drop_count = 00000001
  pps_cr           = 01312D06
  pps_escr         = 00000100
  ep_mach          = 02000200
  ep_macl          = 22334402
  ep_dsr           = 42000000
  ptp              = 00004104
  ptp_rx           = 00000000
  ptp_tx           = 0000008C
  ptp_meta         = 03010104
  tx               = 000001A5
  rx               = 00000000
  rxerr            = 00000000
  ptp_types        = 00000000
  foreign_meta     = 0000FF00
  filter_meta      = 00000000
  parse_meta       = 00000078
  wr_rx_signal     = 00000000
  wr_tx_signal     = 00000000
  wr_failure       = 00000000
  wr_state         = A0000044
  wr_reject        = 00000000
  pstat            = 00000000
  sstat            = 00000000
  sec_h            = 00000000
  sec_l            = 00000118
  ns               = 317AE370
  lock_enable      = 00000000
  lock_result      = 00000000
  lock_polls       = 00000000
  lock_unlocked    = 00000000
  lock_calibration_fail = 00000000
  spll_state       = 00000000
  spll_ocer        = 00003600
  spll_rcer        = 00000000
  spll_occr        = 6400019B
  spll_trr_csr     = 00020000
  spll_dac_hpll    = 5CF929F0
  spll_dac_main    = 00000008
  spll_helper_state = 00000000
  spll_helper_limits = 03E807D0
  spll_main_state  = 00000000
  spll_main_limits = 00000000
  spll_main_phase_limits = 00000000
  spll_state_visit_mask = 00000000
  spll_state_transitions = 00000000
  spll_last_state  = 00000007
  spll_init_count  = 00000000
  dmtd_ref         = 47EF0AB2
  dmtd_fb          = 38D36A87
  dmtd_ref_high_qual_abort = 00000000
  dmtd_fb_high_qual_abort = 00000000
  tag_valid        = 00000000
  trr_write        = 00000000
  irq              = 00000000
  helper_update    = 00000000
  spll_helper_error = 00000000
  spll_helper_output = 00000000
  eic_isr          = 00000000
  current_tics     = 00045022
RAW_SNAPSHOT board=DE5 [1-11.2] label=after
  status           = 000224020F008221
  cpu              = 0000007C00001228
  marker           = 000000010000B004
  store            = 000000000001F177
  store_count      = 000000000183EF6B
  exception        = 0000000000000000
  clock            = 002657857BCF435C
  boot_generation  = 00000001
  cpu_reset_count  = 00000001
  wr_core_reset_count = 00000001
  si_config_drop_count = 00000001
  pps_cr           = 01312D06
  pps_escr         = 00000100
  ep_mach          = 02000200
  ep_macl          = 22334402
  ep_dsr           = 42000000
  ptp              = 00004104
  ptp_rx           = 00000000
  ptp_tx           = 0000008F
  ptp_meta         = 03010104
  tx               = 000001AE
  rx               = 00000000
  rxerr            = 00000000
  ptp_types        = 00000000
  foreign_meta     = 0000FF00
  filter_meta      = 00000000
  parse_meta       = 00000080
  wr_rx_signal     = 00000000
  wr_tx_signal     = 00000000
  wr_failure       = 00000000
  wr_state         = A0000044
  wr_reject        = 00000000
  pstat            = 00000000
  sstat            = 00000000
  sec_h            = 00000000
  sec_l            = 0000011E
  ns               = 3771D110
  lock_enable      = 00000000
  lock_result      = 00000000
  lock_polls       = 00000000
  lock_unlocked    = 00000000
  lock_calibration_fail = 00000000
  spll_state       = 00000000
  spll_ocer        = 0000D000
  spll_rcer        = 00000000
  spll_occr        = 050001C2
  spll_trr_csr     = 00020000
  spll_dac_hpll    = 8AD5C54D
  spll_dac_main    = 00000008
  spll_helper_state = 00000000
  spll_helper_limits = 03E807D0
  spll_main_state  = 00000000
  spll_main_limits = 00000000
  spll_main_phase_limits = 00000000
  spll_state_visit_mask = 00000000
  spll_state_transitions = 00000000
  spll_last_state  = 00000007
  spll_init_count  = 00000000
  dmtd_ref         = 497FBD1C
  dmtd_fb          = 3A0BCB3A
  dmtd_ref_high_qual_abort = 00000000
  dmtd_fb_high_qual_abort = 00000000
  tag_valid        = 00000000
  trr_write        = 00000000
  irq              = 00000000
  helper_update    = 00000000
  spll_helper_error = 00000000
  spll_helper_output = 00000000
  eic_isr          = 00000000
  current_tics     = 000467F6

============================================================
JTAG/WB transport health summary
============================================================
WB_TRANSPORT_PROTOCOL = PRELOAD_THEN_TOGGLE_COMMIT
WB_REQUEST_COUNT = 352
PRELOAD_COUNT = 352
COMMIT_COUNT = 352
WB_PROBE_READ_COUNT = 1760
PRELOAD_UNEXPECTED_TRIGGER_COUNT = 0
PROBE_3WAY_MATCH_COUNT = 352
STABLE_RESPONSE_WRONG_COUNT = 0
ADDRESS_CROSS_CONTAMINATION_COUNT = 0
TIMEOUT_COUNT = 0
INVALID_COUNT = 0
STALE_A5A5_COUNT = 0
UNSTABLE_TRANSACTION_COUNT = 0
DMTD_REF_DECREASE_COUNT = 0
DMTD_FB_DECREASE_COUNT = 0
PRELOAD_PROTOCOL_RUNTIME_REVALIDATION = PASS
JTAG_WB_DIAGNOSTIC_PATH = TRUSTED
============================================================

============================================================
STEP4A_RESULT = PASS
STEP4B_ALLOWED = NO
STEP4B_RESULT = BLOCKED_BY_STEP1
STEP4B_FIRST_INACTIVE_BOUNDARY = UPSTREAM_PREREQUISITE
STEP5_RESULT = NOT_APPLICABLE_MASTER
STEP5_FIRST_INACTIVE_BOUNDARY = SLAVE_ONLY
STEP5_RESULT = UPSTREAM_NOT_READY
STEP5_FIRST_INACTIVE_BOUNDARY = UPSTREAM_STEP4B
============================================================
Info (23030): Evaluation of Tcl script /home/b10504072/04_WR/pain-worktrees/qsfpa-f4h-exact-898b041/scripts/jtag/read_wb_runtime.tcl was successful
Info: Quartus Prime SignalTap II was successful. 0 errors, 0 warnings
    Info: Peak virtual memory: 776 megabytes
    Info: Processing ended: Sat Sep 19 10:49:12 2026
    Info: Elapsed time: 00:00:15
    Info: Total CPU time (on all processors): 00:00:00
