Info: *******************************************************************
Info: Running Quartus Prime Signal Tap
    Info: Version 21.3.0 Build 170 09/23/2021 SC Pro Edition
    Info: Copyright (C) 2021  Intel Corporation. All rights reserved.
    Info: Your use of Intel Corporation's design tools, logic functions 
    Info: and other software and tools, and any partner logic 
    Info: functions, and any output files from any of the foregoing 
    Info: (including device programming or simulation files), and any 
    Info: associated documentation or information are expressly subject 
    Info: to the terms and conditions of the Intel Program License 
    Info: Subscription Agreement, the Intel Quartus Prime License Agreement,
    Info: the Intel FPGA IP License Agreement, or other applicable license
    Info: agreement, including, without limitation, that your use is for
    Info: the sole purpose of programming logic devices manufactured by
    Info: Intel and sold by Intel or its authorized distributors.  Please
    Info: refer to the applicable agreement for further details, at
    Info: https://fpgasoftware.intel.com/eula.
    Info: Processing started: Tue Sep  8 19:27:49 2026
    Info: System process ID: 117513
Info: Command: quartus_stp -t /home/b10504072/04_WR/artifacts/EXP-WRPC-STEP5-STATIC-COARSE-BRACKET-FDEC6144-20260908/source/scripts/jtag/read_wb_runtime.tcl --raw
Info: Quartus(args): --raw
RAW mailbox completion toggle wb_sync_toggle=0

============================================================
White Rabbit Runtime 診斷：DE5 [1-11.1]
============================================================

## [Step 1] PHY / 光纖 Link
[pass] si_config_done           結果: 1/1
[pass] wr_ready                 結果: 1/1
[pass] core_tm_link_up          結果: 1/1
[pass] core_link_ok             結果: 1/1
[pass] wr_rx_ready              結果: 1/1
[pass] wr_tx_ready              結果: 1/1
[pass] core_phy_rst             結果: 0/0
[pass] si_id_error              結果: 0/0
[pass] wr_rx_enc_err            結果: 0/0
[pass] wr_tx_enc_err            結果: 0/0
[pass] CPU_RESET_n              結果: 1/1
[pass] wr_rx_locked_to_data     結果: 1/1
[info] wr_rx_locked_to_ref      結果: 0/NA
[info] MOD_PRS_n                結果: 0/NA
[info] INTERRUPT_n              結果: 1/NA
Step 1 pass

## [Step 2] Endpoint / MiniNIC / PTP
[pass] EP_MAC_H/EP_MAC_L        結果: 02:00:22:33:44:01/02:00:22:33:44:01
[pass] WDIAGS_MODE              結果: 2 MASTER/2 MASTER
[pass] WDIAGS_PTP               結果: 6 MASTER (raw=01014106)/6 MASTER
[pass] WDIAGS_PTP_RX            結果: Δ=12/Δ>0
RAW WDIAGS_PTP_RX            before=0x00000096 after=0x000000A2 delta=12
[pass] WDIAGS_PTP_TX            結果: Δ=26/Δ>0
RAW WDIAGS_PTP_TX            before=0x0000015A after=0x00000174 delta=26
[pass] WDIAGS_TX                結果: Δ=35/Δ>0
RAW WDIAGS_TX                before=0x000001DD after=0x00000200 delta=35
[pass] WDIAGS_RX                結果: Δ=18/Δ>0
RAW WDIAGS_RX                before=0x000000F3 after=0x00000105 delta=18
[pass] WDIAGS_RXERR             結果: Δ=0/Δ=0
RAW WDIAGS_RXERR             before=0x00000000 after=0x00000000 delta=0
Step 2 pass

## [Step 3] WR Parent / Signaling
Step 3 NA

## [Step 4A] Master SoftPLL Event Chain
[pass] DMTD_REF_ACCEPT_EVENT    結果: Δ=24556/Δ>=0
RAW DMTD_REF_ACCEPT_EVENT    before=0x0012C428 after=0x00132414 delta=24556
[pass] DMTD_FB_ACCEPT_EVENT     結果: Δ=25139/Δ>=0
RAW DMTD_FB_ACCEPT_EVENT     before=0x004806AA after=0x004868DD delta=25139
[pass] DMTD_ACCEPT              結果: Δ=49695/Δ>0
[pass] SPLL_TAG_VALID_COUNT     結果: Δ=25142/Δ>0
RAW SPLL_TAG_VALID_COUNT     before=0x00082AB3 after=0x00088CE9 delta=25142
[pass] SPLL_TRR_WRITE_COUNT     結果: Δ=25143/Δ>0
RAW SPLL_TRR_WRITE_COUNT     before=0x00082AE3 after=0x00088D1A delta=25143
[pass] WRPC_SPLL_TRR_POP_COUNT  結果: Δ=25170/Δ>0
RAW WRPC_SPLL_TRR_POP_COUNT  before=0x00082AA0 after=0x00088CF2 delta=25170
[pass] WDIAGS_IRQ_COUNT         結果: Δ=25171/Δ>0
RAW WDIAGS_IRQ_COUNT         before=0x00082A9F after=0x00088CF2 delta=25171
[pass] WDIAGS_HELPER_UPDATE_COUNT 結果: Δ=25170/Δ>0
RAW WDIAGS_HELPER_UPDATE_COUNT before=0x00082AA0 after=0x00088CF2 delta=25170
[pass] BOOT_GENERATION          結果: Δ=0/Δ=0
RAW BOOT_GENERATION          before=0x00000001 after=0x00000001 delta=0
[pass] CPU_RESET_COUNT          結果: Δ=0/Δ=0
RAW CPU_RESET_COUNT          before=0x00000001 after=0x00000001 delta=0
[pass] WR_CORE_RESET_COUNT      結果: Δ=0/Δ=0
RAW WR_CORE_RESET_COUNT      before=0x00000001 after=0x00000001 delta=0
[pass] SI_CONFIG_DROP_COUNT     結果: Δ=0/Δ=0
RAW SI_CONFIG_DROP_COUNT     before=0x00000001 after=0x00000001 delta=0
STEP4A_MASTER_EVENT_CHAIN = PASS
Step 4 pass

## [Step 5] Closed-loop Lock
STEP5_RESULT = NOT_APPLICABLE_MASTER
STEP5_FIRST_INACTIVE_BOUNDARY = SLAVE_ONLY
Step 5 NA (Step5 closed-loop gate is for Slave)

## [Step 6] Global Time
Step 6 NA

============================================================
White Rabbit Runtime 診斷：DE5 [1-11.1]
============================================================
Step 1 PHY / Link             pass
Step 2 Endpoint / PTP         pass
Step 3 WR Handshake           NA
Step 4 Step4A Master Event Chain pass
Step 5 Closed-loop Lock       NA
Step 6 Global Time            NA
STEP1_REGRESSION = PASS
STEP2_REGRESSION = PASS
STEP3_REGRESSION = PASS
STEP4A_RESULT = PASS
STEP5_RESULT = NOT_APPLICABLE_MASTER
STEP5_FIRST_INACTIVE_BOUNDARY = SLAVE_ONLY
FAILURE_CLASSIFICATION = NO_FAILURE_EVIDENCE
============================================================

================ RAW_SNAPSHOT ================
RAW_SNAPSHOT board=DE5 [1-11.1] label=before
  status           = B11E4E6130BC82FF
  cpu              = 0000007C000011B4
  marker           = 000000010000B004
  store            = 00081B750001E298
  store_count      = 000000000349CA6F
  exception        = 8000000B000011AC
  clock            = 0038ACC25DA26E02
  boot_generation  = 00000001
  cpu_reset_count  = 00000001
  wr_core_reset_count = 00000001
  si_config_drop_count = 00000001
  pps_cr           = 01312D06
  pps_escr         = 0000000C
  ep_mach          = 02000200
  ep_macl          = 22334401
  ep_dsr           = 42000000
  ptp              = 01014106
  ptp_rx           = 00000096
  ptp_tx           = 0000015A
  ptp_meta         = 02010306
  tx               = 000001DD
  rx               = 000000F3
  rxerr            = 00000000
  ptp_types        = 01010101
  foreign_meta     = 0000FF00
  filter_meta      = 00000000
  parse_meta       = 00010169
  wr_rx_signal     = 10000001
  wr_tx_signal     = 10010002
  wr_failure       = 00000000
  wr_state         = A0219864
  wr_reject        = 00000000
  pstat            = 00000001
  sstat            = 00000000
  sec_h            = 00000000
  sec_l            = 00000081
  ns               = 0EAECEF0
  lock_enable      = 00000000
  lock_result      = 00000000
  lock_polls       = 00000000
  lock_unlocked    = 00000000
  lock_calibration_fail = 00000000
  spll_state       = 00020004
  spll_ocer        = ABC25C01
  spll_rcer        = 00000000
  spll_occr        = 1C000106
  spll_trr_csr     = 000A24C6
  spll_dac_hpll    = C6316107
  spll_dac_main    = 00000003
  spll_helper_state = 00000100
  spll_helper_limits = 271000C8
  spll_main_state  = 00000000
  spll_main_limits = 00320032
  spll_main_phase_limits = 03E804B0
  spll_state_visit_mask = 00000618
  spll_state_transitions = 00000003
  spll_last_state  = 00000004
  spll_init_count  = 00000001
  dmtd_ref         = 0012C428
  dmtd_fb          = 004806AA
  dmtd_ref_high_qual_abort = 005FB48C
  dmtd_fb_high_qual_abort = 0040229D
  tag_valid        = 00082AB3
  trr_write        = 00082AE3
  irq              = 00082A9F
  helper_update    = 00082AA0
  spll_helper_error = FFFDB610
  spll_helper_output = 0000FFFB
  eic_isr          = FFFF0000
  current_tics     = 00020002
RAW_SNAPSHOT board=DE5 [1-11.1] label=after
  status           = 911EB441205082FF
  cpu              = 0000007C000011B0
  marker           = 000000010000B004
  store            = 00087D330001E298
  store_count      = 0000000003734237
  exception        = 8000000B000011AC
  clock            = 002CDB1D8B3E9C62
  boot_generation  = 00000001
  cpu_reset_count  = 00000001
  wr_core_reset_count = 00000001
  si_config_drop_count = 00000001
  pps_cr           = 01312D06
  pps_escr         = 0000000C
  ep_mach          = 02000200
  ep_macl          = 22334401
  ep_dsr           = 42000000
  ptp              = 01014106
  ptp_rx           = 000000A2
  ptp_tx           = 00000174
  ptp_meta         = 02010306
  tx               = 00000200
  rx               = 00000105
  rxerr            = 00000000
  ptp_types        = 01010101
  foreign_meta     = 0000FF00
  filter_meta      = 00000000
  parse_meta       = 0001017E
  wr_rx_signal     = 10000001
  wr_tx_signal     = 10010003
  wr_failure       = 00000000
  wr_state         = A0219864
  wr_reject        = 00000000
  pstat            = 00000001
  sstat            = 00000000
  sec_h            = 00000000
  sec_l            = 00000087
  ns               = 0EAFA680
  lock_enable      = 00000000
  lock_result      = 00000000
  lock_polls       = 00000000
  lock_unlocked    = 00000000
  lock_calibration_fail = 00000000
  spll_state       = 00020004
  spll_ocer        = A0DABC01
  spll_rcer        = 00000000
  spll_occr        = F30001ED
  spll_trr_csr     = 000A881E
  spll_dac_hpll    = F3A6393E
  spll_dac_main    = 00000003
  spll_helper_state = 00000100
  spll_helper_limits = 271000C8
  spll_main_state  = 00000000
  spll_main_limits = 00320032
  spll_main_phase_limits = 03E804B0
  spll_state_visit_mask = 00000618
  spll_state_transitions = 00000003
  spll_last_state  = 00000004
  spll_init_count  = 00000001
  dmtd_ref         = 00132414
  dmtd_fb          = 004868DD
  dmtd_ref_high_qual_abort = 00632CAA
  dmtd_fb_high_qual_abort = 00432578
  tag_valid        = 00088CE9
  trr_write        = 00088D1A
  irq              = 00088CF2
  helper_update    = 00088CF2
  spll_helper_error = FFFDB610
  spll_helper_output = 0000FFFB
  eic_isr          = FFFF0000
  current_tics     = 000217D4
RAW mailbox completion toggle wb_sync_toggle=0

============================================================
White Rabbit Runtime 診斷：DE5 [1-11.2]
============================================================

## [Step 1] PHY / 光纖 Link
[pass] si_config_done           結果: 1/1
[pass] wr_ready                 結果: 1/1
[pass] core_tm_link_up          結果: 1/1
[pass] core_link_ok             結果: 1/1
[pass] wr_rx_ready              結果: 1/1
[pass] wr_tx_ready              結果: 1/1
[pass] core_phy_rst             結果: 0/0
[pass] si_id_error              結果: 0/0
[pass] wr_rx_enc_err            結果: 0/0
[pass] wr_tx_enc_err            結果: 0/0
[pass] CPU_RESET_n              結果: 1/1
[pass] wr_rx_locked_to_data     結果: 1/1
[info] wr_rx_locked_to_ref      結果: 0/NA
[info] MOD_PRS_n                結果: 0/NA
[info] INTERRUPT_n              結果: 1/NA
Step 1 pass

## [Step 2] Endpoint / MiniNIC / PTP
[pass] EP_MAC_H/EP_MAC_L        結果: 02:00:22:33:44:02/02:00:22:33:44:02
[pass] WDIAGS_MODE              結果: 3 SLAVE/3 SLAVE
[info] WDIAGS_PTP               結果: 8 UNCALIBRATED (raw=00004108)/NA
[pass] WDIAGS_PTP_RX            結果: Δ=25/Δ>0
RAW WDIAGS_PTP_RX            before=0x000000AA after=0x000000C3 delta=25
[pass] WDIAGS_PTP_TX            結果: Δ=11/Δ>0
RAW WDIAGS_PTP_TX            before=0x00000043 after=0x0000004E delta=11
[pass] WDIAGS_TX                結果: Δ=18/Δ>0
RAW WDIAGS_TX                before=0x00000082 after=0x00000094 delta=18
[pass] WDIAGS_RX                結果: Δ=31/Δ>0
RAW WDIAGS_RX                before=0x000000D9 after=0x000000F8 delta=31
[pass] WDIAGS_RXERR             結果: Δ=0/Δ=0
RAW WDIAGS_RXERR             before=0x00000000 after=0x00000000 delta=0
Step 2 NA

## [Step 3] WR Parent / Signaling
[pass] WDIAGS_FOREIGN_META      結果: 1/1
[pass] WDIAGS_FOREIGN_META      結果: 0/0
[info] WDIAGS_FOREIGN_META      結果: detection=0 config=3/NA
[pass] parentIsWRnode           結果: 1/1
[info] parentWrModeOn           結果: 0/NA
[pass] parentCalibrated         結果: 1/1
[pass] WR_RX_SIGNAL_DEBUG       結果: LOCK count=1/LOCK 0x1001,count>0
[pass] WR_TX_SIGNAL_DEBUG       結果: SLAVE_PRESENT count=1/SLAVE_PRESENT 0x1000,count>0
[pass] WDIAGS_TEMP              結果: WRS_S_LOCK next=WRS_S_LOCK/WRS_S_LOCK=2
[pass] LOCK_ENABLE              結果: 3/> 0
Step 3 pass

## [Step 4B] Slave SoftPLL Startup
[info] STEP4B_UPSTREAM_GATE     結果: BLOCKED/NA
STEP4B_ALLOWED = NO
STEP4B_RESULT = BLOCKED_BY_STEP2
STEP4B_FIRST_INACTIVE_BOUNDARY = UPSTREAM_PREREQUISITE
Step 4B BLOCKED (upstream prerequisite)
Step 4 NA

## [Step 5] Closed-loop Lock
STEP5_RESULT = UPSTREAM_NOT_READY
STEP5_FIRST_INACTIVE_BOUNDARY = UPSTREAM_STEP4B
Step 5 NA

## [Step 6] Global Time
Step 6 NA

============================================================
White Rabbit Runtime 診斷：DE5 [1-11.2]
============================================================
Step 1 PHY / Link             pass
Step 2 Endpoint / PTP         NA
Step 3 WR Handshake           pass
Step 4 Step4B Slave SoftPLL Startup blocked
Step 5 Closed-loop Lock       NA
Step 6 Global Time            NA
STEP1_REGRESSION = PASS
STEP2_REGRESSION = INVALID
STEP3_REGRESSION = PASS
STEP4B_ALLOWED = NO
STEP4B_RESULT = BLOCKED_BY_STEP2
STEP4B_FIRST_INACTIVE_BOUNDARY = UPSTREAM_PREREQUISITE
STEP5_RESULT = UPSTREAM_NOT_READY
STEP5_FIRST_INACTIVE_BOUNDARY = UPSTREAM_STEP4B
FAILURE_CLASSIFICATION = JTAG/DASHBOARD_MEASUREMENT_FAILURE
============================================================

================ RAW_SNAPSHOT ================
RAW_SNAPSHOT board=DE5 [1-11.2] label=before
  status           = B110C0C3225082EF
  cpu              = 0000007C000011B0
  marker           = 000000010000B004
  store            = 000476DE0001E298
  store_count      = 000000000161566A
  exception        = 8000000B000011AC
  clock            = 002C563D53085914
  boot_generation  = 00000001
  cpu_reset_count  = 00000001
  wr_core_reset_count = 00000001
  si_config_drop_count = 00000001
  pps_cr           = 01312D06
  pps_escr         = 00000000
  ep_mach          = 02000200
  ep_macl          = 22334402
  ep_dsr           = 42000000
  ptp              = 00004108
  ptp_rx           = 000000AA
  ptp_tx           = 00000043
  ptp_meta         = 03010308
  tx               = 00000082
  rx               = 000000D9
  rxerr            = 00000000
  ptp_types        = 03271327
  foreign_meta     = 03000001
  filter_meta      = 00000000
  parse_meta       = 05011373
  wr_rx_signal     = 10010001
  wr_tx_signal     = 10000001
  wr_failure       = 00000000
  wr_state         = A041135C
  wr_reject        = 00000000
  pstat            = 00000001
  sstat            = 00000101
  sec_h            = 00000000
  sec_l            = 0000002D
  ns               = 262EE738
  lock_enable      = 00000003
  lock_result      = 00000001
  lock_polls       = 0000344C
  lock_unlocked    = 00003472
  lock_calibration_fail = 00000000
  spll_state       = 00030004
  spll_ocer        = FFDDF201
  spll_rcer        = 00000001
  spll_occr        = 0B0001B0
  spll_trr_csr     = 0006A8EA
  spll_dac_hpll    = 57032F9D
  spll_dac_main    = 00000001
  spll_helper_state = 00000000
  spll_helper_limits = 271000C8
  spll_main_state  = 00000000
  spll_main_limits = 00320032
  spll_main_phase_limits = 03E804B0
  spll_state_visit_mask = 00000618
  spll_state_transitions = 00000003
  spll_last_state  = 00000004
  spll_init_count  = 00000001
  dmtd_ref         = 02B00F65
  dmtd_fb          = 02899DB5
  dmtd_ref_high_qual_abort = 00068444
  dmtd_fb_high_qual_abort = 0001ABA9
  tag_valid        = 0004B36E
  trr_write        = 0004B3D7
  irq              = 00049790
  helper_update    = 00026039
  spll_helper_error = FFFDB610
  spll_helper_output = 0000FFFB
  eic_isr          = FFFF0000
  current_tics     = 0000B96C
RAW_SNAPSHOT board=DE5 [1-11.2] label=after
  status           = 3110B041227482EF
  cpu              = 0000007C00004014
  marker           = 000000010000B004
  store            = 000545780001E298
  store_count      = 00000000019DCB25
  exception        = 8000000B000011A8
  clock            = 003AABB6A7ABAE88
  boot_generation  = 00000001
  cpu_reset_count  = 00000001
  wr_core_reset_count = 00000001
  si_config_drop_count = 00000001
  pps_cr           = 01312D06
  pps_escr         = 00000000
  ep_mach          = 02000200
  ep_macl          = 22334402
  ep_dsr           = 42000000
  ptp              = 00004108
  ptp_rx           = 000000C3
  ptp_tx           = 0000004E
  ptp_meta         = 03010308
  tx               = 00000094
  rx               = 000000F8
  rxerr            = 00000000
  ptp_types        = 032D152D
  foreign_meta     = 03000001
  filter_meta      = 00000000
  parse_meta       = 0501169D
  wr_rx_signal     = 10010001
  wr_tx_signal     = 10000001
  wr_failure       = 00000000
  wr_state         = A041135C
  wr_reject        = 00000000
  pstat            = 00000001
  sstat            = 00000101
  sec_h            = 00000000
  sec_l            = 00000033
  ns               = 260D75B0
  lock_enable      = 00000003
  lock_result      = 00000001
  lock_polls       = 00003D90
  lock_unlocked    = 00003D90
  lock_calibration_fail = 00000000
  spll_state       = 00030004
  spll_ocer        = 5AFB5E01
  spll_rcer        = 00000001
  spll_occr        = 4E000164
  spll_trr_csr     = 00067C16
  spll_dac_hpll    = 847815CF
  spll_dac_main    = 00000001
  spll_helper_state = 00000000
  spll_helper_limits = 271000C8
  spll_main_state  = 00000000
  spll_main_limits = 00320032
  spll_main_phase_limits = 03E804B0
  spll_state_visit_mask = 00000618
  spll_state_transitions = 00000003
  spll_last_state  = 00000004
  spll_init_count  = 00000001
  dmtd_ref         = 02B07A31
  dmtd_fb          = 028A0638
  dmtd_ref_high_qual_abort = 0007B082
  dmtd_fb_high_qual_abort = 0001F4D4
  tag_valid        = 000586BC
  trr_write        = 00058722
  irq              = 000566A4
  helper_update    = 0002CB67
  spll_helper_error = FFFDB610
  spll_helper_output = 0000FFFB
  eic_isr          = FFFF0000
  current_tics     = 0000D0DA

============================================================
JTAG/WB transport health summary
============================================================
WB_TRANSPORT_PROTOCOL = PRELOAD_THEN_TOGGLE_COMMIT
WB_REQUEST_COUNT = 353
PRELOAD_COUNT = 353
COMMIT_COUNT = 353
WB_PROBE_READ_COUNT = 1765
PRELOAD_UNEXPECTED_TRIGGER_COUNT = 0
PROBE_3WAY_MATCH_COUNT = 353
STABLE_RESPONSE_WRONG_COUNT = 0
ADDRESS_CROSS_CONTAMINATION_COUNT = 0
TIMEOUT_COUNT = 0
INVALID_COUNT = 0
STALE_A5A5_COUNT = 0
UNSTABLE_TRANSACTION_COUNT = 0
DMTD_REF_DECREASE_COUNT = 0
DMTD_FB_DECREASE_COUNT = 0
PRELOAD_PROTOCOL_RUNTIME_REVALIDATION = PASS
JTAG_WB_DIAGNOSTIC_PATH = TRUSTED
============================================================

============================================================
STEP4A_RESULT = PASS
STEP4B_ALLOWED = NO
STEP4B_RESULT = BLOCKED_BY_STEP2
STEP4B_FIRST_INACTIVE_BOUNDARY = UPSTREAM_PREREQUISITE
STEP5_RESULT = NOT_APPLICABLE_MASTER
STEP5_FIRST_INACTIVE_BOUNDARY = SLAVE_ONLY
STEP5_RESULT = UPSTREAM_NOT_READY
STEP5_FIRST_INACTIVE_BOUNDARY = UPSTREAM_STEP4B
============================================================
Info (23030): Evaluation of Tcl script /home/b10504072/04_WR/artifacts/EXP-WRPC-STEP5-STATIC-COARSE-BRACKET-FDEC6144-20260908/source/scripts/jtag/read_wb_runtime.tcl was successful
Info: Quartus Prime Signal Tap was successful. 0 errors, 0 warnings
    Info: Peak virtual memory: 676 megabytes
    Info: Processing ended: Tue Sep  8 19:28:04 2026
    Info: Elapsed time: 00:00:15
    Info: System process ID: 117513
