Info: *******************************************************************
Info: Running Quartus Prime SignalTap II
    Info: Version 17.0.0 Build 595 04/25/2017 SJ Standard Edition
    Info: Copyright (C) 2017  Intel Corporation. All rights reserved.
    Info: Your use of Intel Corporation's design tools, logic functions 
    Info: and other software and tools, and its AMPP partner logic 
    Info: functions, and any output files from any of the foregoing 
    Info: (including device programming or simulation files), and any 
    Info: associated documentation or information are expressly subject 
    Info: to the terms and conditions of the Intel Program License 
    Info: Subscription Agreement, the Intel Quartus Prime License Agreement,
    Info: the Intel MegaCore Function License Agreement, or other 
    Info: applicable license agreement, including, without limitation, 
    Info: that your use is for the sole purpose of programming logic 
    Info: devices manufactured by Intel and sold by Intel or its 
    Info: authorized distributors.  Please refer to the applicable 
    Info: agreement for further details.
    Info: Processing started: Sun Aug 23 22:07:09 2026
Info: Command: quartus_stp -t scripts/jtag/read_wr_handshake_focused.tcl 20 1000
Info: Quartus(args): 20 1000
FOCUSED_CONFIG samples=20 gap_ms=1000
=== FOCUSED_BOARD DE5 [1-11.1] ===
FOCUSED_SAMPLE board=DE5 [1-11.1] sample=001 valid=1 status=FF mac=02:00:22:33:44:01 mode=2 ptp=6 ptp_rx=522 ptp_tx=1181 minic_tx=1505 minic_rx=797 rxerr=0 foreign=0/255 detection=0 wr_config=0 parent=0/0/0 local_state=0 next_state=0 rx=0x1000/1 tx=0x1001/4 fail=1/3/1 reject=0/0 lock=0/0 polls=0 enable=0 rcer=0x00000000 sstat=0x00000000 pstat=0x00000001
FOCUSED_SAMPLE board=DE5 [1-11.1] sample=002 valid=1 status=FF mac=02:00:22:33:44:01 mode=2 ptp=6 ptp_rx=524 ptp_tx=1186 minic_tx=1512 minic_rx=800 rxerr=0 foreign=0/255 detection=0 wr_config=0 parent=0/0/0 local_state=0 next_state=0 rx=0x1000/1 tx=0x1001/4 fail=1/3/1 reject=0/0 lock=0/0 polls=0 enable=0 rcer=0x00000000 sstat=0x00000000 pstat=0x00000001
FOCUSED_SAMPLE board=DE5 [1-11.1] sample=003 valid=1 status=FF mac=02:00:22:33:44:01 mode=2 ptp=6 ptp_rx=525 ptp_tx=1189 minic_tx=1521 minic_rx=804 rxerr=0 foreign=0/255 detection=0 wr_config=0 parent=0/0/0 local_state=0 next_state=0 rx=0x1000/1 tx=0x1001/4 fail=1/3/1 reject=0/0 lock=0/0 polls=0 enable=0 rcer=0x00000000 sstat=0x00000000 pstat=0x00000001
FOCUSED_SAMPLE board=DE5 [1-11.1] sample=004 valid=1 status=FF mac=02:00:22:33:44:01 mode=2 ptp=6 ptp_rx=529 ptp_tx=1198 minic_tx=1527 minic_rx=808 rxerr=0 foreign=0/255 detection=0 wr_config=0 parent=0/0/0 local_state=0 next_state=0 rx=0x1000/1 tx=0x1001/4 fail=1/3/1 reject=0/0 lock=0/0 polls=0 enable=0 rcer=0x00000000 sstat=0x00000000 pstat=0x00000001
FOCUSED_SAMPLE board=DE5 [1-11.1] sample=005 valid=1 status=FF mac=02:00:22:33:44:01 mode=2 ptp=6 ptp_rx=531 ptp_tx=1203 minic_tx=1533 minic_rx=811 rxerr=0 foreign=0/255 detection=0 wr_config=0 parent=0/0/0 local_state=0 next_state=0 rx=0x1000/1 tx=0x1001/4 fail=1/3/1 reject=0/0 lock=0/0 polls=0 enable=0 rcer=0x00000000 sstat=0x00000000 pstat=0x00000001
FOCUSED_SAMPLE board=DE5 [1-11.1] sample=006 valid=1 status=FF mac=02:00:22:33:44:01 mode=2 ptp=6 ptp_rx=534 ptp_tx=1208 minic_tx=1540 minic_rx=815 rxerr=0 foreign=0/255 detection=0 wr_config=0 parent=0/0/0 local_state=0 next_state=0 rx=0x1000/1 tx=0x1001/4 fail=1/3/1 reject=0/0 lock=0/0 polls=0 enable=0 rcer=0x00000000 sstat=0x00000000 pstat=0x00000001
FOCUSED_SAMPLE board=DE5 [1-11.1] sample=007 valid=1 status=FF mac=02:00:22:33:44:01 mode=2 ptp=6 ptp_rx=536 ptp_tx=1215 minic_tx=1549 minic_rx=819 rxerr=0 foreign=0/255 detection=0 wr_config=0 parent=0/0/0 local_state=0 next_state=0 rx=0x1000/1 tx=0x1001/4 fail=1/3/1 reject=0/0 lock=0/0 polls=0 enable=0 rcer=0x00000000 sstat=0x00000000 pstat=0x00000001
FOCUSED_SAMPLE board=DE5 [1-11.1] sample=008 valid=1 status=FF mac=02:00:22:33:44:01 mode=2 ptp=6 ptp_rx=538 ptp_tx=1220 minic_tx=1555 minic_rx=822 rxerr=0 foreign=0/255 detection=0 wr_config=0 parent=0/0/0 local_state=0 next_state=0 rx=0x1000/1 tx=0x1001/4 fail=1/3/1 reject=0/0 lock=0/0 polls=0 enable=0 rcer=0x00000000 sstat=0x00000000 pstat=0x00000001
FOCUSED_SAMPLE board=DE5 [1-11.1] sample=009 valid=1 status=FF mac=02:00:22:33:44:01 mode=2 ptp=6 ptp_rx=541 ptp_tx=1225 minic_tx=1561 minic_rx=826 rxerr=0 foreign=0/255 detection=0 wr_config=0 parent=0/0/0 local_state=0 next_state=0 rx=0x1000/1 tx=0x1001/4 fail=1/3/1 reject=0/0 lock=0/0 polls=0 enable=0 rcer=0x00000000 sstat=0x00000000 pstat=0x00000001
FOCUSED_SAMPLE board=DE5 [1-11.1] sample=010 valid=1 status=FF mac=02:00:22:33:44:01 mode=2 ptp=6 ptp_rx=542 ptp_tx=1229 minic_tx=1567 minic_rx=828 rxerr=0 foreign=0/255 detection=0 wr_config=0 parent=0/0/0 local_state=0 next_state=0 rx=0x1000/1 tx=0x1001/4 fail=1/3/1 reject=0/0 lock=0/0 polls=0 enable=0 rcer=0x00000000 sstat=0x00000000 pstat=0x00000001
FOCUSED_SAMPLE board=DE5 [1-11.1] sample=011 valid=1 status=FF mac=02:00:22:33:44:01 mode=2 ptp=6 ptp_rx=545 ptp_tx=1235 minic_tx=1575 minic_rx=833 rxerr=0 foreign=0/255 detection=0 wr_config=0 parent=0/0/0 local_state=0 next_state=0 rx=0x1000/1 tx=0x1001/4 fail=1/3/1 reject=0/0 lock=0/0 polls=0 enable=0 rcer=0x00000000 sstat=0x00000000 pstat=0x00000001
FOCUSED_SAMPLE board=DE5 [1-11.1] sample=012 valid=1 status=FF mac=02:00:22:33:44:01 mode=2 ptp=6 ptp_rx=546 ptp_tx=1238 minic_tx=1579 minic_rx=835 rxerr=0 foreign=0/255 detection=0 wr_config=0 parent=0/0/0 local_state=0 next_state=0 rx=0x1000/1 tx=0x1001/4 fail=1/3/1 reject=0/0 lock=0/0 polls=0 enable=0 rcer=0x00000000 sstat=0x00000000 pstat=0x00000001
FOCUSED_SAMPLE board=DE5 [1-11.1] sample=013 valid=1 status=FF mac=02:00:22:33:44:01 mode=2 ptp=6 ptp_rx=549 ptp_tx=1243 minic_tx=1585 minic_rx=839 rxerr=0 foreign=0/255 detection=0 wr_config=0 parent=0/0/0 local_state=0 next_state=0 rx=0x1000/1 tx=0x1001/4 fail=1/3/1 reject=0/0 lock=0/0 polls=0 enable=0 rcer=0x00000000 sstat=0x00000000 pstat=0x00000001
FOCUSED_SAMPLE board=DE5 [1-11.1] sample=014 valid=1 status=FF mac=02:00:22:33:44:01 mode=2 ptp=6 ptp_rx=555 ptp_tx=1254 minic_tx=1599 minic_rx=847 rxerr=0 foreign=0/255 detection=0 wr_config=0 parent=0/0/0 local_state=0 next_state=0 rx=0x1000/1 tx=0x1001/4 fail=1/3/1 reject=0/0 lock=0/0 polls=0 enable=0 rcer=0x00000000 sstat=0x00000000 pstat=0x00000001
FOCUSED_SAMPLE board=DE5 [1-11.1] sample=015 valid=1 status=FF mac=02:00:22:33:44:01 mode=2 ptp=6 ptp_rx=556 ptp_tx=1258 minic_tx=1604 minic_rx=849 rxerr=0 foreign=0/255 detection=0 wr_config=0 parent=0/0/0 local_state=0 next_state=0 rx=0x1000/1 tx=0x1001/4 fail=1/3/1 reject=0/0 lock=0/0 polls=0 enable=0 rcer=0x00000000 sstat=0x00000000 pstat=0x00000001
FOCUSED_SAMPLE board=DE5 [1-11.1] sample=016 valid=1 status=FF mac=02:00:22:33:44:01 mode=2 ptp=6 ptp_rx=557 ptp_tx=1261 minic_tx=1608 minic_rx=851 rxerr=0 foreign=0/255 detection=0 wr_config=0 parent=0/0/0 local_state=0 next_state=0 rx=0x1000/1 tx=0x1001/4 fail=1/3/1 reject=0/0 lock=0/0 polls=0 enable=0 rcer=0x00000000 sstat=0x00000000 pstat=0x00000001
FOCUSED_SAMPLE board=DE5 [1-11.1] sample=017 valid=1 status=FF mac=02:00:22:33:44:01 mode=2 ptp=6 ptp_rx=559 ptp_tx=1266 minic_tx=1614 minic_rx=854 rxerr=0 foreign=0/255 detection=0 wr_config=0 parent=0/0/0 local_state=0 next_state=0 rx=0x1000/1 tx=0x1001/4 fail=1/3/1 reject=0/0 lock=0/0 polls=0 enable=0 rcer=0x00000000 sstat=0x00000000 pstat=0x00000001
FOCUSED_SAMPLE board=DE5 [1-11.1] sample=018 valid=1 status=FF mac=02:00:22:33:44:01 mode=2 ptp=6 ptp_rx=564 ptp_tx=1276 minic_tx=1627 minic_rx=861 rxerr=0 foreign=0/255 detection=0 wr_config=0 parent=0/0/0 local_state=0 next_state=0 rx=0x1000/1 tx=0x1001/4 fail=1/3/1 reject=0/0 lock=0/0 polls=0 enable=0 rcer=0x00000000 sstat=0x00000000 pstat=0x00000001
FOCUSED_SAMPLE board=DE5 [1-11.1] sample=019 valid=1 status=FF mac=02:00:22:33:44:01 mode=2 ptp=6 ptp_rx=567 ptp_tx=1281 minic_tx=1633 minic_rx=865 rxerr=0 foreign=0/255 detection=0 wr_config=0 parent=0/0/0 local_state=0 next_state=0 rx=0x1000/1 tx=0x1001/4 fail=1/3/1 reject=0/0 lock=0/0 polls=0 enable=0 rcer=0x00000000 sstat=0x00000000 pstat=0x00000001
FOCUSED_SAMPLE board=DE5 [1-11.1] sample=020 valid=1 status=FF mac=02:00:22:33:44:01 mode=2 ptp=6 ptp_rx=568 ptp_tx=1285 minic_tx=1638 minic_rx=867 rxerr=0 foreign=0/255 detection=0 wr_config=0 parent=0/0/0 local_state=0 next_state=0 rx=0x1000/1 tx=0x1001/4 fail=1/3/1 reject=0/0 lock=0/0 polls=0 enable=0 rcer=0x00000000 sstat=0x00000000 pstat=0x00000001
FOCUSED_GATE board=DE5 [1-11.1] valid_samples=20 invalid_samples=0 counter_decreased=0 PTP_TX_DELTA=104 STEP2_REGRESSION=PASS STEP3_REGRESSION=NA POST_STEP3_LOCK_STAGE=NOT_OBSERVED STATE_EVIDENCE=STABLE signal_good=0 signal_bad=0 state_idle=0 state_good=0
=== FOCUSED_BOARD DE5 [1-11.2] ===
FOCUSED_SAMPLE board=DE5 [1-11.2] sample=001 valid=1 status=CF mac=02:00:22:33:44:02 mode=3 ptp=9 ptp_rx=1289 ptp_tx=247 minic_tx=925 minic_rx=1583 rxerr=0 foreign=1/0 detection=0 wr_config=3 parent=1/0/1 local_state=0 next_state=0 rx=0x1001/1 tx=0x1000/1 fail=2/2/1 reject=0/0 lock=1/0 polls=953188 enable=4 rcer=0x00000001 sstat=0x00000001 pstat=0x00000001
FOCUSED_SAMPLE board=DE5 [1-11.2] sample=002 valid=1 status=EF mac=02:00:22:33:44:02 mode=3 ptp=9 ptp_rx=1295 ptp_tx=247 minic_tx=930 minic_rx=1590 rxerr=0 foreign=1/0 detection=0 wr_config=3 parent=1/0/1 local_state=0 next_state=0 rx=0x1001/1 tx=0x1000/1 fail=2/2/1 reject=0/0 lock=1/0 polls=953188 enable=4 rcer=0x00000001 sstat=0x00000001 pstat=0x00000001
FOCUSED_SAMPLE board=DE5 [1-11.2] sample=003 valid=1 status=CF mac=02:00:22:33:44:02 mode=3 ptp=9 ptp_rx=1303 ptp_tx=249 minic_tx=935 minic_rx=1600 rxerr=0 foreign=1/0 detection=0 wr_config=3 parent=1/0/1 local_state=0 next_state=0 rx=0x1001/1 tx=0x1000/1 fail=2/2/1 reject=0/0 lock=1/0 polls=953188 enable=4 rcer=0x00000001 sstat=0x00000001 pstat=0x00000001
FOCUSED_SAMPLE board=DE5 [1-11.2] sample=004 valid=1 status=CF mac=02:00:22:33:44:02 mode=3 ptp=9 ptp_rx=1307 ptp_tx=249 minic_tx=938 minic_rx=1605 rxerr=0 foreign=1/0 detection=0 wr_config=3 parent=1/0/1 local_state=0 next_state=0 rx=0x1001/1 tx=0x1000/1 fail=2/2/1 reject=0/0 lock=1/0 polls=953188 enable=4 rcer=0x00000001 sstat=0x00000001 pstat=0x00000001
FOCUSED_SAMPLE board=DE5 [1-11.2] sample=005 valid=1 status=CF mac=02:00:22:33:44:02 mode=3 ptp=9 ptp_rx=1312 ptp_tx=250 minic_tx=941 minic_rx=1611 rxerr=0 foreign=1/0 detection=0 wr_config=3 parent=1/0/1 local_state=0 next_state=0 rx=0x1001/1 tx=0x1000/1 fail=2/2/1 reject=0/0 lock=1/0 polls=953188 enable=4 rcer=0x00000001 sstat=0x00000001 pstat=0x00000001
FOCUSED_SAMPLE board=DE5 [1-11.2] sample=006 valid=1 status=CF mac=02:00:22:33:44:02 mode=3 ptp=9 ptp_rx=1315 ptp_tx=250 minic_tx=944 minic_rx=1615 rxerr=0 foreign=1/0 detection=0 wr_config=3 parent=1/0/1 local_state=0 next_state=0 rx=0x1001/1 tx=0x1000/1 fail=2/2/1 reject=0/0 lock=1/0 polls=953188 enable=4 rcer=0x00000001 sstat=0x00000001 pstat=0x00000001
FOCUSED_SAMPLE board=DE5 [1-11.2] sample=007 valid=1 status=CF mac=02:00:22:33:44:02 mode=3 ptp=9 ptp_rx=1324 ptp_tx=251 minic_tx=950 minic_rx=1626 rxerr=0 foreign=1/0 detection=0 wr_config=3 parent=1/0/1 local_state=0 next_state=0 rx=0x1001/1 tx=0x1000/1 fail=2/2/1 reject=0/0 lock=1/0 polls=953188 enable=4 rcer=0x00000001 sstat=0x00000001 pstat=0x00000001
FOCUSED_SAMPLE board=DE5 [1-11.2] sample=008 valid=1 status=CF mac=02:00:22:33:44:02 mode=3 ptp=9 ptp_rx=1328 ptp_tx=251 minic_tx=952 minic_rx=1631 rxerr=0 foreign=1/0 detection=0 wr_config=3 parent=1/0/1 local_state=0 next_state=0 rx=0x1001/1 tx=0x1000/1 fail=2/2/1 reject=0/0 lock=1/0 polls=953188 enable=4 rcer=0x00000001 sstat=0x00000001 pstat=0x00000001
FOCUSED_SAMPLE board=DE5 [1-11.2] sample=009 valid=1 status=CF mac=02:00:22:33:44:02 mode=3 ptp=9 ptp_rx=1332 ptp_tx=251 minic_tx=955 minic_rx=1636 rxerr=0 foreign=1/0 detection=0 wr_config=3 parent=1/0/1 local_state=0 next_state=0 rx=0x1001/1 tx=0x1000/1 fail=2/2/1 reject=0/0 lock=1/0 polls=953188 enable=4 rcer=0x00000001 sstat=0x00000001 pstat=0x00000001
FOCUSED_SAMPLE board=DE5 [1-11.2] sample=010 valid=1 status=CF mac=02:00:22:33:44:02 mode=3 ptp=9 ptp_rx=1344 ptp_tx=252 minic_tx=965 minic_rx=1650 rxerr=0 foreign=1/0 detection=0 wr_config=3 parent=1/0/1 local_state=0 next_state=0 rx=0x1001/1 tx=0x1000/1 fail=2/2/1 reject=0/0 lock=1/0 polls=953188 enable=4 rcer=0x00000001 sstat=0x00000001 pstat=0x00000001
FOCUSED_SAMPLE board=DE5 [1-11.2] sample=011 valid=1 status=CF mac=02:00:22:33:44:02 mode=3 ptp=9 ptp_rx=1348 ptp_tx=252 minic_tx=967 minic_rx=1655 rxerr=0 foreign=1/0 detection=0 wr_config=3 parent=1/0/1 local_state=0 next_state=0 rx=0x1001/1 tx=0x1000/1 fail=2/2/1 reject=0/0 lock=1/0 polls=953188 enable=4 rcer=0x00000001 sstat=0x00000001 pstat=0x00000001
FOCUSED_SAMPLE board=DE5 [1-11.2] sample=012 valid=1 status=CF mac=02:00:22:33:44:02 mode=3 ptp=9 ptp_rx=1351 ptp_tx=252 minic_tx=969 minic_rx=1659 rxerr=0 foreign=1/0 detection=0 wr_config=3 parent=1/0/1 local_state=0 next_state=0 rx=0x1001/1 tx=0x1000/1 fail=2/2/1 reject=0/0 lock=1/0 polls=953188 enable=4 rcer=0x00000001 sstat=0x00000001 pstat=0x00000001
FOCUSED_SAMPLE board=DE5 [1-11.2] sample=013 valid=1 status=CF mac=02:00:22:33:44:02 mode=3 ptp=9 ptp_rx=1355 ptp_tx=253 minic_tx=972 minic_rx=1664 rxerr=0 foreign=1/0 detection=0 wr_config=3 parent=1/0/1 local_state=0 next_state=0 rx=0x1001/1 tx=0x1000/1 fail=2/2/1 reject=0/0 lock=1/0 polls=953188 enable=4 rcer=0x00000001 sstat=0x00000001 pstat=0x00000001
FOCUSED_SAMPLE board=DE5 [1-11.2] sample=014 valid=1 status=CF mac=02:00:22:33:44:02 mode=3 ptp=9 ptp_rx=1365 ptp_tx=254 minic_tx=980 minic_rx=1676 rxerr=0 foreign=1/0 detection=0 wr_config=3 parent=1/0/1 local_state=0 next_state=0 rx=0x1001/1 tx=0x1000/1 fail=2/2/1 reject=0/0 lock=1/0 polls=953188 enable=4 rcer=0x00000001 sstat=0x00000001 pstat=0x00000001
FOCUSED_SAMPLE board=DE5 [1-11.2] sample=015 valid=1 status=CF mac=02:00:22:33:44:02 mode=3 ptp=9 ptp_rx=1370 ptp_tx=254 minic_tx=983 minic_rx=1682 rxerr=0 foreign=1/0 detection=0 wr_config=3 parent=1/0/1 local_state=0 next_state=0 rx=0x1001/1 tx=0x1000/1 fail=2/2/1 reject=0/0 lock=1/0 polls=953188 enable=4 rcer=0x00000001 sstat=0x00000001 pstat=0x00000001
FOCUSED_SAMPLE board=DE5 [1-11.2] sample=016 valid=1 status=EF mac=02:00:22:33:44:02 mode=3 ptp=9 ptp_rx=1374 ptp_tx=254 minic_tx=986 minic_rx=1687 rxerr=0 foreign=1/0 detection=0 wr_config=3 parent=1/0/1 local_state=0 next_state=0 rx=0x1001/1 tx=0x1000/1 fail=2/2/1 reject=0/0 lock=1/0 polls=953188 enable=4 rcer=0x00000001 sstat=0x00000001 pstat=0x00000001
FOCUSED_SAMPLE board=DE5 [1-11.2] sample=017 valid=1 status=CF mac=02:00:22:33:44:02 mode=3 ptp=9 ptp_rx=1380 ptp_tx=255 minic_tx=990 minic_rx=1694 rxerr=0 foreign=1/0 detection=0 wr_config=3 parent=1/0/1 local_state=0 next_state=0 rx=0x1001/1 tx=0x1000/1 fail=2/2/1 reject=0/0 lock=1/0 polls=953188 enable=4 rcer=0x00000001 sstat=0x00000001 pstat=0x00000001
FOCUSED_SAMPLE board=DE5 [1-11.2] sample=018 valid=1 status=CF mac=02:00:22:33:44:02 mode=3 ptp=9 ptp_rx=1389 ptp_tx=255 minic_tx=997 minic_rx=1705 rxerr=0 foreign=1/0 detection=0 wr_config=3 parent=1/0/1 local_state=0 next_state=0 rx=0x1001/1 tx=0x1000/1 fail=2/2/1 reject=0/0 lock=1/0 polls=953188 enable=4 rcer=0x00000001 sstat=0x00000001 pstat=0x00000001
FOCUSED_SAMPLE board=DE5 [1-11.2] sample=019 valid=1 status=CF mac=02:00:22:33:44:02 mode=3 ptp=9 ptp_rx=1394 ptp_tx=256 minic_tx=1001 minic_rx=1711 rxerr=0 foreign=1/0 detection=0 wr_config=3 parent=1/0/1 local_state=0 next_state=0 rx=0x1001/1 tx=0x1000/1 fail=2/2/1 reject=0/0 lock=1/0 polls=953188 enable=4 rcer=0x00000001 sstat=0x00000001 pstat=0x00000001
FOCUSED_SAMPLE board=DE5 [1-11.2] sample=020 valid=1 status=CF mac=02:00:22:33:44:02 mode=3 ptp=9 ptp_rx=1398 ptp_tx=256 minic_tx=1003 minic_rx=1716 rxerr=0 foreign=1/0 detection=0 wr_config=3 parent=1/0/1 local_state=0 next_state=0 rx=0x1001/1 tx=0x1000/1 fail=2/2/1 reject=0/0 lock=1/0 polls=953188 enable=4 rcer=0x00000001 sstat=0x00000001 pstat=0x00000001
FOCUSED_GATE board=DE5 [1-11.2] valid_samples=20 invalid_samples=0 counter_decreased=0 PTP_TX_DELTA=9 STEP2_REGRESSION=PASS STEP3_REGRESSION=PASS POST_STEP3_LOCK_STAGE=TIMEOUT STATE_EVIDENCE=READ_INCONSISTENT signal_good=20 signal_bad=0 state_idle=20 state_good=0
FOCUSED_DONE
Info (23030): Evaluation of Tcl script scripts/jtag/read_wr_handshake_focused.tcl was successful
Info: Quartus Prime SignalTap II was successful. 0 errors, 0 warnings
    Info: Peak virtual memory: 772 megabytes
    Info: Processing ended: Sun Aug 23 22:07:59 2026
    Info: Elapsed time: 00:00:50
    Info: Total CPU time (on all processors): 00:00:01
RC_STEP3_T1=0
