Info: *******************************************************************
Info: Running Quartus Prime SignalTap II
    Info: Version 17.0.0 Build 595 04/25/2017 SJ Standard Edition
    Info: Copyright (C) 2017  Intel Corporation. All rights reserved.
    Info: Your use of Intel Corporation's design tools, logic functions 
    Info: and other software and tools, and its AMPP partner logic 
    Info: functions, and any output files from any of the foregoing 
    Info: (including device programming or simulation files), and any 
    Info: associated documentation or information are expressly subject 
    Info: to the terms and conditions of the Intel Program License 
    Info: Subscription Agreement, the Intel Quartus Prime License Agreement,
    Info: the Intel MegaCore Function License Agreement, or other 
    Info: applicable license agreement, including, without limitation, 
    Info: that your use is for the sole purpose of programming logic 
    Info: devices manufactured by Intel and sold by Intel or its 
    Info: authorized distributors.  Please refer to the applicable 
    Info: agreement for further details.
    Info: Processing started: Sun Aug 23 22:03:13 2026
Info: Command: quartus_stp -t scripts/jtag/read_master_ptp_slave_parent_long.tcl 20 500
Info: Quartus(args): 20 500
MINIMAL_RUNTIME_CONFIG samples=20 gap_ms=500
=== MINIMAL_BOARD DE5 [1-11.1] ===
MIN_SAMPLE board=DE5 [1-11.1] sample=001 status=FF marker=0000B004 seen=1 fault=0 im_valid=1 MODE=2 PTP=00000006 PTP_RX=00000035 PTP_TX=00000074 SSTAT=00000000 PSTAT=00000001 FOREIGN=0000FF00 PARSE=00010161 SPLL_STATE=00020009 OCER=09181801 RCER=00000000 OCCR=02000162 TRR_CSR=002E7D38 EIC_IMR=02002231 EIC_ISR=02002230 REF=00000000 TAG=00000000 TAG_SOURCE=01337D8A TAG_VALID=00000000 TRR_WRITE=00000000 IRQ=00000000 HELPER_ERROR=00000000
MIN_SAMPLE board=DE5 [1-11.1] sample=002 status=FF marker=0000B004 seen=1 fault=0 im_valid=1 MODE=2 PTP=00000006 PTP_RX=00000036 PTP_TX=00000078 SSTAT=00000000 PSTAT=00000001 FOREIGN=0000FF00 PARSE=00010164 SPLL_STATE=00020009 OCER=0034E301 RCER=00000000 OCCR=02000162 TRR_CSR=002E7D38 EIC_IMR=02002231 EIC_ISR=02002230 REF=00000000 TAG=00000000 TAG_SOURCE=01337D8A TAG_VALID=00000000 TRR_WRITE=00000000 IRQ=00000000 HELPER_ERROR=00000000
MIN_SAMPLE board=DE5 [1-11.1] sample=003 status=FF marker=0000B004 seen=1 fault=0 im_valid=1 MODE=2 PTP=00000006 PTP_RX=00000038 PTP_TX=0000007C SSTAT=00000000 PSTAT=00000001 FOREIGN=0000FF00 PARSE=00010167 SPLL_STATE=00020009 OCER=0714BB01 RCER=00000000 OCCR=02000162 TRR_CSR=002E7D38 EIC_IMR=02002231 EIC_ISR=02002230 REF=00000000 TAG=00000000 TAG_SOURCE=01337D8A TAG_VALID=00000000 TRR_WRITE=00000000 IRQ=00000000 HELPER_ERROR=00000000
MIN_SAMPLE board=DE5 [1-11.1] sample=004 status=FF marker=0000B004 seen=1 fault=0 im_valid=1 MODE=2 PTP=00000006 PTP_RX=00000038 PTP_TX=0000007C SSTAT=00000000 PSTAT=00000001 FOREIGN=0000FF00 PARSE=00010167 SPLL_STATE=00020009 OCER=0714BB01 RCER=00000000 OCCR=02000162 TRR_CSR=002E7D38 EIC_IMR=02002231 EIC_ISR=02002230 REF=00000000 TAG=00000000 TAG_SOURCE=01337D8A TAG_VALID=00000000 TRR_WRITE=00000000 IRQ=00000000 HELPER_ERROR=00000000
MIN_SAMPLE board=DE5 [1-11.1] sample=005 status=FF marker=0000B004 seen=1 fault=0 im_valid=1 MODE=2 PTP=00000006 PTP_RX=00000039 PTP_TX=00000080 SSTAT=00000000 PSTAT=00000001 FOREIGN=0000FF00 PARSE=0001016B SPLL_STATE=00020009 OCER=0F346301 RCER=00000000 OCCR=02000162 TRR_CSR=002E7D38 EIC_IMR=02002231 EIC_ISR=02002230 REF=00000000 TAG=00000000 TAG_SOURCE=01337D8A TAG_VALID=00000000 TRR_WRITE=00000000 IRQ=00000000 HELPER_ERROR=00000000
MIN_SAMPLE board=DE5 [1-11.1] sample=006 status=FF marker=0000B004 seen=1 fault=0 im_valid=1 MODE=2 PTP=00000006 PTP_RX=0000003B PTP_TX=00000084 SSTAT=00000000 PSTAT=00000001 FOREIGN=0000FF00 PARSE=0001016D SPLL_STATE=00020009 OCER=26104401 RCER=00000000 OCCR=02000162 TRR_CSR=002E7D38 EIC_IMR=02002231 EIC_ISR=02002230 REF=00000000 TAG=00000000 TAG_SOURCE=01337D8A TAG_VALID=00000000 TRR_WRITE=00000000 IRQ=00000000 HELPER_ERROR=00000000
MIN_SAMPLE board=DE5 [1-11.1] sample=007 status=FF marker=0000B004 seen=1 fault=0 im_valid=1 MODE=2 PTP=00000006 PTP_RX=0000003B PTP_TX=00000084 SSTAT=00000000 PSTAT=00000001 FOREIGN=0000FF00 PARSE=0001016D SPLL_STATE=00020009 OCER=26104401 RCER=00000000 OCCR=02000162 TRR_CSR=002E7D38 EIC_IMR=02002231 EIC_ISR=02002230 REF=00000000 TAG=00000000 TAG_SOURCE=01337D8A TAG_VALID=00000000 TRR_WRITE=00000000 IRQ=00000000 HELPER_ERROR=00000000
MIN_SAMPLE board=DE5 [1-11.1] sample=008 status=FF marker=0000B004 seen=1 fault=0 im_valid=1 MODE=2 PTP=00000006 PTP_RX=0000003C PTP_TX=00000088 SSTAT=00000000 PSTAT=00000001 FOREIGN=0000FF00 PARSE=00010171 SPLL_STATE=00020009 OCER=2D300C01 RCER=00000000 OCCR=02000162 TRR_CSR=002E7D38 EIC_IMR=02002231 EIC_ISR=02002230 REF=00000000 TAG=00000000 TAG_SOURCE=01337D8A TAG_VALID=00000000 TRR_WRITE=00000000 IRQ=00000000 HELPER_ERROR=00000000
MIN_SAMPLE board=DE5 [1-11.1] sample=009 status=FF marker=0000B004 seen=1 fault=0 im_valid=1 MODE=2 PTP=00000006 PTP_RX=0000003E PTP_TX=0000008C SSTAT=00000000 PSTAT=00000001 FOREIGN=0000FF00 PARSE=00010174 SPLL_STATE=00020009 OCER=2510E001 RCER=00000000 OCCR=02000162 TRR_CSR=002E7D38 EIC_IMR=02002231 EIC_ISR=02002230 REF=00000000 TAG=00000000 TAG_SOURCE=01337D8A TAG_VALID=00000000 TRR_WRITE=00000000 IRQ=00000000 HELPER_ERROR=00000000
MIN_SAMPLE board=DE5 [1-11.1] sample=010 status=FF marker=0000B004 seen=1 fault=0 im_valid=1 MODE=2 PTP=00000006 PTP_RX=0000003E PTP_TX=0000008C SSTAT=00000000 PSTAT=00000001 FOREIGN=0000FF00 PARSE=00010174 SPLL_STATE=00020009 OCER=2C2C9501 RCER=00000000 OCCR=02000162 TRR_CSR=002E7D38 EIC_IMR=02002231 EIC_ISR=02002230 REF=00000000 TAG=00000000 TAG_SOURCE=01337D8A TAG_VALID=00000000 TRR_WRITE=00000000 IRQ=00000000 HELPER_ERROR=00000000
MIN_SAMPLE board=DE5 [1-11.1] sample=011 status=FF marker=0000B004 seen=1 fault=0 im_valid=1 MODE=2 PTP=00000006 PTP_RX=0000003F PTP_TX=00000090 SSTAT=00000000 PSTAT=00000001 FOREIGN=0000FF00 PARSE=00010178 SPLL_STATE=00020009 OCER=2C2C9501 RCER=00000000 OCCR=02000162 TRR_CSR=002E7D38 EIC_IMR=02002231 EIC_ISR=02002230 REF=00000000 TAG=00000000 TAG_SOURCE=01337D8A TAG_VALID=00000000 TRR_WRITE=00000000 IRQ=00000000 HELPER_ERROR=00000000
MIN_SAMPLE board=DE5 [1-11.1] sample=012 status=FF marker=0000B004 seen=1 fault=0 im_valid=1 MODE=2 PTP=00000006 PTP_RX=00000043 PTP_TX=00000099 SSTAT=00000000 PSTAT=00000001 FOREIGN=0000FF00 PARSE=0001017F SPLL_STATE=00020009 OCER=44102401 RCER=00000000 OCCR=02000162 TRR_CSR=002E7D38 EIC_IMR=02002231 EIC_ISR=02002230 REF=00000000 TAG=00000000 TAG_SOURCE=01337D8A TAG_VALID=00000000 TRR_WRITE=00000000 IRQ=00000000 HELPER_ERROR=00000000
MIN_SAMPLE board=DE5 [1-11.1] sample=013 status=FF marker=0000B004 seen=1 fault=0 im_valid=1 MODE=2 PTP=00000006 PTP_RX=00000043 PTP_TX=00000099 SSTAT=00000000 PSTAT=00000000 FOREIGN=0000FF00 PARSE=00010183 SPLL_STATE=00020009 OCER=4B2C0401 RCER=00000000 OCCR=02000162 TRR_CSR=002E7D38 EIC_IMR=02002231 EIC_ISR=02002230 REF=00000000 TAG=00000000 TAG_SOURCE=01337D8A TAG_VALID=00000000 TRR_WRITE=00000000 IRQ=00000000 HELPER_ERROR=00000000
MIN_SAMPLE board=DE5 [1-11.1] sample=014 status=FF marker=0000B004 seen=1 fault=0 im_valid=1 MODE=2 PTP=00000006 PTP_RX=00000044 PTP_TX=0000009D SSTAT=00000001 PSTAT=00000001 FOREIGN=0000FF00 PARSE=00010183 SPLL_STATE=00020009 OCER=4B2C0401 RCER=00000000 OCCR=02000162 TRR_CSR=002E7D38 EIC_IMR=02002231 EIC_ISR=02002230 REF=00000000 TAG=00000000 TAG_SOURCE=01337D8A TAG_VALID=00000000 TRR_WRITE=00000000 IRQ=00000000 HELPER_ERROR=00000000
MIN_SAMPLE board=DE5 [1-11.1] sample=015 status=FF marker=0000B004 seen=1 fault=0 im_valid=1 MODE=2 PTP=00000006 PTP_RX=00000045 PTP_TX=0000009E SSTAT=00000000 PSTAT=00000001 FOREIGN=0000FF00 PARSE=00010184 SPLL_STATE=00020009 OCER=4208CD01 RCER=00000000 OCCR=02000162 TRR_CSR=002E7D38 EIC_IMR=02002231 EIC_ISR=02002230 REF=00000000 TAG=00000000 TAG_SOURCE=01337D8A TAG_VALID=00000000 TRR_WRITE=00000000 IRQ=00000000 HELPER_ERROR=00000000
MIN_SAMPLE board=DE5 [1-11.1] sample=016 status=FF marker=0000B004 seen=1 fault=0 im_valid=1 MODE=2 PTP=00000006 PTP_RX=00000047 PTP_TX=000000A3 SSTAT=00000000 PSTAT=00000001 FOREIGN=0000FF00 PARSE=00010187 SPLL_STATE=00020009 OCER=4A288301 RCER=00000000 OCCR=02000162 TRR_CSR=002E7D38 EIC_IMR=02002231 EIC_ISR=02002230 REF=00000000 TAG=00000000 TAG_SOURCE=01337D8A TAG_VALID=00000000 TRR_WRITE=00000000 IRQ=00000000 HELPER_ERROR=00000000
MIN_SAMPLE board=DE5 [1-11.1] sample=017 status=FF marker=0000B004 seen=1 fault=0 im_valid=1 MODE=2 PTP=00000006 PTP_RX=00000047 PTP_TX=000000A3 SSTAT=00000000 PSTAT=00000001 FOREIGN=0000FF00 PARSE=00010187 SPLL_STATE=00020009 OCER=4A288301 RCER=00000000 OCCR=02000162 TRR_CSR=002E7D38 EIC_IMR=02002231 EIC_ISR=02002230 REF=00000000 TAG=00000000 TAG_SOURCE=01337D8A TAG_VALID=00000000 TRR_WRITE=00000000 IRQ=00000000 HELPER_ERROR=00000000
MIN_SAMPLE board=DE5 [1-11.1] sample=018 status=FF marker=0000B004 seen=1 fault=0 im_valid=1 MODE=2 PTP=00000006 PTP_RX=0000004A PTP_TX=000000A8 SSTAT=00000000 PSTAT=00000001 FOREIGN=0000FF00 PARSE=0001018A SPLL_STATE=00020009 OCER=61084901 RCER=00000000 OCCR=02000162 TRR_CSR=002E7D38 EIC_IMR=02002231 EIC_ISR=02002230 REF=00000000 TAG=00000000 TAG_SOURCE=01337D8A TAG_VALID=00000000 TRR_WRITE=00000000 IRQ=00000000 HELPER_ERROR=00000000
MIN_SAMPLE board=DE5 [1-11.1] sample=019 status=FF marker=0000B004 seen=1 fault=0 im_valid=1 MODE=2 PTP=00000006 PTP_RX=0000004D PTP_TX=000000B0 SSTAT=00000000 PSTAT=00000001 FOREIGN=0000FF00 PARSE=00010190 SPLL_STATE=00020009 OCER=6828F201 RCER=00000000 OCCR=02000162 TRR_CSR=002E7D38 EIC_IMR=02002231 EIC_ISR=02002230 REF=00000000 TAG=00000000 TAG_SOURCE=01337D8A TAG_VALID=00000000 TRR_WRITE=00000000 IRQ=00000000 HELPER_ERROR=00000000
MIN_SAMPLE board=DE5 [1-11.1] sample=020 status=FF marker=0000B004 seen=1 fault=0 im_valid=1 MODE=2 PTP=00000006 PTP_RX=0000004D PTP_TX=000000B0 SSTAT=00000000 PSTAT=00000001 FOREIGN=0000FF00 PARSE=00010190 SPLL_STATE=00020009 OCER=6828F201 RCER=00000000 OCCR=02000162 TRR_CSR=002E7D38 EIC_IMR=02002231 EIC_ISR=02002230 REF=00000000 TAG=00000000 TAG_SOURCE=01337D8A TAG_VALID=00000000 TRR_WRITE=00000000 IRQ=00000000 HELPER_ERROR=00000000
=== MINIMAL_BOARD DE5 [1-11.2] ===
MIN_SAMPLE board=DE5 [1-11.2] sample=001 status=EF marker=0000B004 seen=1 fault=0 im_valid=1 MODE=3 PTP=00000008 PTP_RX=000000B1 PTP_TX=0000003C SSTAT=00000101 PSTAT=00000001 FOREIGN=03000001 PARSE=050114CB SPLL_STATE=00030009 OCER=6538A901 RCER=00000001 OCCR=060001C9 TRR_CSR=05069C28 EIC_IMR=2118FFFF EIC_ISR=2118FFFE REF=00000000 TAG=00000000 TAG_SOURCE=0B414857 TAG_VALID=00000000 TRR_WRITE=00000000 IRQ=00000000 HELPER_ERROR=00000000
MIN_SAMPLE board=DE5 [1-11.2] sample=002 status=EF marker=0000B004 seen=1 fault=0 im_valid=1 MODE=3 PTP=00000008 PTP_RX=000000B5 PTP_TX=0000003D SSTAT=00000101 PSTAT=00000001 FOREIGN=03000001 PARSE=050115EA SPLL_STATE=00030009 OCER=6C209A01 RCER=00000001 OCCR=060001C9 TRR_CSR=05069C28 EIC_IMR=2118FFFF EIC_ISR=2118FFFE REF=00000000 TAG=00000000 TAG_SOURCE=0B414857 TAG_VALID=00000000 TRR_WRITE=00000000 IRQ=00000000 HELPER_ERROR=00000000
MIN_SAMPLE board=DE5 [1-11.2] sample=003 status=EF marker=0000B004 seen=1 fault=0 im_valid=1 MODE=3 PTP=00000008 PTP_RX=000000B5 PTP_TX=0000003D SSTAT=00000101 PSTAT=00000001 FOREIGN=03000001 PARSE=050115EA SPLL_STATE=00030009 OCER=6C209A01 RCER=00000001 OCCR=060001C9 TRR_CSR=05069C28 EIC_IMR=2118FFFF EIC_ISR=2118FFFE REF=00000000 TAG=00000000 TAG_SOURCE=0B414857 TAG_VALID=00000000 TRR_WRITE=00000000 IRQ=00000000 HELPER_ERROR=00000000
MIN_SAMPLE board=DE5 [1-11.2] sample=004 status=EF marker=0000B004 seen=1 fault=0 im_valid=1 MODE=3 PTP=00000008 PTP_RX=000000B9 PTP_TX=0000003F SSTAT=00000101 PSTAT=00000001 FOREIGN=03000001 PARSE=050115F4 SPLL_STATE=00030009 OCER=64088201 RCER=00000001 OCCR=060001C9 TRR_CSR=05069C28 EIC_IMR=2118FFFF EIC_ISR=2118FFFE REF=00000000 TAG=00000000 TAG_SOURCE=0B414857 TAG_VALID=00000000 TRR_WRITE=00000000 IRQ=00000000 HELPER_ERROR=00000000
MIN_SAMPLE board=DE5 [1-11.2] sample=005 status=EF marker=0000B004 seen=1 fault=0 im_valid=1 MODE=3 PTP=00000008 PTP_RX=000000BC PTP_TX=00000040 SSTAT=00000101 PSTAT=00000001 FOREIGN=03000001 PARSE=05011517 SPLL_STATE=00030009 OCER=6B306C01 RCER=00000001 OCCR=060001C9 TRR_CSR=05069C28 EIC_IMR=2118FFFF EIC_ISR=2118FFFE REF=00000000 TAG=00000000 TAG_SOURCE=0B414857 TAG_VALID=00000000 TRR_WRITE=00000000 IRQ=00000000 HELPER_ERROR=00000000
MIN_SAMPLE board=DE5 [1-11.2] sample=006 status=EF marker=0000B004 seen=1 fault=0 im_valid=1 MODE=3 PTP=00000008 PTP_RX=000000BC PTP_TX=00000040 SSTAT=00000101 PSTAT=00000001 FOREIGN=03000001 PARSE=05011517 SPLL_STATE=00030009 OCER=6B306C01 RCER=00000001 OCCR=060001C9 TRR_CSR=05069C28 EIC_IMR=2118FFFF EIC_ISR=2118FFFE REF=00000000 TAG=00000000 TAG_SOURCE=0B414857 TAG_VALID=00000000 TRR_WRITE=00000000 IRQ=00000000 HELPER_ERROR=00000000
MIN_SAMPLE board=DE5 [1-11.2] sample=007 status=EF marker=0000B004 seen=1 fault=0 im_valid=1 MODE=3 PTP=00000008 PTP_RX=000000C0 PTP_TX=00000041 SSTAT=00000101 PSTAT=00000001 FOREIGN=03000001 PARSE=05011623 SPLL_STATE=00030009 OCER=02185001 RCER=00000001 OCCR=060001C9 TRR_CSR=05069C28 EIC_IMR=2118FFFF EIC_ISR=2118FFFE REF=00000000 TAG=00000000 TAG_SOURCE=0B414857 TAG_VALID=00000000 TRR_WRITE=00000000 IRQ=00000000 HELPER_ERROR=00000000
MIN_SAMPLE board=DE5 [1-11.2] sample=008 status=EF marker=0000B004 seen=1 fault=0 im_valid=1 MODE=3 PTP=00000008 PTP_RX=000000C6 PTP_TX=00000044 SSTAT=00000101 PSTAT=00000001 FOREIGN=03000001 PARSE=05011719 SPLL_STATE=00030009 OCER=0A001501 RCER=00000001 OCCR=060001C9 TRR_CSR=05069C28 EIC_IMR=2118FFFF EIC_ISR=2118FFFE REF=00000000 TAG=00000000 TAG_SOURCE=0B414857 TAG_VALID=00000000 TRR_WRITE=00000000 IRQ=00000000 HELPER_ERROR=00000000
MIN_SAMPLE board=DE5 [1-11.2] sample=009 status=EF marker=0000B004 seen=1 fault=0 im_valid=1 MODE=3 PTP=00000008 PTP_RX=000000C6 PTP_TX=00000044 SSTAT=00000101 PSTAT=00000001 FOREIGN=03000001 PARSE=05011719 SPLL_STATE=00030009 OCER=0A001501 RCER=00000001 OCCR=060001C9 TRR_CSR=05069C28 EIC_IMR=2118FFFF EIC_ISR=2118FFFE REF=00000000 TAG=00000000 TAG_SOURCE=0B414857 TAG_VALID=00000000 TRR_WRITE=00000000 IRQ=00000000 HELPER_ERROR=00000000
MIN_SAMPLE board=DE5 [1-11.2] sample=010 status=EF marker=0000B004 seen=1 fault=0 im_valid=1 MODE=3 PTP=00000008 PTP_RX=000000CA PTP_TX=00000046 SSTAT=00000101 PSTAT=00000001 FOREIGN=03000001 PARSE=05011724 SPLL_STATE=00030009 OCER=0124ED01 RCER=00000001 OCCR=060001C9 TRR_CSR=05069C28 EIC_IMR=2118FFFF EIC_ISR=2118FFFE REF=00000000 TAG=00000000 TAG_SOURCE=0B414857 TAG_VALID=00000000 TRR_WRITE=00000000 IRQ=00000000 HELPER_ERROR=00000000
MIN_SAMPLE board=DE5 [1-11.2] sample=011 status=EF marker=0000B004 seen=1 fault=0 im_valid=1 MODE=3 PTP=00000008 PTP_RX=000000CF PTP_TX=00000049 SSTAT=00000101 PSTAT=00000001 FOREIGN=03000001 PARSE=05011723 SPLL_STATE=00030009 OCER=090CC701 RCER=00000001 OCCR=060001C9 TRR_CSR=05069C28 EIC_IMR=2118FFFF EIC_ISR=2118FFFE REF=00000000 TAG=00000000 TAG_SOURCE=0B414857 TAG_VALID=00000000 TRR_WRITE=00000000 IRQ=00000000 HELPER_ERROR=00000000
MIN_SAMPLE board=DE5 [1-11.2] sample=012 status=EF marker=0000B004 seen=1 fault=0 im_valid=1 MODE=3 PTP=00000008 PTP_RX=000000CF PTP_TX=00000049 SSTAT=00000101 PSTAT=00000001 FOREIGN=03000001 PARSE=05011723 SPLL_STATE=00030009 OCER=090CC701 RCER=00000001 OCCR=060001C9 TRR_CSR=05069C28 EIC_IMR=2118FFFF EIC_ISR=2118FFFE REF=00000000 TAG=00000000 TAG_SOURCE=0B414857 TAG_VALID=00000000 TRR_WRITE=00000000 IRQ=00000000 HELPER_ERROR=00000000
MIN_SAMPLE board=DE5 [1-11.2] sample=013 status=EF marker=0000B004 seen=1 fault=0 im_valid=1 MODE=3 PTP=00000008 PTP_RX=000000D3 PTP_TX=0000004A SSTAT=00000101 PSTAT=00000001 FOREIGN=03000001 PARSE=0501183C SPLL_STATE=00030009 OCER=2034A701 RCER=00000001 OCCR=060001C9 TRR_CSR=05069C28 EIC_IMR=2118FFFF EIC_ISR=2118FFFE REF=00000000 TAG=00000000 TAG_SOURCE=0B414857 TAG_VALID=00000000 TRR_WRITE=00000000 IRQ=00000000 HELPER_ERROR=00000000
MIN_SAMPLE board=DE5 [1-11.2] sample=014 status=CF marker=0000B004 seen=1 fault=0 im_valid=1 MODE=3 PTP=00000008 PTP_RX=000000D6 PTP_TX=0000004B SSTAT=00000101 PSTAT=00000001 FOREIGN=03000001 PARSE=05011850 SPLL_STATE=00030009 OCER=271CA701 RCER=00000001 OCCR=060001C9 TRR_CSR=05069C28 EIC_IMR=2118FFFF EIC_ISR=2118FFFE REF=00000000 TAG=00000000 TAG_SOURCE=0B414857 TAG_VALID=00000000 TRR_WRITE=00000000 IRQ=00000000 HELPER_ERROR=00000000
MIN_SAMPLE board=DE5 [1-11.2] sample=015 status=CF marker=0000B004 seen=1 fault=0 im_valid=1 MODE=3 PTP=00000008 PTP_RX=000000D6 PTP_TX=0000004B SSTAT=00000101 PSTAT=00000001 FOREIGN=03000001 PARSE=05011955 SPLL_STATE=00030009 OCER=2F048501 RCER=00000001 OCCR=060001C9 TRR_CSR=05069C28 EIC_IMR=2118FFFF EIC_ISR=2118FFFE REF=00000000 TAG=00000000 TAG_SOURCE=0B414857 TAG_VALID=00000000 TRR_WRITE=00000000 IRQ=00000000 HELPER_ERROR=00000000
MIN_SAMPLE board=DE5 [1-11.2] sample=016 status=CF marker=0000B004 seen=1 fault=0 im_valid=1 MODE=3 PTP=00000008 PTP_RX=000000DC PTP_TX=0000004B SSTAT=00000101 PSTAT=00000001 FOREIGN=03000001 PARSE=05011955 SPLL_STATE=00030009 OCER=2F048501 RCER=00000001 OCCR=060001C9 TRR_CSR=05069C28 EIC_IMR=2118FFFF EIC_ISR=2118FFFE REF=00000000 TAG=00000000 TAG_SOURCE=0B414857 TAG_VALID=00000000 TRR_WRITE=00000000 IRQ=00000000 HELPER_ERROR=00000000
MIN_SAMPLE board=DE5 [1-11.2] sample=017 status=CF marker=0000B004 seen=1 fault=0 im_valid=1 MODE=3 PTP=00000008 PTP_RX=000000E1 PTP_TX=0000004B SSTAT=00000101 PSTAT=00000001 FOREIGN=03000001 PARSE=05011955 SPLL_STATE=00030009 OCER=262C6A01 RCER=00000001 OCCR=060001C9 TRR_CSR=05069C28 EIC_IMR=2118FFFF EIC_ISR=2118FFFE REF=00000000 TAG=00000000 TAG_SOURCE=0B414857 TAG_VALID=00000000 TRR_WRITE=00000000 IRQ=00000000 HELPER_ERROR=00000000
MIN_SAMPLE board=DE5 [1-11.2] sample=018 status=EF marker=0000B004 seen=1 fault=0 im_valid=1 MODE=3 PTP=00000008 PTP_RX=000000E5 PTP_TX=0000004B SSTAT=00000101 PSTAT=00000001 FOREIGN=03000001 PARSE=05011A71 SPLL_STATE=00030009 OCER=2E144401 RCER=00000001 OCCR=060001C9 TRR_CSR=05069C28 EIC_IMR=2118FFFF EIC_ISR=2118FFFE REF=00000000 TAG=00000000 TAG_SOURCE=0B414857 TAG_VALID=00000000 TRR_WRITE=00000000 IRQ=00000000 HELPER_ERROR=00000000
MIN_SAMPLE board=DE5 [1-11.2] sample=019 status=EF marker=0000B004 seen=1 fault=0 im_valid=1 MODE=3 PTP=00000008 PTP_RX=000000E5 PTP_TX=0000004B SSTAT=00000101 PSTAT=00000001 FOREIGN=03000001 PARSE=05011A71 SPLL_STATE=00030009 OCER=2E144401 RCER=00000001 OCCR=060001C9 TRR_CSR=05069C28 EIC_IMR=2118FFFF EIC_ISR=2118FFFE REF=00000000 TAG=00000000 TAG_SOURCE=0B414857 TAG_VALID=00000000 TRR_WRITE=00000000 IRQ=00000000 HELPER_ERROR=00000000
MIN_SAMPLE board=DE5 [1-11.2] sample=020 status=EF marker=0000B004 seen=1 fault=0 im_valid=1 MODE=3 PTP=00000008 PTP_RX=000000E9 PTP_TX=0000004C SSTAT=00000101 PSTAT=00000001 FOREIGN=03000001 PARSE=05011B90 SPLL_STATE=00030009 OCER=453C2401 RCER=00000001 OCCR=060001C9 TRR_CSR=05069C28 EIC_IMR=2118FFFF EIC_ISR=2118FFFE REF=00000000 TAG=00000000 TAG_SOURCE=0B414857 TAG_VALID=00000000 TRR_WRITE=00000000 IRQ=00000000 HELPER_ERROR=00000000
MINIMAL_RUNTIME_DONE
Info (23030): Evaluation of Tcl script scripts/jtag/read_master_ptp_slave_parent_long.tcl was successful
Info: Quartus Prime SignalTap II was successful. 0 errors, 0 warnings
    Info: Peak virtual memory: 772 megabytes
    Info: Processing ended: Sun Aug 23 22:03:39 2026
    Info: Elapsed time: 00:00:26
    Info: Total CPU time (on all processors): 00:00:00
RC_STEP23=0
