Info: *******************************************************************
Info: Running Quartus Prime SignalTap II
    Info: Version 17.0.0 Build 595 04/25/2017 SJ Standard Edition
    Info: Copyright (C) 2017  Intel Corporation. All rights reserved.
    Info: Your use of Intel Corporation's design tools, logic functions 
    Info: and other software and tools, and its AMPP partner logic 
    Info: functions, and any output files from any of the foregoing 
    Info: (including device programming or simulation files), and any 
    Info: associated documentation or information are expressly subject 
    Info: to the terms and conditions of the Intel Program License 
    Info: Subscription Agreement, the Intel Quartus Prime License Agreement,
    Info: the Intel MegaCore Function License Agreement, or other 
    Info: applicable license agreement, including, without limitation, 
    Info: that your use is for the sole purpose of programming logic 
    Info: devices manufactured by Intel and sold by Intel or its 
    Info: authorized distributors.  Please refer to the applicable 
    Info: agreement for further details.
    Info: Processing started: Mon Aug 24 14:45:57 2026
Info: Command: quartus_stp -t scripts/jtag/read_step4_startup_focused.tcl 10 500 events
Info: Quartus(args): 10 500 events
STEP4_FOCUSED_CONFIG samples=10 gap_ms=500 group=events retries=5 trr_r0_read=disabled
=== STEP4_FOCUSED_BOARD DE5 [1-11.1] ===
STEP4_SERIES board=DE5 [1-11.1] register=SPLL_MODE_SEQUENCE samples=10 valid=10 timeout=0 invalid=0 decrease=0 first=00020009 last=00020009 delta=0
STEP4_SERIES board=DE5 [1-11.1] register=RCER samples=10 valid=10 timeout=0 invalid=0 decrease=0 first=00000000 last=00000000 delta=0
STEP4_SERIES board=DE5 [1-11.1] register=OCER samples=10 valid=10 timeout=0 invalid=0 decrease=1 first=661C1301 last=0D009901 delta=DECREASED_OR_RESET
STEP4_SERIES board=DE5 [1-11.1] register=DMTD_REF_EVENTS samples=10 valid=10 timeout=0 invalid=0 decrease=0 first=00ADF710 last=00ADF710 delta=0
STEP4_SERIES board=DE5 [1-11.1] register=DMTD_FB_EVENTS samples=10 valid=10 timeout=0 invalid=0 decrease=0 first=009E8060 last=009E8060 delta=0
STEP4_SERIES board=DE5 [1-11.1] register=DMTD_REF_ACCEPT samples=10 valid=10 timeout=0 invalid=0 decrease=0 first=02E3C512 last=02E3C512 delta=0
STEP4_SERIES board=DE5 [1-11.1] register=DMTD_FB_ACCEPT samples=10 valid=10 timeout=0 invalid=0 decrease=0 first=0241D0B2 last=0241D0B2 delta=0
STEP4_SERIES board=DE5 [1-11.1] register=DMTD_REF_SAMPLED samples=10 valid=10 timeout=0 invalid=0 decrease=0 first=5C0A665C last=82E78F5F delta=652028163
STEP4_SERIES board=DE5 [1-11.1] register=DMTD_FB_SAMPLED samples=10 valid=10 timeout=0 invalid=0 decrease=0 first=671E5DB7 last=8E02DED1 delta=652509466
STEP4_SERIES board=DE5 [1-11.1] register=DMTD_HIGH_QUAL_MAX_STAB samples=10 valid=10 timeout=0 invalid=0 decrease=0 first=00000007 last=00000007 delta=0
STEP4_SERIES board=DE5 [1-11.1] register=DMTD_D0_LOW_RUN_MAX samples=10 valid=10 timeout=0 invalid=0 decrease=0 first=0007FFFF last=0007FFFF delta=0
STEP4_SERIES board=DE5 [1-11.1] register=DMTD_REF_SEEN samples=10 valid=10 timeout=0 invalid=0 decrease=1 first=AD4B4A91 last=C0BA5EA0 delta=326046735
STEP4_SERIES board=DE5 [1-11.1] register=DMTD_FB_SEEN samples=10 valid=10 timeout=0 invalid=0 decrease=0 first=00000000 last=00000000 delta=0
STEP4_SERIES board=DE5 [1-11.1] register=SPLL_DMTD_STATE samples=10 valid=10 timeout=0 invalid=0 decrease=1 first=0C000002 last=0C000002 delta=0
STEP4_GROUP board=DE5 [1-11.1] group=DMTD_BOUNDARY result=VALID
STEP4_SERIES64 board=DE5 [1-11.1] register=DMTD_NATIVE_EDGE_COUNT64 samples=10 valid=10 timeout=0 invalid=0 decrease=0 first=00000013B5E2F38D last=00000013E1DAAB7D delta=737654768 delta_mode=MODULO64
STEP4_SERIES64 board=DE5 [1-11.1] register=REF_NATIVE_EDGE_COUNT64 samples=10 valid=10 timeout=0 invalid=0 decrease=0 first=00000013AE805A40 last=00000013DA77AD70 delta=737628976 delta_mode=MODULO64
STEP4_SERIES64 board=DE5 [1-11.1] register=FB_NATIVE_EDGE_COUNT64 samples=10 valid=10 timeout=0 invalid=0 decrease=0 first=00000013B678F807 last=00000013E2703E22 delta=737625627 delta_mode=MODULO64
STEP4_SERIES64 board=DE5 [1-11.1] register=REF_POST_DIV_EDGE_COUNT64 samples=10 valid=10 timeout=0 invalid=0 decrease=0 first=00000009D76102A9 last=00000009ED5CAF23 delta=368815226 delta_mode=MODULO64
STEP4_SERIES64 board=DE5 [1-11.1] register=FB_POST_DIV_EDGE_COUNT64 samples=10 valid=10 timeout=0 invalid=0 decrease=0 first=00000009DB5D50D0 last=00000009F158FC73 delta=368815011 delta_mode=MODULO64
STEP4_SERIES board=DE5 [1-11.1] register=DEGLITCH_THRESHOLD samples=10 valid=10 timeout=0 invalid=0 decrease=1 first=10C003E8 last=00000009 delta=DECREASED_OR_RESET
STEP4_SERIES64 board=DE5 [1-11.1] register=REF_D0_TRANSITION_COUNT64 samples=10 valid=10 timeout=0 invalid=0 decrease=0 first=0000001383F25A54 last=00000013AF8A2D9B delta=731370311 delta_mode=MODULO64
STEP4_SERIES board=DE5 [1-11.1] register=NATIVE_REF_SAMPLED samples=10 valid=10 timeout=0 invalid=0 decrease=0 first=84081279 last=AF9FEFC6 delta=731372877
STEP4_SERIES board=DE5 [1-11.1] register=NATIVE_REF_ACCEPT samples=10 valid=10 timeout=0 invalid=0 decrease=0 first=02E3C512 last=02E3C512 delta=0
STEP4_SERIES64 board=DE5 [1-11.1] register=FB_D0_TRANSITION_COUNT64 samples=10 valid=10 timeout=0 invalid=0 decrease=0 first=000000138F3939C1 last=00000013BAD996BA delta=731929849 delta_mode=MODULO64
STEP4_SERIES board=DE5 [1-11.1] register=NATIVE_FB_SAMPLED samples=10 valid=10 timeout=0 invalid=0 decrease=0 first=8F4EEF5F last=BAEF5251 delta=731931378
STEP4_SERIES board=DE5 [1-11.1] register=NATIVE_FB_ACCEPT samples=10 valid=10 timeout=0 invalid=0 decrease=0 first=0241D0B2 last=0241D0B2 delta=0
STEP4_DMTD_CLOCK board=DE5 [1-11.1] dmtd_native_delta=737654768 dmtd_elapsed_ms=5902 dmtd_frequency_hz=124983864.453 result=INVALID
STEP4_INPUT_EDGE board=DE5 [1-11.1] threshold=NA threshold_delta=DECREASED_OR_RESET hit_length=NA ref_raw_delta=737628976 ref_post_div_delta=368815226 ref_post_div_to_raw=0.500001001 ref_post_div_to_dmtd=0.499983518 ref_d0_delta=731370311 ref_d0_to_dmtd_ratio=0.991480490 ref_sampled_delta=731372877 ref_sampled_to_dmtd_ratio=0.991483969 ref_sampled_to_d0_ratio=1.000003508 ref_accept_delta=0 fb_raw_delta=737625627 fb_post_div_delta=368815011 fb_post_div_to_raw=0.500002979 fb_post_div_to_dmtd=0.499983227 fb_d0_delta=731929849 fb_d0_to_dmtd_ratio=0.992239027 fb_sampled_delta=731931378 fb_sampled_to_dmtd_ratio=0.992241099 fb_sampled_to_d0_ratio=1.000002089 fb_accept_delta=0 result=INVALID counter_cdc=GRAY2_HI_LO_HI
STEP4_SERIES board=DE5 [1-11.1] register=TAG_PENDING_COUNT samples=10 valid=10 timeout=0 invalid=0 decrease=0 first=00000000 last=00000000 delta=0
STEP4_SERIES board=DE5 [1-11.1] register=TAG_PENDING_REF_COUNT samples=10 valid=10 timeout=0 invalid=0 decrease=0 first=00000000 last=00000000 delta=0
STEP4_SERIES board=DE5 [1-11.1] register=TAG_PENDING_FB_COUNT samples=10 valid=10 timeout=0 invalid=0 decrease=0 first=00000000 last=00000000 delta=0
STEP4_SERIES board=DE5 [1-11.1] register=TAG_GRANT_COUNT samples=10 valid=10 timeout=0 invalid=0 decrease=0 first=00000000 last=00000000 delta=0
STEP4_SERIES board=DE5 [1-11.1] register=TAG_VALID_COUNT samples=10 valid=10 timeout=0 invalid=0 decrease=0 first=00000000 last=00000000 delta=0
STEP4_SERIES board=DE5 [1-11.1] register=TRR_WRITE_COUNT samples=10 valid=10 timeout=0 invalid=0 decrease=0 first=00000000 last=00000000 delta=0
STEP4_GROUP board=DE5 [1-11.1] group=TAG_ARBITRATION result=VALID
STEP4_SERIES board=DE5 [1-11.1] register=IRQ_COUNT samples=10 valid=10 timeout=0 invalid=0 decrease=0 first=00000000 last=00000000 delta=0
STEP4_SERIES board=DE5 [1-11.1] register=HELPER_UPDATE_COUNT samples=10 valid=10 timeout=0 invalid=0 decrease=0 first=00000000 last=00000000 delta=0
STEP4_SERIES board=DE5 [1-11.1] register=STATE_TRANSITION_COUNT samples=10 valid=10 timeout=0 invalid=0 decrease=1 first=00000000 last=00000000 delta=0
STEP4_GROUP board=DE5 [1-11.1] group=DOWNSTREAM result=VALID
STEP4_SERIES board=DE5 [1-11.1] register=CURRENT_TICS samples=10 valid=10 timeout=0 invalid=0 decrease=0 first=155AF0C2 last=27FB159D delta=312485083
STEP4_SERIES board=DE5 [1-11.1] register=DMTD_REF_LAST_TICS samples=10 valid=10 timeout=0 invalid=0 decrease=0 first=048A9ABF last=048A9ABF delta=0
STEP4_SERIES board=DE5 [1-11.1] register=DMTD_FB_LAST_TICS samples=10 valid=10 timeout=0 invalid=0 decrease=0 first=048A9ABD last=048A9ABD delta=0
STEP4_SERIES board=DE5 [1-11.1] register=TAG_REF_LAST_TICS samples=10 valid=10 timeout=0 invalid=0 decrease=0 first=048A9AC0 last=048A9AC0 delta=0
STEP4_SERIES board=DE5 [1-11.1] register=TAG_FB_LAST_TICS samples=10 valid=10 timeout=0 invalid=0 decrease=1 first=048A9ABE last=048A9ABE delta=0
STEP4_SERIES board=DE5 [1-11.1] register=TAG_PENDING_LAST_TICS samples=10 valid=10 timeout=0 invalid=0 decrease=0 first=00000000 last=00000000 delta=0
STEP4_SERIES board=DE5 [1-11.1] register=TAG_GRANT_LAST_TICS samples=10 valid=10 timeout=0 invalid=0 decrease=0 first=00000000 last=00000000 delta=0
STEP4_SERIES board=DE5 [1-11.1] register=TAG_VALID_LAST_TICS samples=10 valid=10 timeout=0 invalid=0 decrease=0 first=00000000 last=00000000 delta=0
STEP4_SERIES board=DE5 [1-11.1] register=TRR_WRITE_LAST_TICS samples=10 valid=10 timeout=0 invalid=0 decrease=0 first=00000000 last=00000000 delta=0
STEP4_GROUP board=DE5 [1-11.1] group=EVENT_TIMING result=VALID
STEP4_HIGH_QUAL_MAX_STAB board=DE5 [1-11.1] ref_max_before_abort=7 fb_max_before_abort=0
STEP4_INPUT_D0_LOW_RUN_MAX board=DE5 [1-11.1] ref_max_d0_low_run=65535 fb_max_d0_low_run=7
STEP4_DEGLITCH_STATE board=DE5 [1-11.1] ref_state=2 fb_state=0 ref_stab_bucket=0 fb_stab_bucket=0 ref_threshold_reached=1 fb_threshold_reached=1
STEP4_DMTD_BOUNDARY board=DE5 [1-11.1] sampled_ref=652028163 accept_ref=0 sampled_fb=652509466 accept_fb=0
STEP4_QUALIFICATION_ABORT board=DE5 [1-11.1] ref_high=326046735 fb_high=0 delta_mode=MODULO32
STEP4_EVENT_ACTIVITY board=DE5 [1-11.1] dmtd=0 pending=0 grant=0 tag_valid=0 trr_write=0 irq=0 state_transition=0 helper_update=0
STEP4_EVENT_BOUNDARY board=DE5 [1-11.1] result=DMTD_SAMPLED_TRANSITION_TO_DEGLITCH_ACCEPT
=== STEP4_FOCUSED_BOARD DE5 [1-11.2] ===
STEP4_SERIES board=DE5 [1-11.2] register=SPLL_MODE_SEQUENCE samples=10 valid=10 timeout=0 invalid=0 decrease=0 first=00030009 last=00030009 delta=0
STEP4_SERIES board=DE5 [1-11.2] register=RCER samples=10 valid=10 timeout=0 invalid=0 decrease=0 first=00000001 last=00000001 delta=0
STEP4_SERIES board=DE5 [1-11.2] register=OCER samples=10 valid=10 timeout=0 invalid=0 decrease=1 first=411C4401 last=6810A601 delta=653550080
STEP4_SERIES board=DE5 [1-11.2] register=DMTD_REF_EVENTS samples=10 valid=10 timeout=0 invalid=0 decrease=0 first=04A8EA2B last=04A8EA2B delta=0
STEP4_SERIES board=DE5 [1-11.2] register=DMTD_FB_EVENTS samples=10 valid=10 timeout=0 invalid=0 decrease=0 first=0524C64A last=0524C64A delta=0
STEP4_SERIES board=DE5 [1-11.2] register=DMTD_REF_ACCEPT samples=10 valid=10 timeout=0 invalid=0 decrease=0 first=10F9ECD0 last=10F9ECD0 delta=0
STEP4_SERIES board=DE5 [1-11.2] register=DMTD_FB_ACCEPT samples=10 valid=10 timeout=0 invalid=0 decrease=1 first=12BF1EE2 last=12BF1EE2 delta=0
STEP4_SERIES board=DE5 [1-11.2] register=DMTD_REF_SAMPLED samples=10 valid=10 timeout=0 invalid=0 decrease=0 first=4EC1449D last=75DDBC66 delta=656177097
STEP4_SERIES board=DE5 [1-11.2] register=DMTD_FB_SAMPLED samples=10 valid=10 timeout=0 invalid=0 decrease=0 first=421DE48D last=6911FC3F delta=653531058
STEP4_SERIES board=DE5 [1-11.2] register=DMTD_HIGH_QUAL_MAX_STAB samples=10 valid=10 timeout=0 invalid=0 decrease=0 first=00000006 last=00000006 delta=0
STEP4_SERIES board=DE5 [1-11.2] register=DMTD_D0_LOW_RUN_MAX samples=10 valid=10 timeout=0 invalid=0 decrease=0 first=00010006 last=00010006 delta=0
STEP4_SERIES board=DE5 [1-11.2] register=DMTD_REF_SEEN samples=10 valid=10 timeout=0 invalid=0 decrease=1 first=858AB056 last=99196D9A delta=328121668
STEP4_SERIES board=DE5 [1-11.2] register=DMTD_FB_SEEN samples=10 valid=10 timeout=0 invalid=0 decrease=0 first=00000000 last=00000000 delta=0
STEP4_SERIES board=DE5 [1-11.2] register=SPLL_DMTD_STATE samples=10 valid=10 timeout=0 invalid=0 decrease=0 first=0C000002 last=0C000002 delta=0
STEP4_GROUP board=DE5 [1-11.2] group=DMTD_BOUNDARY result=VALID
STEP4_SERIES64 board=DE5 [1-11.2] register=DMTD_NATIVE_EDGE_COUNT64 samples=10 valid=10 timeout=0 invalid=0 decrease=0 first=00000013891C77D4 last=00000013B5136527 delta=737602899 delta_mode=MODULO64
STEP4_SERIES64 board=DE5 [1-11.2] register=REF_NATIVE_EDGE_COUNT64 samples=10 valid=10 timeout=0 invalid=0 decrease=0 first=0000001300000013 last=00000013AE164B40 delta=2920696621 delta_mode=MODULO64
STEP4_SERIES64 board=DE5 [1-11.2] register=FB_NATIVE_EDGE_COUNT64 samples=10 valid=10 timeout=0 invalid=0 decrease=0 first=0000001389B0190E last=00000013B5A889BE delta=737702064 delta_mode=MODULO64
STEP4_SERIES64 board=DE5 [1-11.2] register=REF_POST_DIV_EDGE_COUNT64 samples=10 valid=10 timeout=0 invalid=0 decrease=0 first=00000009C12FC15E last=00000009D72BF83D delta=368850655 delta_mode=MODULO64
STEP4_SERIES64 board=DE5 [1-11.2] register=FB_POST_DIV_EDGE_COUNT64 samples=10 valid=10 timeout=0 invalid=0 decrease=0 first=00000009C4F8DEB4 last=00000009DAF514DF delta=368850475 delta_mode=MODULO64
STEP4_SERIES board=DE5 [1-11.2] register=DEGLITCH_THRESHOLD samples=10 valid=10 timeout=0 invalid=0 decrease=1 first=000303E8 last=100003E8 delta=268238848
STEP4_SERIES64 board=DE5 [1-11.2] register=REF_D0_TRANSITION_COUNT64 samples=10 valid=10 timeout=0 invalid=0 decrease=1 first=0000001376E54E49 last=00000013A2C3970F delta=735987910 delta_mode=MODULO64
STEP4_SERIES board=DE5 [1-11.2] register=NATIVE_REF_SAMPLED samples=10 valid=10 timeout=0 invalid=0 decrease=0 first=76FB2386 last=A2D96FB4 delta=735988782
STEP4_SERIES board=DE5 [1-11.2] register=NATIVE_REF_ACCEPT samples=10 valid=10 timeout=0 invalid=0 decrease=0 first=10F9ECD0 last=10F9ECD0 delta=0
STEP4_SERIES64 board=DE5 [1-11.2] register=FB_D0_TRANSITION_COUNT64 samples=10 valid=10 timeout=0 invalid=0 decrease=1 first=000000136A43D5BE last=0000001395F4EB9C delta=733025758 delta_mode=MODULO64
STEP4_SERIES board=DE5 [1-11.2] register=NATIVE_FB_SAMPLED samples=10 valid=10 timeout=0 invalid=0 decrease=1 first=6A599312 last=960AF085 delta=733044083
STEP4_SERIES board=DE5 [1-11.2] register=NATIVE_FB_ACCEPT samples=10 valid=10 timeout=0 invalid=0 decrease=0 first=12BF1EE2 last=12BF1EE2 delta=0
STEP4_DMTD_CLOCK board=DE5 [1-11.2] dmtd_native_delta=737602899 dmtd_elapsed_ms=5902 dmtd_frequency_hz=124975076.076 result=INVALID
STEP4_INPUT_EDGE board=DE5 [1-11.2] threshold=NA threshold_delta=268238848 hit_length=NA ref_raw_delta=2920696621 ref_post_div_delta=368850655 ref_post_div_to_raw=0.126288589 ref_post_div_to_dmtd=0.500066710 ref_d0_delta=735987910 ref_d0_to_dmtd_ratio=0.997810490 ref_sampled_delta=735988782 ref_sampled_to_dmtd_ratio=0.997811672 ref_sampled_to_d0_ratio=1.000001185 ref_accept_delta=0 fb_raw_delta=737702064 fb_post_div_delta=368850475 fb_post_div_to_raw=0.499999245 fb_post_div_to_dmtd=0.500066466 fb_d0_delta=733025758 fb_d0_to_dmtd_ratio=0.993794573 fb_sampled_delta=733044083 fb_sampled_to_dmtd_ratio=0.993819417 fb_sampled_to_d0_ratio=1.000024999 fb_accept_delta=0 result=INVALID counter_cdc=GRAY2_HI_LO_HI
STEP4_SERIES board=DE5 [1-11.2] register=TAG_PENDING_COUNT samples=10 valid=10 timeout=0 invalid=0 decrease=0 first=00000000 last=00000000 delta=0
STEP4_SERIES board=DE5 [1-11.2] register=TAG_PENDING_REF_COUNT samples=10 valid=10 timeout=0 invalid=0 decrease=1 first=00000000 last=00000000 delta=0
STEP4_SERIES board=DE5 [1-11.2] register=TAG_PENDING_FB_COUNT samples=10 valid=10 timeout=0 invalid=0 decrease=0 first=00000000 last=00000000 delta=0
STEP4_SERIES board=DE5 [1-11.2] register=TAG_GRANT_COUNT samples=10 valid=10 timeout=0 invalid=0 decrease=0 first=00000000 last=00000000 delta=0
STEP4_SERIES board=DE5 [1-11.2] register=TAG_VALID_COUNT samples=10 valid=10 timeout=0 invalid=0 decrease=0 first=00000000 last=00000000 delta=0
STEP4_SERIES board=DE5 [1-11.2] register=TRR_WRITE_COUNT samples=10 valid=10 timeout=0 invalid=0 decrease=0 first=00000000 last=00000000 delta=0
STEP4_GROUP board=DE5 [1-11.2] group=TAG_ARBITRATION result=VALID
STEP4_SERIES board=DE5 [1-11.2] register=IRQ_COUNT samples=10 valid=10 timeout=0 invalid=0 decrease=0 first=00000000 last=00000000 delta=0
STEP4_SERIES board=DE5 [1-11.2] register=HELPER_UPDATE_COUNT samples=10 valid=10 timeout=0 invalid=0 decrease=0 first=00000000 last=00000000 delta=0
STEP4_SERIES board=DE5 [1-11.2] register=STATE_TRANSITION_COUNT samples=10 valid=10 timeout=0 invalid=0 decrease=0 first=00000000 last=00000000 delta=0
STEP4_GROUP board=DE5 [1-11.2] group=DOWNSTREAM result=VALID
STEP4_SERIES board=DE5 [1-11.2] register=CURRENT_TICS samples=10 valid=10 timeout=0 invalid=0 decrease=1 first=FEFAE2CB last=119BCA96 delta=DECREASED_OR_RESET
STEP4_SERIES board=DE5 [1-11.2] register=DMTD_REF_LAST_TICS samples=10 valid=10 timeout=0 invalid=0 decrease=0 first=25B9E95A last=25B9E95A delta=0
STEP4_SERIES board=DE5 [1-11.2] register=DMTD_FB_LAST_TICS samples=10 valid=10 timeout=0 invalid=0 decrease=0 first=25B9E959 last=25B9E959 delta=0
STEP4_SERIES board=DE5 [1-11.2] register=TAG_REF_LAST_TICS samples=10 valid=10 timeout=0 invalid=0 decrease=0 first=25B9E95B last=25B9E95B delta=0
STEP4_SERIES board=DE5 [1-11.2] register=TAG_FB_LAST_TICS samples=10 valid=10 timeout=0 invalid=0 decrease=1 first=25B9E95A last=00000000 delta=DECREASED_OR_RESET
STEP4_SERIES board=DE5 [1-11.2] register=TAG_PENDING_LAST_TICS samples=10 valid=10 timeout=0 invalid=0 decrease=0 first=00000000 last=00000000 delta=0
STEP4_SERIES board=DE5 [1-11.2] register=TAG_GRANT_LAST_TICS samples=10 valid=10 timeout=0 invalid=0 decrease=0 first=00000000 last=00000000 delta=0
STEP4_SERIES board=DE5 [1-11.2] register=TAG_VALID_LAST_TICS samples=10 valid=10 timeout=0 invalid=0 decrease=0 first=00000000 last=00000000 delta=0
STEP4_SERIES board=DE5 [1-11.2] register=TRR_WRITE_LAST_TICS samples=10 valid=10 timeout=0 invalid=0 decrease=1 first=00000000 last=00000000 delta=0
STEP4_GROUP board=DE5 [1-11.2] group=EVENT_TIMING result=VALID
STEP4_HIGH_QUAL_MAX_STAB board=DE5 [1-11.2] ref_max_before_abort=6 fb_max_before_abort=0
STEP4_INPUT_D0_LOW_RUN_MAX board=DE5 [1-11.2] ref_max_d0_low_run=6 fb_max_d0_low_run=1
STEP4_DEGLITCH_STATE board=DE5 [1-11.2] ref_state=2 fb_state=0 ref_stab_bucket=0 fb_stab_bucket=0 ref_threshold_reached=1 fb_threshold_reached=1
STEP4_DMTD_BOUNDARY board=DE5 [1-11.2] sampled_ref=656177097 accept_ref=0 sampled_fb=653531058 accept_fb=0
STEP4_QUALIFICATION_ABORT board=DE5 [1-11.2] ref_high=328121668 fb_high=0 delta_mode=MODULO32
STEP4_EVENT_ACTIVITY board=DE5 [1-11.2] dmtd=0 pending=0 grant=0 tag_valid=0 trr_write=0 irq=0 state_transition=0 helper_update=0
STEP4_EVENT_BOUNDARY board=DE5 [1-11.2] result=DMTD_SAMPLED_TRANSITION_TO_DEGLITCH_ACCEPT
STEP4_FOCUSED_DONE
Info (23030): Evaluation of Tcl script scripts/jtag/read_step4_startup_focused.tcl was successful
Info: Quartus Prime SignalTap II was successful. 0 errors, 0 warnings
    Info: Peak virtual memory: 776 megabytes
    Info: Processing ended: Mon Aug 24 14:46:49 2026
    Info: Elapsed time: 00:00:52
    Info: Total CPU time (on all processors): 00:00:01
