Info: *******************************************************************
Info: Running Quartus Prime Signal Tap
    Info: Version 21.3.0 Build 170 09/23/2021 SC Pro Edition
    Info: Copyright (C) 2021  Intel Corporation. All rights reserved.
    Info: Your use of Intel Corporation's design tools, logic functions 
    Info: and other software and tools, and any partner logic 
    Info: functions, and any output files from any of the foregoing 
    Info: (including device programming or simulation files), and any 
    Info: associated documentation or information are expressly subject 
    Info: to the terms and conditions of the Intel Program License 
    Info: Subscription Agreement, the Intel Quartus Prime License Agreement,
    Info: the Intel FPGA IP License Agreement, or other applicable license
    Info: agreement, including, without limitation, that your use is for
    Info: the sole purpose of programming logic devices manufactured by
    Info: Intel and sold by Intel or its authorized distributors.  Please
    Info: refer to the applicable agreement for further details, at
    Info: https://fpgasoftware.intel.com/eula.
    Info: Processing started: Sun Aug 30 04:36:11 2026
    Info: System process ID: 600570
Info: Command: quartus_stp -t scripts/jtag/read_wb_runtime.tcl --raw
Info: Quartus(args): --raw
RAW mailbox completion toggle wb_sync_toggle=0

============================================================
White Rabbit Runtime 診斷：DE5 [1-11.1]
============================================================

## [Step 1] PHY / 光纖 Link
[pass] si_config_done           結果: 1/1
[pass] wr_ready                 結果: 1/1
[pass] core_tm_link_up          結果: 1/1
[pass] core_link_ok             結果: 1/1
[pass] wr_rx_ready              結果: 1/1
[pass] wr_tx_ready              結果: 1/1
[pass] core_phy_rst             結果: 0/0
[pass] si_id_error              結果: 0/0
[pass] wr_rx_enc_err            結果: 0/0
[pass] wr_tx_enc_err            結果: 0/0
[pass] CPU_RESET_n              結果: 1/1
[pass] wr_rx_locked_to_data     結果: 1/1
[info] wr_rx_locked_to_ref      結果: 0/NA
[info] MOD_PRS_n                結果: 0/NA
[info] INTERRUPT_n              結果: 1/NA
Step 1 pass

## [Step 2] Endpoint / MiniNIC / PTP
[pass] EP_MAC_H/EP_MAC_L        結果: 02:00:22:33:44:01/02:00:22:33:44:01
[pass] WDIAGS_MODE              結果: 2 MASTER/2 MASTER
[pass] WDIAGS_PTP               結果: 6 MASTER (raw=01014106)/6 MASTER
[pass] WDIAGS_PTP_RX            結果: Δ=16/Δ>0
RAW WDIAGS_PTP_RX            before=0x0000037C after=0x0000038C delta=16
[pass] WDIAGS_PTP_TX            結果: Δ=32/Δ>0
RAW WDIAGS_PTP_TX            before=0x000007B7 after=0x000007D7 delta=32
[pass] WDIAGS_TX                結果: Δ=39/Δ>0
RAW WDIAGS_TX                before=0x000009E7 after=0x00000A0E delta=39
[pass] WDIAGS_RX                結果: Δ=22/Δ>0
RAW WDIAGS_RX                before=0x0000053E after=0x00000554 delta=22
[pass] WDIAGS_RXERR             結果: Δ=0/Δ=0
RAW WDIAGS_RXERR             before=0x00000000 after=0x00000000 delta=0
Step 2 pass

## [Step 3] WR Parent / Signaling
Step 3 NA

## [Step 4A] Master SoftPLL Event Chain
[pass] DMTD_REF_ACCEPT_EVENT    結果: Δ=21583/Δ>=0
RAW DMTD_REF_ACCEPT_EVENT    before=0x0027A7F9 after=0x0027FC48 delta=21583
[pass] DMTD_FB_ACCEPT_EVENT     結果: Δ=22188/Δ>=0
RAW DMTD_FB_ACCEPT_EVENT     before=0x005D099A after=0x005D6046 delta=22188
[pass] DMTD_ACCEPT              結果: Δ=43771/Δ>0
[pass] SPLL_TAG_VALID_COUNT     結果: Δ=22188/Δ>0
RAW SPLL_TAG_VALID_COUNT     before=0x001DAC9B after=0x001E0347 delta=22188
[pass] SPLL_TRR_WRITE_COUNT     結果: Δ=22189/Δ>0
RAW SPLL_TRR_WRITE_COUNT     before=0x001DACB1 after=0x001E035E delta=22189
[pass] WRPC_SPLL_TRR_POP_COUNT  結果: Δ=20001/Δ>0
RAW WRPC_SPLL_TRR_POP_COUNT  before=0x001DABD3 after=0x001DF9F4 delta=20001
[pass] WDIAGS_IRQ_COUNT         結果: Δ=20001/Δ>0
RAW WDIAGS_IRQ_COUNT         before=0x001DABD3 after=0x001DF9F4 delta=20001
[pass] WDIAGS_HELPER_UPDATE_COUNT 結果: Δ=20001/Δ>0
RAW WDIAGS_HELPER_UPDATE_COUNT before=0x001DABD3 after=0x001DF9F4 delta=20001
[pass] BOOT_GENERATION          結果: Δ=0/Δ=0
RAW BOOT_GENERATION          before=0x00000001 after=0x00000001 delta=0
[pass] CPU_RESET_COUNT          結果: Δ=0/Δ=0
RAW CPU_RESET_COUNT          before=0x00000001 after=0x00000001 delta=0
[pass] WR_CORE_RESET_COUNT      結果: Δ=0/Δ=0
RAW WR_CORE_RESET_COUNT      before=0x00000001 after=0x00000001 delta=0
[pass] SI_CONFIG_DROP_COUNT     結果: Δ=0/Δ=0
RAW SI_CONFIG_DROP_COUNT     before=0x00000001 after=0x00000001 delta=0
STEP4A_MASTER_EVENT_CHAIN = PASS
Step 4 pass

## [Step 5] Closed-loop Lock
STEP5_RESULT = NOT_APPLICABLE_MASTER
STEP5_FIRST_INACTIVE_BOUNDARY = SLAVE_ONLY
Step 5 NA (Step5 closed-loop gate is for Slave)

## [Step 6] Global Time
Step 6 NA

============================================================
White Rabbit Runtime 診斷：DE5 [1-11.1]
============================================================
Step 1 PHY / Link             pass
Step 2 Endpoint / PTP         pass
Step 3 WR Handshake           NA
Step 4 Step4A Master Event Chain pass
Step 5 Closed-loop Lock       NA
Step 6 Global Time            NA
STEP1_REGRESSION = PASS
STEP2_REGRESSION = PASS
STEP3_REGRESSION = PASS
STEP4A_RESULT = PASS
STEP5_RESULT = NOT_APPLICABLE_MASTER
STEP5_FIRST_INACTIVE_BOUNDARY = SLAVE_ONLY
FAILURE_CLASSIFICATION = NO_FAILURE_EVIDENCE
============================================================

================ RAW_SNAPSHOT ================
RAW_SNAPSHOT board=DE5 [1-11.1] label=before
  status           = F11E1C6134BC82FF
  cpu              = 0000007C0000463C
  marker           = 000000010000B004
  store            = 0001D0000002FF90
  store_count      = 000000006EE91693
  exception        = 8000000B000185C0
  clock            = 002E549355A9911C
  boot_generation  = 00000001
  cpu_reset_count  = 00000001
  wr_core_reset_count = 00000001
  si_config_drop_count = 00000001
  pps_cr           = 01312D06
  pps_escr         = 0000010C
  ep_mach          = 02000200
  ep_macl          = 22334401
  ep_dsr           = 42000000
  ptp              = 01014106
  ptp_rx           = 0000037C
  ptp_tx           = 000007B7
  ptp_meta         = 02020406
  tx               = 000009E7
  rx               = 0000053E
  rxerr            = 00000000
  ptp_types        = 01010101
  foreign_meta     = 0000FF00
  filter_meta      = 00000000
  parse_meta       = 000101D3
  wr_rx_signal     = 10000001
  wr_tx_signal     = 10010004
  wr_failure       = 01030001
  wr_state         = A0000064
  wr_reject        = 00000000
  pstat            = 00000001
  sstat            = 00000000
  sec_h            = 00000000
  sec_l            = 000001E5
  ns               = 08B06948
  lock_enable      = 00000000
  lock_result      = 00000000
  lock_polls       = 00000000
  lock_unlocked    = 00000000
  lock_calibration_fail = 00000000
  spll_state       = 00020004
  spll_ocer        = 96C42401
  spll_rcer        = 00000000
  spll_occr        = F40001C9
  spll_trr_csr     = 001E9C36
  spll_dac_hpll    = 1DE1FA1C
  spll_dac_main    = 0000000E
  spll_helper_state = 00000100
  spll_helper_limits = 271000C8
  spll_main_state  = 00000000
  spll_main_limits = 00320032
  spll_main_phase_limits = 03E804B0
  spll_state_visit_mask = 00000618
  spll_state_transitions = 00000003
  spll_last_state  = 00000004
  spll_init_count  = 00000001
  dmtd_ref         = 0027A7F9
  dmtd_fb          = 005D099A
  dmtd_ref_high_qual_abort = 01A2FF67
  dmtd_fb_high_qual_abort = 00F223CA
  tag_valid        = 001DAC9B
  trr_write        = 001DACB1
  irq              = 001DABD3
  helper_update    = 001DABD3
  spll_helper_error = FFFDB610
  spll_helper_output = 0000FFFB
  eic_isr          = FFFF0000
  current_tics     = 00076FC7
RAW_SNAPSHOT board=DE5 [1-11.1] label=after
  status           = C11E1C6134BC82FF
  cpu              = 0000007C0000DD48
  marker           = 000000010000B004
  store            = 000783BF0001D330
  store_count      = 00000000703D09F0
  exception        = 8000000B00018550
  clock            = 003AAA5AAAC7E6E8
  boot_generation  = 00000001
  cpu_reset_count  = 00000001
  wr_core_reset_count = 00000001
  si_config_drop_count = 00000001
  pps_cr           = 01312D06
  pps_escr         = 0000010C
  ep_mach          = 02000200
  ep_macl          = 22334401
  ep_dsr           = 42000000
  ptp              = 01014106
  ptp_rx           = 0000038C
  ptp_tx           = 000007D7
  ptp_meta         = 02020406
  tx               = 00000A0E
  rx               = 00000554
  rxerr            = 00000000
  ptp_types        = 01010101
  foreign_meta     = 0000FF00
  filter_meta      = 00000000
  parse_meta       = 000101E7
  wr_rx_signal     = 10000001
  wr_tx_signal     = 10010004
  wr_failure       = 01030001
  wr_state         = A0000064
  wr_reject        = 00000000
  pstat            = 00000001
  sstat            = 00000000
  sec_h            = 00000000
  sec_l            = 000001EB
  ns               = 08A26B68
  lock_enable      = 00000000
  lock_result      = 00000000
  lock_polls       = 00000000
  lock_unlocked    = 00000000
  lock_calibration_fail = 00000000
  spll_state       = 00020004
  spll_ocer        = 99D17E01
  spll_rcer        = 00000000
  spll_occr        = F70001A0
  spll_trr_csr     = 001EF8F4
  spll_dac_hpll    = 4A944CC6
  spll_dac_main    = 0000000E
  spll_helper_state = 00000100
  spll_helper_limits = 271000C8
  spll_main_state  = 00000000
  spll_main_limits = 00320032
  spll_main_phase_limits = 03E804B0
  spll_state_visit_mask = 00000618
  spll_state_transitions = 00000003
  spll_last_state  = 00000004
  spll_init_count  = 00000001
  dmtd_ref         = 0027FC48
  dmtd_fb          = 005D6046
  dmtd_ref_high_qual_abort = 01A630A2
  dmtd_fb_high_qual_abort = 00F4E7CC
  tag_valid        = 001E0347
  trr_write        = 001E035E
  irq              = 001DF9F4
  helper_update    = 001DF9F4
  spll_helper_error = FFFDB610
  spll_helper_output = 0000FFFB
  eic_isr          = FFFF0000
  current_tics     = 0007834F
RAW mailbox completion toggle wb_sync_toggle=0

============================================================
White Rabbit Runtime 診斷：DE5 [1-11.2]
============================================================

## [Step 1] PHY / 光纖 Link
[pass] si_config_done           結果: 1/1
[pass] wr_ready                 結果: 1/1
[pass] core_tm_link_up          結果: 1/1
[pass] core_link_ok             結果: 1/1
[pass] wr_rx_ready              結果: 1/1
[pass] wr_tx_ready              結果: 1/1
[pass] core_phy_rst             結果: 0/0
[pass] si_id_error              結果: 0/0
[pass] wr_rx_enc_err            結果: 0/0
[pass] wr_tx_enc_err            結果: 0/0
[pass] CPU_RESET_n              結果: 1/1
[pass] wr_rx_locked_to_data     結果: 1/1
[info] wr_rx_locked_to_ref      結果: 0/NA
[info] MOD_PRS_n                結果: 0/NA
[info] INTERRUPT_n              結果: 1/NA
Step 1 pass

## [Step 2] Endpoint / MiniNIC / PTP
[pass] EP_MAC_H/EP_MAC_L        結果: 02:00:22:33:44:02/02:00:22:33:44:02
[pass] WDIAGS_MODE              結果: 3 SLAVE/3 SLAVE
[pass] WDIAGS_PTP               結果: 9 SLAVE (raw=00004109)/9 SLAVE
[pass] WDIAGS_PTP_RX            結果: Δ=22/Δ>0
RAW WDIAGS_PTP_RX            before=0x000007DA after=0x000007F0 delta=22
[pass] WDIAGS_PTP_TX            結果: Δ=5/Δ>0
RAW WDIAGS_PTP_TX            before=0x00000160 after=0x00000165 delta=5
[pass] WDIAGS_TX                結果: Δ=15/Δ>0
RAW WDIAGS_TX                before=0x000005A7 after=0x000005B6 delta=15
[pass] WDIAGS_RX                結果: Δ=27/Δ>0
RAW WDIAGS_RX                before=0x0000099D after=0x000009B8 delta=27
[pass] WDIAGS_RXERR             結果: Δ=0/Δ=0
RAW WDIAGS_RXERR             before=0x00000000 after=0x00000000 delta=0
Step 2 pass

## [Step 3] WR Parent / Signaling
[pass] WDIAGS_FOREIGN_META      結果: 1/1
[pass] WDIAGS_FOREIGN_META      結果: 0/0
[info] WDIAGS_FOREIGN_META      結果: detection=0 config=3/NA
[pass] parentIsWRnode           結果: 1/1
[info] parentWrModeOn           結果: 0/NA
[pass] parentCalibrated         結果: 1/1
[pass] WR_RX_SIGNAL_DEBUG       結果: LOCK count=1/LOCK 0x1001,count>0
[pass] WR_TX_SIGNAL_DEBUG       結果: SLAVE_PRESENT count=1/SLAVE_PRESENT 0x1000,count>0
[info] WDIAGS_TEMP              結果: WRS_IDLE next=WRS_IDLE POST_STEP3_TIMEOUT/NA
[pass] LOCK_ENABLE              結果: 4/> 0
[info] WR_FAILURE_DEBUG         結果: TIMEOUT last_fail_state=WRS_S_LOCK failure_count=1/NA
Step 3 pass

## [Step 4B] Slave SoftPLL Startup
[pass] LOCK_ENABLE_COUNT        結果: 4/> 0
[pass] SPLL_MODE                結果: 3 (SPLL_MODE_SLAVE)/3 SPLL_MODE_SLAVE
[pass] SPLL_SEQ_STATE           結果: 4 (SEQ_WAIT_HELPER)/active, not 0/7
[pass] SPLL_STATE_VISIT_MASK    結果: 0x00000618/> 0
[pass] SPLL_INIT_COUNT          結果: 4/> 0
[pass] RCER                     結果: 0x00000001/> 0
[pass] OCER                     結果: 0x00486001/> 0
[info] SPLL_ALIGN_STATE         結果: 0/NA
[info] SPLL_STATE_TRANSITIONS   結果: 0x00000003/NA
[info] SPLL_LAST_STATE          結果: 4 (SEQ_WAIT_HELPER)/NA
[info] OCCR                     結果: 0xA300016F/NA
[pass] DMTD_REF_ACCEPT_EVENT    結果: Δ=22789/Δ>=0
RAW DMTD_REF_ACCEPT_EVENT    before=0x0264E118 after=0x02653A1D delta=22789
[pass] DMTD_FB_ACCEPT_EVENT     結果: Δ=22183/Δ>=0
RAW DMTD_FB_ACCEPT_EVENT     before=0x029FE8ED after=0x02A03F94 delta=22183
[pass] DMTD_ACCEPT              結果: Δ=44972/Δ>0
[pass] SPLL_TAG_VALID_COUNT     結果: Δ=44971/Δ>0
RAW SPLL_TAG_VALID_COUNT     before=0x00365C76 after=0x00370C21 delta=44971
[pass] SPLL_TRR_WRITE_COUNT     結果: Δ=44970/Δ>0
RAW SPLL_TRR_WRITE_COUNT     before=0x00365CA5 after=0x00370C4F delta=44970
[pass] WRPC_SPLL_TRR_POP_COUNT  結果: Δ=48654/Δ>0
RAW WRPC_SPLL_TRR_POP_COUNT  before=0x00364C30 after=0x00370A3E delta=48654
[pass] WDIAGS_IRQ_COUNT         結果: Δ=47759/Δ>0
RAW WDIAGS_IRQ_COUNT         before=0x00354C40 after=0x003606CF delta=47759
[pass] WDIAGS_HELPER_UPDATE_COUNT 結果: Δ=24654/Δ>0
RAW WDIAGS_HELPER_UPDATE_COUNT before=0x0018B047 after=0x00191095 delta=24654
[pass] BOOT_GENERATION          結果: Δ=0/Δ=0
RAW BOOT_GENERATION          before=0x00000001 after=0x00000001 delta=0
[pass] CPU_RESET_COUNT          結果: Δ=0/Δ=0
RAW CPU_RESET_COUNT          before=0x00000001 after=0x00000001 delta=0
[pass] WR_CORE_RESET_COUNT      結果: Δ=0/Δ=0
RAW WR_CORE_RESET_COUNT      before=0x00000001 after=0x00000001 delta=0
[pass] SI_CONFIG_DROP_COUNT     結果: Δ=0/Δ=0
RAW SI_CONFIG_DROP_COUNT     before=0x00000001 after=0x00000001 delta=0
STEP4B_ALLOWED = YES
STEP4B_RESULT = PASS
STEP4B_FIRST_INACTIVE_BOUNDARY = ACTIVE
Step 4B pass
Step 4 pass

## [Step 5] Closed-loop Lock
STEP5_LOCKDET_BEFORE: HELPER locked=0 changed=0 cnt=1/10000 threshold=200 ref_src=0 MAIN enabled=0 locked=0 freq=0 phase=0 freq_cnt=0/50 phase_cnt=0/1000 PSTAT_locked=0
STEP5_LOCKDET_AFTER: HELPER locked=0 changed=0 cnt=1/10000 threshold=200 ref_src=0 MAIN enabled=0 locked=0 freq=0 phase=0 freq_cnt=0/50 phase_cnt=0/1000 PSTAT_locked=0
[error] WDIAGS_PSTAT             結果: 0/1
STEP5_RESULT = NEVER_LOCKED
STEP5_FIRST_INACTIVE_BOUNDARY = HELPER_LOCK
Step 5 NA (single window is not stable-lock proof)

## [Step 6] Global Time
Step 6 NA

============================================================
White Rabbit Runtime 診斷：DE5 [1-11.2]
============================================================
Step 1 PHY / Link             pass
Step 2 Endpoint / PTP         pass
Step 3 WR Handshake           pass
Step 4 Step4B Slave SoftPLL Startup pass
Step 5 Closed-loop Lock       NA
Step 6 Global Time            NA
STEP1_REGRESSION = PASS
STEP2_REGRESSION = PASS
STEP3_REGRESSION = PASS
STEP4B_ALLOWED = YES
STEP4B_RESULT = PASS
STEP4B_FIRST_INACTIVE_BOUNDARY = ACTIVE
STEP5_RESULT = NEVER_LOCKED
STEP5_FIRST_INACTIVE_BOUNDARY = HELPER_LOCK
FAILURE_CLASSIFICATION = NO_FAILURE_EVIDENCE
============================================================

================ RAW_SNAPSHOT ================
RAW_SNAPSHOT board=DE5 [1-11.2] label=before
  status           = 631088E124B482EF
  cpu              = 0000007C00003E08
  marker           = 000000010000B004
  store            = 000000010001E15C
  store_count      = 000000006E819EDA
  exception        = 8000000B00003E04
  clock            = 0028F10CBB36F250
  boot_generation  = 00000001
  cpu_reset_count  = 00000001
  wr_core_reset_count = 00000001
  si_config_drop_count = 00000001
  pps_cr           = 01312D06
  pps_escr         = 00000100
  ep_mach          = 02000200
  ep_macl          = 22334402
  ep_dsr           = 42000000
  ptp              = 00004109
  ptp_rx           = 000007DA
  ptp_tx           = 00000160
  ptp_meta         = 03020409
  tx               = 000005A7
  rx               = 0000099D
  rxerr            = 00000000
  ptp_types        = 04B9DEB9
  foreign_meta     = 03000001
  filter_meta      = 00000000
  parse_meta       = 0501DEBE
  wr_rx_signal     = 10010001
  wr_tx_signal     = 10000001
  wr_failure       = 02020001
  wr_state         = A000035C
  wr_reject        = 00000000
  pstat            = 00000001
  sstat            = 00000001
  sec_h            = 00000000
  sec_l            = 00000000
  ns               = 3B4420E0
  lock_enable      = 00000004
  lock_result      = 00000001
  lock_polls       = 000D86D2
  lock_unlocked    = 000D86D2
  lock_calibration_fail = 00000000
  spll_state       = 00030004
  spll_ocer        = AF831001
  spll_rcer        = 00000001
  spll_occr        = 8A00014F
  spll_trr_csr     = 00364C30
  spll_dac_hpll    = 1A87BA5C
  spll_dac_main    = 0000000D
  spll_helper_state = 00010000
  spll_helper_limits = 271000C8
  spll_main_state  = 00000000
  spll_main_limits = 00320032
  spll_main_phase_limits = 03E804B0
  spll_state_visit_mask = 00000618
  spll_state_transitions = 00000003
  spll_last_state  = 00000004
  spll_init_count  = 00000004
  dmtd_ref         = 0264E118
  dmtd_fb          = 029FE8ED
  dmtd_ref_high_qual_abort = 003125D2
  dmtd_fb_high_qual_abort = 00137E9F
  tag_valid        = 00365C76
  trr_write        = 00365CA5
  irq              = 00354C40
  helper_update    = 0018B047
  spll_helper_error = FFFDB610
  spll_helper_output = 0000FFFB
  eic_isr          = FFFF0000
  current_tics     = 0006E2BE
RAW_SNAPSHOT board=DE5 [1-11.2] label=after
  status           = 83108841241082CF
  cpu              = 0000007C00003E0C
  marker           = 000000010000B004
  store            = 001000000002FF6C
  store_count      = 000000006FDD67E5
  exception        = 8000000B00003E1C
  clock            = 003A542A1DA15568
  boot_generation  = 00000001
  cpu_reset_count  = 00000001
  wr_core_reset_count = 00000001
  si_config_drop_count = 00000001
  pps_cr           = 01312D02
  pps_escr         = 00000100
  ep_mach          = 02000200
  ep_macl          = 22334402
  ep_dsr           = 42000000
  ptp              = 00004109
  ptp_rx           = 000007F0
  ptp_tx           = 00000165
  ptp_meta         = 03020409
  tx               = 000005B6
  rx               = 000009B8
  rxerr            = 00000000
  ptp_types        = 04BEE1BE
  foreign_meta     = 03000001
  filter_meta      = 00000000
  parse_meta       = 0501E1D2
  wr_rx_signal     = 10010001
  wr_tx_signal     = 10000001
  wr_failure       = 02020001
  wr_state         = A000035C
  wr_reject        = 00000000
  pstat            = 00000001
  sstat            = 00000001
  sec_h            = 00000000
  sec_l            = 000001F0
  ns               = 3B44B620
  lock_enable      = 00000004
  lock_result      = 00000001
  lock_polls       = 000D86D2
  lock_unlocked    = 000D86D2
  lock_calibration_fail = 00000000
  spll_state       = 00030004
  spll_ocer        = 00486001
  spll_rcer        = 00000001
  spll_occr        = A300016F
  spll_trr_csr     = 0036EA90
  spll_dac_hpll    = 3FC88C7F
  spll_dac_main    = 0000000D
  spll_helper_state = 00010000
  spll_helper_limits = 271000C8
  spll_main_state  = 00000000
  spll_main_limits = 00320032
  spll_main_phase_limits = 03E804B0
  spll_state_visit_mask = 00000618
  spll_state_transitions = 00000003
  spll_last_state  = 00000004
  spll_init_count  = 00000004
  dmtd_ref         = 02653A1D
  dmtd_fb          = 02A03F94
  dmtd_ref_high_qual_abort = 0031C21B
  dmtd_fb_high_qual_abort = 0013BDC9
  tag_valid        = 00370C21
  trr_write        = 00370C4F
  irq              = 003606CF
  helper_update    = 00191095
  spll_helper_error = FFFDB610
  spll_helper_output = 0000FFFB
  eic_isr          = FFFF0000
  current_tics     = 0006FA2E

============================================================
STEP4A_RESULT = PASS
STEP4B_ALLOWED = YES
STEP4B_RESULT = PASS
STEP4B_FIRST_INACTIVE_BOUNDARY = ACTIVE
STEP5_RESULT = NOT_APPLICABLE_MASTER
STEP5_FIRST_INACTIVE_BOUNDARY = SLAVE_ONLY
STEP5_RESULT = NEVER_LOCKED
STEP5_FIRST_INACTIVE_BOUNDARY = HELPER_LOCK
============================================================
Info (23030): Evaluation of Tcl script scripts/jtag/read_wb_runtime.tcl was successful
Info: Quartus Prime Signal Tap was successful. 0 errors, 0 warnings
    Info: Peak virtual memory: 677 megabytes
    Info: Processing ended: Sun Aug 30 04:36:24 2026
    Info: Elapsed time: 00:00:13
    Info: System process ID: 600570
