Info: *******************************************************************
Info: Running Quartus Prime Signal Tap
    Info: Version 21.3.0 Build 170 09/23/2021 SC Pro Edition
    Info: Copyright (C) 2021  Intel Corporation. All rights reserved.
    Info: Your use of Intel Corporation's design tools, logic functions 
    Info: and other software and tools, and any partner logic 
    Info: functions, and any output files from any of the foregoing 
    Info: (including device programming or simulation files), and any 
    Info: associated documentation or information are expressly subject 
    Info: to the terms and conditions of the Intel Program License 
    Info: Subscription Agreement, the Intel Quartus Prime License Agreement,
    Info: the Intel FPGA IP License Agreement, or other applicable license
    Info: agreement, including, without limitation, that your use is for
    Info: the sole purpose of programming logic devices manufactured by
    Info: Intel and sold by Intel or its authorized distributors.  Please
    Info: refer to the applicable agreement for further details, at
    Info: https://fpgasoftware.intel.com/eula.
    Info: Processing started: Sat Aug 29 09:40:49 2026
    Info: System process ID: 4131424
Info: Command: quartus_stp -t scripts/jtag/read_wb_runtime.tcl --raw
Info: Quartus(args): --raw
RAW mailbox completion toggle wb_sync_toggle=0

============================================================
White Rabbit Runtime 診斷：DE5 [1-11.1]
============================================================

## [Step 1] PHY / 光纖 Link
[pass] si_config_done           結果: 1/1
[pass] wr_ready                 結果: 1/1
[pass] core_tm_link_up          結果: 1/1
[pass] core_link_ok             結果: 1/1
[pass] wr_rx_ready              結果: 1/1
[pass] wr_tx_ready              結果: 1/1
[pass] core_phy_rst             結果: 0/0
[pass] si_id_error              結果: 0/0
[pass] wr_rx_enc_err            結果: 0/0
[pass] wr_tx_enc_err            結果: 0/0
[pass] CPU_RESET_n              結果: 1/1
[pass] wr_rx_locked_to_data     結果: 1/1
[info] wr_rx_locked_to_ref      結果: 0/NA
[info] MOD_PRS_n                結果: 0/NA
[info] INTERRUPT_n              結果: 1/NA
Step 1 pass

## [Step 2] Endpoint / MiniNIC / PTP
[info] ROLE_ROUTING             結果: fixture=MASTER observed=SLAVE/NA
[pass] EP_MAC_H/EP_MAC_L        結果: 02:00:22:33:44:01/02:00:22:33:44:01
[error] WDIAGS_MODE              結果: 3 SLAVE/2 MASTER
[error] WDIAGS_PTP               結果: 82 UNKNOWN (raw=8452)/6 MASTER
[pass] WDIAGS_PTP_RX            結果: Δ=4/Δ>0
RAW WDIAGS_PTP_RX            before=0x00000088 after=0x0000008C delta=4
[pass] WDIAGS_PTP_TX            結果: Δ=3/Δ>0
RAW WDIAGS_PTP_TX            before=0x00000045 after=0x00000048 delta=3
[pass] WDIAGS_TX                結果: Δ=9/Δ>0
RAW WDIAGS_TX                before=0x000000D8 after=0x000000E1 delta=9
[pass] WDIAGS_RX                結果: Δ=9/Δ>0
RAW WDIAGS_RX                before=0x000000F2 after=0x000000FB delta=9
[pass] WDIAGS_RXERR             結果: Δ=0/Δ=0
RAW WDIAGS_RXERR             before=0x00000000 after=0x00000000 delta=0
Step 2 NA

## [Step 3] WR Parent / Signaling
Step 3 NA

## [Step 4A] Master SoftPLL Event Chain
[pass] DMTD_REF_ACCEPT_EVENT    結果: Δ=19027626/Δ>=0
RAW DMTD_REF_ACCEPT_EVENT    before=0x1A3833FF after=0x1B5A8AA9 delta=19027626
[pass] DMTD_FB_ACCEPT_EVENT     結果: Δ=18686933/Δ>=0
RAW DMTD_FB_ACCEPT_EVENT     before=0x1901FE8F after=0x1A1F2264 delta=18686933
[pass] DMTD_ACCEPT              結果: Δ=37714559/Δ>0
[error] SPLL_TAG_VALID_COUNT     結果: Δ=0/Δ>0
RAW SPLL_TAG_VALID_COUNT     before=0x00000000 after=0x00000000 delta=0
[error] SPLL_TRR_WRITE_COUNT     結果: Δ=0/Δ>0
RAW SPLL_TRR_WRITE_COUNT     before=0x00000000 after=0x00000000 delta=0
[error] WRPC_SPLL_TRR_POP_COUNT  結果: Δ=0/Δ>0
RAW WRPC_SPLL_TRR_POP_COUNT  before=0x00000000 after=0x00000000 delta=0
[error] WDIAGS_IRQ_COUNT         結果: Δ=0/Δ>0
RAW WDIAGS_IRQ_COUNT         before=0x00000000 after=0x00000000 delta=0
[error] WDIAGS_HELPER_UPDATE_COUNT 結果: Δ=0/Δ>0
RAW WDIAGS_HELPER_UPDATE_COUNT before=0x00000000 after=0x00000000 delta=0
[pass] BOOT_GENERATION          結果: Δ=0/Δ=0
RAW BOOT_GENERATION          before=0x00000001 after=0x00000001 delta=0
[pass] CPU_RESET_COUNT          結果: Δ=0/Δ=0
RAW CPU_RESET_COUNT          before=0x00000001 after=0x00000001 delta=0
[pass] WR_CORE_RESET_COUNT      結果: Δ=0/Δ=0
RAW WR_CORE_RESET_COUNT      before=0x00000001 after=0x00000001 delta=0
[pass] SI_CONFIG_DROP_COUNT     結果: Δ=0/Δ=0
RAW SI_CONFIG_DROP_COUNT     before=0x00000001 after=0x00000001 delta=0
STEP4A_MASTER_EVENT_CHAIN = FAIL
Step 4 error

## [Step 5] Closed-loop Lock
Step 5 NA

## [Step 6] Global Time
Step 6 NA

============================================================
White Rabbit Runtime 診斷：DE5 [1-11.1]
============================================================
Step 1 PHY / Link             pass
Step 2 Endpoint / PTP         NA
Step 3 WR Handshake           NA
Step 4 Step4A Master Event Chain error
Step 5 Closed-loop Lock       NA
Step 6 Global Time            NA
STEP1_REGRESSION = PASS
STEP2_REGRESSION = INVALID
STEP3_REGRESSION = PASS
STEP4A_RESULT = FAIL
FAILURE_CLASSIFICATION = JTAG/DASHBOARD_MEASUREMENT_FAILURE
============================================================

================ RAW_SNAPSHOT ================
RAW_SNAPSHOT board=DE5 [1-11.1] label=before
  status           = 001E96E332BC82EF
  cpu              = 0000007C0001855C
  marker           = 000000010000B004
  store            = 0001D0000002FF70
  store_count      = 000000001B6A0D26
  exception        = 0000000000000000
  clock            = 002B479C75F784EB
  boot_generation  = 00000001
  cpu_reset_count  = 00000001
  wr_core_reset_count = 00000001
  si_config_drop_count = 00000001
  pps_cr           = 01312D06
  pps_escr         = 00000000
  ep_mach          = 02000200
  ep_macl          = 22334401
  ep_dsr           = 42000000
  ptp              = 00002104
  ptp_rx           = 00000088
  ptp_tx           = 00000045
  ptp_meta         = 03020404
  tx               = 000000D8
  rx               = 000000F2
  rxerr            = 00000000
  ptp_types        = 00080708
  foreign_meta     = 0000FF00
  filter_meta      = 00000000
  parse_meta       = 0005078D
  wr_rx_signal     = 00000000
  wr_tx_signal     = 00000000
  wr_failure       = 00000000
  wr_state         = A0000044
  wr_reject        = 00000000
  pstat            = 00000001
  sstat            = 00000001
  sec_h            = 00000000
  sec_l            = 00000079
  ns               = 021A7D50
  lock_enable      = 00000000
  spll_state       = 00000000
  spll_ocer        = INVALID
  spll_rcer        = 00000000
  spll_occr        = 120001F8
  spll_trr_csr     = 00020000
  spll_state_visit_mask = 00000000
  spll_state_transitions = 00000000
  spll_last_state  = 00000007
  spll_init_count  = 00000000
  dmtd_ref         = 1A3833FF
  dmtd_fb          = 1901FE8F
  dmtd_ref_high_qual_abort = 00000000
  dmtd_fb_high_qual_abort = 00000000
  tag_valid        = 00000000
  trr_write        = 00000000
  irq              = 00000000
  helper_update    = 00000000
  eic_isr          = 00000000
  current_tics     = 0001DD96
RAW_SNAPSHOT board=DE5 [1-11.1] label=after
  status           = 001E966132BC82EF
  cpu              = 0000007C00018570
  marker           = 000000010000B004
  store            = 000000FC0001E1AC
  store_count      = 000000001CAF3493
  exception        = 0000000000000000
  clock            = 0038CE7AFC300BCE
  boot_generation  = 00000001
  cpu_reset_count  = 00000001
  wr_core_reset_count = 00000001
  si_config_drop_count = 00000001
  pps_cr           = 01312D06
  pps_escr         = 00000000
  ep_mach          = 02000200
  ep_macl          = 22334401
  ep_dsr           = 42000000
  ptp              = 00002104
  ptp_rx           = 0000008C
  ptp_tx           = 00000048
  ptp_meta         = 03020404
  tx               = 000000E1
  rx               = 000000FB
  rxerr            = 00000000
  ptp_types        = 00090809
  foreign_meta     = INVALID
  filter_meta      = 00000000
  parse_meta       = 00060896
  wr_rx_signal     = 00000000
  wr_tx_signal     = 00000000
  wr_failure       = 00000000
  wr_state         = A0000044
  wr_reject        = 00000000
  pstat            = 00000001
  sstat            = 00000001
  sec_h            = 00000000
  sec_l            = 0000007E
  ns               = 021B4ED0
  lock_enable      = 00000000
  spll_state       = 00000000
  spll_ocer        = INVALID
  spll_rcer        = 00000000
  spll_occr        = 190001AE
  spll_trr_csr     = 00020000
  spll_state_visit_mask = 00000000
  spll_state_transitions = 00000000
  spll_last_state  = 00000007
  spll_init_count  = 00000000
  dmtd_ref         = 1B5A8AA9
  dmtd_fb          = 1A1F2264
  dmtd_ref_high_qual_abort = 00000000
  dmtd_fb_high_qual_abort = 00000000
  tag_valid        = 00000000
  trr_write        = 00000000
  irq              = 00000000
  helper_update    = 00000000
  eic_isr          = 00000000
  current_tics     = 0001F506
RAW mailbox completion toggle wb_sync_toggle=0

============================================================
White Rabbit Runtime 診斷：DE5 [1-11.2]
============================================================

## [Step 1] PHY / 光纖 Link
[pass] si_config_done           結果: 1/1
[pass] wr_ready                 結果: 1/1
[pass] core_tm_link_up          結果: 1/1
[pass] core_link_ok             結果: 1/1
[pass] wr_rx_ready              結果: 1/1
[pass] wr_tx_ready              結果: 1/1
[pass] core_phy_rst             結果: 0/0
[pass] si_id_error              結果: 0/0
[pass] wr_rx_enc_err            結果: 0/0
[pass] wr_tx_enc_err            結果: 0/0
[pass] CPU_RESET_n              結果: 1/1
[pass] wr_rx_locked_to_data     結果: 1/1
[info] wr_rx_locked_to_ref      結果: 1/NA
[info] MOD_PRS_n                結果: 0/NA
[info] INTERRUPT_n              結果: 1/NA
Step 1 pass

## [Step 2] Endpoint / MiniNIC / PTP
[pass] EP_MAC_H/EP_MAC_L        結果: 02:00:22:33:44:02/02:00:22:33:44:02
[pass] WDIAGS_MODE              結果: 3 SLAVE/3 SLAVE
[error] WDIAGS_PTP               結果: 68 UNKNOWN (raw=16644)/9 SLAVE
[pass] WDIAGS_PTP_RX            結果: Δ=3/Δ>0
RAW WDIAGS_PTP_RX            before=0x0000003F after=0x00000042 delta=3
[pass] WDIAGS_PTP_TX            結果: Δ=3/Δ>0
RAW WDIAGS_PTP_TX            before=0x0000007D after=0x00000080 delta=3
[pass] WDIAGS_TX                結果: Δ=9/Δ>0
RAW WDIAGS_TX                before=0x000000F1 after=0x000000FA delta=9
[pass] WDIAGS_RX                結果: Δ=8/Δ>0
RAW WDIAGS_RX                before=0x0000009B after=0x000000A3 delta=8
[pass] WDIAGS_RXERR             結果: Δ=0/Δ=0
RAW WDIAGS_RXERR             before=0x00000000 after=0x00000000 delta=0
Step 2 NA

## [Step 3] WR Parent / Signaling
[error] WDIAGS_FOREIGN_META      結果: 0/1
[error] WDIAGS_FOREIGN_META      結果: 255/0
[info] WDIAGS_FOREIGN_META      結果: detection=0 config=0/NA
[error] parentIsWRnode           結果: 0/1
[info] parentWrModeOn           結果: 0/NA
[error] parentCalibrated         結果: 0/1
[error] WR_RX_SIGNAL_DEBUG       結果: UNKNOWN count=0/LOCK 0x1001,count>0
[error] WR_TX_SIGNAL_DEBUG       結果: UNKNOWN count=0/SLAVE_PRESENT 0x1000,count>0
[info] WDIAGS_TEMP              結果: WRS_IDLE next=WRS_IDLE READ_INCONSISTENT/NA
[error] LOCK_ENABLE              結果: 0/> 0
Step 3 NA

## [Step 4B] Slave SoftPLL Startup
[info] STEP4B_UPSTREAM_GATE     結果: BLOCKED/NA
STEP4B_ALLOWED = NO
STEP4B_RESULT = BLOCKED_BY_STEP2
STEP4B_FIRST_INACTIVE_BOUNDARY = UPSTREAM_PREREQUISITE
Step 4B BLOCKED (upstream prerequisite)
Step 4 NA

## [Step 5] Closed-loop Lock
Step 5 NA

## [Step 6] Global Time
Step 6 NA

============================================================
White Rabbit Runtime 診斷：DE5 [1-11.2]
============================================================
Step 1 PHY / Link             pass
Step 2 Endpoint / PTP         NA
Step 3 WR Handshake           NA
Step 4 Step4B Slave SoftPLL Startup blocked
Step 5 Closed-loop Lock       NA
Step 6 Global Time            NA
STEP1_REGRESSION = PASS
STEP2_REGRESSION = INVALID
STEP3_REGRESSION = INVALID
STEP4B_ALLOWED = NO
STEP4B_RESULT = BLOCKED_BY_STEP2
STEP4B_FIRST_INACTIVE_BOUNDARY = UPSTREAM_PREREQUISITE
FAILURE_CLASSIFICATION = JTAG/DASHBOARD_MEASUREMENT_FAILURE
============================================================

================ RAW_SNAPSHOT ================
RAW_SNAPSHOT board=DE5 [1-11.2] label=before
  status           = 0010E06139BC82EF
  cpu              = 0000007C00018598
  marker           = 000000010000B004
  store            = 000000130001E24C
  store_count      = 000000001537005F
  exception        = 0000000000000000
  clock            = 003B8A8E81CF8D17
  boot_generation  = 00000001
  cpu_reset_count  = 00000001
  wr_core_reset_count = 00000001
  si_config_drop_count = 00000001
  pps_cr           = 01312D06
  pps_escr         = 00000000
  ep_mach          = 02000200
  ep_macl          = 22334402
  ep_dsr           = 42000000
  ptp              = 00004104
  ptp_rx           = 0000003F
  ptp_tx           = 0000007D
  ptp_meta         = 03020404
  tx               = 000000F1
  rx               = 0000009B
  rxerr            = 00000000
  ptp_types        = 00141014
  foreign_meta     = INVALID
  filter_meta      = 00000000
  parse_meta       = 00061015
  wr_rx_signal     = 00000000
  wr_tx_signal     = 00000000
  wr_failure       = 00000001
  wr_state         = A0000044
  wr_reject        = 00000000
  pstat            = 00000001
  sstat            = 00000001
  sec_h            = 00000000
  sec_l            = 0000007F
  ns               = 0CCE8400
  lock_enable      = 00000000
  spll_state       = 00000000
  spll_ocer        = INVALID
  spll_rcer        = 00000000
  spll_occr        = DD00011A
  spll_trr_csr     = 00020000
  spll_state_visit_mask = 00000000
  spll_state_transitions = 00000000
  spll_last_state  = 00000007
  spll_init_count  = 00000000
  dmtd_ref         = 12B49A1D
  dmtd_fb          = 12F49034
  dmtd_ref_high_qual_abort = 00000000
  dmtd_fb_high_qual_abort = 00000000
  tag_valid        = 00000000
  trr_write        = 00000000
  irq              = 00000000
  helper_update    = 00000000
  eic_isr          = 00000000
  current_tics     = 00016866
RAW_SNAPSHOT board=DE5 [1-11.2] label=after
  status           = 0010E06339BC82EF
  cpu              = 0000007C00005764
  marker           = 000000010000B004
  store            = 2CCD19C80002FFB8
  store_count      = 00000000167D027F
  exception        = 0000000000000000
  clock            = 002D40B137444337
  boot_generation  = 00000001
  cpu_reset_count  = 00000001
  wr_core_reset_count = 00000001
  si_config_drop_count = 00000001
  pps_cr           = 01312D06
  pps_escr         = 00000000
  ep_mach          = 02000200
  ep_macl          = 22334402
  ep_dsr           = 42000000
  ptp              = 00004104
  ptp_rx           = 00000042
  ptp_tx           = 00000080
  ptp_meta         = 03020404
  tx               = 000000FA
  rx               = 000000A3
  rxerr            = 00000000
  ptp_types        = 00151115
  foreign_meta     = 0000FF00
  filter_meta      = 00000000
  parse_meta       = 0006111D
  wr_rx_signal     = 00000000
  wr_tx_signal     = 00000000
  wr_failure       = 00000001
  wr_state         = A0000044
  wr_reject        = 00000000
  pstat            = 00000001
  sstat            = 00000001
  sec_h            = 00000000
  sec_l            = 00000084
  ns               = 0CCEEAF0
  lock_enable      = 00000000
  spll_state       = 00000000
  spll_ocer        = INVALID
  spll_rcer        = 00000000
  spll_occr        = 74000112
  spll_trr_csr     = 00020000
  spll_state_visit_mask = 00000000
  spll_state_transitions = 00000000
  spll_last_state  = 00000007
  spll_init_count  = 00000000
  dmtd_ref         = 13D0A80A
  dmtd_fb          = 14114926
  dmtd_ref_high_qual_abort = 00000000
  dmtd_fb_high_qual_abort = 00000000
  tag_valid        = 00000000
  trr_write        = 00000000
  irq              = 00000000
  helper_update    = 00000000
  eic_isr          = 00000000
  current_tics     = 00017BEE

============================================================
STEP4A_RESULT = FAIL
STEP4B_ALLOWED = NO
STEP4B_RESULT = BLOCKED_BY_STEP2
STEP4B_FIRST_INACTIVE_BOUNDARY = UPSTREAM_PREREQUISITE
============================================================
Info (23030): Evaluation of Tcl script scripts/jtag/read_wb_runtime.tcl was successful
Info: Quartus Prime Signal Tap was successful. 0 errors, 0 warnings
    Info: Peak virtual memory: 677 megabytes
    Info: Processing ended: Sat Aug 29 09:41:02 2026
    Info: Elapsed time: 00:00:13
    Info: System process ID: 4131424
