Info: *******************************************************************
Info: Running Quartus Prime SignalTap II
    Info: Version 17.0.0 Build 595 04/25/2017 SJ Standard Edition
    Info: Copyright (C) 2017  Intel Corporation. All rights reserved.
    Info: Your use of Intel Corporation's design tools, logic functions 
    Info: and other software and tools, and its AMPP partner logic 
    Info: functions, and any output files from any of the foregoing 
    Info: (including device programming or simulation files), and any 
    Info: associated documentation or information are expressly subject 
    Info: to the terms and conditions of the Intel Program License 
    Info: Subscription Agreement, the Intel Quartus Prime License Agreement,
    Info: the Intel MegaCore Function License Agreement, or other 
    Info: applicable license agreement, including, without limitation, 
    Info: that your use is for the sole purpose of programming logic 
    Info: devices manufactured by Intel and sold by Intel or its 
    Info: authorized distributors.  Please refer to the applicable 
    Info: agreement for further details.
    Info: Processing started: Wed Aug 26 20:34:01 2026
Info: Command: quartus_stp -t scripts/jtag/read_wr_handshake_focused.tcl 20 1000 25
Info: Quartus(args): 20 1000 25
FOCUSED_CONFIG samples=20 gap_ms=1000
=== FOCUSED_BOARD DE5 [1-11.1] ===
FOCUSED_SAMPLE board=DE5 [1-11.1] sample=001 valid=1 status=EF mac=02:00:22:33:44:01 mode=3 ptp=4 ptp_rx=127 ptp_tx=71 minic_tx=240 minic_rx=246 rxerr=5 foreign=0/255 detection=0 wr_config=0 parent=0/0/0 local_state=0 next_state=0 rx=0x0000/0 tx=0x0000/0 fail=0/0/0 reject=0/0 lock=0/0 polls=0 enable=0 rcer=0x00000000 sstat=0x00000001 pstat=0x00000001
FOCUSED_SAMPLE board=DE5 [1-11.1] sample=002 valid=1 status=EF mac=02:00:22:33:44:01 mode=3 ptp=6 ptp_rx=129 ptp_tx=78 minic_tx=249 minic_rx=249 rxerr=5 foreign=0/255 detection=0 wr_config=0 parent=0/0/0 local_state=0 next_state=0 rx=0x0000/0 tx=0x0000/0 fail=0/0/0 reject=0/0 lock=0/0 polls=0 enable=0 rcer=0x00000000 sstat=0x00000001 pstat=0x00000001
FOCUSED_SAMPLE board=DE5 [1-11.1] sample=003 valid=1 status=EF mac=02:00:22:33:44:01 mode=3 ptp=6 ptp_rx=131 ptp_tx=83 minic_tx=255 minic_rx=252 rxerr=5 foreign=0/255 detection=0 wr_config=0 parent=0/0/0 local_state=0 next_state=0 rx=0x0000/0 tx=0x0000/0 fail=0/0/0 reject=0/0 lock=0/0 polls=0 enable=0 rcer=0x00000000 sstat=0x00000001 pstat=0x00000001
FOCUSED_SAMPLE board=DE5 [1-11.1] sample=004 valid=1 status=EF mac=02:00:22:33:44:01 mode=3 ptp=4 ptp_rx=133 ptp_tx=84 minic_tx=257 minic_rx=255 rxerr=5 foreign=0/255 detection=0 wr_config=0 parent=0/0/0 local_state=0 next_state=0 rx=0x0000/0 tx=0x0000/0 fail=0/0/0 reject=0/0 lock=0/0 polls=0 enable=0 rcer=0x00000000 sstat=0x00000001 pstat=0x00000001
FOCUSED_SAMPLE board=DE5 [1-11.1] sample=005 valid=1 status=EF mac=02:00:22:33:44:01 mode=3 ptp=4 ptp_rx=140 ptp_tx=84 minic_tx=259 minic_rx=263 rxerr=5 foreign=0/255 detection=0 wr_config=0 parent=0/0/0 local_state=0 next_state=0 rx=0x0000/0 tx=0x0000/0 fail=0/0/0 reject=0/0 lock=0/0 polls=0 enable=0 rcer=0x00000000 sstat=0x00000001 pstat=0x00000001
FOCUSED_SAMPLE board=DE5 [1-11.1] sample=006 valid=1 status=EF mac=02:00:22:33:44:01 mode=3 ptp=4 ptp_rx=141 ptp_tx=84 minic_tx=261 minic_rx=265 rxerr=5 foreign=0/255 detection=0 wr_config=0 parent=0/0/0 local_state=0 next_state=0 rx=0x0000/0 tx=0x0000/0 fail=0/0/0 reject=0/0 lock=0/0 polls=0 enable=0 rcer=0x00000000 sstat=0x00000001 pstat=0x00000001
FOCUSED_SAMPLE board=DE5 [1-11.1] sample=007 valid=1 status=EF mac=02:00:22:33:44:01 mode=3 ptp=4 ptp_rx=143 ptp_tx=84 minic_tx=262 minic_rx=268 rxerr=5 foreign=0/255 detection=0 wr_config=0 parent=0/0/0 local_state=0 next_state=0 rx=0x0000/0 tx=0x0000/0 fail=0/0/0 reject=0/0 lock=0/0 polls=0 enable=0 rcer=0x00000000 sstat=0x00000001 pstat=0x00000001
FOCUSED_SAMPLE board=DE5 [1-11.1] sample=008 valid=1 status=EF mac=02:00:22:33:44:01 mode=3 ptp=4 ptp_rx=146 ptp_tx=84 minic_tx=263 minic_rx=272 rxerr=5 foreign=0/255 detection=0 wr_config=0 parent=0/0/0 local_state=0 next_state=0 rx=0x0000/0 tx=0x0000/0 fail=0/0/0 reject=0/0 lock=0/0 polls=0 enable=0 rcer=0x00000000 sstat=0x00000001 pstat=0x00000001
FOCUSED_SAMPLE board=DE5 [1-11.1] sample=009 valid=1 status=EF mac=02:00:22:33:44:01 mode=3 ptp=6 ptp_rx=148 ptp_tx=89 minic_tx=270 minic_rx=275 rxerr=6 foreign=0/255 detection=0 wr_config=0 parent=0/0/0 local_state=0 next_state=0 rx=0x0000/0 tx=0x0000/0 fail=0/0/0 reject=0/0 lock=0/0 polls=0 enable=0 rcer=0x00000000 sstat=0x00000001 pstat=0x00000001
FOCUSED_SAMPLE board=DE5 [1-11.1] sample=010 valid=1 status=EF mac=02:00:22:33:44:01 mode=3 ptp=4 ptp_rx=148 ptp_tx=89 minic_tx=272 minic_rx=276 rxerr=6 foreign=0/255 detection=0 wr_config=0 parent=0/0/0 local_state=0 next_state=0 rx=0x0000/0 tx=0x0000/0 fail=0/0/0 reject=0/0 lock=0/0 polls=0 enable=0 rcer=0x00000000 sstat=0x00000001 pstat=0x00000001
FOCUSED_SAMPLE board=DE5 [1-11.1] sample=011 valid=1 status=EF mac=02:00:22:33:44:01 mode=3 ptp=4 ptp_rx=148 ptp_tx=89 minic_tx=273 minic_rx=276 rxerr=6 foreign=0/255 detection=0 wr_config=0 parent=0/0/0 local_state=0 next_state=0 rx=0x0000/0 tx=0x0000/0 fail=0/0/0 reject=0/0 lock=0/0 polls=0 enable=0 rcer=0x00000000 sstat=0x00000001 pstat=0x00000001
FOCUSED_SAMPLE board=DE5 [1-11.1] sample=012 valid=1 status=EF mac=02:00:22:33:44:01 mode=3 ptp=4 ptp_rx=148 ptp_tx=89 minic_tx=275 minic_rx=278 rxerr=6 foreign=0/255 detection=0 wr_config=0 parent=0/0/0 local_state=0 next_state=0 rx=0x0000/0 tx=0x0000/0 fail=0/0/0 reject=0/0 lock=0/0 polls=0 enable=0 rcer=0x00000000 sstat=0x00000001 pstat=0x00000001
FOCUSED_SAMPLE board=DE5 [1-11.1] sample=013 valid=0 status=211E8A41265082EF
FOCUSED_SAMPLE board=DE5 [1-11.1] sample=014 valid=0 status=211E8AE136BC82EF
FOCUSED_SAMPLE board=DE5 [1-11.1] sample=015 valid=0 status=211EE6E136BC82EF
FOCUSED_SAMPLE board=DE5 [1-11.1] sample=016 valid=0 status=211EE6C3267082EF
FOCUSED_SAMPLE board=DE5 [1-11.1] sample=017 valid=0 status=211EE66136BC82EF
FOCUSED_SAMPLE board=DE5 [1-11.1] sample=018 valid=0 status=211EE6C3365C82EF
FOCUSED_SAMPLE board=DE5 [1-11.1] sample=019 valid=1 status=EF mac=02:00:22:33:44:01 mode=3 ptp=4 ptp_rx=155 ptp_tx=95 minic_tx=292 minic_rx=292 rxerr=7 foreign=0/255 detection=0 wr_config=0 parent=0/0/0 local_state=0 next_state=0 rx=0x0000/0 tx=0x0000/0 fail=0/0/0 reject=0/0 lock=0/0 polls=0 enable=0 rcer=0x00000000 sstat=0x00000001 pstat=0x00000001
FOCUSED_SAMPLE board=DE5 [1-11.1] sample=020 valid=1 status=EF mac=02:00:22:33:44:01 mode=3 ptp=4 ptp_rx=156 ptp_tx=95 minic_tx=293 minic_rx=294 rxerr=7 foreign=0/255 detection=0 wr_config=0 parent=0/0/0 local_state=0 next_state=0 rx=0x0000/0 tx=0x0000/0 fail=0/0/0 reject=0/0 lock=0/0 polls=0 enable=0 rcer=0x00000000 sstat=0x00000001 pstat=0x00000001
FOCUSED_GATE board=DE5 [1-11.1] valid_samples=14 invalid_samples=6 counter_decreased=0 PTP_TX_DELTA=24 STEP2_REGRESSION=FAIL STEP3_REGRESSION=FAIL POST_STEP3_LOCK_STAGE=NOT_OBSERVED STATE_EVIDENCE=READ_INCONSISTENT signal_good=0 signal_bad=14 state_idle=14 state_good=0
=== FOCUSED_BOARD DE5 [1-11.2] ===
FOCUSED_SAMPLE board=DE5 [1-11.2] sample=001 valid=1 status=EF mac=02:00:22:33:44:02 mode=3 ptp=9 ptp_rx=82 ptp_tx=142 minic_tx=303 minic_rx=207 rxerr=0 foreign=1/0 detection=0 wr_config=0 parent=0/0/0 local_state=0 next_state=0 rx=0x0000/0 tx=0x0000/0 fail=0/0/1 reject=0/0 lock=0/0 polls=0 enable=0 rcer=0x00000000 sstat=0x00000001 pstat=0x00000001
FOCUSED_SAMPLE board=DE5 [1-11.2] sample=002 valid=1 status=EF mac=02:00:22:33:44:02 mode=3 ptp=9 ptp_rx=82 ptp_tx=147 minic_tx=311 minic_rx=209 rxerr=0 foreign=1/0 detection=0 wr_config=0 parent=0/0/0 local_state=0 next_state=0 rx=0x0000/0 tx=0x0000/0 fail=0/0/1 reject=0/0 lock=0/0 polls=0 enable=0 rcer=0x00000000 sstat=0x00000001 pstat=0x00000001
FOCUSED_SAMPLE board=DE5 [1-11.2] sample=003 valid=1 status=EF mac=02:00:22:33:44:02 mode=3 ptp=9 ptp_rx=82 ptp_tx=149 minic_tx=314 minic_rx=210 rxerr=0 foreign=1/0 detection=0 wr_config=0 parent=0/0/0 local_state=0 next_state=0 rx=0x0000/0 tx=0x0000/0 fail=0/0/1 reject=0/0 lock=0/0 polls=0 enable=0 rcer=0x00000000 sstat=0x00000001 pstat=0x00000001
FOCUSED_SAMPLE board=DE5 [1-11.2] sample=004 valid=1 status=EF mac=02:00:22:33:44:02 mode=3 ptp=9 ptp_rx=82 ptp_tx=152 minic_tx=318 minic_rx=211 rxerr=0 foreign=1/0 detection=0 wr_config=0 parent=0/0/0 local_state=0 next_state=0 rx=0x0000/0 tx=0x0000/0 fail=0/0/1 reject=0/0 lock=0/0 polls=0 enable=0 rcer=0x00000000 sstat=0x00000001 pstat=0x00000001
FOCUSED_SAMPLE board=DE5 [1-11.2] sample=005 valid=1 status=CF mac=02:00:22:33:44:02 mode=3 ptp=9 ptp_rx=92 ptp_tx=155 minic_tx=327 minic_rx=223 rxerr=0 foreign=1/0 detection=0 wr_config=0 parent=0/0/0 local_state=0 next_state=0 rx=0x0000/0 tx=0x0000/0 fail=0/0/1 reject=0/0 lock=0/0 polls=0 enable=0 rcer=0x00000000 sstat=0x00000001 pstat=0x00000001
FOCUSED_SAMPLE board=DE5 [1-11.2] sample=006 valid=1 status=CF mac=02:00:22:33:44:02 mode=3 ptp=9 ptp_rx=93 ptp_tx=155 minic_tx=330 minic_rx=225 rxerr=0 foreign=1/0 detection=0 wr_config=0 parent=0/0/0 local_state=0 next_state=0 rx=0x0000/0 tx=0x0000/0 fail=0/0/1 reject=0/0 lock=0/0 polls=0 enable=0 rcer=0x00000000 sstat=0x00000001 pstat=0x00000001
FOCUSED_SAMPLE board=DE5 [1-11.2] sample=007 valid=1 status=EF mac=02:00:22:33:44:02 mode=3 ptp=9 ptp_rx=93 ptp_tx=155 minic_tx=333 minic_rx=226 rxerr=0 foreign=1/0 detection=0 wr_config=0 parent=0/0/0 local_state=0 next_state=0 rx=0x0000/0 tx=0x0000/0 fail=0/0/1 reject=0/0 lock=0/0 polls=0 enable=0 rcer=0x00000000 sstat=0x00000001 pstat=0x00000001
FOCUSED_SAMPLE board=DE5 [1-11.2] sample=008 valid=1 status=EF mac=02:00:22:33:44:02 mode=3 ptp=9 ptp_rx=93 ptp_tx=156 minic_tx=335 minic_rx=227 rxerr=0 foreign=1/0 detection=0 wr_config=0 parent=0/0/0 local_state=0 next_state=0 rx=0x0000/0 tx=0x0000/0 fail=0/0/1 reject=0/0 lock=0/0 polls=0 enable=0 rcer=0x00000000 sstat=0x00000001 pstat=0x00000001
FOCUSED_SAMPLE board=DE5 [1-11.2] sample=009 valid=1 status=EF mac=02:00:22:33:44:02 mode=3 ptp=6 ptp_rx=93 ptp_tx=162 minic_tx=343 minic_rx=229 rxerr=0 foreign=0/255 detection=0 wr_config=0 parent=0/0/0 local_state=0 next_state=0 rx=0x0000/0 tx=0x0000/0 fail=0/0/1 reject=0/0 lock=0/0 polls=0 enable=0 rcer=0x00000000 sstat=0x00000001 pstat=0x00000001
FOCUSED_SAMPLE board=DE5 [1-11.2] sample=010 valid=1 status=EF mac=02:00:22:33:44:02 mode=3 ptp=4 ptp_rx=93 ptp_tx=162 minic_tx=345 minic_rx=230 rxerr=0 foreign=0/255 detection=0 wr_config=0 parent=0/0/0 local_state=0 next_state=0 rx=0x0000/0 tx=0x0000/0 fail=0/0/1 reject=0/0 lock=0/0 polls=0 enable=0 rcer=0x00000000 sstat=0x00000001 pstat=0x00000001
FOCUSED_SAMPLE board=DE5 [1-11.2] sample=011 valid=0 status=001018C1245082EF
FOCUSED_SAMPLE board=DE5 [1-11.2] sample=012 valid=0 status=00101841245082EF
FOCUSED_SAMPLE board=DE5 [1-11.2] sample=013 valid=0 status=001018C1245082EF
FOCUSED_SAMPLE board=DE5 [1-11.2] sample=014 valid=0 status=001018C1245082EF
FOCUSED_SAMPLE board=DE5 [1-11.2] sample=015 valid=1 status=EF mac=02:00:22:33:44:02 mode=3 ptp=4 ptp_rx=96 ptp_tx=165 minic_tx=356 minic_rx=243 rxerr=0 foreign=1/0 detection=0 wr_config=0 parent=0/0/0 local_state=0 next_state=0 rx=0x0000/0 tx=0x0000/0 fail=0/0/1 reject=0/0 lock=0/0 polls=0 enable=0 rcer=0x00000000 sstat=0x00000001 pstat=0x00000001
FOCUSED_SAMPLE board=DE5 [1-11.2] sample=016 valid=1 status=EF mac=02:00:22:33:44:02 mode=3 ptp=9 ptp_rx=102 ptp_tx=166 minic_tx=358 minic_rx=247 rxerr=0 foreign=1/0 detection=0 wr_config=0 parent=0/0/0 local_state=0 next_state=0 rx=0x0000/0 tx=0x0000/0 fail=0/0/1 reject=0/0 lock=0/0 polls=0 enable=0 rcer=0x00000000 sstat=0x00000001 pstat=0x00000001
FOCUSED_SAMPLE board=DE5 [1-11.2] sample=017 valid=1 status=EF mac=02:00:22:33:44:02 mode=3 ptp=9 ptp_rx=103 ptp_tx=170 minic_tx=363 minic_rx=249 rxerr=0 foreign=1/0 detection=0 wr_config=0 parent=0/0/0 local_state=0 next_state=0 rx=0x0000/0 tx=0x0000/0 fail=0/0/1 reject=0/0 lock=0/0 polls=0 enable=0 rcer=0x00000000 sstat=0x00000001 pstat=0x00000001
FOCUSED_SAMPLE board=DE5 [1-11.2] sample=018 valid=1 status=EF mac=02:00:22:33:44:02 mode=3 ptp=9 ptp_rx=103 ptp_tx=172 minic_tx=367 minic_rx=250 rxerr=0 foreign=1/0 detection=0 wr_config=0 parent=0/0/0 local_state=0 next_state=0 rx=0x0000/0 tx=0x0000/0 fail=0/0/1 reject=0/0 lock=0/0 polls=0 enable=0 rcer=0x00000000 sstat=0x00000001 pstat=0x00000001
FOCUSED_SAMPLE board=DE5 [1-11.2] sample=019 valid=1 status=EF mac=02:00:22:33:44:02 mode=3 ptp=9 ptp_rx=103 ptp_tx=176 minic_tx=373 minic_rx=252 rxerr=0 foreign=1/0 detection=0 wr_config=0 parent=0/0/0 local_state=0 next_state=0 rx=0x0000/0 tx=0x0000/0 fail=0/0/1 reject=0/0 lock=0/0 polls=0 enable=0 rcer=0x00000000 sstat=0x00000001 pstat=0x00000001
FOCUSED_SAMPLE board=DE5 [1-11.2] sample=020 valid=1 status=EF mac=02:00:22:33:44:02 mode=3 ptp=9 ptp_rx=103 ptp_tx=178 minic_tx=376 minic_rx=253 rxerr=0 foreign=1/0 detection=0 wr_config=0 parent=0/0/0 local_state=0 next_state=0 rx=0x0000/0 tx=0x0000/0 fail=0/0/1 reject=0/0 lock=0/0 polls=0 enable=0 rcer=0x00000000 sstat=0x00000001 pstat=0x00000001
FOCUSED_GATE board=DE5 [1-11.2] valid_samples=16 invalid_samples=4 counter_decreased=0 PTP_TX_DELTA=36 STEP2_REGRESSION=FAIL STEP3_REGRESSION=FAIL POST_STEP3_LOCK_STAGE=NOT_OBSERVED STATE_EVIDENCE=READ_INCONSISTENT signal_good=0 signal_bad=16 state_idle=16 state_good=0
FOCUSED_DONE
Info (23030): Evaluation of Tcl script scripts/jtag/read_wr_handshake_focused.tcl was successful
Info: Quartus Prime SignalTap II was successful. 0 errors, 0 warnings
    Info: Peak virtual memory: 772 megabytes
    Info: Processing ended: Wed Aug 26 20:34:51 2026
    Info: Elapsed time: 00:00:50
    Info: Total CPU time (on all processors): 00:00:01
