Info: *******************************************************************
Info: Running Quartus Prime SignalTap II
    Info: Version 17.0.0 Build 595 04/25/2017 SJ Standard Edition
    Info: Copyright (C) 2017  Intel Corporation. All rights reserved.
    Info: Your use of Intel Corporation's design tools, logic functions 
    Info: and other software and tools, and its AMPP partner logic 
    Info: functions, and any output files from any of the foregoing 
    Info: (including device programming or simulation files), and any 
    Info: associated documentation or information are expressly subject 
    Info: to the terms and conditions of the Intel Program License 
    Info: Subscription Agreement, the Intel Quartus Prime License Agreement,
    Info: the Intel MegaCore Function License Agreement, or other 
    Info: applicable license agreement, including, without limitation, 
    Info: that your use is for the sole purpose of programming logic 
    Info: devices manufactured by Intel and sold by Intel or its 
    Info: authorized distributors.  Please refer to the applicable 
    Info: agreement for further details.
    Info: Processing started: Tue Sep 22 06:48:28 2026
Info: Command: quartus_stp -t /home/b10504072/04_WR/pain-worktrees/step6-global-time/scripts/jtag/read_step6_same_pps_global_time_consistency.tcl EXP-S6-PHYSICAL-PPS-SMA-SKEW-BASELINE-20260922-pre-gate 3 350 1 0
Info: Quartus(args): EXP-S6-PHYSICAL-PPS-SMA-SKEW-BASELINE-20260922-pre-gate 3 350 1 0
S6A2_CONFIG trial=EXP-S6-PHYSICAL-PPS-SMA-SKEW-BASELINE-20260922-pre-gate gate_samples=3 gate_gap_ms=350 duration_ms=1 capture_gap_ms=0 MASTER_COMPILE=0 SLAVE_COMPILE=0 MASTER_PROGRAM=0 SLAVE_PROGRAM=0 POWER_CYCLE=0 CPU_RESET=0 WR_CORE_RESET=0 PHY_RESET=0 MASTER_PTP_RESTART=0 SLAVE_PTP_RESTART=0 MODE_COMMAND=0 FIBER_QSFP_CHANGE=0 AUTONEG_CHANGE=0 SI5340_CHANGE=0 MDIO_WRITE=0
S6A2_GATE_SAMPLE ROLE=MASTER BOARD=MASTER SAMPLE=0 ELAPSED_MS=0 READ_VALID=1 LINK_HEALTHY=1 CAPTURE_HEALTHY=1 RESET_CHANGED=0 STATUS_SI_CONFIG=1 STATUS_WR_READY=1 STATUS_TM_LINK_UP=1 STATUS_LINK_OK=1 STATUS_TIME_VALID=1 STATUS_PPS_VALID=1 STATUS_RX_READY=1 STATUS_TX_READY=1 STATUS_CPU_RESET_N=1 STATUS_PHY_RST=0 STATUS_PHY_TX_DISABLE=0 RX_LOCKED_TO_DATA=1 RX_PATTERN_READY=1 RX_ACTIVITY_CHANGED=1 SNAPSHOT_STABLE=1 SNAPSHOT_ACCEPTED=1 SNAPSHOT_VALID=1 SNAPSHOT_TIME_VALID=1 SNAPSHOT_PPS_VALID=1 SNAPSHOT_COUNT=5016 SNAPSHOT_TAI=5015 SNAPSHOT_CYCLES=123289344 SNAPSHOT_RAW0=73593F0000001397 SNAPSHOT_RAW1_BEFORE=000000000009CC77 SNAPSHOT_RAW1_AFTER=000000000009CC77 SPLL_SEQ_STATE=4 PSTAT_LOCKED=0 MAIN_LOCKED=0 BOOT_GENERATION=00000001 CPU_RESET_COUNT=00000001 WR_CORE_RESET_COUNT=00000001 SI_CONFIG_DROP_COUNT=00000001
S6A2_GATE_SAMPLE ROLE=SLAVE BOARD=SLAVE SAMPLE=0 ELAPSED_MS=0 READ_VALID=1 LINK_HEALTHY=1 CAPTURE_HEALTHY=1 RESET_CHANGED=0 STATUS_SI_CONFIG=1 STATUS_WR_READY=1 STATUS_TM_LINK_UP=1 STATUS_LINK_OK=1 STATUS_TIME_VALID=1 STATUS_PPS_VALID=1 STATUS_RX_READY=1 STATUS_TX_READY=1 STATUS_CPU_RESET_N=1 STATUS_PHY_RST=0 STATUS_PHY_TX_DISABLE=0 RX_LOCKED_TO_DATA=1 RX_PATTERN_READY=1 RX_ACTIVITY_CHANGED=1 SNAPSHOT_STABLE=1 SNAPSHOT_ACCEPTED=1 SNAPSHOT_VALID=1 SNAPSHOT_TIME_VALID=1 SNAPSHOT_PPS_VALID=1 SNAPSHOT_COUNT=4930 SNAPSHOT_TAI=5015 SNAPSHOT_CYCLES=123289344 SNAPSHOT_RAW0=73593F0000001397 SNAPSHOT_RAW1_BEFORE=000000000009A177 SNAPSHOT_RAW1_AFTER=000000000009A177 SPLL_SEQ_STATE=8 PSTAT_LOCKED=1 MAIN_LOCKED=1 BOOT_GENERATION=00000001 CPU_RESET_COUNT=00000001 WR_CORE_RESET_COUNT=00000001 SI_CONFIG_DROP_COUNT=00000001
S6A2_GATE_PAIR SAMPLE=0 ELAPSED_MS=0 READ_VALID=1 MASTER_GATE=1 SLAVE_GATE=1 MASTER_TAI=5015 SLAVE_TAI=5015 MASTER_CYCLES=123289344 SLAVE_CYCLES=123289344
S6A2_GATE_SAMPLE ROLE=MASTER BOARD=MASTER SAMPLE=1 ELAPSED_MS=741 READ_VALID=1 LINK_HEALTHY=1 CAPTURE_HEALTHY=1 RESET_CHANGED=0 STATUS_SI_CONFIG=1 STATUS_WR_READY=1 STATUS_TM_LINK_UP=1 STATUS_LINK_OK=1 STATUS_TIME_VALID=1 STATUS_PPS_VALID=1 STATUS_RX_READY=1 STATUS_TX_READY=1 STATUS_CPU_RESET_N=1 STATUS_PHY_RST=0 STATUS_PHY_TX_DISABLE=0 RX_LOCKED_TO_DATA=1 RX_PATTERN_READY=1 RX_ACTIVITY_CHANGED=1 SNAPSHOT_STABLE=1 SNAPSHOT_ACCEPTED=1 SNAPSHOT_VALID=1 SNAPSHOT_TIME_VALID=1 SNAPSHOT_PPS_VALID=1 SNAPSHOT_COUNT=5017 SNAPSHOT_TAI=5016 SNAPSHOT_CYCLES=123289344 SNAPSHOT_RAW0=73593F0000001398 SNAPSHOT_RAW1_BEFORE=000000000009CCF7 SNAPSHOT_RAW1_AFTER=000000000009CCF7 SPLL_SEQ_STATE=4 PSTAT_LOCKED=0 MAIN_LOCKED=0 BOOT_GENERATION=00000001 CPU_RESET_COUNT=00000001 WR_CORE_RESET_COUNT=00000001 SI_CONFIG_DROP_COUNT=00000001
S6A2_GATE_SAMPLE ROLE=SLAVE BOARD=SLAVE SAMPLE=1 ELAPSED_MS=741 READ_VALID=1 LINK_HEALTHY=1 CAPTURE_HEALTHY=1 RESET_CHANGED=0 STATUS_SI_CONFIG=1 STATUS_WR_READY=1 STATUS_TM_LINK_UP=1 STATUS_LINK_OK=1 STATUS_TIME_VALID=1 STATUS_PPS_VALID=1 STATUS_RX_READY=1 STATUS_TX_READY=1 STATUS_CPU_RESET_N=1 STATUS_PHY_RST=0 STATUS_PHY_TX_DISABLE=0 RX_LOCKED_TO_DATA=1 RX_PATTERN_READY=1 RX_ACTIVITY_CHANGED=1 SNAPSHOT_STABLE=1 SNAPSHOT_ACCEPTED=1 SNAPSHOT_VALID=1 SNAPSHOT_TIME_VALID=1 SNAPSHOT_PPS_VALID=1 SNAPSHOT_COUNT=4931 SNAPSHOT_TAI=5016 SNAPSHOT_CYCLES=123289344 SNAPSHOT_RAW0=73593F0000001398 SNAPSHOT_RAW1_BEFORE=000000000009A1F7 SNAPSHOT_RAW1_AFTER=000000000009A1F7 SPLL_SEQ_STATE=8 PSTAT_LOCKED=1 MAIN_LOCKED=1 BOOT_GENERATION=00000001 CPU_RESET_COUNT=00000001 WR_CORE_RESET_COUNT=00000001 SI_CONFIG_DROP_COUNT=00000001
S6A2_GATE_PAIR SAMPLE=1 ELAPSED_MS=741 READ_VALID=1 MASTER_GATE=1 SLAVE_GATE=1 MASTER_TAI=5016 SLAVE_TAI=5016 MASTER_CYCLES=123289344 SLAVE_CYCLES=123289344
S6A2_GATE_SAMPLE ROLE=MASTER BOARD=MASTER SAMPLE=2 ELAPSED_MS=1504 READ_VALID=1 LINK_HEALTHY=1 CAPTURE_HEALTHY=1 RESET_CHANGED=0 STATUS_SI_CONFIG=1 STATUS_WR_READY=1 STATUS_TM_LINK_UP=1 STATUS_LINK_OK=1 STATUS_TIME_VALID=1 STATUS_PPS_VALID=1 STATUS_RX_READY=1 STATUS_TX_READY=1 STATUS_CPU_RESET_N=1 STATUS_PHY_RST=0 STATUS_PHY_TX_DISABLE=0 RX_LOCKED_TO_DATA=1 RX_PATTERN_READY=1 RX_ACTIVITY_CHANGED=1 SNAPSHOT_STABLE=1 SNAPSHOT_ACCEPTED=1 SNAPSHOT_VALID=1 SNAPSHOT_TIME_VALID=1 SNAPSHOT_PPS_VALID=1 SNAPSHOT_COUNT=5018 SNAPSHOT_TAI=5017 SNAPSHOT_CYCLES=123289344 SNAPSHOT_RAW0=73593F0000001399 SNAPSHOT_RAW1_BEFORE=000000000009CD77 SNAPSHOT_RAW1_AFTER=000000000009CD77 SPLL_SEQ_STATE=4 PSTAT_LOCKED=0 MAIN_LOCKED=0 BOOT_GENERATION=00000001 CPU_RESET_COUNT=00000001 WR_CORE_RESET_COUNT=00000001 SI_CONFIG_DROP_COUNT=00000001
S6A2_GATE_SAMPLE ROLE=SLAVE BOARD=SLAVE SAMPLE=2 ELAPSED_MS=1504 READ_VALID=1 LINK_HEALTHY=1 CAPTURE_HEALTHY=1 RESET_CHANGED=0 STATUS_SI_CONFIG=1 STATUS_WR_READY=1 STATUS_TM_LINK_UP=1 STATUS_LINK_OK=1 STATUS_TIME_VALID=1 STATUS_PPS_VALID=1 STATUS_RX_READY=1 STATUS_TX_READY=1 STATUS_CPU_RESET_N=1 STATUS_PHY_RST=0 STATUS_PHY_TX_DISABLE=0 RX_LOCKED_TO_DATA=1 RX_PATTERN_READY=1 RX_ACTIVITY_CHANGED=1 SNAPSHOT_STABLE=1 SNAPSHOT_ACCEPTED=1 SNAPSHOT_VALID=1 SNAPSHOT_TIME_VALID=1 SNAPSHOT_PPS_VALID=1 SNAPSHOT_COUNT=4932 SNAPSHOT_TAI=5017 SNAPSHOT_CYCLES=123289344 SNAPSHOT_RAW0=73593F0000001399 SNAPSHOT_RAW1_BEFORE=000000000009A277 SNAPSHOT_RAW1_AFTER=000000000009A277 SPLL_SEQ_STATE=8 PSTAT_LOCKED=1 MAIN_LOCKED=1 BOOT_GENERATION=00000001 CPU_RESET_COUNT=00000001 WR_CORE_RESET_COUNT=00000001 SI_CONFIG_DROP_COUNT=00000001
S6A2_GATE_PAIR SAMPLE=2 ELAPSED_MS=1504 READ_VALID=1 MASTER_GATE=1 SLAVE_GATE=1 MASTER_TAI=5017 SLAVE_TAI=5017 MASTER_CYCLES=123289344 SLAVE_CYCLES=123289344
S6A2_GATE_RESULT=PASS SAMPLES=3
S6A2_SAMPLE ROLE=MASTER BOARD=MASTER SAMPLE=0 ELAPSED_MS=0 READ_VALID=1 LINK_HEALTHY=1 CAPTURE_HEALTHY=1 RESET_CHANGED=0 STATUS_SI_CONFIG=1 STATUS_WR_READY=1 STATUS_TM_LINK_UP=1 STATUS_LINK_OK=1 STATUS_TIME_VALID=1 STATUS_PPS_VALID=1 STATUS_RX_READY=1 STATUS_TX_READY=1 STATUS_CPU_RESET_N=1 STATUS_PHY_RST=0 STATUS_PHY_TX_DISABLE=0 RX_LOCKED_TO_DATA=1 RX_PATTERN_READY=1 RX_ACTIVITY_CHANGED=1 SNAPSHOT_STABLE=1 SNAPSHOT_ACCEPTED=1 SNAPSHOT_VALID=1 SNAPSHOT_TIME_VALID=1 SNAPSHOT_PPS_VALID=1 SNAPSHOT_COUNT=5018 SNAPSHOT_TAI=5017 SNAPSHOT_CYCLES=123289344 SNAPSHOT_RAW0=73593F0000001399 SNAPSHOT_RAW1_BEFORE=000000000009CD77 SNAPSHOT_RAW1_AFTER=000000000009CD77 SPLL_SEQ_STATE=4 PSTAT_LOCKED=0 MAIN_LOCKED=0 BOOT_GENERATION=00000001 CPU_RESET_COUNT=00000001 WR_CORE_RESET_COUNT=00000001 SI_CONFIG_DROP_COUNT=00000001 COMMON_TAI_COUNT=1 EXACT_MATCH_COUNT=1 MAX_ABS_DELTA_TICKS=0 MISMATCH_LABELS=0
S6A2_SAMPLE ROLE=SLAVE BOARD=SLAVE SAMPLE=0 ELAPSED_MS=0 READ_VALID=1 LINK_HEALTHY=1 CAPTURE_HEALTHY=1 RESET_CHANGED=0 STATUS_SI_CONFIG=1 STATUS_WR_READY=1 STATUS_TM_LINK_UP=1 STATUS_LINK_OK=1 STATUS_TIME_VALID=1 STATUS_PPS_VALID=1 STATUS_RX_READY=1 STATUS_TX_READY=1 STATUS_CPU_RESET_N=1 STATUS_PHY_RST=0 STATUS_PHY_TX_DISABLE=0 RX_LOCKED_TO_DATA=1 RX_PATTERN_READY=1 RX_ACTIVITY_CHANGED=1 SNAPSHOT_STABLE=1 SNAPSHOT_ACCEPTED=1 SNAPSHOT_VALID=1 SNAPSHOT_TIME_VALID=1 SNAPSHOT_PPS_VALID=1 SNAPSHOT_COUNT=4932 SNAPSHOT_TAI=5017 SNAPSHOT_CYCLES=123289344 SNAPSHOT_RAW0=73593F0000001399 SNAPSHOT_RAW1_BEFORE=000000000009A277 SNAPSHOT_RAW1_AFTER=000000000009A277 SPLL_SEQ_STATE=8 PSTAT_LOCKED=1 MAIN_LOCKED=1 BOOT_GENERATION=00000001 CPU_RESET_COUNT=00000001 WR_CORE_RESET_COUNT=00000001 SI_CONFIG_DROP_COUNT=00000001 COMMON_TAI_COUNT=1 EXACT_MATCH_COUNT=1 MAX_ABS_DELTA_TICKS=0 MISMATCH_LABELS=0
S6A2_SAMPLE_PAIR SAMPLE=0 ELAPSED_MS=0 READ_VALID=1 MASTER_VALID=1 SLAVE_VALID=1 COMMON_TAI_COUNT=1 EXACT_MATCH_COUNT=1 MAX_ABS_DELTA_TICKS=0 MISMATCH_LABELS=0 POST_LOSS_REMAINING=-1
S6A2_CAPTURE_RESULT=CAPTURE_COMPLETE SAMPLES=1 ELAPSED_MS=385 COMMON_TAI_COUNT=1 EXACT_MATCH_COUNT=1 MAX_ABS_DELTA_TICKS=0 MISMATCH_LABELS=0 DELTAS=0
S6A2_DONE result=CAPTURE_COMPLETE phase=capture
Info (23030): Evaluation of Tcl script /home/b10504072/04_WR/pain-worktrees/step6-global-time/scripts/jtag/read_step6_same_pps_global_time_consistency.tcl was successful
Info: Quartus Prime SignalTap II was successful. 0 errors, 0 warnings
    Info: Peak virtual memory: 772 megabytes
    Info: Processing ended: Tue Sep 22 06:48:32 2026
    Info: Elapsed time: 00:00:04
    Info: Total CPU time (on all processors): 00:00:00
