    Info: functions, and any output files from any of the foregoing 
    Info: (including device programming or simulation files), and any 
    Info: associated documentation or information are expressly subject 
    Info: to the terms and conditions of the Intel Program License 
    Info: Subscription Agreement, the Intel Quartus Prime License Agreement,
    Info: the Intel MegaCore Function License Agreement, or other 
    Info: applicable license agreement, including, without limitation, 
    Info: that your use is for the sole purpose of programming logic 
    Info: devices manufactured by Intel and sold by Intel or its 
    Info: authorized distributors.  Please refer to the applicable 
    Info: agreement for further details.
    Info: Processing started: Tue Sep  8 10:19:31 2026
Info: Command: quartus_sh --clean DE5a_wr_master_jtag.qpf
Info: Quartus(args): DE5a_wr_master_jtag.qpf
Info: /mnt/ds1515/opt/intelFPGA/17.0/quartus/common/tcl/internal/qsh_clean.tcl version #1
Info: Removed 1 files/folders from project.
Info (23030): Evaluation of Tcl script /mnt/ds1515/opt/intelFPGA/17.0/quartus/common/tcl/internal/qsh_clean.tcl was successful
Info: Quartus Prime Shell was successful. 0 errors, 0 warnings
    Info: Peak virtual memory: 753 megabytes
    Info: Processing ended: Tue Sep  8 10:19:32 2026
    Info: Elapsed time: 00:00:01
    Info: Total CPU time (on all processors): 00:00:00
=== QUARTUS COMPILE ===
Warning (292006): Can't contact license server "5280@lsncku" -- this server will be ignored.
Warning (292006): Can't contact license server "5280@lsnchu" -- this server will be ignored.
Warning (292006): Can't contact license server "5280@lscic" -- this server will be ignored.
Warning (292006): Can't contact license server "5280@lsnctu" -- this server will be ignored.
Warning (292006): Can't contact license server "5280@lsncu" -- this server will be ignored.
Warning (292006): Can't contact license server "5280@lsntu" -- this server will be ignored.
Warning (292006): Can't contact license server "5280@lstc" -- this server will be ignored.
Warning (292006): Can't contact license server "26585@lshc" -- this server will be ignored.
Info: *******************************************************************
Info: Running Quartus Prime Shell
    Info: Version 17.0.0 Build 595 04/25/2017 SJ Standard Edition
    Info: Copyright (C) 2017  Intel Corporation. All rights reserved.
    Info: Your use of Intel Corporation's design tools, logic functions 
    Info: and other software and tools, and its AMPP partner logic 
    Info: functions, and any output files from any of the foregoing 
    Info: (including device programming or simulation files), and any 
    Info: associated documentation or information are expressly subject 
    Info: to the terms and conditions of the Intel Program License 
    Info: Subscription Agreement, the Intel Quartus Prime License Agreement,
    Info: the Intel MegaCore Function License Agreement, or other 
    Info: applicable license agreement, including, without limitation, 
    Info: that your use is for the sole purpose of programming logic 
    Info: devices manufactured by Intel and sold by Intel or its 
    Info: authorized distributors.  Please refer to the applicable 
    Info: agreement for further details.
    Info: Processing started: Tue Sep  8 10:19:32 2026
Info: Command: quartus_sh --flow compile DE5a_wr_master_jtag.qpf
Info: Quartus(args): compile DE5a_wr_master_jtag.qpf
Info: Project Name = /home/b10504072/04_WR/quartus/jtag_runtime_diag/DE5a_wr_master_jtag
Info: Revision Name = DE5a_wr_master_jtag
Warning (292006): Can't contact license server "5280@lsncku" -- this server will be ignored.
Warning (292006): Can't contact license server "5280@lsnchu" -- this server will be ignored.
Warning (292006): Can't contact license server "5280@lscic" -- this server will be ignored.
Warning (292006): Can't contact license server "5280@lsnctu" -- this server will be ignored.
Warning (292006): Can't contact license server "5280@lsncu" -- this server will be ignored.
Warning (292006): Can't contact license server "5280@lsntu" -- this server will be ignored.
Warning (292006): Can't contact license server "5280@lstc" -- this server will be ignored.
Warning (292006): Can't contact license server "26585@lshc" -- this server will be ignored.
Warning (292006): Can't contact license server "5280@lsncku" -- this server will be ignored.
Warning (292006): Can't contact license server "5280@lsnchu" -- this server will be ignored.
Warning (292006): Can't contact license server "5280@lscic" -- this server will be ignored.
Warning (292006): Can't contact license server "5280@lsnctu" -- this server will be ignored.
Warning (292006): Can't contact license server "5280@lsncu" -- this server will be ignored.
Warning (292006): Can't contact license server "5280@lsntu" -- this server will be ignored.
Warning (292006): Can't contact license server "5280@lstc" -- this server will be ignored.
Warning (292006): Can't contact license server "26585@lshc" -- this server will be ignored.
Error (292027): Specified license does not contain information required to run the Quartus Prime software.
Error (293001): Quartus Prime Full Compilation was unsuccessful. 1 error, 16 warnings
Error: Flow compile (for project /home/b10504072/04_WR/quartus/jtag_runtime_diag/DE5a_wr_master_jtag) was not successful
Error: ERROR: Error(s) found while running an executable. See report file(s) for error message(s). Message log indicates which executable was run last.

Error (23031): Evaluation of Tcl script /mnt/ds1515/opt/intelFPGA/17.0/quartus/common/tcl/internal/qsh_flow.tcl unsuccessful
Error: Quartus Prime Shell was unsuccessful. 5 errors, 16 warnings
    Error: Peak virtual memory: 774 megabytes
    Error: Processing ended: Tue Sep  8 10:19:33 2026
    Error: Elapsed time: 00:00:01
    Error: Total CPU time (on all processors): 00:00:00
